26182<sshd> 22:19:07 ppoll([{fd=6<TCP:[0.0.0.0:22]>, events=POLLIN}, {fd=7<TCPv6:[[::]:22]>, events=POLLIN}], 2, NULL, [], 8) = 1 ([{fd=6, revents=POLLIN}])
26182<sshd> 22:19:10 rt_sigprocmask(SIG_SETMASK, [], NULL, 8) = 0
26182<sshd> 22:19:10 accept(6<TCP:[0.0.0.0:22]>, {sa_family=AF_INET, sin_port=htons(60704), sin_addr=inet_addr("127.0.0.1")}, [128 => 16]) = 8<TCP:[127.0.0.1:22->127.0.0.1:60704]>
26182<sshd> 22:19:10 fcntl(8<TCP:[127.0.0.1:22->127.0.0.1:60704]>, F_GETFL) = 0x2 (flags O_RDWR)
26182<sshd> 22:19:10 socketpair(AF_UNIX, SOCK_STREAM, 0, [9<UNIX-STREAM:[144336->144337]>, 10<UNIX-STREAM:[144337->144336]>]) = 0
26182<sshd> 22:19:10 getpeername(8<TCP:[127.0.0.1:22->127.0.0.1:60704]>, {sa_family=AF_INET, sin_port=htons(60704), sin_addr=inet_addr("127.0.0.1")}, [128 => 16]) = 0
26182<sshd> 22:19:10 fcntl(9<UNIX-STREAM:[144336->144337]>, F_GETFL) = 0x2 (flags O_RDWR)
26182<sshd> 22:19:10 fcntl(9<UNIX-STREAM:[144336->144337]>, F_SETFL, O_RDWR|O_NONBLOCK) = 0
26182<sshd> 22:19:10 getpeername(8<TCP:[127.0.0.1:22->127.0.0.1:60704]>, {sa_family=AF_INET, sin_port=htons(60704), sin_addr=inet_addr("127.0.0.1")}, [128 => 16]) = 0
26182<sshd> 22:19:10 getsockname(8<TCP:[127.0.0.1:22->127.0.0.1:60704]>, {sa_family=AF_INET, sin_port=htons(22), sin_addr=inet_addr("127.0.0.1")}, [128 => 16]) = 0
26182<sshd> 22:19:10 getpeername(8<TCP:[127.0.0.1:22->127.0.0.1:60704]>, {sa_family=AF_INET, sin_port=htons(60704), sin_addr=inet_addr("127.0.0.1")}, [128 => 16]) = 0
26182<sshd> 22:19:10 getsockname(8<TCP:[127.0.0.1:22->127.0.0.1:60704]>, {sa_family=AF_INET, sin_port=htons(22), sin_addr=inet_addr("127.0.0.1")}, [128 => 16]) = 0
26182<sshd> 22:19:10 getpeername(8<TCP:[127.0.0.1:22->127.0.0.1:60704]>, {sa_family=AF_INET, sin_port=htons(60704), sin_addr=inet_addr("127.0.0.1")}, [128 => 16]) = 0
26182<sshd> 22:19:10 rt_sigprocmask(SIG_BLOCK, ~[], [], 8) = 0
26182<sshd> 22:19:10 clone(child_stack=NULL, flags=CLONE_CHILD_CLEARTID|CLONE_CHILD_SETTID|SIGCHLD <unfinished ...>
27397<sshd> 22:19:10 set_robust_list(0x7fcb44427e60, 24 <unfinished ...>
26182<sshd> 22:19:10 <... clone resumed>, child_tidptr=0x7fcb44427e50) = 27397<sshd>
27397<sshd> 22:19:10 <... set_robust_list resumed>) = 0
26182<sshd> 22:19:10 rt_sigprocmask(SIG_SETMASK, [] <unfinished ...>
27397<sshd> 22:19:10 rt_sigprocmask(SIG_SETMASK, [] <unfinished ...>
26182<sshd> 22:19:10 <... rt_sigprocmask resumed>, NULL, 8) = 0
27397<sshd> 22:19:10 <... rt_sigprocmask resumed>, NULL, 8) = 0
26182<sshd> 22:19:10 close(10<UNIX-STREAM:[144337->144336]> <unfinished ...>
27397<sshd> 22:19:10 openat(AT_FDCWD</>, "/proc/self/oom_score_adj", O_WRONLY|O_CREAT|O_TRUNC, 0666 <unfinished ...>
26182<sshd> 22:19:10 <... close resumed>) = 0
27397<sshd> 22:19:10 <... openat resumed>) = 11</proc/27397/oom_score_adj>
26182<sshd> 22:19:10 close(8<TCP:[127.0.0.1:22->127.0.0.1:60704]> <unfinished ...>
27397<sshd> 22:19:10 fstat(11</proc/27397/oom_score_adj> <unfinished ...>
26182<sshd> 22:19:10 <... close resumed>) = 0
27397<sshd> 22:19:10 <... fstat resumed>, {st_mode=S_IFREG|0644, st_size=0, ...}) = 0
26182<sshd> 22:19:10 getrandom( <unfinished ...>
27397<sshd> 22:19:10 write(11</proc/27397/oom_score_adj>, "0\n", 2 <unfinished ...>
26182<sshd> 22:19:10 <... getrandom resumed>"\xb1\xf0\xbe\x29\xa6\x41\xdf\x10\x9b\xdb\xcf\xa2\xb5\x56\x90\xc8\x2b\x20\x09\xa4\x55\x32\x7c\xb7\xce\xf7\xbf\xbd\xe8\x5f\xaf\xdb", 32, 0) = 32
27397<sshd> 22:19:10 <... write resumed>) = 2
27397<sshd> 22:19:10 close(11</proc/27397/oom_score_adj>) = 0
26182<sshd> 22:19:10 getpid( <unfinished ...>
27397<sshd> 22:19:10 close(9<UNIX-STREAM:[144336->144337]> <unfinished ...>
26182<sshd> 22:19:10 <... getpid resumed>) = 26182<sshd>
27397<sshd> 22:19:10 <... close resumed>) = 0
27397<sshd> 22:19:10 close(6<TCP:[0.0.0.0:22]> <unfinished ...>
26182<sshd> 22:19:10 getpid( <unfinished ...>
27397<sshd> 22:19:10 <... close resumed>) = 0
27397<sshd> 22:19:10 close(7<TCPv6:[[::]:22]>) = 0
27397<sshd> 22:19:10 close(9)           = -1 EBADF (Bad file descriptor)
27397<sshd> 22:19:10 setsid()           = 27397
27397<sshd> 22:19:10 dup2(8<TCP:[127.0.0.1:22->127.0.0.1:60704]>, 0</dev/null<char 1:3>>) = 0<TCP:[127.0.0.1:22->127.0.0.1:60704]>
27397<sshd> 22:19:10 dup2(0<TCP:[127.0.0.1:22->127.0.0.1:60704]>, 1<UNIX-STREAM:[135022->137231]>) = 1<TCP:[127.0.0.1:22->127.0.0.1:60704]>
27397<sshd> 22:19:10 close(8<TCP:[127.0.0.1:22->127.0.0.1:60704]>) = 0
27397<sshd> 22:19:10 dup2(10<UNIX-STREAM:[144337->144336]>, 4</dev/null<char 1:3>>) = 4<UNIX-STREAM:[144337->144336]>
27397<sshd> 22:19:10 close(10<UNIX-STREAM:[144337->144336]>) = 0
27397<sshd> 22:19:10 close_range(5, 2147483647, 0) = 0
27397<sshd> 22:19:10 rt_sigaction(SIGHUP, {sa_handler=SIG_IGN, sa_mask=~[RTMIN RT_1], sa_flags=SA_RESTORER|SA_RESTART, sa_restorer=0x7fcb43c1f5b0}, {sa_handler=0x5605ccd4ce40, sa_mask=~[KILL STOP RTMIN RT_1], sa_flags=SA_RESTORER|SA_RESTART, sa_restorer=0x7fcb43c1f5b0}, 8) = 0
27397<sshd> 22:19:11 execve("/usr/libexec/openssh/sshd-session", ["/usr/libexec/openssh/sshd-sessio"..., "-D", "-R"], 0x560603251090 /* 11 vars */ <unfinished ...>
26182<sshd> 22:19:11 <... getpid resumed>) = 26182<sshd>
26182<sshd> 22:19:11 rt_sigprocmask(SIG_BLOCK, [HUP QUIT TERM CHLD], [], 8) = 0
26182<sshd> 22:19:11 ppoll([{fd=6<TCP:[0.0.0.0:22]>, events=POLLIN}, {fd=7<TCPv6:[[::]:22]>, events=POLLIN}, {fd=9<UNIX-STREAM:[144336->144337]>, events=POLLIN|POLLOUT}], 3, NULL, [], 8) = 1 ([{fd=9, revents=POLLOUT}])
26182<sshd> 22:19:11 rt_sigprocmask(SIG_SETMASK, [], NULL, 8) = 0
26182<sshd> 22:19:11 write(9<UNIX-STREAM:[144336->144337]>, "\0\0\34o\0\0\0\16\373#\t$OpenBSD: sshd_config"..., 7283) = 7283
26182<sshd> 22:19:11 getpid( <unfinished ...>
27397<sshd-session> 22:19:11 <... execve resumed>) = 0
26182<sshd> 22:19:11 <... getpid resumed>) = 26182<sshd>
27397<sshd-session> 22:19:11 brk(NULL <unfinished ...>
26182<sshd> 22:19:11 getpid( <unfinished ...>
27397<sshd-session> 22:19:11 <... brk resumed>) = 0x55e0306a0000
26182<sshd> 22:19:11 <... getpid resumed>) = 26182<sshd>
26182<sshd> 22:19:11 getpid( <unfinished ...>
27397<sshd-session> 22:19:11 access("/etc/ld.so.preload", R_OK <unfinished ...>
26182<sshd> 22:19:11 <... getpid resumed>) = 26182<sshd>
27397<sshd-session> 22:19:11 <... access resumed>) = -1 ENOENT (No such file or directory)
26182<sshd> 22:19:11 getpid( <unfinished ...>
27397<sshd-session> 22:19:11 openat(AT_FDCWD</>, "/etc/ld.so.cache", O_RDONLY|O_CLOEXEC <unfinished ...>
26182<sshd> 22:19:11 <... getpid resumed>) = 26182<sshd>
27397<sshd-session> 22:19:11 <... openat resumed>) = 5</etc/ld.so.cache>
26182<sshd> 22:19:11 getpid( <unfinished ...>
27397<sshd-session> 22:19:11 fstat(5</etc/ld.so.cache> <unfinished ...>
26182<sshd> 22:19:11 <... getpid resumed>) = 26182<sshd>
27397<sshd-session> 22:19:11 <... fstat resumed>, {st_mode=S_IFREG|0644, st_size=74499, ...}) = 0
26182<sshd> 22:19:11 getpid( <unfinished ...>
27397<sshd-session> 22:19:11 mmap(NULL, 74499, PROT_READ, MAP_PRIVATE, 5</etc/ld.so.cache>, 0 <unfinished ...>
26182<sshd> 22:19:11 <... getpid resumed>) = 26182<sshd>
27397<sshd-session> 22:19:11 <... mmap resumed>) = 0x7f26d62d4000
27397<sshd-session> 22:19:11 close(5</etc/ld.so.cache>) = 0
27397<sshd-session> 22:19:11 openat(AT_FDCWD</>, "/lib64/libcrypt.so.2", O_RDONLY|O_CLOEXEC) = 5</usr/lib64/libcrypt.so.2.0.0>
27397<sshd-session> 22:19:11 read(5</usr/lib64/libcrypt.so.2.0.0>, "\177ELF\2\1\1\0\0\0\0\0\0\0\0\0\3\0>\0\1\0\0\0\0\0\0\0\0\0\0\0"..., 832) = 832
27397<sshd-session> 22:19:11 fstat(5</usr/lib64/libcrypt.so.2.0.0>, {st_mode=S_IFREG|0755, st_size=221624, ...}) = 0
27397<sshd-session> 22:19:11 mmap(NULL, 8192, PROT_READ|PROT_WRITE, MAP_PRIVATE|MAP_ANONYMOUS, -1, 0) = 0x7f26d62d2000
27397<sshd-session> 22:19:11 mmap(NULL, 217096, PROT_READ|PROT_EXEC, MAP_PRIVATE|MAP_DENYWRITE, 5</usr/lib64/libcrypt.so.2.0.0>, 0 <unfinished ...>
26182<sshd> 22:19:11 munmap(0x7fcb44462000, 16384 <unfinished ...>
27397<sshd-session> 22:19:11 <... mmap resumed>) = 0x7f26d629c000
26182<sshd> 22:19:11 <... munmap resumed>) = 0
27397<sshd-session> 22:19:11 mmap(0x7f26d62b6000, 106496, PROT_READ, MAP_PRIVATE|MAP_FIXED|MAP_DENYWRITE, 5</usr/lib64/libcrypt.so.2.0.0>, 0x1a000 <unfinished ...>
26182<sshd> 22:19:11 mmap(NULL, 16384, PROT_READ|PROT_WRITE, MAP_PRIVATE|MAP_ANONYMOUS, -1, 0 <unfinished ...>
27397<sshd-session> 22:19:11 <... mmap resumed>) = 0x7f26d62b6000
26182<sshd> 22:19:11 <... mmap resumed>) = 0x7fcb44462000
27397<sshd-session> 22:19:11 mmap(0x7f26d62d0000, 4096, PROT_READ|PROT_WRITE, MAP_PRIVATE|MAP_FIXED|MAP_DENYWRITE, 5</usr/lib64/libcrypt.so.2.0.0>, 0x34000 <unfinished ...>
26182<sshd> 22:19:11 madvise(0x7fcb44462000, 16384, MADV_DONTDUMP <unfinished ...>
27397<sshd-session> 22:19:11 <... mmap resumed>) = 0x7f26d62d0000
26182<sshd> 22:19:11 <... madvise resumed>) = 0
27397<sshd-session> 22:19:11 mmap(0x7f26d62d1000, 8, PROT_READ|PROT_WRITE, MAP_PRIVATE|MAP_FIXED|MAP_ANONYMOUS, -1, 0) = 0x7f26d62d1000
26182<sshd> 22:19:11 munmap(0x7fcb4445e000, 16384 <unfinished ...>
27397<sshd-session> 22:19:11 close(5</usr/lib64/libcrypt.so.2.0.0>) = 0
26182<sshd> 22:19:11 <... munmap resumed>) = 0
27397<sshd-session> 22:19:11 openat(AT_FDCWD</>, "/lib64/libaudit.so.1", O_RDONLY|O_CLOEXEC <unfinished ...>
26182<sshd> 22:19:11 mmap(NULL, 16384, PROT_READ|PROT_WRITE, MAP_PRIVATE|MAP_ANONYMOUS, -1, 0 <unfinished ...>
27397<sshd-session> 22:19:11 <... openat resumed>) = 5</usr/lib64/libaudit.so.1.0.0>
27397<sshd-session> 22:19:11 read(5</usr/lib64/libaudit.so.1.0.0> <unfinished ...>
26182<sshd> 22:19:11 <... mmap resumed>) = 0x7fcb4445e000
27397<sshd-session> 22:19:11 <... read resumed>, "\177ELF\2\1\1\0\0\0\0\0\0\0\0\0\3\0>\0\1\0\0\0\0\0\0\0\0\0\0\0"..., 832) = 832
26182<sshd> 22:19:11 madvise(0x7fcb4445e000, 16384, MADV_DONTDUMP <unfinished ...>
27397<sshd-session> 22:19:11 fstat(5</usr/lib64/libaudit.so.1.0.0> <unfinished ...>
26182<sshd> 22:19:11 <... madvise resumed>) = 0
27397<sshd-session> 22:19:11 <... fstat resumed>, {st_mode=S_IFREG|0755, st_size=179936, ...}) = 0
26182<sshd> 22:19:11 munmap(0x7fcb4445a000, 16384 <unfinished ...>
27397<sshd-session> 22:19:11 mmap(NULL, 229824, PROT_READ|PROT_EXEC, MAP_PRIVATE|MAP_DENYWRITE, 5</usr/lib64/libaudit.so.1.0.0>, 0 <unfinished ...>
26182<sshd> 22:19:11 <... munmap resumed>) = 0
27397<sshd-session> 22:19:11 <... mmap resumed>) = 0x7f26d6263000
26182<sshd> 22:19:11 mmap(NULL, 16384, PROT_READ|PROT_WRITE, MAP_PRIVATE|MAP_ANONYMOUS, -1, 0 <unfinished ...>
27397<sshd-session> 22:19:11 mmap(0x7f26d6271000, 118784, PROT_READ, MAP_PRIVATE|MAP_FIXED|MAP_DENYWRITE, 5</usr/lib64/libaudit.so.1.0.0>, 0xe000 <unfinished ...>
26182<sshd> 22:19:11 <... mmap resumed>) = 0x7fcb4445a000
27397<sshd-session> 22:19:11 <... mmap resumed>) = 0x7f26d6271000
26182<sshd> 22:19:11 madvise(0x7fcb4445a000, 16384, MADV_DONTDUMP <unfinished ...>
27397<sshd-session> 22:19:11 mmap(0x7f26d628e000, 8192, PROT_READ|PROT_WRITE, MAP_PRIVATE|MAP_FIXED|MAP_DENYWRITE, 5</usr/lib64/libaudit.so.1.0.0>, 0x2a000 <unfinished ...>
26182<sshd> 22:19:11 <... madvise resumed>) = 0
27397<sshd-session> 22:19:11 <... mmap resumed>) = 0x7f26d628e000
26182<sshd> 22:19:11 rt_sigprocmask(SIG_BLOCK, [HUP QUIT TERM CHLD] <unfinished ...>
27397<sshd-session> 22:19:11 mmap(0x7f26d6290000, 45504, PROT_READ|PROT_WRITE, MAP_PRIVATE|MAP_FIXED|MAP_ANONYMOUS, -1, 0 <unfinished ...>
26182<sshd> 22:19:11 <... rt_sigprocmask resumed>, [], 8) = 0
27397<sshd-session> 22:19:11 <... mmap resumed>) = 0x7f26d6290000
26182<sshd> 22:19:11 ppoll([{fd=6<TCP:[0.0.0.0:22]>, events=POLLIN}, {fd=7<TCPv6:[[::]:22]>, events=POLLIN}, {fd=9<UNIX-STREAM:[144336->144337]>, events=POLLIN|POLLOUT}], 3, NULL, [], 8 <unfinished ...>
27397<sshd-session> 22:19:11 close(5</usr/lib64/libaudit.so.1.0.0> <unfinished ...>
26182<sshd> 22:19:11 <... ppoll resumed>) = 1 ([{fd=9, revents=POLLOUT}])
27397<sshd-session> 22:19:11 <... close resumed>) = 0
26182<sshd> 22:19:11 rt_sigprocmask(SIG_SETMASK, [] <unfinished ...>
27397<sshd-session> 22:19:11 openat(AT_FDCWD</>, "/lib64/libpam.so.0", O_RDONLY|O_CLOEXEC <unfinished ...>
26182<sshd> 22:19:11 <... rt_sigprocmask resumed>, NULL, 8) = 0
27397<sshd-session> 22:19:11 <... openat resumed>) = 5</usr/lib64/libpam.so.0.85.1>
26182<sshd> 22:19:11 write(9<UNIX-STREAM:[144336->144337]>, "\0\0\10\307\0\0\0\10\302\0\0\5i\0\0\0\7ssh-rsa\0\0\1\201\0\264w\210"..., 2251 <unfinished ...>
27397<sshd-session> 22:19:11 read(5</usr/lib64/libpam.so.0.85.1> <unfinished ...>
26182<sshd> 22:19:11 <... write resumed>) = 2251
27397<sshd-session> 22:19:11 <... read resumed>, "\177ELF\2\1\1\0\0\0\0\0\0\0\0\0\3\0>\0\1\0\0\0\0\0\0\0\0\0\0\0"..., 832) = 832
26182<sshd> 22:19:11 rt_sigprocmask(SIG_BLOCK, [HUP QUIT TERM CHLD] <unfinished ...>
27397<sshd-session> 22:19:11 fstat(5</usr/lib64/libpam.so.0.85.1> <unfinished ...>
26182<sshd> 22:19:11 <... rt_sigprocmask resumed>, [], 8) = 0
27397<sshd-session> 22:19:11 <... fstat resumed>, {st_mode=S_IFREG|0755, st_size=69712, ...}) = 0
26182<sshd> 22:19:11 ppoll([{fd=6<TCP:[0.0.0.0:22]>, events=POLLIN}, {fd=7<TCPv6:[[::]:22]>, events=POLLIN}, {fd=9<UNIX-STREAM:[144336->144337]>, events=POLLIN}], 3, NULL, [], 8 <unfinished ...>
27397<sshd-session> 22:19:11 mmap(NULL, 69648, PROT_READ|PROT_EXEC, MAP_PRIVATE|MAP_DENYWRITE, 5</usr/lib64/libpam.so.0.85.1>, 0) = 0x7f26d6251000
27397<sshd-session> 22:19:11 mmap(0x7f26d625b000, 24576, PROT_READ, MAP_PRIVATE|MAP_FIXED|MAP_DENYWRITE, 5</usr/lib64/libpam.so.0.85.1>, 0xa000) = 0x7f26d625b000
27397<sshd-session> 22:19:11 mmap(0x7f26d6261000, 8192, PROT_READ|PROT_WRITE, MAP_PRIVATE|MAP_FIXED|MAP_DENYWRITE, 5</usr/lib64/libpam.so.0.85.1>, 0xf000) = 0x7f26d6261000
27397<sshd-session> 22:19:11 close(5</usr/lib64/libpam.so.0.85.1>) = 0
27397<sshd-session> 22:19:11 openat(AT_FDCWD</>, "/lib64/libselinux.so.1", O_RDONLY|O_CLOEXEC) = 5</usr/lib64/libselinux.so.1>
27397<sshd-session> 22:19:11 read(5</usr/lib64/libselinux.so.1>, "\177ELF\2\1\1\0\0\0\0\0\0\0\0\0\3\0>\0\1\0\0\0\0\0\0\0\0\0\0\0"..., 832) = 832
27397<sshd-session> 22:19:11 fstat(5</usr/lib64/libselinux.so.1>, {st_mode=S_IFREG|0755, st_size=204752, ...}) = 0
27397<sshd-session> 22:19:11 mmap(NULL, 206288, PROT_READ|PROT_EXEC, MAP_PRIVATE|MAP_DENYWRITE, 5</usr/lib64/libselinux.so.1>, 0) = 0x7f26d621e000
27397<sshd-session> 22:19:11 mmap(0x7f26d623f000, 57344, PROT_READ, MAP_PRIVATE|MAP_FIXED|MAP_DENYWRITE, 5</usr/lib64/libselinux.so.1>, 0x21000) = 0x7f26d623f000
27397<sshd-session> 22:19:11 mmap(0x7f26d624d000, 8192, PROT_READ|PROT_WRITE, MAP_PRIVATE|MAP_FIXED|MAP_DENYWRITE, 5</usr/lib64/libselinux.so.1>, 0x2f000) = 0x7f26d624d000
27397<sshd-session> 22:19:11 mmap(0x7f26d624f000, 5584, PROT_READ|PROT_WRITE, MAP_PRIVATE|MAP_FIXED|MAP_ANONYMOUS, -1, 0) = 0x7f26d624f000
27397<sshd-session> 22:19:11 close(5</usr/lib64/libselinux.so.1>) = 0
27397<sshd-session> 22:19:11 openat(AT_FDCWD</>, "/lib64/libgssapi_krb5.so.2", O_RDONLY|O_CLOEXEC) = 5</usr/lib64/libgssapi_krb5.so.2.2>
27397<sshd-session> 22:19:11 read(5</usr/lib64/libgssapi_krb5.so.2.2>, "\177ELF\2\1\1\0\0\0\0\0\0\0\0\0\3\0>\0\1\0\0\0\0\0\0\0\0\0\0\0"..., 832) = 832
27397<sshd-session> 22:19:11 fstat(5</usr/lib64/libgssapi_krb5.so.2.2>, {st_mode=S_IFREG|0755, st_size=375584, ...}) = 0
27397<sshd-session> 22:19:11 mmap(NULL, 371464, PROT_READ|PROT_EXEC, MAP_PRIVATE|MAP_DENYWRITE, 5</usr/lib64/libgssapi_krb5.so.2.2>, 0) = 0x7f26d61c3000
27397<sshd-session> 22:19:11 mmap(0x7f26d6205000, 86016, PROT_READ, MAP_PRIVATE|MAP_FIXED|MAP_DENYWRITE, 5</usr/lib64/libgssapi_krb5.so.2.2>, 0x42000) = 0x7f26d6205000
27397<sshd-session> 22:19:11 mmap(0x7f26d621a000, 16384, PROT_READ|PROT_WRITE, MAP_PRIVATE|MAP_FIXED|MAP_DENYWRITE, 5</usr/lib64/libgssapi_krb5.so.2.2>, 0x56000) = 0x7f26d621a000
27397<sshd-session> 22:19:11 close(5</usr/lib64/libgssapi_krb5.so.2.2>) = 0
27397<sshd-session> 22:19:11 openat(AT_FDCWD</>, "/lib64/libkrb5.so.3", O_RDONLY|O_CLOEXEC) = 5</usr/lib64/libkrb5.so.3.3>
27397<sshd-session> 22:19:11 read(5</usr/lib64/libkrb5.so.3.3>, "\177ELF\2\1\1\0\0\0\0\0\0\0\0\0\3\0>\0\1\0\0\0\0\0\0\0\0\0\0\0"..., 832) = 832
27397<sshd-session> 22:19:11 fstat(5</usr/lib64/libkrb5.so.3.3>, {st_mode=S_IFREG|0755, st_size=874144, ...}) = 0
27397<sshd-session> 22:19:11 mmap(NULL, 856888, PROT_READ|PROT_EXEC, MAP_PRIVATE|MAP_DENYWRITE, 5</usr/lib64/libkrb5.so.3.3>, 0) = 0x7f26d60f1000
27397<sshd-session> 22:19:11 mmap(0x7f26d6165000, 319488, PROT_READ, MAP_PRIVATE|MAP_FIXED|MAP_DENYWRITE, 5</usr/lib64/libkrb5.so.3.3>, 0x74000) = 0x7f26d6165000
27397<sshd-session> 22:19:11 mmap(0x7f26d61b3000, 65536, PROT_READ|PROT_WRITE, MAP_PRIVATE|MAP_FIXED|MAP_DENYWRITE, 5</usr/lib64/libkrb5.so.3.3>, 0xc2000) = 0x7f26d61b3000
27397<sshd-session> 22:19:11 close(5</usr/lib64/libkrb5.so.3.3>) = 0
27397<sshd-session> 22:19:11 openat(AT_FDCWD</>, "/lib64/libcom_err.so.2", O_RDONLY|O_CLOEXEC) = 5</usr/lib64/libcom_err.so.2.1>
27397<sshd-session> 22:19:11 read(5</usr/lib64/libcom_err.so.2.1>, "\177ELF\2\1\1\0\0\0\0\0\0\0\0\0\3\0>\0\1\0\0\0\0\0\0\0\0\0\0\0"..., 832) = 832
27397<sshd-session> 22:19:11 fstat(5</usr/lib64/libcom_err.so.2.1>, {st_mode=S_IFREG|0755, st_size=19872, ...}) = 0
27397<sshd-session> 22:19:11 mmap(NULL, 8192, PROT_READ|PROT_WRITE, MAP_PRIVATE|MAP_ANONYMOUS, -1, 0) = 0x7f26d60ef000
27397<sshd-session> 22:19:11 mmap(NULL, 20544, PROT_READ|PROT_EXEC, MAP_PRIVATE|MAP_DENYWRITE, 5</usr/lib64/libcom_err.so.2.1>, 0) = 0x7f26d60e9000
27397<sshd-session> 22:19:11 mmap(0x7f26d60eb000, 8192, PROT_READ, MAP_PRIVATE|MAP_FIXED|MAP_DENYWRITE, 5</usr/lib64/libcom_err.so.2.1>, 0x2000) = 0x7f26d60eb000
27397<sshd-session> 22:19:11 mmap(0x7f26d60ed000, 8192, PROT_READ|PROT_WRITE, MAP_PRIVATE|MAP_FIXED|MAP_DENYWRITE, 5</usr/lib64/libcom_err.so.2.1>, 0x3000) = 0x7f26d60ed000
27397<sshd-session> 22:19:11 close(5</usr/lib64/libcom_err.so.2.1>) = 0
27397<sshd-session> 22:19:11 openat(AT_FDCWD</>, "/lib64/libcrypto.so.3", O_RDONLY|O_CLOEXEC) = 5</usr/lib64/libcrypto.so.3.5.5>
27397<sshd-session> 22:19:11 read(5</usr/lib64/libcrypto.so.3.5.5>, "\177ELF\2\1\1\0\0\0\0\0\0\0\0\0\3\0>\0\1\0\0\0\0\0\0\0\0\0\0\0"..., 832) = 832
27397<sshd-session> 22:19:11 fstat(5</usr/lib64/libcrypto.so.3.5.5>, {st_mode=S_IFREG|0755, st_size=5774096, ...}) = 0
27397<sshd-session> 22:19:11 mmap(NULL, 5663248, PROT_READ|PROT_EXEC, MAP_PRIVATE|MAP_DENYWRITE, 5</usr/lib64/libcrypto.so.3.5.5>, 0) = 0x7f26d5a00000
27397<sshd-session> 22:19:11 mmap(0x7f26d5d80000, 1482752, PROT_READ, MAP_PRIVATE|MAP_FIXED|MAP_DENYWRITE, 5</usr/lib64/libcrypto.so.3.5.5>, 0x380000) = 0x7f26d5d80000
27397<sshd-session> 22:19:11 mmap(0x7f26d5eea000, 499712, PROT_READ|PROT_WRITE, MAP_PRIVATE|MAP_FIXED|MAP_DENYWRITE, 5</usr/lib64/libcrypto.so.3.5.5>, 0x4ea000) = 0x7f26d5eea000
27397<sshd-session> 22:19:11 mmap(0x7f26d5f64000, 10768, PROT_READ|PROT_WRITE, MAP_PRIVATE|MAP_FIXED|MAP_ANONYMOUS, -1, 0) = 0x7f26d5f64000
27397<sshd-session> 22:19:11 close(5</usr/lib64/libcrypto.so.3.5.5>) = 0
27397<sshd-session> 22:19:11 openat(AT_FDCWD</>, "/lib64/libz.so.1", O_RDONLY|O_CLOEXEC) = 5</usr/lib64/libz.so.1.3.1.zlib-ng>
27397<sshd-session> 22:19:11 read(5</usr/lib64/libz.so.1.3.1.zlib-ng>, "\177ELF\2\1\1\0\0\0\0\0\0\0\0\0\3\0>\0\1\0\0\0\0\0\0\0\0\0\0\0"..., 832) = 832
27397<sshd-session> 22:19:11 fstat(5</usr/lib64/libz.so.1.3.1.zlib-ng>, {st_mode=S_IFREG|0755, st_size=169544, ...}) = 0
27397<sshd-session> 22:19:11 mmap(NULL, 168056, PROT_READ|PROT_EXEC, MAP_PRIVATE|MAP_DENYWRITE, 5</usr/lib64/libz.so.1.3.1.zlib-ng>, 0) = 0x7f26d60bf000
27397<sshd-session> 22:19:11 mmap(0x7f26d60dc000, 45056, PROT_READ, MAP_PRIVATE|MAP_FIXED|MAP_DENYWRITE, 5</usr/lib64/libz.so.1.3.1.zlib-ng>, 0x1d000) = 0x7f26d60dc000
27397<sshd-session> 22:19:11 mmap(0x7f26d60e7000, 8192, PROT_READ|PROT_WRITE, MAP_PRIVATE|MAP_FIXED|MAP_DENYWRITE, 5</usr/lib64/libz.so.1.3.1.zlib-ng>, 0x27000) = 0x7f26d60e7000
27397<sshd-session> 22:19:11 close(5</usr/lib64/libz.so.1.3.1.zlib-ng>) = 0
27397<sshd-session> 22:19:11 openat(AT_FDCWD</>, "/lib64/libc.so.6", O_RDONLY|O_CLOEXEC) = 5</usr/lib64/libc.so.6>
27397<sshd-session> 22:19:11 read(5</usr/lib64/libc.so.6>, "\177ELF\2\1\1\3\0\0\0\0\0\0\0\0\3\0>\0\1\0\0\0\2408\0\0\0\0\0\0"..., 832) = 832
27397<sshd-session> 22:19:11 pread64(5</usr/lib64/libc.so.6>, "\6\0\0\0\4\0\0\0@\0\0\0\0\0\0\0@\0\0\0\0\0\0\0@\0\0\0\0\0\0\0"..., 784, 64) = 784
27397<sshd-session> 22:19:11 fstat(5</usr/lib64/libc.so.6>, {st_mode=S_IFREG|0755, st_size=2490288, ...}) = 0
27397<sshd-session> 22:19:11 pread64(5</usr/lib64/libc.so.6>, "\6\0\0\0\4\0\0\0@\0\0\0\0\0\0\0@\0\0\0\0\0\0\0@\0\0\0\0\0\0\0"..., 784, 64) = 784
27397<sshd-session> 22:19:11 mmap(NULL, 2075504, PROT_READ|PROT_EXEC, MAP_PRIVATE|MAP_DENYWRITE, 5</usr/lib64/libc.so.6>, 0) = 0x7f26d5805000
27397<sshd-session> 22:19:11 mmap(0x7f26d5979000, 495616, PROT_READ, MAP_PRIVATE|MAP_FIXED|MAP_DENYWRITE, 5</usr/lib64/libc.so.6>, 0x174000) = 0x7f26d5979000
27397<sshd-session> 22:19:11 mmap(0x7f26d59f2000, 24576, PROT_READ|PROT_WRITE, MAP_PRIVATE|MAP_FIXED|MAP_DENYWRITE, 5</usr/lib64/libc.so.6>, 0x1ed000) = 0x7f26d59f2000
27397<sshd-session> 22:19:11 mmap(0x7f26d59f8000, 31600, PROT_READ|PROT_WRITE, MAP_PRIVATE|MAP_FIXED|MAP_ANONYMOUS, -1, 0) = 0x7f26d59f8000
27397<sshd-session> 22:19:11 close(5</usr/lib64/libc.so.6>) = 0
27397<sshd-session> 22:19:11 openat(AT_FDCWD</>, "/lib64/libcap-ng.so.0", O_RDONLY|O_CLOEXEC) = 5</usr/lib64/libcap-ng.so.0.0.0>
27397<sshd-session> 22:19:11 read(5</usr/lib64/libcap-ng.so.0.0.0>, "\177ELF\2\1\1\0\0\0\0\0\0\0\0\0\3\0>\0\1\0\0\0\0\0\0\0\0\0\0\0"..., 832) = 832
27397<sshd-session> 22:19:11 fstat(5</usr/lib64/libcap-ng.so.0.0.0>, {st_mode=S_IFREG|0755, st_size=32200, ...}) = 0
27397<sshd-session> 22:19:11 mmap(NULL, 28696, PROT_READ|PROT_EXEC, MAP_PRIVATE|MAP_DENYWRITE, 5</usr/lib64/libcap-ng.so.0.0.0>, 0) = 0x7f26d60b7000
27397<sshd-session> 22:19:11 mmap(0x7f26d60bb000, 8192, PROT_READ, MAP_PRIVATE|MAP_FIXED|MAP_DENYWRITE, 5</usr/lib64/libcap-ng.so.0.0.0>, 0x4000) = 0x7f26d60bb000
27397<sshd-session> 22:19:11 mmap(0x7f26d60bd000, 4096, PROT_READ|PROT_WRITE, MAP_PRIVATE|MAP_FIXED|MAP_DENYWRITE, 5</usr/lib64/libcap-ng.so.0.0.0>, 0x6000) = 0x7f26d60bd000
27397<sshd-session> 22:19:11 mmap(0x7f26d60be000, 24, PROT_READ|PROT_WRITE, MAP_PRIVATE|MAP_FIXED|MAP_ANONYMOUS, -1, 0) = 0x7f26d60be000
27397<sshd-session> 22:19:11 close(5</usr/lib64/libcap-ng.so.0.0.0>) = 0
27397<sshd-session> 22:19:11 openat(AT_FDCWD</>, "/lib64/libeconf.so.0", O_RDONLY|O_CLOEXEC) = 5</usr/lib64/libeconf.so.0.7.9>
27397<sshd-session> 22:19:11 read(5</usr/lib64/libeconf.so.0.7.9>, "\177ELF\2\1\1\0\0\0\0\0\0\0\0\0\3\0>\0\1\0\0\0\0\0\0\0\0\0\0\0"..., 832) = 832
27397<sshd-session> 22:19:11 fstat(5</usr/lib64/libeconf.so.0.7.9>, {st_mode=S_IFREG|0755, st_size=53232, ...}) = 0
27397<sshd-session> 22:19:11 mmap(NULL, 54400, PROT_READ|PROT_EXEC, MAP_PRIVATE|MAP_DENYWRITE, 5</usr/lib64/libeconf.so.0.7.9>, 0) = 0x7f26d60a9000
27397<sshd-session> 22:19:11 mmap(0x7f26d60b1000, 16384, PROT_READ, MAP_PRIVATE|MAP_FIXED|MAP_DENYWRITE, 5</usr/lib64/libeconf.so.0.7.9>, 0x8000) = 0x7f26d60b1000
27397<sshd-session> 22:19:11 mmap(0x7f26d60b5000, 8192, PROT_READ|PROT_WRITE, MAP_PRIVATE|MAP_FIXED|MAP_DENYWRITE, 5</usr/lib64/libeconf.so.0.7.9>, 0xb000) = 0x7f26d60b5000
27397<sshd-session> 22:19:11 close(5</usr/lib64/libeconf.so.0.7.9>) = 0
27397<sshd-session> 22:19:11 openat(AT_FDCWD</>, "/lib64/libpcre2-8.so.0", O_RDONLY|O_CLOEXEC) = 5</usr/lib64/libpcre2-8.so.0.15.0>
27397<sshd-session> 22:19:11 read(5</usr/lib64/libpcre2-8.so.0.15.0>, "\177ELF\2\1\1\0\0\0\0\0\0\0\0\0\3\0>\0\1\0\0\0\0\0\0\0\0\0\0\0"..., 832) = 832
27397<sshd-session> 22:19:11 fstat(5</usr/lib64/libpcre2-8.so.0.15.0>, {st_mode=S_IFREG|0755, st_size=724280, ...}) = 0
27397<sshd-session> 22:19:11 mmap(NULL, 8192, PROT_READ|PROT_WRITE, MAP_PRIVATE|MAP_ANONYMOUS, -1, 0) = 0x7f26d60a7000
27397<sshd-session> 22:19:11 mmap(NULL, 721368, PROT_READ|PROT_EXEC, MAP_PRIVATE|MAP_DENYWRITE, 5</usr/lib64/libpcre2-8.so.0.15.0>, 0) = 0x7f26d5ff6000
27397<sshd-session> 22:19:11 mmap(0x7f26d6077000, 188416, PROT_READ, MAP_PRIVATE|MAP_FIXED|MAP_DENYWRITE, 5</usr/lib64/libpcre2-8.so.0.15.0>, 0x81000) = 0x7f26d6077000
27397<sshd-session> 22:19:11 mmap(0x7f26d60a5000, 8192, PROT_READ|PROT_WRITE, MAP_PRIVATE|MAP_FIXED|MAP_DENYWRITE, 5</usr/lib64/libpcre2-8.so.0.15.0>, 0xae000) = 0x7f26d60a5000
27397<sshd-session> 22:19:11 close(5</usr/lib64/libpcre2-8.so.0.15.0>) = 0
27397<sshd-session> 22:19:11 openat(AT_FDCWD</>, "/lib64/libk5crypto.so.3", O_RDONLY|O_CLOEXEC) = 5</usr/lib64/libk5crypto.so.3.1>
27397<sshd-session> 22:19:11 read(5</usr/lib64/libk5crypto.so.3.1>, "\177ELF\2\1\1\0\0\0\0\0\0\0\0\0\3\0>\0\1\0\0\0\0\0\0\0\0\0\0\0"..., 832) = 832
27397<sshd-session> 22:19:11 fstat(5</usr/lib64/libk5crypto.so.3.1>, {st_mode=S_IFREG|0755, st_size=95176, ...}) = 0
27397<sshd-session> 22:19:11 mmap(NULL, 94256, PROT_READ|PROT_EXEC, MAP_PRIVATE|MAP_DENYWRITE, 5</usr/lib64/libk5crypto.so.3.1>, 0) = 0x7f26d5fde000
27397<sshd-session> 22:19:11 mmap(0x7f26d5fec000, 28672, PROT_READ, MAP_PRIVATE|MAP_FIXED|MAP_DENYWRITE, 5</usr/lib64/libk5crypto.so.3.1>, 0xe000) = 0x7f26d5fec000
27397<sshd-session> 22:19:11 mmap(0x7f26d5ff3000, 8192, PROT_READ|PROT_WRITE, MAP_PRIVATE|MAP_FIXED|MAP_DENYWRITE, 5</usr/lib64/libk5crypto.so.3.1>, 0x14000) = 0x7f26d5ff3000
27397<sshd-session> 22:19:11 mmap(0x7f26d5ff5000, 48, PROT_READ|PROT_WRITE, MAP_PRIVATE|MAP_FIXED|MAP_ANONYMOUS, -1, 0) = 0x7f26d5ff5000
27397<sshd-session> 22:19:11 close(5</usr/lib64/libk5crypto.so.3.1>) = 0
27397<sshd-session> 22:19:11 openat(AT_FDCWD</>, "/lib64/libkrb5support.so.0", O_RDONLY|O_CLOEXEC) = 5</usr/lib64/libkrb5support.so.0.1>
27397<sshd-session> 22:19:11 read(5</usr/lib64/libkrb5support.so.0.1>, "\177ELF\2\1\1\0\0\0\0\0\0\0\0\0\3\0>\0\1\0\0\0\0\0\0\0\0\0\0\0"..., 832) = 832
27397<sshd-session> 22:19:11 fstat(5</usr/lib64/libkrb5support.so.0.1>, {st_mode=S_IFREG|0755, st_size=66368, ...}) = 0
27397<sshd-session> 22:19:11 mmap(NULL, 66160, PROT_READ|PROT_EXEC, MAP_PRIVATE|MAP_DENYWRITE, 5</usr/lib64/libkrb5support.so.0.1>, 0) = 0x7f26d5fcd000
27397<sshd-session> 22:19:11 mmap(0x7f26d5fd6000, 24576, PROT_READ, MAP_PRIVATE|MAP_FIXED|MAP_DENYWRITE, 5</usr/lib64/libkrb5support.so.0.1>, 0x9000) = 0x7f26d5fd6000
27397<sshd-session> 22:19:11 mmap(0x7f26d5fdc000, 8192, PROT_READ|PROT_WRITE, MAP_PRIVATE|MAP_FIXED|MAP_DENYWRITE, 5</usr/lib64/libkrb5support.so.0.1>, 0xe000) = 0x7f26d5fdc000
27397<sshd-session> 22:19:11 close(5</usr/lib64/libkrb5support.so.0.1>) = 0
27397<sshd-session> 22:19:11 openat(AT_FDCWD</>, "/lib64/libkeyutils.so.1", O_RDONLY|O_CLOEXEC) = 5</usr/lib64/libkeyutils.so.1.10>
27397<sshd-session> 22:19:11 read(5</usr/lib64/libkeyutils.so.1.10>, "\177ELF\2\1\1\0\0\0\0\0\0\0\0\0\3\0>\0\1\0\0\0\0\0\0\0\0\0\0\0"..., 832) = 832
27397<sshd-session> 22:19:11 fstat(5</usr/lib64/libkeyutils.so.1.10>, {st_mode=S_IFREG|0755, st_size=24192, ...}) = 0
27397<sshd-session> 22:19:11 mmap(NULL, 20488, PROT_READ|PROT_EXEC, MAP_PRIVATE|MAP_DENYWRITE, 5</usr/lib64/libkeyutils.so.1.10>, 0) = 0x7f26d5fc7000
27397<sshd-session> 22:19:11 mmap(0x7f26d5fc9000, 8192, PROT_READ, MAP_PRIVATE|MAP_FIXED|MAP_DENYWRITE, 5</usr/lib64/libkeyutils.so.1.10>, 0x2000) = 0x7f26d5fc9000
27397<sshd-session> 22:19:11 mmap(0x7f26d5fcb000, 4096, PROT_READ|PROT_WRITE, MAP_PRIVATE|MAP_FIXED|MAP_DENYWRITE, 5</usr/lib64/libkeyutils.so.1.10>, 0x4000) = 0x7f26d5fcb000
27397<sshd-session> 22:19:11 mmap(0x7f26d5fcc000, 8, PROT_READ|PROT_WRITE, MAP_PRIVATE|MAP_FIXED|MAP_ANONYMOUS, -1, 0) = 0x7f26d5fcc000
27397<sshd-session> 22:19:11 close(5</usr/lib64/libkeyutils.so.1.10>) = 0
27397<sshd-session> 22:19:11 openat(AT_FDCWD</>, "/lib64/libresolv.so.2", O_RDONLY|O_CLOEXEC) = 5</usr/lib64/libresolv.so.2>
27397<sshd-session> 22:19:11 read(5</usr/lib64/libresolv.so.2>, "\177ELF\2\1\1\0\0\0\0\0\0\0\0\0\3\0>\0\1\0\0\0\0\0\0\0\0\0\0\0"..., 832) = 832
27397<sshd-session> 22:19:11 fstat(5</usr/lib64/libresolv.so.2>, {st_mode=S_IFREG|0755, st_size=69992, ...}) = 0
27397<sshd-session> 22:19:11 mmap(NULL, 75912, PROT_READ|PROT_EXEC, MAP_PRIVATE|MAP_DENYWRITE, 5</usr/lib64/libresolv.so.2>, 0) = 0x7f26d5fb4000
27397<sshd-session> 22:19:11 mmap(0x7f26d5fbe000, 20480, PROT_READ, MAP_PRIVATE|MAP_FIXED|MAP_DENYWRITE, 5</usr/lib64/libresolv.so.2>, 0xa000) = 0x7f26d5fbe000
27397<sshd-session> 22:19:11 mmap(0x7f26d5fc3000, 8192, PROT_READ|PROT_WRITE, MAP_PRIVATE|MAP_FIXED|MAP_DENYWRITE, 5</usr/lib64/libresolv.so.2>, 0xf000) = 0x7f26d5fc3000
27397<sshd-session> 22:19:11 mmap(0x7f26d5fc5000, 6280, PROT_READ|PROT_WRITE, MAP_PRIVATE|MAP_FIXED|MAP_ANONYMOUS, -1, 0) = 0x7f26d5fc5000
27397<sshd-session> 22:19:11 close(5</usr/lib64/libresolv.so.2>) = 0
27397<sshd-session> 22:19:11 mmap(NULL, 8192, PROT_READ|PROT_WRITE, MAP_PRIVATE|MAP_ANONYMOUS, -1, 0) = 0x7f26d5fb2000
27397<sshd-session> 22:19:11 mmap(NULL, 8192, PROT_READ|PROT_WRITE, MAP_PRIVATE|MAP_ANONYMOUS, -1, 0) = 0x7f26d5fb0000
27397<sshd-session> 22:19:11 arch_prctl(ARCH_SET_FS, 0x7f26d5fb1340) = 0
27397<sshd-session> 22:19:11 set_tid_address(0x7f26d5fb1968) = 27397<sshd-session>
27397<sshd-session> 22:19:11 set_robust_list(0x7f26d5fb1620, 24) = 0
27397<sshd-session> 22:19:11 rseq({cpu_id_start=0, cpu_id=RSEQ_CPU_ID_UNINITIALIZED, rseq_cs=NULL, flags=0, node_id=0, mm_cid=0, slice_ctrl={request=0, granted=0, __reserved=0}, __reserved=0}, 32, 0, 0x53053053) = 0
27397<sshd-session> 22:19:11 mprotect(0x7f26d59f2000, 16384, PROT_READ) = 0
27397<sshd-session> 22:19:11 mprotect(0x7f26d5fc3000, 4096, PROT_READ) = 0
27397<sshd-session> 22:19:11 mprotect(0x7f26d5fcb000, 4096, PROT_READ) = 0
27397<sshd-session> 22:19:11 mprotect(0x7f26d60e7000, 4096, PROT_READ) = 0
27397<sshd-session> 22:19:11 mprotect(0x7f26d5eea000, 487424, PROT_READ) = 0
27397<sshd-session> 22:19:11 mprotect(0x7f26d60a5000, 4096, PROT_READ) = 0
27397<sshd-session> 22:19:11 mprotect(0x7f26d624d000, 4096, PROT_READ) = 0
27397<sshd-session> 22:19:11 mprotect(0x7f26d5fdc000, 4096, PROT_READ) = 0
27397<sshd-session> 22:19:11 mprotect(0x7f26d5ff3000, 8192, PROT_READ) = 0
27397<sshd-session> 22:19:11 mprotect(0x7f26d60b5000, 4096, PROT_READ) = 0
27397<sshd-session> 22:19:11 mprotect(0x7f26d60bd000, 4096, PROT_READ) = 0
27397<sshd-session> 22:19:11 mprotect(0x7f26d60ed000, 4096, PROT_READ) = 0
27397<sshd-session> 22:19:11 mprotect(0x7f26d61b3000, 57344, PROT_READ) = 0
27397<sshd-session> 22:19:11 mprotect(0x7f26d621a000, 12288, PROT_READ) = 0
27397<sshd-session> 22:19:11 mprotect(0x7f26d628e000, 4096, PROT_READ) = 0
27397<sshd-session> 22:19:11 mprotect(0x7f26d6261000, 4096, PROT_READ) = 0
27397<sshd-session> 22:19:11 mprotect(0x7f26d62d0000, 4096, PROT_READ) = 0
27397<sshd-session> 22:19:11 mprotect(0x55dff723d000, 16384, PROT_READ) = 0
27397<sshd-session> 22:19:11 mmap(NULL, 8192, PROT_READ|PROT_WRITE, MAP_PRIVATE|MAP_ANONYMOUS, -1, 0) = 0x7f26d5fae000
27397<sshd-session> 22:19:11 mprotect(0x7f26d6325000, 8192, PROT_READ) = 0
27397<sshd-session> 22:19:11 prlimit64(0, RLIMIT_STACK, NULL, {rlim_cur=8192*1024, rlim_max=RLIM64_INFINITY}) = 0
27397<sshd-session> 22:19:11 getrandom("\x43\x93\x5f\xef\x45\x7d\xcf\x9f", 8, GRND_NONBLOCK) = 8
27397<sshd-session> 22:19:11 munmap(0x7f26d62d4000, 74499) = 0
27397<sshd-session> 22:19:11 statfs("/sys/fs/selinux", {f_type=SELINUX_MAGIC, f_bsize=4096, f_blocks=0, f_bfree=0, f_bavail=0, f_files=0, f_ffree=0, f_fsid={val=[0x15, 0]}, f_namelen=255, f_frsize=4096, f_flags=ST_VALID|ST_NOSUID|ST_NOEXEC|ST_RELATIME}) = 0
27397<sshd-session> 22:19:11 statfs("/sys/fs/selinux", {f_type=SELINUX_MAGIC, f_bsize=4096, f_blocks=0, f_bfree=0, f_bavail=0, f_files=0, f_ffree=0, f_fsid={val=[0x15, 0]}, f_namelen=255, f_frsize=4096, f_flags=ST_VALID|ST_NOSUID|ST_NOEXEC|ST_RELATIME}) = 0
27397<sshd-session> 22:19:11 brk(NULL)  = 0x55e0306a0000
27397<sshd-session> 22:19:11 brk(0x55e0306c1000) = 0x55e0306c1000
27397<sshd-session> 22:19:11 access("/etc/selinux/config", F_OK) = 0
27397<sshd-session> 22:19:11 openat(AT_FDCWD</>, "/proc/sys/kernel/cap_last_cap", O_RDONLY) = 5</proc/sys/kernel/cap_last_cap>
27397<sshd-session> 22:19:11 fstatfs(5</proc/sys/kernel/cap_last_cap>, {f_type=PROC_SUPER_MAGIC, f_bsize=4096, f_blocks=0, f_bfree=0, f_bavail=0, f_files=0, f_ffree=0, f_fsid={val=[0x16, 0]}, f_namelen=255, f_frsize=4096, f_flags=ST_VALID|ST_NOSUID|ST_NODEV|ST_NOEXEC|ST_RELATIME}) = 0
27397<sshd-session> 22:19:11 read(5</proc/sys/kernel/cap_last_cap>, "40\n", 7) = 3
27397<sshd-session> 22:19:11 close(5</proc/sys/kernel/cap_last_cap>) = 0
27397<sshd-session> 22:19:11 prctl(PR_CAPBSET_READ, CAP_CHOWN) = 1
27397<sshd-session> 22:19:11 prctl(PR_CAP_AMBIENT, PR_CAP_AMBIENT_IS_SET, CAP_CHOWN, 0, 0) = 0
27397<sshd-session> 22:19:11 rt_sigprocmask(SIG_SETMASK, [], NULL, 8) = 0
27397<sshd-session> 22:19:11 openat(AT_FDCWD</>, "/dev/null", O_RDWR) = 5</dev/null<char 1:3>>
27397<sshd-session> 22:19:11 close(5</dev/null<char 1:3>>) = 0
27397<sshd-session> 22:19:11 close_range(5, 2147483647, 0) = 0
27397<sshd-session> 22:19:11 openat(AT_FDCWD</>, "/dev/null", O_RDWR) = 5</dev/null<char 1:3>>
27397<sshd-session> 22:19:11 futex(0x7f26d5f63ffc, FUTEX_WAKE_PRIVATE, 2147483647) = 0
27397<sshd-session> 22:19:11 futex(0x7f26d5f64040, FUTEX_WAKE_PRIVATE, 2147483647) = 0
27397<sshd-session> 22:19:11 futex(0x7f26d5f6403c, FUTEX_WAKE_PRIVATE, 2147483647) = 0
27397<sshd-session> 22:19:11 futex(0x7f26d5f64038, FUTEX_WAKE_PRIVATE, 2147483647) = 0
27397<sshd-session> 22:19:11 futex(0x7f26d5f64438, FUTEX_WAKE_PRIVATE, 2147483647) = 0
27397<sshd-session> 22:19:11 futex(0x7f26d5f6402c, FUTEX_WAKE_PRIVATE, 2147483647) = 0
27397<sshd-session> 22:19:11 futex(0x7f26d5f64028, FUTEX_WAKE_PRIVATE, 2147483647) = 0
27397<sshd-session> 22:19:11 futex(0x7f26d5f64490, FUTEX_WAKE_PRIVATE, 2147483647) = 0
27397<sshd-session> 22:19:11 openat(AT_FDCWD</>, "/proc/sys/crypto/fips_enabled", O_RDONLY) = 6</proc/sys/crypto/fips_enabled>
27397<sshd-session> 22:19:11 read(6</proc/sys/crypto/fips_enabled>, "0\n", 2) = 2
27397<sshd-session> 22:19:11 close(6</proc/sys/crypto/fips_enabled>) = 0
27397<sshd-session> 22:19:11 futex(0x7f26d5f63a48, FUTEX_WAKE_PRIVATE, 2147483647) = 0
27397<sshd-session> 22:19:11 futex(0x7f26d5f63f0c, FUTEX_WAKE_PRIVATE, 2147483647) = 0
27397<sshd-session> 22:19:11 futex(0x7f26d5f63c60, FUTEX_WAKE_PRIVATE, 2147483647) = 0
27397<sshd-session> 22:19:11 futex(0x7f26d5f64004, FUTEX_WAKE_PRIVATE, 2147483647) = 0
27397<sshd-session> 22:19:11 futex(0x7f26d5f63c70, FUTEX_WAKE_PRIVATE, 2147483647) = 0
27397<sshd-session> 22:19:11 futex(0x7f26d5f64034, FUTEX_WAKE_PRIVATE, 2147483647) = 0
27397<sshd-session> 22:19:11 openat(AT_FDCWD</>, "/etc/pki/tls/openssl.cnf", O_RDONLY) = 6</etc/pki/tls/openssl.cnf>
27397<sshd-session> 22:19:11 fstat(6</etc/pki/tls/openssl.cnf>, {st_mode=S_IFREG|0644, st_size=12412, ...}) = 0
27397<sshd-session> 22:19:11 read(6</etc/pki/tls/openssl.cnf>, "#\n# OpenSSL example configuratio"..., 4096) = 4096
27397<sshd-session> 22:19:11 newfstatat(AT_FDCWD</>, "/etc/pki/tls/openssl.d", {st_mode=S_IFDIR|0755, st_size=40, ...}, 0) = 0
27397<sshd-session> 22:19:11 openat(AT_FDCWD</>, "/etc/pki/tls/openssl.d", O_RDONLY|O_NONBLOCK|O_CLOEXEC|O_DIRECTORY) = 7</etc/pki/tls/openssl.d>
27397<sshd-session> 22:19:11 fstat(7</etc/pki/tls/openssl.d>, {st_mode=S_IFDIR|0755, st_size=40, ...}) = 0
27397<sshd-session> 22:19:11 brk(0x55e0306e8000) = 0x55e0306e8000
27397<sshd-session> 22:19:11 getdents64(7</etc/pki/tls/openssl.d>, 0x55e0306bf0d0 /* 3 entries */, 32768) = 88
27397<sshd-session> 22:19:11 openat(AT_FDCWD</>, "/etc/pki/tls/openssl.d/pkcs11-provider.conf", O_RDONLY) = 8</etc/pki/tls/openssl.d/pkcs11-provider.conf>
27397<sshd-session> 22:19:11 fstat(8</etc/pki/tls/openssl.d/pkcs11-provider.conf>, {st_mode=S_IFREG|0644, st_size=354, ...}) = 0
27397<sshd-session> 22:19:11 read(8</etc/pki/tls/openssl.d/pkcs11-provider.conf>, "##[provider_sect]\n##pkcs11 = pkc"..., 4096) = 354
27397<sshd-session> 22:19:11 read(8</etc/pki/tls/openssl.d/pkcs11-provider.conf>, "", 4096) = 0
27397<sshd-session> 22:19:11 getdents64(7</etc/pki/tls/openssl.d>, 0x55e0306bf0d0 /* 0 entries */, 32768) = 0
27397<sshd-session> 22:19:11 close(7</etc/pki/tls/openssl.d>) = 0
27397<sshd-session> 22:19:11 close(8</etc/pki/tls/openssl.d/pkcs11-provider.conf>) = 0
27397<sshd-session> 22:19:11 newfstatat(AT_FDCWD</>, "/etc/crypto-policies/back-ends/opensslcnf.config", {st_mode=S_IFREG|0644, st_size=989, ...}, 0) = 0
27397<sshd-session> 22:19:11 openat(AT_FDCWD</>, "/etc/crypto-policies/back-ends/opensslcnf.config", O_RDONLY) = 7</usr/share/crypto-policies/DEFAULT/opensslcnf.txt>
27397<sshd-session> 22:19:11 fstat(7</usr/share/crypto-policies/DEFAULT/opensslcnf.txt>, {st_mode=S_IFREG|0644, st_size=989, ...}) = 0
27397<sshd-session> 22:19:11 read(7</usr/share/crypto-policies/DEFAULT/opensslcnf.txt>, "CipherString = @SECLEVEL=2:kEECD"..., 4096) = 989
27397<sshd-session> 22:19:11 read(7</usr/share/crypto-policies/DEFAULT/opensslcnf.txt>, "", 4096) = 0
27397<sshd-session> 22:19:11 close(7</usr/share/crypto-policies/DEFAULT/opensslcnf.txt>) = 0
27397<sshd-session> 22:19:11 read(6</etc/pki/tls/openssl.cnf>, "d look\n# For type CA, the listed"..., 4096) = 4096
27397<sshd-session> 22:19:11 read(6</etc/pki/tls/openssl.cnf>, "ltName=email:copy\n# Copy issuer "..., 4096) = 4096
27397<sshd-session> 22:19:11 read(6</etc/pki/tls/openssl.cnf>, "dcert = $insta::certout # insta."..., 4096) = 124
27397<sshd-session> 22:19:11 read(6</etc/pki/tls/openssl.cnf>, "", 4096) = 0
27397<sshd-session> 22:19:11 close(6</etc/pki/tls/openssl.cnf>) = 0
27397<sshd-session> 22:19:11 futex(0x7f26d5f63a30, FUTEX_WAKE_PRIVATE, 2147483647) = 0
27397<sshd-session> 22:19:11 futex(0x7f26d5f63a9c, FUTEX_WAKE_PRIVATE, 2147483647) = 0
27397<sshd-session> 22:19:11 futex(0x7f26d5f64018, FUTEX_WAKE_PRIVATE, 2147483647) = 0
27397<sshd-session> 22:19:11 futex(0x7f26d5f64014, FUTEX_WAKE_PRIVATE, 2147483647) = 0
27397<sshd-session> 22:19:11 futex(0x7f26d5f63a38, FUTEX_WAKE_PRIVATE, 2147483647) = 0
27397<sshd-session> 22:19:11 futex(0x7f26d5f64024, FUTEX_WAKE_PRIVATE, 2147483647) = 0
27397<sshd-session> 22:19:11 getpid()   = 27397<sshd-session>
27397<sshd-session> 22:19:11 brk(0x55e030709000) = 0x55e030709000
27397<sshd-session> 22:19:11 rt_sigprocmask(SIG_BLOCK, ~[], [], 8) = 0
27397<sshd-session> 22:19:11 mmap(NULL, 4096, PROT_READ|PROT_WRITE, MAP_DROPPABLE|MAP_ANONYMOUS, -1, 0) = 0x7f26d62e6000
27397<sshd-session> 22:19:11 mmap(NULL, 4096, PROT_READ|PROT_WRITE, MAP_PRIVATE|MAP_ANONYMOUS, -1, 0) = 0x7f26d62e5000
27397<sshd-session> 22:19:11 rt_sigprocmask(SIG_SETMASK, [], NULL, 8) = 0
27397<sshd-session> 22:19:11 getrandom("\x81\x2a\x12\xbf\x16\x8d\xee\xf7\x96\x95\x7e\xbc\x87\xe7\xdd\x34\xde\x8b\x4e\x90\xaf\x7d\xa9\xa0\xb5\xfb\x4a\x56\xf5\x13\x9c\x14", 32, 0) = 32
27397<sshd-session> 22:19:11 read(4<UNIX-STREAM:[144337->144336]>, "\0\0\34o", 4) = 4
27397<sshd-session> 22:19:11 read(4<UNIX-STREAM:[144337->144336]>, "\0\0\0\16\373#\t$OpenBSD: sshd_config,v 1"..., 7279) = 7279
27397<sshd-session> 22:19:11 read(4<UNIX-STREAM:[144337->144336]>, "\0\0\10\307", 4) = 4
27397<sshd-session> 22:19:11 read(4<UNIX-STREAM:[144337->144336]>, "\0\0\0\10\302\0\0\5i\0\0\0\7ssh-rsa\0\0\1\201\0\264w\210a(F\237"..., 2247) = 2247
27397<sshd-session> 22:19:11 getpid()   = 27397<sshd-session>
27397<sshd-session> 22:19:11 getpid()   = 27397<sshd-session>
27397<sshd-session> 22:19:11 getpid()   = 27397<sshd-session>
27397<sshd-session> 22:19:11 getpid()   = 27397<sshd-session>
27397<sshd-session> 22:19:11 getpid()   = 27397<sshd-session>
27397<sshd-session> 22:19:11 getuid()   = 0
27397<sshd-session> 22:19:11 getuid()   = 0
27397<sshd-session> 22:19:11 getuid()   = 0
27397<sshd-session> 22:19:11 getuid()   = 0
27397<sshd-session> 22:19:11 openat(AT_FDCWD</>, "/etc/gai.conf", O_RDONLY|O_CLOEXEC) = -1 ENOENT (No such file or directory)
27397<sshd-session> 22:19:11 futex(0x7f26d59fed44, FUTEX_WAKE_PRIVATE, 2147483647) = 0
27397<sshd-session> 22:19:11 socket(AF_NETLINK, SOCK_RAW|SOCK_CLOEXEC, NETLINK_ROUTE) = 6<NETLINK:[145153]>
27397<sshd-session> 22:19:11 bind(6<NETLINK:[145153]>, {sa_family=AF_NETLINK, nl_pid=0, nl_groups=00000000}, 12) = 0
27397<sshd-session> 22:19:11 getsockname(6<NETLINK:[ROUTE:27397]>, {sa_family=AF_NETLINK, nl_pid=27397<sshd-session>, nl_groups=00000000}, [12]) = 0
27397<sshd-session> 22:19:11 sendto(6<NETLINK:[ROUTE:27397]>, [{nlmsg_len=20, nlmsg_type=RTM_GETADDR, nlmsg_flags=NLM_F_REQUEST|NLM_F_DUMP, nlmsg_seq=1777774751, nlmsg_pid=0}, {ifa_family=AF_UNSPEC, ...}], 20, 0, {sa_family=AF_NETLINK, nl_pid=0, nl_groups=00000000}, 12) = 20
27397<sshd-session> 22:19:11 recvmsg(6<NETLINK:[ROUTE:27397]>, {msg_name={sa_family=AF_NETLINK, nl_pid=0, nl_groups=00000000}, msg_namelen=12, msg_iov=[{iov_base=[[{nlmsg_len=76, nlmsg_type=RTM_NEWADDR, nlmsg_flags=NLM_F_MULTI, nlmsg_seq=1777774751, nlmsg_pid=27397<sshd-session>}, {ifa_family=AF_INET, ifa_prefixlen=8, ifa_flags=IFA_F_PERMANENT, ifa_scope=RT_SCOPE_HOST, ifa_index=if_nametoindex("lo")}, [[{nla_len=8, nla_type=IFA_ADDRESS}, inet_addr("127.0.0.1")], [{nla_len=8, nla_type=IFA_LOCAL}, inet_addr("127.0.0.1")], [{nla_len=7, nla_type=IFA_LABEL}, "lo"], [{nla_len=8, nla_type=IFA_FLAGS}, IFA_F_PERMANENT], [{nla_len=20, nla_type=IFA_CACHEINFO}, {ifa_prefered=4294967295, ifa_valid=4294967295, cstamp=151, tstamp=151}]]], [{nlmsg_len=88, nlmsg_type=RTM_NEWADDR, nlmsg_flags=NLM_F_MULTI, nlmsg_seq=1777774751, nlmsg_pid=27397<sshd-session>}, {ifa_family=AF_INET, ifa_prefixlen=24, ifa_flags=0, ifa_scope=RT_SCOPE_UNIVERSE, ifa_index=if_nametoindex("enp0s3")}, [[{nla_len=8, nla_type=IFA_ADDRESS}, inet_addr("10.0.2.15")], [{nla_len=8, nla_type=IFA_LOCAL}, inet_addr("10.0.2.15")], [{nla_len=8, nla_type=IFA_BROADCAST}, inet_addr("10.0.2.255")], [{nla_len=11, nla_type=IFA_LABEL}, "enp0s3"], [{nla_len=8, nla_type=IFA_FLAGS}, IFA_F_NOPREFIXROUTE], [{nla_len=20, nla_type=IFA_CACHEINFO}, {ifa_prefered=74552, ifa_valid=74552, cstamp=1267, tstamp=1267}]]], [{nlmsg_len=72, nlmsg_type=RTM_NEWADDR, nlmsg_flags=NLM_F_MULTI, nlmsg_seq=1777774751, nlmsg_pid=27397<sshd-session>}, {ifa_family=AF_INET6, ifa_prefixlen=128, ifa_flags=IFA_F_PERMANENT, ifa_scope=RT_SCOPE_HOST, ifa_index=if_nametoindex("lo")}, [[{nla_len=20, nla_type=IFA_ADDRESS}, inet_pton(AF_INET6, "::1")], [{nla_len=20, nla_type=IFA_CACHEINFO}, {ifa_prefered=4294967295, ifa_valid=4294967295, cstamp=151, tstamp=151}], [{nla_len=8, nla_type=IFA_FLAGS}, IFA_F_PERMANENT|IFA_F_NOPREFIXROUTE]]], [{nlmsg_len=72, nlmsg_type=RTM_NEWADDR, nlmsg_flags=NLM_F_MULTI, nlmsg_seq=1777774751, nlmsg_pid=27397<sshd-session>}, {ifa_family=AF_INET6, ifa_prefixlen=64, ifa_flags=0, ifa_scope=RT_SCOPE_UNIVERSE, ifa_index=if_nametoindex("enp0s3")}, [[{nla_len=20, nla_type=IFA_ADDRESS}, inet_pton(AF_INET6, "fd17:625c:f037:2:bffd:40d6:bd1a:3151")], [{nla_len=20, nla_type=IFA_CACHEINFO}, {ifa_prefered=14291, ifa_valid=86291, cstamp=1466, tstamp=1175164}], [{nla_len=8, nla_type=IFA_FLAGS}, IFA_F_NOPREFIXROUTE]]], [{nlmsg_len=72, nlmsg_type=RTM_NEWADDR, nlmsg_flags=NLM_F_MULTI, nlmsg_seq=1777774751, nlmsg_pid=27397<sshd-session>}, {ifa_family=AF_INET6, ifa_prefixlen=64, ifa_flags=IFA_F_PERMANENT, ifa_scope=RT_SCOPE_LINK, ifa_index=if_nametoindex("enp0s3")}, [[{nla_len=20, nla_type=IFA_ADDRESS}, inet_pton(AF_INET6, "fe80::1bc2:b29b:a246:770")], [{nla_len=20, nla_type=IFA_CACHEINFO}, {ifa_prefered=4294967295, ifa_valid=4294967295, cstamp=1251, tstamp=1251}], [{nla_len=8, nla_type=IFA_FLAGS}, IFA_F_PERMANENT|IFA_F_NOPREFIXROUTE]]]], iov_len=4096}], msg_iovlen=1, msg_controllen=0, msg_flags=0}, 0) = 380
27397<sshd-session> 22:19:11 recvmsg(6<NETLINK:[ROUTE:27397]>, {msg_name={sa_family=AF_NETLINK, nl_pid=0, nl_groups=00000000}, msg_namelen=12, msg_iov=[{iov_base=[{nlmsg_len=20, nlmsg_type=NLMSG_DONE, nlmsg_flags=NLM_F_MULTI, nlmsg_seq=1777774751, nlmsg_pid=27397<sshd-session>}, 0], iov_len=4096}], msg_iovlen=1, msg_controllen=0, msg_flags=0}, 0) = 20
27397<sshd-session> 22:19:11 close(6<NETLINK:[ROUTE:27397]>) = 0
27397<sshd-session> 22:19:11 socket(AF_INET6, SOCK_DGRAM|SOCK_CLOEXEC, IPPROTO_IP) = 6<UDPv6:[145154]>
27397<sshd-session> 22:19:11 connect(6<UDPv6:[145154]>, {sa_family=AF_INET6, sin6_port=htons(22), sin6_flowinfo=htonl(0), inet_pton(AF_INET6, "::", &sin6_addr), sin6_scope_id=0}, 28) = 0
27397<sshd-session> 22:19:11 getsockname(6<UDPv6:[[::1]:48504->[::1]:22]>, {sa_family=AF_INET6, sin6_port=htons(48504), sin6_flowinfo=htonl(0), inet_pton(AF_INET6, "::1", &sin6_addr), sin6_scope_id=0}, [28]) = 0
27397<sshd-session> 22:19:11 connect(6<UDPv6:[[::1]:48504->[::1]:22]>, {sa_family=AF_UNSPEC, sa_data="\0\0\0\0\0\0\0\0\0\0\0\0\0\0"}, 16) = 0
27397<sshd-session> 22:19:11 connect(6<UDPv6:[[::1]:48504->[::1]:22]>, {sa_family=AF_INET, sin_port=htons(22), sin_addr=inet_addr("0.0.0.0")}, 16) = 0
27397<sshd-session> 22:19:11 getsockname(6<UDPv6:[[::1]:48504->[::1]:22]>, {sa_family=AF_INET6, sin6_port=htons(54249), sin6_flowinfo=htonl(0), inet_pton(AF_INET6, "::ffff:127.0.0.1", &sin6_addr), sin6_scope_id=0}, [28]) = 0
27397<sshd-session> 22:19:11 close(6<UDPv6:[[::1]:48504->[::1]:22]>) = 0
27397<sshd-session> 22:19:11 getuid()   = 0
27397<sshd-session> 22:19:11 newfstatat(AT_FDCWD</>, "/etc/nsswitch.conf", {st_mode=S_IFREG|0644, st_size=687, ...}, 0) = 0
27397<sshd-session> 22:19:11 newfstatat(AT_FDCWD</>, "/", {st_mode=S_IFDIR|0555, st_size=154, ...}, 0) = 0
27397<sshd-session> 22:19:11 openat(AT_FDCWD</>, "/etc/nsswitch.conf", O_RDONLY|O_CLOEXEC) = 6</etc/authselect/nsswitch.conf>
27397<sshd-session> 22:19:11 fstat(6</etc/authselect/nsswitch.conf>, {st_mode=S_IFREG|0644, st_size=687, ...}) = 0
27397<sshd-session> 22:19:11 read(6</etc/authselect/nsswitch.conf>, "# Generated by authselect\n# Do n"..., 4096) = 687
27397<sshd-session> 22:19:11 read(6</etc/authselect/nsswitch.conf>, "", 4096) = 0
27397<sshd-session> 22:19:11 fstat(6</etc/authselect/nsswitch.conf>, {st_mode=S_IFREG|0644, st_size=687, ...}) = 0
27397<sshd-session> 22:19:11 close(6</etc/authselect/nsswitch.conf>) = 0
27397<sshd-session> 22:19:11 openat(AT_FDCWD</>, "/etc/passwd", O_RDONLY|O_CLOEXEC) = 6</etc/passwd>
27397<sshd-session> 22:19:11 fstat(6</etc/passwd>, {st_mode=S_IFREG|0644, st_size=3346, ...}) = 0
27397<sshd-session> 22:19:11 lseek(6</etc/passwd>, 0, SEEK_SET) = 0
27397<sshd-session> 22:19:11 read(6</etc/passwd>, "root:x:0:0:Super User:/root:/bin"..., 4096) = 3346
27397<sshd-session> 22:19:11 lseek(6</etc/passwd>, 3174, SEEK_SET) = 3174
27397<sshd-session> 22:19:11 close(6</etc/passwd>) = 0
27397<sshd-session> 22:19:11 dup(4<UNIX-STREAM:[144337->144336]>) = 6<UNIX-STREAM:[144337->144336]>
27397<sshd-session> 22:19:11 write(6<UNIX-STREAM:[144337->144336]>, "\0", 1) = 1
26182<sshd> 22:19:11 <... ppoll resumed>) = 1 ([{fd=9, revents=POLLIN}])
27397<sshd-session> 22:19:11 dup2(5</dev/null<char 1:3>>, 4<UNIX-STREAM:[144337->144336]> <unfinished ...>
26182<sshd> 22:19:11 rt_sigprocmask(SIG_SETMASK, [] <unfinished ...>
27397<sshd-session> 22:19:11 <... dup2 resumed>) = 4</dev/null<char 1:3>>
26182<sshd> 22:19:11 <... rt_sigprocmask resumed>, NULL, 8) = 0
27397<sshd-session> 22:19:11 umask(077) = 022
26182<sshd> 22:19:11 read(9<UNIX-STREAM:[144336->144337]> <unfinished ...>
27397<sshd-session> 22:19:11 umask(022) = 077
26182<sshd> 22:19:11 <... read resumed>, "\0", 1) = 1
27397<sshd-session> 22:19:11 chdir("/" <unfinished ...>
26182<sshd> 22:19:11 rt_sigprocmask(SIG_BLOCK, [HUP QUIT TERM CHLD] <unfinished ...>
27397<sshd-session> 22:19:11 <... chdir resumed>) = 0
26182<sshd> 22:19:11 <... rt_sigprocmask resumed>, [], 8) = 0
27397<sshd-session> 22:19:11 rt_sigaction(SIGPIPE, {sa_handler=SIG_IGN, sa_mask=~[RTMIN RT_1], sa_flags=SA_RESTORER|SA_RESTART, sa_restorer=0x7f26d581f5b0} <unfinished ...>
26182<sshd> 22:19:11 ppoll([{fd=6<TCP:[0.0.0.0:22]>, events=POLLIN}, {fd=7<TCPv6:[[::]:22]>, events=POLLIN}, {fd=9<UNIX-STREAM:[144336->144337]>, events=POLLIN}], 3, NULL, [], 8 <unfinished ...>
27397<sshd-session> 22:19:11 <... rt_sigaction resumed>, {sa_handler=SIG_DFL, sa_mask=[], sa_flags=0}, 8) = 0
27397<sshd-session> 22:19:11 dup(0<TCP:[127.0.0.1:22->127.0.0.1:60704]>) = 7<TCP:[127.0.0.1:22->127.0.0.1:60704]>
27397<sshd-session> 22:19:11 openat(AT_FDCWD</>, "/dev/null", O_RDWR) = 8</dev/null<char 1:3>>
27397<sshd-session> 22:19:11 dup2(8</dev/null<char 1:3>>, 0<TCP:[127.0.0.1:22->127.0.0.1:60704]>) = 0</dev/null<char 1:3>>
27397<sshd-session> 22:19:11 dup2(8</dev/null<char 1:3>>, 1<TCP:[127.0.0.1:22->127.0.0.1:60704]>) = 1</dev/null<char 1:3>>
27397<sshd-session> 22:19:11 dup2(8</dev/null<char 1:3>>, 2<UNIX-STREAM:[135022->137231]>) = 2</dev/null<char 1:3>>
27397<sshd-session> 22:19:11 close(8</dev/null<char 1:3>>) = 0
27397<sshd-session> 22:19:11 fcntl(7<TCP:[127.0.0.1:22->127.0.0.1:60704]>, F_SETFD, FD_CLOEXEC) = 0
27397<sshd-session> 22:19:11 fcntl(7<TCP:[127.0.0.1:22->127.0.0.1:60704]>, F_SETFD, FD_CLOEXEC) = 0
27397<sshd-session> 22:19:11 rt_sigaction(SIGALRM, {sa_handler=SIG_DFL, sa_mask=~[RTMIN RT_1], sa_flags=SA_RESTORER, sa_restorer=0x7f26d581f5b0}, {sa_handler=SIG_DFL, sa_mask=[], sa_flags=0}, 8) = 0
27397<sshd-session> 22:19:11 rt_sigaction(SIGHUP, {sa_handler=SIG_DFL, sa_mask=~[RTMIN RT_1], sa_flags=SA_RESTORER|SA_RESTART, sa_restorer=0x7f26d581f5b0}, {sa_handler=SIG_DFL, sa_mask=[], sa_flags=0}, 8) = 0
27397<sshd-session> 22:19:11 rt_sigaction(SIGTERM, {sa_handler=SIG_DFL, sa_mask=~[RTMIN RT_1], sa_flags=SA_RESTORER|SA_RESTART, sa_restorer=0x7f26d581f5b0}, {sa_handler=SIG_DFL, sa_mask=[], sa_flags=0}, 8) = 0
27397<sshd-session> 22:19:11 rt_sigaction(SIGQUIT, {sa_handler=SIG_DFL, sa_mask=~[RTMIN RT_1], sa_flags=SA_RESTORER|SA_RESTART, sa_restorer=0x7f26d581f5b0}, {sa_handler=SIG_DFL, sa_mask=[], sa_flags=0}, 8) = 0
27397<sshd-session> 22:19:11 rt_sigaction(SIGCHLD, {sa_handler=SIG_DFL, sa_mask=~[RTMIN RT_1], sa_flags=SA_RESTORER|SA_RESTART, sa_restorer=0x7f26d581f5b0}, {sa_handler=SIG_DFL, sa_mask=[], sa_flags=0}, 8) = 0
27397<sshd-session> 22:19:11 rt_sigaction(SIGINT, {sa_handler=SIG_DFL, sa_mask=~[RTMIN RT_1], sa_flags=SA_RESTORER|SA_RESTART, sa_restorer=0x7f26d581f5b0}, {sa_handler=SIG_DFL, sa_mask=[], sa_flags=0}, 8) = 0
27397<sshd-session> 22:19:11 getpeername(7<TCP:[127.0.0.1:22->127.0.0.1:60704]>, {sa_family=AF_INET, sin_port=htons(60704), sin_addr=inet_addr("127.0.0.1")}, [128 => 16]) = 0
27397<sshd-session> 22:19:11 getpeername(7<TCP:[127.0.0.1:22->127.0.0.1:60704]>, {sa_family=AF_INET, sin_port=htons(60704), sin_addr=inet_addr("127.0.0.1")}, [128 => 16]) = 0
27397<sshd-session> 22:19:11 getsockname(7<TCP:[127.0.0.1:22->127.0.0.1:60704]>, {sa_family=AF_INET, sin_port=htons(22), sin_addr=inet_addr("127.0.0.1")}, [128 => 16]) = 0
27397<sshd-session> 22:19:11 getsockname(7<TCP:[127.0.0.1:22->127.0.0.1:60704]>, {sa_family=AF_INET, sin_port=htons(22), sin_addr=inet_addr("127.0.0.1")}, [128 => 16]) = 0
27397<sshd-session> 22:19:11 getsockopt(7<TCP:[127.0.0.1:22->127.0.0.1:60704]>, SOL_TCP, TCP_NODELAY, [0], [4]) = 0
27397<sshd-session> 22:19:11 setsockopt(7<TCP:[127.0.0.1:22->127.0.0.1:60704]>, SOL_TCP, TCP_NODELAY, [1], 4) = 0
27397<sshd-session> 22:19:11 getsockname(7<TCP:[127.0.0.1:22->127.0.0.1:60704]>, {sa_family=AF_INET, sin_port=htons(22), sin_addr=inet_addr("127.0.0.1")}, [128 => 16]) = 0
27397<sshd-session> 22:19:11 setsockopt(7<TCP:[127.0.0.1:22->127.0.0.1:60704]>, SOL_IP, IP_TOS, [184], 4) = 0
27397<sshd-session> 22:19:11 getpeername(7<TCP:[127.0.0.1:22->127.0.0.1:60704]>, {sa_family=AF_INET, sin_port=htons(60704), sin_addr=inet_addr("127.0.0.1")}, [128 => 16]) = 0
27397<sshd-session> 22:19:11 getsockopt(7<TCP:[127.0.0.1:22->127.0.0.1:60704]>, SOL_IP, IP_OPTIONS, 0x7fffd551fd50, [200 => 0]) = 0
27397<sshd-session> 22:19:11 futex(0x7f26d5f64420, FUTEX_WAKE_PRIVATE, 2147483647) = 0
27397<sshd-session> 22:19:11 brk(0x55e03072a000) = 0x55e03072a000
27397<sshd-session> 22:19:11 setsockopt(7<TCP:[127.0.0.1:22->127.0.0.1:60704]>, SOL_SOCKET, SO_KEEPALIVE, [1], 4) = 0
27397<sshd-session> 22:19:11 getsockopt(7<TCP:[127.0.0.1:22->127.0.0.1:60704]>, SOL_SOCKET, SO_BINDTODEVICE, 0x7fffd551f950, [16 => 0]) = 0
27397<sshd-session> 22:19:11 getsockname(7<TCP:[127.0.0.1:22->127.0.0.1:60704]>, {sa_family=AF_INET, sin_port=htons(22), sin_addr=inet_addr("127.0.0.1")}, [128 => 16]) = 0
27397<sshd-session> 22:19:11 rt_sigaction(SIGALRM, {sa_handler=0x55dff716d780, sa_mask=~[RTMIN RT_1], sa_flags=SA_RESTORER, sa_restorer=0x7f26d581f5b0}, {sa_handler=SIG_DFL, sa_mask=~[KILL STOP RTMIN RT_1], sa_flags=SA_RESTORER, sa_restorer=0x7f26d581f5b0}, 8) = 0
27397<sshd-session> 22:19:11 setitimer(ITIMER_REAL, {it_interval={tv_sec=0, tv_usec=0}, it_value={tv_sec=123, tv_usec=60177}}, NULL) = 0
27397<sshd-session> 22:19:11 write(7<TCP:[127.0.0.1:22->127.0.0.1:60704]>, "SSH-2.0-OpenSSH_10.2\r\n", 22) = 22
27397<sshd-session> 22:19:11 read(7<TCP:[127.0.0.1:22->127.0.0.1:60704]>, "S", 1) = 1
27397<sshd-session> 22:19:11 read(7<TCP:[127.0.0.1:22->127.0.0.1:60704]>, "S", 1) = 1
27397<sshd-session> 22:19:11 read(7<TCP:[127.0.0.1:22->127.0.0.1:60704]>, "H", 1) = 1
27397<sshd-session> 22:19:11 read(7<TCP:[127.0.0.1:22->127.0.0.1:60704]>, "-", 1) = 1
27397<sshd-session> 22:19:11 read(7<TCP:[127.0.0.1:22->127.0.0.1:60704]>, "2", 1) = 1
27397<sshd-session> 22:19:11 read(7<TCP:[127.0.0.1:22->127.0.0.1:60704]>, ".", 1) = 1
27397<sshd-session> 22:19:11 read(7<TCP:[127.0.0.1:22->127.0.0.1:60704]>, "0", 1) = 1
27397<sshd-session> 22:19:11 read(7<TCP:[127.0.0.1:22->127.0.0.1:60704]>, "-", 1) = 1
27397<sshd-session> 22:19:11 read(7<TCP:[127.0.0.1:22->127.0.0.1:60704]>, "O", 1) = 1
27397<sshd-session> 22:19:11 read(7<TCP:[127.0.0.1:22->127.0.0.1:60704]>, "p", 1) = 1
27397<sshd-session> 22:19:11 read(7<TCP:[127.0.0.1:22->127.0.0.1:60704]>, "e", 1) = 1
27397<sshd-session> 22:19:11 read(7<TCP:[127.0.0.1:22->127.0.0.1:60704]>, "n", 1) = 1
27397<sshd-session> 22:19:11 read(7<TCP:[127.0.0.1:22->127.0.0.1:60704]>, "S", 1) = 1
27397<sshd-session> 22:19:11 read(7<TCP:[127.0.0.1:22->127.0.0.1:60704]>, "S", 1) = 1
27397<sshd-session> 22:19:11 read(7<TCP:[127.0.0.1:22->127.0.0.1:60704]>, "H", 1) = 1
27397<sshd-session> 22:19:11 read(7<TCP:[127.0.0.1:22->127.0.0.1:60704]>, "_", 1) = 1
27397<sshd-session> 22:19:11 read(7<TCP:[127.0.0.1:22->127.0.0.1:60704]>, "1", 1) = 1
27397<sshd-session> 22:19:11 read(7<TCP:[127.0.0.1:22->127.0.0.1:60704]>, "0", 1) = 1
27397<sshd-session> 22:19:11 read(7<TCP:[127.0.0.1:22->127.0.0.1:60704]>, ".", 1) = 1
27397<sshd-session> 22:19:11 read(7<TCP:[127.0.0.1:22->127.0.0.1:60704]>, "2", 1) = 1
27397<sshd-session> 22:19:11 read(7<TCP:[127.0.0.1:22->127.0.0.1:60704]>, "\r", 1) = 1
27397<sshd-session> 22:19:11 read(7<TCP:[127.0.0.1:22->127.0.0.1:60704]>, "\n", 1) = 1
27397<sshd-session> 22:19:11 fcntl(7<TCP:[127.0.0.1:22->127.0.0.1:60704]>, F_GETFL) = 0x2 (flags O_RDWR)
27397<sshd-session> 22:19:11 fcntl(7<TCP:[127.0.0.1:22->127.0.0.1:60704]>, F_SETFL, O_RDWR|O_NONBLOCK) = 0
27397<sshd-session> 22:19:11 socketpair(AF_UNIX, SOCK_STREAM, 0, [8<UNIX-STREAM:[144340->144341]>, 9<UNIX-STREAM:[144341->144340]>]) = 0
27397<sshd-session> 22:19:11 fcntl(8<UNIX-STREAM:[144340->144341]>, F_SETFD, FD_CLOEXEC) = 0
27397<sshd-session> 22:19:11 fcntl(9<UNIX-STREAM:[144341->144340]>, F_SETFD, FD_CLOEXEC) = 0
27397<sshd-session> 22:19:11 pipe2([10<pipe:[144342]>, 11<pipe:[144342]>], 0) = 0
27397<sshd-session> 22:19:11 fcntl(10<pipe:[144342]>, F_SETFD, FD_CLOEXEC) = 0
27397<sshd-session> 22:19:11 fcntl(11<pipe:[144342]>, F_SETFD, FD_CLOEXEC) = 0
27397<sshd-session> 22:19:11 rt_sigprocmask(SIG_BLOCK, ~[], [], 8) = 0
27397<sshd-session> 22:19:11 clone(child_stack=NULL, flags=CLONE_CHILD_CLEARTID|CLONE_CHILD_SETTID|SIGCHLD, child_tidptr=0x7f26d5fb1610) = 27401<sshd-session>
27401<sshd-session> 22:19:11 set_robust_list(0x7f26d5fb1620, 24 <unfinished ...>
27397<sshd-session> 22:19:11 rt_sigprocmask(SIG_SETMASK, [] <unfinished ...>
27401<sshd-session> 22:19:11 <... set_robust_list resumed>) = 0
27401<sshd-session> 22:19:11 rt_sigprocmask(SIG_SETMASK, [], NULL, 8) = 0
27397<sshd-session> 22:19:11 <... rt_sigprocmask resumed>, NULL, 8) = 0
27401<sshd-session> 22:19:11 close(9<UNIX-STREAM:[144341->144340]> <unfinished ...>
27397<sshd-session> 22:19:11 close(8<UNIX-STREAM:[144340->144341]> <unfinished ...>
27401<sshd-session> 22:19:11 <... close resumed>) = 0
27397<sshd-session> 22:19:11 <... close resumed>) = 0
27401<sshd-session> 22:19:11 close(10<pipe:[144342]> <unfinished ...>
27397<sshd-session> 22:19:11 close(11<pipe:[144342]> <unfinished ...>
27401<sshd-session> 22:19:11 <... close resumed>) = 0
27397<sshd-session> 22:19:11 <... close resumed>) = 0
27401<sshd-session> 22:19:11 dup2(7<TCP:[127.0.0.1:22->127.0.0.1:60704]>, 0</dev/null<char 1:3>> <unfinished ...>
27397<sshd-session> 22:19:11 poll([{fd=9<UNIX-STREAM:[144341->144340]>, events=POLLIN}, {fd=10<pipe:[144342]>, events=POLLIN}], 2, -1 <unfinished ...>
27401<sshd-session> 22:19:11 <... dup2 resumed>) = 0<TCP:[127.0.0.1:22->127.0.0.1:60704]>
27401<sshd-session> 22:19:11 dup2(7<TCP:[127.0.0.1:22->127.0.0.1:60704]>, 1</dev/null<char 1:3>>) = 1<TCP:[127.0.0.1:22->127.0.0.1:60704]>
27401<sshd-session> 22:19:11 dup2(8<UNIX-STREAM:[144340->144341]>, 3</dev/null<char 1:3>>) = 3<UNIX-STREAM:[144340->144341]>
27401<sshd-session> 22:19:11 dup2(11<pipe:[144342]>, 4</dev/null<char 1:3>>) = 4<pipe:[144342]>
27401<sshd-session> 22:19:11 close_range(5, 2147483647, 0) = 0
27401<sshd-session> 22:19:11 execve("/usr/libexec/openssh/sshd-auth", ["/usr/libexec/openssh/sshd-auth", "-D", "-R"], 0x55e0306a00f0 /* 11 vars */) = 0
27401<sshd-auth> 22:19:11 brk(NULL)     = 0x559b956bf000
27401<sshd-auth> 22:19:11 access("/etc/ld.so.preload", R_OK) = -1 ENOENT (No such file or directory)
27401<sshd-auth> 22:19:11 openat(AT_FDCWD</>, "/etc/ld.so.cache", O_RDONLY|O_CLOEXEC) = 5</etc/ld.so.cache>
27401<sshd-auth> 22:19:11 fstat(5</etc/ld.so.cache>, {st_mode=S_IFREG|0644, st_size=74499, ...}) = 0
27401<sshd-auth> 22:19:11 mmap(NULL, 74499, PROT_READ, MAP_PRIVATE, 5</etc/ld.so.cache>, 0) = 0x7f8418e7a000
27401<sshd-auth> 22:19:11 close(5</etc/ld.so.cache>) = 0
27401<sshd-auth> 22:19:11 openat(AT_FDCWD</>, "/lib64/libaudit.so.1", O_RDONLY|O_CLOEXEC) = 5</usr/lib64/libaudit.so.1.0.0>
27401<sshd-auth> 22:19:11 read(5</usr/lib64/libaudit.so.1.0.0>, "\177ELF\2\1\1\0\0\0\0\0\0\0\0\0\3\0>\0\1\0\0\0\0\0\0\0\0\0\0\0"..., 832) = 832
27401<sshd-auth> 22:19:11 fstat(5</usr/lib64/libaudit.so.1.0.0>, {st_mode=S_IFREG|0755, st_size=179936, ...}) = 0
27401<sshd-auth> 22:19:11 mmap(NULL, 8192, PROT_READ|PROT_WRITE, MAP_PRIVATE|MAP_ANONYMOUS, -1, 0) = 0x7f8418e78000
27401<sshd-auth> 22:19:11 mmap(NULL, 229824, PROT_READ|PROT_EXEC, MAP_PRIVATE|MAP_DENYWRITE, 5</usr/lib64/libaudit.so.1.0.0>, 0) = 0x7f8418e3f000
27401<sshd-auth> 22:19:11 mmap(0x7f8418e4d000, 118784, PROT_READ, MAP_PRIVATE|MAP_FIXED|MAP_DENYWRITE, 5</usr/lib64/libaudit.so.1.0.0>, 0xe000) = 0x7f8418e4d000
27401<sshd-auth> 22:19:11 mmap(0x7f8418e6a000, 8192, PROT_READ|PROT_WRITE, MAP_PRIVATE|MAP_FIXED|MAP_DENYWRITE, 5</usr/lib64/libaudit.so.1.0.0>, 0x2a000) = 0x7f8418e6a000
27401<sshd-auth> 22:19:11 mmap(0x7f8418e6c000, 45504, PROT_READ|PROT_WRITE, MAP_PRIVATE|MAP_FIXED|MAP_ANONYMOUS, -1, 0) = 0x7f8418e6c000
27401<sshd-auth> 22:19:11 close(5</usr/lib64/libaudit.so.1.0.0>) = 0
27401<sshd-auth> 22:19:11 openat(AT_FDCWD</>, "/lib64/libpam.so.0", O_RDONLY|O_CLOEXEC) = 5</usr/lib64/libpam.so.0.85.1>
27401<sshd-auth> 22:19:11 read(5</usr/lib64/libpam.so.0.85.1>, "\177ELF\2\1\1\0\0\0\0\0\0\0\0\0\3\0>\0\1\0\0\0\0\0\0\0\0\0\0\0"..., 832) = 832
27401<sshd-auth> 22:19:11 fstat(5</usr/lib64/libpam.so.0.85.1>, {st_mode=S_IFREG|0755, st_size=69712, ...}) = 0
27401<sshd-auth> 22:19:11 mmap(NULL, 69648, PROT_READ|PROT_EXEC, MAP_PRIVATE|MAP_DENYWRITE, 5</usr/lib64/libpam.so.0.85.1>, 0) = 0x7f8418e2d000
27401<sshd-auth> 22:19:11 mmap(0x7f8418e37000, 24576, PROT_READ, MAP_PRIVATE|MAP_FIXED|MAP_DENYWRITE, 5</usr/lib64/libpam.so.0.85.1>, 0xa000) = 0x7f8418e37000
27401<sshd-auth> 22:19:11 mmap(0x7f8418e3d000, 8192, PROT_READ|PROT_WRITE, MAP_PRIVATE|MAP_FIXED|MAP_DENYWRITE, 5</usr/lib64/libpam.so.0.85.1>, 0xf000) = 0x7f8418e3d000
27401<sshd-auth> 22:19:11 close(5</usr/lib64/libpam.so.0.85.1>) = 0
27401<sshd-auth> 22:19:11 openat(AT_FDCWD</>, "/lib64/libgssapi_krb5.so.2", O_RDONLY|O_CLOEXEC) = 5</usr/lib64/libgssapi_krb5.so.2.2>
27401<sshd-auth> 22:19:11 read(5</usr/lib64/libgssapi_krb5.so.2.2>, "\177ELF\2\1\1\0\0\0\0\0\0\0\0\0\3\0>\0\1\0\0\0\0\0\0\0\0\0\0\0"..., 832) = 832
27401<sshd-auth> 22:19:11 fstat(5</usr/lib64/libgssapi_krb5.so.2.2>, {st_mode=S_IFREG|0755, st_size=375584, ...}) = 0
27401<sshd-auth> 22:19:11 mmap(NULL, 371464, PROT_READ|PROT_EXEC, MAP_PRIVATE|MAP_DENYWRITE, 5</usr/lib64/libgssapi_krb5.so.2.2>, 0) = 0x7f8418dd2000
27401<sshd-auth> 22:19:11 mmap(0x7f8418e14000, 86016, PROT_READ, MAP_PRIVATE|MAP_FIXED|MAP_DENYWRITE, 5</usr/lib64/libgssapi_krb5.so.2.2>, 0x42000) = 0x7f8418e14000
27401<sshd-auth> 22:19:11 mmap(0x7f8418e29000, 16384, PROT_READ|PROT_WRITE, MAP_PRIVATE|MAP_FIXED|MAP_DENYWRITE, 5</usr/lib64/libgssapi_krb5.so.2.2>, 0x56000) = 0x7f8418e29000
27401<sshd-auth> 22:19:11 close(5</usr/lib64/libgssapi_krb5.so.2.2>) = 0
27401<sshd-auth> 22:19:11 openat(AT_FDCWD</>, "/lib64/libkrb5.so.3", O_RDONLY|O_CLOEXEC) = 5</usr/lib64/libkrb5.so.3.3>
27401<sshd-auth> 22:19:11 read(5</usr/lib64/libkrb5.so.3.3>, "\177ELF\2\1\1\0\0\0\0\0\0\0\0\0\3\0>\0\1\0\0\0\0\0\0\0\0\0\0\0"..., 832) = 832
27401<sshd-auth> 22:19:11 fstat(5</usr/lib64/libkrb5.so.3.3>, {st_mode=S_IFREG|0755, st_size=874144, ...}) = 0
27401<sshd-auth> 22:19:11 mmap(NULL, 856888, PROT_READ|PROT_EXEC, MAP_PRIVATE|MAP_DENYWRITE, 5</usr/lib64/libkrb5.so.3.3>, 0) = 0x7f8418d00000
27401<sshd-auth> 22:19:11 mmap(0x7f8418d74000, 319488, PROT_READ, MAP_PRIVATE|MAP_FIXED|MAP_DENYWRITE, 5</usr/lib64/libkrb5.so.3.3>, 0x74000) = 0x7f8418d74000
27401<sshd-auth> 22:19:11 mmap(0x7f8418dc2000, 65536, PROT_READ|PROT_WRITE, MAP_PRIVATE|MAP_FIXED|MAP_DENYWRITE, 5</usr/lib64/libkrb5.so.3.3>, 0xc2000) = 0x7f8418dc2000
27401<sshd-auth> 22:19:11 close(5</usr/lib64/libkrb5.so.3.3>) = 0
27401<sshd-auth> 22:19:11 openat(AT_FDCWD</>, "/lib64/libcom_err.so.2", O_RDONLY|O_CLOEXEC) = 5</usr/lib64/libcom_err.so.2.1>
27401<sshd-auth> 22:19:11 read(5</usr/lib64/libcom_err.so.2.1>, "\177ELF\2\1\1\0\0\0\0\0\0\0\0\0\3\0>\0\1\0\0\0\0\0\0\0\0\0\0\0"..., 832) = 832
27401<sshd-auth> 22:19:11 fstat(5</usr/lib64/libcom_err.so.2.1>, {st_mode=S_IFREG|0755, st_size=19872, ...}) = 0
27401<sshd-auth> 22:19:11 mmap(NULL, 20544, PROT_READ|PROT_EXEC, MAP_PRIVATE|MAP_DENYWRITE, 5</usr/lib64/libcom_err.so.2.1>, 0) = 0x7f8418cfa000
27401<sshd-auth> 22:19:11 mmap(0x7f8418cfc000, 8192, PROT_READ, MAP_PRIVATE|MAP_FIXED|MAP_DENYWRITE, 5</usr/lib64/libcom_err.so.2.1>, 0x2000) = 0x7f8418cfc000
27401<sshd-auth> 22:19:11 mmap(0x7f8418cfe000, 8192, PROT_READ|PROT_WRITE, MAP_PRIVATE|MAP_FIXED|MAP_DENYWRITE, 5</usr/lib64/libcom_err.so.2.1>, 0x3000) = 0x7f8418cfe000
27401<sshd-auth> 22:19:11 close(5</usr/lib64/libcom_err.so.2.1>) = 0
27401<sshd-auth> 22:19:11 openat(AT_FDCWD</>, "/lib64/libcrypto.so.3", O_RDONLY|O_CLOEXEC) = 5</usr/lib64/libcrypto.so.3.5.5>
27401<sshd-auth> 22:19:11 read(5</usr/lib64/libcrypto.so.3.5.5>, "\177ELF\2\1\1\0\0\0\0\0\0\0\0\0\3\0>\0\1\0\0\0\0\0\0\0\0\0\0\0"..., 832) = 832
27401<sshd-auth> 22:19:11 fstat(5</usr/lib64/libcrypto.so.3.5.5>, {st_mode=S_IFREG|0755, st_size=5774096, ...}) = 0
27401<sshd-auth> 22:19:11 mmap(NULL, 5663248, PROT_READ|PROT_EXEC, MAP_PRIVATE|MAP_DENYWRITE, 5</usr/lib64/libcrypto.so.3.5.5>, 0) = 0x7f8418600000
27401<sshd-auth> 22:19:11 mmap(0x7f8418980000, 1482752, PROT_READ, MAP_PRIVATE|MAP_FIXED|MAP_DENYWRITE, 5</usr/lib64/libcrypto.so.3.5.5>, 0x380000) = 0x7f8418980000
27401<sshd-auth> 22:19:11 mmap(0x7f8418aea000, 499712, PROT_READ|PROT_WRITE, MAP_PRIVATE|MAP_FIXED|MAP_DENYWRITE, 5</usr/lib64/libcrypto.so.3.5.5>, 0x4ea000) = 0x7f8418aea000
27401<sshd-auth> 22:19:11 mmap(0x7f8418b64000, 10768, PROT_READ|PROT_WRITE, MAP_PRIVATE|MAP_FIXED|MAP_ANONYMOUS, -1, 0) = 0x7f8418b64000
27401<sshd-auth> 22:19:11 close(5</usr/lib64/libcrypto.so.3.5.5>) = 0
27401<sshd-auth> 22:19:11 openat(AT_FDCWD</>, "/lib64/libz.so.1", O_RDONLY|O_CLOEXEC) = 5</usr/lib64/libz.so.1.3.1.zlib-ng>
27401<sshd-auth> 22:19:11 read(5</usr/lib64/libz.so.1.3.1.zlib-ng>, "\177ELF\2\1\1\0\0\0\0\0\0\0\0\0\3\0>\0\1\0\0\0\0\0\0\0\0\0\0\0"..., 832) = 832
27401<sshd-auth> 22:19:11 fstat(5</usr/lib64/libz.so.1.3.1.zlib-ng>, {st_mode=S_IFREG|0755, st_size=169544, ...}) = 0
27401<sshd-auth> 22:19:11 mmap(NULL, 8192, PROT_READ|PROT_WRITE, MAP_PRIVATE|MAP_ANONYMOUS, -1, 0) = 0x7f8418cf8000
27401<sshd-auth> 22:19:11 mmap(NULL, 168056, PROT_READ|PROT_EXEC, MAP_PRIVATE|MAP_DENYWRITE, 5</usr/lib64/libz.so.1.3.1.zlib-ng>, 0) = 0x7f8418cce000
27401<sshd-auth> 22:19:11 mmap(0x7f8418ceb000, 45056, PROT_READ, MAP_PRIVATE|MAP_FIXED|MAP_DENYWRITE, 5</usr/lib64/libz.so.1.3.1.zlib-ng>, 0x1d000) = 0x7f8418ceb000
27401<sshd-auth> 22:19:11 mmap(0x7f8418cf6000, 8192, PROT_READ|PROT_WRITE, MAP_PRIVATE|MAP_FIXED|MAP_DENYWRITE, 5</usr/lib64/libz.so.1.3.1.zlib-ng>, 0x27000) = 0x7f8418cf6000
27401<sshd-auth> 22:19:11 close(5</usr/lib64/libz.so.1.3.1.zlib-ng>) = 0
27401<sshd-auth> 22:19:11 openat(AT_FDCWD</>, "/lib64/libc.so.6", O_RDONLY|O_CLOEXEC) = 5</usr/lib64/libc.so.6>
27401<sshd-auth> 22:19:11 read(5</usr/lib64/libc.so.6>, "\177ELF\2\1\1\3\0\0\0\0\0\0\0\0\3\0>\0\1\0\0\0\2408\0\0\0\0\0\0"..., 832) = 832
27401<sshd-auth> 22:19:11 pread64(5</usr/lib64/libc.so.6>, "\6\0\0\0\4\0\0\0@\0\0\0\0\0\0\0@\0\0\0\0\0\0\0@\0\0\0\0\0\0\0"..., 784, 64) = 784
27401<sshd-auth> 22:19:11 fstat(5</usr/lib64/libc.so.6>, {st_mode=S_IFREG|0755, st_size=2490288, ...}) = 0
27401<sshd-auth> 22:19:11 pread64(5</usr/lib64/libc.so.6>, "\6\0\0\0\4\0\0\0@\0\0\0\0\0\0\0@\0\0\0\0\0\0\0@\0\0\0\0\0\0\0"..., 784, 64) = 784
27401<sshd-auth> 22:19:11 mmap(NULL, 2075504, PROT_READ|PROT_EXEC, MAP_PRIVATE|MAP_DENYWRITE, 5</usr/lib64/libc.so.6>, 0) = 0x7f8418405000
27401<sshd-auth> 22:19:11 mmap(0x7f8418579000, 495616, PROT_READ, MAP_PRIVATE|MAP_FIXED|MAP_DENYWRITE, 5</usr/lib64/libc.so.6>, 0x174000) = 0x7f8418579000
27401<sshd-auth> 22:19:11 mmap(0x7f84185f2000, 24576, PROT_READ|PROT_WRITE, MAP_PRIVATE|MAP_FIXED|MAP_DENYWRITE, 5</usr/lib64/libc.so.6>, 0x1ed000) = 0x7f84185f2000
27401<sshd-auth> 22:19:11 mmap(0x7f84185f8000, 31600, PROT_READ|PROT_WRITE, MAP_PRIVATE|MAP_FIXED|MAP_ANONYMOUS, -1, 0) = 0x7f84185f8000
27401<sshd-auth> 22:19:11 close(5</usr/lib64/libc.so.6>) = 0
27401<sshd-auth> 22:19:11 openat(AT_FDCWD</>, "/lib64/libcap-ng.so.0", O_RDONLY|O_CLOEXEC) = 5</usr/lib64/libcap-ng.so.0.0.0>
27401<sshd-auth> 22:19:11 read(5</usr/lib64/libcap-ng.so.0.0.0>, "\177ELF\2\1\1\0\0\0\0\0\0\0\0\0\3\0>\0\1\0\0\0\0\0\0\0\0\0\0\0"..., 832) = 832
27401<sshd-auth> 22:19:11 fstat(5</usr/lib64/libcap-ng.so.0.0.0>, {st_mode=S_IFREG|0755, st_size=32200, ...}) = 0
27401<sshd-auth> 22:19:11 mmap(NULL, 28696, PROT_READ|PROT_EXEC, MAP_PRIVATE|MAP_DENYWRITE, 5</usr/lib64/libcap-ng.so.0.0.0>, 0) = 0x7f8418cc6000
27401<sshd-auth> 22:19:11 mmap(0x7f8418cca000, 8192, PROT_READ, MAP_PRIVATE|MAP_FIXED|MAP_DENYWRITE, 5</usr/lib64/libcap-ng.so.0.0.0>, 0x4000) = 0x7f8418cca000
27401<sshd-auth> 22:19:11 mmap(0x7f8418ccc000, 4096, PROT_READ|PROT_WRITE, MAP_PRIVATE|MAP_FIXED|MAP_DENYWRITE, 5</usr/lib64/libcap-ng.so.0.0.0>, 0x6000) = 0x7f8418ccc000
27401<sshd-auth> 22:19:11 mmap(0x7f8418ccd000, 24, PROT_READ|PROT_WRITE, MAP_PRIVATE|MAP_FIXED|MAP_ANONYMOUS, -1, 0) = 0x7f8418ccd000
27401<sshd-auth> 22:19:11 close(5</usr/lib64/libcap-ng.so.0.0.0>) = 0
27401<sshd-auth> 22:19:11 openat(AT_FDCWD</>, "/lib64/libeconf.so.0", O_RDONLY|O_CLOEXEC) = 5</usr/lib64/libeconf.so.0.7.9>
27401<sshd-auth> 22:19:11 read(5</usr/lib64/libeconf.so.0.7.9>, "\177ELF\2\1\1\0\0\0\0\0\0\0\0\0\3\0>\0\1\0\0\0\0\0\0\0\0\0\0\0"..., 832) = 832
27401<sshd-auth> 22:19:11 fstat(5</usr/lib64/libeconf.so.0.7.9>, {st_mode=S_IFREG|0755, st_size=53232, ...}) = 0
27401<sshd-auth> 22:19:11 mmap(NULL, 54400, PROT_READ|PROT_EXEC, MAP_PRIVATE|MAP_DENYWRITE, 5</usr/lib64/libeconf.so.0.7.9>, 0) = 0x7f8418cb8000
27401<sshd-auth> 22:19:11 mmap(0x7f8418cc0000, 16384, PROT_READ, MAP_PRIVATE|MAP_FIXED|MAP_DENYWRITE, 5</usr/lib64/libeconf.so.0.7.9>, 0x8000) = 0x7f8418cc0000
27401<sshd-auth> 22:19:11 mmap(0x7f8418cc4000, 8192, PROT_READ|PROT_WRITE, MAP_PRIVATE|MAP_FIXED|MAP_DENYWRITE, 5</usr/lib64/libeconf.so.0.7.9>, 0xb000) = 0x7f8418cc4000
27401<sshd-auth> 22:19:11 close(5</usr/lib64/libeconf.so.0.7.9>) = 0
27401<sshd-auth> 22:19:11 openat(AT_FDCWD</>, "/lib64/libk5crypto.so.3", O_RDONLY|O_CLOEXEC) = 5</usr/lib64/libk5crypto.so.3.1>
27401<sshd-auth> 22:19:11 read(5</usr/lib64/libk5crypto.so.3.1>, "\177ELF\2\1\1\0\0\0\0\0\0\0\0\0\3\0>\0\1\0\0\0\0\0\0\0\0\0\0\0"..., 832) = 832
27401<sshd-auth> 22:19:11 fstat(5</usr/lib64/libk5crypto.so.3.1>, {st_mode=S_IFREG|0755, st_size=95176, ...}) = 0
27401<sshd-auth> 22:19:11 mmap(NULL, 94256, PROT_READ|PROT_EXEC, MAP_PRIVATE|MAP_DENYWRITE, 5</usr/lib64/libk5crypto.so.3.1>, 0) = 0x7f8418ca0000
27401<sshd-auth> 22:19:11 mmap(0x7f8418cae000, 28672, PROT_READ, MAP_PRIVATE|MAP_FIXED|MAP_DENYWRITE, 5</usr/lib64/libk5crypto.so.3.1>, 0xe000) = 0x7f8418cae000
27401<sshd-auth> 22:19:11 mmap(0x7f8418cb5000, 8192, PROT_READ|PROT_WRITE, MAP_PRIVATE|MAP_FIXED|MAP_DENYWRITE, 5</usr/lib64/libk5crypto.so.3.1>, 0x14000) = 0x7f8418cb5000
27401<sshd-auth> 22:19:11 mmap(0x7f8418cb7000, 48, PROT_READ|PROT_WRITE, MAP_PRIVATE|MAP_FIXED|MAP_ANONYMOUS, -1, 0) = 0x7f8418cb7000
27401<sshd-auth> 22:19:11 close(5</usr/lib64/libk5crypto.so.3.1>) = 0
27401<sshd-auth> 22:19:11 openat(AT_FDCWD</>, "/lib64/libkrb5support.so.0", O_RDONLY|O_CLOEXEC) = 5</usr/lib64/libkrb5support.so.0.1>
27401<sshd-auth> 22:19:11 read(5</usr/lib64/libkrb5support.so.0.1>, "\177ELF\2\1\1\0\0\0\0\0\0\0\0\0\3\0>\0\1\0\0\0\0\0\0\0\0\0\0\0"..., 832) = 832
27401<sshd-auth> 22:19:11 fstat(5</usr/lib64/libkrb5support.so.0.1>, {st_mode=S_IFREG|0755, st_size=66368, ...}) = 0
27401<sshd-auth> 22:19:11 mmap(NULL, 66160, PROT_READ|PROT_EXEC, MAP_PRIVATE|MAP_DENYWRITE, 5</usr/lib64/libkrb5support.so.0.1>, 0) = 0x7f8418c8f000
27401<sshd-auth> 22:19:11 mmap(0x7f8418c98000, 24576, PROT_READ, MAP_PRIVATE|MAP_FIXED|MAP_DENYWRITE, 5</usr/lib64/libkrb5support.so.0.1>, 0x9000) = 0x7f8418c98000
27401<sshd-auth> 22:19:11 mmap(0x7f8418c9e000, 8192, PROT_READ|PROT_WRITE, MAP_PRIVATE|MAP_FIXED|MAP_DENYWRITE, 5</usr/lib64/libkrb5support.so.0.1>, 0xe000) = 0x7f8418c9e000
27401<sshd-auth> 22:19:11 close(5</usr/lib64/libkrb5support.so.0.1>) = 0
27401<sshd-auth> 22:19:11 openat(AT_FDCWD</>, "/lib64/libkeyutils.so.1", O_RDONLY|O_CLOEXEC) = 5</usr/lib64/libkeyutils.so.1.10>
27401<sshd-auth> 22:19:11 read(5</usr/lib64/libkeyutils.so.1.10>, "\177ELF\2\1\1\0\0\0\0\0\0\0\0\0\3\0>\0\1\0\0\0\0\0\0\0\0\0\0\0"..., 832) = 832
27401<sshd-auth> 22:19:11 fstat(5</usr/lib64/libkeyutils.so.1.10>, {st_mode=S_IFREG|0755, st_size=24192, ...}) = 0
27401<sshd-auth> 22:19:11 mmap(NULL, 8192, PROT_READ|PROT_WRITE, MAP_PRIVATE|MAP_ANONYMOUS, -1, 0) = 0x7f8418c8d000
27401<sshd-auth> 22:19:11 mmap(NULL, 20488, PROT_READ|PROT_EXEC, MAP_PRIVATE|MAP_DENYWRITE, 5</usr/lib64/libkeyutils.so.1.10>, 0) = 0x7f8418c87000
27401<sshd-auth> 22:19:11 mmap(0x7f8418c89000, 8192, PROT_READ, MAP_PRIVATE|MAP_FIXED|MAP_DENYWRITE, 5</usr/lib64/libkeyutils.so.1.10>, 0x2000) = 0x7f8418c89000
27401<sshd-auth> 22:19:11 mmap(0x7f8418c8b000, 4096, PROT_READ|PROT_WRITE, MAP_PRIVATE|MAP_FIXED|MAP_DENYWRITE, 5</usr/lib64/libkeyutils.so.1.10>, 0x4000) = 0x7f8418c8b000
27401<sshd-auth> 22:19:11 mmap(0x7f8418c8c000, 8, PROT_READ|PROT_WRITE, MAP_PRIVATE|MAP_FIXED|MAP_ANONYMOUS, -1, 0) = 0x7f8418c8c000
27401<sshd-auth> 22:19:11 close(5</usr/lib64/libkeyutils.so.1.10>) = 0
27401<sshd-auth> 22:19:11 openat(AT_FDCWD</>, "/lib64/libresolv.so.2", O_RDONLY|O_CLOEXEC) = 5</usr/lib64/libresolv.so.2>
27401<sshd-auth> 22:19:11 read(5</usr/lib64/libresolv.so.2>, "\177ELF\2\1\1\0\0\0\0\0\0\0\0\0\3\0>\0\1\0\0\0\0\0\0\0\0\0\0\0"..., 832) = 832
27401<sshd-auth> 22:19:11 fstat(5</usr/lib64/libresolv.so.2>, {st_mode=S_IFREG|0755, st_size=69992, ...}) = 0
27401<sshd-auth> 22:19:11 mmap(NULL, 75912, PROT_READ|PROT_EXEC, MAP_PRIVATE|MAP_DENYWRITE, 5</usr/lib64/libresolv.so.2>, 0) = 0x7f8418c74000
27401<sshd-auth> 22:19:11 mmap(0x7f8418c7e000, 20480, PROT_READ, MAP_PRIVATE|MAP_FIXED|MAP_DENYWRITE, 5</usr/lib64/libresolv.so.2>, 0xa000) = 0x7f8418c7e000
27401<sshd-auth> 22:19:11 mmap(0x7f8418c83000, 8192, PROT_READ|PROT_WRITE, MAP_PRIVATE|MAP_FIXED|MAP_DENYWRITE, 5</usr/lib64/libresolv.so.2>, 0xf000) = 0x7f8418c83000
27401<sshd-auth> 22:19:11 mmap(0x7f8418c85000, 6280, PROT_READ|PROT_WRITE, MAP_PRIVATE|MAP_FIXED|MAP_ANONYMOUS, -1, 0) = 0x7f8418c85000
27401<sshd-auth> 22:19:11 close(5</usr/lib64/libresolv.so.2>) = 0
27401<sshd-auth> 22:19:11 openat(AT_FDCWD</>, "/lib64/libselinux.so.1", O_RDONLY|O_CLOEXEC) = 5</usr/lib64/libselinux.so.1>
27401<sshd-auth> 22:19:11 read(5</usr/lib64/libselinux.so.1>, "\177ELF\2\1\1\0\0\0\0\0\0\0\0\0\3\0>\0\1\0\0\0\0\0\0\0\0\0\0\0"..., 832) = 832
27401<sshd-auth> 22:19:11 fstat(5</usr/lib64/libselinux.so.1>, {st_mode=S_IFREG|0755, st_size=204752, ...}) = 0
27401<sshd-auth> 22:19:11 mmap(NULL, 206288, PROT_READ|PROT_EXEC, MAP_PRIVATE|MAP_DENYWRITE, 5</usr/lib64/libselinux.so.1>, 0) = 0x7f8418c41000
27401<sshd-auth> 22:19:11 mmap(0x7f8418c62000, 57344, PROT_READ, MAP_PRIVATE|MAP_FIXED|MAP_DENYWRITE, 5</usr/lib64/libselinux.so.1>, 0x21000) = 0x7f8418c62000
27401<sshd-auth> 22:19:11 mmap(0x7f8418c70000, 8192, PROT_READ|PROT_WRITE, MAP_PRIVATE|MAP_FIXED|MAP_DENYWRITE, 5</usr/lib64/libselinux.so.1>, 0x2f000) = 0x7f8418c70000
27401<sshd-auth> 22:19:11 mmap(0x7f8418c72000, 5584, PROT_READ|PROT_WRITE, MAP_PRIVATE|MAP_FIXED|MAP_ANONYMOUS, -1, 0) = 0x7f8418c72000
27401<sshd-auth> 22:19:11 close(5</usr/lib64/libselinux.so.1>) = 0
27401<sshd-auth> 22:19:11 openat(AT_FDCWD</>, "/lib64/libpcre2-8.so.0", O_RDONLY|O_CLOEXEC) = 5</usr/lib64/libpcre2-8.so.0.15.0>
27401<sshd-auth> 22:19:11 read(5</usr/lib64/libpcre2-8.so.0.15.0>, "\177ELF\2\1\1\0\0\0\0\0\0\0\0\0\3\0>\0\1\0\0\0\0\0\0\0\0\0\0\0"..., 832) = 832
27401<sshd-auth> 22:19:11 fstat(5</usr/lib64/libpcre2-8.so.0.15.0>, {st_mode=S_IFREG|0755, st_size=724280, ...}) = 0
27401<sshd-auth> 22:19:11 mmap(NULL, 721368, PROT_READ|PROT_EXEC, MAP_PRIVATE|MAP_DENYWRITE, 5</usr/lib64/libpcre2-8.so.0.15.0>, 0) = 0x7f8418b90000
27401<sshd-auth> 22:19:11 mmap(0x7f8418c11000, 188416, PROT_READ, MAP_PRIVATE|MAP_FIXED|MAP_DENYWRITE, 5</usr/lib64/libpcre2-8.so.0.15.0>, 0x81000) = 0x7f8418c11000
27401<sshd-auth> 22:19:11 mmap(0x7f8418c3f000, 8192, PROT_READ|PROT_WRITE, MAP_PRIVATE|MAP_FIXED|MAP_DENYWRITE, 5</usr/lib64/libpcre2-8.so.0.15.0>, 0xae000) = 0x7f8418c3f000
27401<sshd-auth> 22:19:11 close(5</usr/lib64/libpcre2-8.so.0.15.0>) = 0
27401<sshd-auth> 22:19:11 mmap(NULL, 8192, PROT_READ|PROT_WRITE, MAP_PRIVATE|MAP_ANONYMOUS, -1, 0) = 0x7f8418b8e000
27401<sshd-auth> 22:19:11 mmap(NULL, 12288, PROT_READ|PROT_WRITE, MAP_PRIVATE|MAP_ANONYMOUS, -1, 0) = 0x7f8418b8b000
27401<sshd-auth> 22:19:11 arch_prctl(ARCH_SET_FS, 0x7f8418b8b900) = 0
27401<sshd-auth> 22:19:11 set_tid_address(0x7f8418b8bf28) = 27401<sshd-auth>
27401<sshd-auth> 22:19:11 set_robust_list(0x7f8418b8bbe0, 24) = 0
27401<sshd-auth> 22:19:11 rseq({cpu_id_start=0, cpu_id=RSEQ_CPU_ID_UNINITIALIZED, rseq_cs=NULL, flags=0, node_id=0, mm_cid=0, slice_ctrl={request=0, granted=0, __reserved=0}, __reserved=0}, 32, 0, 0x53053053) = 0
27401<sshd-auth> 22:19:11 mprotect(0x7f84185f2000, 16384, PROT_READ) = 0
27401<sshd-auth> 22:19:11 mprotect(0x7f8418c3f000, 4096, PROT_READ) = 0
27401<sshd-auth> 22:19:11 mprotect(0x7f8418c70000, 4096, PROT_READ) = 0
27401<sshd-auth> 22:19:11 mprotect(0x7f8418c83000, 4096, PROT_READ) = 0
27401<sshd-auth> 22:19:11 mprotect(0x7f8418c8b000, 4096, PROT_READ) = 0
27401<sshd-auth> 22:19:11 mprotect(0x7f8418cf6000, 4096, PROT_READ) = 0
27401<sshd-auth> 22:19:11 mprotect(0x7f8418aea000, 487424, PROT_READ) = 0
27401<sshd-auth> 22:19:11 mprotect(0x7f8418c9e000, 4096, PROT_READ) = 0
27401<sshd-auth> 22:19:11 mprotect(0x7f8418cb5000, 8192, PROT_READ) = 0
27401<sshd-auth> 22:19:11 mprotect(0x7f8418cc4000, 4096, PROT_READ) = 0
27401<sshd-auth> 22:19:11 mprotect(0x7f8418ccc000, 4096, PROT_READ) = 0
27401<sshd-auth> 22:19:11 mprotect(0x7f8418cfe000, 4096, PROT_READ) = 0
27401<sshd-auth> 22:19:11 mprotect(0x7f8418dc2000, 57344, PROT_READ) = 0
27401<sshd-auth> 22:19:11 mprotect(0x7f8418e29000, 12288, PROT_READ) = 0
27401<sshd-auth> 22:19:11 mprotect(0x7f8418e6a000, 4096, PROT_READ) = 0
27401<sshd-auth> 22:19:11 mprotect(0x7f8418e3d000, 4096, PROT_READ) = 0
27401<sshd-auth> 22:19:11 mprotect(0x559b7c8bf000, 12288, PROT_READ) = 0
27401<sshd-auth> 22:19:11 mprotect(0x7f8418ecb000, 8192, PROT_READ) = 0
27401<sshd-auth> 22:19:11 prlimit64(0, RLIMIT_STACK, NULL, {rlim_cur=8192*1024, rlim_max=RLIM64_INFINITY}) = 0
27401<sshd-auth> 22:19:11 getrandom("\x7a\xe1\xfe\xaa\x6a\xae\x5d\x8c", 8, GRND_NONBLOCK) = 8
27401<sshd-auth> 22:19:11 munmap(0x7f8418e7a000, 74499) = 0
27401<sshd-auth> 22:19:11 statfs("/sys/fs/selinux", {f_type=SELINUX_MAGIC, f_bsize=4096, f_blocks=0, f_bfree=0, f_bavail=0, f_files=0, f_ffree=0, f_fsid={val=[0x15, 0]}, f_namelen=255, f_frsize=4096, f_flags=ST_VALID|ST_NOSUID|ST_NOEXEC|ST_RELATIME}) = 0
27401<sshd-auth> 22:19:11 statfs("/sys/fs/selinux", {f_type=SELINUX_MAGIC, f_bsize=4096, f_blocks=0, f_bfree=0, f_bavail=0, f_files=0, f_ffree=0, f_fsid={val=[0x15, 0]}, f_namelen=255, f_frsize=4096, f_flags=ST_VALID|ST_NOSUID|ST_NOEXEC|ST_RELATIME}) = 0
27401<sshd-auth> 22:19:11 brk(NULL)     = 0x559b956bf000
27401<sshd-auth> 22:19:11 brk(0x559b956e0000) = 0x559b956e0000
27401<sshd-auth> 22:19:11 access("/etc/selinux/config", F_OK) = 0
27401<sshd-auth> 22:19:11 openat(AT_FDCWD</>, "/proc/sys/kernel/cap_last_cap", O_RDONLY) = 5</proc/sys/kernel/cap_last_cap>
27401<sshd-auth> 22:19:11 fstatfs(5</proc/sys/kernel/cap_last_cap>, {f_type=PROC_SUPER_MAGIC, f_bsize=4096, f_blocks=0, f_bfree=0, f_bavail=0, f_files=0, f_ffree=0, f_fsid={val=[0x16, 0]}, f_namelen=255, f_frsize=4096, f_flags=ST_VALID|ST_NOSUID|ST_NODEV|ST_NOEXEC|ST_RELATIME}) = 0
27401<sshd-auth> 22:19:11 read(5</proc/sys/kernel/cap_last_cap>, "40\n", 7) = 3
27401<sshd-auth> 22:19:11 close(5</proc/sys/kernel/cap_last_cap>) = 0
27401<sshd-auth> 22:19:11 prctl(PR_CAPBSET_READ, CAP_CHOWN) = 1
27401<sshd-auth> 22:19:11 prctl(PR_CAP_AMBIENT, PR_CAP_AMBIENT_IS_SET, CAP_CHOWN, 0, 0) = 0
27401<sshd-auth> 22:19:11 close_range(5, 2147483647, 0) = 0
27401<sshd-auth> 22:19:11 rt_sigprocmask(SIG_SETMASK, [], NULL, 8) = 0
27401<sshd-auth> 22:19:11 futex(0x7f8418b63ffc, FUTEX_WAKE_PRIVATE, 2147483647) = 0
27401<sshd-auth> 22:19:11 futex(0x7f8418b64040, FUTEX_WAKE_PRIVATE, 2147483647) = 0
27401<sshd-auth> 22:19:11 futex(0x7f8418b6403c, FUTEX_WAKE_PRIVATE, 2147483647) = 0
27401<sshd-auth> 22:19:11 futex(0x7f8418b64038, FUTEX_WAKE_PRIVATE, 2147483647) = 0
27401<sshd-auth> 22:19:11 futex(0x7f8418b64438, FUTEX_WAKE_PRIVATE, 2147483647) = 0
27401<sshd-auth> 22:19:11 futex(0x7f8418b6402c, FUTEX_WAKE_PRIVATE, 2147483647) = 0
27401<sshd-auth> 22:19:11 futex(0x7f8418b64028, FUTEX_WAKE_PRIVATE, 2147483647) = 0
27401<sshd-auth> 22:19:11 futex(0x7f8418b64490, FUTEX_WAKE_PRIVATE, 2147483647) = 0
27401<sshd-auth> 22:19:11 openat(AT_FDCWD</>, "/proc/sys/crypto/fips_enabled", O_RDONLY) = 5</proc/sys/crypto/fips_enabled>
27401<sshd-auth> 22:19:11 read(5</proc/sys/crypto/fips_enabled>, "0\n", 2) = 2
27401<sshd-auth> 22:19:11 close(5</proc/sys/crypto/fips_enabled>) = 0
27401<sshd-auth> 22:19:11 futex(0x7f8418b63a48, FUTEX_WAKE_PRIVATE, 2147483647) = 0
27401<sshd-auth> 22:19:11 futex(0x7f8418b63f0c, FUTEX_WAKE_PRIVATE, 2147483647) = 0
27401<sshd-auth> 22:19:11 futex(0x7f8418b63c60, FUTEX_WAKE_PRIVATE, 2147483647) = 0
27401<sshd-auth> 22:19:11 futex(0x7f8418b64004, FUTEX_WAKE_PRIVATE, 2147483647) = 0
27401<sshd-auth> 22:19:11 futex(0x7f8418b63c70, FUTEX_WAKE_PRIVATE, 2147483647) = 0
27401<sshd-auth> 22:19:11 futex(0x7f8418b64034, FUTEX_WAKE_PRIVATE, 2147483647) = 0
27401<sshd-auth> 22:19:11 openat(AT_FDCWD</>, "/etc/pki/tls/openssl.cnf", O_RDONLY) = 5</etc/pki/tls/openssl.cnf>
27401<sshd-auth> 22:19:11 fstat(5</etc/pki/tls/openssl.cnf>, {st_mode=S_IFREG|0644, st_size=12412, ...}) = 0
27401<sshd-auth> 22:19:11 read(5</etc/pki/tls/openssl.cnf>, "#\n# OpenSSL example configuratio"..., 4096) = 4096
27401<sshd-auth> 22:19:11 newfstatat(AT_FDCWD</>, "/etc/pki/tls/openssl.d", {st_mode=S_IFDIR|0755, st_size=40, ...}, 0) = 0
27401<sshd-auth> 22:19:11 openat(AT_FDCWD</>, "/etc/pki/tls/openssl.d", O_RDONLY|O_NONBLOCK|O_CLOEXEC|O_DIRECTORY) = 6</etc/pki/tls/openssl.d>
27401<sshd-auth> 22:19:11 fstat(6</etc/pki/tls/openssl.d>, {st_mode=S_IFDIR|0755, st_size=40, ...}) = 0
27401<sshd-auth> 22:19:11 brk(0x559b95706000) = 0x559b95706000
27401<sshd-auth> 22:19:11 getdents64(6</etc/pki/tls/openssl.d>, 0x559b956dde20 /* 3 entries */, 32768) = 88
27401<sshd-auth> 22:19:11 openat(AT_FDCWD</>, "/etc/pki/tls/openssl.d/pkcs11-provider.conf", O_RDONLY) = 7</etc/pki/tls/openssl.d/pkcs11-provider.conf>
27401<sshd-auth> 22:19:11 fstat(7</etc/pki/tls/openssl.d/pkcs11-provider.conf>, {st_mode=S_IFREG|0644, st_size=354, ...}) = 0
27401<sshd-auth> 22:19:11 read(7</etc/pki/tls/openssl.d/pkcs11-provider.conf>, "##[provider_sect]\n##pkcs11 = pkc"..., 4096) = 354
27401<sshd-auth> 22:19:11 read(7</etc/pki/tls/openssl.d/pkcs11-provider.conf>, "", 4096) = 0
27401<sshd-auth> 22:19:11 getdents64(6</etc/pki/tls/openssl.d>, 0x559b956dde20 /* 0 entries */, 32768) = 0
27401<sshd-auth> 22:19:11 close(6</etc/pki/tls/openssl.d>) = 0
27401<sshd-auth> 22:19:11 close(7</etc/pki/tls/openssl.d/pkcs11-provider.conf>) = 0
27401<sshd-auth> 22:19:11 newfstatat(AT_FDCWD</>, "/etc/crypto-policies/back-ends/opensslcnf.config", {st_mode=S_IFREG|0644, st_size=989, ...}, 0) = 0
27401<sshd-auth> 22:19:11 openat(AT_FDCWD</>, "/etc/crypto-policies/back-ends/opensslcnf.config", O_RDONLY) = 6</usr/share/crypto-policies/DEFAULT/opensslcnf.txt>
27401<sshd-auth> 22:19:11 fstat(6</usr/share/crypto-policies/DEFAULT/opensslcnf.txt>, {st_mode=S_IFREG|0644, st_size=989, ...}) = 0
27401<sshd-auth> 22:19:11 read(6</usr/share/crypto-policies/DEFAULT/opensslcnf.txt>, "CipherString = @SECLEVEL=2:kEECD"..., 4096) = 989
27401<sshd-auth> 22:19:11 read(6</usr/share/crypto-policies/DEFAULT/opensslcnf.txt>, "", 4096) = 0
27401<sshd-auth> 22:19:11 close(6</usr/share/crypto-policies/DEFAULT/opensslcnf.txt>) = 0
27401<sshd-auth> 22:19:11 read(5</etc/pki/tls/openssl.cnf>, "d look\n# For type CA, the listed"..., 4096) = 4096
27401<sshd-auth> 22:19:11 read(5</etc/pki/tls/openssl.cnf>, "ltName=email:copy\n# Copy issuer "..., 4096) = 4096
27401<sshd-auth> 22:19:11 read(5</etc/pki/tls/openssl.cnf>, "dcert = $insta::certout # insta."..., 4096) = 124
27401<sshd-auth> 22:19:11 read(5</etc/pki/tls/openssl.cnf>, "", 4096) = 0
27401<sshd-auth> 22:19:11 close(5</etc/pki/tls/openssl.cnf>) = 0
27401<sshd-auth> 22:19:11 futex(0x7f8418b63a30, FUTEX_WAKE_PRIVATE, 2147483647) = 0
27401<sshd-auth> 22:19:11 futex(0x7f8418b63a9c, FUTEX_WAKE_PRIVATE, 2147483647) = 0
27401<sshd-auth> 22:19:11 futex(0x7f8418b64018, FUTEX_WAKE_PRIVATE, 2147483647) = 0
27401<sshd-auth> 22:19:11 futex(0x7f8418b64014, FUTEX_WAKE_PRIVATE, 2147483647) = 0
27401<sshd-auth> 22:19:11 futex(0x7f8418b63a38, FUTEX_WAKE_PRIVATE, 2147483647) = 0
27401<sshd-auth> 22:19:11 futex(0x7f8418b64024, FUTEX_WAKE_PRIVATE, 2147483647) = 0
27401<sshd-auth> 22:19:11 getpid()      = 27401<sshd-auth>
27401<sshd-auth> 22:19:11 brk(0x559b95727000) = 0x559b95727000
27401<sshd-auth> 22:19:11 rt_sigprocmask(SIG_BLOCK, ~[], [], 8) = 0
27401<sshd-auth> 22:19:11 mmap(NULL, 4096, PROT_READ|PROT_WRITE, MAP_DROPPABLE|MAP_ANONYMOUS, -1, 0) = 0x7f8418e8c000
27401<sshd-auth> 22:19:11 mmap(NULL, 4096, PROT_READ|PROT_WRITE, MAP_PRIVATE|MAP_ANONYMOUS, -1, 0) = 0x7f8418e8b000
27401<sshd-auth> 22:19:11 rt_sigprocmask(SIG_SETMASK, [], NULL, 8) = 0
27401<sshd-auth> 22:19:11 getrandom("\x3a\x41\xbd\xe6\xd6\x24\x12\xbf\x92\x0f\x0b\x49\x55\xfd\xf7\xff\x96\x3a\x6c\x7a\x10\x37\x18\x87\x40\x92\x82\xab\x6e\xc3\xec\x5e", 32, 0) = 32
27401<sshd-auth> 22:19:11 openat(AT_FDCWD</>, "/dev/null", O_RDWR) = 5</dev/null<char 1:3>>
27401<sshd-auth> 22:19:11 close(5</dev/null<char 1:3>>) = 0
27401<sshd-auth> 22:19:11 dup(0<TCP:[127.0.0.1:22->127.0.0.1:60704]>) = 5<TCP:[127.0.0.1:22->127.0.0.1:60704]>
27401<sshd-auth> 22:19:11 openat(AT_FDCWD</>, "/dev/null", O_RDWR) = 6</dev/null<char 1:3>>
27401<sshd-auth> 22:19:11 dup2(6</dev/null<char 1:3>>, 0<TCP:[127.0.0.1:22->127.0.0.1:60704]>) = 0</dev/null<char 1:3>>
27401<sshd-auth> 22:19:11 dup2(6</dev/null<char 1:3>>, 1<TCP:[127.0.0.1:22->127.0.0.1:60704]>) = 1</dev/null<char 1:3>>
27401<sshd-auth> 22:19:11 close(6</dev/null<char 1:3>>) = 0
27401<sshd-auth> 22:19:11 getpeername(5<TCP:[127.0.0.1:22->127.0.0.1:60704]>, {sa_family=AF_INET, sin_port=htons(60704), sin_addr=inet_addr("127.0.0.1")}, [128 => 16]) = 0
27401<sshd-auth> 22:19:11 getpeername(5<TCP:[127.0.0.1:22->127.0.0.1:60704]>, {sa_family=AF_INET, sin_port=htons(60704), sin_addr=inet_addr("127.0.0.1")}, [128 => 16]) = 0
27401<sshd-auth> 22:19:11 getsockname(5<TCP:[127.0.0.1:22->127.0.0.1:60704]>, {sa_family=AF_INET, sin_port=htons(22), sin_addr=inet_addr("127.0.0.1")}, [128 => 16]) = 0
27401<sshd-auth> 22:19:11 getsockname(5<TCP:[127.0.0.1:22->127.0.0.1:60704]>, {sa_family=AF_INET, sin_port=htons(22), sin_addr=inet_addr("127.0.0.1")}, [128 => 16]) = 0
27401<sshd-auth> 22:19:11 write(3<UNIX-STREAM:[144340->144341]>, "\0\0\0\0013", 5) = 5
27397<sshd-session> 22:19:11 <... poll resumed>) = 1 ([{fd=9, revents=POLLIN}])
27401<sshd-auth> 22:19:11 read(3<UNIX-STREAM:[144340->144341]> <unfinished ...>
27397<sshd-session> 22:19:11 read(9<UNIX-STREAM:[144341->144340]>, "\0\0\0\1", 4) = 4
27397<sshd-session> 22:19:11 read(9<UNIX-STREAM:[144341->144340]>, "3", 1) = 1
27397<sshd-session> 22:19:11 write(9<UNIX-STREAM:[144341->144340]>, "\0\0\36\3554", 5 <unfinished ...>
27401<sshd-auth> 22:19:11 <... read resumed>, "\0\0\36\355", 4) = 4
27397<sshd-session> 22:19:11 <... write resumed>) = 5
27401<sshd-auth> 22:19:11 read(3<UNIX-STREAM:[144340->144341]>, "4", 7917) = 1
27401<sshd-auth> 22:19:11 read(3<UNIX-STREAM:[144340->144341]> <unfinished ...>
27397<sshd-session> 22:19:11 write(9<UNIX-STREAM:[144341->144340]>, "\0\0\16\373#\t$OpenBSD: sshd_config,v 1."..., 7916) = 7916
27401<sshd-auth> 22:19:11 <... read resumed>, "\0\0\16\373#\t$OpenBSD: sshd_config,v 1."..., 7916) = 7916
27397<sshd-session> 22:19:11 poll([{fd=9<UNIX-STREAM:[144341->144340]>, events=POLLIN}, {fd=10<pipe:[144342]>, events=POLLIN}], 2, -1 <unfinished ...>
27401<sshd-auth> 22:19:11 getuid()      = 0
27401<sshd-auth> 22:19:11 getuid()      = 0
27401<sshd-auth> 22:19:11 getuid()      = 0
27401<sshd-auth> 22:19:11 getuid()      = 0
27401<sshd-auth> 22:19:11 openat(AT_FDCWD</>, "/etc/gai.conf", O_RDONLY|O_CLOEXEC) = -1 ENOENT (No such file or directory)
27401<sshd-auth> 22:19:11 futex(0x7f84185fed44, FUTEX_WAKE_PRIVATE, 2147483647) = 0
27401<sshd-auth> 22:19:11 socket(AF_NETLINK, SOCK_RAW|SOCK_CLOEXEC, NETLINK_ROUTE) = 6<NETLINK:[144346]>
27401<sshd-auth> 22:19:11 bind(6<NETLINK:[144346]>, {sa_family=AF_NETLINK, nl_pid=0, nl_groups=00000000}, 12) = 0
27401<sshd-auth> 22:19:11 getsockname(6<NETLINK:[ROUTE:27401]>, {sa_family=AF_NETLINK, nl_pid=27401<sshd-auth>, nl_groups=00000000}, [12]) = 0
27401<sshd-auth> 22:19:11 sendto(6<NETLINK:[ROUTE:27401]>, [{nlmsg_len=20, nlmsg_type=RTM_GETADDR, nlmsg_flags=NLM_F_REQUEST|NLM_F_DUMP, nlmsg_seq=1777774751, nlmsg_pid=0}, {ifa_family=AF_UNSPEC, ...}], 20, 0, {sa_family=AF_NETLINK, nl_pid=0, nl_groups=00000000}, 12) = 20
27401<sshd-auth> 22:19:11 recvmsg(6<NETLINK:[ROUTE:27401]>, {msg_name={sa_family=AF_NETLINK, nl_pid=0, nl_groups=00000000}, msg_namelen=12, msg_iov=[{iov_base=[[{nlmsg_len=76, nlmsg_type=RTM_NEWADDR, nlmsg_flags=NLM_F_MULTI, nlmsg_seq=1777774751, nlmsg_pid=27401<sshd-auth>}, {ifa_family=AF_INET, ifa_prefixlen=8, ifa_flags=IFA_F_PERMANENT, ifa_scope=RT_SCOPE_HOST, ifa_index=if_nametoindex("lo")}, [[{nla_len=8, nla_type=IFA_ADDRESS}, inet_addr("127.0.0.1")], [{nla_len=8, nla_type=IFA_LOCAL}, inet_addr("127.0.0.1")], [{nla_len=7, nla_type=IFA_LABEL}, "lo"], [{nla_len=8, nla_type=IFA_FLAGS}, IFA_F_PERMANENT], [{nla_len=20, nla_type=IFA_CACHEINFO}, {ifa_prefered=4294967295, ifa_valid=4294967295, cstamp=151, tstamp=151}]]], [{nlmsg_len=88, nlmsg_type=RTM_NEWADDR, nlmsg_flags=NLM_F_MULTI, nlmsg_seq=1777774751, nlmsg_pid=27401<sshd-auth>}, {ifa_family=AF_INET, ifa_prefixlen=24, ifa_flags=0, ifa_scope=RT_SCOPE_UNIVERSE, ifa_index=if_nametoindex("enp0s3")}, [[{nla_len=8, nla_type=IFA_ADDRESS}, inet_addr("10.0.2.15")], [{nla_len=8, nla_type=IFA_LOCAL}, inet_addr("10.0.2.15")], [{nla_len=8, nla_type=IFA_BROADCAST}, inet_addr("10.0.2.255")], [{nla_len=11, nla_type=IFA_LABEL}, "enp0s3"], [{nla_len=8, nla_type=IFA_FLAGS}, IFA_F_NOPREFIXROUTE], [{nla_len=20, nla_type=IFA_CACHEINFO}, {ifa_prefered=74552, ifa_valid=74552, cstamp=1267, tstamp=1267}]]], [{nlmsg_len=72, nlmsg_type=RTM_NEWADDR, nlmsg_flags=NLM_F_MULTI, nlmsg_seq=1777774751, nlmsg_pid=27401<sshd-auth>}, {ifa_family=AF_INET6, ifa_prefixlen=128, ifa_flags=IFA_F_PERMANENT, ifa_scope=RT_SCOPE_HOST, ifa_index=if_nametoindex("lo")}, [[{nla_len=20, nla_type=IFA_ADDRESS}, inet_pton(AF_INET6, "::1")], [{nla_len=20, nla_type=IFA_CACHEINFO}, {ifa_prefered=4294967295, ifa_valid=4294967295, cstamp=151, tstamp=151}], [{nla_len=8, nla_type=IFA_FLAGS}, IFA_F_PERMANENT|IFA_F_NOPREFIXROUTE]]], [{nlmsg_len=72, nlmsg_type=RTM_NEWADDR, nlmsg_flags=NLM_F_MULTI, nlmsg_seq=1777774751, nlmsg_pid=27401<sshd-auth>}, {ifa_family=AF_INET6, ifa_prefixlen=64, ifa_flags=0, ifa_scope=RT_SCOPE_UNIVERSE, ifa_index=if_nametoindex("enp0s3")}, [[{nla_len=20, nla_type=IFA_ADDRESS}, inet_pton(AF_INET6, "fd17:625c:f037:2:bffd:40d6:bd1a:3151")], [{nla_len=20, nla_type=IFA_CACHEINFO}, {ifa_prefered=14291, ifa_valid=86291, cstamp=1466, tstamp=1175164}], [{nla_len=8, nla_type=IFA_FLAGS}, IFA_F_NOPREFIXROUTE]]], [{nlmsg_len=72, nlmsg_type=RTM_NEWADDR, nlmsg_flags=NLM_F_MULTI, nlmsg_seq=1777774751, nlmsg_pid=27401<sshd-auth>}, {ifa_family=AF_INET6, ifa_prefixlen=64, ifa_flags=IFA_F_PERMANENT, ifa_scope=RT_SCOPE_LINK, ifa_index=if_nametoindex("enp0s3")}, [[{nla_len=20, nla_type=IFA_ADDRESS}, inet_pton(AF_INET6, "fe80::1bc2:b29b:a246:770")], [{nla_len=20, nla_type=IFA_CACHEINFO}, {ifa_prefered=4294967295, ifa_valid=4294967295, cstamp=1251, tstamp=1251}], [{nla_len=8, nla_type=IFA_FLAGS}, IFA_F_PERMANENT|IFA_F_NOPREFIXROUTE]]]], iov_len=4096}], msg_iovlen=1, msg_controllen=0, msg_flags=0}, 0) = 380
27401<sshd-auth> 22:19:11 recvmsg(6<NETLINK:[ROUTE:27401]>, {msg_name={sa_family=AF_NETLINK, nl_pid=0, nl_groups=00000000}, msg_namelen=12, msg_iov=[{iov_base=[{nlmsg_len=20, nlmsg_type=NLMSG_DONE, nlmsg_flags=NLM_F_MULTI, nlmsg_seq=1777774751, nlmsg_pid=27401<sshd-auth>}, 0], iov_len=4096}], msg_iovlen=1, msg_controllen=0, msg_flags=0}, 0) = 20
27401<sshd-auth> 22:19:11 close(6<NETLINK:[ROUTE:27401]>) = 0
27401<sshd-auth> 22:19:11 socket(AF_INET6, SOCK_DGRAM|SOCK_CLOEXEC, IPPROTO_IP) = 6<UDPv6:[144347]>
27401<sshd-auth> 22:19:11 connect(6<UDPv6:[144347]>, {sa_family=AF_INET6, sin6_port=htons(22), sin6_flowinfo=htonl(0), inet_pton(AF_INET6, "::", &sin6_addr), sin6_scope_id=0}, 28) = 0
27401<sshd-auth> 22:19:11 getsockname(6<UDPv6:[[::1]:44044->[::1]:22]>, {sa_family=AF_INET6, sin6_port=htons(44044), sin6_flowinfo=htonl(0), inet_pton(AF_INET6, "::1", &sin6_addr), sin6_scope_id=0}, [28]) = 0
27401<sshd-auth> 22:19:11 connect(6<UDPv6:[[::1]:44044->[::1]:22]>, {sa_family=AF_UNSPEC, sa_data="\0\0\0\0\0\0\0\0\0\0\0\0\0\0"}, 16) = 0
27401<sshd-auth> 22:19:11 connect(6<UDPv6:[[::1]:44044->[::1]:22]>, {sa_family=AF_INET, sin_port=htons(22), sin_addr=inet_addr("0.0.0.0")}, 16) = 0
27401<sshd-auth> 22:19:11 getsockname(6<UDPv6:[[::1]:44044->[::1]:22]>, {sa_family=AF_INET6, sin6_port=htons(57629), sin6_flowinfo=htonl(0), inet_pton(AF_INET6, "::ffff:127.0.0.1", &sin6_addr), sin6_scope_id=0}, [28]) = 0
27401<sshd-auth> 22:19:11 close(6<UDPv6:[[::1]:44044->[::1]:22]>) = 0
27401<sshd-auth> 22:19:11 getsockopt(5<TCP:[127.0.0.1:22->127.0.0.1:60704]>, SOL_TCP, TCP_NODELAY, [1], [4]) = 0
27401<sshd-auth> 22:19:11 getsockname(5<TCP:[127.0.0.1:22->127.0.0.1:60704]>, {sa_family=AF_INET, sin_port=htons(22), sin_addr=inet_addr("127.0.0.1")}, [128 => 16]) = 0
27401<sshd-auth> 22:19:11 setsockopt(5<TCP:[127.0.0.1:22->127.0.0.1:60704]>, SOL_IP, IP_TOS, [184], 4) = 0
27401<sshd-auth> 22:19:11 getuid()      = 0
27401<sshd-auth> 22:19:11 newfstatat(AT_FDCWD</>, "/etc/nsswitch.conf", {st_mode=S_IFREG|0644, st_size=687, ...}, 0) = 0
27401<sshd-auth> 22:19:11 newfstatat(AT_FDCWD</>, "/", {st_mode=S_IFDIR|0555, st_size=154, ...}, 0) = 0
27401<sshd-auth> 22:19:11 openat(AT_FDCWD</>, "/etc/nsswitch.conf", O_RDONLY|O_CLOEXEC) = 6</etc/authselect/nsswitch.conf>
27401<sshd-auth> 22:19:11 fstat(6</etc/authselect/nsswitch.conf>, {st_mode=S_IFREG|0644, st_size=687, ...}) = 0
27401<sshd-auth> 22:19:11 read(6</etc/authselect/nsswitch.conf>, "# Generated by authselect\n# Do n"..., 4096) = 687
27401<sshd-auth> 22:19:11 read(6</etc/authselect/nsswitch.conf>, "", 4096) = 0
27401<sshd-auth> 22:19:11 fstat(6</etc/authselect/nsswitch.conf>, {st_mode=S_IFREG|0644, st_size=687, ...}) = 0
27401<sshd-auth> 22:19:11 close(6</etc/authselect/nsswitch.conf>) = 0
27401<sshd-auth> 22:19:11 openat(AT_FDCWD</>, "/etc/passwd", O_RDONLY|O_CLOEXEC) = 6</etc/passwd>
27401<sshd-auth> 22:19:11 fstat(6</etc/passwd>, {st_mode=S_IFREG|0644, st_size=3346, ...}) = 0
27401<sshd-auth> 22:19:11 lseek(6</etc/passwd>, 0, SEEK_SET) = 0
27401<sshd-auth> 22:19:11 read(6</etc/passwd>, "root:x:0:0:Super User:/root:/bin"..., 4096) = 3346
27401<sshd-auth> 22:19:11 lseek(6</etc/passwd>, 3174, SEEK_SET) = 3174
27401<sshd-auth> 22:19:11 close(6</etc/passwd>) = 0
27401<sshd-auth> 22:19:11 umask(077)    = 022
27401<sshd-auth> 22:19:11 umask(022)    = 077
27401<sshd-auth> 22:19:11 chdir("/")    = 0
27401<sshd-auth> 22:19:11 fcntl(5<TCP:[127.0.0.1:22->127.0.0.1:60704]>, F_SETFD, FD_CLOEXEC) = 0
27401<sshd-auth> 22:19:11 fcntl(5<TCP:[127.0.0.1:22->127.0.0.1:60704]>, F_SETFD, FD_CLOEXEC) = 0
27401<sshd-auth> 22:19:11 rt_sigaction(SIGPIPE, {sa_handler=SIG_IGN, sa_mask=~[RTMIN RT_1], sa_flags=SA_RESTORER|SA_RESTART, sa_restorer=0x7f841841f5b0}, {sa_handler=SIG_IGN, sa_mask=[], sa_flags=0}, 8) = 0
27401<sshd-auth> 22:19:11 rt_sigaction(SIGALRM, {sa_handler=SIG_DFL, sa_mask=~[RTMIN RT_1], sa_flags=SA_RESTORER, sa_restorer=0x7f841841f5b0}, {sa_handler=SIG_DFL, sa_mask=[], sa_flags=0}, 8) = 0
27401<sshd-auth> 22:19:11 rt_sigaction(SIGHUP, {sa_handler=SIG_DFL, sa_mask=~[RTMIN RT_1], sa_flags=SA_RESTORER|SA_RESTART, sa_restorer=0x7f841841f5b0}, {sa_handler=SIG_DFL, sa_mask=[], sa_flags=0}, 8) = 0
27401<sshd-auth> 22:19:11 rt_sigaction(SIGTERM, {sa_handler=SIG_DFL, sa_mask=~[RTMIN RT_1], sa_flags=SA_RESTORER|SA_RESTART, sa_restorer=0x7f841841f5b0}, {sa_handler=SIG_DFL, sa_mask=[], sa_flags=0}, 8) = 0
27401<sshd-auth> 22:19:11 rt_sigaction(SIGQUIT, {sa_handler=SIG_DFL, sa_mask=~[RTMIN RT_1], sa_flags=SA_RESTORER|SA_RESTART, sa_restorer=0x7f841841f5b0}, {sa_handler=SIG_DFL, sa_mask=[], sa_flags=0}, 8) = 0
27401<sshd-auth> 22:19:11 rt_sigaction(SIGCHLD, {sa_handler=SIG_DFL, sa_mask=~[RTMIN RT_1], sa_flags=SA_RESTORER|SA_RESTART, sa_restorer=0x7f841841f5b0}, {sa_handler=SIG_DFL, sa_mask=[], sa_flags=0}, 8) = 0
27401<sshd-auth> 22:19:11 fcntl(5<TCP:[127.0.0.1:22->127.0.0.1:60704]>, F_GETFL) = 0x802 (flags O_RDWR|O_NONBLOCK)
27401<sshd-auth> 22:19:11 futex(0x7f8418c9f268, FUTEX_WAKE_PRIVATE, 2147483647) = 0
27401<sshd-auth> 22:19:11 futex(0x7f8418c9f0d0, FUTEX_WAKE_PRIVATE, 2147483647) = 0
27401<sshd-auth> 22:19:11 futex(0x7f8418e2c890, FUTEX_WAKE_PRIVATE, 2147483647) = 0
27401<sshd-auth> 22:19:11 newfstatat(AT_FDCWD</>, "/etc/gss/mech", 0x7ffea2419850, AT_SYMLINK_NOFOLLOW) = -1 ENOENT (No such file or directory)
27401<sshd-auth> 22:19:11 openat(AT_FDCWD</>, "/etc/gss/mech.d", O_RDONLY|O_NONBLOCK|O_CLOEXEC|O_DIRECTORY) = 6</etc/gss/mech.d>
27401<sshd-auth> 22:19:11 fstat(6</etc/gss/mech.d>, {st_mode=S_IFDIR|0755, st_size=28, ...}) = 0
27401<sshd-auth> 22:19:11 brk(0x559b95749000) = 0x559b95749000
27401<sshd-auth> 22:19:11 getdents64(6</etc/gss/mech.d>, 0x559b95720c80 /* 3 entries */, 32768) = 88
27401<sshd-auth> 22:19:11 getdents64(6</etc/gss/mech.d>, 0x559b95720c80 /* 0 entries */, 32768) = 0
27401<sshd-auth> 22:19:11 brk(0x559b95741000) = 0x559b95741000
27401<sshd-auth> 22:19:11 close(6</etc/gss/mech.d>) = 0
27401<sshd-auth> 22:19:11 newfstatat(AT_FDCWD</>, "/etc/gss/mech.d/proxymech.conf", {st_mode=S_IFREG|0644, st_size=189, ...}, AT_SYMLINK_NOFOLLOW) = 0
27401<sshd-auth> 22:19:11 openat(AT_FDCWD</>, "/etc/gss/mech.d/proxymech.conf", O_RDONLY) = 6</etc/gss/mech.d/proxymech.conf>
27401<sshd-auth> 22:19:11 fstat(6</etc/gss/mech.d/proxymech.conf>, {st_mode=S_IFREG|0644, st_size=189, ...}) = 0
27401<sshd-auth> 22:19:11 read(6</etc/gss/mech.d/proxymech.conf>, "# GSS-API mechanism plugins\n#\n# "..., 4096) = 189
27401<sshd-auth> 22:19:11 read(6</etc/gss/mech.d/proxymech.conf>, "", 4096) = 0
27401<sshd-auth> 22:19:11 close(6</etc/gss/mech.d/proxymech.conf>) = 0
27401<sshd-auth> 22:19:11 openat(AT_FDCWD</>, "/usr/lib64/gssproxy/proxymech.so", O_RDONLY|O_CLOEXEC) = 6</usr/lib64/gssproxy/proxymech.so>
27401<sshd-auth> 22:19:11 read(6</usr/lib64/gssproxy/proxymech.so>, "\177ELF\2\1\1\0\0\0\0\0\0\0\0\0\3\0>\0\1\0\0\0\0\0\0\0\0\0\0\0"..., 832) = 832
27401<sshd-auth> 22:19:11 fstat(6</usr/lib64/gssproxy/proxymech.so>, {st_mode=S_IFREG|0755, st_size=127824, ...}) = 0
27401<sshd-auth> 22:19:11 mmap(NULL, 123432, PROT_READ|PROT_EXEC, MAP_PRIVATE|MAP_DENYWRITE, 6</usr/lib64/gssproxy/proxymech.so>, 0) = 0x7f8418b6c000
27401<sshd-auth> 22:19:11 mmap(0x7f8418b7e000, 45056, PROT_READ, MAP_PRIVATE|MAP_FIXED|MAP_DENYWRITE, 6</usr/lib64/gssproxy/proxymech.so>, 0x12000) = 0x7f8418b7e000
27401<sshd-auth> 22:19:11 mmap(0x7f8418b89000, 8192, PROT_READ|PROT_WRITE, MAP_PRIVATE|MAP_FIXED|MAP_DENYWRITE, 6</usr/lib64/gssproxy/proxymech.so>, 0x1d000) = 0x7f8418b89000
27401<sshd-auth> 22:19:11 close(6</usr/lib64/gssproxy/proxymech.so>) = 0
27401<sshd-auth> 22:19:11 openat(AT_FDCWD</>, "/etc/ld.so.cache", O_RDONLY|O_CLOEXEC) = 6</etc/ld.so.cache>
27401<sshd-auth> 22:19:11 fstat(6</etc/ld.so.cache>, {st_mode=S_IFREG|0644, st_size=74499, ...}) = 0
27401<sshd-auth> 22:19:11 mmap(NULL, 74499, PROT_READ, MAP_PRIVATE, 6</etc/ld.so.cache>, 0) = 0x7f84183f2000
27401<sshd-auth> 22:19:11 close(6</etc/ld.so.cache>) = 0
27401<sshd-auth> 22:19:11 openat(AT_FDCWD</>, "/lib64/libref_array.so.1", O_RDONLY|O_CLOEXEC) = 6</usr/lib64/libref_array.so.1.2.1>
27401<sshd-auth> 22:19:11 read(6</usr/lib64/libref_array.so.1.2.1>, "\177ELF\2\1\1\0\0\0\0\0\0\0\0\0\3\0>\0\1\0\0\0\0\0\0\0\0\0\0\0"..., 832) = 832
27401<sshd-auth> 22:19:11 fstat(6</usr/lib64/libref_array.so.1.2.1>, {st_mode=S_IFREG|0755, st_size=11520, ...}) = 0
27401<sshd-auth> 22:19:11 mmap(NULL, 12296, PROT_READ|PROT_EXEC, MAP_PRIVATE|MAP_DENYWRITE, 6</usr/lib64/libref_array.so.1.2.1>, 0) = 0x7f8418e87000
27401<sshd-auth> 22:19:11 mmap(0x7f8418e88000, 4096, PROT_READ, MAP_PRIVATE|MAP_FIXED|MAP_DENYWRITE, 6</usr/lib64/libref_array.so.1.2.1>, 0x1000) = 0x7f8418e88000
27401<sshd-auth> 22:19:11 mmap(0x7f8418e89000, 4096, PROT_READ|PROT_WRITE, MAP_PRIVATE|MAP_FIXED|MAP_DENYWRITE, 6</usr/lib64/libref_array.so.1.2.1>, 0x1000) = 0x7f8418e89000
27401<sshd-auth> 22:19:11 mmap(0x7f8418e8a000, 8, PROT_READ|PROT_WRITE, MAP_PRIVATE|MAP_FIXED|MAP_ANONYMOUS, -1, 0) = 0x7f8418e8a000
27401<sshd-auth> 22:19:11 close(6</usr/lib64/libref_array.so.1.2.1>) = 0
27401<sshd-auth> 22:19:11 openat(AT_FDCWD</>, "/lib64/libini_config.so.5", O_RDONLY|O_CLOEXEC) = 6</usr/lib64/libini_config.so.5.2.1>
27401<sshd-auth> 22:19:11 read(6</usr/lib64/libini_config.so.5.2.1>, "\177ELF\2\1\1\0\0\0\0\0\0\0\0\0\3\0>\0\1\0\0\0\0\0\0\0\0\0\0\0"..., 832) = 832
27401<sshd-auth> 22:19:11 fstat(6</usr/lib64/libini_config.so.5.2.1>, {st_mode=S_IFREG|0755, st_size=120120, ...}) = 0
27401<sshd-auth> 22:19:11 mmap(NULL, 114696, PROT_READ|PROT_EXEC, MAP_PRIVATE|MAP_DENYWRITE, 6</usr/lib64/libini_config.so.5.2.1>, 0) = 0x7f84183d5000
27401<sshd-auth> 22:19:11 mmap(0x7f84183e7000, 36864, PROT_READ, MAP_PRIVATE|MAP_FIXED|MAP_DENYWRITE, 6</usr/lib64/libini_config.so.5.2.1>, 0x12000) = 0x7f84183e7000
27401<sshd-auth> 22:19:11 mmap(0x7f84183f0000, 4096, PROT_READ|PROT_WRITE, MAP_PRIVATE|MAP_FIXED|MAP_DENYWRITE, 6</usr/lib64/libini_config.so.5.2.1>, 0x1b000) = 0x7f84183f0000
27401<sshd-auth> 22:19:11 mmap(0x7f84183f1000, 8, PROT_READ|PROT_WRITE, MAP_PRIVATE|MAP_FIXED|MAP_ANONYMOUS, -1, 0) = 0x7f84183f1000
27401<sshd-auth> 22:19:11 close(6</usr/lib64/libini_config.so.5.2.1>) = 0
27401<sshd-auth> 22:19:11 openat(AT_FDCWD</>, "/lib64/libverto.so.1", O_RDONLY|O_CLOEXEC) = 6</usr/lib64/libverto.so.1.0.0>
27401<sshd-auth> 22:19:11 read(6</usr/lib64/libverto.so.1.0.0>, "\177ELF\2\1\1\0\0\0\0\0\0\0\0\0\3\0>\0\1\0\0\0\0\0\0\0\0\0\0\0"..., 832) = 832
27401<sshd-auth> 22:19:11 fstat(6</usr/lib64/libverto.so.1.0.0>, {st_mode=S_IFREG|0755, st_size=23984, ...}) = 0
27401<sshd-auth> 22:19:11 mmap(NULL, 24680, PROT_READ|PROT_EXEC, MAP_PRIVATE|MAP_DENYWRITE, 6</usr/lib64/libverto.so.1.0.0>, 0) = 0x7f8418e80000
27401<sshd-auth> 22:19:11 mmap(0x7f8418e83000, 8192, PROT_READ, MAP_PRIVATE|MAP_FIXED|MAP_DENYWRITE, 6</usr/lib64/libverto.so.1.0.0>, 0x3000) = 0x7f8418e83000
27401<sshd-auth> 22:19:11 mmap(0x7f8418e85000, 4096, PROT_READ|PROT_WRITE, MAP_PRIVATE|MAP_FIXED|MAP_DENYWRITE, 6</usr/lib64/libverto.so.1.0.0>, 0x4000) = 0x7f8418e85000
27401<sshd-auth> 22:19:11 mmap(0x7f8418e86000, 104, PROT_READ|PROT_WRITE, MAP_PRIVATE|MAP_FIXED|MAP_ANONYMOUS, -1, 0) = 0x7f8418e86000
27401<sshd-auth> 22:19:11 close(6</usr/lib64/libverto.so.1.0.0>) = 0
27401<sshd-auth> 22:19:11 openat(AT_FDCWD</>, "/lib64/libgssrpc.so.4", O_RDONLY|O_CLOEXEC) = 6</usr/lib64/libgssrpc.so.4.2>
27401<sshd-auth> 22:19:11 read(6</usr/lib64/libgssrpc.so.4.2>, "\177ELF\2\1\1\0\0\0\0\0\0\0\0\0\3\0>\0\1\0\0\0\0\0\0\0\0\0\0\0"..., 832) = 832
27401<sshd-auth> 22:19:11 fstat(6</usr/lib64/libgssrpc.so.4.2>, {st_mode=S_IFREG|0755, st_size=138264, ...}) = 0
27401<sshd-auth> 22:19:11 mmap(NULL, 132800, PROT_READ|PROT_EXEC, MAP_PRIVATE|MAP_DENYWRITE, 6</usr/lib64/libgssrpc.so.4.2>, 0) = 0x7f84183b4000
27401<sshd-auth> 22:19:11 mmap(0x7f84183c8000, 45056, PROT_READ, MAP_PRIVATE|MAP_FIXED|MAP_DENYWRITE, 6</usr/lib64/libgssrpc.so.4.2>, 0x14000) = 0x7f84183c8000
27401<sshd-auth> 22:19:11 mmap(0x7f84183d3000, 8192, PROT_READ|PROT_WRITE, MAP_PRIVATE|MAP_FIXED|MAP_DENYWRITE, 6</usr/lib64/libgssrpc.so.4.2>, 0x1f000) = 0x7f84183d3000
27401<sshd-auth> 22:19:11 close(6</usr/lib64/libgssrpc.so.4.2>) = 0
27401<sshd-auth> 22:19:11 openat(AT_FDCWD</>, "/lib64/libcollection.so.4", O_RDONLY|O_CLOEXEC) = 6</usr/lib64/libcollection.so.4.1.1>
27401<sshd-auth> 22:19:11 read(6</usr/lib64/libcollection.so.4.1.1>, "\177ELF\2\1\1\0\0\0\0\0\0\0\0\0\3\0>\0\1\0\0\0\0\0\0\0\0\0\0\0"..., 832) = 832
27401<sshd-auth> 22:19:11 fstat(6</usr/lib64/libcollection.so.4.1.1>, {st_mode=S_IFREG|0755, st_size=62032, ...}) = 0
27401<sshd-auth> 22:19:11 mmap(NULL, 57352, PROT_READ|PROT_EXEC, MAP_PRIVATE|MAP_DENYWRITE, 6</usr/lib64/libcollection.so.4.1.1>, 0) = 0x7f84183a5000
27401<sshd-auth> 22:19:11 mmap(0x7f84183ad000, 20480, PROT_READ, MAP_PRIVATE|MAP_FIXED|MAP_DENYWRITE, 6</usr/lib64/libcollection.so.4.1.1>, 0x8000) = 0x7f84183ad000
27401<sshd-auth> 22:19:11 mmap(0x7f84183b2000, 4096, PROT_READ|PROT_WRITE, MAP_PRIVATE|MAP_FIXED|MAP_DENYWRITE, 6</usr/lib64/libcollection.so.4.1.1>, 0xd000) = 0x7f84183b2000
27401<sshd-auth> 22:19:11 mmap(0x7f84183b3000, 8, PROT_READ|PROT_WRITE, MAP_PRIVATE|MAP_FIXED|MAP_ANONYMOUS, -1, 0) = 0x7f84183b3000
27401<sshd-auth> 22:19:11 close(6</usr/lib64/libcollection.so.4.1.1>) = 0
27401<sshd-auth> 22:19:11 openat(AT_FDCWD</>, "/lib64/libpath_utils.so.1", O_RDONLY|O_CLOEXEC) = 6</usr/lib64/libpath_utils.so.1.0.1>
27401<sshd-auth> 22:19:11 read(6</usr/lib64/libpath_utils.so.1.0.1>, "\177ELF\2\1\1\0\0\0\0\0\0\0\0\0\3\0>\0\1\0\0\0\0\0\0\0\0\0\0\0"..., 832) = 832
27401<sshd-auth> 22:19:11 fstat(6</usr/lib64/libpath_utils.so.1.0.1>, {st_mode=S_IFREG|0755, st_size=19856, ...}) = 0
27401<sshd-auth> 22:19:11 mmap(NULL, 16392, PROT_READ|PROT_EXEC, MAP_PRIVATE|MAP_DENYWRITE, 6</usr/lib64/libpath_utils.so.1.0.1>, 0) = 0x7f8418e7b000
27401<sshd-auth> 22:19:11 mmap(0x7f8418e7d000, 4096, PROT_READ, MAP_PRIVATE|MAP_FIXED|MAP_DENYWRITE, 6</usr/lib64/libpath_utils.so.1.0.1>, 0x2000) = 0x7f8418e7d000
27401<sshd-auth> 22:19:11 mmap(0x7f8418e7e000, 4096, PROT_READ|PROT_WRITE, MAP_PRIVATE|MAP_FIXED|MAP_DENYWRITE, 6</usr/lib64/libpath_utils.so.1.0.1>, 0x3000) = 0x7f8418e7e000
27401<sshd-auth> 22:19:11 mmap(0x7f8418e7f000, 8, PROT_READ|PROT_WRITE, MAP_PRIVATE|MAP_FIXED|MAP_ANONYMOUS, -1, 0) = 0x7f8418e7f000
27401<sshd-auth> 22:19:11 close(6</usr/lib64/libpath_utils.so.1.0.1>) = 0
27401<sshd-auth> 22:19:11 openat(AT_FDCWD</>, "/lib64/libbasicobjects.so.0", O_RDONLY|O_CLOEXEC) = 6</usr/lib64/libbasicobjects.so.0.1.0>
27401<sshd-auth> 22:19:11 read(6</usr/lib64/libbasicobjects.so.0.1.0>, "\177ELF\2\1\1\0\0\0\0\0\0\0\0\0\3\0>\0\1\0\0\0\0\0\0\0\0\0\0\0"..., 832) = 832
27401<sshd-auth> 22:19:11 fstat(6</usr/lib64/libbasicobjects.so.0.1.0>, {st_mode=S_IFREG|0755, st_size=11392, ...}) = 0
27401<sshd-auth> 22:19:11 mmap(NULL, 12296, PROT_READ|PROT_EXEC, MAP_PRIVATE|MAP_DENYWRITE, 6</usr/lib64/libbasicobjects.so.0.1.0>, 0) = 0x7f8418b68000
27401<sshd-auth> 22:19:11 mmap(0x7f8418b69000, 4096, PROT_READ, MAP_PRIVATE|MAP_FIXED|MAP_DENYWRITE, 6</usr/lib64/libbasicobjects.so.0.1.0>, 0x1000) = 0x7f8418b69000
27401<sshd-auth> 22:19:11 mmap(0x7f8418b6a000, 4096, PROT_READ|PROT_WRITE, MAP_PRIVATE|MAP_FIXED|MAP_DENYWRITE, 6</usr/lib64/libbasicobjects.so.0.1.0>, 0x1000) = 0x7f8418b6a000
27401<sshd-auth> 22:19:11 mmap(0x7f8418b6b000, 8, PROT_READ|PROT_WRITE, MAP_PRIVATE|MAP_FIXED|MAP_ANONYMOUS, -1, 0) = 0x7f8418b6b000
27401<sshd-auth> 22:19:11 close(6</usr/lib64/libbasicobjects.so.0.1.0>) = 0
27401<sshd-auth> 22:19:11 mprotect(0x7f8418b6a000, 4096, PROT_READ) = 0
27401<sshd-auth> 22:19:11 mprotect(0x7f8418e7e000, 4096, PROT_READ) = 0
27401<sshd-auth> 22:19:11 mprotect(0x7f84183b2000, 4096, PROT_READ) = 0
27401<sshd-auth> 22:19:11 mprotect(0x7f84183d3000, 4096, PROT_READ) = 0
27401<sshd-auth> 22:19:11 mprotect(0x7f8418e85000, 4096, PROT_READ) = 0
27401<sshd-auth> 22:19:11 mprotect(0x7f8418e89000, 4096, PROT_READ) = 0
27401<sshd-auth> 22:19:11 mprotect(0x7f84183f0000, 4096, PROT_READ) = 0
27401<sshd-auth> 22:19:11 mprotect(0x7f8418b89000, 4096, PROT_READ) = 0
27401<sshd-auth> 22:19:11 munmap(0x7f84183f2000, 74499) = 0
27401<sshd-auth> 22:19:11 chroot("/usr/share/empty.sshd") = 0
27401<sshd-auth> 22:19:11 chdir("/")    = 0
27401<sshd-auth> 22:19:11 setgroups(1, [74]) = 0
27401<sshd-auth> 22:19:11 getuid()      = 0
27401<sshd-auth> 22:19:11 getgid()      = 0
27401<sshd-auth> 22:19:11 setresgid(74, 74, 74) = 0
27401<sshd-auth> 22:19:11 setresuid(74, 74, 74) = 0
27401<sshd-auth> 22:19:11 setgid(0)     = -1 EPERM (Operation not permitted)
27401<sshd-auth> 22:19:11 setresgid(-1, 0, -1) = -1 EPERM (Operation not permitted)
27401<sshd-auth> 22:19:11 getgid()      = 74
27401<sshd-auth> 22:19:11 getegid()     = 74
27401<sshd-auth> 22:19:11 setuid(0)     = -1 EPERM (Operation not permitted)
27401<sshd-auth> 22:19:11 setresuid(-1, 0, -1) = -1 EPERM (Operation not permitted)
27401<sshd-auth> 22:19:11 getuid()      = 74
27401<sshd-auth> 22:19:11 geteuid()     = 74
27401<sshd-auth> 22:19:11 prlimit64(0, RLIMIT_FSIZE, {rlim_cur=0, rlim_max=0}, NULL) = 0
27401<sshd-auth> 22:19:11 prlimit64(0, RLIMIT_NOFILE, {rlim_cur=1, rlim_max=1}, NULL) = 0
27401<sshd-auth> 22:19:11 prlimit64(0, RLIMIT_NPROC, {rlim_cur=0, rlim_max=0}, NULL) = 0
27401<sshd-auth> 22:19:11 prctl(PR_SET_NO_NEW_PRIVS, 1, 0, 0, 0) = 0
27401<sshd-auth> 22:19:11 prctl(PR_SET_SECCOMP, SECCOMP_MODE_FILTER, {len=238, filter=0x559b7c899a40}) = 0
27401<sshd-auth> 22:19:11 write(5<TCP:[127.0.0.1:22->127.0.0.1:60704]>, "\0\0\4\24\t\24M\241\254w'\332\31\20\374\3\3721\206\33\22o\0\0\1Umlkem7"..., 1048) = 1048
27401<sshd-auth> 22:19:11 ppoll([{fd=5<TCP:[127.0.0.1:22->127.0.0.1:60704]>, events=POLLIN}], 1, NULL, NULL, 8) = 1 ([{fd=5, revents=POLLIN}])
27401<sshd-auth> 22:19:11 read(5<TCP:[127.0.0.1:22->127.0.0.1:60704]>, "\0\0\5\254\v\24\233B\342\333e\344\364uqi\262\226\24\247}\236\0\0\1Umlkem7"..., 8192) = 1456
27401<sshd-auth> 22:19:11 getuid()      = 74
27401<sshd-auth> 22:19:11 getpid()      = 27401<sshd-auth>
27401<sshd-auth> 22:19:11 write(3<UNIX-STREAM:[144340->144341]>, "\0\0\0^x", 5) = 5
27397<sshd-session> 22:19:11 <... poll resumed>) = 1 ([{fd=9, revents=POLLIN}])
27401<sshd-auth> 22:19:11 write(3<UNIX-STREAM:[144340->144341]>, "\0\0\0\0\0\0\0\26aes256-gcm@openssh.com\0\0"..., 93 <unfinished ...>
27397<sshd-session> 22:19:11 read(9<UNIX-STREAM:[144341->144340]> <unfinished ...>
27401<sshd-auth> 22:19:11 <... write resumed>) = 93
27397<sshd-session> 22:19:11 <... read resumed>, "\0\0\0^", 4) = 4
27401<sshd-auth> 22:19:11 read(3<UNIX-STREAM:[144340->144341]> <unfinished ...>
27397<sshd-session> 22:19:11 read(9<UNIX-STREAM:[144341->144340]>, "x\0\0\0\0\0\0\0\26aes256-gcm@openssh.com\0"..., 94) = 94
27397<sshd-session> 22:19:11 getsockname(7<TCP:[127.0.0.1:22->127.0.0.1:60704]>, {sa_family=AF_INET, sin_port=htons(22), sin_addr=inet_addr("127.0.0.1")}, [128 => 16]) = 0
27397<sshd-session> 22:19:11 socket(AF_NETLINK, SOCK_RAW|SOCK_CLOEXEC, NETLINK_AUDIT) = 8<NETLINK:[145183]>
27397<sshd-session> 22:19:11 readlink("/proc/self/exe", "/usr/libexec/openssh/sshd-sessio"..., 4096) = 33
27397<sshd-session> 22:19:11 ioctl(0</dev/null<char 1:3>>, TCGETS2, 0x7fffd551cff0) = -1 ENOTTY (Inappropriate ioctl for device)
27397<sshd-session> 22:19:11 ioctl(1</dev/null<char 1:3>>, TCGETS2, 0x7fffd551cff0) = -1 ENOTTY (Inappropriate ioctl for device)
27397<sshd-session> 22:19:11 ioctl(2</dev/null<char 1:3>>, TCGETS2, 0x7fffd551cff0) = -1 ENOTTY (Inappropriate ioctl for device)
27397<sshd-session> 22:19:11 sendto(8<NETLINK:[145183]>, [{nlmsg_len=276, nlmsg_type=0x967 /* NLMSG_??? */, nlmsg_flags=NLM_F_REQUEST|NLM_F_ACK, nlmsg_seq=1, nlmsg_pid=0}, "\x6f\x70\x3d\x73\x74\x61\x72\x74\x20\x64\x69\x72\x65\x63\x74\x69\x6f\x6e\x3d\x66\x72\x6f\x6d\x2d\x73\x65\x72\x76\x65\x72\x20\x63"...], 276, 0, {sa_family=AF_NETLINK, nl_pid=0, nl_groups=00000000}, 12) = 276
27397<sshd-session> 22:19:11 poll([{fd=8<NETLINK:[AUDIT:27397]>, events=POLLIN}], 1, 500) = 1 ([{fd=8, revents=POLLIN}])
27397<sshd-session> 22:19:11 recvfrom(8<NETLINK:[AUDIT:27397]>, [{nlmsg_len=36, nlmsg_type=NLMSG_ERROR, nlmsg_flags=NLM_F_CAPPED, nlmsg_seq=1, nlmsg_pid=27397<sshd-session>}, {error=0, msg={nlmsg_len=276, nlmsg_type=0x967 /* AUDIT_??? */, nlmsg_flags=NLM_F_REQUEST|NLM_F_ACK, nlmsg_seq=1, nlmsg_pid=0}}], 8988, MSG_PEEK|MSG_DONTWAIT, {sa_family=AF_NETLINK, nl_pid=0, nl_groups=00000000}, [12]) = 36
27397<sshd-session> 22:19:11 recvfrom(8<NETLINK:[AUDIT:27397]>, [{nlmsg_len=36, nlmsg_type=NLMSG_ERROR, nlmsg_flags=NLM_F_CAPPED, nlmsg_seq=1, nlmsg_pid=27397<sshd-session>}, {error=0, msg={nlmsg_len=276, nlmsg_type=0x967 /* AUDIT_??? */, nlmsg_flags=NLM_F_REQUEST|NLM_F_ACK, nlmsg_seq=1, nlmsg_pid=0}}], 8988, MSG_DONTWAIT, {sa_family=AF_NETLINK, nl_pid=0, nl_groups=00000000}, [12]) = 36
27397<sshd-session> 22:19:11 close(8<NETLINK:[AUDIT:27397]>) = 0
27397<sshd-session> 22:19:11 write(9<UNIX-STREAM:[144341->144340]>, "\0\0\0\1y", 5) = 5
27401<sshd-auth> 22:19:11 <... read resumed>, "\0\0\0\1", 4) = 4
27397<sshd-session> 22:19:11 poll([{fd=9<UNIX-STREAM:[144341->144340]>, events=POLLIN}, {fd=10<pipe:[144342]>, events=POLLIN}], 2, -1 <unfinished ...>
27401<sshd-auth> 22:19:11 read(3<UNIX-STREAM:[144340->144341]>, "y", 1) = 1
27401<sshd-auth> 22:19:11 getuid()      = 74
27401<sshd-auth> 22:19:11 getpid()      = 27401<sshd-auth>
27401<sshd-auth> 22:19:11 write(3<UNIX-STREAM:[144340->144341]>, "\0\0\0^x", 5) = 5
27397<sshd-session> 22:19:11 <... poll resumed>) = 1 ([{fd=9, revents=POLLIN}])
27401<sshd-auth> 22:19:11 write(3<UNIX-STREAM:[144340->144341]>, "\0\0\0\1\0\0\0\26aes256-gcm@openssh.com\0\0"..., 93 <unfinished ...>
27397<sshd-session> 22:19:11 read(9<UNIX-STREAM:[144341->144340]> <unfinished ...>
27401<sshd-auth> 22:19:11 <... write resumed>) = 93
27397<sshd-session> 22:19:11 <... read resumed>, "\0\0\0^", 4) = 4
27401<sshd-auth> 22:19:11 read(3<UNIX-STREAM:[144340->144341]> <unfinished ...>
27397<sshd-session> 22:19:11 read(9<UNIX-STREAM:[144341->144340]>, "x\0\0\0\1\0\0\0\26aes256-gcm@openssh.com\0"..., 94) = 94
27397<sshd-session> 22:19:11 getsockname(7<TCP:[127.0.0.1:22->127.0.0.1:60704]>, {sa_family=AF_INET, sin_port=htons(22), sin_addr=inet_addr("127.0.0.1")}, [128 => 16]) = 0
27397<sshd-session> 22:19:11 socket(AF_NETLINK, SOCK_RAW|SOCK_CLOEXEC, NETLINK_AUDIT) = 8<NETLINK:[144348]>
27397<sshd-session> 22:19:11 ioctl(0</dev/null<char 1:3>>, TCGETS2, 0x7fffd551cff0) = -1 ENOTTY (Inappropriate ioctl for device)
27397<sshd-session> 22:19:11 ioctl(1</dev/null<char 1:3>>, TCGETS2, 0x7fffd551cff0) = -1 ENOTTY (Inappropriate ioctl for device)
27397<sshd-session> 22:19:11 ioctl(2</dev/null<char 1:3>>, TCGETS2, 0x7fffd551cff0) = -1 ENOTTY (Inappropriate ioctl for device)
27397<sshd-session> 22:19:11 sendto(8<NETLINK:[144348]>, [{nlmsg_len=276, nlmsg_type=0x967 /* NLMSG_??? */, nlmsg_flags=NLM_F_REQUEST|NLM_F_ACK, nlmsg_seq=2, nlmsg_pid=0}, "\x6f\x70\x3d\x73\x74\x61\x72\x74\x20\x64\x69\x72\x65\x63\x74\x69\x6f\x6e\x3d\x66\x72\x6f\x6d\x2d\x63\x6c\x69\x65\x6e\x74\x20\x63"...], 276, 0, {sa_family=AF_NETLINK, nl_pid=0, nl_groups=00000000}, 12) = 276
27397<sshd-session> 22:19:11 poll([{fd=8<NETLINK:[AUDIT:27397]>, events=POLLIN}], 1, 500) = 1 ([{fd=8, revents=POLLIN}])
27397<sshd-session> 22:19:11 recvfrom(8<NETLINK:[AUDIT:27397]>, [{nlmsg_len=36, nlmsg_type=NLMSG_ERROR, nlmsg_flags=NLM_F_CAPPED, nlmsg_seq=2, nlmsg_pid=27397<sshd-session>}, {error=0, msg={nlmsg_len=276, nlmsg_type=0x967 /* AUDIT_??? */, nlmsg_flags=NLM_F_REQUEST|NLM_F_ACK, nlmsg_seq=2, nlmsg_pid=0}}], 8988, MSG_PEEK|MSG_DONTWAIT, {sa_family=AF_NETLINK, nl_pid=0, nl_groups=00000000}, [12]) = 36
27397<sshd-session> 22:19:11 recvfrom(8<NETLINK:[AUDIT:27397]>, [{nlmsg_len=36, nlmsg_type=NLMSG_ERROR, nlmsg_flags=NLM_F_CAPPED, nlmsg_seq=2, nlmsg_pid=27397<sshd-session>}, {error=0, msg={nlmsg_len=276, nlmsg_type=0x967 /* AUDIT_??? */, nlmsg_flags=NLM_F_REQUEST|NLM_F_ACK, nlmsg_seq=2, nlmsg_pid=0}}], 8988, MSG_DONTWAIT, {sa_family=AF_NETLINK, nl_pid=0, nl_groups=00000000}, [12]) = 36
27397<sshd-session> 22:19:11 close(8<NETLINK:[AUDIT:27397]>) = 0
27397<sshd-session> 22:19:11 write(9<UNIX-STREAM:[144341->144340]>, "\0\0\0\1y", 5 <unfinished ...>
27401<sshd-auth> 22:19:11 <... read resumed>, "\0\0\0\1", 4) = 4
27397<sshd-session> 22:19:11 <... write resumed>) = 5
27401<sshd-auth> 22:19:11 read(3<UNIX-STREAM:[144340->144341]> <unfinished ...>
27397<sshd-session> 22:19:11 poll([{fd=9<UNIX-STREAM:[144341->144340]>, events=POLLIN}, {fd=10<pipe:[144342]>, events=POLLIN}], 2, -1 <unfinished ...>
27401<sshd-auth> 22:19:11 <... read resumed>, "y", 1) = 1
27401<sshd-auth> 22:19:11 ppoll([{fd=5<TCP:[127.0.0.1:22->127.0.0.1:60704]>, events=POLLIN}], 1, NULL, NULL, 8) = 1 ([{fd=5, revents=POLLIN}])
27401<sshd-auth> 22:19:11 read(5<TCP:[127.0.0.1:22->127.0.0.1:60704]>, "\0\0\4\314\6\36\0\0\4\300\2340\vG\226\224\312\334\31\245\210\246\277@\20\263\220\246\315\233C\21"..., 8192) = 1232
27401<sshd-auth> 22:19:11 futex(0x7f8418b64420, FUTEX_WAKE_PRIVATE, 2147483647) = 0
27401<sshd-auth> 22:19:11 getpid()      = 27401<sshd-auth>
27401<sshd-auth> 22:19:11 getpid()      = 27401<sshd-auth>
27401<sshd-auth> 22:19:11 getpid()      = 27401<sshd-auth>
27401<sshd-auth> 22:19:11 getpid()      = 27401<sshd-auth>
27401<sshd-auth> 22:19:11 write(3<UNIX-STREAM:[144340->144341]>, "\0\0\0o\6", 5) = 5
27397<sshd-session> 22:19:11 <... poll resumed>) = 1 ([{fd=9, revents=POLLIN}])
27401<sshd-auth> 22:19:11 write(3<UNIX-STREAM:[144340->144341]>, "\0\0\0003\0\0\0\vssh-ed25519\0\0\0 \274\241\221\276\2016\255}\3"..., 110 <unfinished ...>
27397<sshd-session> 22:19:11 read(9<UNIX-STREAM:[144341->144340]> <unfinished ...>
27401<sshd-auth> 22:19:11 <... write resumed>) = 110
27397<sshd-session> 22:19:11 <... read resumed>, "\0\0\0o", 4) = 4
27401<sshd-auth> 22:19:11 read(3<UNIX-STREAM:[144340->144341]> <unfinished ...>
27397<sshd-session> 22:19:11 read(9<UNIX-STREAM:[144341->144340]>, "\6\0\0\0003\0\0\0\vssh-ed25519\0\0\0 \274\241\221\276\2016\255}"..., 111) = 111
27397<sshd-session> 22:19:11 brk(0x55e03074b000) = 0x55e03074b000
27397<sshd-session> 22:19:11 write(9<UNIX-STREAM:[144341->144340]>, "\0\0\0X\7", 5 <unfinished ...>
27401<sshd-auth> 22:19:11 <... read resumed>, "\0\0\0X", 4) = 4
27397<sshd-session> 22:19:11 <... write resumed>) = 5
27401<sshd-auth> 22:19:11 read(3<UNIX-STREAM:[144340->144341]> <unfinished ...>
27397<sshd-session> 22:19:11 write(9<UNIX-STREAM:[144341->144340]>, "\0\0\0S\0\0\0\vssh-ed25519\0\0\0@\302\4_g\355\\\373T\352"..., 87 <unfinished ...>
27401<sshd-auth> 22:19:11 <... read resumed>, "\7", 88) = 1
27397<sshd-session> 22:19:11 <... write resumed>) = 87
27401<sshd-auth> 22:19:11 read(3<UNIX-STREAM:[144340->144341]> <unfinished ...>
27397<sshd-session> 22:19:11 poll([{fd=9<UNIX-STREAM:[144341->144340]>, events=POLLIN}, {fd=10<pipe:[144342]>, events=POLLIN}], 2, -1 <unfinished ...>
27401<sshd-auth> 22:19:11 <... read resumed>, "\0\0\0S\0\0\0\vssh-ed25519\0\0\0@\302\4_g\355\\\373T\352"..., 87) = 87
27401<sshd-auth> 22:19:11 write(5<TCP:[127.0.0.1:22->127.0.0.1:60704]>, "\0\0\4\374\10\37\0\0\0003\0\0\0\vssh-ed25519\0\0\0 \274\241\221"..., 1588) = 1588
27401<sshd-auth> 22:19:11 ppoll([{fd=5<TCP:[127.0.0.1:22->127.0.0.1:60704]>, events=POLLIN}], 1, NULL, NULL, 8) = 1 ([{fd=5, revents=POLLIN}])
27401<sshd-auth> 22:19:11 read(5<TCP:[127.0.0.1:22->127.0.0.1:60704]>, "\0\0\0\f\n\25\0\0\0\0\0\0\0\0\0\0\0\0\0000\242\22%\215\214\255\16\373;\234\307\261"..., 8192) = 84
27401<sshd-auth> 22:19:11 ppoll([{fd=5<TCP:[127.0.0.1:22->127.0.0.1:60704]>, events=POLLIN}], 1, NULL, NULL, 8) = 1 ([{fd=5, revents=POLLIN}])
27401<sshd-auth> 22:19:11 read(5<TCP:[127.0.0.1:22->127.0.0.1:60704]>, "\0\0\0 \342{!s\26\346G\22\357\337\31SF\264Up\26\2746C\370q7\16\360\217\351\262"..., 8192) = 52
27401<sshd-auth> 22:19:11 write(5<TCP:[127.0.0.1:22->127.0.0.1:60704]>, "\0\0\0 y\277\254J,\256o'\222\24\240\236H\267\243\360\367km\222C\220\356F\27\355\346\232"..., 52) = 52
27401<sshd-auth> 22:19:11 ppoll([{fd=5<TCP:[127.0.0.1:22->127.0.0.1:60704]>, events=POLLIN}], 1, NULL, NULL, 8) = 1 ([{fd=5, revents=POLLIN}])
27401<sshd-auth> 22:19:11 read(5<TCP:[127.0.0.1:22->127.0.0.1:60704]>, "\0\0\0000N\211\25F\210{\200@\253m\267\200\304&\233\317|\27L\310}`\22{\215\367#\26"..., 8192) = 68
27401<sshd-auth> 22:19:11 write(3<UNIX-STREAM:[144340->144341]>, "\0\0\0\r\10", 5) = 5
27397<sshd-session> 22:19:11 <... poll resumed>) = 1 ([{fd=9, revents=POLLIN}])
27401<sshd-auth> 22:19:11 write(3<UNIX-STREAM:[144340->144341]>, "\0\0\0\10catastor", 12 <unfinished ...>
27397<sshd-session> 22:19:11 read(9<UNIX-STREAM:[144341->144340]> <unfinished ...>
27401<sshd-auth> 22:19:11 <... write resumed>) = 12
27397<sshd-session> 22:19:11 <... read resumed>, "\0\0\0\r", 4) = 4
27401<sshd-auth> 22:19:11 read(3<UNIX-STREAM:[144340->144341]> <unfinished ...>
27397<sshd-session> 22:19:11 read(9<UNIX-STREAM:[144341->144340]>, "\10\0\0\0\10catastor", 13) = 13
27397<sshd-session> 22:19:11 newfstatat(AT_FDCWD</>, "/etc/nsswitch.conf", {st_mode=S_IFREG|0644, st_size=687, ...}, 0) = 0
27397<sshd-session> 22:19:11 openat(AT_FDCWD</>, "/etc/passwd", O_RDONLY|O_CLOEXEC) = 8</etc/passwd>
27397<sshd-session> 22:19:11 fstat(8</etc/passwd>, {st_mode=S_IFREG|0644, st_size=3346, ...}) = 0
27397<sshd-session> 22:19:11 lseek(8</etc/passwd>, 0, SEEK_SET) = 0
27397<sshd-session> 22:19:11 read(8</etc/passwd>, "root:x:0:0:Super User:/root:/bin"..., 4096) = 3346
27397<sshd-session> 22:19:11 close(8</etc/passwd>) = 0
27397<sshd-session> 22:19:11 getuid()   = 0
27397<sshd-session> 22:19:11 newfstatat(AT_FDCWD</>, "/etc/nsswitch.conf", {st_mode=S_IFREG|0644, st_size=687, ...}, 0) = 0
27397<sshd-session> 22:19:11 openat(AT_FDCWD</>, "/etc/passwd", O_RDONLY|O_CLOEXEC) = 8</etc/passwd>
27397<sshd-session> 22:19:11 fstat(8</etc/passwd>, {st_mode=S_IFREG|0644, st_size=3346, ...}) = 0
27397<sshd-session> 22:19:11 lseek(8</etc/passwd>, 0, SEEK_SET) = 0
27397<sshd-session> 22:19:11 read(8</etc/passwd>, "root:x:0:0:Super User:/root:/bin"..., 4096) = 3346
27397<sshd-session> 22:19:11 close(8</etc/passwd>) = 0
27397<sshd-session> 22:19:11 newfstatat(AT_FDCWD</>, "/bin/bash", {st_mode=S_IFREG|0755, st_size=1551104, ...}, 0) = 0
27397<sshd-session> 22:19:11 write(9<UNIX-STREAM:[144341->144340]>, "\0\0\f\220\t", 5) = 5
27401<sshd-auth> 22:19:11 <... read resumed>, "\0\0\f\220", 4) = 4
27397<sshd-session> 22:19:11 write(9<UNIX-STREAM:[144341->144340]>, "\1\0\0\0\4\350\3\0\0\0\0\0\4\350\3\0\0\0\0\0\10catastor\0\0\0"..., 3215 <unfinished ...>
27401<sshd-auth> 22:19:11 brk(0x559b95762000 <unfinished ...>
27397<sshd-session> 22:19:11 <... write resumed>) = 3215
27401<sshd-auth> 22:19:11 <... brk resumed>) = 0x559b95762000
27397<sshd-session> 22:19:11 poll([{fd=9<UNIX-STREAM:[144341->144340]>, events=POLLIN}, {fd=10<pipe:[144342]>, events=POLLIN}], 2, -1 <unfinished ...>
27401<sshd-auth> 22:19:11 read(3<UNIX-STREAM:[144340->144341]>, "\t\1\0\0\0\4\350\3\0\0\0\0\0\4\350\3\0\0\0\0\0\10catastor\0\0"..., 3216) = 3216
27401<sshd-auth> 22:19:11 write(3<UNIX-STREAM:[144340->144341]>, "\0\0\0\1d", 5) = 5
27397<sshd-session> 22:19:11 <... poll resumed>) = 1 ([{fd=9, revents=POLLIN}])
27401<sshd-auth> 22:19:11 write(3<UNIX-STREAM:[144340->144341]>, "\0\0\0\27\4", 5 <unfinished ...>
27397<sshd-session> 22:19:11 read(9<UNIX-STREAM:[144341->144340]> <unfinished ...>
27401<sshd-auth> 22:19:11 <... write resumed>) = 5
27397<sshd-session> 22:19:11 <... read resumed>, "\0\0\0\1", 4) = 4
27401<sshd-auth> 22:19:11 write(3<UNIX-STREAM:[144340->144341]>, "\0\0\0\16ssh-connection\0\0\0\0", 22 <unfinished ...>
27397<sshd-session> 22:19:11 read(9<UNIX-STREAM:[144341->144340]> <unfinished ...>
27401<sshd-auth> 22:19:11 <... write resumed>) = 22
27397<sshd-session> 22:19:11 <... read resumed>, "d", 1) = 1
27401<sshd-auth> 22:19:11 write(3<UNIX-STREAM:[144340->144341]>, "\0\0\0\5P", 5 <unfinished ...>
27397<sshd-session> 22:19:11 newfstatat(AT_FDCWD</>, "/etc/pam.d" <unfinished ...>
27401<sshd-auth> 22:19:11 <... write resumed>) = 5
27397<sshd-session> 22:19:11 <... newfstatat resumed>, {st_mode=S_IFDIR|0755, st_size=654, ...}, 0) = 0
27401<sshd-auth> 22:19:11 write(3<UNIX-STREAM:[144340->144341]>, "\0\0\0\0", 4 <unfinished ...>
27397<sshd-session> 22:19:11 openat(AT_FDCWD</>, "/etc/pam.d/sshd", O_RDONLY <unfinished ...>
27401<sshd-auth> 22:19:11 <... write resumed>) = 4
27397<sshd-session> 22:19:11 <... openat resumed>) = 8</etc/pam.d/sshd>
27401<sshd-auth> 22:19:11 write(5<TCP:[127.0.0.1:22->127.0.0.1:60704]>, "\0\0\0\300\315r\266\374\r\200\2}v\327\372\251\335MSN\222Q\344^\244\204)9Jf\364\260"..., 296 <unfinished ...>
27397<sshd-session> 22:19:11 fstat(8</etc/pam.d/sshd> <unfinished ...>
27401<sshd-auth> 22:19:11 <... write resumed>) = 296
27397<sshd-session> 22:19:11 <... fstat resumed>, {st_mode=S_IFREG|0644, st_size=727, ...}) = 0
27401<sshd-auth> 22:19:11 ppoll([{fd=5<TCP:[127.0.0.1:22->127.0.0.1:60704]>, events=POLLIN}], 1, NULL, NULL, 8 <unfinished ...>
27397<sshd-session> 22:19:11 read(8</etc/pam.d/sshd>, "#%PAM-1.0\nauth       substack   "..., 4096) = 727
27397<sshd-session> 22:19:11 openat(AT_FDCWD</>, "/etc/pam.d/password-auth", O_RDONLY) = 11</etc/authselect/password-auth>
27397<sshd-session> 22:19:11 fstat(11</etc/authselect/password-auth>, {st_mode=S_IFREG|0644, st_size=1272, ...}) = 0
27397<sshd-session> 22:19:11 read(11</etc/authselect/password-auth>, "# Generated by authselect\n# Do n"..., 4096) = 1272
27397<sshd-session> 22:19:11 openat(AT_FDCWD</>, "/usr/lib64/security/pam_env.so", O_RDONLY|O_CLOEXEC) = 12</usr/lib64/security/pam_env.so>
27397<sshd-session> 22:19:11 read(12</usr/lib64/security/pam_env.so>, "\177ELF\2\1\1\0\0\0\0\0\0\0\0\0\3\0>\0\1\0\0\0\0\0\0\0\0\0\0\0"..., 832) = 832
27397<sshd-session> 22:19:11 fstat(12</usr/lib64/security/pam_env.so>, {st_mode=S_IFREG|0755, st_size=23800, ...}) = 0
27397<sshd-session> 22:19:11 mmap(NULL, 24584, PROT_READ|PROT_EXEC, MAP_PRIVATE|MAP_DENYWRITE, 12</usr/lib64/security/pam_env.so>, 0) = 0x7f26d62de000
27397<sshd-session> 22:19:11 mmap(0x7f26d62e1000, 8192, PROT_READ, MAP_PRIVATE|MAP_FIXED|MAP_DENYWRITE, 12</usr/lib64/security/pam_env.so>, 0x3000) = 0x7f26d62e1000
27397<sshd-session> 22:19:11 mmap(0x7f26d62e3000, 4096, PROT_READ|PROT_WRITE, MAP_PRIVATE|MAP_FIXED|MAP_DENYWRITE, 12</usr/lib64/security/pam_env.so>, 0x4000) = 0x7f26d62e3000
27397<sshd-session> 22:19:11 mmap(0x7f26d62e4000, 8, PROT_READ|PROT_WRITE, MAP_PRIVATE|MAP_FIXED|MAP_ANONYMOUS, -1, 0) = 0x7f26d62e4000
27397<sshd-session> 22:19:11 close(12</usr/lib64/security/pam_env.so>) = 0
27397<sshd-session> 22:19:11 mprotect(0x7f26d62e3000, 4096, PROT_READ) = 0
27397<sshd-session> 22:19:11 openat(AT_FDCWD</>, "/usr/lib64/security/pam_faildelay.so", O_RDONLY|O_CLOEXEC) = 12</usr/lib64/security/pam_faildelay.so>
27397<sshd-session> 22:19:11 read(12</usr/lib64/security/pam_faildelay.so>, "\177ELF\2\1\1\0\0\0\0\0\0\0\0\0\3\0>\0\1\0\0\0\0\0\0\0\0\0\0\0"..., 832) = 832
27397<sshd-session> 22:19:11 fstat(12</usr/lib64/security/pam_faildelay.so>, {st_mode=S_IFREG|0755, st_size=11288, ...}) = 0
27397<sshd-session> 22:19:11 mmap(NULL, 12296, PROT_READ|PROT_EXEC, MAP_PRIVATE|MAP_DENYWRITE, 12</usr/lib64/security/pam_faildelay.so>, 0) = 0x7f26d62da000
27397<sshd-session> 22:19:11 mmap(0x7f26d62db000, 4096, PROT_READ, MAP_PRIVATE|MAP_FIXED|MAP_DENYWRITE, 12</usr/lib64/security/pam_faildelay.so>, 0x1000) = 0x7f26d62db000
27397<sshd-session> 22:19:11 mmap(0x7f26d62dc000, 4096, PROT_READ|PROT_WRITE, MAP_PRIVATE|MAP_FIXED|MAP_DENYWRITE, 12</usr/lib64/security/pam_faildelay.so>, 0x1000) = 0x7f26d62dc000
27397<sshd-session> 22:19:11 mmap(0x7f26d62dd000, 8, PROT_READ|PROT_WRITE, MAP_PRIVATE|MAP_FIXED|MAP_ANONYMOUS, -1, 0) = 0x7f26d62dd000
27397<sshd-session> 22:19:11 close(12</usr/lib64/security/pam_faildelay.so>) = 0
27397<sshd-session> 22:19:11 mprotect(0x7f26d62dc000, 4096, PROT_READ) = 0
27397<sshd-session> 22:19:11 openat(AT_FDCWD</>, "/usr/lib64/security/pam_unix.so", O_RDONLY|O_CLOEXEC) = 12</usr/lib64/security/pam_unix.so>
27397<sshd-session> 22:19:11 read(12</usr/lib64/security/pam_unix.so>, "\177ELF\2\1\1\0\0\0\0\0\0\0\0\0\3\0>\0\1\0\0\0\0\0\0\0\0\0\0\0"..., 832) = 832
27397<sshd-session> 22:19:11 fstat(12</usr/lib64/security/pam_unix.so>, {st_mode=S_IFREG|0755, st_size=65128, ...}) = 0
27397<sshd-session> 22:19:11 mmap(NULL, 61480, PROT_READ|PROT_EXEC, MAP_PRIVATE|MAP_DENYWRITE, 12</usr/lib64/security/pam_unix.so>, 0) = 0x7f26d5f9e000
27397<sshd-session> 22:19:11 mmap(0x7f26d5fa8000, 16384, PROT_READ, MAP_PRIVATE|MAP_FIXED|MAP_DENYWRITE, 12</usr/lib64/security/pam_unix.so>, 0xa000) = 0x7f26d5fa8000
27397<sshd-session> 22:19:11 mmap(0x7f26d5fac000, 8192, PROT_READ|PROT_WRITE, MAP_PRIVATE|MAP_FIXED|MAP_DENYWRITE, 12</usr/lib64/security/pam_unix.so>, 0xe000) = 0x7f26d5fac000
27397<sshd-session> 22:19:11 close(12</usr/lib64/security/pam_unix.so>) = 0
27397<sshd-session> 22:19:11 openat(AT_FDCWD</>, "/etc/ld.so.cache", O_RDONLY|O_CLOEXEC) = 12</etc/ld.so.cache>
27397<sshd-session> 22:19:11 fstat(12</etc/ld.so.cache>, {st_mode=S_IFREG|0644, st_size=74499, ...}) = 0
27397<sshd-session> 22:19:11 mmap(NULL, 74499, PROT_READ, MAP_PRIVATE, 12</etc/ld.so.cache>, 0) = 0x7f26d5f8b000
27397<sshd-session> 22:19:11 close(12</etc/ld.so.cache>) = 0
27397<sshd-session> 22:19:11 openat(AT_FDCWD</>, "/lib64/libtirpc.so.3", O_RDONLY|O_CLOEXEC) = 12</usr/lib64/libtirpc.so.3.0.0>
27397<sshd-session> 22:19:11 read(12</usr/lib64/libtirpc.so.3.0.0>, "\177ELF\2\1\1\0\0\0\0\0\0\0\0\0\3\0>\0\1\0\0\0\0\0\0\0\0\0\0\0"..., 832) = 832
27397<sshd-session> 22:19:11 fstat(12</usr/lib64/libtirpc.so.3.0.0>, {st_mode=S_IFREG|0755, st_size=196624, ...}) = 0
27397<sshd-session> 22:19:11 mmap(NULL, 195416, PROT_READ|PROT_EXEC, MAP_PRIVATE|MAP_DENYWRITE, 12</usr/lib64/libtirpc.so.3.0.0>, 0) = 0x7f26d57d5000
27397<sshd-session> 22:19:11 mmap(0x7f26d57f3000, 61440, PROT_READ, MAP_PRIVATE|MAP_FIXED|MAP_DENYWRITE, 12</usr/lib64/libtirpc.so.3.0.0>, 0x1e000) = 0x7f26d57f3000
27397<sshd-session> 22:19:11 mmap(0x7f26d5802000, 12288, PROT_READ|PROT_WRITE, MAP_PRIVATE|MAP_FIXED|MAP_DENYWRITE, 12</usr/lib64/libtirpc.so.3.0.0>, 0x2c000) = 0x7f26d5802000
27397<sshd-session> 22:19:11 close(12</usr/lib64/libtirpc.so.3.0.0>) = 0
27397<sshd-session> 22:19:11 openat(AT_FDCWD</>, "/lib64/libnsl.so.3", O_RDONLY|O_CLOEXEC) = 12</usr/lib64/libnsl.so.3.0.0>
27397<sshd-session> 22:19:11 read(12</usr/lib64/libnsl.so.3.0.0>, "\177ELF\2\1\1\0\0\0\0\0\0\0\0\0\3\0>\0\1\0\0\0\0\0\0\0\0\0\0\0"..., 832) = 832
27397<sshd-session> 22:19:11 fstat(12</usr/lib64/libnsl.so.3.0.0>, {st_mode=S_IFREG|0755, st_size=32544, ...}) = 0
27397<sshd-session> 22:19:11 mmap(NULL, 33960, PROT_READ|PROT_EXEC, MAP_PRIVATE|MAP_DENYWRITE, 12</usr/lib64/libnsl.so.3.0.0>, 0) = 0x7f26d5f82000
27397<sshd-session> 22:19:11 mmap(0x7f26d5f86000, 12288, PROT_READ, MAP_PRIVATE|MAP_FIXED|MAP_DENYWRITE, 12</usr/lib64/libnsl.so.3.0.0>, 0x4000) = 0x7f26d5f86000
27397<sshd-session> 22:19:11 mmap(0x7f26d5f89000, 4096, PROT_READ|PROT_WRITE, MAP_PRIVATE|MAP_FIXED|MAP_DENYWRITE, 12</usr/lib64/libnsl.so.3.0.0>, 0x6000) = 0x7f26d5f89000
27397<sshd-session> 22:19:11 mmap(0x7f26d5f8a000, 1192, PROT_READ|PROT_WRITE, MAP_PRIVATE|MAP_FIXED|MAP_ANONYMOUS, -1, 0) = 0x7f26d5f8a000
27397<sshd-session> 22:19:11 close(12</usr/lib64/libnsl.so.3.0.0>) = 0
27397<sshd-session> 22:19:11 mprotect(0x7f26d5802000, 8192, PROT_READ) = 0
27397<sshd-session> 22:19:11 mprotect(0x7f26d5f89000, 4096, PROT_READ) = 0
27397<sshd-session> 22:19:11 mprotect(0x7f26d5fac000, 4096, PROT_READ) = 0
27397<sshd-session> 22:19:11 munmap(0x7f26d5f8b000, 74499) = 0
27397<sshd-session> 22:19:11 openat(AT_FDCWD</>, "/usr/lib64/security/pam_deny.so", O_RDONLY|O_CLOEXEC) = 12</usr/lib64/security/pam_deny.so>
27397<sshd-session> 22:19:11 read(12</usr/lib64/security/pam_deny.so>, "\177ELF\2\1\1\0\0\0\0\0\0\0\0\0\3\0>\0\1\0\0\0\0\0\0\0\0\0\0\0"..., 832) = 832
27397<sshd-session> 22:19:11 fstat(12</usr/lib64/security/pam_deny.so>, {st_mode=S_IFREG|0755, st_size=11040, ...}) = 0
27397<sshd-session> 22:19:11 mmap(NULL, 12296, PROT_READ|PROT_EXEC, MAP_PRIVATE|MAP_DENYWRITE, 12</usr/lib64/security/pam_deny.so>, 0) = 0x7f26d62d6000
27397<sshd-session> 22:19:11 mmap(0x7f26d62d7000, 4096, PROT_READ, MAP_PRIVATE|MAP_FIXED|MAP_DENYWRITE, 12</usr/lib64/security/pam_deny.so>, 0x1000) = 0x7f26d62d7000
27397<sshd-session> 22:19:11 mmap(0x7f26d62d8000, 4096, PROT_READ|PROT_WRITE, MAP_PRIVATE|MAP_FIXED|MAP_DENYWRITE, 12</usr/lib64/security/pam_deny.so>, 0x1000) = 0x7f26d62d8000
27397<sshd-session> 22:19:11 mmap(0x7f26d62d9000, 8, PROT_READ|PROT_WRITE, MAP_PRIVATE|MAP_FIXED|MAP_ANONYMOUS, -1, 0) = 0x7f26d62d9000
27397<sshd-session> 22:19:11 close(12</usr/lib64/security/pam_deny.so>) = 0
27397<sshd-session> 22:19:11 mprotect(0x7f26d62d8000, 4096, PROT_READ) = 0
27397<sshd-session> 22:19:11 read(11</etc/authselect/password-auth>, "", 4096) = 0
27397<sshd-session> 22:19:11 close(11</etc/authselect/password-auth>) = 0
27397<sshd-session> 22:19:11 openat(AT_FDCWD</>, "/etc/pam.d/postlogin", O_RDONLY) = 11</etc/authselect/postlogin>
27397<sshd-session> 22:19:11 fstat(11</etc/authselect/postlogin>, {st_mode=S_IFREG|0644, st_size=534, ...}) = 0
27397<sshd-session> 22:19:11 read(11</etc/authselect/postlogin>, "# Generated by authselect\n# Do n"..., 4096) = 534
27397<sshd-session> 22:19:11 read(11</etc/authselect/postlogin>, "", 4096) = 0
27397<sshd-session> 22:19:11 close(11</etc/authselect/postlogin>) = 0
27397<sshd-session> 22:19:11 openat(AT_FDCWD</>, "/usr/lib64/security/pam_sepermit.so", O_RDONLY|O_CLOEXEC) = 11</usr/lib64/security/pam_sepermit.so>
27397<sshd-session> 22:19:11 read(11</usr/lib64/security/pam_sepermit.so>, "\177ELF\2\1\1\0\0\0\0\0\0\0\0\0\3\0>\0\1\0\0\0\0\0\0\0\0\0\0\0"..., 832) = 832
27397<sshd-session> 22:19:11 fstat(11</usr/lib64/security/pam_sepermit.so>, {st_mode=S_IFREG|0755, st_size=19584, ...}) = 0
27397<sshd-session> 22:19:11 mmap(NULL, 20488, PROT_READ|PROT_EXEC, MAP_PRIVATE|MAP_DENYWRITE, 11</usr/lib64/security/pam_sepermit.so>, 0) = 0x7f26d5f98000
27397<sshd-session> 22:19:11 mmap(0x7f26d5f9a000, 8192, PROT_READ, MAP_PRIVATE|MAP_FIXED|MAP_DENYWRITE, 11</usr/lib64/security/pam_sepermit.so>, 0x2000) = 0x7f26d5f9a000
27397<sshd-session> 22:19:11 mmap(0x7f26d5f9c000, 4096, PROT_READ|PROT_WRITE, MAP_PRIVATE|MAP_FIXED|MAP_DENYWRITE, 11</usr/lib64/security/pam_sepermit.so>, 0x3000) = 0x7f26d5f9c000
27397<sshd-session> 22:19:11 mmap(0x7f26d5f9d000, 8, PROT_READ|PROT_WRITE, MAP_PRIVATE|MAP_FIXED|MAP_ANONYMOUS, -1, 0) = 0x7f26d5f9d000
27397<sshd-session> 22:19:11 close(11</usr/lib64/security/pam_sepermit.so>) = 0
27397<sshd-session> 22:19:11 mprotect(0x7f26d5f9c000, 4096, PROT_READ) = 0
27397<sshd-session> 22:19:11 openat(AT_FDCWD</>, "/usr/lib64/security/pam_nologin.so", O_RDONLY|O_CLOEXEC) = 11</usr/lib64/security/pam_nologin.so>
27397<sshd-session> 22:19:11 read(11</usr/lib64/security/pam_nologin.so>, "\177ELF\2\1\1\0\0\0\0\0\0\0\0\0\3\0>\0\1\0\0\0\0\0\0\0\0\0\0\0"..., 832) = 832
27397<sshd-session> 22:19:11 fstat(11</usr/lib64/security/pam_nologin.so>, {st_mode=S_IFREG|0755, st_size=11336, ...}) = 0
27397<sshd-session> 22:19:11 mmap(NULL, 12296, PROT_READ|PROT_EXEC, MAP_PRIVATE|MAP_DENYWRITE, 11</usr/lib64/security/pam_nologin.so>, 0) = 0x7f26d5f94000
27397<sshd-session> 22:19:11 mmap(0x7f26d5f95000, 4096, PROT_READ, MAP_PRIVATE|MAP_FIXED|MAP_DENYWRITE, 11</usr/lib64/security/pam_nologin.so>, 0x1000) = 0x7f26d5f95000
27397<sshd-session> 22:19:11 mmap(0x7f26d5f96000, 4096, PROT_READ|PROT_WRITE, MAP_PRIVATE|MAP_FIXED|MAP_DENYWRITE, 11</usr/lib64/security/pam_nologin.so>, 0x1000) = 0x7f26d5f96000
27397<sshd-session> 22:19:11 mmap(0x7f26d5f97000, 8, PROT_READ|PROT_WRITE, MAP_PRIVATE|MAP_FIXED|MAP_ANONYMOUS, -1, 0) = 0x7f26d5f97000
27397<sshd-session> 22:19:11 close(11</usr/lib64/security/pam_nologin.so>) = 0
27397<sshd-session> 22:19:11 mprotect(0x7f26d5f96000, 4096, PROT_READ) = 0
27397<sshd-session> 22:19:11 openat(AT_FDCWD</>, "/etc/pam.d/password-auth", O_RDONLY) = 11</etc/authselect/password-auth>
27397<sshd-session> 22:19:11 fstat(11</etc/authselect/password-auth>, {st_mode=S_IFREG|0644, st_size=1272, ...}) = 0
27397<sshd-session> 22:19:11 read(11</etc/authselect/password-auth>, "# Generated by authselect\n# Do n"..., 4096) = 1272
27397<sshd-session> 22:19:11 read(11</etc/authselect/password-auth>, "", 4096) = 0
27397<sshd-session> 22:19:11 close(11</etc/authselect/password-auth>) = 0
27397<sshd-session> 22:19:11 openat(AT_FDCWD</>, "/etc/pam.d/password-auth", O_RDONLY) = 11</etc/authselect/password-auth>
27397<sshd-session> 22:19:11 fstat(11</etc/authselect/password-auth>, {st_mode=S_IFREG|0644, st_size=1272, ...}) = 0
27397<sshd-session> 22:19:11 read(11</etc/authselect/password-auth>, "# Generated by authselect\n# Do n"..., 4096) = 1272
27397<sshd-session> 22:19:11 openat(AT_FDCWD</>, "/usr/lib64/security/pam_pwquality.so", O_RDONLY|O_CLOEXEC) = 12</usr/lib64/security/pam_pwquality.so>
27397<sshd-session> 22:19:11 read(12</usr/lib64/security/pam_pwquality.so>, "\177ELF\2\1\1\0\0\0\0\0\0\0\0\0\3\0>\0\1\0\0\0\0\0\0\0\0\0\0\0"..., 832) = 832
27397<sshd-session> 22:19:11 fstat(12</usr/lib64/security/pam_pwquality.so>, {st_mode=S_IFREG|0755, st_size=19512, ...}) = 0
27397<sshd-session> 22:19:11 mmap(NULL, 16392, PROT_READ|PROT_EXEC, MAP_PRIVATE|MAP_DENYWRITE, 12</usr/lib64/security/pam_pwquality.so>, 0) = 0x7f26d5f8f000
27397<sshd-session> 22:19:11 mmap(0x7f26d5f91000, 4096, PROT_READ, MAP_PRIVATE|MAP_FIXED|MAP_DENYWRITE, 12</usr/lib64/security/pam_pwquality.so>, 0x2000) = 0x7f26d5f91000
27397<sshd-session> 22:19:11 mmap(0x7f26d5f92000, 4096, PROT_READ|PROT_WRITE, MAP_PRIVATE|MAP_FIXED|MAP_DENYWRITE, 12</usr/lib64/security/pam_pwquality.so>, 0x3000) = 0x7f26d5f92000
27397<sshd-session> 22:19:11 mmap(0x7f26d5f93000, 8, PROT_READ|PROT_WRITE, MAP_PRIVATE|MAP_FIXED|MAP_ANONYMOUS, -1, 0) = 0x7f26d5f93000
27397<sshd-session> 22:19:11 close(12</usr/lib64/security/pam_pwquality.so>) = 0
27397<sshd-session> 22:19:11 openat(AT_FDCWD</>, "/etc/ld.so.cache", O_RDONLY|O_CLOEXEC) = 12</etc/ld.so.cache>
27397<sshd-session> 22:19:11 fstat(12</etc/ld.so.cache>, {st_mode=S_IFREG|0644, st_size=74499, ...}) = 0
27397<sshd-session> 22:19:11 mmap(NULL, 74499, PROT_READ, MAP_PRIVATE, 12</etc/ld.so.cache>, 0) = 0x7f26d5f6f000
27397<sshd-session> 22:19:11 close(12</etc/ld.so.cache>) = 0
27397<sshd-session> 22:19:11 openat(AT_FDCWD</>, "/lib64/libpwquality.so.1", O_RDONLY|O_CLOEXEC) = 12</usr/lib64/libpwquality.so.1.0.2>
27397<sshd-session> 22:19:11 read(12</usr/lib64/libpwquality.so.1.0.2>, "\177ELF\2\1\1\0\0\0\0\0\0\0\0\0\3\0>\0\1\0\0\0\0\0\0\0\0\0\0\0"..., 832) = 832
27397<sshd-session> 22:19:11 fstat(12</usr/lib64/libpwquality.so.1.0.2>, {st_mode=S_IFREG|0755, st_size=28040, ...}) = 0
27397<sshd-session> 22:19:11 mmap(NULL, 24864, PROT_READ|PROT_EXEC, MAP_PRIVATE|MAP_DENYWRITE, 12</usr/lib64/libpwquality.so.1.0.2>, 0) = 0x7f26d5f68000
27397<sshd-session> 22:19:11 mmap(0x7f26d5f6b000, 8192, PROT_READ, MAP_PRIVATE|MAP_FIXED|MAP_DENYWRITE, 12</usr/lib64/libpwquality.so.1.0.2>, 0x3000) = 0x7f26d5f6b000
27397<sshd-session> 22:19:11 mmap(0x7f26d5f6d000, 4096, PROT_READ|PROT_WRITE, MAP_PRIVATE|MAP_FIXED|MAP_DENYWRITE, 12</usr/lib64/libpwquality.so.1.0.2>, 0x5000) = 0x7f26d5f6d000
27397<sshd-session> 22:19:11 mmap(0x7f26d5f6e000, 288, PROT_READ|PROT_WRITE, MAP_PRIVATE|MAP_FIXED|MAP_ANONYMOUS, -1, 0) = 0x7f26d5f6e000
27397<sshd-session> 22:19:11 close(12</usr/lib64/libpwquality.so.1.0.2>) = 0
27397<sshd-session> 22:19:11 openat(AT_FDCWD</>, "/lib64/libcrack.so.2", O_RDONLY|O_CLOEXEC) = 12</usr/lib64/libcrack.so.2.9.0>
27397<sshd-session> 22:19:11 read(12</usr/lib64/libcrack.so.2.9.0>, "\177ELF\2\1\1\0\0\0\0\0\0\0\0\0\3\0>\0\1\0\0\0\0\0\0\0\0\0\0\0"..., 832) = 832
27397<sshd-session> 22:19:11 fstat(12</usr/lib64/libcrack.so.2.9.0>, {st_mode=S_IFREG|0755, st_size=40296, ...}) = 0
27397<sshd-session> 22:19:11 mmap(NULL, 40968, PROT_READ|PROT_EXEC, MAP_PRIVATE|MAP_DENYWRITE, 12</usr/lib64/libcrack.so.2.9.0>, 0) = 0x7f26d57ca000
27397<sshd-session> 22:19:11 mmap(0x7f26d57ce000, 16384, PROT_READ, MAP_PRIVATE|MAP_FIXED|MAP_DENYWRITE, 12</usr/lib64/libcrack.so.2.9.0>, 0x4000) = 0x7f26d57ce000
27397<sshd-session> 22:19:11 mmap(0x7f26d57d2000, 8192, PROT_READ|PROT_WRITE, MAP_PRIVATE|MAP_FIXED|MAP_DENYWRITE, 12</usr/lib64/libcrack.so.2.9.0>, 0x7000) = 0x7f26d57d2000
27397<sshd-session> 22:19:11 mmap(0x7f26d57d4000, 8, PROT_READ|PROT_WRITE, MAP_PRIVATE|MAP_FIXED|MAP_ANONYMOUS, -1, 0) = 0x7f26d57d4000
27397<sshd-session> 22:19:11 close(12</usr/lib64/libcrack.so.2.9.0>) = 0
27397<sshd-session> 22:19:11 mprotect(0x7f26d57d2000, 8192, PROT_READ) = 0
27397<sshd-session> 22:19:11 mprotect(0x7f26d5f6d000, 4096, PROT_READ) = 0
27397<sshd-session> 22:19:11 mprotect(0x7f26d5f92000, 4096, PROT_READ) = 0
27397<sshd-session> 22:19:11 munmap(0x7f26d5f6f000, 74499) = 0
27397<sshd-session> 22:19:11 read(11</etc/authselect/password-auth>, "", 4096) = 0
27397<sshd-session> 22:19:11 close(11</etc/authselect/password-auth>) = 0
27397<sshd-session> 22:19:11 openat(AT_FDCWD</>, "/usr/lib64/security/pam_selinux.so", O_RDONLY|O_CLOEXEC) = 11</usr/lib64/security/pam_selinux.so>
27397<sshd-session> 22:19:11 read(11</usr/lib64/security/pam_selinux.so>, "\177ELF\2\1\1\0\0\0\0\0\0\0\0\0\3\0>\0\1\0\0\0\0\0\0\0\0\0\0\0"..., 832) = 832
27397<sshd-session> 22:19:11 fstat(11</usr/lib64/security/pam_selinux.so>, {st_mode=S_IFREG|0755, st_size=27832, ...}) = 0
27397<sshd-session> 22:19:11 mmap(NULL, 24584, PROT_READ|PROT_EXEC, MAP_PRIVATE|MAP_DENYWRITE, 11</usr/lib64/security/pam_selinux.so>, 0) = 0x7f26d5f7b000
27397<sshd-session> 22:19:11 mmap(0x7f26d5f7e000, 8192, PROT_READ, MAP_PRIVATE|MAP_FIXED|MAP_DENYWRITE, 11</usr/lib64/security/pam_selinux.so>, 0x3000) = 0x7f26d5f7e000
27397<sshd-session> 22:19:11 mmap(0x7f26d5f80000, 4096, PROT_READ|PROT_WRITE, MAP_PRIVATE|MAP_FIXED|MAP_DENYWRITE, 11</usr/lib64/security/pam_selinux.so>, 0x5000) = 0x7f26d5f80000
27397<sshd-session> 22:19:11 mmap(0x7f26d5f81000, 8, PROT_READ|PROT_WRITE, MAP_PRIVATE|MAP_FIXED|MAP_ANONYMOUS, -1, 0) = 0x7f26d5f81000
27397<sshd-session> 22:19:11 close(11</usr/lib64/security/pam_selinux.so>) = 0
27397<sshd-session> 22:19:11 mprotect(0x7f26d5f80000, 4096, PROT_READ) = 0
27397<sshd-session> 22:19:11 openat(AT_FDCWD</>, "/usr/lib64/security/pam_loginuid.so", O_RDONLY|O_CLOEXEC) = 11</usr/lib64/security/pam_loginuid.so>
27397<sshd-session> 22:19:11 read(11</usr/lib64/security/pam_loginuid.so>, "\177ELF\2\1\1\0\0\0\0\0\0\0\0\0\3\0>\0\1\0\0\0\0\0\0\0\0\0\0\0"..., 832) = 832
27397<sshd-session> 22:19:11 fstat(11</usr/lib64/security/pam_loginuid.so>, {st_mode=S_IFREG|0755, st_size=11328, ...}) = 0
27397<sshd-session> 22:19:11 mmap(NULL, 12296, PROT_READ|PROT_EXEC, MAP_PRIVATE|MAP_DENYWRITE, 11</usr/lib64/security/pam_loginuid.so>, 0) = 0x7f26d5f8b000
27397<sshd-session> 22:19:11 mmap(0x7f26d5f8c000, 4096, PROT_READ, MAP_PRIVATE|MAP_FIXED|MAP_DENYWRITE, 11</usr/lib64/security/pam_loginuid.so>, 0x1000) = 0x7f26d5f8c000
27397<sshd-session> 22:19:11 mmap(0x7f26d5f8d000, 4096, PROT_READ|PROT_WRITE, MAP_PRIVATE|MAP_FIXED|MAP_DENYWRITE, 11</usr/lib64/security/pam_loginuid.so>, 0x1000) = 0x7f26d5f8d000
27397<sshd-session> 22:19:11 mmap(0x7f26d5f8e000, 8, PROT_READ|PROT_WRITE, MAP_PRIVATE|MAP_FIXED|MAP_ANONYMOUS, -1, 0) = 0x7f26d5f8e000
27397<sshd-session> 22:19:11 close(11</usr/lib64/security/pam_loginuid.so>) = 0
27397<sshd-session> 22:19:11 mprotect(0x7f26d5f8d000, 4096, PROT_READ) = 0
27397<sshd-session> 22:19:11 openat(AT_FDCWD</>, "/usr/lib64/security/pam_namespace.so", O_RDONLY|O_CLOEXEC) = 11</usr/lib64/security/pam_namespace.so>
27397<sshd-session> 22:19:11 read(11</usr/lib64/security/pam_namespace.so>, "\177ELF\2\1\1\0\0\0\0\0\0\0\0\0\3\0>\0\1\0\0\0\0\0\0\0\0\0\0\0"..., 832) = 832
27397<sshd-session> 22:19:11 fstat(11</usr/lib64/security/pam_namespace.so>, {st_mode=S_IFREG|0755, st_size=48416, ...}) = 0
27397<sshd-session> 22:19:11 mmap(NULL, 49176, PROT_READ|PROT_EXEC, MAP_PRIVATE|MAP_DENYWRITE, 11</usr/lib64/security/pam_namespace.so>, 0) = 0x7f26d57bd000
27397<sshd-session> 22:19:11 mmap(0x7f26d57c4000, 16384, PROT_READ, MAP_PRIVATE|MAP_FIXED|MAP_DENYWRITE, 11</usr/lib64/security/pam_namespace.so>, 0x7000) = 0x7f26d57c4000
27397<sshd-session> 22:19:11 mmap(0x7f26d57c8000, 4096, PROT_READ|PROT_WRITE, MAP_PRIVATE|MAP_FIXED|MAP_DENYWRITE, 11</usr/lib64/security/pam_namespace.so>, 0xa000) = 0x7f26d57c8000
27397<sshd-session> 22:19:11 mmap(0x7f26d57c9000, 24, PROT_READ|PROT_WRITE, MAP_PRIVATE|MAP_FIXED|MAP_ANONYMOUS, -1, 0) = 0x7f26d57c9000
27397<sshd-session> 22:19:11 close(11</usr/lib64/security/pam_namespace.so>) = 0
27397<sshd-session> 22:19:11 mprotect(0x7f26d57c8000, 4096, PROT_READ) = 0
27397<sshd-session> 22:19:11 openat(AT_FDCWD</>, "/usr/lib64/security/pam_keyinit.so", O_RDONLY|O_CLOEXEC) = 11</usr/lib64/security/pam_keyinit.so>
27397<sshd-session> 22:19:11 read(11</usr/lib64/security/pam_keyinit.so>, "\177ELF\2\1\1\0\0\0\0\0\0\0\0\0\3\0>\0\1\0\0\0\0\0\0\0\0\0\0\0"..., 832) = 832
27397<sshd-session> 22:19:11 fstat(11</usr/lib64/security/pam_keyinit.so>, {st_mode=S_IFREG|0755, st_size=11448, ...}) = 0
27397<sshd-session> 22:19:11 mmap(NULL, 12296, PROT_READ|PROT_EXEC, MAP_PRIVATE|MAP_DENYWRITE, 11</usr/lib64/security/pam_keyinit.so>, 0) = 0x7f26d5f77000
27397<sshd-session> 22:19:11 mmap(0x7f26d5f78000, 4096, PROT_READ, MAP_PRIVATE|MAP_FIXED|MAP_DENYWRITE, 11</usr/lib64/security/pam_keyinit.so>, 0x1000) = 0x7f26d5f78000
27397<sshd-session> 22:19:11 mmap(0x7f26d5f79000, 4096, PROT_READ|PROT_WRITE, MAP_PRIVATE|MAP_FIXED|MAP_DENYWRITE, 11</usr/lib64/security/pam_keyinit.so>, 0x1000) = 0x7f26d5f79000
27397<sshd-session> 22:19:11 mmap(0x7f26d5f7a000, 8, PROT_READ|PROT_WRITE, MAP_PRIVATE|MAP_FIXED|MAP_ANONYMOUS, -1, 0) = 0x7f26d5f7a000
27397<sshd-session> 22:19:11 close(11</usr/lib64/security/pam_keyinit.so>) = 0
27397<sshd-session> 22:19:11 mprotect(0x7f26d5f79000, 4096, PROT_READ) = 0
27397<sshd-session> 22:19:11 openat(AT_FDCWD</>, "/usr/lib64/security/pam_motd.so", O_RDONLY|O_CLOEXEC) = 11</usr/lib64/security/pam_motd.so>
27397<sshd-session> 22:19:11 read(11</usr/lib64/security/pam_motd.so>, "\177ELF\2\1\1\0\0\0\0\0\0\0\0\0\3\0>\0\1\0\0\0\0\0\0\0\0\0\0\0"..., 832) = 832
27397<sshd-session> 22:19:11 fstat(11</usr/lib64/security/pam_motd.so>, {st_mode=S_IFREG|0755, st_size=19560, ...}) = 0
27397<sshd-session> 22:19:11 mmap(NULL, 16392, PROT_READ|PROT_EXEC, MAP_PRIVATE|MAP_DENYWRITE, 11</usr/lib64/security/pam_motd.so>, 0) = 0x7f26d5f72000
27397<sshd-session> 22:19:11 mmap(0x7f26d5f74000, 4096, PROT_READ, MAP_PRIVATE|MAP_FIXED|MAP_DENYWRITE, 11</usr/lib64/security/pam_motd.so>, 0x2000) = 0x7f26d5f74000
27397<sshd-session> 22:19:11 mmap(0x7f26d5f75000, 4096, PROT_READ|PROT_WRITE, MAP_PRIVATE|MAP_FIXED|MAP_DENYWRITE, 11</usr/lib64/security/pam_motd.so>, 0x3000) = 0x7f26d5f75000
27397<sshd-session> 22:19:11 mmap(0x7f26d5f76000, 8, PROT_READ|PROT_WRITE, MAP_PRIVATE|MAP_FIXED|MAP_ANONYMOUS, -1, 0) = 0x7f26d5f76000
27397<sshd-session> 22:19:11 close(11</usr/lib64/security/pam_motd.so>) = 0
27397<sshd-session> 22:19:11 mprotect(0x7f26d5f75000, 4096, PROT_READ) = 0
27397<sshd-session> 22:19:11 openat(AT_FDCWD</>, "/etc/pam.d/password-auth", O_RDONLY) = 11</etc/authselect/password-auth>
27397<sshd-session> 22:19:11 fstat(11</etc/authselect/password-auth>, {st_mode=S_IFREG|0644, st_size=1272, ...}) = 0
27397<sshd-session> 22:19:11 read(11</etc/authselect/password-auth>, "# Generated by authselect\n# Do n"..., 4096) = 1272
27397<sshd-session> 22:19:11 openat(AT_FDCWD</>, "/usr/lib64/security/pam_limits.so", O_RDONLY|O_CLOEXEC) = 12</usr/lib64/security/pam_limits.so>
27397<sshd-session> 22:19:11 read(12</usr/lib64/security/pam_limits.so>, "\177ELF\2\1\1\0\0\0\0\0\0\0\0\0\3\0>\0\1\0\0\0\0\0\0\0\0\0\0\0"..., 832) = 832
27397<sshd-session> 22:19:11 fstat(12</usr/lib64/security/pam_limits.so>, {st_mode=S_IFREG|0755, st_size=27736, ...}) = 0
27397<sshd-session> 22:19:11 mmap(NULL, 28680, PROT_READ|PROT_EXEC, MAP_PRIVATE|MAP_DENYWRITE, 12</usr/lib64/security/pam_limits.so>, 0) = 0x7f26d57b5000
27397<sshd-session> 22:19:11 mmap(0x7f26d57b9000, 8192, PROT_READ, MAP_PRIVATE|MAP_FIXED|MAP_DENYWRITE, 12</usr/lib64/security/pam_limits.so>, 0x4000) = 0x7f26d57b9000
27397<sshd-session> 22:19:11 mmap(0x7f26d57bb000, 4096, PROT_READ|PROT_WRITE, MAP_PRIVATE|MAP_FIXED|MAP_DENYWRITE, 12</usr/lib64/security/pam_limits.so>, 0x5000) = 0x7f26d57bb000
27397<sshd-session> 22:19:11 mmap(0x7f26d57bc000, 8, PROT_READ|PROT_WRITE, MAP_PRIVATE|MAP_FIXED|MAP_ANONYMOUS, -1, 0) = 0x7f26d57bc000
27397<sshd-session> 22:19:11 close(12</usr/lib64/security/pam_limits.so>) = 0
27397<sshd-session> 22:19:11 mprotect(0x7f26d57bb000, 4096, PROT_READ) = 0
27397<sshd-session> 22:19:11 openat(AT_FDCWD</>, "/usr/lib64/security/pam_systemd.so", O_RDONLY|O_CLOEXEC) = 12</usr/lib64/security/pam_systemd.so>
27397<sshd-session> 22:19:11 read(12</usr/lib64/security/pam_systemd.so>, "\177ELF\2\1\1\0\0\0\0\0\0\0\0\0\3\0>\0\1\0\0\0\0\0\0\0\0\0\0\0"..., 832) = 832
27397<sshd-session> 22:19:11 fstat(12</usr/lib64/security/pam_systemd.so>, {st_mode=S_IFREG|0755, st_size=681640, ...}) = 0
27397<sshd-session> 22:19:11 mmap(NULL, 672968, PROT_READ|PROT_EXEC, MAP_PRIVATE|MAP_DENYWRITE, 12</usr/lib64/security/pam_systemd.so>, 0) = 0x7f26d5710000
27397<sshd-session> 22:19:11 mmap(0x7f26d5784000, 163840, PROT_READ, MAP_PRIVATE|MAP_FIXED|MAP_DENYWRITE, 12</usr/lib64/security/pam_systemd.so>, 0x74000) = 0x7f26d5784000
27397<sshd-session> 22:19:11 mmap(0x7f26d57ac000, 32768, PROT_READ|PROT_WRITE, MAP_PRIVATE|MAP_FIXED|MAP_DENYWRITE, 12</usr/lib64/security/pam_systemd.so>, 0x9b000) = 0x7f26d57ac000
27397<sshd-session> 22:19:11 mmap(0x7f26d57b4000, 1224, PROT_READ|PROT_WRITE, MAP_PRIVATE|MAP_FIXED|MAP_ANONYMOUS, -1, 0) = 0x7f26d57b4000
27397<sshd-session> 22:19:11 close(12</usr/lib64/security/pam_systemd.so>) = 0
27397<sshd-session> 22:19:11 openat(AT_FDCWD</>, "/etc/ld.so.cache", O_RDONLY|O_CLOEXEC) = 12</etc/ld.so.cache>
27397<sshd-session> 22:19:11 fstat(12</etc/ld.so.cache>, {st_mode=S_IFREG|0644, st_size=74499, ...}) = 0
27397<sshd-session> 22:19:11 mmap(NULL, 74499, PROT_READ, MAP_PRIVATE, 12</etc/ld.so.cache>, 0) = 0x7f26d56fd000
27397<sshd-session> 22:19:11 close(12</etc/ld.so.cache>) = 0
27397<sshd-session> 22:19:11 openat(AT_FDCWD</>, "/lib64/libpam_misc.so.0", O_RDONLY|O_CLOEXEC) = 12</usr/lib64/libpam_misc.so.0.82.1>
27397<sshd-session> 22:19:11 read(12</usr/lib64/libpam_misc.so.0.82.1>, "\177ELF\2\1\1\0\0\0\0\0\0\0\0\0\3\0>\0\1\0\0\0\0\0\0\0\0\0\0\0"..., 832) = 832
27397<sshd-session> 22:19:11 fstat(12</usr/lib64/libpam_misc.so.0.82.1>, {st_mode=S_IFREG|0755, st_size=19800, ...}) = 0
27397<sshd-session> 22:19:11 mmap(NULL, 20552, PROT_READ|PROT_EXEC, MAP_PRIVATE|MAP_DENYWRITE, 12</usr/lib64/libpam_misc.so.0.82.1>, 0) = 0x7f26d56f7000
27397<sshd-session> 22:19:11 mmap(0x7f26d56f9000, 8192, PROT_READ, MAP_PRIVATE|MAP_FIXED|MAP_DENYWRITE, 12</usr/lib64/libpam_misc.so.0.82.1>, 0x2000) = 0x7f26d56f9000
27397<sshd-session> 22:19:11 mmap(0x7f26d56fb000, 8192, PROT_READ|PROT_WRITE, MAP_PRIVATE|MAP_FIXED|MAP_DENYWRITE, 12</usr/lib64/libpam_misc.so.0.82.1>, 0x3000) = 0x7f26d56fb000
27397<sshd-session> 22:19:11 close(12</usr/lib64/libpam_misc.so.0.82.1>) = 0
27397<sshd-session> 22:19:11 openat(AT_FDCWD</>, "/lib64/libm.so.6", O_RDONLY|O_CLOEXEC) = 12</usr/lib64/libm.so.6>
27397<sshd-session> 22:19:11 read(12</usr/lib64/libm.so.6>, "\177ELF\2\1\1\3\0\0\0\0\0\0\0\0\3\0>\0\1\0\0\0\0\0\0\0\0\0\0\0"..., 832) = 832
27397<sshd-session> 22:19:11 fstat(12</usr/lib64/libm.so.6>, {st_mode=S_IFREG|0755, st_size=1153848, ...}) = 0
27397<sshd-session> 22:19:11 mmap(NULL, 1138704, PROT_READ|PROT_EXEC, MAP_PRIVATE|MAP_DENYWRITE, 12</usr/lib64/libm.so.6>, 0) = 0x7f26d55e0000
27397<sshd-session> 22:19:11 mmap(0x7f26d566f000, 548864, PROT_READ, MAP_PRIVATE|MAP_FIXED|MAP_DENYWRITE, 12</usr/lib64/libm.so.6>, 0x8f000) = 0x7f26d566f000
27397<sshd-session> 22:19:11 mmap(0x7f26d56f5000, 8192, PROT_READ|PROT_WRITE, MAP_PRIVATE|MAP_FIXED|MAP_DENYWRITE, 12</usr/lib64/libm.so.6>, 0x114000) = 0x7f26d56f5000
27397<sshd-session> 22:19:11 close(12</usr/lib64/libm.so.6>) = 0
27397<sshd-session> 22:19:11 openat(AT_FDCWD</>, "/lib64/libgcc_s.so.1", O_RDONLY|O_CLOEXEC) = 12</usr/lib64/libgcc_s-16-20260321.so.1>
27397<sshd-session> 22:19:11 read(12</usr/lib64/libgcc_s-16-20260321.so.1>, "\177ELF\2\1\1\0\0\0\0\0\0\0\0\0\3\0>\0\1\0\0\0\0\0\0\0\0\0\0\0"..., 832) = 832
27397<sshd-session> 22:19:11 fstat(12</usr/lib64/libgcc_s-16-20260321.so.1>, {st_mode=S_IFREG|0755, st_size=186544, ...}) = 0
27397<sshd-session> 22:19:11 mmap(NULL, 180680, PROT_READ|PROT_EXEC, MAP_PRIVATE|MAP_DENYWRITE, 12</usr/lib64/libgcc_s-16-20260321.so.1>, 0) = 0x7f26d55b3000
27397<sshd-session> 22:19:11 mmap(0x7f26d55d7000, 28672, PROT_READ, MAP_PRIVATE|MAP_FIXED|MAP_DENYWRITE, 12</usr/lib64/libgcc_s-16-20260321.so.1>, 0x24000) = 0x7f26d55d7000
27397<sshd-session> 22:19:11 mmap(0x7f26d55de000, 4096, PROT_READ|PROT_WRITE, MAP_PRIVATE|MAP_FIXED|MAP_DENYWRITE, 12</usr/lib64/libgcc_s-16-20260321.so.1>, 0x2b000) = 0x7f26d55de000
27397<sshd-session> 22:19:11 mmap(0x7f26d55df000, 456, PROT_READ|PROT_WRITE, MAP_PRIVATE|MAP_FIXED|MAP_ANONYMOUS, -1, 0) = 0x7f26d55df000
27397<sshd-session> 22:19:11 close(12</usr/lib64/libgcc_s-16-20260321.so.1>) = 0
27397<sshd-session> 22:19:11 mprotect(0x7f26d55de000, 4096, PROT_READ) = 0
27397<sshd-session> 22:19:11 mprotect(0x7f26d56f5000, 4096, PROT_READ) = 0
27397<sshd-session> 22:19:11 mprotect(0x7f26d56fb000, 4096, PROT_READ) = 0
27397<sshd-session> 22:19:11 mprotect(0x7f26d57ac000, 28672, PROT_READ) = 0
27397<sshd-session> 22:19:11 munmap(0x7f26d56fd000, 74499) = 0
27397<sshd-session> 22:19:11 openat(AT_FDCWD</>, "/usr/lib64/security/pam_succeed_if.so", O_RDONLY|O_CLOEXEC) = 12</usr/lib64/security/pam_succeed_if.so>
27397<sshd-session> 22:19:11 read(12</usr/lib64/security/pam_succeed_if.so>, "\177ELF\2\1\1\0\0\0\0\0\0\0\0\0\3\0>\0\1\0\0\0\0\0\0\0\0\0\0\0"..., 832) = 832
27397<sshd-session> 22:19:11 fstat(12</usr/lib64/security/pam_succeed_if.so>, {st_mode=S_IFREG|0755, st_size=19624, ...}) = 0
27397<sshd-session> 22:19:11 mmap(NULL, 16392, PROT_READ|PROT_EXEC, MAP_PRIVATE|MAP_DENYWRITE, 12</usr/lib64/security/pam_succeed_if.so>, 0) = 0x7f26d570b000
27397<sshd-session> 22:19:11 mmap(0x7f26d570d000, 4096, PROT_READ, MAP_PRIVATE|MAP_FIXED|MAP_DENYWRITE, 12</usr/lib64/security/pam_succeed_if.so>, 0x2000) = 0x7f26d570d000
27397<sshd-session> 22:19:11 mmap(0x7f26d570e000, 4096, PROT_READ|PROT_WRITE, MAP_PRIVATE|MAP_FIXED|MAP_DENYWRITE, 12</usr/lib64/security/pam_succeed_if.so>, 0x3000) = 0x7f26d570e000
27397<sshd-session> 22:19:11 mmap(0x7f26d570f000, 8, PROT_READ|PROT_WRITE, MAP_PRIVATE|MAP_FIXED|MAP_ANONYMOUS, -1, 0) = 0x7f26d570f000
27397<sshd-session> 22:19:11 close(12</usr/lib64/security/pam_succeed_if.so>) = 0
27397<sshd-session> 22:19:11 mprotect(0x7f26d570e000, 4096, PROT_READ) = 0
27397<sshd-session> 22:19:11 read(11</etc/authselect/password-auth>, "", 4096) = 0
27397<sshd-session> 22:19:11 close(11</etc/authselect/password-auth>) = 0
27397<sshd-session> 22:19:11 openat(AT_FDCWD</>, "/etc/pam.d/postlogin", O_RDONLY) = 11</etc/authselect/postlogin>
27397<sshd-session> 22:19:11 fstat(11</etc/authselect/postlogin>, {st_mode=S_IFREG|0644, st_size=534, ...}) = 0
27397<sshd-session> 22:19:11 read(11</etc/authselect/postlogin>, "# Generated by authselect\n# Do n"..., 4096) = 534
27397<sshd-session> 22:19:11 openat(AT_FDCWD</>, "/usr/lib64/security/pam_umask.so", O_RDONLY|O_CLOEXEC) = 12</usr/lib64/security/pam_umask.so>
27397<sshd-session> 22:19:11 read(12</usr/lib64/security/pam_umask.so>, "\177ELF\2\1\1\0\0\0\0\0\0\0\0\0\3\0>\0\1\0\0\0\0\0\0\0\0\0\0\0"..., 832) = 832
27397<sshd-session> 22:19:11 fstat(12</usr/lib64/security/pam_umask.so>, {st_mode=S_IFREG|0755, st_size=11280, ...}) = 0
27397<sshd-session> 22:19:11 mmap(NULL, 12296, PROT_READ|PROT_EXEC, MAP_PRIVATE|MAP_DENYWRITE, 12</usr/lib64/security/pam_umask.so>, 0) = 0x7f26d5707000
27397<sshd-session> 22:19:11 mmap(0x7f26d5708000, 4096, PROT_READ, MAP_PRIVATE|MAP_FIXED|MAP_DENYWRITE, 12</usr/lib64/security/pam_umask.so>, 0x1000) = 0x7f26d5708000
27397<sshd-session> 22:19:11 mmap(0x7f26d5709000, 4096, PROT_READ|PROT_WRITE, MAP_PRIVATE|MAP_FIXED|MAP_DENYWRITE, 12</usr/lib64/security/pam_umask.so>, 0x1000) = 0x7f26d5709000
27397<sshd-session> 22:19:11 mmap(0x7f26d570a000, 8, PROT_READ|PROT_WRITE, MAP_PRIVATE|MAP_FIXED|MAP_ANONYMOUS, -1, 0) = 0x7f26d570a000
27397<sshd-session> 22:19:11 close(12</usr/lib64/security/pam_umask.so>) = 0
27397<sshd-session> 22:19:11 mprotect(0x7f26d5709000, 4096, PROT_READ) = 0
27397<sshd-session> 22:19:11 openat(AT_FDCWD</>, "/usr/lib64/security/pam_lastlog2.so", O_RDONLY|O_CLOEXEC) = 12</usr/lib64/security/pam_lastlog2.so>
27397<sshd-session> 22:19:11 read(12</usr/lib64/security/pam_lastlog2.so>, "\177ELF\2\1\1\0\0\0\0\0\0\0\0\0\3\0>\0\1\0\0\0\0\0\0\0\0\0\0\0"..., 832) = 832
27397<sshd-session> 22:19:11 fstat(12</usr/lib64/security/pam_lastlog2.so>, {st_mode=S_IFREG|0755, st_size=15536, ...}) = 0
27397<sshd-session> 22:19:11 mmap(NULL, 16400, PROT_READ|PROT_EXEC, MAP_PRIVATE|MAP_DENYWRITE, 12</usr/lib64/security/pam_lastlog2.so>, 0) = 0x7f26d5702000
27397<sshd-session> 22:19:11 mmap(0x7f26d5704000, 4096, PROT_READ, MAP_PRIVATE|MAP_FIXED|MAP_DENYWRITE, 12</usr/lib64/security/pam_lastlog2.so>, 0x2000) = 0x7f26d5704000
27397<sshd-session> 22:19:11 mmap(0x7f26d5705000, 8192, PROT_READ|PROT_WRITE, MAP_PRIVATE|MAP_FIXED|MAP_DENYWRITE, 12</usr/lib64/security/pam_lastlog2.so>, 0x2000) = 0x7f26d5705000
27397<sshd-session> 22:19:11 close(12</usr/lib64/security/pam_lastlog2.so>) = 0
27397<sshd-session> 22:19:11 openat(AT_FDCWD</>, "/etc/ld.so.cache", O_RDONLY|O_CLOEXEC) = 12</etc/ld.so.cache>
27397<sshd-session> 22:19:11 fstat(12</etc/ld.so.cache>, {st_mode=S_IFREG|0644, st_size=74499, ...}) = 0
27397<sshd-session> 22:19:11 mmap(NULL, 74499, PROT_READ, MAP_PRIVATE, 12</etc/ld.so.cache>, 0) = 0x7f26d55a0000
27397<sshd-session> 22:19:11 close(12</etc/ld.so.cache>) = 0
27397<sshd-session> 22:19:11 openat(AT_FDCWD</>, "/lib64/liblastlog2.so.2", O_RDONLY|O_CLOEXEC) = 12</usr/lib64/liblastlog2.so.2.0.0>
27397<sshd-session> 22:19:11 read(12</usr/lib64/liblastlog2.so.2.0.0>, "\177ELF\2\1\1\0\0\0\0\0\0\0\0\0\3\0>\0\1\0\0\0\0\0\0\0\0\0\0\0"..., 832) = 832
27397<sshd-session> 22:19:11 fstat(12</usr/lib64/liblastlog2.so.2.0.0>, {st_mode=S_IFREG|0755, st_size=19744, ...}) = 0
27397<sshd-session> 22:19:11 mmap(NULL, 20488, PROT_READ|PROT_EXEC, MAP_PRIVATE|MAP_DENYWRITE, 12</usr/lib64/liblastlog2.so.2.0.0>, 0) = 0x7f26d559a000
27397<sshd-session> 22:19:11 mmap(0x7f26d559c000, 8192, PROT_READ, MAP_PRIVATE|MAP_FIXED|MAP_DENYWRITE, 12</usr/lib64/liblastlog2.so.2.0.0>, 0x2000) = 0x7f26d559c000
27397<sshd-session> 22:19:11 mmap(0x7f26d559e000, 4096, PROT_READ|PROT_WRITE, MAP_PRIVATE|MAP_FIXED|MAP_DENYWRITE, 12</usr/lib64/liblastlog2.so.2.0.0>, 0x3000) = 0x7f26d559e000
27397<sshd-session> 22:19:11 mmap(0x7f26d559f000, 8, PROT_READ|PROT_WRITE, MAP_PRIVATE|MAP_FIXED|MAP_ANONYMOUS, -1, 0) = 0x7f26d559f000
27397<sshd-session> 22:19:11 close(12</usr/lib64/liblastlog2.so.2.0.0>) = 0
27397<sshd-session> 22:19:11 openat(AT_FDCWD</>, "/lib64/libsqlite3.so.0", O_RDONLY|O_CLOEXEC) = 12</usr/lib64/libsqlite3.so.3.51.2>
27397<sshd-session> 22:19:11 read(12</usr/lib64/libsqlite3.so.3.51.2>, "\177ELF\2\1\1\0\0\0\0\0\0\0\0\0\3\0>\0\1\0\0\0\0\0\0\0\0\0\0\0"..., 832) = 832
27397<sshd-session> 22:19:11 fstat(12</usr/lib64/libsqlite3.so.3.51.2>, {st_mode=S_IFREG|0755, st_size=1641408, ...}) = 0
27397<sshd-session> 22:19:11 mmap(NULL, 1619360, PROT_READ|PROT_EXEC, MAP_PRIVATE|MAP_DENYWRITE, 12</usr/lib64/libsqlite3.so.3.51.2>, 0) = 0x7f26d540e000
27397<sshd-session> 22:19:11 mmap(0x7f26d5552000, 258048, PROT_READ, MAP_PRIVATE|MAP_FIXED|MAP_DENYWRITE, 12</usr/lib64/libsqlite3.so.3.51.2>, 0x144000) = 0x7f26d5552000
27397<sshd-session> 22:19:11 mmap(0x7f26d5591000, 32768, PROT_READ|PROT_WRITE, MAP_PRIVATE|MAP_FIXED|MAP_DENYWRITE, 12</usr/lib64/libsqlite3.so.3.51.2>, 0x182000) = 0x7f26d5591000
27397<sshd-session> 22:19:11 mmap(0x7f26d5599000, 1440, PROT_READ|PROT_WRITE, MAP_PRIVATE|MAP_FIXED|MAP_ANONYMOUS, -1, 0) = 0x7f26d5599000
27397<sshd-session> 22:19:11 close(12</usr/lib64/libsqlite3.so.3.51.2>) = 0
27397<sshd-session> 22:19:11 mprotect(0x7f26d5591000, 16384, PROT_READ) = 0
27397<sshd-session> 22:19:11 mprotect(0x7f26d559e000, 4096, PROT_READ) = 0
27397<sshd-session> 22:19:11 mprotect(0x7f26d5705000, 4096, PROT_READ) = 0
27397<sshd-session> 22:19:11 munmap(0x7f26d55a0000, 74499) = 0
27397<sshd-session> 22:19:11 read(11</etc/authselect/postlogin>, "", 4096) = 0
27397<sshd-session> 22:19:11 close(11</etc/authselect/postlogin>) = 0
27397<sshd-session> 22:19:11 read(8</etc/pam.d/sshd>, "", 4096) = 0
27397<sshd-session> 22:19:11 close(8</etc/pam.d/sshd>) = 0
27397<sshd-session> 22:19:11 openat(AT_FDCWD</>, "/etc/pam.d/other", O_RDONLY) = 8</etc/pam.d/other>
27397<sshd-session> 22:19:11 fstat(8</etc/pam.d/other>, {st_mode=S_IFREG|0644, st_size=154, ...}) = 0
27397<sshd-session> 22:19:11 read(8</etc/pam.d/other>, "#%PAM-1.0\nauth     required     "..., 4096) = 154
27397<sshd-session> 22:19:11 read(8</etc/pam.d/other>, "", 4096) = 0
27397<sshd-session> 22:19:11 close(8</etc/pam.d/other>) = 0
27397<sshd-session> 22:19:11 getsockname(7<TCP:[127.0.0.1:22->127.0.0.1:60704]>, {sa_family=AF_INET, sin_port=htons(22), sin_addr=inet_addr("127.0.0.1")}, [128 => 16]) = 0
27397<sshd-session> 22:19:11 poll([{fd=9<UNIX-STREAM:[144341->144340]>, events=POLLIN}, {fd=10<pipe:[144342]>, events=POLLIN}], 2, -1) = 1 ([{fd=9, revents=POLLIN}])
27397<sshd-session> 22:19:11 read(9<UNIX-STREAM:[144341->144340]>, "\0\0\0\27", 4) = 4
27397<sshd-session> 22:19:11 read(9<UNIX-STREAM:[144341->144340]>, "\4\0\0\0\16ssh-connection\0\0\0\0", 23) = 23
27397<sshd-session> 22:19:11 poll([{fd=9<UNIX-STREAM:[144341->144340]>, events=POLLIN}, {fd=10<pipe:[144342]>, events=POLLIN}], 2, -1) = 1 ([{fd=9, revents=POLLIN}])
27397<sshd-session> 22:19:11 read(9<UNIX-STREAM:[144341->144340]>, "\0\0\0\5", 4) = 4
27397<sshd-session> 22:19:11 read(9<UNIX-STREAM:[144341->144340]>, "P\0\0\0\0", 5) = 5
27397<sshd-session> 22:19:11 poll([{fd=9<UNIX-STREAM:[144341->144340]>, events=POLLIN}, {fd=10<pipe:[144342]>, events=POLLIN}], 2, -1 <unfinished ...>
27401<sshd-auth> 22:19:14 <... ppoll resumed>) = 1 ([{fd=5, revents=POLLIN}])
27401<sshd-auth> 22:19:14 read(5<TCP:[127.0.0.1:22->127.0.0.1:60704]>, "\0\0\0\2008p\205}\330SX\311\222\335\227a\210>\26&\245ja\260\273\244>\237p0\223\200"..., 8192) = 148
27401<sshd-auth> 22:19:14 write(3<UNIX-STREAM:[144340->144341]>, "\0\0\0\20\f", 5) = 5
27397<sshd-session> 22:19:14 <... poll resumed>) = 1 ([{fd=9, revents=POLLIN}])
27401<sshd-auth> 22:19:14 write(3<UNIX-STREAM:[144340->144341]>, "\0\0\0\vabby_is_dog", 15 <unfinished ...>
27397<sshd-session> 22:19:14 read(9<UNIX-STREAM:[144341->144340]> <unfinished ...>
27401<sshd-auth> 22:19:14 <... write resumed>) = 15
27397<sshd-session> 22:19:14 <... read resumed>, "\0\0\0\20", 4) = 4
27401<sshd-auth> 22:19:14 read(3<UNIX-STREAM:[144340->144341]> <unfinished ...>
27397<sshd-session> 22:19:14 read(9<UNIX-STREAM:[144341->144340]>, "\f\0\0\0\vabby_is_dog", 16) = 16
27397<sshd-session> 22:19:14 getuid()   = 0
27397<sshd-session> 22:19:14 newfstatat(AT_FDCWD</>, "/etc/login.defs", {st_mode=S_IFREG|0644, st_size=8888, ...}, AT_SYMLINK_NOFOLLOW) = 0
27397<sshd-session> 22:19:14 openat(AT_FDCWD</>, "/etc/login.defs", O_RDONLY|O_CLOEXEC) = 8</etc/login.defs>
27397<sshd-session> 22:19:14 fstat(8</etc/login.defs>, {st_mode=S_IFREG|0644, st_size=8888, ...}) = 0
27397<sshd-session> 22:19:14 read(8</etc/login.defs>, "#\n# Please note that the paramet"..., 4096) = 4096
27397<sshd-session> 22:19:14 read(8</etc/login.defs>, "ID_MIN                  1000\nUID"..., 4096) = 4096
27397<sshd-session> 22:19:14 brk(0x55e03076c000) = 0x55e03076c000
27397<sshd-session> 22:19:14 read(8</etc/login.defs>, " line length in the\n# group file"..., 4096) = 696
27397<sshd-session> 22:19:14 read(8</etc/login.defs>, "", 4096) = 0
27397<sshd-session> 22:19:14 close(8</etc/login.defs>) = 0
27397<sshd-session> 22:19:14 openat(AT_FDCWD</>, "(null)/login.defs.d", O_RDONLY|O_NONBLOCK|O_CLOEXEC|O_DIRECTORY) = -1 ENOENT (No such file or directory)
27397<sshd-session> 22:19:14 openat(AT_FDCWD</>, "/etc/login.defs.d", O_RDONLY|O_NONBLOCK|O_CLOEXEC|O_DIRECTORY) = -1 ENOENT (No such file or directory)
27397<sshd-session> 22:19:14 newfstatat(AT_FDCWD</>, "/etc/nsswitch.conf", {st_mode=S_IFREG|0644, st_size=687, ...}, 0) = 0
27397<sshd-session> 22:19:14 openat(AT_FDCWD</>, "/etc/passwd", O_RDONLY|O_CLOEXEC) = 8</etc/passwd>
27397<sshd-session> 22:19:14 fstat(8</etc/passwd>, {st_mode=S_IFREG|0644, st_size=3346, ...}) = 0
27397<sshd-session> 22:19:14 lseek(8</etc/passwd>, 0, SEEK_SET) = 0
27397<sshd-session> 22:19:14 read(8</etc/passwd>, "root:x:0:0:Super User:/root:/bin"..., 4096) = 3346
27397<sshd-session> 22:19:14 close(8</etc/passwd>) = 0
27397<sshd-session> 22:19:14 pipe2([8<pipe:[144357]>, 11<pipe:[144357]>], 0) = 0
27397<sshd-session> 22:19:14 rt_sigaction(SIGCHLD, {sa_handler=SIG_DFL, sa_mask=[], sa_flags=SA_RESTORER, sa_restorer=0x7f26d581f5b0}, {sa_handler=SIG_DFL, sa_mask=~[KILL STOP RTMIN RT_1], sa_flags=SA_RESTORER|SA_RESTART, sa_restorer=0x7f26d581f5b0}, 8) = 0
27397<sshd-session> 22:19:14 rt_sigprocmask(SIG_BLOCK, ~[], [], 8) = 0
27397<sshd-session> 22:19:14 clone(child_stack=NULL, flags=CLONE_CHILD_CLEARTID|CLONE_CHILD_SETTID|SIGCHLD, child_tidptr=0x7f26d5fb1610) = 27405<sshd-session>
27405<sshd-session> 22:19:14 set_robust_list(0x7f26d5fb1620, 24 <unfinished ...>
27397<sshd-session> 22:19:14 rt_sigprocmask(SIG_SETMASK, [] <unfinished ...>
27405<sshd-session> 22:19:14 <... set_robust_list resumed>) = 0
27397<sshd-session> 22:19:14 <... rt_sigprocmask resumed>, NULL, 8) = 0
27405<sshd-session> 22:19:14 rt_sigprocmask(SIG_SETMASK, [] <unfinished ...>
27397<sshd-session> 22:19:14 write(11<pipe:[144357]>, "abby_is_dog", 11 <unfinished ...>
27405<sshd-session> 22:19:14 <... rt_sigprocmask resumed>, NULL, 8) = 0
27397<sshd-session> 22:19:14 <... write resumed>) = 11
27405<sshd-session> 22:19:14 dup2(8<pipe:[144357]>, 0</dev/null<char 1:3>> <unfinished ...>
27397<sshd-session> 22:19:14 write(11<pipe:[144357]>, "\0", 1 <unfinished ...>
27405<sshd-session> 22:19:14 <... dup2 resumed>) = 0<pipe:[144357]>
27397<sshd-session> 22:19:14 <... write resumed>) = 1
27405<sshd-session> 22:19:14 pipe2( <unfinished ...>
27397<sshd-session> 22:19:14 close(8<pipe:[144357]> <unfinished ...>
27405<sshd-session> 22:19:14 <... pipe2 resumed>[12<pipe:[144358]>, 13<pipe:[144358]>], 0) = 0
27397<sshd-session> 22:19:14 <... close resumed>) = 0
27405<sshd-session> 22:19:14 close(13<pipe:[144358]> <unfinished ...>
27397<sshd-session> 22:19:14 close(11<pipe:[144357]> <unfinished ...>
27405<sshd-session> 22:19:14 <... close resumed>) = 0
27397<sshd-session> 22:19:14 <... close resumed>) = 0
27405<sshd-session> 22:19:14 dup2(12<pipe:[144358]>, 1</dev/null<char 1:3>> <unfinished ...>
27397<sshd-session> 22:19:14 wait4(27405<sshd-session> <unfinished ...>
27405<sshd-session> 22:19:14 <... dup2 resumed>) = 1<pipe:[144358]>
27405<sshd-session> 22:19:14 close(12<pipe:[144358]>) = 0
27405<sshd-session> 22:19:14 dup2(1<pipe:[144358]>, 2</dev/null<char 1:3>>) = 2<pipe:[144358]>
27405<sshd-session> 22:19:14 close_range(3, 4294967295, CLOSE_RANGE_UNSHARE) = 0
27405<sshd-session> 22:19:14 setuid(0)  = 0
27405<sshd-session> 22:19:14 execve("/usr/bin/unix_chkpwd", ["/usr/bin/unix_chkpwd", "catastor", "nonull"], 0x7f26d5fad010 /* 0 vars */) = 0
27405<unix_chkpwd> 22:19:14 brk(NULL)   = 0x55b465ef8000
27405<unix_chkpwd> 22:19:14 access("/etc/ld.so.preload", R_OK) = -1 ENOENT (No such file or directory)
27405<unix_chkpwd> 22:19:14 openat(AT_FDCWD</>, "/etc/ld.so.cache", O_RDONLY|O_CLOEXEC) = 3</etc/ld.so.cache>
27405<unix_chkpwd> 22:19:14 fstat(3</etc/ld.so.cache>, {st_mode=S_IFREG|0644, st_size=74499, ...}) = 0
27405<unix_chkpwd> 22:19:14 mmap(NULL, 74499, PROT_READ, MAP_PRIVATE, 3</etc/ld.so.cache>, 0) = 0x7fb9c113d000
27405<unix_chkpwd> 22:19:14 close(3</etc/ld.so.cache>) = 0
27405<unix_chkpwd> 22:19:14 openat(AT_FDCWD</>, "/lib64/libcrypt.so.2", O_RDONLY|O_CLOEXEC) = 3</usr/lib64/libcrypt.so.2.0.0>
27405<unix_chkpwd> 22:19:14 read(3</usr/lib64/libcrypt.so.2.0.0>, "\177ELF\2\1\1\0\0\0\0\0\0\0\0\0\3\0>\0\1\0\0\0\0\0\0\0\0\0\0\0"..., 832) = 832
27405<unix_chkpwd> 22:19:14 fstat(3</usr/lib64/libcrypt.so.2.0.0>, {st_mode=S_IFREG|0755, st_size=221624, ...}) = 0
27405<unix_chkpwd> 22:19:14 mmap(NULL, 8192, PROT_READ|PROT_WRITE, MAP_PRIVATE|MAP_ANONYMOUS, -1, 0) = 0x7fb9c113b000
27405<unix_chkpwd> 22:19:14 mmap(NULL, 217096, PROT_READ|PROT_EXEC, MAP_PRIVATE|MAP_DENYWRITE, 3</usr/lib64/libcrypt.so.2.0.0>, 0) = 0x7fb9c1105000
27405<unix_chkpwd> 22:19:14 mmap(0x7fb9c111f000, 106496, PROT_READ, MAP_PRIVATE|MAP_FIXED|MAP_DENYWRITE, 3</usr/lib64/libcrypt.so.2.0.0>, 0x1a000) = 0x7fb9c111f000
27405<unix_chkpwd> 22:19:14 mmap(0x7fb9c1139000, 4096, PROT_READ|PROT_WRITE, MAP_PRIVATE|MAP_FIXED|MAP_DENYWRITE, 3</usr/lib64/libcrypt.so.2.0.0>, 0x34000) = 0x7fb9c1139000
27405<unix_chkpwd> 22:19:14 mmap(0x7fb9c113a000, 8, PROT_READ|PROT_WRITE, MAP_PRIVATE|MAP_FIXED|MAP_ANONYMOUS, -1, 0) = 0x7fb9c113a000
27405<unix_chkpwd> 22:19:14 close(3</usr/lib64/libcrypt.so.2.0.0>) = 0
27405<unix_chkpwd> 22:19:14 openat(AT_FDCWD</>, "/lib64/libaudit.so.1", O_RDONLY|O_CLOEXEC) = 3</usr/lib64/libaudit.so.1.0.0>
27405<unix_chkpwd> 22:19:14 read(3</usr/lib64/libaudit.so.1.0.0>, "\177ELF\2\1\1\0\0\0\0\0\0\0\0\0\3\0>\0\1\0\0\0\0\0\0\0\0\0\0\0"..., 832) = 832
27405<unix_chkpwd> 22:19:14 fstat(3</usr/lib64/libaudit.so.1.0.0>, {st_mode=S_IFREG|0755, st_size=179936, ...}) = 0
27405<unix_chkpwd> 22:19:14 mmap(NULL, 229824, PROT_READ|PROT_EXEC, MAP_PRIVATE|MAP_DENYWRITE, 3</usr/lib64/libaudit.so.1.0.0>, 0) = 0x7fb9c10cc000
27405<unix_chkpwd> 22:19:14 mmap(0x7fb9c10da000, 118784, PROT_READ, MAP_PRIVATE|MAP_FIXED|MAP_DENYWRITE, 3</usr/lib64/libaudit.so.1.0.0>, 0xe000) = 0x7fb9c10da000
27405<unix_chkpwd> 22:19:14 mmap(0x7fb9c10f7000, 8192, PROT_READ|PROT_WRITE, MAP_PRIVATE|MAP_FIXED|MAP_DENYWRITE, 3</usr/lib64/libaudit.so.1.0.0>, 0x2a000) = 0x7fb9c10f7000
27405<unix_chkpwd> 22:19:14 mmap(0x7fb9c10f9000, 45504, PROT_READ|PROT_WRITE, MAP_PRIVATE|MAP_FIXED|MAP_ANONYMOUS, -1, 0) = 0x7fb9c10f9000
27405<unix_chkpwd> 22:19:14 close(3</usr/lib64/libaudit.so.1.0.0>) = 0
27405<unix_chkpwd> 22:19:14 openat(AT_FDCWD</>, "/lib64/libc.so.6", O_RDONLY|O_CLOEXEC) = 3</usr/lib64/libc.so.6>
27405<unix_chkpwd> 22:19:14 read(3</usr/lib64/libc.so.6>, "\177ELF\2\1\1\3\0\0\0\0\0\0\0\0\3\0>\0\1\0\0\0\2408\0\0\0\0\0\0"..., 832) = 832
27405<unix_chkpwd> 22:19:14 pread64(3</usr/lib64/libc.so.6>, "\6\0\0\0\4\0\0\0@\0\0\0\0\0\0\0@\0\0\0\0\0\0\0@\0\0\0\0\0\0\0"..., 784, 64) = 784
27405<unix_chkpwd> 22:19:14 fstat(3</usr/lib64/libc.so.6>, {st_mode=S_IFREG|0755, st_size=2490288, ...}) = 0
27405<unix_chkpwd> 22:19:14 pread64(3</usr/lib64/libc.so.6>, "\6\0\0\0\4\0\0\0@\0\0\0\0\0\0\0@\0\0\0\0\0\0\0@\0\0\0\0\0\0\0"..., 784, 64) = 784
27405<unix_chkpwd> 22:19:14 mmap(NULL, 2075504, PROT_READ|PROT_EXEC, MAP_PRIVATE|MAP_DENYWRITE, 3</usr/lib64/libc.so.6>, 0) = 0x7fb9c0ed1000
27405<unix_chkpwd> 22:19:14 mmap(0x7fb9c1045000, 495616, PROT_READ, MAP_PRIVATE|MAP_FIXED|MAP_DENYWRITE, 3</usr/lib64/libc.so.6>, 0x174000) = 0x7fb9c1045000
27405<unix_chkpwd> 22:19:14 mmap(0x7fb9c10be000, 24576, PROT_READ|PROT_WRITE, MAP_PRIVATE|MAP_FIXED|MAP_DENYWRITE, 3</usr/lib64/libc.so.6>, 0x1ed000) = 0x7fb9c10be000
27405<unix_chkpwd> 22:19:14 mmap(0x7fb9c10c4000, 31600, PROT_READ|PROT_WRITE, MAP_PRIVATE|MAP_FIXED|MAP_ANONYMOUS, -1, 0) = 0x7fb9c10c4000
27405<unix_chkpwd> 22:19:14 close(3</usr/lib64/libc.so.6>) = 0
27405<unix_chkpwd> 22:19:14 openat(AT_FDCWD</>, "/lib64/libcap-ng.so.0", O_RDONLY|O_CLOEXEC) = 3</usr/lib64/libcap-ng.so.0.0.0>
27405<unix_chkpwd> 22:19:14 read(3</usr/lib64/libcap-ng.so.0.0.0>, "\177ELF\2\1\1\0\0\0\0\0\0\0\0\0\3\0>\0\1\0\0\0\0\0\0\0\0\0\0\0"..., 832) = 832
27405<unix_chkpwd> 22:19:14 fstat(3</usr/lib64/libcap-ng.so.0.0.0>, {st_mode=S_IFREG|0755, st_size=32200, ...}) = 0
27405<unix_chkpwd> 22:19:14 mmap(NULL, 28696, PROT_READ|PROT_EXEC, MAP_PRIVATE|MAP_DENYWRITE, 3</usr/lib64/libcap-ng.so.0.0.0>, 0) = 0x7fb9c0ec9000
27405<unix_chkpwd> 22:19:14 mmap(0x7fb9c0ecd000, 8192, PROT_READ, MAP_PRIVATE|MAP_FIXED|MAP_DENYWRITE, 3</usr/lib64/libcap-ng.so.0.0.0>, 0x4000) = 0x7fb9c0ecd000
27405<unix_chkpwd> 22:19:14 mmap(0x7fb9c0ecf000, 4096, PROT_READ|PROT_WRITE, MAP_PRIVATE|MAP_FIXED|MAP_DENYWRITE, 3</usr/lib64/libcap-ng.so.0.0.0>, 0x6000) = 0x7fb9c0ecf000
27405<unix_chkpwd> 22:19:14 mmap(0x7fb9c0ed0000, 24, PROT_READ|PROT_WRITE, MAP_PRIVATE|MAP_FIXED|MAP_ANONYMOUS, -1, 0) = 0x7fb9c0ed0000
27405<unix_chkpwd> 22:19:14 close(3</usr/lib64/libcap-ng.so.0.0.0>) = 0
27405<unix_chkpwd> 22:19:14 mmap(NULL, 8192, PROT_READ|PROT_WRITE, MAP_PRIVATE|MAP_ANONYMOUS, -1, 0) = 0x7fb9c0ec7000
27405<unix_chkpwd> 22:19:14 arch_prctl(ARCH_SET_FS, 0x7fb9c0ec7f00) = 0
27405<unix_chkpwd> 22:19:14 set_tid_address(0x7fb9c0ec8528) = 27405<unix_chkpwd>
27405<unix_chkpwd> 22:19:14 set_robust_list(0x7fb9c0ec81e0, 24) = 0
27405<unix_chkpwd> 22:19:14 rseq({cpu_id_start=0, cpu_id=RSEQ_CPU_ID_UNINITIALIZED, rseq_cs=NULL, flags=0, node_id=0, mm_cid=0, slice_ctrl={request=0, granted=0, __reserved=0}, __reserved=0}, 32, 0, 0x53053053) = 0
27405<unix_chkpwd> 22:19:14 mprotect(0x7fb9c10be000, 16384, PROT_READ) = 0
27405<unix_chkpwd> 22:19:14 mprotect(0x7fb9c0ecf000, 4096, PROT_READ) = 0
27405<unix_chkpwd> 22:19:14 mprotect(0x7fb9c10f7000, 4096, PROT_READ) = 0
27405<unix_chkpwd> 22:19:14 mprotect(0x7fb9c1139000, 4096, PROT_READ) = 0
27405<unix_chkpwd> 22:19:14 mprotect(0x55b45c813000, 4096, PROT_READ) = 0
27405<unix_chkpwd> 22:19:14 mprotect(0x7fb9c118e000, 8192, PROT_READ) = 0
27405<unix_chkpwd> 22:19:14 prlimit64(0, RLIMIT_STACK, NULL, {rlim_cur=8192*1024, rlim_max=RLIM64_INFINITY}) = 0
27405<unix_chkpwd> 22:19:14 getrandom("\x31\x62\x3f\x22\xc6\xed\x98\x00", 8, GRND_NONBLOCK) = 8
27405<unix_chkpwd> 22:19:14 munmap(0x7fb9c113d000, 74499) = 0
27405<unix_chkpwd> 22:19:14 openat(AT_FDCWD</>, "/proc/sys/kernel/cap_last_cap", O_RDONLY) = 3</proc/sys/kernel/cap_last_cap>
27405<unix_chkpwd> 22:19:14 fstatfs(3</proc/sys/kernel/cap_last_cap>, {f_type=PROC_SUPER_MAGIC, f_bsize=4096, f_blocks=0, f_bfree=0, f_bavail=0, f_files=0, f_ffree=0, f_fsid={val=[0x16, 0]}, f_namelen=255, f_frsize=4096, f_flags=ST_VALID|ST_NOSUID|ST_NODEV|ST_NOEXEC|ST_RELATIME}) = 0
27405<unix_chkpwd> 22:19:14 read(3</proc/sys/kernel/cap_last_cap>, "40\n", 7) = 3
27405<unix_chkpwd> 22:19:14 close(3</proc/sys/kernel/cap_last_cap>) = 0
27405<unix_chkpwd> 22:19:14 prctl(PR_CAPBSET_READ, CAP_CHOWN) = 1
27405<unix_chkpwd> 22:19:14 prctl(PR_CAP_AMBIENT, PR_CAP_AMBIENT_IS_SET, CAP_CHOWN, 0, 0) = 0
27405<unix_chkpwd> 22:19:14 getuid()    = 0
27405<unix_chkpwd> 22:19:14 rt_sigaction(SIGILL, {sa_handler=0x55b45c8109c0, sa_mask=[], sa_flags=SA_RESTORER|SA_RESETHAND, sa_restorer=0x7fb9c0eeb5b0}, NULL, 8) = 0
27405<unix_chkpwd> 22:19:14 rt_sigaction(SIGTRAP, {sa_handler=0x55b45c8109c0, sa_mask=[], sa_flags=SA_RESTORER|SA_RESETHAND, sa_restorer=0x7fb9c0eeb5b0}, NULL, 8) = 0
27405<unix_chkpwd> 22:19:14 rt_sigaction(SIGBUS, {sa_handler=0x55b45c8109c0, sa_mask=[], sa_flags=SA_RESTORER|SA_RESETHAND, sa_restorer=0x7fb9c0eeb5b0}, NULL, 8) = 0
27405<unix_chkpwd> 22:19:14 rt_sigaction(SIGSEGV, {sa_handler=0x55b45c8109c0, sa_mask=[], sa_flags=SA_RESTORER|SA_RESETHAND, sa_restorer=0x7fb9c0eeb5b0}, NULL, 8) = 0
27405<unix_chkpwd> 22:19:14 rt_sigaction(SIGTERM, {sa_handler=SIG_IGN, sa_mask=[], sa_flags=SA_RESTORER, sa_restorer=0x7fb9c0eeb5b0}, NULL, 8) = 0
27405<unix_chkpwd> 22:19:14 rt_sigaction(SIGHUP, {sa_handler=SIG_IGN, sa_mask=[], sa_flags=SA_RESTORER, sa_restorer=0x7fb9c0eeb5b0}, NULL, 8) = 0
27405<unix_chkpwd> 22:19:14 rt_sigaction(SIGINT, {sa_handler=SIG_IGN, sa_mask=[], sa_flags=SA_RESTORER, sa_restorer=0x7fb9c0eeb5b0}, NULL, 8) = 0
27405<unix_chkpwd> 22:19:14 rt_sigaction(SIGQUIT, {sa_handler=SIG_IGN, sa_mask=[], sa_flags=SA_RESTORER, sa_restorer=0x7fb9c0eeb5b0}, NULL, 8) = 0
27405<unix_chkpwd> 22:19:14 ioctl(0<pipe:[144357]>, TCGETS2, 0x7ffda8658020) = -1 ENOTTY (Inappropriate ioctl for device)
27405<unix_chkpwd> 22:19:14 read(0<pipe:[144357]>, "abby_is_dog\0", 513) = 12
27405<unix_chkpwd> 22:19:14 brk(NULL)   = 0x55b465ef8000
27405<unix_chkpwd> 22:19:14 brk(0x55b465f19000) = 0x55b465f19000
27405<unix_chkpwd> 22:19:14 newfstatat(AT_FDCWD</>, "/etc/nsswitch.conf", {st_mode=S_IFREG|0644, st_size=687, ...}, 0) = 0
27405<unix_chkpwd> 22:19:14 newfstatat(AT_FDCWD</>, "/", {st_mode=S_IFDIR|0555, st_size=154, ...}, 0) = 0
27405<unix_chkpwd> 22:19:14 openat(AT_FDCWD</>, "/etc/nsswitch.conf", O_RDONLY|O_CLOEXEC) = 3</etc/authselect/nsswitch.conf>
27405<unix_chkpwd> 22:19:14 fstat(3</etc/authselect/nsswitch.conf>, {st_mode=S_IFREG|0644, st_size=687, ...}) = 0
27405<unix_chkpwd> 22:19:14 read(3</etc/authselect/nsswitch.conf>, "# Generated by authselect\n# Do n"..., 4096) = 687
27405<unix_chkpwd> 22:19:14 read(3</etc/authselect/nsswitch.conf>, "", 4096) = 0
27405<unix_chkpwd> 22:19:14 fstat(3</etc/authselect/nsswitch.conf>, {st_mode=S_IFREG|0644, st_size=687, ...}) = 0
27405<unix_chkpwd> 22:19:14 close(3</etc/authselect/nsswitch.conf>) = 0
27405<unix_chkpwd> 22:19:14 openat(AT_FDCWD</>, "/etc/passwd", O_RDONLY|O_CLOEXEC) = 3</etc/passwd>
27405<unix_chkpwd> 22:19:14 fstat(3</etc/passwd>, {st_mode=S_IFREG|0644, st_size=3346, ...}) = 0
27405<unix_chkpwd> 22:19:14 lseek(3</etc/passwd>, 0, SEEK_SET) = 0
27405<unix_chkpwd> 22:19:14 read(3</etc/passwd>, "root:x:0:0:Super User:/root:/bin"..., 4096) = 3346
27405<unix_chkpwd> 22:19:14 close(3</etc/passwd>) = 0
27405<unix_chkpwd> 22:19:14 newfstatat(AT_FDCWD</>, "/etc/nsswitch.conf", {st_mode=S_IFREG|0644, st_size=687, ...}, 0) = 0
27405<unix_chkpwd> 22:19:14 openat(AT_FDCWD</>, "/etc/shadow", O_RDONLY|O_CLOEXEC) = 3</etc/shadow>
27405<unix_chkpwd> 22:19:14 fstat(3</etc/shadow>, {st_mode=S_IFREG|000, st_size=1344, ...}) = 0
27405<unix_chkpwd> 22:19:14 lseek(3</etc/shadow>, 0, SEEK_SET) = 0
27405<unix_chkpwd> 22:19:14 read(3</etc/shadow>, "root:!:::::::\nbin:!*:20470::::::"..., 4096) = 1344
27405<unix_chkpwd> 22:19:14 close(3</etc/shadow>) = 0
27405<unix_chkpwd> 22:19:14 mmap(NULL, 16801856, PROT_READ|PROT_WRITE, MAP_PRIVATE|MAP_ANONYMOUS, -1, 0) = 0x7fb9bfec0000
27405<unix_chkpwd> 22:19:14 munmap(0x7fb9bfec0000, 16801856) = 0
27405<unix_chkpwd> 22:19:14 mmap(NULL, 16801856, PROT_READ|PROT_WRITE, MAP_PRIVATE|MAP_ANONYMOUS, -1, 0) = 0x7fb9bfec0000
27405<unix_chkpwd> 22:19:14 munmap(0x7fb9bfec0000, 16801856) = 0
27405<unix_chkpwd> 22:19:14 exit_group(0) = ?
27405<unix_chkpwd> 22:19:14 +++ exited with 0 +++
27397<sshd-session> 22:19:14 <... wait4 resumed>, [{WIFEXITED(s) && WEXITSTATUS(s) == 0}], 0, NULL) = 27405
27397<sshd-session> 22:19:14 --- SIGCHLD {si_signo=SIGCHLD, si_code=CLD_EXITED, si_pid=27405, si_uid=0, si_status=0, si_utime=0, si_stime=0} ---
27397<sshd-session> 22:19:14 rt_sigaction(SIGCHLD, {sa_handler=SIG_DFL, sa_mask=~[KILL STOP RTMIN RT_1], sa_flags=SA_RESTORER|SA_RESTART, sa_restorer=0x7f26d581f5b0}, NULL, 8) = 0
27397<sshd-session> 22:19:14 socket(AF_NETLINK, SOCK_RAW|SOCK_CLOEXEC, NETLINK_AUDIT) = 8<NETLINK:[145195]>
27397<sshd-session> 22:19:14 socket(AF_NETLINK, SOCK_RAW|SOCK_CLOEXEC, NETLINK_ROUTE) = 11<NETLINK:[145196]>
27397<sshd-session> 22:19:14 bind(11<NETLINK:[145196]>, {sa_family=AF_NETLINK, nl_pid=0, nl_groups=00000000}, 12) = 0
27397<sshd-session> 22:19:14 getsockname(11<NETLINK:[ROUTE:27397]>, {sa_family=AF_NETLINK, nl_pid=27397<sshd-session>, nl_groups=00000000}, [12]) = 0
27397<sshd-session> 22:19:14 sendto(11<NETLINK:[ROUTE:27397]>, [{nlmsg_len=20, nlmsg_type=RTM_GETADDR, nlmsg_flags=NLM_F_REQUEST|NLM_F_DUMP, nlmsg_seq=1777774754, nlmsg_pid=0}, {ifa_family=AF_UNSPEC, ...}], 20, 0, {sa_family=AF_NETLINK, nl_pid=0, nl_groups=00000000}, 12) = 20
27397<sshd-session> 22:19:14 recvmsg(11<NETLINK:[ROUTE:27397]>, {msg_name={sa_family=AF_NETLINK, nl_pid=0, nl_groups=00000000}, msg_namelen=12, msg_iov=[{iov_base=[[{nlmsg_len=76, nlmsg_type=RTM_NEWADDR, nlmsg_flags=NLM_F_MULTI, nlmsg_seq=1777774754, nlmsg_pid=27397<sshd-session>}, {ifa_family=AF_INET, ifa_prefixlen=8, ifa_flags=IFA_F_PERMANENT, ifa_scope=RT_SCOPE_HOST, ifa_index=if_nametoindex("lo")}, [[{nla_len=8, nla_type=IFA_ADDRESS}, inet_addr("127.0.0.1")], [{nla_len=8, nla_type=IFA_LOCAL}, inet_addr("127.0.0.1")], [{nla_len=7, nla_type=IFA_LABEL}, "lo"], [{nla_len=8, nla_type=IFA_FLAGS}, IFA_F_PERMANENT], [{nla_len=20, nla_type=IFA_CACHEINFO}, {ifa_prefered=4294967295, ifa_valid=4294967295, cstamp=151, tstamp=151}]]], [{nlmsg_len=88, nlmsg_type=RTM_NEWADDR, nlmsg_flags=NLM_F_MULTI, nlmsg_seq=1777774754, nlmsg_pid=27397<sshd-session>}, {ifa_family=AF_INET, ifa_prefixlen=24, ifa_flags=0, ifa_scope=RT_SCOPE_UNIVERSE, ifa_index=if_nametoindex("enp0s3")}, [[{nla_len=8, nla_type=IFA_ADDRESS}, inet_addr("10.0.2.15")], [{nla_len=8, nla_type=IFA_LOCAL}, inet_addr("10.0.2.15")], [{nla_len=8, nla_type=IFA_BROADCAST}, inet_addr("10.0.2.255")], [{nla_len=11, nla_type=IFA_LABEL}, "enp0s3"], [{nla_len=8, nla_type=IFA_FLAGS}, IFA_F_NOPREFIXROUTE], [{nla_len=20, nla_type=IFA_CACHEINFO}, {ifa_prefered=74549, ifa_valid=74549, cstamp=1267, tstamp=1267}]]], [{nlmsg_len=72, nlmsg_type=RTM_NEWADDR, nlmsg_flags=NLM_F_MULTI, nlmsg_seq=1777774754, nlmsg_pid=27397<sshd-session>}, {ifa_family=AF_INET6, ifa_prefixlen=128, ifa_flags=IFA_F_PERMANENT, ifa_scope=RT_SCOPE_HOST, ifa_index=if_nametoindex("lo")}, [[{nla_len=20, nla_type=IFA_ADDRESS}, inet_pton(AF_INET6, "::1")], [{nla_len=20, nla_type=IFA_CACHEINFO}, {ifa_prefered=4294967295, ifa_valid=4294967295, cstamp=151, tstamp=151}], [{nla_len=8, nla_type=IFA_FLAGS}, IFA_F_PERMANENT|IFA_F_NOPREFIXROUTE]]], [{nlmsg_len=72, nlmsg_type=RTM_NEWADDR, nlmsg_flags=NLM_F_MULTI, nlmsg_seq=1777774754, nlmsg_pid=27397<sshd-session>}, {ifa_family=AF_INET6, ifa_prefixlen=64, ifa_flags=0, ifa_scope=RT_SCOPE_UNIVERSE, ifa_index=if_nametoindex("enp0s3")}, [[{nla_len=20, nla_type=IFA_ADDRESS}, inet_pton(AF_INET6, "fd17:625c:f037:2:bffd:40d6:bd1a:3151")], [{nla_len=20, nla_type=IFA_CACHEINFO}, {ifa_prefered=14288, ifa_valid=86288, cstamp=1466, tstamp=1175164}], [{nla_len=8, nla_type=IFA_FLAGS}, IFA_F_NOPREFIXROUTE]]], [{nlmsg_len=72, nlmsg_type=RTM_NEWADDR, nlmsg_flags=NLM_F_MULTI, nlmsg_seq=1777774754, nlmsg_pid=27397<sshd-session>}, {ifa_family=AF_INET6, ifa_prefixlen=64, ifa_flags=IFA_F_PERMANENT, ifa_scope=RT_SCOPE_LINK, ifa_index=if_nametoindex("enp0s3")}, [[{nla_len=20, nla_type=IFA_ADDRESS}, inet_pton(AF_INET6, "fe80::1bc2:b29b:a246:770")], [{nla_len=20, nla_type=IFA_CACHEINFO}, {ifa_prefered=4294967295, ifa_valid=4294967295, cstamp=1251, tstamp=1251}], [{nla_len=8, nla_type=IFA_FLAGS}, IFA_F_PERMANENT|IFA_F_NOPREFIXROUTE]]]], iov_len=4096}], msg_iovlen=1, msg_controllen=0, msg_flags=0}, 0) = 380
27397<sshd-session> 22:19:14 recvmsg(11<NETLINK:[ROUTE:27397]>, {msg_name={sa_family=AF_NETLINK, nl_pid=0, nl_groups=00000000}, msg_namelen=12, msg_iov=[{iov_base=[{nlmsg_len=20, nlmsg_type=NLMSG_DONE, nlmsg_flags=NLM_F_MULTI, nlmsg_seq=1777774754, nlmsg_pid=27397<sshd-session>}, 0], iov_len=4096}], msg_iovlen=1, msg_controllen=0, msg_flags=0}, 0) = 20
27397<sshd-session> 22:19:14 close(11<NETLINK:[ROUTE:27397]>) = 0
27397<sshd-session> 22:19:14 readlink("/proc/self/exe", "/usr/libexec/openssh/sshd-sessio"..., 4096) = 33
27397<sshd-session> 22:19:14 sendto(8<NETLINK:[145195]>, [{nlmsg_len=172, nlmsg_type=0x44c /* NLMSG_??? */, nlmsg_flags=NLM_F_REQUEST|NLM_F_ACK, nlmsg_seq=3, nlmsg_pid=0}, "\x6f\x70\x3d\x50\x41\x4d\x3a\x61\x75\x74\x68\x65\x6e\x74\x69\x63\x61\x74\x69\x6f\x6e\x20\x67\x72\x61\x6e\x74\x6f\x72\x73\x3d\x70"...], 172, 0, {sa_family=AF_NETLINK, nl_pid=0, nl_groups=00000000}, 12) = 172
27397<sshd-session> 22:19:14 poll([{fd=8<NETLINK:[AUDIT:27397]>, events=POLLIN}], 1, 500) = 1 ([{fd=8, revents=POLLIN}])
27397<sshd-session> 22:19:14 recvfrom(8<NETLINK:[AUDIT:27397]>, [{nlmsg_len=36, nlmsg_type=NLMSG_ERROR, nlmsg_flags=NLM_F_CAPPED, nlmsg_seq=3, nlmsg_pid=27397<sshd-session>}, {error=0, msg={nlmsg_len=172, nlmsg_type=AUDIT_FIRST_USER_MSG, nlmsg_flags=NLM_F_REQUEST|NLM_F_ACK, nlmsg_seq=3, nlmsg_pid=0}}], 8988, MSG_PEEK|MSG_DONTWAIT, {sa_family=AF_NETLINK, nl_pid=0, nl_groups=00000000}, [12]) = 36
27397<sshd-session> 22:19:14 recvfrom(8<NETLINK:[AUDIT:27397]>, [{nlmsg_len=36, nlmsg_type=NLMSG_ERROR, nlmsg_flags=NLM_F_CAPPED, nlmsg_seq=3, nlmsg_pid=27397<sshd-session>}, {error=0, msg={nlmsg_len=172, nlmsg_type=AUDIT_FIRST_USER_MSG, nlmsg_flags=NLM_F_REQUEST|NLM_F_ACK, nlmsg_seq=3, nlmsg_pid=0}}], 8988, MSG_DONTWAIT, {sa_family=AF_NETLINK, nl_pid=0, nl_groups=00000000}, [12]) = 36
27397<sshd-session> 22:19:14 close(8<NETLINK:[AUDIT:27397]>) = 0
27397<sshd-session> 22:19:14 newfstatat(AT_FDCWD</>, "/etc/nsswitch.conf", {st_mode=S_IFREG|0644, st_size=687, ...}, 0) = 0
27397<sshd-session> 22:19:14 openat(AT_FDCWD</>, "/etc/passwd", O_RDONLY|O_CLOEXEC) = 8</etc/passwd>
27397<sshd-session> 22:19:14 fstat(8</etc/passwd>, {st_mode=S_IFREG|0644, st_size=3346, ...}) = 0
27397<sshd-session> 22:19:14 lseek(8</etc/passwd>, 0, SEEK_SET) = 0
27397<sshd-session> 22:19:14 read(8</etc/passwd>, "root:x:0:0:Super User:/root:/bin"..., 4096) = 3346
27397<sshd-session> 22:19:14 close(8</etc/passwd>) = 0
27397<sshd-session> 22:19:14 write(9<UNIX-STREAM:[144341->144340]>, "\0\0\0\t\r", 5 <unfinished ...>
27401<sshd-auth> 22:19:14 <... read resumed>, "\0\0\0\t", 4) = 4
27397<sshd-session> 22:19:14 <... write resumed>) = 5
27401<sshd-auth> 22:19:14 read(3<UNIX-STREAM:[144340->144341]> <unfinished ...>
27397<sshd-session> 22:19:14 write(9<UNIX-STREAM:[144341->144340]>, "\0\0\0\1\0\0\0\0", 8 <unfinished ...>
27401<sshd-auth> 22:19:14 <... read resumed>, "\r", 9) = 1
27397<sshd-session> 22:19:14 <... write resumed>) = 8
27401<sshd-auth> 22:19:14 read(3<UNIX-STREAM:[144340->144341]> <unfinished ...>
27397<sshd-session> 22:19:14 read(9<UNIX-STREAM:[144341->144340]> <unfinished ...>
27401<sshd-auth> 22:19:14 <... read resumed>, "\0\0\0\1\0\0\0\0", 8) = 8
27401<sshd-auth> 22:19:14 clock_nanosleep(CLOCK_REALTIME, 0, {tv_sec=0, tv_nsec=50580503}, NULL) = 0
27401<sshd-auth> 22:19:14 write(3<UNIX-STREAM:[144340->144341]>, "\0\0\0\1f", 5) = 5
27397<sshd-session> 22:19:14 <... read resumed>, "\0\0\0\1", 4) = 4
27401<sshd-auth> 22:19:14 read(3<UNIX-STREAM:[144340->144341]> <unfinished ...>
27397<sshd-session> 22:19:14 read(9<UNIX-STREAM:[144341->144340]>, "f", 1) = 1
27397<sshd-session> 22:19:14 openat(AT_FDCWD</>, "/sys/fs/selinux/enforce", O_RDONLY|O_CLOEXEC) = 8</sys/fs/selinux/enforce>
27397<sshd-session> 22:19:14 read(8</sys/fs/selinux/enforce>, "1", 19) = 1
27397<sshd-session> 22:19:14 close(8</sys/fs/selinux/enforce>) = 0
27397<sshd-session> 22:19:14 openat(AT_FDCWD</>, "/sys/fs/selinux/mls", O_RDONLY|O_CLOEXEC) = 8</sys/fs/selinux/mls>
27397<sshd-session> 22:19:14 read(8</sys/fs/selinux/mls>, "1", 19) = 1
27397<sshd-session> 22:19:14 close(8</sys/fs/selinux/mls>) = 0
27397<sshd-session> 22:19:14 newfstatat(AT_FDCWD</>, "/etc/nsswitch.conf", {st_mode=S_IFREG|0644, st_size=687, ...}, 0) = 0
27397<sshd-session> 22:19:14 openat(AT_FDCWD</>, "/etc/passwd", O_RDONLY|O_CLOEXEC) = 8</etc/passwd>
27397<sshd-session> 22:19:14 fstat(8</etc/passwd>, {st_mode=S_IFREG|0644, st_size=3346, ...}) = 0
27397<sshd-session> 22:19:14 lseek(8</etc/passwd>, 0, SEEK_SET) = 0
27397<sshd-session> 22:19:14 read(8</etc/passwd>, "root:x:0:0:Super User:/root:/bin"..., 4096) = 3346
27397<sshd-session> 22:19:14 close(8</etc/passwd>) = 0
27397<sshd-session> 22:19:14 openat(AT_FDCWD</>, "/etc/selinux/config", O_RDONLY|O_CLOEXEC) = 8</etc/selinux/config>
27397<sshd-session> 22:19:14 fstat(8</etc/selinux/config>, {st_mode=S_IFREG|0644, st_size=1187, ...}) = 0
27397<sshd-session> 22:19:14 read(8</etc/selinux/config>, "\n# This file controls the state "..., 4096) = 1187
27397<sshd-session> 22:19:14 read(8</etc/selinux/config>, "", 4096) = 0
27397<sshd-session> 22:19:14 close(8</etc/selinux/config>) = 0
27397<sshd-session> 22:19:14 futex(0x7f26d624e1c0, FUTEX_WAKE_PRIVATE, 2147483647) = 0
27397<sshd-session> 22:19:14 openat(AT_FDCWD</>, "/etc/selinux/targeted/seusers", O_RDONLY|O_CLOEXEC) = 8</etc/selinux/targeted/seusers>
27397<sshd-session> 22:19:14 fstat(8</etc/selinux/targeted/seusers>, {st_mode=S_IFREG|0644, st_size=73, ...}) = 0
27397<sshd-session> 22:19:14 read(8</etc/selinux/targeted/seusers>, "root:unconfined_u:s0-s0:c0.c1023"..., 4096) = 73
27397<sshd-session> 22:19:14 read(8</etc/selinux/targeted/seusers>, "", 4096) = 0
27397<sshd-session> 22:19:14 close(8</etc/selinux/targeted/seusers>) = 0
27397<sshd-session> 22:19:14 openat(AT_FDCWD</>, "/etc/security/sepermit.conf", O_RDONLY) = 8</etc/security/sepermit.conf>
27397<sshd-session> 22:19:14 fstat(8</etc/security/sepermit.conf>, {st_mode=S_IFREG|0644, st_size=418, ...}) = 0
27397<sshd-session> 22:19:14 read(8</etc/security/sepermit.conf>, "# /etc/security/sepermit.conf\n#\n"..., 4096) = 418
27397<sshd-session> 22:19:14 read(8</etc/security/sepermit.conf>, "", 4096) = 0
27397<sshd-session> 22:19:14 close(8</etc/security/sepermit.conf>) = 0
27397<sshd-session> 22:19:14 openat(AT_FDCWD</>, "/var/run/nologin", O_RDONLY) = -1 ENOENT (No such file or directory)
27397<sshd-session> 22:19:14 openat(AT_FDCWD</>, "/etc/nologin", O_RDONLY) = -1 ENOENT (No such file or directory)
27397<sshd-session> 22:19:14 getuid()   = 0
27397<sshd-session> 22:19:14 newfstatat(AT_FDCWD</>, "/etc/login.defs", {st_mode=S_IFREG|0644, st_size=8888, ...}, AT_SYMLINK_NOFOLLOW) = 0
27397<sshd-session> 22:19:14 openat(AT_FDCWD</>, "/etc/login.defs", O_RDONLY|O_CLOEXEC) = 8</etc/login.defs>
27397<sshd-session> 22:19:14 fstat(8</etc/login.defs>, {st_mode=S_IFREG|0644, st_size=8888, ...}) = 0
27397<sshd-session> 22:19:14 read(8</etc/login.defs>, "#\n# Please note that the paramet"..., 4096) = 4096
27397<sshd-session> 22:19:14 read(8</etc/login.defs>, "ID_MIN                  1000\nUID"..., 4096) = 4096
27397<sshd-session> 22:19:14 read(8</etc/login.defs>, " line length in the\n# group file"..., 4096) = 696
27397<sshd-session> 22:19:14 read(8</etc/login.defs>, "", 4096) = 0
27397<sshd-session> 22:19:14 close(8</etc/login.defs>) = 0
27397<sshd-session> 22:19:14 openat(AT_FDCWD</>, "(null)/login.defs.d", O_RDONLY|O_NONBLOCK|O_CLOEXEC|O_DIRECTORY) = -1 ENOENT (No such file or directory)
27397<sshd-session> 22:19:14 openat(AT_FDCWD</>, "/etc/login.defs.d", O_RDONLY|O_NONBLOCK|O_CLOEXEC|O_DIRECTORY) = -1 ENOENT (No such file or directory)
27397<sshd-session> 22:19:14 newfstatat(AT_FDCWD</>, "/etc/nsswitch.conf", {st_mode=S_IFREG|0644, st_size=687, ...}, 0) = 0
27397<sshd-session> 22:19:14 openat(AT_FDCWD</>, "/etc/passwd", O_RDONLY|O_CLOEXEC) = 8</etc/passwd>
27397<sshd-session> 22:19:14 fstat(8</etc/passwd>, {st_mode=S_IFREG|0644, st_size=3346, ...}) = 0
27397<sshd-session> 22:19:14 lseek(8</etc/passwd>, 0, SEEK_SET) = 0
27397<sshd-session> 22:19:14 read(8</etc/passwd>, "root:x:0:0:Super User:/root:/bin"..., 4096) = 3346
27397<sshd-session> 22:19:14 close(8</etc/passwd>) = 0
27397<sshd-session> 22:19:14 pipe2([8<pipe:[146647]>, 11<pipe:[146647]>], 0) = 0
27397<sshd-session> 22:19:14 rt_sigaction(SIGCHLD, {sa_handler=SIG_DFL, sa_mask=[], sa_flags=SA_RESTORER, sa_restorer=0x7f26d581f5b0}, {sa_handler=SIG_DFL, sa_mask=~[KILL STOP RTMIN RT_1], sa_flags=SA_RESTORER|SA_RESTART, sa_restorer=0x7f26d581f5b0}, 8) = 0
27397<sshd-session> 22:19:14 rt_sigprocmask(SIG_BLOCK, ~[], [], 8) = 0
27397<sshd-session> 22:19:14 clone(child_stack=NULL, flags=CLONE_CHILD_CLEARTID|CLONE_CHILD_SETTID|SIGCHLD, child_tidptr=0x7f26d5fb1610) = 27406<sshd-session>
27406<sshd-session> 22:19:14 set_robust_list(0x7f26d5fb1620, 24) = 0
27397<sshd-session> 22:19:14 rt_sigprocmask(SIG_SETMASK, [] <unfinished ...>
27406<sshd-session> 22:19:14 rt_sigprocmask(SIG_SETMASK, [] <unfinished ...>
27397<sshd-session> 22:19:14 <... rt_sigprocmask resumed>, NULL, 8) = 0
27406<sshd-session> 22:19:14 <... rt_sigprocmask resumed>, NULL, 8) = 0
27397<sshd-session> 22:19:14 close(11<pipe:[146647]> <unfinished ...>
27406<sshd-session> 22:19:14 dup2(11<pipe:[146647]>, 1</dev/null<char 1:3>> <unfinished ...>
27397<sshd-session> 22:19:14 <... close resumed>) = 0
27406<sshd-session> 22:19:14 <... dup2 resumed>) = 1<pipe:[146647]>
27397<sshd-session> 22:19:14 wait4(27406<sshd-session> <unfinished ...>
27406<sshd-session> 22:19:14 pipe2([12<pipe:[145197]>, 13<pipe:[145197]>], 0) = 0
27406<sshd-session> 22:19:14 close(13<pipe:[145197]>) = 0
27406<sshd-session> 22:19:14 dup2(12<pipe:[145197]>, 0</dev/null<char 1:3>>) = 0<pipe:[145197]>
27406<sshd-session> 22:19:14 close(12<pipe:[145197]>) = 0
27406<sshd-session> 22:19:14 pipe2([12<pipe:[145198]>, 13<pipe:[145198]>], 0) = 0
27406<sshd-session> 22:19:14 close(13<pipe:[145198]>) = 0
27406<sshd-session> 22:19:14 dup2(12<pipe:[145198]>, 2</dev/null<char 1:3>>) = 2<pipe:[145198]>
27406<sshd-session> 22:19:14 close(12<pipe:[145198]>) = 0
27406<sshd-session> 22:19:14 close_range(3, 4294967295, CLOSE_RANGE_UNSHARE) = 0
27406<sshd-session> 22:19:14 setuid(0)  = 0
27406<sshd-session> 22:19:14 execve("/usr/bin/unix_chkpwd", ["/usr/bin/unix_chkpwd", "catastor", "chkexpiry"], 0x7f26d5fad020 /* 0 vars */) = 0
27406<unix_chkpwd> 22:19:14 brk(NULL)   = 0x55fd4e054000
27406<unix_chkpwd> 22:19:14 access("/etc/ld.so.preload", R_OK) = -1 ENOENT (No such file or directory)
27406<unix_chkpwd> 22:19:14 openat(AT_FDCWD</>, "/etc/ld.so.cache", O_RDONLY|O_CLOEXEC) = 3</etc/ld.so.cache>
27406<unix_chkpwd> 22:19:14 fstat(3</etc/ld.so.cache>, {st_mode=S_IFREG|0644, st_size=74499, ...}) = 0
27406<unix_chkpwd> 22:19:14 mmap(NULL, 74499, PROT_READ, MAP_PRIVATE, 3</etc/ld.so.cache>, 0) = 0x7f9aff805000
27406<unix_chkpwd> 22:19:14 close(3</etc/ld.so.cache>) = 0
27406<unix_chkpwd> 22:19:14 openat(AT_FDCWD</>, "/lib64/libcrypt.so.2", O_RDONLY|O_CLOEXEC) = 3</usr/lib64/libcrypt.so.2.0.0>
27406<unix_chkpwd> 22:19:14 read(3</usr/lib64/libcrypt.so.2.0.0>, "\177ELF\2\1\1\0\0\0\0\0\0\0\0\0\3\0>\0\1\0\0\0\0\0\0\0\0\0\0\0"..., 832) = 832
27406<unix_chkpwd> 22:19:14 fstat(3</usr/lib64/libcrypt.so.2.0.0>, {st_mode=S_IFREG|0755, st_size=221624, ...}) = 0
27406<unix_chkpwd> 22:19:14 mmap(NULL, 8192, PROT_READ|PROT_WRITE, MAP_PRIVATE|MAP_ANONYMOUS, -1, 0) = 0x7f9aff803000
27406<unix_chkpwd> 22:19:14 mmap(NULL, 217096, PROT_READ|PROT_EXEC, MAP_PRIVATE|MAP_DENYWRITE, 3</usr/lib64/libcrypt.so.2.0.0>, 0) = 0x7f9aff7cd000
27406<unix_chkpwd> 22:19:14 mmap(0x7f9aff7e7000, 106496, PROT_READ, MAP_PRIVATE|MAP_FIXED|MAP_DENYWRITE, 3</usr/lib64/libcrypt.so.2.0.0>, 0x1a000) = 0x7f9aff7e7000
27406<unix_chkpwd> 22:19:14 mmap(0x7f9aff801000, 4096, PROT_READ|PROT_WRITE, MAP_PRIVATE|MAP_FIXED|MAP_DENYWRITE, 3</usr/lib64/libcrypt.so.2.0.0>, 0x34000) = 0x7f9aff801000
27406<unix_chkpwd> 22:19:14 mmap(0x7f9aff802000, 8, PROT_READ|PROT_WRITE, MAP_PRIVATE|MAP_FIXED|MAP_ANONYMOUS, -1, 0) = 0x7f9aff802000
27406<unix_chkpwd> 22:19:14 close(3</usr/lib64/libcrypt.so.2.0.0>) = 0
27406<unix_chkpwd> 22:19:14 openat(AT_FDCWD</>, "/lib64/libaudit.so.1", O_RDONLY|O_CLOEXEC) = 3</usr/lib64/libaudit.so.1.0.0>
27406<unix_chkpwd> 22:19:14 read(3</usr/lib64/libaudit.so.1.0.0>, "\177ELF\2\1\1\0\0\0\0\0\0\0\0\0\3\0>\0\1\0\0\0\0\0\0\0\0\0\0\0"..., 832) = 832
27406<unix_chkpwd> 22:19:14 fstat(3</usr/lib64/libaudit.so.1.0.0>, {st_mode=S_IFREG|0755, st_size=179936, ...}) = 0
27406<unix_chkpwd> 22:19:14 mmap(NULL, 229824, PROT_READ|PROT_EXEC, MAP_PRIVATE|MAP_DENYWRITE, 3</usr/lib64/libaudit.so.1.0.0>, 0) = 0x7f9aff794000
27406<unix_chkpwd> 22:19:14 mmap(0x7f9aff7a2000, 118784, PROT_READ, MAP_PRIVATE|MAP_FIXED|MAP_DENYWRITE, 3</usr/lib64/libaudit.so.1.0.0>, 0xe000) = 0x7f9aff7a2000
27406<unix_chkpwd> 22:19:14 mmap(0x7f9aff7bf000, 8192, PROT_READ|PROT_WRITE, MAP_PRIVATE|MAP_FIXED|MAP_DENYWRITE, 3</usr/lib64/libaudit.so.1.0.0>, 0x2a000) = 0x7f9aff7bf000
27406<unix_chkpwd> 22:19:14 mmap(0x7f9aff7c1000, 45504, PROT_READ|PROT_WRITE, MAP_PRIVATE|MAP_FIXED|MAP_ANONYMOUS, -1, 0) = 0x7f9aff7c1000
27406<unix_chkpwd> 22:19:14 close(3</usr/lib64/libaudit.so.1.0.0>) = 0
27406<unix_chkpwd> 22:19:14 openat(AT_FDCWD</>, "/lib64/libc.so.6", O_RDONLY|O_CLOEXEC) = 3</usr/lib64/libc.so.6>
27406<unix_chkpwd> 22:19:14 read(3</usr/lib64/libc.so.6>, "\177ELF\2\1\1\3\0\0\0\0\0\0\0\0\3\0>\0\1\0\0\0\2408\0\0\0\0\0\0"..., 832) = 832
27406<unix_chkpwd> 22:19:14 pread64(3</usr/lib64/libc.so.6>, "\6\0\0\0\4\0\0\0@\0\0\0\0\0\0\0@\0\0\0\0\0\0\0@\0\0\0\0\0\0\0"..., 784, 64) = 784
27406<unix_chkpwd> 22:19:14 fstat(3</usr/lib64/libc.so.6>, {st_mode=S_IFREG|0755, st_size=2490288, ...}) = 0
27406<unix_chkpwd> 22:19:14 pread64(3</usr/lib64/libc.so.6>, "\6\0\0\0\4\0\0\0@\0\0\0\0\0\0\0@\0\0\0\0\0\0\0@\0\0\0\0\0\0\0"..., 784, 64) = 784
27406<unix_chkpwd> 22:19:14 mmap(NULL, 2075504, PROT_READ|PROT_EXEC, MAP_PRIVATE|MAP_DENYWRITE, 3</usr/lib64/libc.so.6>, 0) = 0x7f9aff599000
27406<unix_chkpwd> 22:19:14 mmap(0x7f9aff70d000, 495616, PROT_READ, MAP_PRIVATE|MAP_FIXED|MAP_DENYWRITE, 3</usr/lib64/libc.so.6>, 0x174000) = 0x7f9aff70d000
27406<unix_chkpwd> 22:19:14 mmap(0x7f9aff786000, 24576, PROT_READ|PROT_WRITE, MAP_PRIVATE|MAP_FIXED|MAP_DENYWRITE, 3</usr/lib64/libc.so.6>, 0x1ed000) = 0x7f9aff786000
27406<unix_chkpwd> 22:19:14 mmap(0x7f9aff78c000, 31600, PROT_READ|PROT_WRITE, MAP_PRIVATE|MAP_FIXED|MAP_ANONYMOUS, -1, 0) = 0x7f9aff78c000
27406<unix_chkpwd> 22:19:14 close(3</usr/lib64/libc.so.6>) = 0
27406<unix_chkpwd> 22:19:14 openat(AT_FDCWD</>, "/lib64/libcap-ng.so.0", O_RDONLY|O_CLOEXEC) = 3</usr/lib64/libcap-ng.so.0.0.0>
27406<unix_chkpwd> 22:19:14 read(3</usr/lib64/libcap-ng.so.0.0.0>, "\177ELF\2\1\1\0\0\0\0\0\0\0\0\0\3\0>\0\1\0\0\0\0\0\0\0\0\0\0\0"..., 832) = 832
27406<unix_chkpwd> 22:19:14 fstat(3</usr/lib64/libcap-ng.so.0.0.0>, {st_mode=S_IFREG|0755, st_size=32200, ...}) = 0
27406<unix_chkpwd> 22:19:14 mmap(NULL, 28696, PROT_READ|PROT_EXEC, MAP_PRIVATE|MAP_DENYWRITE, 3</usr/lib64/libcap-ng.so.0.0.0>, 0) = 0x7f9aff591000
27406<unix_chkpwd> 22:19:14 mmap(0x7f9aff595000, 8192, PROT_READ, MAP_PRIVATE|MAP_FIXED|MAP_DENYWRITE, 3</usr/lib64/libcap-ng.so.0.0.0>, 0x4000) = 0x7f9aff595000
27406<unix_chkpwd> 22:19:14 mmap(0x7f9aff597000, 4096, PROT_READ|PROT_WRITE, MAP_PRIVATE|MAP_FIXED|MAP_DENYWRITE, 3</usr/lib64/libcap-ng.so.0.0.0>, 0x6000) = 0x7f9aff597000
27406<unix_chkpwd> 22:19:14 mmap(0x7f9aff598000, 24, PROT_READ|PROT_WRITE, MAP_PRIVATE|MAP_FIXED|MAP_ANONYMOUS, -1, 0) = 0x7f9aff598000
27406<unix_chkpwd> 22:19:14 close(3</usr/lib64/libcap-ng.so.0.0.0>) = 0
27406<unix_chkpwd> 22:19:14 mmap(NULL, 8192, PROT_READ|PROT_WRITE, MAP_PRIVATE|MAP_ANONYMOUS, -1, 0) = 0x7f9aff58f000
27406<unix_chkpwd> 22:19:14 arch_prctl(ARCH_SET_FS, 0x7f9aff58ff00) = 0
27406<unix_chkpwd> 22:19:14 set_tid_address(0x7f9aff590528) = 27406<unix_chkpwd>
27406<unix_chkpwd> 22:19:14 set_robust_list(0x7f9aff5901e0, 24) = 0
27406<unix_chkpwd> 22:19:14 rseq({cpu_id_start=0, cpu_id=RSEQ_CPU_ID_UNINITIALIZED, rseq_cs=NULL, flags=0, node_id=0, mm_cid=0, slice_ctrl={request=0, granted=0, __reserved=0}, __reserved=0}, 32, 0, 0x53053053) = 0
27406<unix_chkpwd> 22:19:14 mprotect(0x7f9aff786000, 16384, PROT_READ) = 0
27406<unix_chkpwd> 22:19:14 mprotect(0x7f9aff597000, 4096, PROT_READ) = 0
27406<unix_chkpwd> 22:19:14 mprotect(0x7f9aff7bf000, 4096, PROT_READ) = 0
27406<unix_chkpwd> 22:19:14 mprotect(0x7f9aff801000, 4096, PROT_READ) = 0
27406<unix_chkpwd> 22:19:14 mprotect(0x55fd4153a000, 4096, PROT_READ) = 0
27406<unix_chkpwd> 22:19:14 mprotect(0x7f9aff856000, 8192, PROT_READ) = 0
27406<unix_chkpwd> 22:19:14 prlimit64(0, RLIMIT_STACK, NULL, {rlim_cur=8192*1024, rlim_max=RLIM64_INFINITY}) = 0
27406<unix_chkpwd> 22:19:14 getrandom("\x20\xec\x6c\x7d\xbf\xcd\xae\x99", 8, GRND_NONBLOCK) = 8
27406<unix_chkpwd> 22:19:14 munmap(0x7f9aff805000, 74499) = 0
27406<unix_chkpwd> 22:19:14 openat(AT_FDCWD</>, "/proc/sys/kernel/cap_last_cap", O_RDONLY) = 3</proc/sys/kernel/cap_last_cap>
27406<unix_chkpwd> 22:19:14 fstatfs(3</proc/sys/kernel/cap_last_cap>, {f_type=PROC_SUPER_MAGIC, f_bsize=4096, f_blocks=0, f_bfree=0, f_bavail=0, f_files=0, f_ffree=0, f_fsid={val=[0x16, 0]}, f_namelen=255, f_frsize=4096, f_flags=ST_VALID|ST_NOSUID|ST_NODEV|ST_NOEXEC|ST_RELATIME}) = 0
27406<unix_chkpwd> 22:19:14 read(3</proc/sys/kernel/cap_last_cap>, "40\n", 7) = 3
27406<unix_chkpwd> 22:19:14 close(3</proc/sys/kernel/cap_last_cap>) = 0
27406<unix_chkpwd> 22:19:14 prctl(PR_CAPBSET_READ, CAP_CHOWN) = 1
27406<unix_chkpwd> 22:19:14 prctl(PR_CAP_AMBIENT, PR_CAP_AMBIENT_IS_SET, CAP_CHOWN, 0, 0) = 0
27406<unix_chkpwd> 22:19:14 getuid()    = 0
27406<unix_chkpwd> 22:19:14 rt_sigaction(SIGILL, {sa_handler=0x55fd415379c0, sa_mask=[], sa_flags=SA_RESTORER|SA_RESETHAND, sa_restorer=0x7f9aff5b35b0}, NULL, 8) = 0
27406<unix_chkpwd> 22:19:14 rt_sigaction(SIGTRAP, {sa_handler=0x55fd415379c0, sa_mask=[], sa_flags=SA_RESTORER|SA_RESETHAND, sa_restorer=0x7f9aff5b35b0}, NULL, 8) = 0
27406<unix_chkpwd> 22:19:14 rt_sigaction(SIGBUS, {sa_handler=0x55fd415379c0, sa_mask=[], sa_flags=SA_RESTORER|SA_RESETHAND, sa_restorer=0x7f9aff5b35b0}, NULL, 8) = 0
27406<unix_chkpwd> 22:19:14 rt_sigaction(SIGSEGV, {sa_handler=0x55fd415379c0, sa_mask=[], sa_flags=SA_RESTORER|SA_RESETHAND, sa_restorer=0x7f9aff5b35b0}, NULL, 8) = 0
27406<unix_chkpwd> 22:19:14 rt_sigaction(SIGTERM, {sa_handler=SIG_IGN, sa_mask=[], sa_flags=SA_RESTORER, sa_restorer=0x7f9aff5b35b0}, NULL, 8) = 0
27406<unix_chkpwd> 22:19:14 rt_sigaction(SIGHUP, {sa_handler=SIG_IGN, sa_mask=[], sa_flags=SA_RESTORER, sa_restorer=0x7f9aff5b35b0}, NULL, 8) = 0
27406<unix_chkpwd> 22:19:14 rt_sigaction(SIGINT, {sa_handler=SIG_IGN, sa_mask=[], sa_flags=SA_RESTORER, sa_restorer=0x7f9aff5b35b0}, NULL, 8) = 0
27406<unix_chkpwd> 22:19:14 rt_sigaction(SIGQUIT, {sa_handler=SIG_IGN, sa_mask=[], sa_flags=SA_RESTORER, sa_restorer=0x7f9aff5b35b0}, NULL, 8) = 0
27406<unix_chkpwd> 22:19:14 ioctl(0<pipe:[145197]>, TCGETS2, 0x7fffd4fe1770) = -1 ENOTTY (Inappropriate ioctl for device)
27406<unix_chkpwd> 22:19:14 brk(NULL)   = 0x55fd4e054000
27406<unix_chkpwd> 22:19:14 brk(0x55fd4e075000) = 0x55fd4e075000
27406<unix_chkpwd> 22:19:14 newfstatat(AT_FDCWD</>, "/etc/nsswitch.conf", {st_mode=S_IFREG|0644, st_size=687, ...}, 0) = 0
27406<unix_chkpwd> 22:19:14 newfstatat(AT_FDCWD</>, "/", {st_mode=S_IFDIR|0555, st_size=154, ...}, 0) = 0
27406<unix_chkpwd> 22:19:14 openat(AT_FDCWD</>, "/etc/nsswitch.conf", O_RDONLY|O_CLOEXEC) = 3</etc/authselect/nsswitch.conf>
27406<unix_chkpwd> 22:19:14 fstat(3</etc/authselect/nsswitch.conf>, {st_mode=S_IFREG|0644, st_size=687, ...}) = 0
27406<unix_chkpwd> 22:19:14 read(3</etc/authselect/nsswitch.conf>, "# Generated by authselect\n# Do n"..., 4096) = 687
27406<unix_chkpwd> 22:19:14 read(3</etc/authselect/nsswitch.conf>, "", 4096) = 0
27406<unix_chkpwd> 22:19:14 fstat(3</etc/authselect/nsswitch.conf>, {st_mode=S_IFREG|0644, st_size=687, ...}) = 0
27406<unix_chkpwd> 22:19:14 close(3</etc/authselect/nsswitch.conf>) = 0
27406<unix_chkpwd> 22:19:14 openat(AT_FDCWD</>, "/etc/passwd", O_RDONLY|O_CLOEXEC) = 3</etc/passwd>
27406<unix_chkpwd> 22:19:14 fstat(3</etc/passwd>, {st_mode=S_IFREG|0644, st_size=3346, ...}) = 0
27406<unix_chkpwd> 22:19:14 lseek(3</etc/passwd>, 0, SEEK_SET) = 0
27406<unix_chkpwd> 22:19:14 read(3</etc/passwd>, "root:x:0:0:Super User:/root:/bin"..., 4096) = 3346
27406<unix_chkpwd> 22:19:14 close(3</etc/passwd>) = 0
27406<unix_chkpwd> 22:19:14 newfstatat(AT_FDCWD</>, "/etc/nsswitch.conf", {st_mode=S_IFREG|0644, st_size=687, ...}, 0) = 0
27406<unix_chkpwd> 22:19:14 openat(AT_FDCWD</>, "/etc/shadow", O_RDONLY|O_CLOEXEC) = 3</etc/shadow>
27406<unix_chkpwd> 22:19:14 fstat(3</etc/shadow>, {st_mode=S_IFREG|000, st_size=1344, ...}) = 0
27406<unix_chkpwd> 22:19:14 lseek(3</etc/shadow>, 0, SEEK_SET) = 0
27406<unix_chkpwd> 22:19:14 read(3</etc/shadow>, "root:!:::::::\nbin:!*:20470::::::"..., 4096) = 1344
27406<unix_chkpwd> 22:19:14 close(3</etc/shadow>) = 0
27406<unix_chkpwd> 22:19:14 fstat(1<pipe:[146647]>, {st_mode=S_IFIFO|0600, st_size=0, ...}) = 0
27406<unix_chkpwd> 22:19:14 write(1<pipe:[146647]>, "-1\n", 3) = 3
27406<unix_chkpwd> 22:19:14 exit_group(0) = ?
27406<unix_chkpwd> 22:19:14 +++ exited with 0 +++
27397<sshd-session> 22:19:14 <... wait4 resumed>, [{WIFEXITED(s) && WEXITSTATUS(s) == 0}], 0, NULL) = 27406
27397<sshd-session> 22:19:14 --- SIGCHLD {si_signo=SIGCHLD, si_code=CLD_EXITED, si_pid=27406, si_uid=0, si_status=0, si_utime=0, si_stime=0} ---
27397<sshd-session> 22:19:14 read(8<pipe:[146647]>, "-1\n", 31) = 3
27397<sshd-session> 22:19:14 read(8<pipe:[146647]>, "", 28) = 0
27397<sshd-session> 22:19:14 close(8<pipe:[146647]>) = 0
27397<sshd-session> 22:19:14 rt_sigaction(SIGCHLD, {sa_handler=SIG_DFL, sa_mask=~[KILL STOP RTMIN RT_1], sa_flags=SA_RESTORER|SA_RESTART, sa_restorer=0x7f26d581f5b0}, NULL, 8) = 0
27397<sshd-session> 22:19:14 socket(AF_NETLINK, SOCK_RAW|SOCK_CLOEXEC, NETLINK_AUDIT) = 8<NETLINK:[145773]>
27397<sshd-session> 22:19:14 socket(AF_NETLINK, SOCK_RAW|SOCK_CLOEXEC, NETLINK_ROUTE) = 11<NETLINK:[145774]>
27397<sshd-session> 22:19:14 bind(11<NETLINK:[145774]>, {sa_family=AF_NETLINK, nl_pid=0, nl_groups=00000000}, 12) = 0
27397<sshd-session> 22:19:14 getsockname(11<NETLINK:[ROUTE:27397]>, {sa_family=AF_NETLINK, nl_pid=27397<sshd-session>, nl_groups=00000000}, [12]) = 0
27397<sshd-session> 22:19:14 sendto(11<NETLINK:[ROUTE:27397]>, [{nlmsg_len=20, nlmsg_type=RTM_GETADDR, nlmsg_flags=NLM_F_REQUEST|NLM_F_DUMP, nlmsg_seq=1777774754, nlmsg_pid=0}, {ifa_family=AF_UNSPEC, ...}], 20, 0, {sa_family=AF_NETLINK, nl_pid=0, nl_groups=00000000}, 12) = 20
27397<sshd-session> 22:19:14 recvmsg(11<NETLINK:[ROUTE:27397]>, {msg_name={sa_family=AF_NETLINK, nl_pid=0, nl_groups=00000000}, msg_namelen=12, msg_iov=[{iov_base=[[{nlmsg_len=76, nlmsg_type=RTM_NEWADDR, nlmsg_flags=NLM_F_MULTI, nlmsg_seq=1777774754, nlmsg_pid=27397<sshd-session>}, {ifa_family=AF_INET, ifa_prefixlen=8, ifa_flags=IFA_F_PERMANENT, ifa_scope=RT_SCOPE_HOST, ifa_index=if_nametoindex("lo")}, [[{nla_len=8, nla_type=IFA_ADDRESS}, inet_addr("127.0.0.1")], [{nla_len=8, nla_type=IFA_LOCAL}, inet_addr("127.0.0.1")], [{nla_len=7, nla_type=IFA_LABEL}, "lo"], [{nla_len=8, nla_type=IFA_FLAGS}, IFA_F_PERMANENT], [{nla_len=20, nla_type=IFA_CACHEINFO}, {ifa_prefered=4294967295, ifa_valid=4294967295, cstamp=151, tstamp=151}]]], [{nlmsg_len=88, nlmsg_type=RTM_NEWADDR, nlmsg_flags=NLM_F_MULTI, nlmsg_seq=1777774754, nlmsg_pid=27397<sshd-session>}, {ifa_family=AF_INET, ifa_prefixlen=24, ifa_flags=0, ifa_scope=RT_SCOPE_UNIVERSE, ifa_index=if_nametoindex("enp0s3")}, [[{nla_len=8, nla_type=IFA_ADDRESS}, inet_addr("10.0.2.15")], [{nla_len=8, nla_type=IFA_LOCAL}, inet_addr("10.0.2.15")], [{nla_len=8, nla_type=IFA_BROADCAST}, inet_addr("10.0.2.255")], [{nla_len=11, nla_type=IFA_LABEL}, "enp0s3"], [{nla_len=8, nla_type=IFA_FLAGS}, IFA_F_NOPREFIXROUTE], [{nla_len=20, nla_type=IFA_CACHEINFO}, {ifa_prefered=74548, ifa_valid=74548, cstamp=1267, tstamp=1267}]]], [{nlmsg_len=72, nlmsg_type=RTM_NEWADDR, nlmsg_flags=NLM_F_MULTI, nlmsg_seq=1777774754, nlmsg_pid=27397<sshd-session>}, {ifa_family=AF_INET6, ifa_prefixlen=128, ifa_flags=IFA_F_PERMANENT, ifa_scope=RT_SCOPE_HOST, ifa_index=if_nametoindex("lo")}, [[{nla_len=20, nla_type=IFA_ADDRESS}, inet_pton(AF_INET6, "::1")], [{nla_len=20, nla_type=IFA_CACHEINFO}, {ifa_prefered=4294967295, ifa_valid=4294967295, cstamp=151, tstamp=151}], [{nla_len=8, nla_type=IFA_FLAGS}, IFA_F_PERMANENT|IFA_F_NOPREFIXROUTE]]], [{nlmsg_len=72, nlmsg_type=RTM_NEWADDR, nlmsg_flags=NLM_F_MULTI, nlmsg_seq=1777774754, nlmsg_pid=27397<sshd-session>}, {ifa_family=AF_INET6, ifa_prefixlen=64, ifa_flags=0, ifa_scope=RT_SCOPE_UNIVERSE, ifa_index=if_nametoindex("enp0s3")}, [[{nla_len=20, nla_type=IFA_ADDRESS}, inet_pton(AF_INET6, "fd17:625c:f037:2:bffd:40d6:bd1a:3151")], [{nla_len=20, nla_type=IFA_CACHEINFO}, {ifa_prefered=14287, ifa_valid=86287, cstamp=1466, tstamp=1175164}], [{nla_len=8, nla_type=IFA_FLAGS}, IFA_F_NOPREFIXROUTE]]], [{nlmsg_len=72, nlmsg_type=RTM_NEWADDR, nlmsg_flags=NLM_F_MULTI, nlmsg_seq=1777774754, nlmsg_pid=27397<sshd-session>}, {ifa_family=AF_INET6, ifa_prefixlen=64, ifa_flags=IFA_F_PERMANENT, ifa_scope=RT_SCOPE_LINK, ifa_index=if_nametoindex("enp0s3")}, [[{nla_len=20, nla_type=IFA_ADDRESS}, inet_pton(AF_INET6, "fe80::1bc2:b29b:a246:770")], [{nla_len=20, nla_type=IFA_CACHEINFO}, {ifa_prefered=4294967295, ifa_valid=4294967295, cstamp=1251, tstamp=1251}], [{nla_len=8, nla_type=IFA_FLAGS}, IFA_F_PERMANENT|IFA_F_NOPREFIXROUTE]]]], iov_len=4096}], msg_iovlen=1, msg_controllen=0, msg_flags=0}, 0) = 380
27397<sshd-session> 22:19:14 recvmsg(11<NETLINK:[ROUTE:27397]>, {msg_name={sa_family=AF_NETLINK, nl_pid=0, nl_groups=00000000}, msg_namelen=12, msg_iov=[{iov_base=[{nlmsg_len=20, nlmsg_type=NLMSG_DONE, nlmsg_flags=NLM_F_MULTI, nlmsg_seq=1777774754, nlmsg_pid=27397<sshd-session>}, 0], iov_len=4096}], msg_iovlen=1, msg_controllen=0, msg_flags=0}, 0) = 20
27397<sshd-session> 22:19:14 close(11<NETLINK:[ROUTE:27397]>) = 0
27397<sshd-session> 22:19:14 sendto(8<NETLINK:[145773]>, [{nlmsg_len=168, nlmsg_type=0x44d /* NLMSG_??? */, nlmsg_flags=NLM_F_REQUEST|NLM_F_ACK, nlmsg_seq=4, nlmsg_pid=0}, "\x6f\x70\x3d\x50\x41\x4d\x3a\x61\x63\x63\x6f\x75\x6e\x74\x69\x6e\x67\x20\x67\x72\x61\x6e\x74\x6f\x72\x73\x3d\x70\x61\x6d\x5f\x75"...], 168, 0, {sa_family=AF_NETLINK, nl_pid=0, nl_groups=00000000}, 12) = 168
27397<sshd-session> 22:19:14 poll([{fd=8<NETLINK:[AUDIT:27397]>, events=POLLIN}], 1, 500) = 1 ([{fd=8, revents=POLLIN}])
27397<sshd-session> 22:19:14 recvfrom(8<NETLINK:[AUDIT:27397]>, [{nlmsg_len=36, nlmsg_type=NLMSG_ERROR, nlmsg_flags=NLM_F_CAPPED, nlmsg_seq=4, nlmsg_pid=27397<sshd-session>}, {error=0, msg={nlmsg_len=168, nlmsg_type=0x44d /* AUDIT_??? */, nlmsg_flags=NLM_F_REQUEST|NLM_F_ACK, nlmsg_seq=4, nlmsg_pid=0}}], 8988, MSG_PEEK|MSG_DONTWAIT, {sa_family=AF_NETLINK, nl_pid=0, nl_groups=00000000}, [12]) = 36
27397<sshd-session> 22:19:14 recvfrom(8<NETLINK:[AUDIT:27397]>, [{nlmsg_len=36, nlmsg_type=NLMSG_ERROR, nlmsg_flags=NLM_F_CAPPED, nlmsg_seq=4, nlmsg_pid=27397<sshd-session>}, {error=0, msg={nlmsg_len=168, nlmsg_type=0x44d /* AUDIT_??? */, nlmsg_flags=NLM_F_REQUEST|NLM_F_ACK, nlmsg_seq=4, nlmsg_pid=0}}], 8988, MSG_DONTWAIT, {sa_family=AF_NETLINK, nl_pid=0, nl_groups=00000000}, [12]) = 36
27397<sshd-session> 22:19:14 close(8<NETLINK:[AUDIT:27397]>) = 0
27397<sshd-session> 22:19:14 write(9<UNIX-STREAM:[144341->144340]>, "\0\0\0\tg", 5 <unfinished ...>
27401<sshd-auth> 22:19:14 <... read resumed>, "\0\0\0\t", 4) = 4
27397<sshd-session> 22:19:14 <... write resumed>) = 5
27401<sshd-auth> 22:19:14 read(3<UNIX-STREAM:[144340->144341]> <unfinished ...>
27397<sshd-session> 22:19:14 write(9<UNIX-STREAM:[144341->144340]>, "\0\0\0\1\0\0\0\0", 8 <unfinished ...>
27401<sshd-auth> 22:19:14 <... read resumed>, "g", 9) = 1
27397<sshd-session> 22:19:14 <... write resumed>) = 8
27401<sshd-auth> 22:19:14 read(3<UNIX-STREAM:[144340->144341]> <unfinished ...>
27397<sshd-session> 22:19:14 getpid( <unfinished ...>
27401<sshd-auth> 22:19:14 <... read resumed>, "\0\0\0\1\0\0\0\0", 8) = 8
27397<sshd-session> 22:19:14 <... getpid resumed>) = 27397<sshd-session>
27401<sshd-auth> 22:19:14 write(5<TCP:[127.0.0.1:22->127.0.0.1:60704]>, "\0\0\0\20{\354\267j\220x\222\23lW\226\0215\10\10^4\335Iw\355\4\t;\213\371\320\303"..., 36 <unfinished ...>
27397<sshd-session> 22:19:14 getpid()   = 27397<sshd-session>
27401<sshd-auth> 22:19:14 <... write resumed>) = 36
27397<sshd-session> 22:19:14 openat(AT_FDCWD</>, "/etc/localtime", O_RDONLY|O_CLOEXEC <unfinished ...>
27401<sshd-auth> 22:19:14 write(3<UNIX-STREAM:[144340->144341]>, "\0\0\5\201\32", 5 <unfinished ...>
27397<sshd-session> 22:19:14 <... openat resumed>) = 8</usr/share/zoneinfo/America/New_York>
27401<sshd-auth> 22:19:14 <... write resumed>) = 5
27397<sshd-session> 22:19:14 fstat(8</usr/share/zoneinfo/America/New_York> <unfinished ...>
27401<sshd-auth> 22:19:14 write(3<UNIX-STREAM:[144340->144341]>, "\0\0\0 \0\0\0\vssh-ed25519\0\0\0\2\377\377\377\377\0\0\0\v\0"..., 1408 <unfinished ...>
27397<sshd-session> 22:19:14 <... fstat resumed>, {st_mode=S_IFREG|0644, st_size=3552, ...}) = 0
27401<sshd-auth> 22:19:14 <... write resumed>) = 1408
27397<sshd-session> 22:19:14 fstat(8</usr/share/zoneinfo/America/New_York> <unfinished ...>
27401<sshd-auth> 22:19:14 getuid( <unfinished ...>
27397<sshd-session> 22:19:14 <... fstat resumed>, {st_mode=S_IFREG|0644, st_size=3552, ...}) = 0
27401<sshd-auth> 22:19:14 <... getuid resumed>) = 74
27397<sshd-session> 22:19:14 read(8</usr/share/zoneinfo/America/New_York> <unfinished ...>
27401<sshd-auth> 22:19:14 getpid( <unfinished ...>
27397<sshd-session> 22:19:14 <... read resumed>, "TZif2\0\0\0\0\0\0\0\0\0\0\0\0\0\0\0\0\0\0\6\0\0\0\6\0\0\0\0"..., 4096) = 3552
27401<sshd-auth> 22:19:14 <... getpid resumed>) = 27401<sshd-auth>
27397<sshd-session> 22:19:14 lseek(8</usr/share/zoneinfo/America/New_York>, -2260, SEEK_CUR <unfinished ...>
27401<sshd-auth> 22:19:14 write(3<UNIX-STREAM:[144340->144341]>, "\0\0\0\25z", 5 <unfinished ...>
27397<sshd-session> 22:19:14 <... lseek resumed>) = 1292
27401<sshd-auth> 22:19:14 <... write resumed>) = 5
27397<sshd-session> 22:19:14 read(8</usr/share/zoneinfo/America/New_York> <unfinished ...>
27401<sshd-auth> 22:19:14 write(3<UNIX-STREAM:[144340->144341]>, "\0\0\0\2\0\0\0\0\0\0k\t\0\0\0\0\0\0\0J", 20 <unfinished ...>
27397<sshd-session> 22:19:14 <... read resumed>, "TZif2\0\0\0\0\0\0\0\0\0\0\0\0\0\0\0\0\0\0\6\0\0\0\6\0\0\0\0"..., 4096) = 2260
27401<sshd-auth> 22:19:14 <... write resumed>) = 20
27401<sshd-auth> 22:19:14 read(3<UNIX-STREAM:[144340->144341]> <unfinished ...>
27397<sshd-session> 22:19:14 lseek(8</usr/share/zoneinfo/America/New_York>, 3551, SEEK_SET) = 3551
27397<sshd-session> 22:19:14 close(8</usr/share/zoneinfo/America/New_York>) = 0
27397<sshd-session> 22:19:14 socket(AF_UNIX, SOCK_DGRAM|SOCK_CLOEXEC, 0) = 8<UNIX:[146670]>
27397<sshd-session> 22:19:14 connect(8<UNIX:[146670]>, {sa_family=AF_UNIX, sun_path="/dev/log"}, 110) = 0
27397<sshd-session> 22:19:14 sendto(8<UNIX:[146670->5211]>, "<86>May  2 22:19:14 sshd-session"..., 102, MSG_NOSIGNAL, NULL, 0) = 102
27397<sshd-session> 22:19:14 close(8<UNIX:[146670->5211]>) = 0
27397<sshd-session> 22:19:14 read(9<UNIX-STREAM:[144341->144340]>, "\0\0\5\201", 4) = 4
27397<sshd-session> 22:19:14 read(9<UNIX-STREAM:[144341->144340]>, "\32\0\0\0 \0\0\0\vssh-ed25519\0\0\0\2\377\377\377\377\0\0\0\v"..., 1409) = 1409
27397<sshd-session> 22:19:14 read(9<UNIX-STREAM:[144341->144340]>, "\0\0\0\25", 4) = 4
27397<sshd-session> 22:19:14 read(9<UNIX-STREAM:[144341->144340]>, "z\0\0\0\2\0\0\0\0\0\0k\t\0\0\0\0\0\0\0J", 21) = 21
27397<sshd-session> 22:19:14 getsockname(7<TCP:[127.0.0.1:22->127.0.0.1:60704]>, {sa_family=AF_INET, sin_port=htons(22), sin_addr=inet_addr("127.0.0.1")}, [128 => 16]) = 0
27397<sshd-session> 22:19:14 socket(AF_NETLINK, SOCK_RAW|SOCK_CLOEXEC, NETLINK_AUDIT) = 8<NETLINK:[146671]>
27397<sshd-session> 22:19:14 ioctl(0</dev/null<char 1:3>>, TCGETS2, 0x7fffd551d060) = -1 ENOTTY (Inappropriate ioctl for device)
27397<sshd-session> 22:19:14 ioctl(1</dev/null<char 1:3>>, TCGETS2, 0x7fffd551d060) = -1 ENOTTY (Inappropriate ioctl for device)
27397<sshd-session> 22:19:14 ioctl(2</dev/null<char 1:3>>, TCGETS2, 0x7fffd551d060) = -1 ENOTTY (Inappropriate ioctl for device)
27397<sshd-session> 22:19:14 sendto(8<NETLINK:[146671]>, [{nlmsg_len=208, nlmsg_type=0x964 /* NLMSG_??? */, nlmsg_flags=NLM_F_REQUEST|NLM_F_ACK, nlmsg_seq=5, nlmsg_pid=0}, "\x6f\x70\x3d\x64\x65\x73\x74\x72\x6f\x79\x20\x6b\x69\x6e\x64\x3d\x73\x65\x73\x73\x69\x6f\x6e\x20\x66\x70\x3d\x3f\x20\x64\x69\x72"...], 208, 0, {sa_family=AF_NETLINK, nl_pid=0, nl_groups=00000000}, 12) = 208
27397<sshd-session> 22:19:14 poll([{fd=8<NETLINK:[AUDIT:27397]>, events=POLLIN}], 1, 500) = 1 ([{fd=8, revents=POLLIN}])
27397<sshd-session> 22:19:14 recvfrom(8<NETLINK:[AUDIT:27397]>, [{nlmsg_len=36, nlmsg_type=NLMSG_ERROR, nlmsg_flags=NLM_F_CAPPED, nlmsg_seq=5, nlmsg_pid=27397<sshd-session>}, {error=0, msg={nlmsg_len=208, nlmsg_type=0x964 /* AUDIT_??? */, nlmsg_flags=NLM_F_REQUEST|NLM_F_ACK, nlmsg_seq=5, nlmsg_pid=0}}], 8988, MSG_PEEK|MSG_DONTWAIT, {sa_family=AF_NETLINK, nl_pid=0, nl_groups=00000000}, [12]) = 36
27397<sshd-session> 22:19:14 recvfrom(8<NETLINK:[AUDIT:27397]>, [{nlmsg_len=36, nlmsg_type=NLMSG_ERROR, nlmsg_flags=NLM_F_CAPPED, nlmsg_seq=5, nlmsg_pid=27397<sshd-session>}, {error=0, msg={nlmsg_len=208, nlmsg_type=0x964 /* AUDIT_??? */, nlmsg_flags=NLM_F_REQUEST|NLM_F_ACK, nlmsg_seq=5, nlmsg_pid=0}}], 8988, MSG_DONTWAIT, {sa_family=AF_NETLINK, nl_pid=0, nl_groups=00000000}, [12]) = 36
27397<sshd-session> 22:19:14 close(8<NETLINK:[AUDIT:27397]>) = 0
27397<sshd-session> 22:19:14 write(9<UNIX-STREAM:[144341->144340]>, "\0\0\0\1{", 5) = 5
27401<sshd-auth> 22:19:14 <... read resumed>, "\0\0\0\1", 4) = 4
27397<sshd-session> 22:19:14 read(10<pipe:[144342]> <unfinished ...>
27401<sshd-auth> 22:19:14 read(3<UNIX-STREAM:[144340->144341]>, "{", 1) = 1
27401<sshd-auth> 22:19:14 exit_group(0) = ?
27397<sshd-session> 22:19:14 <... read resumed>, "", 4) = 0
27401<sshd-auth> 22:19:14 +++ exited with 0 +++
27397<sshd-session> 22:19:14 --- SIGCHLD {si_signo=SIGCHLD, si_code=CLD_EXITED, si_pid=27401<sshd-auth>, si_uid=74, si_status=0, si_utime=0, si_stime=1 /* 0.01 s */} ---
27397<sshd-session> 22:19:14 close(10<pipe:[144342]>) = 0
27397<sshd-session> 22:19:14 wait4(27401<sshd-auth>, [{WIFEXITED(s) && WEXITSTATUS(s) == 0}], 0, NULL) = 27401
27397<sshd-session> 22:19:14 setitimer(ITIMER_REAL, {it_interval={tv_sec=0, tv_usec=0}, it_value={tv_sec=0, tv_usec=0}}, NULL) = 0
27397<sshd-session> 22:19:14 rt_sigaction(SIGALRM, {sa_handler=SIG_DFL, sa_mask=~[RTMIN RT_1], sa_flags=SA_RESTORER, sa_restorer=0x7f26d581f5b0}, {sa_handler=0x55dff716d780, sa_mask=~[KILL STOP RTMIN RT_1], sa_flags=SA_RESTORER, sa_restorer=0x7f26d581f5b0}, 8) = 0
27397<sshd-session> 22:19:14 write(6<UNIX-STREAM:[144337->144336]>, "\1", 1) = 1
26182<sshd> 22:19:14 <... ppoll resumed>) = 1 ([{fd=9, revents=POLLIN}])
27397<sshd-session> 22:19:14 close(6<UNIX-STREAM:[144337->144336]> <unfinished ...>
26182<sshd> 22:19:14 rt_sigprocmask(SIG_SETMASK, [] <unfinished ...>
27397<sshd-session> 22:19:14 <... close resumed>) = 0
26182<sshd> 22:19:14 <... rt_sigprocmask resumed>, NULL, 8) = 0
27397<sshd-session> 22:19:14 geteuid( <unfinished ...>
26182<sshd> 22:19:14 read(9<UNIX-STREAM:[144336->144337]> <unfinished ...>
27397<sshd-session> 22:19:14 <... geteuid resumed>) = 0
26182<sshd> 22:19:14 <... read resumed>, "\1", 1) = 1
27397<sshd-session> 22:19:14 getegid( <unfinished ...>
26182<sshd> 22:19:14 close(9<UNIX-STREAM:[144336->144337]> <unfinished ...>
27397<sshd-session> 22:19:14 <... getegid resumed>) = 0
26182<sshd> 22:19:14 <... close resumed>) = 0
27397<sshd-session> 22:19:14 getgroups(0 <unfinished ...>
26182<sshd> 22:19:14 rt_sigprocmask(SIG_BLOCK, [HUP QUIT TERM CHLD] <unfinished ...>
27397<sshd-session> 22:19:14 <... getgroups resumed>, NULL) = 0
26182<sshd> 22:19:14 <... rt_sigprocmask resumed>, [], 8) = 0
27397<sshd-session> 22:19:14 openat(AT_FDCWD</>, "/proc/sys/kernel/ngroups_max", O_RDONLY|O_CLOEXEC <unfinished ...>
26182<sshd> 22:19:14 ppoll([{fd=6<TCP:[0.0.0.0:22]>, events=POLLIN}, {fd=7<TCPv6:[[::]:22]>, events=POLLIN}], 2, NULL, [], 8 <unfinished ...>
27397<sshd-session> 22:19:14 <... openat resumed>) = 6</proc/sys/kernel/ngroups_max>
27397<sshd-session> 22:19:14 read(6</proc/sys/kernel/ngroups_max>, "65536\n", 31) = 6
27397<sshd-session> 22:19:14 close(6</proc/sys/kernel/ngroups_max>) = 0
27397<sshd-session> 22:19:14 newfstatat(AT_FDCWD</>, "/etc/nsswitch.conf", {st_mode=S_IFREG|0644, st_size=687, ...}, 0) = 0
27397<sshd-session> 22:19:14 newfstatat(AT_FDCWD</>, "/etc/nsswitch.conf", {st_mode=S_IFREG|0644, st_size=687, ...}, 0) = 0
27397<sshd-session> 22:19:14 openat(AT_FDCWD</>, "/etc/group", O_RDONLY|O_CLOEXEC) = 6</etc/group>
27397<sshd-session> 22:19:14 fstat(6</etc/group>, {st_mode=S_IFREG|0644, st_size=1211, ...}) = 0
27397<sshd-session> 22:19:14 lseek(6</etc/group>, 0, SEEK_SET) = 0
27397<sshd-session> 22:19:14 read(6</etc/group>, "root:x:0:\nsys:x:3:\nadm:x:4:\ntty:"..., 4096) = 1211
27397<sshd-session> 22:19:14 read(6</etc/group>, "", 4096) = 0
27397<sshd-session> 22:19:14 close(6</etc/group>) = 0
27397<sshd-session> 22:19:14 openat(AT_FDCWD</>, "/etc/ld.so.cache", O_RDONLY|O_CLOEXEC) = 6</etc/ld.so.cache>
27397<sshd-session> 22:19:14 fstat(6</etc/ld.so.cache>, {st_mode=S_IFREG|0644, st_size=74499, ...}) = 0
27397<sshd-session> 22:19:14 mmap(NULL, 74499, PROT_READ, MAP_PRIVATE, 6</etc/ld.so.cache>, 0) = 0x7f26d55a0000
27397<sshd-session> 22:19:14 close(6</etc/ld.so.cache>) = 0
27397<sshd-session> 22:19:14 openat(AT_FDCWD</>, "/lib64/libnss_systemd.so.2", O_RDONLY|O_CLOEXEC) = 6</usr/lib64/libnss_systemd.so.2>
27397<sshd-session> 22:19:14 read(6</usr/lib64/libnss_systemd.so.2>, "\177ELF\2\1\1\0\0\0\0\0\0\0\0\0\3\0>\0\1\0\0\0\0\0\0\0\0\0\0\0"..., 832) = 832
27397<sshd-session> 22:19:14 fstat(6</usr/lib64/libnss_systemd.so.2>, {st_mode=S_IFREG|0755, st_size=482848, ...}) = 0
27397<sshd-session> 22:19:14 mmap(NULL, 473760, PROT_READ|PROT_EXEC, MAP_PRIVATE|MAP_DENYWRITE, 6</usr/lib64/libnss_systemd.so.2>, 0) = 0x7f26d539a000
27397<sshd-session> 22:19:14 mmap(0x7f26d53eb000, 114688, PROT_READ, MAP_PRIVATE|MAP_FIXED|MAP_DENYWRITE, 6</usr/lib64/libnss_systemd.so.2>, 0x51000) = 0x7f26d53eb000
27397<sshd-session> 22:19:14 mmap(0x7f26d5407000, 28672, PROT_READ|PROT_WRITE, MAP_PRIVATE|MAP_FIXED|MAP_DENYWRITE, 6</usr/lib64/libnss_systemd.so.2>, 0x6d000) = 0x7f26d5407000
27397<sshd-session> 22:19:14 close(6</usr/lib64/libnss_systemd.so.2>) = 0
27397<sshd-session> 22:19:14 mprotect(0x7f26d5407000, 24576, PROT_READ) = 0
27397<sshd-session> 22:19:14 munmap(0x7f26d55a0000, 74499) = 0
27397<sshd-session> 22:19:14 futex(0x7f26d540da58, FUTEX_WAKE_PRIVATE, 2147483647) = 0
27397<sshd-session> 22:19:14 rt_sigprocmask(SIG_BLOCK, [HUP USR1 USR2 PIPE ALRM CHLD TSTP URG VTALRM PROF WINCH IO], [], 8) = 0
27397<sshd-session> 22:19:14 openat(AT_FDCWD</>, "/run/systemd/userdb/", O_RDONLY|O_NONBLOCK|O_CLOEXEC|O_DIRECTORY) = 6</run/systemd/userdb>
27397<sshd-session> 22:19:14 fstat(6</run/systemd/userdb>, {st_mode=S_IFDIR|0755, st_size=180, ...}) = 0
27397<sshd-session> 22:19:14 getdents64(6</run/systemd/userdb>, 0x55e030763f70 /* 9 entries */, 32768) = 360
27397<sshd-session> 22:19:14 socket(AF_UNIX, SOCK_STREAM|SOCK_CLOEXEC|SOCK_NONBLOCK, 0) = 8<UNIX-STREAM:[145204]>
27397<sshd-session> 22:19:14 connect(8<UNIX-STREAM:[145204]>, {sa_family=AF_UNIX, sun_path="/run/systemd/userdb/io.systemd.DynamicUser"}, 45) = 0
27397<sshd-session> 22:19:14 futex(0x7f26d540da98, FUTEX_WAKE_PRIVATE, 2147483647) = 0
27397<sshd-session> 22:19:14 getpid()   = 27397<sshd-session>
27397<sshd-session> 22:19:14 epoll_create1(EPOLL_CLOEXEC) = 10<anon_inode:[eventpoll]>
27397<sshd-session> 22:19:14 timerfd_create(CLOCK_MONOTONIC, TFD_CLOEXEC|TFD_NONBLOCK) = 11<anon_inode:[timerfd]>
27397<sshd-session> 22:19:14 epoll_ctl(10<anon_inode:[eventpoll]>, EPOLL_CTL_ADD, 11<anon_inode:[timerfd]>, {events=EPOLLIN, data=0x55e03075f730}) = 0
27397<sshd-session> 22:19:14 epoll_ctl(10<anon_inode:[eventpoll]>, EPOLL_CTL_ADD, 8<UNIX-STREAM:[145204->146672]>, {events=0, data=0x55e0307499a0}) = 0
27397<sshd-session> 22:19:14 brk(0x55e03078e000) = 0x55e03078e000
27397<sshd-session> 22:19:14 brk(0x55e03078d000) = 0x55e03078d000
27397<sshd-session> 22:19:14 futex(0x7f26d540da74, FUTEX_WAKE_PRIVATE, 2147483647) = 0
27397<sshd-session> 22:19:14 socket(AF_UNIX, SOCK_STREAM|SOCK_CLOEXEC|SOCK_NONBLOCK, 0) = 12<UNIX-STREAM:[145205]>
27397<sshd-session> 22:19:14 connect(12<UNIX-STREAM:[145205]>, {sa_family=AF_UNIX, sun_path="/run/systemd/userdb/org.gnome.DisplayManager"}, 47) = 0
27397<sshd-session> 22:19:14 epoll_ctl(10<anon_inode:[eventpoll]>, EPOLL_CTL_ADD, 12<UNIX-STREAM:[145205->144374]>, {events=0, data=0x55e0306f40a0}) = 0
27397<sshd-session> 22:19:14 socket(AF_UNIX, SOCK_STREAM|SOCK_CLOEXEC|SOCK_NONBLOCK, 0) = 13<UNIX-STREAM:[145206]>
27397<sshd-session> 22:19:14 connect(13<UNIX-STREAM:[145206]>, {sa_family=AF_UNIX, sun_path="/run/systemd/userdb/io.systemd.Machine"}, 41) = 0
27397<sshd-session> 22:19:14 epoll_ctl(10<anon_inode:[eventpoll]>, EPOLL_CTL_ADD, 13<UNIX-STREAM:[145206->145775]>, {events=0, data=0x55e03075b100}) = 0
27397<sshd-session> 22:19:14 socket(AF_UNIX, SOCK_STREAM|SOCK_CLOEXEC|SOCK_NONBLOCK, 0) = 14<UNIX-STREAM:[145207]>
27397<sshd-session> 22:19:14 connect(14<UNIX-STREAM:[145207]>, {sa_family=AF_UNIX, sun_path="/run/systemd/userdb/io.systemd.Home"}, 38) = 0
27397<sshd-session> 22:19:14 epoll_ctl(10<anon_inode:[eventpoll]>, EPOLL_CTL_ADD, 14<UNIX-STREAM:[145207->144375]>, {events=0, data=0x55e030762e00}) = 0
27397<sshd-session> 22:19:14 socket(AF_UNIX, SOCK_STREAM|SOCK_CLOEXEC|SOCK_NONBLOCK, 0) = 15<UNIX-STREAM:[145208]>
27397<sshd-session> 22:19:14 connect(15<UNIX-STREAM:[145208]>, {sa_family=AF_UNIX, sun_path="/run/systemd/userdb/io.systemd.DropIn"}, 40) = 0
27397<sshd-session> 22:19:14 epoll_ctl(10<anon_inode:[eventpoll]>, EPOLL_CTL_ADD, 15<UNIX-STREAM:[145208->146583]>, {events=0, data=0x55e03073cae0}) = 0
27397<sshd-session> 22:19:14 getdents64(6</run/systemd/userdb>, 0x55e030763f70 /* 0 entries */, 32768) = 0
27397<sshd-session> 22:19:14 close(6</run/systemd/userdb>) = 0
27397<sshd-session> 22:19:14 epoll_ctl(10<anon_inode:[eventpoll]>, EPOLL_CTL_MOD, 8<UNIX-STREAM:[145204->146672]>, {events=EPOLLIN|EPOLLOUT, data=0x55e0307499a0}) = 0
27397<sshd-session> 22:19:14 epoll_ctl(10<anon_inode:[eventpoll]>, EPOLL_CTL_MOD, 12<UNIX-STREAM:[145205->144374]>, {events=EPOLLIN|EPOLLOUT, data=0x55e0306f40a0}) = 0
27397<sshd-session> 22:19:14 epoll_ctl(10<anon_inode:[eventpoll]>, EPOLL_CTL_MOD, 14<UNIX-STREAM:[145207->144375]>, {events=EPOLLIN|EPOLLOUT, data=0x55e030762e00}) = 0
27397<sshd-session> 22:19:14 epoll_ctl(10<anon_inode:[eventpoll]>, EPOLL_CTL_MOD, 15<UNIX-STREAM:[145208->146583]>, {events=EPOLLIN|EPOLLOUT, data=0x55e03073cae0}) = 0
27397<sshd-session> 22:19:14 epoll_ctl(10<anon_inode:[eventpoll]>, EPOLL_CTL_MOD, 13<UNIX-STREAM:[145206->145775]>, {events=EPOLLIN|EPOLLOUT, data=0x55e03075b100}) = 0
27397<sshd-session> 22:19:14 openat(AT_FDCWD</>, "/proc/sys/kernel/random/boot_id", O_RDONLY|O_NOCTTY|O_CLOEXEC) = 6</proc/sys/kernel/random/boot_id>
27397<sshd-session> 22:19:14 read(6</proc/sys/kernel/random/boot_id>, "7a4a98d1-18e4-484f-8c1a-f3607c4d"..., 38) = 37
27397<sshd-session> 22:19:14 read(6</proc/sys/kernel/random/boot_id>, "", 1) = 0
27397<sshd-session> 22:19:14 close(6</proc/sys/kernel/random/boot_id>) = 0
27397<sshd-session> 22:19:14 timerfd_settime(11<anon_inode:[timerfd]>, TFD_TIMER_ABSTIME, {it_interval={tv_sec=0, tv_nsec=0}, it_value={tv_sec=11910, tv_nsec=37318000}}, NULL) = 0
27397<sshd-session> 22:19:14 epoll_pwait2(10<anon_inode:[eventpoll]>, [{events=EPOLLOUT, data=0x55e0307499a0}, {events=EPOLLOUT, data=0x55e0306f40a0}, {events=EPOLLOUT, data=0x55e030762e00}, {events=EPOLLOUT, data=0x55e03073cae0}, {events=EPOLLOUT, data=0x55e03075b100}], 40, {tv_sec=0, tv_nsec=0}, NULL, 8) = 5
27397<sshd-session> 22:19:14 sendto(8<UNIX-STREAM:[145204->146672]>, "{\"method\":\"io.systemd.UserDataba"..., 136, MSG_DONTWAIT|MSG_NOSIGNAL, NULL, 0) = 136
27397<sshd-session> 22:19:14 epoll_ctl(10<anon_inode:[eventpoll]>, EPOLL_CTL_MOD, 8<UNIX-STREAM:[145204->146672]>, {events=EPOLLIN, data=0x55e0307499a0}) = 0
27397<sshd-session> 22:19:14 epoll_pwait2(10<anon_inode:[eventpoll]>, [{events=EPOLLIN, data=0x55e0307499a0}, {events=EPOLLOUT, data=0x55e0306f40a0}, {events=EPOLLOUT, data=0x55e030762e00}, {events=EPOLLOUT, data=0x55e03073cae0}, {events=EPOLLOUT, data=0x55e03075b100}], 40, {tv_sec=0, tv_nsec=0}, NULL, 8) = 5
27397<sshd-session> 22:19:14 sendto(12<UNIX-STREAM:[145205->144374]>, "{\"method\":\"io.systemd.UserDataba"..., 138, MSG_DONTWAIT|MSG_NOSIGNAL, NULL, 0) = 138
27397<sshd-session> 22:19:14 epoll_ctl(10<anon_inode:[eventpoll]>, EPOLL_CTL_MOD, 12<UNIX-STREAM:[145205->144374]>, {events=EPOLLIN, data=0x55e0306f40a0}) = 0
27397<sshd-session> 22:19:14 epoll_pwait2(10<anon_inode:[eventpoll]>, [{events=EPOLLIN, data=0x55e0307499a0}, {events=EPOLLIN, data=0x55e0306f40a0}, {events=EPOLLOUT, data=0x55e030762e00}, {events=EPOLLOUT, data=0x55e03073cae0}, {events=EPOLLOUT, data=0x55e03075b100}], 40, {tv_sec=0, tv_nsec=0}, NULL, 8) = 5
27397<sshd-session> 22:19:14 sendto(14<UNIX-STREAM:[145207->144375]>, "{\"method\":\"io.systemd.UserDataba"..., 129, MSG_DONTWAIT|MSG_NOSIGNAL, NULL, 0) = 129
27397<sshd-session> 22:19:14 epoll_ctl(10<anon_inode:[eventpoll]>, EPOLL_CTL_MOD, 14<UNIX-STREAM:[145207->144375]>, {events=EPOLLIN, data=0x55e030762e00}) = 0
27397<sshd-session> 22:19:14 epoll_pwait2(10<anon_inode:[eventpoll]>, [{events=EPOLLIN, data=0x55e0307499a0}, {events=EPOLLIN, data=0x55e0306f40a0}, {events=EPOLLIN, data=0x55e030762e00}, {events=EPOLLOUT, data=0x55e03073cae0}, {events=EPOLLOUT, data=0x55e03075b100}], 40, {tv_sec=0, tv_nsec=0}, NULL, 8) = 5
27397<sshd-session> 22:19:14 sendto(15<UNIX-STREAM:[145208->146583]>, "{\"method\":\"io.systemd.UserDataba"..., 131, MSG_DONTWAIT|MSG_NOSIGNAL, NULL, 0) = 131
27397<sshd-session> 22:19:14 epoll_ctl(10<anon_inode:[eventpoll]>, EPOLL_CTL_MOD, 15<UNIX-STREAM:[145208->146583]>, {events=EPOLLIN, data=0x55e03073cae0}) = 0
27397<sshd-session> 22:19:14 epoll_pwait2(10<anon_inode:[eventpoll]>, [{events=EPOLLIN, data=0x55e0307499a0}, {events=EPOLLIN, data=0x55e0306f40a0}, {events=EPOLLIN, data=0x55e030762e00}, {events=EPOLLOUT, data=0x55e03075b100}], 40, {tv_sec=0, tv_nsec=0}, NULL, 8) = 4
27397<sshd-session> 22:19:14 sendto(13<UNIX-STREAM:[145206->145775]>, "{\"method\":\"io.systemd.UserDataba"..., 132, MSG_DONTWAIT|MSG_NOSIGNAL, NULL, 0) = 132
27397<sshd-session> 22:19:14 epoll_ctl(10<anon_inode:[eventpoll]>, EPOLL_CTL_MOD, 13<UNIX-STREAM:[145206->145775]>, {events=EPOLLIN, data=0x55e03075b100}) = 0
27397<sshd-session> 22:19:14 epoll_pwait2(10<anon_inode:[eventpoll]>, [{events=EPOLLIN, data=0x55e0307499a0}, {events=EPOLLIN, data=0x55e0306f40a0}, {events=EPOLLIN, data=0x55e030762e00}, {events=EPOLLIN, data=0x55e03075b100}, {events=EPOLLIN, data=0x55e03073cae0}], 40, {tv_sec=0, tv_nsec=0}, NULL, 8) = 5
27397<sshd-session> 22:19:14 recvfrom(8<UNIX-STREAM:[145204->146672]>, "{\"error\":\"io.systemd.UserDatabas"..., 131080, MSG_DONTWAIT, NULL, NULL) = 50
27397<sshd-session> 22:19:14 epoll_ctl(10<anon_inode:[eventpoll]>, EPOLL_CTL_MOD, 8<UNIX-STREAM:[145204->146672]>, {events=0, data=0x55e0307499a0}) = 0
27397<sshd-session> 22:19:14 epoll_pwait2(10<anon_inode:[eventpoll]>, [{events=EPOLLIN, data=0x55e0306f40a0}, {events=EPOLLIN, data=0x55e030762e00}, {events=EPOLLIN, data=0x55e03075b100}, {events=EPOLLIN, data=0x55e03073cae0}], 40, {tv_sec=0, tv_nsec=0}, NULL, 8) = 4
27397<sshd-session> 22:19:14 mmap(NULL, 135168, PROT_READ|PROT_WRITE, MAP_PRIVATE|MAP_ANONYMOUS, -1, 0) = 0x7f26d5379000
27397<sshd-session> 22:19:14 recvfrom(12<UNIX-STREAM:[145205->144374]>, "{\"error\":\"io.systemd.UserDatabas"..., 135144, MSG_DONTWAIT, NULL, NULL) = 50
27397<sshd-session> 22:19:14 epoll_ctl(10<anon_inode:[eventpoll]>, EPOLL_CTL_MOD, 12<UNIX-STREAM:[145205->144374]>, {events=0, data=0x55e0306f40a0}) = 0
27397<sshd-session> 22:19:14 epoll_pwait2(10<anon_inode:[eventpoll]>, [{events=EPOLLIN, data=0x55e030762e00}, {events=EPOLLIN, data=0x55e03075b100}, {events=EPOLLIN, data=0x55e03073cae0}], 40, {tv_sec=0, tv_nsec=0}, NULL, 8) = 3
27397<sshd-session> 22:19:14 mmap(NULL, 135168, PROT_READ|PROT_WRITE, MAP_PRIVATE|MAP_ANONYMOUS, -1, 0) = 0x7f26d5358000
27397<sshd-session> 22:19:14 recvfrom(14<UNIX-STREAM:[145207->144375]>, "{\"error\":\"io.systemd.UserDatabas"..., 135144, MSG_DONTWAIT, NULL, NULL) = 50
27397<sshd-session> 22:19:14 epoll_ctl(10<anon_inode:[eventpoll]>, EPOLL_CTL_MOD, 14<UNIX-STREAM:[145207->144375]>, {events=0, data=0x55e030762e00}) = 0
27397<sshd-session> 22:19:14 epoll_pwait2(10<anon_inode:[eventpoll]>, [{events=EPOLLIN, data=0x55e03075b100}, {events=EPOLLIN, data=0x55e03073cae0}], 40, {tv_sec=0, tv_nsec=0}, NULL, 8) = 2
27397<sshd-session> 22:19:14 mmap(NULL, 135168, PROT_READ|PROT_WRITE, MAP_PRIVATE|MAP_ANONYMOUS, -1, 0) = 0x7f26d5337000
27397<sshd-session> 22:19:14 recvfrom(15<UNIX-STREAM:[145208->146583]>, "{\"error\":\"io.systemd.UserDatabas"..., 135144, MSG_DONTWAIT, NULL, NULL) = 50
27397<sshd-session> 22:19:14 epoll_ctl(10<anon_inode:[eventpoll]>, EPOLL_CTL_MOD, 15<UNIX-STREAM:[145208->146583]>, {events=0, data=0x55e03073cae0}) = 0
27397<sshd-session> 22:19:14 epoll_pwait2(10<anon_inode:[eventpoll]>, [{events=EPOLLIN, data=0x55e03075b100}], 40, {tv_sec=0, tv_nsec=0}, NULL, 8) = 1
27397<sshd-session> 22:19:14 mmap(NULL, 135168, PROT_READ|PROT_WRITE, MAP_PRIVATE|MAP_ANONYMOUS, -1, 0) = 0x7f26d5316000
27397<sshd-session> 22:19:14 recvfrom(13<UNIX-STREAM:[145206->145775]>, "{\"error\":\"io.systemd.UserDatabas"..., 135144, MSG_DONTWAIT, NULL, NULL) = 50
27397<sshd-session> 22:19:14 epoll_ctl(10<anon_inode:[eventpoll]>, EPOLL_CTL_MOD, 13<UNIX-STREAM:[145206->145775]>, {events=0, data=0x55e03075b100}) = 0
27397<sshd-session> 22:19:14 epoll_pwait2(10<anon_inode:[eventpoll]>, [], 40, {tv_sec=0, tv_nsec=0}, NULL, 8) = 0
27397<sshd-session> 22:19:14 epoll_pwait2(10<anon_inode:[eventpoll]>, [], 40, {tv_sec=0, tv_nsec=0}, NULL, 8) = 0
27397<sshd-session> 22:19:14 epoll_pwait2(10<anon_inode:[eventpoll]>, [], 40, {tv_sec=0, tv_nsec=0}, NULL, 8) = 0
27397<sshd-session> 22:19:14 epoll_pwait2(10<anon_inode:[eventpoll]>, [], 40, {tv_sec=0, tv_nsec=0}, NULL, 8) = 0
27397<sshd-session> 22:19:14 epoll_pwait2(10<anon_inode:[eventpoll]>, [], 40, {tv_sec=0, tv_nsec=0}, NULL, 8) = 0
27397<sshd-session> 22:19:14 epoll_pwait2(10<anon_inode:[eventpoll]>, [], 40, {tv_sec=0, tv_nsec=0}, NULL, 8) = 0
27397<sshd-session> 22:19:14 epoll_ctl(10<anon_inode:[eventpoll]>, EPOLL_CTL_DEL, 8<UNIX-STREAM:[145204->146672]>, NULL) = 0
27397<sshd-session> 22:19:14 close(8<UNIX-STREAM:[145204->146672]>) = 0
27397<sshd-session> 22:19:14 epoll_pwait2(10<anon_inode:[eventpoll]>, [], 40, {tv_sec=0, tv_nsec=0}, NULL, 8) = 0
27397<sshd-session> 22:19:14 epoll_ctl(10<anon_inode:[eventpoll]>, EPOLL_CTL_DEL, 12<UNIX-STREAM:[145205->144374]>, NULL) = 0
27397<sshd-session> 22:19:14 close(12<UNIX-STREAM:[145205->144374]>) = 0
27397<sshd-session> 22:19:14 munmap(0x7f26d5379000, 135168) = 0
27397<sshd-session> 22:19:14 epoll_pwait2(10<anon_inode:[eventpoll]>, [], 40, {tv_sec=0, tv_nsec=0}, NULL, 8) = 0
27397<sshd-session> 22:19:14 epoll_ctl(10<anon_inode:[eventpoll]>, EPOLL_CTL_DEL, 14<UNIX-STREAM:[145207->144375]>, NULL) = 0
27397<sshd-session> 22:19:14 close(14<UNIX-STREAM:[145207->144375]>) = 0
27397<sshd-session> 22:19:14 munmap(0x7f26d5358000, 135168) = 0
27397<sshd-session> 22:19:14 epoll_pwait2(10<anon_inode:[eventpoll]>, [], 40, {tv_sec=0, tv_nsec=0}, NULL, 8) = 0
27397<sshd-session> 22:19:14 epoll_ctl(10<anon_inode:[eventpoll]>, EPOLL_CTL_DEL, 15<UNIX-STREAM:[145208->146583]>, NULL) = 0
27397<sshd-session> 22:19:14 close(15<UNIX-STREAM:[145208->146583]>) = 0
27397<sshd-session> 22:19:14 munmap(0x7f26d5337000, 135168) = 0
27397<sshd-session> 22:19:14 epoll_pwait2(10<anon_inode:[eventpoll]>, [], 40, {tv_sec=0, tv_nsec=0}, NULL, 8) = 0
27397<sshd-session> 22:19:14 epoll_ctl(10<anon_inode:[eventpoll]>, EPOLL_CTL_DEL, 13<UNIX-STREAM:[145206->145775]>, NULL) = 0
27397<sshd-session> 22:19:14 close(13<UNIX-STREAM:[145206->145775]>) = 0
27397<sshd-session> 22:19:14 munmap(0x7f26d5316000, 135168) = 0
27397<sshd-session> 22:19:14 rt_sigprocmask(SIG_SETMASK, [], NULL, 8) = 0
27397<sshd-session> 22:19:14 close(10<anon_inode:[eventpoll]>) = 0
27397<sshd-session> 22:19:14 close(11<anon_inode:[timerfd]>) = 0
27397<sshd-session> 22:19:14 setgroups(2, [1000, 10]) = 0
27397<sshd-session> 22:19:14 getgroups(0, NULL) = 2
27397<sshd-session> 22:19:14 getgroups(2, [10, 1000]) = 2
27397<sshd-session> 22:19:14 setgroups(2, [10, 1000]) = 0
27397<sshd-session> 22:19:14 setresgid(-1, 1000, -1) = 0
27397<sshd-session> 22:19:14 setresuid(-1, 1000, -1) = 0
27397<sshd-session> 22:19:14 setresuid(-1, 0, -1) = 0
27397<sshd-session> 22:19:14 setresgid(-1, 0, -1) = 0
27397<sshd-session> 22:19:14 setgroups(0, NULL) = 0
27397<sshd-session> 22:19:14 newfstatat(AT_FDCWD</>, "/etc/security//pam_env.conf", {st_mode=S_IFREG|0644, st_size=2971, ...}, AT_SYMLINK_NOFOLLOW) = 0
27397<sshd-session> 22:19:14 openat(AT_FDCWD</>, "/etc/security//pam_env.conf", O_RDONLY|O_CLOEXEC) = 6</etc/security/pam_env.conf>
27397<sshd-session> 22:19:14 fstat(6</etc/security/pam_env.conf>, {st_mode=S_IFREG|0644, st_size=2971, ...}) = 0
27397<sshd-session> 22:19:14 read(6</etc/security/pam_env.conf>, "#\n# This is the configuration fi"..., 4096) = 2971
27397<sshd-session> 22:19:14 read(6</etc/security/pam_env.conf>, "", 4096) = 0
27397<sshd-session> 22:19:14 close(6</etc/security/pam_env.conf>) = 0
27397<sshd-session> 22:19:14 openat(AT_FDCWD</>, "(null)/pam_env.conf.d", O_RDONLY|O_NONBLOCK|O_CLOEXEC|O_DIRECTORY) = -1 ENOENT (No such file or directory)
27397<sshd-session> 22:19:14 openat(AT_FDCWD</>, "/etc/security//pam_env.conf.d", O_RDONLY|O_NONBLOCK|O_CLOEXEC|O_DIRECTORY) = -1 ENOENT (No such file or directory)
27397<sshd-session> 22:19:14 newfstatat(AT_FDCWD</>, "/etc//environment", {st_mode=S_IFREG|0644, st_size=0, ...}, AT_SYMLINK_NOFOLLOW) = 0
27397<sshd-session> 22:19:14 openat(AT_FDCWD</>, "/etc//environment", O_RDONLY|O_CLOEXEC) = 6</etc/environment>
27397<sshd-session> 22:19:14 fstat(6</etc/environment>, {st_mode=S_IFREG|0644, st_size=0, ...}) = 0
27397<sshd-session> 22:19:14 read(6</etc/environment>, "", 4096) = 0
27397<sshd-session> 22:19:14 close(6</etc/environment>) = 0
27397<sshd-session> 22:19:14 openat(AT_FDCWD</>, "(null)/environment.d", O_RDONLY|O_NONBLOCK|O_CLOEXEC|O_DIRECTORY) = -1 ENOENT (No such file or directory)
27397<sshd-session> 22:19:14 openat(AT_FDCWD</>, "/etc//environment.d", O_RDONLY|O_NONBLOCK|O_CLOEXEC|O_DIRECTORY) = -1 ENOENT (No such file or directory)
27397<sshd-session> 22:19:14 getuid()   = 0
27397<sshd-session> 22:19:14 newfstatat(AT_FDCWD</>, "/etc/login.defs", {st_mode=S_IFREG|0644, st_size=8888, ...}, AT_SYMLINK_NOFOLLOW) = 0
27397<sshd-session> 22:19:14 openat(AT_FDCWD</>, "/etc/login.defs", O_RDONLY|O_CLOEXEC) = 6</etc/login.defs>
27397<sshd-session> 22:19:14 fstat(6</etc/login.defs>, {st_mode=S_IFREG|0644, st_size=8888, ...}) = 0
27397<sshd-session> 22:19:14 read(6</etc/login.defs>, "#\n# Please note that the paramet"..., 4096) = 4096
27397<sshd-session> 22:19:14 read(6</etc/login.defs>, "ID_MIN                  1000\nUID"..., 4096) = 4096
27397<sshd-session> 22:19:14 read(6</etc/login.defs>, " line length in the\n# group file"..., 4096) = 696
27397<sshd-session> 22:19:14 read(6</etc/login.defs>, "", 4096) = 0
27397<sshd-session> 22:19:14 close(6</etc/login.defs>) = 0
27397<sshd-session> 22:19:14 openat(AT_FDCWD</>, "(null)/login.defs.d", O_RDONLY|O_NONBLOCK|O_CLOEXEC|O_DIRECTORY) = -1 ENOENT (No such file or directory)
27397<sshd-session> 22:19:14 openat(AT_FDCWD</>, "/etc/login.defs.d", O_RDONLY|O_NONBLOCK|O_CLOEXEC|O_DIRECTORY) = -1 ENOENT (No such file or directory)
27397<sshd-session> 22:19:14 socket(AF_NETLINK, SOCK_RAW|SOCK_CLOEXEC, NETLINK_AUDIT) = 6<NETLINK:[145209]>
27397<sshd-session> 22:19:14 socket(AF_NETLINK, SOCK_RAW|SOCK_CLOEXEC, NETLINK_ROUTE) = 8<NETLINK:[145210]>
27397<sshd-session> 22:19:14 bind(8<NETLINK:[145210]>, {sa_family=AF_NETLINK, nl_pid=0, nl_groups=00000000}, 12) = 0
27397<sshd-session> 22:19:14 getsockname(8<NETLINK:[ROUTE:27397]>, {sa_family=AF_NETLINK, nl_pid=27397<sshd-session>, nl_groups=00000000}, [12]) = 0
27397<sshd-session> 22:19:14 sendto(8<NETLINK:[ROUTE:27397]>, [{nlmsg_len=20, nlmsg_type=RTM_GETADDR, nlmsg_flags=NLM_F_REQUEST|NLM_F_DUMP, nlmsg_seq=1777774754, nlmsg_pid=0}, {ifa_family=AF_UNSPEC, ...}], 20, 0, {sa_family=AF_NETLINK, nl_pid=0, nl_groups=00000000}, 12) = 20
27397<sshd-session> 22:19:14 recvmsg(8<NETLINK:[ROUTE:27397]>, {msg_name={sa_family=AF_NETLINK, nl_pid=0, nl_groups=00000000}, msg_namelen=12, msg_iov=[{iov_base=[[{nlmsg_len=76, nlmsg_type=RTM_NEWADDR, nlmsg_flags=NLM_F_MULTI, nlmsg_seq=1777774754, nlmsg_pid=27397<sshd-session>}, {ifa_family=AF_INET, ifa_prefixlen=8, ifa_flags=IFA_F_PERMANENT, ifa_scope=RT_SCOPE_HOST, ifa_index=if_nametoindex("lo")}, [[{nla_len=8, nla_type=IFA_ADDRESS}, inet_addr("127.0.0.1")], [{nla_len=8, nla_type=IFA_LOCAL}, inet_addr("127.0.0.1")], [{nla_len=7, nla_type=IFA_LABEL}, "lo"], [{nla_len=8, nla_type=IFA_FLAGS}, IFA_F_PERMANENT], [{nla_len=20, nla_type=IFA_CACHEINFO}, {ifa_prefered=4294967295, ifa_valid=4294967295, cstamp=151, tstamp=151}]]], [{nlmsg_len=88, nlmsg_type=RTM_NEWADDR, nlmsg_flags=NLM_F_MULTI, nlmsg_seq=1777774754, nlmsg_pid=27397<sshd-session>}, {ifa_family=AF_INET, ifa_prefixlen=24, ifa_flags=0, ifa_scope=RT_SCOPE_UNIVERSE, ifa_index=if_nametoindex("enp0s3")}, [[{nla_len=8, nla_type=IFA_ADDRESS}, inet_addr("10.0.2.15")], [{nla_len=8, nla_type=IFA_LOCAL}, inet_addr("10.0.2.15")], [{nla_len=8, nla_type=IFA_BROADCAST}, inet_addr("10.0.2.255")], [{nla_len=11, nla_type=IFA_LABEL}, "enp0s3"], [{nla_len=8, nla_type=IFA_FLAGS}, IFA_F_NOPREFIXROUTE], [{nla_len=20, nla_type=IFA_CACHEINFO}, {ifa_prefered=74548, ifa_valid=74548, cstamp=1267, tstamp=1267}]]], [{nlmsg_len=72, nlmsg_type=RTM_NEWADDR, nlmsg_flags=NLM_F_MULTI, nlmsg_seq=1777774754, nlmsg_pid=27397<sshd-session>}, {ifa_family=AF_INET6, ifa_prefixlen=128, ifa_flags=IFA_F_PERMANENT, ifa_scope=RT_SCOPE_HOST, ifa_index=if_nametoindex("lo")}, [[{nla_len=20, nla_type=IFA_ADDRESS}, inet_pton(AF_INET6, "::1")], [{nla_len=20, nla_type=IFA_CACHEINFO}, {ifa_prefered=4294967295, ifa_valid=4294967295, cstamp=151, tstamp=151}], [{nla_len=8, nla_type=IFA_FLAGS}, IFA_F_PERMANENT|IFA_F_NOPREFIXROUTE]]], [{nlmsg_len=72, nlmsg_type=RTM_NEWADDR, nlmsg_flags=NLM_F_MULTI, nlmsg_seq=1777774754, nlmsg_pid=27397<sshd-session>}, {ifa_family=AF_INET6, ifa_prefixlen=64, ifa_flags=0, ifa_scope=RT_SCOPE_UNIVERSE, ifa_index=if_nametoindex("enp0s3")}, [[{nla_len=20, nla_type=IFA_ADDRESS}, inet_pton(AF_INET6, "fd17:625c:f037:2:bffd:40d6:bd1a:3151")], [{nla_len=20, nla_type=IFA_CACHEINFO}, {ifa_prefered=14287, ifa_valid=86287, cstamp=1466, tstamp=1175164}], [{nla_len=8, nla_type=IFA_FLAGS}, IFA_F_NOPREFIXROUTE]]], [{nlmsg_len=72, nlmsg_type=RTM_NEWADDR, nlmsg_flags=NLM_F_MULTI, nlmsg_seq=1777774754, nlmsg_pid=27397<sshd-session>}, {ifa_family=AF_INET6, ifa_prefixlen=64, ifa_flags=IFA_F_PERMANENT, ifa_scope=RT_SCOPE_LINK, ifa_index=if_nametoindex("enp0s3")}, [[{nla_len=20, nla_type=IFA_ADDRESS}, inet_pton(AF_INET6, "fe80::1bc2:b29b:a246:770")], [{nla_len=20, nla_type=IFA_CACHEINFO}, {ifa_prefered=4294967295, ifa_valid=4294967295, cstamp=1251, tstamp=1251}], [{nla_len=8, nla_type=IFA_FLAGS}, IFA_F_PERMANENT|IFA_F_NOPREFIXROUTE]]]], iov_len=4096}], msg_iovlen=1, msg_controllen=0, msg_flags=0}, 0) = 380
27397<sshd-session> 22:19:14 recvmsg(8<NETLINK:[ROUTE:27397]>, {msg_name={sa_family=AF_NETLINK, nl_pid=0, nl_groups=00000000}, msg_namelen=12, msg_iov=[{iov_base=[{nlmsg_len=20, nlmsg_type=NLMSG_DONE, nlmsg_flags=NLM_F_MULTI, nlmsg_seq=1777774754, nlmsg_pid=27397<sshd-session>}, 0], iov_len=4096}], msg_iovlen=1, msg_controllen=0, msg_flags=0}, 0) = 20
27397<sshd-session> 22:19:14 close(8<NETLINK:[ROUTE:27397]>) = 0
27397<sshd-session> 22:19:14 sendto(6<NETLINK:[145209]>, [{nlmsg_len=164, nlmsg_type=0x44f /* NLMSG_??? */, nlmsg_flags=NLM_F_REQUEST|NLM_F_ACK, nlmsg_seq=6, nlmsg_pid=0}, "\x6f\x70\x3d\x50\x41\x4d\x3a\x73\x65\x74\x63\x72\x65\x64\x20\x67\x72\x61\x6e\x74\x6f\x72\x73\x3d\x70\x61\x6d\x5f\x75\x6e\x69\x78"...], 164, 0, {sa_family=AF_NETLINK, nl_pid=0, nl_groups=00000000}, 12) = 164
27397<sshd-session> 22:19:14 poll([{fd=6<NETLINK:[AUDIT:27397]>, events=POLLIN}], 1, 500) = 1 ([{fd=6, revents=POLLIN}])
27397<sshd-session> 22:19:14 recvfrom(6<NETLINK:[AUDIT:27397]>, [{nlmsg_len=36, nlmsg_type=NLMSG_ERROR, nlmsg_flags=NLM_F_CAPPED, nlmsg_seq=6, nlmsg_pid=27397<sshd-session>}, {error=0, msg={nlmsg_len=164, nlmsg_type=0x44f /* AUDIT_??? */, nlmsg_flags=NLM_F_REQUEST|NLM_F_ACK, nlmsg_seq=6, nlmsg_pid=0}}], 8988, MSG_PEEK|MSG_DONTWAIT, {sa_family=AF_NETLINK, nl_pid=0, nl_groups=00000000}, [12]) = 36
27397<sshd-session> 22:19:14 recvfrom(6<NETLINK:[AUDIT:27397]>, [{nlmsg_len=36, nlmsg_type=NLMSG_ERROR, nlmsg_flags=NLM_F_CAPPED, nlmsg_seq=6, nlmsg_pid=27397<sshd-session>}, {error=0, msg={nlmsg_len=164, nlmsg_type=0x44f /* AUDIT_??? */, nlmsg_flags=NLM_F_REQUEST|NLM_F_ACK, nlmsg_seq=6, nlmsg_pid=0}}], 8988, MSG_DONTWAIT, {sa_family=AF_NETLINK, nl_pid=0, nl_groups=00000000}, [12]) = 36
27397<sshd-session> 22:19:14 close(6<NETLINK:[AUDIT:27397]>) = 0
27397<sshd-session> 22:19:14 newfstatat(AT_FDCWD</>, "/etc/nsswitch.conf", {st_mode=S_IFREG|0644, st_size=687, ...}, 0) = 0
27397<sshd-session> 22:19:14 openat(AT_FDCWD</>, "/etc/passwd", O_RDONLY|O_CLOEXEC) = 6</etc/passwd>
27397<sshd-session> 22:19:14 fstat(6</etc/passwd>, {st_mode=S_IFREG|0644, st_size=3346, ...}) = 0
27397<sshd-session> 22:19:14 lseek(6</etc/passwd>, 0, SEEK_SET) = 0
27397<sshd-session> 22:19:14 read(6</etc/passwd>, "root:x:0:0:Super User:/root:/bin"..., 4096) = 3346
27397<sshd-session> 22:19:14 close(6</etc/passwd>) = 0
27397<sshd-session> 22:19:14 openat(AT_FDCWD</>, "/proc/self/uid_map", O_RDONLY) = 6</proc/27397/uid_map>
27397<sshd-session> 22:19:14 read(6</proc/27397/uid_map>, "         0          0 4294967295"..., 34) = 33
27397<sshd-session> 22:19:14 read(6</proc/27397/uid_map>, "", 1) = 0
27397<sshd-session> 22:19:14 close(6</proc/27397/uid_map>) = 0
27397<sshd-session> 22:19:14 openat(AT_FDCWD</>, "/proc/self/loginuid", O_RDWR|O_NOFOLLOW) = 6</proc/27397/loginuid>
27397<sshd-session> 22:19:14 read(6</proc/27397/loginuid>, "4294967295", 24) = 10
27397<sshd-session> 22:19:14 read(6</proc/27397/loginuid>, "", 14) = 0
27397<sshd-session> 22:19:14 lseek(6</proc/27397/loginuid>, 0, SEEK_SET) = 0
27397<sshd-session> 22:19:14 ftruncate(6</proc/27397/loginuid>, 0) = 0
27397<sshd-session> 22:19:14 write(6</proc/27397/loginuid>, "1000", 4) = 4
27397<sshd-session> 22:19:14 close(6</proc/27397/loginuid>) = 0
27397<sshd-session> 22:19:14 newfstatat(AT_FDCWD</>, "/etc/nsswitch.conf", {st_mode=S_IFREG|0644, st_size=687, ...}, 0) = 0
27397<sshd-session> 22:19:14 openat(AT_FDCWD</>, "/etc/passwd", O_RDONLY|O_CLOEXEC) = 6</etc/passwd>
27397<sshd-session> 22:19:14 fstat(6</etc/passwd>, {st_mode=S_IFREG|0644, st_size=3346, ...}) = 0
27397<sshd-session> 22:19:14 lseek(6</etc/passwd>, 0, SEEK_SET) = 0
27397<sshd-session> 22:19:14 read(6</etc/passwd>, "root:x:0:0:Super User:/root:/bin"..., 4096) = 3346
27397<sshd-session> 22:19:14 close(6</etc/passwd>) = 0
27397<sshd-session> 22:19:14 openat(AT_FDCWD</>, "/etc/selinux/targeted/logins/catastor", O_RDONLY|O_CLOEXEC) = -1 ENOENT (No such file or directory)
27397<sshd-session> 22:19:14 openat(AT_FDCWD</>, "/sys/fs/selinux/mls", O_RDONLY|O_CLOEXEC) = 6</sys/fs/selinux/mls>
27397<sshd-session> 22:19:14 read(6</sys/fs/selinux/mls>, "1", 19) = 1
27397<sshd-session> 22:19:14 close(6</sys/fs/selinux/mls>) = 0
27397<sshd-session> 22:19:14 newfstatat(AT_FDCWD</>, "/etc/nsswitch.conf", {st_mode=S_IFREG|0644, st_size=687, ...}, 0) = 0
27397<sshd-session> 22:19:14 openat(AT_FDCWD</>, "/etc/passwd", O_RDONLY|O_CLOEXEC) = 6</etc/passwd>
27397<sshd-session> 22:19:14 fstat(6</etc/passwd>, {st_mode=S_IFREG|0644, st_size=3346, ...}) = 0
27397<sshd-session> 22:19:14 lseek(6</etc/passwd>, 0, SEEK_SET) = 0
27397<sshd-session> 22:19:14 read(6</etc/passwd>, "root:x:0:0:Super User:/root:/bin"..., 4096) = 3346
27397<sshd-session> 22:19:14 close(6</etc/passwd>) = 0
27397<sshd-session> 22:19:14 openat(AT_FDCWD</>, "/etc/selinux/targeted/seusers", O_RDONLY|O_CLOEXEC) = 6</etc/selinux/targeted/seusers>
27397<sshd-session> 22:19:14 fstat(6</etc/selinux/targeted/seusers>, {st_mode=S_IFREG|0644, st_size=73, ...}) = 0
27397<sshd-session> 22:19:14 read(6</etc/selinux/targeted/seusers>, "root:unconfined_u:s0-s0:c0.c1023"..., 4096) = 73
27397<sshd-session> 22:19:14 read(6</etc/selinux/targeted/seusers>, "", 4096) = 0
27397<sshd-session> 22:19:14 close(6</etc/selinux/targeted/seusers>) = 0
27397<sshd-session> 22:19:14 futex(0x7f26d6250580, FUTEX_WAKE_PRIVATE, 2147483647) = 0
27397<sshd-session> 22:19:14 openat(AT_FDCWD</>, "/proc/thread-self/attr/current", O_RDONLY|O_CLOEXEC) = 6</proc/27397/task/27397/attr/current>
27397<sshd-session> 22:19:14 read(6</proc/27397/task/27397/attr/current>, "system_u:system_r:sshd_session_t"..., 4095) = 48
27397<sshd-session> 22:19:14 close(6</proc/27397/task/27397/attr/current>) = 0
27397<sshd-session> 22:19:14 access("/var/run/setrans/.setrans-unix", F_OK) = -1 ENOENT (No such file or directory)
27397<sshd-session> 22:19:14 futex(0x7f26d62505a0, FUTEX_WAKE_PRIVATE, 2147483647) = 0
27397<sshd-session> 22:19:14 openat(AT_FDCWD</>, "/etc/selinux/targeted/contexts/users/unconfined_u", O_RDONLY|O_CLOEXEC) = 6</etc/selinux/targeted/contexts/users/unconfined_u>
27397<sshd-session> 22:19:14 fstat(6</etc/selinux/targeted/contexts/users/unconfined_u>, {st_mode=S_IFREG|0644, st_size=668, ...}) = 0
27397<sshd-session> 22:19:14 read(6</etc/selinux/targeted/contexts/users/unconfined_u>, "system_r:crond_t:s0\t\tunconfined_"..., 4096) = 668
27397<sshd-session> 22:19:14 openat(AT_FDCWD</>, "/sys/fs/selinux/context", O_RDWR|O_CLOEXEC) = 8</sys/fs/selinux/context>
27397<sshd-session> 22:19:14 write(8</sys/fs/selinux/context>, "unconfined_u:unconfined_r:unconf"..., 54) = 54
27397<sshd-session> 22:19:14 close(8</sys/fs/selinux/context>) = 0
27397<sshd-session> 22:19:14 lseek(6</etc/selinux/targeted/contexts/users/unconfined_u>, 0, SEEK_CUR) = 668
27397<sshd-session> 22:19:14 lseek(6</etc/selinux/targeted/contexts/users/unconfined_u>, 403, SEEK_SET) = 403
27397<sshd-session> 22:19:14 close(6</etc/selinux/targeted/contexts/users/unconfined_u>) = 0
27397<sshd-session> 22:19:14 openat(AT_FDCWD</>, "/etc/selinux/targeted/contexts/default_contexts", O_RDONLY|O_CLOEXEC) = 6</etc/selinux/targeted/contexts/default_contexts>
27397<sshd-session> 22:19:14 fstat(6</etc/selinux/targeted/contexts/default_contexts>, {st_mode=S_IFREG|0644, st_size=1224, ...}) = 0
27397<sshd-session> 22:19:14 read(6</etc/selinux/targeted/contexts/default_contexts>, "system_r:crond_t:s0\t\tuser_r:user"..., 4096) = 1224
27397<sshd-session> 22:19:14 openat(AT_FDCWD</>, "/sys/fs/selinux/context", O_RDWR|O_CLOEXEC) = 8</sys/fs/selinux/context>
27397<sshd-session> 22:19:14 write(8</sys/fs/selinux/context>, "unconfined_u:user_r:user_t:s0-s0"..., 42) = -1 EINVAL (Invalid argument)
27397<sshd-session> 22:19:14 close(8</sys/fs/selinux/context>) = 0
27397<sshd-session> 22:19:14 openat(AT_FDCWD</>, "/sys/fs/selinux/context", O_RDWR|O_CLOEXEC) = 8</sys/fs/selinux/context>
27397<sshd-session> 22:19:14 write(8</sys/fs/selinux/context>, "unconfined_u:staff_r:staff_t:s0-"..., 44) = -1 EINVAL (Invalid argument)
27397<sshd-session> 22:19:14 close(8</sys/fs/selinux/context>) = 0
27397<sshd-session> 22:19:14 openat(AT_FDCWD</>, "/sys/fs/selinux/context", O_RDWR|O_CLOEXEC) = 8</sys/fs/selinux/context>
27397<sshd-session> 22:19:14 write(8</sys/fs/selinux/context>, "unconfined_u:sysadm_r:sysadm_t:s"..., 46) = -1 EINVAL (Invalid argument)
27397<sshd-session> 22:19:14 close(8</sys/fs/selinux/context>) = 0
27397<sshd-session> 22:19:14 lseek(6</etc/selinux/targeted/contexts/default_contexts>, 0, SEEK_CUR) = 1224
27397<sshd-session> 22:19:14 lseek(6</etc/selinux/targeted/contexts/default_contexts>, 659, SEEK_SET) = 659
27397<sshd-session> 22:19:14 close(6</etc/selinux/targeted/contexts/default_contexts>) = 0
27397<sshd-session> 22:19:14 openat(AT_FDCWD</>, "/sys/fs/selinux/mls", O_RDONLY|O_CLOEXEC) = 6</sys/fs/selinux/mls>
27397<sshd-session> 22:19:14 read(6</sys/fs/selinux/mls>, "1", 19) = 1
27397<sshd-session> 22:19:14 close(6</sys/fs/selinux/mls>) = 0
27397<sshd-session> 22:19:14 openat(AT_FDCWD</>, "/sys/fs/selinux/context", O_RDWR|O_CLOEXEC) = 6</sys/fs/selinux/context>
27397<sshd-session> 22:19:14 write(6</sys/fs/selinux/context>, "unconfined_u:unconfined_r:unconf"..., 54) = 54
27397<sshd-session> 22:19:14 close(6</sys/fs/selinux/context>) = 0
27397<sshd-session> 22:19:14 openat(AT_FDCWD</>, "/sys/fs/selinux/enforce", O_RDONLY|O_CLOEXEC) = 6</sys/fs/selinux/enforce>
27397<sshd-session> 22:19:14 read(6</sys/fs/selinux/enforce>, "1", 19) = 1
27397<sshd-session> 22:19:14 close(6</sys/fs/selinux/enforce>) = 0
27397<sshd-session> 22:19:14 openat(AT_FDCWD</>, "/sys/fs/selinux/status", O_RDONLY|O_CLOEXEC) = 6</sys/fs/selinux/status>
27397<sshd-session> 22:19:14 mmap(NULL, 4096, PROT_READ, MAP_SHARED, 6</sys/fs/selinux/status>, 0) = 0x7f26d62d5000
27397<sshd-session> 22:19:14 close(6</sys/fs/selinux/status>) = 0
27397<sshd-session> 22:19:14 futex(0x7f26d624e370, FUTEX_WAKE_PRIVATE, 2147483647) = 0
27397<sshd-session> 22:19:14 openat(AT_FDCWD</>, "/sys/fs/selinux/class/context/index", O_RDONLY|O_CLOEXEC) = 6</sys/fs/selinux/class/context/index>
27397<sshd-session> 22:19:14 read(6</sys/fs/selinux/class/context/index>, "60", 19) = 2
27397<sshd-session> 22:19:14 close(6</sys/fs/selinux/class/context/index>) = 0
27397<sshd-session> 22:19:14 openat(AT_FDCWD</>, "/sys/fs/selinux/class/context/perms", O_RDONLY|O_NONBLOCK|O_CLOEXEC|O_DIRECTORY) = 6</sys/fs/selinux/class/context/perms>
27397<sshd-session> 22:19:14 fstat(6</sys/fs/selinux/class/context/perms>, {st_mode=S_IFDIR|0555, st_size=0, ...}) = 0
27397<sshd-session> 22:19:14 getdents64(6</sys/fs/selinux/class/context/perms>, 0x55e03077b850 /* 4 entries */, 32768) = 112
27397<sshd-session> 22:19:14 openat(AT_FDCWD</>, "/sys/fs/selinux/class/context/perms/.", O_RDONLY|O_CLOEXEC) = 8</sys/fs/selinux/class/context/perms>
27397<sshd-session> 22:19:14 fstat(8</sys/fs/selinux/class/context/perms>, {st_mode=S_IFDIR|0555, st_size=0, ...}) = 0
27397<sshd-session> 22:19:14 close(8</sys/fs/selinux/class/context/perms>) = 0
27397<sshd-session> 22:19:14 openat(AT_FDCWD</>, "/sys/fs/selinux/class/context/perms/..", O_RDONLY|O_CLOEXEC) = 8</sys/fs/selinux/class/context>
27397<sshd-session> 22:19:14 fstat(8</sys/fs/selinux/class/context>, {st_mode=S_IFDIR|0555, st_size=0, ...}) = 0
27397<sshd-session> 22:19:14 close(8</sys/fs/selinux/class/context>) = 0
27397<sshd-session> 22:19:14 openat(AT_FDCWD</>, "/sys/fs/selinux/class/context/perms/contains", O_RDONLY|O_CLOEXEC) = 8</sys/fs/selinux/class/context/perms/contains>
27397<sshd-session> 22:19:14 fstat(8</sys/fs/selinux/class/context/perms/contains>, {st_mode=S_IFREG|0444, st_size=0, ...}) = 0
27397<sshd-session> 22:19:14 read(8</sys/fs/selinux/class/context/perms/contains>, "2", 19) = 1
27397<sshd-session> 22:19:14 close(8</sys/fs/selinux/class/context/perms/contains>) = 0
27397<sshd-session> 22:19:14 openat(AT_FDCWD</>, "/sys/fs/selinux/class/context/perms/translate", O_RDONLY|O_CLOEXEC) = 8</sys/fs/selinux/class/context/perms/translate>
27397<sshd-session> 22:19:14 fstat(8</sys/fs/selinux/class/context/perms/translate>, {st_mode=S_IFREG|0444, st_size=0, ...}) = 0
27397<sshd-session> 22:19:14 read(8</sys/fs/selinux/class/context/perms/translate>, "1", 19) = 1
27397<sshd-session> 22:19:14 close(8</sys/fs/selinux/class/context/perms/translate>) = 0
27397<sshd-session> 22:19:14 getdents64(6</sys/fs/selinux/class/context/perms>, 0x55e03077b850 /* 0 entries */, 32768) = 0
27397<sshd-session> 22:19:14 close(6</sys/fs/selinux/class/context/perms>) = 0
27397<sshd-session> 22:19:14 openat(AT_FDCWD</>, "/sys/fs/selinux/access", O_RDWR|O_CLOEXEC) = 6</sys/fs/selinux/access>
27397<sshd-session> 22:19:14 write(6</sys/fs/selinux/access>, "unconfined_u:unconfined_r:unconf"..., 112) = 112
27397<sshd-session> 22:19:14 read(6</sys/fs/selinux/access>, "2 ffffffff 0 ffffffff 9 0", 4095) = 25
27397<sshd-session> 22:19:14 close(6</sys/fs/selinux/access>) = 0
27397<sshd-session> 22:19:14 openat(AT_FDCWD</>, "/proc/thread-self/attr/exec", O_RDONLY|O_CLOEXEC) = 6</proc/27397/task/27397/attr/exec>
27397<sshd-session> 22:19:14 read(6</proc/27397/task/27397/attr/exec>, "", 4095) = 0
27397<sshd-session> 22:19:14 close(6</proc/27397/task/27397/attr/exec>) = 0
27397<sshd-session> 22:19:14 ioctl(0</dev/null<char 1:3>>, TCGETS2, 0x7fffd551f770) = -1 ENOTTY (Inappropriate ioctl for device)
27397<sshd-session> 22:19:14 ioctl(1</dev/null<char 1:3>>, TCGETS2, 0x7fffd551f770) = -1 ENOTTY (Inappropriate ioctl for device)
27397<sshd-session> 22:19:14 ioctl(2</dev/null<char 1:3>>, TCGETS2, 0x7fffd551f770) = -1 ENOTTY (Inappropriate ioctl for device)
27397<sshd-session> 22:19:14 openat(AT_FDCWD</>, "/proc/thread-self/attr/exec", O_RDWR|O_CLOEXEC) = 6</proc/27397/task/27397/attr/exec>
27397<sshd-session> 22:19:14 write(6</proc/27397/task/27397/attr/exec>, "unconfined_u:unconfined_r:unconf"..., 54) = 54
27397<sshd-session> 22:19:14 close(6</proc/27397/task/27397/attr/exec>) = 0
27397<sshd-session> 22:19:14 socket(AF_NETLINK, SOCK_RAW|SOCK_CLOEXEC, NETLINK_AUDIT) = 6<NETLINK:[145216]>
27397<sshd-session> 22:19:14 socket(AF_NETLINK, SOCK_RAW|SOCK_CLOEXEC, NETLINK_ROUTE) = 8<NETLINK:[145217]>
27397<sshd-session> 22:19:14 bind(8<NETLINK:[145217]>, {sa_family=AF_NETLINK, nl_pid=0, nl_groups=00000000}, 12) = 0
27397<sshd-session> 22:19:14 getsockname(8<NETLINK:[ROUTE:27397]>, {sa_family=AF_NETLINK, nl_pid=27397<sshd-session>, nl_groups=00000000}, [12]) = 0
27397<sshd-session> 22:19:14 sendto(8<NETLINK:[ROUTE:27397]>, [{nlmsg_len=20, nlmsg_type=RTM_GETADDR, nlmsg_flags=NLM_F_REQUEST|NLM_F_DUMP, nlmsg_seq=1777774754, nlmsg_pid=0}, {ifa_family=AF_UNSPEC, ...}], 20, 0, {sa_family=AF_NETLINK, nl_pid=0, nl_groups=00000000}, 12) = 20
27397<sshd-session> 22:19:14 recvmsg(8<NETLINK:[ROUTE:27397]>, {msg_name={sa_family=AF_NETLINK, nl_pid=0, nl_groups=00000000}, msg_namelen=12, msg_iov=[{iov_base=[[{nlmsg_len=76, nlmsg_type=RTM_NEWADDR, nlmsg_flags=NLM_F_MULTI, nlmsg_seq=1777774754, nlmsg_pid=27397<sshd-session>}, {ifa_family=AF_INET, ifa_prefixlen=8, ifa_flags=IFA_F_PERMANENT, ifa_scope=RT_SCOPE_HOST, ifa_index=if_nametoindex("lo")}, [[{nla_len=8, nla_type=IFA_ADDRESS}, inet_addr("127.0.0.1")], [{nla_len=8, nla_type=IFA_LOCAL}, inet_addr("127.0.0.1")], [{nla_len=7, nla_type=IFA_LABEL}, "lo"], [{nla_len=8, nla_type=IFA_FLAGS}, IFA_F_PERMANENT], [{nla_len=20, nla_type=IFA_CACHEINFO}, {ifa_prefered=4294967295, ifa_valid=4294967295, cstamp=151, tstamp=151}]]], [{nlmsg_len=88, nlmsg_type=RTM_NEWADDR, nlmsg_flags=NLM_F_MULTI, nlmsg_seq=1777774754, nlmsg_pid=27397<sshd-session>}, {ifa_family=AF_INET, ifa_prefixlen=24, ifa_flags=0, ifa_scope=RT_SCOPE_UNIVERSE, ifa_index=if_nametoindex("enp0s3")}, [[{nla_len=8, nla_type=IFA_ADDRESS}, inet_addr("10.0.2.15")], [{nla_len=8, nla_type=IFA_LOCAL}, inet_addr("10.0.2.15")], [{nla_len=8, nla_type=IFA_BROADCAST}, inet_addr("10.0.2.255")], [{nla_len=11, nla_type=IFA_LABEL}, "enp0s3"], [{nla_len=8, nla_type=IFA_FLAGS}, IFA_F_NOPREFIXROUTE], [{nla_len=20, nla_type=IFA_CACHEINFO}, {ifa_prefered=74548, ifa_valid=74548, cstamp=1267, tstamp=1267}]]], [{nlmsg_len=72, nlmsg_type=RTM_NEWADDR, nlmsg_flags=NLM_F_MULTI, nlmsg_seq=1777774754, nlmsg_pid=27397<sshd-session>}, {ifa_family=AF_INET6, ifa_prefixlen=128, ifa_flags=IFA_F_PERMANENT, ifa_scope=RT_SCOPE_HOST, ifa_index=if_nametoindex("lo")}, [[{nla_len=20, nla_type=IFA_ADDRESS}, inet_pton(AF_INET6, "::1")], [{nla_len=20, nla_type=IFA_CACHEINFO}, {ifa_prefered=4294967295, ifa_valid=4294967295, cstamp=151, tstamp=151}], [{nla_len=8, nla_type=IFA_FLAGS}, IFA_F_PERMANENT|IFA_F_NOPREFIXROUTE]]], [{nlmsg_len=72, nlmsg_type=RTM_NEWADDR, nlmsg_flags=NLM_F_MULTI, nlmsg_seq=1777774754, nlmsg_pid=27397<sshd-session>}, {ifa_family=AF_INET6, ifa_prefixlen=64, ifa_flags=0, ifa_scope=RT_SCOPE_UNIVERSE, ifa_index=if_nametoindex("enp0s3")}, [[{nla_len=20, nla_type=IFA_ADDRESS}, inet_pton(AF_INET6, "fd17:625c:f037:2:bffd:40d6:bd1a:3151")], [{nla_len=20, nla_type=IFA_CACHEINFO}, {ifa_prefered=14287, ifa_valid=86287, cstamp=1466, tstamp=1175164}], [{nla_len=8, nla_type=IFA_FLAGS}, IFA_F_NOPREFIXROUTE]]], [{nlmsg_len=72, nlmsg_type=RTM_NEWADDR, nlmsg_flags=NLM_F_MULTI, nlmsg_seq=1777774754, nlmsg_pid=27397<sshd-session>}, {ifa_family=AF_INET6, ifa_prefixlen=64, ifa_flags=IFA_F_PERMANENT, ifa_scope=RT_SCOPE_LINK, ifa_index=if_nametoindex("enp0s3")}, [[{nla_len=20, nla_type=IFA_ADDRESS}, inet_pton(AF_INET6, "fe80::1bc2:b29b:a246:770")], [{nla_len=20, nla_type=IFA_CACHEINFO}, {ifa_prefered=4294967295, ifa_valid=4294967295, cstamp=1251, tstamp=1251}], [{nla_len=8, nla_type=IFA_FLAGS}, IFA_F_PERMANENT|IFA_F_NOPREFIXROUTE]]]], iov_len=4096}], msg_iovlen=1, msg_controllen=0, msg_flags=0}, 0) = 380
27397<sshd-session> 22:19:14 recvmsg(8<NETLINK:[ROUTE:27397]>, {msg_name={sa_family=AF_NETLINK, nl_pid=0, nl_groups=00000000}, msg_namelen=12, msg_iov=[{iov_base=[{nlmsg_len=20, nlmsg_type=NLMSG_DONE, nlmsg_flags=NLM_F_MULTI, nlmsg_seq=1777774754, nlmsg_pid=27397<sshd-session>}, 0], iov_len=4096}], msg_iovlen=1, msg_controllen=0, msg_flags=0}, 0) = 20
27397<sshd-session> 22:19:14 close(8<NETLINK:[ROUTE:27397]>) = 0
27397<sshd-session> 22:19:14 sendto(6<NETLINK:[145216]>, [{nlmsg_len=272, nlmsg_type=0x8fc /* NLMSG_??? */, nlmsg_flags=NLM_F_REQUEST|NLM_F_ACK, nlmsg_seq=7, nlmsg_pid=0}, "\x6f\x70\x3d\x70\x61\x6d\x5f\x73\x65\x6c\x69\x6e\x75\x78\x20\x64\x65\x66\x61\x75\x6c\x74\x2d\x63\x6f\x6e\x74\x65\x78\x74\x3d\x75"...], 272, 0, {sa_family=AF_NETLINK, nl_pid=0, nl_groups=00000000}, 12) = 272
27397<sshd-session> 22:19:14 poll([{fd=6<NETLINK:[AUDIT:27397]>, events=POLLIN}], 1, 500) = 1 ([{fd=6, revents=POLLIN}])
27397<sshd-session> 22:19:14 recvfrom(6<NETLINK:[AUDIT:27397]>, [{nlmsg_len=36, nlmsg_type=NLMSG_ERROR, nlmsg_flags=NLM_F_CAPPED, nlmsg_seq=7, nlmsg_pid=27397<sshd-session>}, {error=0, msg={nlmsg_len=272, nlmsg_type=0x8fc /* AUDIT_??? */, nlmsg_flags=NLM_F_REQUEST|NLM_F_ACK, nlmsg_seq=7, nlmsg_pid=0}}], 8988, MSG_PEEK|MSG_DONTWAIT, {sa_family=AF_NETLINK, nl_pid=0, nl_groups=00000000}, [12]) = 36
27397<sshd-session> 22:19:14 recvfrom(6<NETLINK:[AUDIT:27397]>, [{nlmsg_len=36, nlmsg_type=NLMSG_ERROR, nlmsg_flags=NLM_F_CAPPED, nlmsg_seq=7, nlmsg_pid=27397<sshd-session>}, {error=0, msg={nlmsg_len=272, nlmsg_type=0x8fc /* AUDIT_??? */, nlmsg_flags=NLM_F_REQUEST|NLM_F_ACK, nlmsg_seq=7, nlmsg_pid=0}}], 8988, MSG_DONTWAIT, {sa_family=AF_NETLINK, nl_pid=0, nl_groups=00000000}, [12]) = 36
27397<sshd-session> 22:19:14 close(6<NETLINK:[AUDIT:27397]>) = 0
27397<sshd-session> 22:19:14 openat(AT_FDCWD</>, "/proc/thread-self/attr/keycreate", O_RDWR|O_CLOEXEC) = 6</proc/27397/task/27397/attr/keycreate>
27397<sshd-session> 22:19:14 write(6</proc/27397/task/27397/attr/keycreate>, "unconfined_u:unconfined_r:unconf"..., 54) = 54
27397<sshd-session> 22:19:14 close(6</proc/27397/task/27397/attr/keycreate>) = 0
27397<sshd-session> 22:19:14 newfstatat(AT_FDCWD</>, "/etc/nsswitch.conf", {st_mode=S_IFREG|0644, st_size=687, ...}, 0) = 0
27397<sshd-session> 22:19:14 openat(AT_FDCWD</>, "/etc/passwd", O_RDONLY|O_CLOEXEC) = 6</etc/passwd>
27397<sshd-session> 22:19:14 fstat(6</etc/passwd>, {st_mode=S_IFREG|0644, st_size=3346, ...}) = 0
27397<sshd-session> 22:19:14 lseek(6</etc/passwd>, 0, SEEK_SET) = 0
27397<sshd-session> 22:19:14 read(6</etc/passwd>, "root:x:0:0:Super User:/root:/bin"..., 4096) = 3346
27397<sshd-session> 22:19:14 close(6</etc/passwd>) = 0
27397<sshd-session> 22:19:14 getuid()   = 0
27397<sshd-session> 22:19:14 newfstatat(AT_FDCWD</>, "/etc/nsswitch.conf", {st_mode=S_IFREG|0644, st_size=687, ...}, 0) = 0
27397<sshd-session> 22:19:14 openat(AT_FDCWD</>, "/etc/passwd", O_RDONLY|O_CLOEXEC) = 6</etc/passwd>
27397<sshd-session> 22:19:14 fstat(6</etc/passwd>, {st_mode=S_IFREG|0644, st_size=3346, ...}) = 0
27397<sshd-session> 22:19:14 lseek(6</etc/passwd>, 0, SEEK_SET) = 0
27397<sshd-session> 22:19:14 read(6</etc/passwd>, "root:x:0:0:Super User:/root:/bin"..., 4096) = 3346
27397<sshd-session> 22:19:14 lseek(6</etc/passwd>, 38, SEEK_SET) = 38
27397<sshd-session> 22:19:14 close(6</etc/passwd>) = 0
27397<sshd-session> 22:19:14 openat(AT_FDCWD</>, "/proc/self/mountinfo", O_RDONLY) = 6</proc/27397/mountinfo>
27397<sshd-session> 22:19:14 fstat(6</proc/27397/mountinfo>, {st_mode=S_IFREG|0444, st_size=0, ...}) = 0
27397<sshd-session> 22:19:14 read(6</proc/27397/mountinfo>, "67 1 0:32 /root / rw,relatime sh"..., 1024) = 1024
27397<sshd-session> 22:19:14 read(6</proc/27397/mountinfo>, "c,relatime shared:10 - configfs "..., 1024) = 1024
27397<sshd-session> 22:19:14 read(6</proc/27397/mountinfo>, "-journald.service rw,nosuid,node"..., 1024) = 1024
27397<sshd-session> 22:19:14 read(6</proc/27397/mountinfo>, "018 471 0:107 / /run/user/1000/d"..., 1024) = 257
27397<sshd-session> 22:19:14 read(6</proc/27397/mountinfo>, "", 1024) = 0
27397<sshd-session> 22:19:14 close(6</proc/27397/mountinfo>) = 0
27397<sshd-session> 22:19:14 newfstatat(AT_FDCWD</>, "/etc/nsswitch.conf", {st_mode=S_IFREG|0644, st_size=687, ...}, 0) = 0
27397<sshd-session> 22:19:14 openat(AT_FDCWD</>, "/etc/passwd", O_RDONLY|O_CLOEXEC) = 6</etc/passwd>
27397<sshd-session> 22:19:14 fstat(6</etc/passwd>, {st_mode=S_IFREG|0644, st_size=3346, ...}) = 0
27397<sshd-session> 22:19:14 lseek(6</etc/passwd>, 0, SEEK_SET) = 0
27397<sshd-session> 22:19:14 read(6</etc/passwd>, "root:x:0:0:Super User:/root:/bin"..., 4096) = 3346
27397<sshd-session> 22:19:14 close(6</etc/passwd>) = 0
27397<sshd-session> 22:19:14 newfstatat(AT_FDCWD</>, "/etc/nsswitch.conf", {st_mode=S_IFREG|0644, st_size=687, ...}, 0) = 0
27397<sshd-session> 22:19:14 openat(AT_FDCWD</>, "/etc/passwd", O_RDONLY|O_CLOEXEC) = 6</etc/passwd>
27397<sshd-session> 22:19:14 fstat(6</etc/passwd>, {st_mode=S_IFREG|0644, st_size=3346, ...}) = 0
27397<sshd-session> 22:19:14 lseek(6</etc/passwd>, 0, SEEK_SET) = 0
27397<sshd-session> 22:19:14 read(6</etc/passwd>, "root:x:0:0:Super User:/root:/bin"..., 4096) = 3346
27397<sshd-session> 22:19:14 lseek(6</etc/passwd>, 38, SEEK_SET) = 38
27397<sshd-session> 22:19:14 close(6</etc/passwd>) = 0
27397<sshd-session> 22:19:14 openat(AT_FDCWD</>, "/etc/security/namespace.d", O_RDONLY|O_NONBLOCK|O_CLOEXEC|O_DIRECTORY) = 6</etc/security/namespace.d>
27397<sshd-session> 22:19:14 fstat(6</etc/security/namespace.d>, {st_mode=S_IFDIR|0755, st_size=0, ...}) = 0
27397<sshd-session> 22:19:14 getdents64(6</etc/security/namespace.d>, 0x55e03077cb30 /* 2 entries */, 32768) = 48
27397<sshd-session> 22:19:14 getdents64(6</etc/security/namespace.d>, 0x55e03077cb30 /* 0 entries */, 32768) = 0
27397<sshd-session> 22:19:14 close(6</etc/security/namespace.d>) = 0
27397<sshd-session> 22:19:14 openat(AT_FDCWD</>, "/etc/security/namespace.conf", O_RDONLY) = 6</etc/security/namespace.conf>
27397<sshd-session> 22:19:14 fstat(6</etc/security/namespace.conf>, {st_mode=S_IFREG|0644, st_size=1637, ...}) = 0
27397<sshd-session> 22:19:14 read(6</etc/security/namespace.conf>, "# /etc/security/namespace.conf\n#"..., 4096) = 1637
27397<sshd-session> 22:19:14 read(6</etc/security/namespace.conf>, "", 4096) = 0
27397<sshd-session> 22:19:14 close(6</etc/security/namespace.conf>) = 0
27397<sshd-session> 22:19:14 newfstatat(AT_FDCWD</>, "/etc/nsswitch.conf", {st_mode=S_IFREG|0644, st_size=687, ...}, 0) = 0
27397<sshd-session> 22:19:14 openat(AT_FDCWD</>, "/etc/passwd", O_RDONLY|O_CLOEXEC) = 6</etc/passwd>
27397<sshd-session> 22:19:14 fstat(6</etc/passwd>, {st_mode=S_IFREG|0644, st_size=3346, ...}) = 0
27397<sshd-session> 22:19:14 lseek(6</etc/passwd>, 0, SEEK_SET) = 0
27397<sshd-session> 22:19:14 read(6</etc/passwd>, "root:x:0:0:Super User:/root:/bin"..., 4096) = 3346
27397<sshd-session> 22:19:14 close(6</etc/passwd>) = 0
27397<sshd-session> 22:19:14 getuid()   = 0
27397<sshd-session> 22:19:14 getgid()   = 0
27397<sshd-session> 22:19:14 setregid(1000, -1) = 0
27397<sshd-session> 22:19:14 setreuid(1000, -1) = 0
27397<sshd-session> 22:19:14 keyctl(KEYCTL_JOIN_SESSION_KEYRING, NULL) = 114217447
27397<sshd-session> 22:19:14 keyctl(KEYCTL_LINK, KEY_SPEC_USER_KEYRING, KEY_SPEC_SESSION_KEYRING) = 0
27397<sshd-session> 22:19:14 setreuid(0, -1) = 0
27397<sshd-session> 22:19:14 setregid(0, -1) = 0
27397<sshd-session> 22:19:14 newfstatat(AT_FDCWD</>, "/etc/nsswitch.conf", {st_mode=S_IFREG|0644, st_size=687, ...}, 0) = 0
27397<sshd-session> 22:19:14 openat(AT_FDCWD</>, "/etc/passwd", O_RDONLY|O_CLOEXEC) = 6</etc/passwd>
27397<sshd-session> 22:19:14 fstat(6</etc/passwd>, {st_mode=S_IFREG|0644, st_size=3346, ...}) = 0
27397<sshd-session> 22:19:14 lseek(6</etc/passwd>, 0, SEEK_SET) = 0
27397<sshd-session> 22:19:14 read(6</etc/passwd>, "root:x:0:0:Super User:/root:/bin"..., 4096) = 3346
27397<sshd-session> 22:19:14 close(6</etc/passwd>) = 0
27397<sshd-session> 22:19:14 geteuid()  = 0
27397<sshd-session> 22:19:14 getgroups(0, NULL) = 0
27397<sshd-session> 22:19:14 getgroups(64, []) = 0
27397<sshd-session> 22:19:14 openat(AT_FDCWD</>, "/proc/sys/kernel/ngroups_max", O_RDONLY|O_CLOEXEC) = 6</proc/sys/kernel/ngroups_max>
27397<sshd-session> 22:19:14 read(6</proc/sys/kernel/ngroups_max>, "65536\n", 31) = 6
27397<sshd-session> 22:19:14 close(6</proc/sys/kernel/ngroups_max>) = 0
27397<sshd-session> 22:19:14 newfstatat(AT_FDCWD</>, "/etc/nsswitch.conf", {st_mode=S_IFREG|0644, st_size=687, ...}, 0) = 0
27397<sshd-session> 22:19:14 newfstatat(AT_FDCWD</>, "/etc/nsswitch.conf", {st_mode=S_IFREG|0644, st_size=687, ...}, 0) = 0
27397<sshd-session> 22:19:14 openat(AT_FDCWD</>, "/etc/group", O_RDONLY|O_CLOEXEC) = 6</etc/group>
27397<sshd-session> 22:19:14 fstat(6</etc/group>, {st_mode=S_IFREG|0644, st_size=1211, ...}) = 0
27397<sshd-session> 22:19:14 lseek(6</etc/group>, 0, SEEK_SET) = 0
27397<sshd-session> 22:19:14 read(6</etc/group>, "root:x:0:\nsys:x:3:\nadm:x:4:\ntty:"..., 4096) = 1211
27397<sshd-session> 22:19:14 read(6</etc/group>, "", 4096) = 0
27397<sshd-session> 22:19:14 close(6</etc/group>) = 0
27397<sshd-session> 22:19:14 rt_sigprocmask(SIG_BLOCK, [HUP USR1 USR2 PIPE ALRM CHLD TSTP URG VTALRM PROF WINCH IO], [], 8) = 0
27397<sshd-session> 22:19:14 openat(AT_FDCWD</>, "/run/systemd/userdb/", O_RDONLY|O_NONBLOCK|O_CLOEXEC|O_DIRECTORY) = 6</run/systemd/userdb>
27397<sshd-session> 22:19:14 fstat(6</run/systemd/userdb>, {st_mode=S_IFDIR|0755, st_size=180, ...}) = 0
27397<sshd-session> 22:19:14 getdents64(6</run/systemd/userdb>, 0x55e03077d3e0 /* 9 entries */, 32768) = 360
27397<sshd-session> 22:19:14 socket(AF_UNIX, SOCK_STREAM|SOCK_CLOEXEC|SOCK_NONBLOCK, 0) = 8<UNIX-STREAM:[146689]>
27397<sshd-session> 22:19:14 connect(8<UNIX-STREAM:[146689]>, {sa_family=AF_UNIX, sun_path="/run/systemd/userdb/io.systemd.DynamicUser"}, 45) = 0
27397<sshd-session> 22:19:14 epoll_create1(EPOLL_CLOEXEC) = 10<anon_inode:[eventpoll]>
27397<sshd-session> 22:19:14 timerfd_create(CLOCK_MONOTONIC, TFD_CLOEXEC|TFD_NONBLOCK) = 11<anon_inode:[timerfd]>
27397<sshd-session> 22:19:14 epoll_ctl(10<anon_inode:[eventpoll]>, EPOLL_CTL_ADD, 11<anon_inode:[timerfd]>, {events=EPOLLIN, data=0x55e0307741a0}) = 0
27397<sshd-session> 22:19:14 epoll_ctl(10<anon_inode:[eventpoll]>, EPOLL_CTL_ADD, 8<UNIX-STREAM:[146689->145218]>, {events=0, data=0x55e03075dd80}) = 0
27397<sshd-session> 22:19:14 socket(AF_UNIX, SOCK_STREAM|SOCK_CLOEXEC|SOCK_NONBLOCK, 0) = 12<UNIX-STREAM:[146690]>
27397<sshd-session> 22:19:14 connect(12<UNIX-STREAM:[146690]>, {sa_family=AF_UNIX, sun_path="/run/systemd/userdb/org.gnome.DisplayManager"}, 47) = 0
27397<sshd-session> 22:19:14 epoll_ctl(10<anon_inode:[eventpoll]>, EPOLL_CTL_ADD, 12<UNIX-STREAM:[146690->147478]>, {events=0, data=0x55e03073cae0}) = 0
27397<sshd-session> 22:19:14 socket(AF_UNIX, SOCK_STREAM|SOCK_CLOEXEC|SOCK_NONBLOCK, 0) = 13<UNIX-STREAM:[146691]>
27397<sshd-session> 22:19:14 connect(13<UNIX-STREAM:[146691]>, {sa_family=AF_UNIX, sun_path="/run/systemd/userdb/io.systemd.Machine"}, 41) = 0
27397<sshd-session> 22:19:14 epoll_ctl(10<anon_inode:[eventpoll]>, EPOLL_CTL_ADD, 13<UNIX-STREAM:[146691->145776]>, {events=0, data=0x55e0306f40a0}) = 0
27397<sshd-session> 22:19:14 socket(AF_UNIX, SOCK_STREAM|SOCK_CLOEXEC|SOCK_NONBLOCK, 0) = 14<UNIX-STREAM:[146692]>
27397<sshd-session> 22:19:14 connect(14<UNIX-STREAM:[146692]>, {sa_family=AF_UNIX, sun_path="/run/systemd/userdb/io.systemd.Home"}, 38) = 0
27397<sshd-session> 22:19:14 epoll_ctl(10<anon_inode:[eventpoll]>, EPOLL_CTL_ADD, 14<UNIX-STREAM:[146692->147479]>, {events=0, data=0x55e0307499a0}) = 0
27397<sshd-session> 22:19:14 socket(AF_UNIX, SOCK_STREAM|SOCK_CLOEXEC|SOCK_NONBLOCK, 0) = 15<UNIX-STREAM:[146693]>
27397<sshd-session> 22:19:14 connect(15<UNIX-STREAM:[146693]>, {sa_family=AF_UNIX, sun_path="/run/systemd/userdb/io.systemd.DropIn"}, 40) = 0
27397<sshd-session> 22:19:14 epoll_ctl(10<anon_inode:[eventpoll]>, EPOLL_CTL_ADD, 15<UNIX-STREAM:[146693->145146]>, {events=0, data=0x55e0307859f0}) = 0
27397<sshd-session> 22:19:14 getdents64(6</run/systemd/userdb>, 0x55e03077d3e0 /* 0 entries */, 32768) = 0
27397<sshd-session> 22:19:14 close(6</run/systemd/userdb>) = 0
27397<sshd-session> 22:19:14 epoll_ctl(10<anon_inode:[eventpoll]>, EPOLL_CTL_MOD, 8<UNIX-STREAM:[146689->145218]>, {events=EPOLLIN|EPOLLOUT, data=0x55e03075dd80}) = 0
27397<sshd-session> 22:19:14 epoll_ctl(10<anon_inode:[eventpoll]>, EPOLL_CTL_MOD, 12<UNIX-STREAM:[146690->147478]>, {events=EPOLLIN|EPOLLOUT, data=0x55e03073cae0}) = 0
27397<sshd-session> 22:19:14 epoll_ctl(10<anon_inode:[eventpoll]>, EPOLL_CTL_MOD, 14<UNIX-STREAM:[146692->147479]>, {events=EPOLLIN|EPOLLOUT, data=0x55e0307499a0}) = 0
27397<sshd-session> 22:19:14 epoll_ctl(10<anon_inode:[eventpoll]>, EPOLL_CTL_MOD, 15<UNIX-STREAM:[146693->145146]>, {events=EPOLLIN|EPOLLOUT, data=0x55e0307859f0}) = 0
27397<sshd-session> 22:19:14 epoll_ctl(10<anon_inode:[eventpoll]>, EPOLL_CTL_MOD, 13<UNIX-STREAM:[146691->145776]>, {events=EPOLLIN|EPOLLOUT, data=0x55e0306f40a0}) = 0
27397<sshd-session> 22:19:14 timerfd_settime(11<anon_inode:[timerfd]>, TFD_TIMER_ABSTIME, {it_interval={tv_sec=0, tv_nsec=0}, it_value={tv_sec=11910, tv_nsec=37318000}}, NULL) = 0
27397<sshd-session> 22:19:14 epoll_pwait2(10<anon_inode:[eventpoll]>, [{events=EPOLLOUT, data=0x55e03075dd80}, {events=EPOLLOUT, data=0x55e03073cae0}, {events=EPOLLOUT, data=0x55e0307499a0}, {events=EPOLLOUT, data=0x55e0307859f0}, {events=EPOLLOUT, data=0x55e0306f40a0}], 40, {tv_sec=0, tv_nsec=0}, NULL, 8) = 5
27397<sshd-session> 22:19:14 sendto(8<UNIX-STREAM:[146689->145218]>, "{\"method\":\"io.systemd.UserDataba"..., 136, MSG_DONTWAIT|MSG_NOSIGNAL, NULL, 0) = 136
27397<sshd-session> 22:19:14 epoll_ctl(10<anon_inode:[eventpoll]>, EPOLL_CTL_MOD, 8<UNIX-STREAM:[146689->145218]>, {events=EPOLLIN, data=0x55e03075dd80}) = 0
27397<sshd-session> 22:19:14 epoll_pwait2(10<anon_inode:[eventpoll]>, [{events=EPOLLIN, data=0x55e03075dd80}, {events=EPOLLOUT, data=0x55e03073cae0}, {events=EPOLLOUT, data=0x55e0307499a0}, {events=EPOLLOUT, data=0x55e0307859f0}, {events=EPOLLOUT, data=0x55e0306f40a0}], 40, {tv_sec=0, tv_nsec=0}, NULL, 8) = 5
27397<sshd-session> 22:19:14 sendto(12<UNIX-STREAM:[146690->147478]>, "{\"method\":\"io.systemd.UserDataba"..., 138, MSG_DONTWAIT|MSG_NOSIGNAL, NULL, 0) = 138
27397<sshd-session> 22:19:14 epoll_ctl(10<anon_inode:[eventpoll]>, EPOLL_CTL_MOD, 12<UNIX-STREAM:[146690->147478]>, {events=EPOLLIN, data=0x55e03073cae0}) = 0
27397<sshd-session> 22:19:14 epoll_pwait2(10<anon_inode:[eventpoll]>, [{events=EPOLLIN, data=0x55e03075dd80}, {events=EPOLLIN, data=0x55e03073cae0}, {events=EPOLLOUT, data=0x55e0307499a0}, {events=EPOLLOUT, data=0x55e0307859f0}, {events=EPOLLOUT, data=0x55e0306f40a0}], 40, {tv_sec=0, tv_nsec=0}, NULL, 8) = 5
27397<sshd-session> 22:19:14 sendto(14<UNIX-STREAM:[146692->147479]>, "{\"method\":\"io.systemd.UserDataba"..., 129, MSG_DONTWAIT|MSG_NOSIGNAL, NULL, 0) = 129
27397<sshd-session> 22:19:14 epoll_ctl(10<anon_inode:[eventpoll]>, EPOLL_CTL_MOD, 14<UNIX-STREAM:[146692->147479]>, {events=EPOLLIN, data=0x55e0307499a0}) = 0
27397<sshd-session> 22:19:14 epoll_pwait2(10<anon_inode:[eventpoll]>, [{events=EPOLLIN, data=0x55e03075dd80}, {events=EPOLLIN, data=0x55e03073cae0}, {events=EPOLLIN, data=0x55e0307499a0}, {events=EPOLLOUT, data=0x55e0307859f0}, {events=EPOLLOUT, data=0x55e0306f40a0}], 40, {tv_sec=0, tv_nsec=0}, NULL, 8) = 5
27397<sshd-session> 22:19:14 sendto(15<UNIX-STREAM:[146693->145146]>, "{\"method\":\"io.systemd.UserDataba"..., 131, MSG_DONTWAIT|MSG_NOSIGNAL, NULL, 0) = 131
27397<sshd-session> 22:19:14 epoll_ctl(10<anon_inode:[eventpoll]>, EPOLL_CTL_MOD, 15<UNIX-STREAM:[146693->145146]>, {events=EPOLLIN, data=0x55e0307859f0}) = 0
27397<sshd-session> 22:19:14 epoll_pwait2(10<anon_inode:[eventpoll]>, [{events=EPOLLIN, data=0x55e03075dd80}, {events=EPOLLIN, data=0x55e03073cae0}, {events=EPOLLIN, data=0x55e0307499a0}, {events=EPOLLOUT, data=0x55e0306f40a0}], 40, {tv_sec=0, tv_nsec=0}, NULL, 8) = 4
27397<sshd-session> 22:19:14 sendto(13<UNIX-STREAM:[146691->145776]>, "{\"method\":\"io.systemd.UserDataba"..., 132, MSG_DONTWAIT|MSG_NOSIGNAL, NULL, 0) = 132
27397<sshd-session> 22:19:14 epoll_ctl(10<anon_inode:[eventpoll]>, EPOLL_CTL_MOD, 13<UNIX-STREAM:[146691->145776]>, {events=EPOLLIN, data=0x55e0306f40a0}) = 0
27397<sshd-session> 22:19:14 epoll_pwait2(10<anon_inode:[eventpoll]>, [{events=EPOLLIN, data=0x55e03075dd80}, {events=EPOLLIN, data=0x55e03073cae0}, {events=EPOLLIN, data=0x55e0307499a0}, {events=EPOLLIN, data=0x55e0306f40a0}, {events=EPOLLIN, data=0x55e0307859f0}], 40, {tv_sec=0, tv_nsec=0}, NULL, 8) = 5
27397<sshd-session> 22:19:14 brk(0x55e0307c6000) = 0x55e0307c6000
27397<sshd-session> 22:19:14 recvfrom(8<UNIX-STREAM:[146689->145218]>, "{\"error\":\"io.systemd.UserDatabas"..., 131080, MSG_DONTWAIT, NULL, NULL) = 50
27397<sshd-session> 22:19:14 epoll_ctl(10<anon_inode:[eventpoll]>, EPOLL_CTL_MOD, 8<UNIX-STREAM:[146689->145218]>, {events=0, data=0x55e03075dd80}) = 0
27397<sshd-session> 22:19:14 epoll_pwait2(10<anon_inode:[eventpoll]>, [{events=EPOLLIN, data=0x55e03073cae0}, {events=EPOLLIN, data=0x55e0307499a0}, {events=EPOLLIN, data=0x55e0306f40a0}, {events=EPOLLIN, data=0x55e0307859f0}], 40, {tv_sec=0, tv_nsec=0}, NULL, 8) = 4
27397<sshd-session> 22:19:14 recvfrom(12<UNIX-STREAM:[146690->147478]>, "{\"error\":\"io.systemd.UserDatabas"..., 131080, MSG_DONTWAIT, NULL, NULL) = 50
27397<sshd-session> 22:19:14 epoll_ctl(10<anon_inode:[eventpoll]>, EPOLL_CTL_MOD, 12<UNIX-STREAM:[146690->147478]>, {events=0, data=0x55e03073cae0}) = 0
27397<sshd-session> 22:19:14 epoll_pwait2(10<anon_inode:[eventpoll]>, [{events=EPOLLIN, data=0x55e0307499a0}, {events=EPOLLIN, data=0x55e0306f40a0}, {events=EPOLLIN, data=0x55e0307859f0}], 40, {tv_sec=0, tv_nsec=0}, NULL, 8) = 3
27397<sshd-session> 22:19:14 brk(0x55e030806000) = 0x55e030806000
27397<sshd-session> 22:19:14 recvfrom(14<UNIX-STREAM:[146692->147479]>, "{\"error\":\"io.systemd.UserDatabas"..., 131080, MSG_DONTWAIT, NULL, NULL) = 50
27397<sshd-session> 22:19:14 epoll_ctl(10<anon_inode:[eventpoll]>, EPOLL_CTL_MOD, 14<UNIX-STREAM:[146692->147479]>, {events=0, data=0x55e0307499a0}) = 0
27397<sshd-session> 22:19:14 epoll_pwait2(10<anon_inode:[eventpoll]>, [{events=EPOLLIN, data=0x55e0306f40a0}, {events=EPOLLIN, data=0x55e0307859f0}], 40, {tv_sec=0, tv_nsec=0}, NULL, 8) = 2
27397<sshd-session> 22:19:14 recvfrom(15<UNIX-STREAM:[146693->145146]>, "{\"error\":\"io.systemd.UserDatabas"..., 131080, MSG_DONTWAIT, NULL, NULL) = 50
27397<sshd-session> 22:19:14 epoll_ctl(10<anon_inode:[eventpoll]>, EPOLL_CTL_MOD, 15<UNIX-STREAM:[146693->145146]>, {events=0, data=0x55e0307859f0}) = 0
27397<sshd-session> 22:19:14 epoll_pwait2(10<anon_inode:[eventpoll]>, [{events=EPOLLIN, data=0x55e0306f40a0}], 40, {tv_sec=0, tv_nsec=0}, NULL, 8) = 1
27397<sshd-session> 22:19:14 brk(0x55e030846000) = 0x55e030846000
27397<sshd-session> 22:19:14 recvfrom(13<UNIX-STREAM:[146691->145776]>, "{\"error\":\"io.systemd.UserDatabas"..., 131080, MSG_DONTWAIT, NULL, NULL) = 50
27397<sshd-session> 22:19:14 epoll_ctl(10<anon_inode:[eventpoll]>, EPOLL_CTL_MOD, 13<UNIX-STREAM:[146691->145776]>, {events=0, data=0x55e0306f40a0}) = 0
27397<sshd-session> 22:19:14 epoll_pwait2(10<anon_inode:[eventpoll]>, [], 40, {tv_sec=0, tv_nsec=0}, NULL, 8) = 0
27397<sshd-session> 22:19:14 epoll_pwait2(10<anon_inode:[eventpoll]>, [], 40, {tv_sec=0, tv_nsec=0}, NULL, 8) = 0
27397<sshd-session> 22:19:14 epoll_pwait2(10<anon_inode:[eventpoll]>, [], 40, {tv_sec=0, tv_nsec=0}, NULL, 8) = 0
27397<sshd-session> 22:19:14 epoll_pwait2(10<anon_inode:[eventpoll]>, [], 40, {tv_sec=0, tv_nsec=0}, NULL, 8) = 0
27397<sshd-session> 22:19:14 epoll_pwait2(10<anon_inode:[eventpoll]>, [], 40, {tv_sec=0, tv_nsec=0}, NULL, 8) = 0
27397<sshd-session> 22:19:14 epoll_pwait2(10<anon_inode:[eventpoll]>, [], 40, {tv_sec=0, tv_nsec=0}, NULL, 8) = 0
27397<sshd-session> 22:19:14 epoll_ctl(10<anon_inode:[eventpoll]>, EPOLL_CTL_DEL, 8<UNIX-STREAM:[146689->145218]>, NULL) = 0
27397<sshd-session> 22:19:14 close(8<UNIX-STREAM:[146689->145218]>) = 0
27397<sshd-session> 22:19:14 epoll_pwait2(10<anon_inode:[eventpoll]>, [], 40, {tv_sec=0, tv_nsec=0}, NULL, 8) = 0
27397<sshd-session> 22:19:14 epoll_ctl(10<anon_inode:[eventpoll]>, EPOLL_CTL_DEL, 12<UNIX-STREAM:[146690->147478]>, NULL) = 0
27397<sshd-session> 22:19:14 close(12<UNIX-STREAM:[146690->147478]>) = 0
27397<sshd-session> 22:19:14 epoll_pwait2(10<anon_inode:[eventpoll]>, [], 40, {tv_sec=0, tv_nsec=0}, NULL, 8) = 0
27397<sshd-session> 22:19:14 epoll_ctl(10<anon_inode:[eventpoll]>, EPOLL_CTL_DEL, 14<UNIX-STREAM:[146692->147479]>, NULL) = 0
27397<sshd-session> 22:19:14 close(14<UNIX-STREAM:[146692->147479]>) = 0
27397<sshd-session> 22:19:14 epoll_pwait2(10<anon_inode:[eventpoll]>, [], 40, {tv_sec=0, tv_nsec=0}, NULL, 8) = 0
27397<sshd-session> 22:19:14 epoll_ctl(10<anon_inode:[eventpoll]>, EPOLL_CTL_DEL, 15<UNIX-STREAM:[146693->145146]>, NULL) = 0
27397<sshd-session> 22:19:14 close(15<UNIX-STREAM:[146693->145146]>) = 0
27397<sshd-session> 22:19:14 epoll_pwait2(10<anon_inode:[eventpoll]>, [], 40, {tv_sec=0, tv_nsec=0}, NULL, 8) = 0
27397<sshd-session> 22:19:14 epoll_ctl(10<anon_inode:[eventpoll]>, EPOLL_CTL_DEL, 13<UNIX-STREAM:[146691->145776]>, NULL) = 0
27397<sshd-session> 22:19:14 close(13<UNIX-STREAM:[146691->145776]>) = 0
27397<sshd-session> 22:19:14 brk(0x55e0307a6000) = 0x55e0307a6000
27397<sshd-session> 22:19:14 rt_sigprocmask(SIG_SETMASK, [], NULL, 8) = 0
27397<sshd-session> 22:19:14 close(10<anon_inode:[eventpoll]>) = 0
27397<sshd-session> 22:19:14 close(11<anon_inode:[timerfd]>) = 0
27397<sshd-session> 22:19:14 setgroups(2, [1000, 10]) = 0
27397<sshd-session> 22:19:14 setfsgid(1000) = 0
27397<sshd-session> 22:19:14 setfsgid(1000) = 1000
27397<sshd-session> 22:19:14 setfsuid(1000) = 0
27397<sshd-session> 22:19:14 setfsuid(1000) = 1000
27397<sshd-session> 22:19:14 openat(AT_FDCWD</>, "/etc/motd", O_RDONLY) = 6</etc/motd>
27397<sshd-session> 22:19:14 fstat(6</etc/motd>, {st_mode=S_IFREG|0644, st_size=0, ...}) = 0
27397<sshd-session> 22:19:14 close(6</etc/motd>) = 0
27397<sshd-session> 22:19:14 openat(AT_FDCWD</>, "/etc/motd.d", O_RDONLY|O_NONBLOCK|O_CLOEXEC|O_DIRECTORY) = 6</etc/motd.d>
27397<sshd-session> 22:19:14 fstat(6</etc/motd.d>, {st_mode=S_IFDIR|0755, st_size=14, ...}) = 0
27397<sshd-session> 22:19:14 getdents64(6</etc/motd.d>, 0x55e030785bf0 /* 3 entries */, 32768) = 80
27397<sshd-session> 22:19:14 getdents64(6</etc/motd.d>, 0x55e030785bf0 /* 0 entries */, 32768) = 0
27397<sshd-session> 22:19:14 close(6</etc/motd.d>) = 0
27397<sshd-session> 22:19:14 openat(AT_FDCWD</>, "/run/motd.d", O_RDONLY|O_NONBLOCK|O_CLOEXEC|O_DIRECTORY) = 6</run/motd.d>
27397<sshd-session> 22:19:14 fstat(6</run/motd.d>, {st_mode=S_IFDIR|0755, st_size=60, ...}) = 0
27397<sshd-session> 22:19:14 getdents64(6</run/motd.d>, 0x55e030785bf0 /* 3 entries */, 32768) = 80
27397<sshd-session> 22:19:14 getdents64(6</run/motd.d>, 0x55e030785bf0 /* 0 entries */, 32768) = 0
27397<sshd-session> 22:19:14 close(6</run/motd.d>) = 0
27397<sshd-session> 22:19:14 openat(AT_FDCWD</>, "/usr/lib/motd.d", O_RDONLY|O_NONBLOCK|O_CLOEXEC|O_DIRECTORY) = 6</usr/lib/motd.d>
27397<sshd-session> 22:19:14 fstat(6</usr/lib/motd.d>, {st_mode=S_IFDIR|0755, st_size=0, ...}) = 0
27397<sshd-session> 22:19:14 getdents64(6</usr/lib/motd.d>, 0x55e030785bf0 /* 2 entries */, 32768) = 48
27397<sshd-session> 22:19:14 getdents64(6</usr/lib/motd.d>, 0x55e030785bf0 /* 0 entries */, 32768) = 0
27397<sshd-session> 22:19:14 close(6</usr/lib/motd.d>) = 0
27397<sshd-session> 22:19:14 openat(AT_FDCWD</>, "/etc/motd.d/85-fwupd", O_RDONLY) = -1 ENOENT (No such file or directory)
27397<sshd-session> 22:19:14 openat(AT_FDCWD</>, "/run/motd.d/85-fwupd", O_RDONLY) = 6</run/motd.d/85-fwupd>
27397<sshd-session> 22:19:14 fstat(6</run/motd.d/85-fwupd>, {st_mode=S_IFREG|0644, st_size=0, ...}) = 0
27397<sshd-session> 22:19:14 close(6</run/motd.d/85-fwupd>) = 0
27397<sshd-session> 22:19:14 openat(AT_FDCWD</>, "/etc/motd.d/cockpit", O_RDONLY) = 6</run/cockpit/inactive.issue>
27397<sshd-session> 22:19:14 fstat(6</run/cockpit/inactive.issue>, {st_mode=S_IFREG|0640, st_size=70, ...}) = 0
27397<sshd-session> 22:19:14 read(6</run/cockpit/inactive.issue>, "Activate the web console with: s"..., 70) = 70
27397<sshd-session> 22:19:14 close(6</run/cockpit/inactive.issue>) = 0
27397<sshd-session> 22:19:14 setfsuid(0) = 1000
27397<sshd-session> 22:19:14 setfsuid(0) = 0
27397<sshd-session> 22:19:14 setfsgid(0) = 1000
27397<sshd-session> 22:19:14 setfsgid(0) = 0
27397<sshd-session> 22:19:14 setgroups(0, []) = 0
27397<sshd-session> 22:19:14 newfstatat(AT_FDCWD</>, "/etc/nsswitch.conf", {st_mode=S_IFREG|0644, st_size=687, ...}, 0) = 0
27397<sshd-session> 22:19:14 openat(AT_FDCWD</>, "/etc/passwd", O_RDONLY|O_CLOEXEC) = 6</etc/passwd>
27397<sshd-session> 22:19:14 fstat(6</etc/passwd>, {st_mode=S_IFREG|0644, st_size=3346, ...}) = 0
27397<sshd-session> 22:19:14 lseek(6</etc/passwd>, 0, SEEK_SET) = 0
27397<sshd-session> 22:19:14 read(6</etc/passwd>, "root:x:0:0:Super User:/root:/bin"..., 4096) = 3346
27397<sshd-session> 22:19:14 close(6</etc/passwd>) = 0
27397<sshd-session> 22:19:14 prlimit64(0, RLIMIT_CPU, NULL, {rlim_cur=RLIM64_INFINITY, rlim_max=RLIM64_INFINITY}) = 0
27397<sshd-session> 22:19:14 prlimit64(0, RLIMIT_FSIZE, NULL, {rlim_cur=RLIM64_INFINITY, rlim_max=RLIM64_INFINITY}) = 0
27397<sshd-session> 22:19:14 prlimit64(0, RLIMIT_DATA, NULL, {rlim_cur=RLIM64_INFINITY, rlim_max=RLIM64_INFINITY}) = 0
27397<sshd-session> 22:19:14 prlimit64(0, RLIMIT_STACK, NULL, {rlim_cur=8192*1024, rlim_max=RLIM64_INFINITY}) = 0
27397<sshd-session> 22:19:14 prlimit64(0, RLIMIT_CORE, NULL, {rlim_cur=RLIM64_INFINITY, rlim_max=RLIM64_INFINITY}) = 0
27397<sshd-session> 22:19:14 prlimit64(0, RLIMIT_RSS, NULL, {rlim_cur=RLIM64_INFINITY, rlim_max=RLIM64_INFINITY}) = 0
27397<sshd-session> 22:19:14 prlimit64(0, RLIMIT_NPROC, NULL, {rlim_cur=15396, rlim_max=15396}) = 0
27397<sshd-session> 22:19:14 prlimit64(0, RLIMIT_NOFILE, NULL, {rlim_cur=1024, rlim_max=512*1024}) = 0
27397<sshd-session> 22:19:14 prlimit64(0, RLIMIT_MEMLOCK, NULL, {rlim_cur=8192*1024, rlim_max=8192*1024}) = 0
27397<sshd-session> 22:19:14 prlimit64(0, RLIMIT_AS, NULL, {rlim_cur=RLIM64_INFINITY, rlim_max=RLIM64_INFINITY}) = 0
27397<sshd-session> 22:19:14 prlimit64(0, RLIMIT_LOCKS, NULL, {rlim_cur=RLIM64_INFINITY, rlim_max=RLIM64_INFINITY}) = 0
27397<sshd-session> 22:19:14 prlimit64(0, RLIMIT_SIGPENDING, NULL, {rlim_cur=15396, rlim_max=15396}) = 0
27397<sshd-session> 22:19:14 prlimit64(0, RLIMIT_MSGQUEUE, NULL, {rlim_cur=800*1024, rlim_max=800*1024}) = 0
27397<sshd-session> 22:19:14 prlimit64(0, RLIMIT_NICE, NULL, {rlim_cur=0, rlim_max=0}) = 0
27397<sshd-session> 22:19:14 prlimit64(0, RLIMIT_RTPRIO, NULL, {rlim_cur=0, rlim_max=0}) = 0
27397<sshd-session> 22:19:14 prlimit64(0, RLIMIT_RTTIME, NULL, {rlim_cur=RLIM64_INFINITY, rlim_max=RLIM64_INFINITY}) = 0
27397<sshd-session> 22:19:14 getpriority(PRIO_PROCESS, 0) = 20
27397<sshd-session> 22:19:14 openat(AT_FDCWD</>, "/etc/security/limits.conf", O_RDONLY) = 6</etc/security/limits.conf>
27397<sshd-session> 22:19:14 fstat(6</etc/security/limits.conf>, {st_mode=S_IFREG|0644, st_size=2473, ...}) = 0
27397<sshd-session> 22:19:14 read(6</etc/security/limits.conf>, "# /etc/security/limits.conf\n#\n#T"..., 4096) = 2473
27397<sshd-session> 22:19:14 read(6</etc/security/limits.conf>, "", 4096) = 0
27397<sshd-session> 22:19:14 close(6</etc/security/limits.conf>) = 0
27397<sshd-session> 22:19:14 openat(AT_FDCWD</>, "/etc/security/limits.d", O_RDONLY|O_NONBLOCK|O_CLOEXEC|O_DIRECTORY) = 6</etc/security/limits.d>
27397<sshd-session> 22:19:14 fstat(6</etc/security/limits.d>, {st_mode=S_IFDIR|0755, st_size=68, ...}) = 0
27397<sshd-session> 22:19:14 getdents64(6</etc/security/limits.d>, 0x55e030785bf0 /* 4 entries */, 32768) = 128
27397<sshd-session> 22:19:14 getdents64(6</etc/security/limits.d>, 0x55e030785bf0 /* 0 entries */, 32768) = 0
27397<sshd-session> 22:19:14 close(6</etc/security/limits.d>) = 0
27397<sshd-session> 22:19:14 openat(AT_FDCWD</>, "/etc/security/limits.d/10-gamemode.conf", O_RDONLY) = 6</etc/security/limits.d/10-gamemode.conf>
27397<sshd-session> 22:19:14 fstat(6</etc/security/limits.d/10-gamemode.conf>, {st_mode=S_IFREG|0644, st_size=21, ...}) = 0
27397<sshd-session> 22:19:14 read(6</etc/security/limits.d/10-gamemode.conf>, "@gamemode - nice -10\n", 4096) = 21
27397<sshd-session> 22:19:14 newfstatat(AT_FDCWD</>, "/etc/nsswitch.conf", {st_mode=S_IFREG|0644, st_size=687, ...}, 0) = 0
27397<sshd-session> 22:19:14 openat(AT_FDCWD</>, "/etc/passwd", O_RDONLY|O_CLOEXEC) = 8</etc/passwd>
27397<sshd-session> 22:19:14 fstat(8</etc/passwd>, {st_mode=S_IFREG|0644, st_size=3346, ...}) = 0
27397<sshd-session> 22:19:14 lseek(8</etc/passwd>, 0, SEEK_SET) = 0
27397<sshd-session> 22:19:14 read(8</etc/passwd>, "root:x:0:0:Super User:/root:/bin"..., 4096) = 3346
27397<sshd-session> 22:19:14 close(8</etc/passwd>) = 0
27397<sshd-session> 22:19:14 newfstatat(AT_FDCWD</>, "/etc/nsswitch.conf", {st_mode=S_IFREG|0644, st_size=687, ...}, 0) = 0
27397<sshd-session> 22:19:14 openat(AT_FDCWD</>, "/etc/group", O_RDONLY|O_CLOEXEC) = 8</etc/group>
27397<sshd-session> 22:19:14 fstat(8</etc/group>, {st_mode=S_IFREG|0644, st_size=1211, ...}) = 0
27397<sshd-session> 22:19:14 lseek(8</etc/group>, 0, SEEK_SET) = 0
27397<sshd-session> 22:19:14 read(8</etc/group>, "root:x:0:\nsys:x:3:\nadm:x:4:\ntty:"..., 4096) = 1211
27397<sshd-session> 22:19:14 lseek(8</etc/group>, 1194, SEEK_SET) = 1194
27397<sshd-session> 22:19:14 close(8</etc/group>) = 0
27397<sshd-session> 22:19:14 rt_sigprocmask(SIG_BLOCK, [HUP USR1 USR2 PIPE ALRM CHLD TSTP URG VTALRM PROF WINCH IO], [], 8) = 0
27397<sshd-session> 22:19:14 openat(AT_FDCWD</>, "/run/systemd/userdb/", O_RDONLY|O_NONBLOCK|O_CLOEXEC|O_DIRECTORY) = 8</run/systemd/userdb>
27397<sshd-session> 22:19:14 fstat(8</run/systemd/userdb>, {st_mode=S_IFDIR|0755, st_size=180, ...}) = 0
27397<sshd-session> 22:19:14 getdents64(8</run/systemd/userdb>, 0x55e030785bf0 /* 9 entries */, 32768) = 360
27397<sshd-session> 22:19:14 socket(AF_UNIX, SOCK_STREAM|SOCK_CLOEXEC|SOCK_NONBLOCK, 0) = 10<UNIX-STREAM:[146694]>
27397<sshd-session> 22:19:14 connect(10<UNIX-STREAM:[146694]>, {sa_family=AF_UNIX, sun_path="/run/systemd/userdb/io.systemd.DynamicUser"}, 45) = 0
27397<sshd-session> 22:19:14 epoll_create1(EPOLL_CLOEXEC) = 11<anon_inode:[eventpoll]>
27397<sshd-session> 22:19:14 timerfd_create(CLOCK_MONOTONIC, TFD_CLOEXEC|TFD_NONBLOCK) = 12<anon_inode:[timerfd]>
27397<sshd-session> 22:19:14 epoll_ctl(11<anon_inode:[eventpoll]>, EPOLL_CTL_ADD, 12<anon_inode:[timerfd]>, {events=EPOLLIN, data=0x55e0307741a0}) = 0
27397<sshd-session> 22:19:14 epoll_ctl(11<anon_inode:[eventpoll]>, EPOLL_CTL_ADD, 10<UNIX-STREAM:[146694->145229]>, {events=0, data=0x55e0306f40a0}) = 0
27397<sshd-session> 22:19:14 socket(AF_UNIX, SOCK_STREAM|SOCK_CLOEXEC|SOCK_NONBLOCK, 0) = 13<UNIX-STREAM:[146695]>
27397<sshd-session> 22:19:14 connect(13<UNIX-STREAM:[146695]>, {sa_family=AF_UNIX, sun_path="/run/systemd/userdb/org.gnome.DisplayManager"}, 47) = 0
27397<sshd-session> 22:19:14 epoll_ctl(11<anon_inode:[eventpoll]>, EPOLL_CTL_ADD, 13<UNIX-STREAM:[146695->147486]>, {events=0, data=0x55e0307859f0}) = 0
27397<sshd-session> 22:19:14 socket(AF_UNIX, SOCK_STREAM|SOCK_CLOEXEC|SOCK_NONBLOCK, 0) = 14<UNIX-STREAM:[146696]>
27397<sshd-session> 22:19:14 connect(14<UNIX-STREAM:[146696]>, {sa_family=AF_UNIX, sun_path="/run/systemd/userdb/io.systemd.Machine"}, 41) = 0
27397<sshd-session> 22:19:14 epoll_ctl(11<anon_inode:[eventpoll]>, EPOLL_CTL_ADD, 14<UNIX-STREAM:[146696->145777]>, {events=0, data=0x55e0307499a0}) = 0
27397<sshd-session> 22:19:14 socket(AF_UNIX, SOCK_STREAM|SOCK_CLOEXEC|SOCK_NONBLOCK, 0) = 15<UNIX-STREAM:[146697]>
27397<sshd-session> 22:19:14 connect(15<UNIX-STREAM:[146697]>, {sa_family=AF_UNIX, sun_path="/run/systemd/userdb/io.systemd.Home"}, 38) = 0
27397<sshd-session> 22:19:14 epoll_ctl(11<anon_inode:[eventpoll]>, EPOLL_CTL_ADD, 15<UNIX-STREAM:[146697->147487]>, {events=0, data=0x55e03073cae0}) = 0
27397<sshd-session> 22:19:14 socket(AF_UNIX, SOCK_STREAM|SOCK_CLOEXEC|SOCK_NONBLOCK, 0) = 16<UNIX-STREAM:[146698]>
27397<sshd-session> 22:19:14 connect(16<UNIX-STREAM:[146698]>, {sa_family=AF_UNIX, sun_path="/run/systemd/userdb/io.systemd.DropIn"}, 40) = 0
27397<sshd-session> 22:19:14 epoll_ctl(11<anon_inode:[eventpoll]>, EPOLL_CTL_ADD, 16<UNIX-STREAM:[146698->146584]>, {events=0, data=0x55e03075dd80}) = 0
27397<sshd-session> 22:19:14 getdents64(8</run/systemd/userdb>, 0x55e030785bf0 /* 0 entries */, 32768) = 0
27397<sshd-session> 22:19:14 close(8</run/systemd/userdb>) = 0
27397<sshd-session> 22:19:14 epoll_ctl(11<anon_inode:[eventpoll]>, EPOLL_CTL_MOD, 10<UNIX-STREAM:[146694->145229]>, {events=EPOLLIN|EPOLLOUT, data=0x55e0306f40a0}) = 0
27397<sshd-session> 22:19:14 epoll_ctl(11<anon_inode:[eventpoll]>, EPOLL_CTL_MOD, 13<UNIX-STREAM:[146695->147486]>, {events=EPOLLIN|EPOLLOUT, data=0x55e0307859f0}) = 0
27397<sshd-session> 22:19:14 epoll_ctl(11<anon_inode:[eventpoll]>, EPOLL_CTL_MOD, 15<UNIX-STREAM:[146697->147487]>, {events=EPOLLIN|EPOLLOUT, data=0x55e03073cae0}) = 0
27397<sshd-session> 22:19:14 epoll_ctl(11<anon_inode:[eventpoll]>, EPOLL_CTL_MOD, 16<UNIX-STREAM:[146698->146584]>, {events=EPOLLIN|EPOLLOUT, data=0x55e03075dd80}) = 0
27397<sshd-session> 22:19:14 epoll_ctl(11<anon_inode:[eventpoll]>, EPOLL_CTL_MOD, 14<UNIX-STREAM:[146696->145777]>, {events=EPOLLIN|EPOLLOUT, data=0x55e0307499a0}) = 0
27397<sshd-session> 22:19:14 timerfd_settime(12<anon_inode:[timerfd]>, TFD_TIMER_ABSTIME, {it_interval={tv_sec=0, tv_nsec=0}, it_value={tv_sec=11910, tv_nsec=37318000}}, NULL) = 0
27397<sshd-session> 22:19:14 epoll_pwait2(11<anon_inode:[eventpoll]>, [{events=EPOLLOUT, data=0x55e0306f40a0}, {events=EPOLLOUT, data=0x55e0307859f0}, {events=EPOLLOUT, data=0x55e03073cae0}, {events=EPOLLOUT, data=0x55e03075dd80}, {events=EPOLLOUT, data=0x55e0307499a0}], 40, {tv_sec=0, tv_nsec=0}, NULL, 8) = 5
27397<sshd-session> 22:19:14 sendto(10<UNIX-STREAM:[146694->145229]>, "{\"method\":\"io.systemd.UserDataba"..., 125, MSG_DONTWAIT|MSG_NOSIGNAL, NULL, 0) = 125
27397<sshd-session> 22:19:14 epoll_ctl(11<anon_inode:[eventpoll]>, EPOLL_CTL_MOD, 10<UNIX-STREAM:[146694->145229]>, {events=EPOLLIN, data=0x55e0306f40a0}) = 0
27397<sshd-session> 22:19:14 epoll_pwait2(11<anon_inode:[eventpoll]>, [{events=EPOLLIN, data=0x55e0306f40a0}, {events=EPOLLOUT, data=0x55e0307859f0}, {events=EPOLLOUT, data=0x55e03073cae0}, {events=EPOLLOUT, data=0x55e03075dd80}, {events=EPOLLOUT, data=0x55e0307499a0}], 40, {tv_sec=0, tv_nsec=0}, NULL, 8) = 5
27397<sshd-session> 22:19:14 sendto(13<UNIX-STREAM:[146695->147486]>, "{\"method\":\"io.systemd.UserDataba"..., 127, MSG_DONTWAIT|MSG_NOSIGNAL, NULL, 0) = 127
27397<sshd-session> 22:19:14 epoll_ctl(11<anon_inode:[eventpoll]>, EPOLL_CTL_MOD, 13<UNIX-STREAM:[146695->147486]>, {events=EPOLLIN, data=0x55e0307859f0}) = 0
27397<sshd-session> 22:19:14 epoll_pwait2(11<anon_inode:[eventpoll]>, [{events=EPOLLIN, data=0x55e0306f40a0}, {events=EPOLLIN, data=0x55e0307859f0}, {events=EPOLLOUT, data=0x55e03073cae0}, {events=EPOLLOUT, data=0x55e03075dd80}, {events=EPOLLOUT, data=0x55e0307499a0}], 40, {tv_sec=0, tv_nsec=0}, NULL, 8) = 5
27397<sshd-session> 22:19:14 sendto(15<UNIX-STREAM:[146697->147487]>, "{\"method\":\"io.systemd.UserDataba"..., 118, MSG_DONTWAIT|MSG_NOSIGNAL, NULL, 0) = 118
27397<sshd-session> 22:19:14 epoll_ctl(11<anon_inode:[eventpoll]>, EPOLL_CTL_MOD, 15<UNIX-STREAM:[146697->147487]>, {events=EPOLLIN, data=0x55e03073cae0}) = 0
27397<sshd-session> 22:19:14 epoll_pwait2(11<anon_inode:[eventpoll]>, [{events=EPOLLIN, data=0x55e0306f40a0}, {events=EPOLLIN, data=0x55e0307859f0}, {events=EPOLLIN, data=0x55e03073cae0}, {events=EPOLLOUT, data=0x55e03075dd80}, {events=EPOLLOUT, data=0x55e0307499a0}], 40, {tv_sec=0, tv_nsec=0}, NULL, 8) = 5
27397<sshd-session> 22:19:14 sendto(16<UNIX-STREAM:[146698->146584]>, "{\"method\":\"io.systemd.UserDataba"..., 120, MSG_DONTWAIT|MSG_NOSIGNAL, NULL, 0) = 120
27397<sshd-session> 22:19:14 epoll_ctl(11<anon_inode:[eventpoll]>, EPOLL_CTL_MOD, 16<UNIX-STREAM:[146698->146584]>, {events=EPOLLIN, data=0x55e03075dd80}) = 0
27397<sshd-session> 22:19:14 epoll_pwait2(11<anon_inode:[eventpoll]>, [{events=EPOLLIN, data=0x55e0306f40a0}, {events=EPOLLIN, data=0x55e0307859f0}, {events=EPOLLIN, data=0x55e03073cae0}, {events=EPOLLOUT, data=0x55e0307499a0}], 40, {tv_sec=0, tv_nsec=0}, NULL, 8) = 4
27397<sshd-session> 22:19:14 sendto(14<UNIX-STREAM:[146696->145777]>, "{\"method\":\"io.systemd.UserDataba"..., 121, MSG_DONTWAIT|MSG_NOSIGNAL, NULL, 0) = 121
27397<sshd-session> 22:19:14 epoll_ctl(11<anon_inode:[eventpoll]>, EPOLL_CTL_MOD, 14<UNIX-STREAM:[146696->145777]>, {events=EPOLLIN, data=0x55e0307499a0}) = 0
27397<sshd-session> 22:19:14 epoll_pwait2(11<anon_inode:[eventpoll]>, [{events=EPOLLIN, data=0x55e0306f40a0}, {events=EPOLLIN, data=0x55e0307859f0}, {events=EPOLLIN, data=0x55e03073cae0}, {events=EPOLLIN, data=0x55e0307499a0}, {events=EPOLLIN, data=0x55e03075dd80}], 40, {tv_sec=0, tv_nsec=0}, NULL, 8) = 5
27397<sshd-session> 22:19:14 recvfrom(10<UNIX-STREAM:[146694->145229]>, "{\"error\":\"io.systemd.UserDatabas"..., 131080, MSG_DONTWAIT, NULL, NULL) = 50
27397<sshd-session> 22:19:14 epoll_ctl(11<anon_inode:[eventpoll]>, EPOLL_CTL_MOD, 10<UNIX-STREAM:[146694->145229]>, {events=0, data=0x55e0306f40a0}) = 0
27397<sshd-session> 22:19:14 epoll_pwait2(11<anon_inode:[eventpoll]>, [{events=EPOLLIN, data=0x55e0307859f0}, {events=EPOLLIN, data=0x55e03073cae0}, {events=EPOLLIN, data=0x55e0307499a0}, {events=EPOLLIN, data=0x55e03075dd80}], 40, {tv_sec=0, tv_nsec=0}, NULL, 8) = 4
27397<sshd-session> 22:19:14 brk(0x55e0307e6000) = 0x55e0307e6000
27397<sshd-session> 22:19:14 recvfrom(13<UNIX-STREAM:[146695->147486]>, "{\"error\":\"io.systemd.UserDatabas"..., 131080, MSG_DONTWAIT, NULL, NULL) = 50
27397<sshd-session> 22:19:14 epoll_ctl(11<anon_inode:[eventpoll]>, EPOLL_CTL_MOD, 13<UNIX-STREAM:[146695->147486]>, {events=0, data=0x55e0307859f0}) = 0
27397<sshd-session> 22:19:14 epoll_pwait2(11<anon_inode:[eventpoll]>, [{events=EPOLLIN, data=0x55e03073cae0}, {events=EPOLLIN, data=0x55e0307499a0}, {events=EPOLLIN, data=0x55e03075dd80}], 40, {tv_sec=0, tv_nsec=0}, NULL, 8) = 3
27397<sshd-session> 22:19:14 recvfrom(15<UNIX-STREAM:[146697->147487]>, "{\"error\":\"io.systemd.UserDatabas"..., 131080, MSG_DONTWAIT, NULL, NULL) = 50
27397<sshd-session> 22:19:14 epoll_ctl(11<anon_inode:[eventpoll]>, EPOLL_CTL_MOD, 15<UNIX-STREAM:[146697->147487]>, {events=0, data=0x55e03073cae0}) = 0
27397<sshd-session> 22:19:14 epoll_pwait2(11<anon_inode:[eventpoll]>, [{events=EPOLLIN, data=0x55e0307499a0}, {events=EPOLLIN, data=0x55e03075dd80}], 40, {tv_sec=0, tv_nsec=0}, NULL, 8) = 2
27397<sshd-session> 22:19:14 brk(0x55e030826000) = 0x55e030826000
27397<sshd-session> 22:19:14 recvfrom(16<UNIX-STREAM:[146698->146584]>, "{\"error\":\"io.systemd.UserDatabas"..., 131080, MSG_DONTWAIT, NULL, NULL) = 50
27397<sshd-session> 22:19:14 epoll_ctl(11<anon_inode:[eventpoll]>, EPOLL_CTL_MOD, 16<UNIX-STREAM:[146698->146584]>, {events=0, data=0x55e03075dd80}) = 0
27397<sshd-session> 22:19:14 epoll_pwait2(11<anon_inode:[eventpoll]>, [{events=EPOLLIN, data=0x55e0307499a0}], 40, {tv_sec=0, tv_nsec=0}, NULL, 8) = 1
27397<sshd-session> 22:19:14 recvfrom(14<UNIX-STREAM:[146696->145777]>, "{\"error\":\"io.systemd.UserDatabas"..., 131080, MSG_DONTWAIT, NULL, NULL) = 50
27397<sshd-session> 22:19:14 epoll_ctl(11<anon_inode:[eventpoll]>, EPOLL_CTL_MOD, 14<UNIX-STREAM:[146696->145777]>, {events=0, data=0x55e0307499a0}) = 0
27397<sshd-session> 22:19:14 epoll_pwait2(11<anon_inode:[eventpoll]>, [], 40, {tv_sec=0, tv_nsec=0}, NULL, 8) = 0
27397<sshd-session> 22:19:14 epoll_pwait2(11<anon_inode:[eventpoll]>, [], 40, {tv_sec=0, tv_nsec=0}, NULL, 8) = 0
27397<sshd-session> 22:19:14 epoll_pwait2(11<anon_inode:[eventpoll]>, [], 40, {tv_sec=0, tv_nsec=0}, NULL, 8) = 0
27397<sshd-session> 22:19:14 epoll_pwait2(11<anon_inode:[eventpoll]>, [], 40, {tv_sec=0, tv_nsec=0}, NULL, 8) = 0
27397<sshd-session> 22:19:14 epoll_pwait2(11<anon_inode:[eventpoll]>, [], 40, {tv_sec=0, tv_nsec=0}, NULL, 8) = 0
27397<sshd-session> 22:19:14 epoll_pwait2(11<anon_inode:[eventpoll]>, [], 40, {tv_sec=0, tv_nsec=0}, NULL, 8) = 0
27397<sshd-session> 22:19:14 epoll_ctl(11<anon_inode:[eventpoll]>, EPOLL_CTL_DEL, 10<UNIX-STREAM:[146694->145229]>, NULL) = 0
27397<sshd-session> 22:19:14 close(10<UNIX-STREAM:[146694->145229]>) = 0
27397<sshd-session> 22:19:14 epoll_pwait2(11<anon_inode:[eventpoll]>, [], 40, {tv_sec=0, tv_nsec=0}, NULL, 8) = 0
27397<sshd-session> 22:19:14 epoll_ctl(11<anon_inode:[eventpoll]>, EPOLL_CTL_DEL, 13<UNIX-STREAM:[146695->147486]>, NULL) = 0
27397<sshd-session> 22:19:14 close(13<UNIX-STREAM:[146695->147486]>) = 0
27397<sshd-session> 22:19:14 epoll_pwait2(11<anon_inode:[eventpoll]>, [], 40, {tv_sec=0, tv_nsec=0}, NULL, 8) = 0
27397<sshd-session> 22:19:14 epoll_ctl(11<anon_inode:[eventpoll]>, EPOLL_CTL_DEL, 15<UNIX-STREAM:[146697->147487]>, NULL) = 0
27397<sshd-session> 22:19:14 close(15<UNIX-STREAM:[146697->147487]>) = 0
27397<sshd-session> 22:19:14 epoll_pwait2(11<anon_inode:[eventpoll]>, [], 40, {tv_sec=0, tv_nsec=0}, NULL, 8) = 0
27397<sshd-session> 22:19:14 epoll_ctl(11<anon_inode:[eventpoll]>, EPOLL_CTL_DEL, 16<UNIX-STREAM:[146698->146584]>, NULL) = 0
27397<sshd-session> 22:19:14 close(16<UNIX-STREAM:[146698->146584]>) = 0
27397<sshd-session> 22:19:14 epoll_pwait2(11<anon_inode:[eventpoll]>, [], 40, {tv_sec=0, tv_nsec=0}, NULL, 8) = 0
27397<sshd-session> 22:19:14 epoll_ctl(11<anon_inode:[eventpoll]>, EPOLL_CTL_DEL, 14<UNIX-STREAM:[146696->145777]>, NULL) = 0
27397<sshd-session> 22:19:14 close(14<UNIX-STREAM:[146696->145777]>) = 0
27397<sshd-session> 22:19:14 brk(0x55e0307a6000) = 0x55e0307a6000
27397<sshd-session> 22:19:14 close(11<anon_inode:[eventpoll]>) = 0
27397<sshd-session> 22:19:14 close(12<anon_inode:[timerfd]>) = 0
27397<sshd-session> 22:19:14 openat(AT_FDCWD</>, "/run/systemd/userdb/", O_RDONLY|O_NONBLOCK|O_CLOEXEC|O_DIRECTORY) = 8</run/systemd/userdb>
27397<sshd-session> 22:19:14 fstat(8</run/systemd/userdb>, {st_mode=S_IFDIR|0755, st_size=180, ...}) = 0
27397<sshd-session> 22:19:14 getdents64(8</run/systemd/userdb>, 0x55e030785bf0 /* 9 entries */, 32768) = 360
27397<sshd-session> 22:19:14 socket(AF_UNIX, SOCK_STREAM|SOCK_CLOEXEC|SOCK_NONBLOCK, 0) = 10<UNIX-STREAM:[146700]>
27397<sshd-session> 22:19:14 connect(10<UNIX-STREAM:[146700]>, {sa_family=AF_UNIX, sun_path="/run/systemd/userdb/io.systemd.DynamicUser"}, 45) = 0
27397<sshd-session> 22:19:14 epoll_create1(EPOLL_CLOEXEC) = 11<anon_inode:[eventpoll]>
27397<sshd-session> 22:19:14 timerfd_create(CLOCK_MONOTONIC, TFD_CLOEXEC|TFD_NONBLOCK) = 12<anon_inode:[timerfd]>
27397<sshd-session> 22:19:14 epoll_ctl(11<anon_inode:[eventpoll]>, EPOLL_CTL_ADD, 12<anon_inode:[timerfd]>, {events=EPOLLIN, data=0x55e0307741a0}) = 0
27397<sshd-session> 22:19:14 epoll_ctl(11<anon_inode:[eventpoll]>, EPOLL_CTL_ADD, 10<UNIX-STREAM:[146700->145240]>, {events=0, data=0x55e0307499a0}) = 0
27397<sshd-session> 22:19:14 socket(AF_UNIX, SOCK_STREAM|SOCK_CLOEXEC|SOCK_NONBLOCK, 0) = 13<UNIX-STREAM:[146701]>
27397<sshd-session> 22:19:14 connect(13<UNIX-STREAM:[146701]>, {sa_family=AF_UNIX, sun_path="/run/systemd/userdb/org.gnome.DisplayManager"}, 47) = 0
27397<sshd-session> 22:19:14 epoll_ctl(11<anon_inode:[eventpoll]>, EPOLL_CTL_ADD, 13<UNIX-STREAM:[146701->147492]>, {events=0, data=0x55e03075dd80}) = 0
27397<sshd-session> 22:19:14 socket(AF_UNIX, SOCK_STREAM|SOCK_CLOEXEC|SOCK_NONBLOCK, 0) = 14<UNIX-STREAM:[146702]>
27397<sshd-session> 22:19:14 connect(14<UNIX-STREAM:[146702]>, {sa_family=AF_UNIX, sun_path="/run/systemd/userdb/io.systemd.Machine"}, 41) = 0
27397<sshd-session> 22:19:14 epoll_ctl(11<anon_inode:[eventpoll]>, EPOLL_CTL_ADD, 14<UNIX-STREAM:[146702->145778]>, {events=0, data=0x55e03073cae0}) = 0
27397<sshd-session> 22:19:14 socket(AF_UNIX, SOCK_STREAM|SOCK_CLOEXEC|SOCK_NONBLOCK, 0) = 15<UNIX-STREAM:[146703]>
27397<sshd-session> 22:19:14 connect(15<UNIX-STREAM:[146703]>, {sa_family=AF_UNIX, sun_path="/run/systemd/userdb/io.systemd.Home"}, 38) = 0
27397<sshd-session> 22:19:14 epoll_ctl(11<anon_inode:[eventpoll]>, EPOLL_CTL_ADD, 15<UNIX-STREAM:[146703->147493]>, {events=0, data=0x55e0307859f0}) = 0
27397<sshd-session> 22:19:14 socket(AF_UNIX, SOCK_STREAM|SOCK_CLOEXEC|SOCK_NONBLOCK, 0) = 16<UNIX-STREAM:[146704]>
27397<sshd-session> 22:19:14 connect(16<UNIX-STREAM:[146704]>, {sa_family=AF_UNIX, sun_path="/run/systemd/userdb/io.systemd.DropIn"}, 40) = 0
27397<sshd-session> 22:19:14 epoll_ctl(11<anon_inode:[eventpoll]>, EPOLL_CTL_ADD, 16<UNIX-STREAM:[146704->146685]>, {events=0, data=0x55e0306f40a0}) = 0
27397<sshd-session> 22:19:14 getdents64(8</run/systemd/userdb>, 0x55e030785bf0 /* 0 entries */, 32768) = 0
27397<sshd-session> 22:19:14 close(8</run/systemd/userdb>) = 0
27397<sshd-session> 22:19:14 epoll_ctl(11<anon_inode:[eventpoll]>, EPOLL_CTL_MOD, 10<UNIX-STREAM:[146700->145240]>, {events=EPOLLIN|EPOLLOUT, data=0x55e0307499a0}) = 0
27397<sshd-session> 22:19:14 epoll_ctl(11<anon_inode:[eventpoll]>, EPOLL_CTL_MOD, 13<UNIX-STREAM:[146701->147492]>, {events=EPOLLIN|EPOLLOUT, data=0x55e03075dd80}) = 0
27397<sshd-session> 22:19:14 epoll_ctl(11<anon_inode:[eventpoll]>, EPOLL_CTL_MOD, 15<UNIX-STREAM:[146703->147493]>, {events=EPOLLIN|EPOLLOUT, data=0x55e0307859f0}) = 0
27397<sshd-session> 22:19:14 epoll_ctl(11<anon_inode:[eventpoll]>, EPOLL_CTL_MOD, 16<UNIX-STREAM:[146704->146685]>, {events=EPOLLIN|EPOLLOUT, data=0x55e0306f40a0}) = 0
27397<sshd-session> 22:19:14 epoll_ctl(11<anon_inode:[eventpoll]>, EPOLL_CTL_MOD, 14<UNIX-STREAM:[146702->145778]>, {events=EPOLLIN|EPOLLOUT, data=0x55e03073cae0}) = 0
27397<sshd-session> 22:19:14 timerfd_settime(12<anon_inode:[timerfd]>, TFD_TIMER_ABSTIME, {it_interval={tv_sec=0, tv_nsec=0}, it_value={tv_sec=11910, tv_nsec=37318000}}, NULL) = 0
27397<sshd-session> 22:19:14 epoll_pwait2(11<anon_inode:[eventpoll]>, [{events=EPOLLOUT, data=0x55e0307499a0}, {events=EPOLLOUT, data=0x55e03075dd80}, {events=EPOLLOUT, data=0x55e0307859f0}, {events=EPOLLOUT, data=0x55e0306f40a0}, {events=EPOLLOUT, data=0x55e03073cae0}], 40, {tv_sec=0, tv_nsec=0}, NULL, 8) = 5
27397<sshd-session> 22:19:14 sendto(10<UNIX-STREAM:[146700->145240]>, "{\"method\":\"io.systemd.UserDataba"..., 137, MSG_DONTWAIT|MSG_NOSIGNAL, NULL, 0) = 137
27397<sshd-session> 22:19:14 epoll_ctl(11<anon_inode:[eventpoll]>, EPOLL_CTL_MOD, 10<UNIX-STREAM:[146700->145240]>, {events=EPOLLIN, data=0x55e0307499a0}) = 0
27397<sshd-session> 22:19:14 epoll_pwait2(11<anon_inode:[eventpoll]>, [{events=EPOLLIN, data=0x55e0307499a0}, {events=EPOLLOUT, data=0x55e03075dd80}, {events=EPOLLOUT, data=0x55e0307859f0}, {events=EPOLLOUT, data=0x55e0306f40a0}, {events=EPOLLOUT, data=0x55e03073cae0}], 40, {tv_sec=0, tv_nsec=0}, NULL, 8) = 5
27397<sshd-session> 22:19:14 sendto(13<UNIX-STREAM:[146701->147492]>, "{\"method\":\"io.systemd.UserDataba"..., 139, MSG_DONTWAIT|MSG_NOSIGNAL, NULL, 0) = 139
27397<sshd-session> 22:19:14 epoll_ctl(11<anon_inode:[eventpoll]>, EPOLL_CTL_MOD, 13<UNIX-STREAM:[146701->147492]>, {events=EPOLLIN, data=0x55e03075dd80}) = 0
27397<sshd-session> 22:19:14 epoll_pwait2(11<anon_inode:[eventpoll]>, [{events=EPOLLIN, data=0x55e0307499a0}, {events=EPOLLIN, data=0x55e03075dd80}, {events=EPOLLOUT, data=0x55e0307859f0}, {events=EPOLLOUT, data=0x55e0306f40a0}, {events=EPOLLOUT, data=0x55e03073cae0}], 40, {tv_sec=0, tv_nsec=0}, NULL, 8) = 5
27397<sshd-session> 22:19:14 sendto(15<UNIX-STREAM:[146703->147493]>, "{\"method\":\"io.systemd.UserDataba"..., 130, MSG_DONTWAIT|MSG_NOSIGNAL, NULL, 0) = 130
27397<sshd-session> 22:19:14 epoll_ctl(11<anon_inode:[eventpoll]>, EPOLL_CTL_MOD, 15<UNIX-STREAM:[146703->147493]>, {events=EPOLLIN, data=0x55e0307859f0}) = 0
27397<sshd-session> 22:19:14 epoll_pwait2(11<anon_inode:[eventpoll]>, [{events=EPOLLIN, data=0x55e0307499a0}, {events=EPOLLIN, data=0x55e03075dd80}, {events=EPOLLIN, data=0x55e0307859f0}, {events=EPOLLOUT, data=0x55e0306f40a0}, {events=EPOLLOUT, data=0x55e03073cae0}], 40, {tv_sec=0, tv_nsec=0}, NULL, 8) = 5
27397<sshd-session> 22:19:14 sendto(16<UNIX-STREAM:[146704->146685]>, "{\"method\":\"io.systemd.UserDataba"..., 132, MSG_DONTWAIT|MSG_NOSIGNAL, NULL, 0) = 132
27397<sshd-session> 22:19:14 epoll_ctl(11<anon_inode:[eventpoll]>, EPOLL_CTL_MOD, 16<UNIX-STREAM:[146704->146685]>, {events=EPOLLIN, data=0x55e0306f40a0}) = 0
27397<sshd-session> 22:19:14 epoll_pwait2(11<anon_inode:[eventpoll]>, [{events=EPOLLIN, data=0x55e0307499a0}, {events=EPOLLIN, data=0x55e03075dd80}, {events=EPOLLIN, data=0x55e0307859f0}, {events=EPOLLOUT, data=0x55e03073cae0}], 40, {tv_sec=0, tv_nsec=0}, NULL, 8) = 4
27397<sshd-session> 22:19:14 sendto(14<UNIX-STREAM:[146702->145778]>, "{\"method\":\"io.systemd.UserDataba"..., 133, MSG_DONTWAIT|MSG_NOSIGNAL, NULL, 0) = 133
27397<sshd-session> 22:19:14 epoll_ctl(11<anon_inode:[eventpoll]>, EPOLL_CTL_MOD, 14<UNIX-STREAM:[146702->145778]>, {events=EPOLLIN, data=0x55e03073cae0}) = 0
27397<sshd-session> 22:19:14 epoll_pwait2(11<anon_inode:[eventpoll]>, [{events=EPOLLIN, data=0x55e0307499a0}, {events=EPOLLIN, data=0x55e03075dd80}, {events=EPOLLIN, data=0x55e0307859f0}, {events=EPOLLIN, data=0x55e03073cae0}, {events=EPOLLIN, data=0x55e0306f40a0}], 40, {tv_sec=0, tv_nsec=0}, NULL, 8) = 5
27397<sshd-session> 22:19:14 recvfrom(10<UNIX-STREAM:[146700->145240]>, "{\"error\":\"io.systemd.UserDatabas"..., 131080, MSG_DONTWAIT, NULL, NULL) = 50
27397<sshd-session> 22:19:14 epoll_ctl(11<anon_inode:[eventpoll]>, EPOLL_CTL_MOD, 10<UNIX-STREAM:[146700->145240]>, {events=0, data=0x55e0307499a0}) = 0
27397<sshd-session> 22:19:14 epoll_pwait2(11<anon_inode:[eventpoll]>, [{events=EPOLLIN, data=0x55e03075dd80}, {events=EPOLLIN, data=0x55e0307859f0}, {events=EPOLLIN, data=0x55e03073cae0}, {events=EPOLLIN, data=0x55e0306f40a0}], 40, {tv_sec=0, tv_nsec=0}, NULL, 8) = 4
27397<sshd-session> 22:19:14 brk(0x55e0307e6000) = 0x55e0307e6000
27397<sshd-session> 22:19:14 recvfrom(13<UNIX-STREAM:[146701->147492]>, "{\"error\":\"io.systemd.UserDatabas"..., 131080, MSG_DONTWAIT, NULL, NULL) = 50
27397<sshd-session> 22:19:14 epoll_ctl(11<anon_inode:[eventpoll]>, EPOLL_CTL_MOD, 13<UNIX-STREAM:[146701->147492]>, {events=0, data=0x55e03075dd80}) = 0
27397<sshd-session> 22:19:14 epoll_pwait2(11<anon_inode:[eventpoll]>, [{events=EPOLLIN, data=0x55e0307859f0}, {events=EPOLLIN, data=0x55e03073cae0}, {events=EPOLLIN, data=0x55e0306f40a0}], 40, {tv_sec=0, tv_nsec=0}, NULL, 8) = 3
27397<sshd-session> 22:19:14 recvfrom(15<UNIX-STREAM:[146703->147493]>, "{\"error\":\"io.systemd.UserDatabas"..., 131080, MSG_DONTWAIT, NULL, NULL) = 50
27397<sshd-session> 22:19:14 epoll_ctl(11<anon_inode:[eventpoll]>, EPOLL_CTL_MOD, 15<UNIX-STREAM:[146703->147493]>, {events=0, data=0x55e0307859f0}) = 0
27397<sshd-session> 22:19:14 epoll_pwait2(11<anon_inode:[eventpoll]>, [{events=EPOLLIN, data=0x55e03073cae0}, {events=EPOLLIN, data=0x55e0306f40a0}], 40, {tv_sec=0, tv_nsec=0}, NULL, 8) = 2
27397<sshd-session> 22:19:14 brk(0x55e030826000) = 0x55e030826000
27397<sshd-session> 22:19:14 recvfrom(16<UNIX-STREAM:[146704->146685]>, "{\"error\":\"io.systemd.UserDatabas"..., 131080, MSG_DONTWAIT, NULL, NULL) = 50
27397<sshd-session> 22:19:14 epoll_ctl(11<anon_inode:[eventpoll]>, EPOLL_CTL_MOD, 16<UNIX-STREAM:[146704->146685]>, {events=0, data=0x55e0306f40a0}) = 0
27397<sshd-session> 22:19:14 epoll_pwait2(11<anon_inode:[eventpoll]>, [{events=EPOLLIN, data=0x55e03073cae0}], 40, {tv_sec=0, tv_nsec=0}, NULL, 8) = 1
27397<sshd-session> 22:19:14 recvfrom(14<UNIX-STREAM:[146702->145778]>, "{\"error\":\"io.systemd.UserDatabas"..., 131080, MSG_DONTWAIT, NULL, NULL) = 50
27397<sshd-session> 22:19:14 epoll_ctl(11<anon_inode:[eventpoll]>, EPOLL_CTL_MOD, 14<UNIX-STREAM:[146702->145778]>, {events=0, data=0x55e03073cae0}) = 0
27397<sshd-session> 22:19:14 epoll_pwait2(11<anon_inode:[eventpoll]>, [], 40, {tv_sec=0, tv_nsec=0}, NULL, 8) = 0
27397<sshd-session> 22:19:14 epoll_pwait2(11<anon_inode:[eventpoll]>, [], 40, {tv_sec=0, tv_nsec=0}, NULL, 8) = 0
27397<sshd-session> 22:19:14 epoll_pwait2(11<anon_inode:[eventpoll]>, [], 40, {tv_sec=0, tv_nsec=0}, NULL, 8) = 0
27397<sshd-session> 22:19:14 epoll_pwait2(11<anon_inode:[eventpoll]>, [], 40, {tv_sec=0, tv_nsec=0}, NULL, 8) = 0
27397<sshd-session> 22:19:14 epoll_pwait2(11<anon_inode:[eventpoll]>, [], 40, {tv_sec=0, tv_nsec=0}, NULL, 8) = 0
27397<sshd-session> 22:19:14 epoll_pwait2(11<anon_inode:[eventpoll]>, [], 40, {tv_sec=0, tv_nsec=0}, NULL, 8) = 0
27397<sshd-session> 22:19:14 epoll_ctl(11<anon_inode:[eventpoll]>, EPOLL_CTL_DEL, 10<UNIX-STREAM:[146700->145240]>, NULL) = 0
27397<sshd-session> 22:19:14 close(10<UNIX-STREAM:[146700->145240]>) = 0
27397<sshd-session> 22:19:14 epoll_pwait2(11<anon_inode:[eventpoll]>, [], 40, {tv_sec=0, tv_nsec=0}, NULL, 8) = 0
27397<sshd-session> 22:19:14 epoll_ctl(11<anon_inode:[eventpoll]>, EPOLL_CTL_DEL, 13<UNIX-STREAM:[146701->147492]>, NULL) = 0
27397<sshd-session> 22:19:14 close(13<UNIX-STREAM:[146701->147492]>) = 0
27397<sshd-session> 22:19:14 epoll_pwait2(11<anon_inode:[eventpoll]>, [], 40, {tv_sec=0, tv_nsec=0}, NULL, 8) = 0
27397<sshd-session> 22:19:14 epoll_ctl(11<anon_inode:[eventpoll]>, EPOLL_CTL_DEL, 15<UNIX-STREAM:[146703->147493]>, NULL) = 0
27397<sshd-session> 22:19:14 close(15<UNIX-STREAM:[146703->147493]>) = 0
27397<sshd-session> 22:19:14 epoll_pwait2(11<anon_inode:[eventpoll]>, [], 40, {tv_sec=0, tv_nsec=0}, NULL, 8) = 0
27397<sshd-session> 22:19:14 epoll_ctl(11<anon_inode:[eventpoll]>, EPOLL_CTL_DEL, 16<UNIX-STREAM:[146704->146685]>, NULL) = 0
27397<sshd-session> 22:19:14 close(16<UNIX-STREAM:[146704->146685]>) = 0
27397<sshd-session> 22:19:14 epoll_pwait2(11<anon_inode:[eventpoll]>, [], 40, {tv_sec=0, tv_nsec=0}, NULL, 8) = 0
27397<sshd-session> 22:19:14 epoll_ctl(11<anon_inode:[eventpoll]>, EPOLL_CTL_DEL, 14<UNIX-STREAM:[146702->145778]>, NULL) = 0
27397<sshd-session> 22:19:14 close(14<UNIX-STREAM:[146702->145778]>) = 0
27397<sshd-session> 22:19:14 brk(0x55e0307a6000) = 0x55e0307a6000
27397<sshd-session> 22:19:14 close(11<anon_inode:[eventpoll]>) = 0
27397<sshd-session> 22:19:14 close(12<anon_inode:[timerfd]>) = 0
27397<sshd-session> 22:19:14 rt_sigprocmask(SIG_SETMASK, [], NULL, 8) = 0
27397<sshd-session> 22:19:14 newfstatat(AT_FDCWD</>, "/etc/nsswitch.conf", {st_mode=S_IFREG|0644, st_size=687, ...}, 0) = 0
27397<sshd-session> 22:19:14 newfstatat(AT_FDCWD</>, "/etc/nsswitch.conf", {st_mode=S_IFREG|0644, st_size=687, ...}, 0) = 0
27397<sshd-session> 22:19:14 openat(AT_FDCWD</>, "/etc/group", O_RDONLY|O_CLOEXEC) = 8</etc/group>
27397<sshd-session> 22:19:14 fstat(8</etc/group>, {st_mode=S_IFREG|0644, st_size=1211, ...}) = 0
27397<sshd-session> 22:19:14 lseek(8</etc/group>, 0, SEEK_SET) = 0
27397<sshd-session> 22:19:14 read(8</etc/group>, "root:x:0:\nsys:x:3:\nadm:x:4:\ntty:"..., 4096) = 1211
27397<sshd-session> 22:19:14 read(8</etc/group>, "", 4096) = 0
27397<sshd-session> 22:19:14 close(8</etc/group>) = 0
27397<sshd-session> 22:19:14 rt_sigprocmask(SIG_BLOCK, [HUP USR1 USR2 PIPE ALRM CHLD TSTP URG VTALRM PROF WINCH IO], [], 8) = 0
27397<sshd-session> 22:19:14 openat(AT_FDCWD</>, "/run/systemd/userdb/", O_RDONLY|O_NONBLOCK|O_CLOEXEC|O_DIRECTORY) = 8</run/systemd/userdb>
27397<sshd-session> 22:19:14 fstat(8</run/systemd/userdb>, {st_mode=S_IFDIR|0755, st_size=180, ...}) = 0
27397<sshd-session> 22:19:14 getdents64(8</run/systemd/userdb>, 0x55e030785bf0 /* 9 entries */, 32768) = 360
27397<sshd-session> 22:19:14 socket(AF_UNIX, SOCK_STREAM|SOCK_CLOEXEC|SOCK_NONBLOCK, 0) = 10<UNIX-STREAM:[146705]>
27397<sshd-session> 22:19:14 connect(10<UNIX-STREAM:[146705]>, {sa_family=AF_UNIX, sun_path="/run/systemd/userdb/io.systemd.DynamicUser"}, 45) = 0
27397<sshd-session> 22:19:14 epoll_create1(EPOLL_CLOEXEC) = 11<anon_inode:[eventpoll]>
27397<sshd-session> 22:19:14 timerfd_create(CLOCK_MONOTONIC, TFD_CLOEXEC|TFD_NONBLOCK) = 12<anon_inode:[timerfd]>
27397<sshd-session> 22:19:14 epoll_ctl(11<anon_inode:[eventpoll]>, EPOLL_CTL_ADD, 12<anon_inode:[timerfd]>, {events=EPOLLIN, data=0x55e0307741a0}) = 0
27397<sshd-session> 22:19:14 epoll_ctl(11<anon_inode:[eventpoll]>, EPOLL_CTL_ADD, 10<UNIX-STREAM:[146705->145255]>, {events=0, data=0x55e03073cae0}) = 0
27397<sshd-session> 22:19:14 socket(AF_UNIX, SOCK_STREAM|SOCK_CLOEXEC|SOCK_NONBLOCK, 0) = 13<UNIX-STREAM:[146706]>
27397<sshd-session> 22:19:14 connect(13<UNIX-STREAM:[146706]>, {sa_family=AF_UNIX, sun_path="/run/systemd/userdb/org.gnome.DisplayManager"}, 47) = 0
27397<sshd-session> 22:19:14 epoll_ctl(11<anon_inode:[eventpoll]>, EPOLL_CTL_ADD, 13<UNIX-STREAM:[146706->147498]>, {events=0, data=0x55e0306f40a0}) = 0
27397<sshd-session> 22:19:14 socket(AF_UNIX, SOCK_STREAM|SOCK_CLOEXEC|SOCK_NONBLOCK, 0) = 14<UNIX-STREAM:[146707]>
27397<sshd-session> 22:19:14 connect(14<UNIX-STREAM:[146707]>, {sa_family=AF_UNIX, sun_path="/run/systemd/userdb/io.systemd.Machine"}, 41) = 0
27397<sshd-session> 22:19:14 epoll_ctl(11<anon_inode:[eventpoll]>, EPOLL_CTL_ADD, 14<UNIX-STREAM:[146707->145779]>, {events=0, data=0x55e0307859f0}) = 0
27397<sshd-session> 22:19:14 socket(AF_UNIX, SOCK_STREAM|SOCK_CLOEXEC|SOCK_NONBLOCK, 0) = 15<UNIX-STREAM:[146708]>
27397<sshd-session> 22:19:14 connect(15<UNIX-STREAM:[146708]>, {sa_family=AF_UNIX, sun_path="/run/systemd/userdb/io.systemd.Home"}, 38) = 0
27397<sshd-session> 22:19:14 epoll_ctl(11<anon_inode:[eventpoll]>, EPOLL_CTL_ADD, 15<UNIX-STREAM:[146708->147499]>, {events=0, data=0x55e03075dd80}) = 0
27397<sshd-session> 22:19:14 socket(AF_UNIX, SOCK_STREAM|SOCK_CLOEXEC|SOCK_NONBLOCK, 0) = 16<UNIX-STREAM:[146709]>
27397<sshd-session> 22:19:14 connect(16<UNIX-STREAM:[146709]>, {sa_family=AF_UNIX, sun_path="/run/systemd/userdb/io.systemd.DropIn"}, 40) = 0
27397<sshd-session> 22:19:14 epoll_ctl(11<anon_inode:[eventpoll]>, EPOLL_CTL_ADD, 16<UNIX-STREAM:[146709->145228]>, {events=0, data=0x55e0307499a0}) = 0
27397<sshd-session> 22:19:14 getdents64(8</run/systemd/userdb>, 0x55e030785bf0 /* 0 entries */, 32768) = 0
27397<sshd-session> 22:19:14 close(8</run/systemd/userdb>) = 0
27397<sshd-session> 22:19:14 epoll_ctl(11<anon_inode:[eventpoll]>, EPOLL_CTL_MOD, 10<UNIX-STREAM:[146705->145255]>, {events=EPOLLIN|EPOLLOUT, data=0x55e03073cae0}) = 0
27397<sshd-session> 22:19:14 epoll_ctl(11<anon_inode:[eventpoll]>, EPOLL_CTL_MOD, 13<UNIX-STREAM:[146706->147498]>, {events=EPOLLIN|EPOLLOUT, data=0x55e0306f40a0}) = 0
27397<sshd-session> 22:19:14 epoll_ctl(11<anon_inode:[eventpoll]>, EPOLL_CTL_MOD, 15<UNIX-STREAM:[146708->147499]>, {events=EPOLLIN|EPOLLOUT, data=0x55e03075dd80}) = 0
27397<sshd-session> 22:19:14 epoll_ctl(11<anon_inode:[eventpoll]>, EPOLL_CTL_MOD, 16<UNIX-STREAM:[146709->145228]>, {events=EPOLLIN|EPOLLOUT, data=0x55e0307499a0}) = 0
27397<sshd-session> 22:19:14 epoll_ctl(11<anon_inode:[eventpoll]>, EPOLL_CTL_MOD, 14<UNIX-STREAM:[146707->145779]>, {events=EPOLLIN|EPOLLOUT, data=0x55e0307859f0}) = 0
27397<sshd-session> 22:19:14 timerfd_settime(12<anon_inode:[timerfd]>, TFD_TIMER_ABSTIME, {it_interval={tv_sec=0, tv_nsec=0}, it_value={tv_sec=11910, tv_nsec=37318000}}, NULL) = 0
27397<sshd-session> 22:19:14 epoll_pwait2(11<anon_inode:[eventpoll]>, [{events=EPOLLOUT, data=0x55e03073cae0}, {events=EPOLLOUT, data=0x55e0306f40a0}, {events=EPOLLOUT, data=0x55e03075dd80}, {events=EPOLLOUT, data=0x55e0307499a0}, {events=EPOLLOUT, data=0x55e0307859f0}], 40, {tv_sec=0, tv_nsec=0}, NULL, 8) = 5
27397<sshd-session> 22:19:14 sendto(10<UNIX-STREAM:[146705->145255]>, "{\"method\":\"io.systemd.UserDataba"..., 136, MSG_DONTWAIT|MSG_NOSIGNAL, NULL, 0) = 136
27397<sshd-session> 22:19:14 epoll_ctl(11<anon_inode:[eventpoll]>, EPOLL_CTL_MOD, 10<UNIX-STREAM:[146705->145255]>, {events=EPOLLIN, data=0x55e03073cae0}) = 0
27397<sshd-session> 22:19:14 epoll_pwait2(11<anon_inode:[eventpoll]>, [{events=EPOLLIN, data=0x55e03073cae0}, {events=EPOLLOUT, data=0x55e0306f40a0}, {events=EPOLLOUT, data=0x55e03075dd80}, {events=EPOLLOUT, data=0x55e0307499a0}, {events=EPOLLOUT, data=0x55e0307859f0}], 40, {tv_sec=0, tv_nsec=0}, NULL, 8) = 5
27397<sshd-session> 22:19:14 sendto(13<UNIX-STREAM:[146706->147498]>, "{\"method\":\"io.systemd.UserDataba"..., 138, MSG_DONTWAIT|MSG_NOSIGNAL, NULL, 0) = 138
27397<sshd-session> 22:19:14 epoll_ctl(11<anon_inode:[eventpoll]>, EPOLL_CTL_MOD, 13<UNIX-STREAM:[146706->147498]>, {events=EPOLLIN, data=0x55e0306f40a0}) = 0
27397<sshd-session> 22:19:14 epoll_pwait2(11<anon_inode:[eventpoll]>, [{events=EPOLLIN, data=0x55e03073cae0}, {events=EPOLLIN, data=0x55e0306f40a0}, {events=EPOLLOUT, data=0x55e03075dd80}, {events=EPOLLOUT, data=0x55e0307499a0}, {events=EPOLLOUT, data=0x55e0307859f0}], 40, {tv_sec=0, tv_nsec=0}, NULL, 8) = 5
27397<sshd-session> 22:19:14 sendto(15<UNIX-STREAM:[146708->147499]>, "{\"method\":\"io.systemd.UserDataba"..., 129, MSG_DONTWAIT|MSG_NOSIGNAL, NULL, 0) = 129
27397<sshd-session> 22:19:14 epoll_ctl(11<anon_inode:[eventpoll]>, EPOLL_CTL_MOD, 15<UNIX-STREAM:[146708->147499]>, {events=EPOLLIN, data=0x55e03075dd80}) = 0
27397<sshd-session> 22:19:14 epoll_pwait2(11<anon_inode:[eventpoll]>, [{events=EPOLLIN, data=0x55e03073cae0}, {events=EPOLLIN, data=0x55e0306f40a0}, {events=EPOLLIN, data=0x55e03075dd80}, {events=EPOLLOUT, data=0x55e0307499a0}, {events=EPOLLOUT, data=0x55e0307859f0}], 40, {tv_sec=0, tv_nsec=0}, NULL, 8) = 5
27397<sshd-session> 22:19:14 sendto(16<UNIX-STREAM:[146709->145228]>, "{\"method\":\"io.systemd.UserDataba"..., 131, MSG_DONTWAIT|MSG_NOSIGNAL, NULL, 0) = 131
27397<sshd-session> 22:19:14 epoll_ctl(11<anon_inode:[eventpoll]>, EPOLL_CTL_MOD, 16<UNIX-STREAM:[146709->145228]>, {events=EPOLLIN, data=0x55e0307499a0}) = 0
27397<sshd-session> 22:19:14 epoll_pwait2(11<anon_inode:[eventpoll]>, [{events=EPOLLIN, data=0x55e03073cae0}, {events=EPOLLIN, data=0x55e0306f40a0}, {events=EPOLLIN, data=0x55e03075dd80}, {events=EPOLLOUT, data=0x55e0307859f0}], 40, {tv_sec=0, tv_nsec=0}, NULL, 8) = 4
27397<sshd-session> 22:19:14 sendto(14<UNIX-STREAM:[146707->145779]>, "{\"method\":\"io.systemd.UserDataba"..., 132, MSG_DONTWAIT|MSG_NOSIGNAL, NULL, 0) = 132
27397<sshd-session> 22:19:14 epoll_ctl(11<anon_inode:[eventpoll]>, EPOLL_CTL_MOD, 14<UNIX-STREAM:[146707->145779]>, {events=EPOLLIN, data=0x55e0307859f0}) = 0
27397<sshd-session> 22:19:14 epoll_pwait2(11<anon_inode:[eventpoll]>, [{events=EPOLLIN, data=0x55e03073cae0}, {events=EPOLLIN, data=0x55e0306f40a0}, {events=EPOLLIN, data=0x55e03075dd80}, {events=EPOLLIN, data=0x55e0307859f0}, {events=EPOLLIN, data=0x55e0307499a0}], 40, {tv_sec=0, tv_nsec=0}, NULL, 8) = 5
27397<sshd-session> 22:19:14 recvfrom(10<UNIX-STREAM:[146705->145255]>, "{\"error\":\"io.systemd.UserDatabas"..., 131080, MSG_DONTWAIT, NULL, NULL) = 50
27397<sshd-session> 22:19:14 epoll_ctl(11<anon_inode:[eventpoll]>, EPOLL_CTL_MOD, 10<UNIX-STREAM:[146705->145255]>, {events=0, data=0x55e03073cae0}) = 0
27397<sshd-session> 22:19:14 epoll_pwait2(11<anon_inode:[eventpoll]>, [{events=EPOLLIN, data=0x55e0306f40a0}, {events=EPOLLIN, data=0x55e03075dd80}, {events=EPOLLIN, data=0x55e0307859f0}, {events=EPOLLIN, data=0x55e0307499a0}], 40, {tv_sec=0, tv_nsec=0}, NULL, 8) = 4
27397<sshd-session> 22:19:14 brk(0x55e0307e6000) = 0x55e0307e6000
27397<sshd-session> 22:19:14 recvfrom(13<UNIX-STREAM:[146706->147498]>, "{\"error\":\"io.systemd.UserDatabas"..., 131080, MSG_DONTWAIT, NULL, NULL) = 50
27397<sshd-session> 22:19:14 epoll_ctl(11<anon_inode:[eventpoll]>, EPOLL_CTL_MOD, 13<UNIX-STREAM:[146706->147498]>, {events=0, data=0x55e0306f40a0}) = 0
27397<sshd-session> 22:19:14 epoll_pwait2(11<anon_inode:[eventpoll]>, [{events=EPOLLIN, data=0x55e03075dd80}, {events=EPOLLIN, data=0x55e0307859f0}, {events=EPOLLIN, data=0x55e0307499a0}], 40, {tv_sec=0, tv_nsec=0}, NULL, 8) = 3
27397<sshd-session> 22:19:14 recvfrom(15<UNIX-STREAM:[146708->147499]>, "{\"error\":\"io.systemd.UserDatabas"..., 131080, MSG_DONTWAIT, NULL, NULL) = 50
27397<sshd-session> 22:19:14 epoll_ctl(11<anon_inode:[eventpoll]>, EPOLL_CTL_MOD, 15<UNIX-STREAM:[146708->147499]>, {events=0, data=0x55e03075dd80}) = 0
27397<sshd-session> 22:19:14 epoll_pwait2(11<anon_inode:[eventpoll]>, [{events=EPOLLIN, data=0x55e0307859f0}, {events=EPOLLIN, data=0x55e0307499a0}], 40, {tv_sec=0, tv_nsec=0}, NULL, 8) = 2
27397<sshd-session> 22:19:14 brk(0x55e030826000) = 0x55e030826000
27397<sshd-session> 22:19:14 recvfrom(16<UNIX-STREAM:[146709->145228]>, "{\"error\":\"io.systemd.UserDatabas"..., 131080, MSG_DONTWAIT, NULL, NULL) = 50
27397<sshd-session> 22:19:14 epoll_ctl(11<anon_inode:[eventpoll]>, EPOLL_CTL_MOD, 16<UNIX-STREAM:[146709->145228]>, {events=0, data=0x55e0307499a0}) = 0
27397<sshd-session> 22:19:14 epoll_pwait2(11<anon_inode:[eventpoll]>, [{events=EPOLLIN, data=0x55e0307859f0}], 40, {tv_sec=0, tv_nsec=0}, NULL, 8) = 1
27397<sshd-session> 22:19:14 recvfrom(14<UNIX-STREAM:[146707->145779]>, "{\"error\":\"io.systemd.UserDatabas"..., 131080, MSG_DONTWAIT, NULL, NULL) = 50
27397<sshd-session> 22:19:14 epoll_ctl(11<anon_inode:[eventpoll]>, EPOLL_CTL_MOD, 14<UNIX-STREAM:[146707->145779]>, {events=0, data=0x55e0307859f0}) = 0
27397<sshd-session> 22:19:14 epoll_pwait2(11<anon_inode:[eventpoll]>, [], 40, {tv_sec=0, tv_nsec=0}, NULL, 8) = 0
27397<sshd-session> 22:19:14 epoll_pwait2(11<anon_inode:[eventpoll]>, [], 40, {tv_sec=0, tv_nsec=0}, NULL, 8) = 0
27397<sshd-session> 22:19:14 epoll_pwait2(11<anon_inode:[eventpoll]>, [], 40, {tv_sec=0, tv_nsec=0}, NULL, 8) = 0
27397<sshd-session> 22:19:14 epoll_pwait2(11<anon_inode:[eventpoll]>, [], 40, {tv_sec=0, tv_nsec=0}, NULL, 8) = 0
27397<sshd-session> 22:19:14 epoll_pwait2(11<anon_inode:[eventpoll]>, [], 40, {tv_sec=0, tv_nsec=0}, NULL, 8) = 0
27397<sshd-session> 22:19:14 epoll_pwait2(11<anon_inode:[eventpoll]>, [], 40, {tv_sec=0, tv_nsec=0}, NULL, 8) = 0
27397<sshd-session> 22:19:14 epoll_ctl(11<anon_inode:[eventpoll]>, EPOLL_CTL_DEL, 10<UNIX-STREAM:[146705->145255]>, NULL) = 0
27397<sshd-session> 22:19:14 close(10<UNIX-STREAM:[146705->145255]>) = 0
27397<sshd-session> 22:19:14 epoll_pwait2(11<anon_inode:[eventpoll]>, [], 40, {tv_sec=0, tv_nsec=0}, NULL, 8) = 0
27397<sshd-session> 22:19:14 epoll_ctl(11<anon_inode:[eventpoll]>, EPOLL_CTL_DEL, 13<UNIX-STREAM:[146706->147498]>, NULL) = 0
27397<sshd-session> 22:19:14 close(13<UNIX-STREAM:[146706->147498]>) = 0
27397<sshd-session> 22:19:14 epoll_pwait2(11<anon_inode:[eventpoll]>, [], 40, {tv_sec=0, tv_nsec=0}, NULL, 8) = 0
27397<sshd-session> 22:19:14 epoll_ctl(11<anon_inode:[eventpoll]>, EPOLL_CTL_DEL, 15<UNIX-STREAM:[146708->147499]>, NULL) = 0
27397<sshd-session> 22:19:14 close(15<UNIX-STREAM:[146708->147499]>) = 0
27397<sshd-session> 22:19:14 epoll_pwait2(11<anon_inode:[eventpoll]>, [], 40, {tv_sec=0, tv_nsec=0}, NULL, 8) = 0
27397<sshd-session> 22:19:14 epoll_ctl(11<anon_inode:[eventpoll]>, EPOLL_CTL_DEL, 16<UNIX-STREAM:[146709->145228]>, NULL) = 0
27397<sshd-session> 22:19:14 close(16<UNIX-STREAM:[146709->145228]>) = 0
27397<sshd-session> 22:19:14 epoll_pwait2(11<anon_inode:[eventpoll]>, [], 40, {tv_sec=0, tv_nsec=0}, NULL, 8) = 0
27397<sshd-session> 22:19:14 epoll_ctl(11<anon_inode:[eventpoll]>, EPOLL_CTL_DEL, 14<UNIX-STREAM:[146707->145779]>, NULL) = 0
27397<sshd-session> 22:19:14 close(14<UNIX-STREAM:[146707->145779]>) = 0
27397<sshd-session> 22:19:14 brk(0x55e0307a6000) = 0x55e0307a6000
27397<sshd-session> 22:19:14 rt_sigprocmask(SIG_SETMASK, [], NULL, 8) = 0
27397<sshd-session> 22:19:14 close(11<anon_inode:[eventpoll]>) = 0
27397<sshd-session> 22:19:14 close(12<anon_inode:[timerfd]>) = 0
27397<sshd-session> 22:19:14 read(6</etc/security/limits.d/10-gamemode.conf>, "", 4096) = 0
27397<sshd-session> 22:19:14 close(6</etc/security/limits.d/10-gamemode.conf>) = 0
27397<sshd-session> 22:19:14 openat(AT_FDCWD</>, "/etc/security/limits.d/25-pw-rlimits.conf", O_RDONLY) = 6</etc/security/limits.d/25-pw-rlimits.conf>
27397<sshd-session> 22:19:14 fstat(6</etc/security/limits.d/25-pw-rlimits.conf>, {st_mode=S_IFREG|0644, st_size=514, ...}) = 0
27397<sshd-session> 22:19:14 read(6</etc/security/limits.d/25-pw-rlimits.conf>, "# This file was installed by Pip"..., 4096) = 514
27397<sshd-session> 22:19:14 newfstatat(AT_FDCWD</>, "/etc/nsswitch.conf", {st_mode=S_IFREG|0644, st_size=687, ...}, 0) = 0
27397<sshd-session> 22:19:14 openat(AT_FDCWD</>, "/etc/passwd", O_RDONLY|O_CLOEXEC) = 8</etc/passwd>
27397<sshd-session> 22:19:14 fstat(8</etc/passwd>, {st_mode=S_IFREG|0644, st_size=3346, ...}) = 0
27397<sshd-session> 22:19:14 lseek(8</etc/passwd>, 0, SEEK_SET) = 0
27397<sshd-session> 22:19:14 read(8</etc/passwd>, "root:x:0:0:Super User:/root:/bin"..., 4096) = 3346
27397<sshd-session> 22:19:14 close(8</etc/passwd>) = 0
27397<sshd-session> 22:19:14 newfstatat(AT_FDCWD</>, "/etc/nsswitch.conf", {st_mode=S_IFREG|0644, st_size=687, ...}, 0) = 0
27397<sshd-session> 22:19:14 openat(AT_FDCWD</>, "/etc/group", O_RDONLY|O_CLOEXEC) = 8</etc/group>
27397<sshd-session> 22:19:14 fstat(8</etc/group>, {st_mode=S_IFREG|0644, st_size=1211, ...}) = 0
27397<sshd-session> 22:19:14 lseek(8</etc/group>, 0, SEEK_SET) = 0
27397<sshd-session> 22:19:14 read(8</etc/group>, "root:x:0:\nsys:x:3:\nadm:x:4:\ntty:"..., 4096) = 1211
27397<sshd-session> 22:19:14 lseek(8</etc/group>, 933, SEEK_SET) = 933
27397<sshd-session> 22:19:14 close(8</etc/group>) = 0
27397<sshd-session> 22:19:14 rt_sigprocmask(SIG_BLOCK, [HUP USR1 USR2 PIPE ALRM CHLD TSTP URG VTALRM PROF WINCH IO], [], 8) = 0
27397<sshd-session> 22:19:14 openat(AT_FDCWD</>, "/run/systemd/userdb/", O_RDONLY|O_NONBLOCK|O_CLOEXEC|O_DIRECTORY) = 8</run/systemd/userdb>
27397<sshd-session> 22:19:14 fstat(8</run/systemd/userdb>, {st_mode=S_IFDIR|0755, st_size=180, ...}) = 0
27397<sshd-session> 22:19:14 getdents64(8</run/systemd/userdb>, 0x55e030785bf0 /* 9 entries */, 32768) = 360
27397<sshd-session> 22:19:14 socket(AF_UNIX, SOCK_STREAM|SOCK_CLOEXEC|SOCK_NONBLOCK, 0) = 10<UNIX-STREAM:[145780]>
27397<sshd-session> 22:19:14 connect(10<UNIX-STREAM:[145780]>, {sa_family=AF_UNIX, sun_path="/run/systemd/userdb/io.systemd.DynamicUser"}, 45) = 0
27397<sshd-session> 22:19:14 epoll_create1(EPOLL_CLOEXEC) = 11<anon_inode:[eventpoll]>
27397<sshd-session> 22:19:14 timerfd_create(CLOCK_MONOTONIC, TFD_CLOEXEC|TFD_NONBLOCK) = 12<anon_inode:[timerfd]>
27397<sshd-session> 22:19:14 epoll_ctl(11<anon_inode:[eventpoll]>, EPOLL_CTL_ADD, 12<anon_inode:[timerfd]>, {events=EPOLLIN, data=0x55e0307741a0}) = 0
27397<sshd-session> 22:19:14 epoll_ctl(11<anon_inode:[eventpoll]>, EPOLL_CTL_ADD, 10<UNIX-STREAM:[145780->145266]>, {events=0, data=0x55e0307859f0}) = 0
27397<sshd-session> 22:19:14 socket(AF_UNIX, SOCK_STREAM|SOCK_CLOEXEC|SOCK_NONBLOCK, 0) = 13<UNIX-STREAM:[145781]>
27397<sshd-session> 22:19:14 connect(13<UNIX-STREAM:[145781]>, {sa_family=AF_UNIX, sun_path="/run/systemd/userdb/org.gnome.DisplayManager"}, 47) = 0
27397<sshd-session> 22:19:14 epoll_ctl(11<anon_inode:[eventpoll]>, EPOLL_CTL_ADD, 13<UNIX-STREAM:[145781->147501]>, {events=0, data=0x55e0307499a0}) = 0
27397<sshd-session> 22:19:14 socket(AF_UNIX, SOCK_STREAM|SOCK_CLOEXEC|SOCK_NONBLOCK, 0) = 14<UNIX-STREAM:[145782]>
27397<sshd-session> 22:19:14 connect(14<UNIX-STREAM:[145782]>, {sa_family=AF_UNIX, sun_path="/run/systemd/userdb/io.systemd.Machine"}, 41) = 0
27397<sshd-session> 22:19:14 epoll_ctl(11<anon_inode:[eventpoll]>, EPOLL_CTL_ADD, 14<UNIX-STREAM:[145782->147502]>, {events=0, data=0x55e03075dd80}) = 0
27397<sshd-session> 22:19:14 socket(AF_UNIX, SOCK_STREAM|SOCK_CLOEXEC|SOCK_NONBLOCK, 0) = 15<UNIX-STREAM:[145783]>
27397<sshd-session> 22:19:14 connect(15<UNIX-STREAM:[145783]>, {sa_family=AF_UNIX, sun_path="/run/systemd/userdb/io.systemd.Home"}, 38) = 0
27397<sshd-session> 22:19:14 epoll_ctl(11<anon_inode:[eventpoll]>, EPOLL_CTL_ADD, 15<UNIX-STREAM:[145783->147503]>, {events=0, data=0x55e0306f40a0}) = 0
27397<sshd-session> 22:19:14 socket(AF_UNIX, SOCK_STREAM|SOCK_CLOEXEC|SOCK_NONBLOCK, 0) = 16<UNIX-STREAM:[145784]>
27397<sshd-session> 22:19:14 connect(16<UNIX-STREAM:[145784]>, {sa_family=AF_UNIX, sun_path="/run/systemd/userdb/io.systemd.DropIn"}, 40) = 0
27397<sshd-session> 22:19:14 epoll_ctl(11<anon_inode:[eventpoll]>, EPOLL_CTL_ADD, 16<UNIX-STREAM:[145784->146699]>, {events=0, data=0x55e03073cae0}) = 0
27397<sshd-session> 22:19:14 getdents64(8</run/systemd/userdb>, 0x55e030785bf0 /* 0 entries */, 32768) = 0
27397<sshd-session> 22:19:14 close(8</run/systemd/userdb>) = 0
27397<sshd-session> 22:19:14 epoll_ctl(11<anon_inode:[eventpoll]>, EPOLL_CTL_MOD, 10<UNIX-STREAM:[145780->145266]>, {events=EPOLLIN|EPOLLOUT, data=0x55e0307859f0}) = 0
27397<sshd-session> 22:19:14 epoll_ctl(11<anon_inode:[eventpoll]>, EPOLL_CTL_MOD, 13<UNIX-STREAM:[145781->147501]>, {events=EPOLLIN|EPOLLOUT, data=0x55e0307499a0}) = 0
27397<sshd-session> 22:19:14 epoll_ctl(11<anon_inode:[eventpoll]>, EPOLL_CTL_MOD, 15<UNIX-STREAM:[145783->147503]>, {events=EPOLLIN|EPOLLOUT, data=0x55e0306f40a0}) = 0
27397<sshd-session> 22:19:14 epoll_ctl(11<anon_inode:[eventpoll]>, EPOLL_CTL_MOD, 16<UNIX-STREAM:[145784->146699]>, {events=EPOLLIN|EPOLLOUT, data=0x55e03073cae0}) = 0
27397<sshd-session> 22:19:14 epoll_ctl(11<anon_inode:[eventpoll]>, EPOLL_CTL_MOD, 14<UNIX-STREAM:[145782->147502]>, {events=EPOLLIN|EPOLLOUT, data=0x55e03075dd80}) = 0
27397<sshd-session> 22:19:14 timerfd_settime(12<anon_inode:[timerfd]>, TFD_TIMER_ABSTIME, {it_interval={tv_sec=0, tv_nsec=0}, it_value={tv_sec=11910, tv_nsec=37318000}}, NULL) = 0
27397<sshd-session> 22:19:14 epoll_pwait2(11<anon_inode:[eventpoll]>, [{events=EPOLLOUT, data=0x55e0307859f0}, {events=EPOLLOUT, data=0x55e0307499a0}, {events=EPOLLOUT, data=0x55e0306f40a0}, {events=EPOLLOUT, data=0x55e03073cae0}, {events=EPOLLOUT, data=0x55e03075dd80}], 40, {tv_sec=0, tv_nsec=0}, NULL, 8) = 5
27397<sshd-session> 22:19:14 sendto(10<UNIX-STREAM:[145780->145266]>, "{\"method\":\"io.systemd.UserDataba"..., 125, MSG_DONTWAIT|MSG_NOSIGNAL, NULL, 0) = 125
27397<sshd-session> 22:19:14 epoll_ctl(11<anon_inode:[eventpoll]>, EPOLL_CTL_MOD, 10<UNIX-STREAM:[145780->145266]>, {events=EPOLLIN, data=0x55e0307859f0}) = 0
27397<sshd-session> 22:19:14 epoll_pwait2(11<anon_inode:[eventpoll]>, [{events=EPOLLIN, data=0x55e0307859f0}, {events=EPOLLOUT, data=0x55e0307499a0}, {events=EPOLLOUT, data=0x55e0306f40a0}, {events=EPOLLOUT, data=0x55e03073cae0}, {events=EPOLLOUT, data=0x55e03075dd80}], 40, {tv_sec=0, tv_nsec=0}, NULL, 8) = 5
27397<sshd-session> 22:19:14 sendto(13<UNIX-STREAM:[145781->147501]>, "{\"method\":\"io.systemd.UserDataba"..., 127, MSG_DONTWAIT|MSG_NOSIGNAL, NULL, 0) = 127
27397<sshd-session> 22:19:14 epoll_ctl(11<anon_inode:[eventpoll]>, EPOLL_CTL_MOD, 13<UNIX-STREAM:[145781->147501]>, {events=EPOLLIN, data=0x55e0307499a0}) = 0
27397<sshd-session> 22:19:14 epoll_pwait2(11<anon_inode:[eventpoll]>, [{events=EPOLLIN, data=0x55e0307859f0}, {events=EPOLLIN, data=0x55e0307499a0}, {events=EPOLLOUT, data=0x55e0306f40a0}, {events=EPOLLOUT, data=0x55e03073cae0}, {events=EPOLLOUT, data=0x55e03075dd80}], 40, {tv_sec=0, tv_nsec=0}, NULL, 8) = 5
27397<sshd-session> 22:19:14 sendto(15<UNIX-STREAM:[145783->147503]>, "{\"method\":\"io.systemd.UserDataba"..., 118, MSG_DONTWAIT|MSG_NOSIGNAL, NULL, 0) = 118
27397<sshd-session> 22:19:14 epoll_ctl(11<anon_inode:[eventpoll]>, EPOLL_CTL_MOD, 15<UNIX-STREAM:[145783->147503]>, {events=EPOLLIN, data=0x55e0306f40a0}) = 0
27397<sshd-session> 22:19:14 epoll_pwait2(11<anon_inode:[eventpoll]>, [{events=EPOLLIN, data=0x55e0307859f0}, {events=EPOLLIN, data=0x55e0307499a0}, {events=EPOLLIN, data=0x55e0306f40a0}, {events=EPOLLOUT, data=0x55e03073cae0}, {events=EPOLLOUT, data=0x55e03075dd80}], 40, {tv_sec=0, tv_nsec=0}, NULL, 8) = 5
27397<sshd-session> 22:19:14 sendto(16<UNIX-STREAM:[145784->146699]>, "{\"method\":\"io.systemd.UserDataba"..., 120, MSG_DONTWAIT|MSG_NOSIGNAL, NULL, 0) = 120
27397<sshd-session> 22:19:14 epoll_ctl(11<anon_inode:[eventpoll]>, EPOLL_CTL_MOD, 16<UNIX-STREAM:[145784->146699]>, {events=EPOLLIN, data=0x55e03073cae0}) = 0
27397<sshd-session> 22:19:14 epoll_pwait2(11<anon_inode:[eventpoll]>, [{events=EPOLLIN, data=0x55e0307859f0}, {events=EPOLLIN, data=0x55e0307499a0}, {events=EPOLLIN, data=0x55e0306f40a0}, {events=EPOLLIN, data=0x55e03073cae0}, {events=EPOLLOUT, data=0x55e03075dd80}], 40, {tv_sec=0, tv_nsec=0}, NULL, 8) = 5
27397<sshd-session> 22:19:14 sendto(14<UNIX-STREAM:[145782->147502]>, "{\"method\":\"io.systemd.UserDataba"..., 121, MSG_DONTWAIT|MSG_NOSIGNAL, NULL, 0) = 121
27397<sshd-session> 22:19:14 epoll_ctl(11<anon_inode:[eventpoll]>, EPOLL_CTL_MOD, 14<UNIX-STREAM:[145782->147502]>, {events=EPOLLIN, data=0x55e03075dd80}) = 0
27397<sshd-session> 22:19:14 epoll_pwait2(11<anon_inode:[eventpoll]>, [{events=EPOLLIN, data=0x55e0307859f0}, {events=EPOLLIN, data=0x55e0307499a0}, {events=EPOLLIN, data=0x55e0306f40a0}, {events=EPOLLIN, data=0x55e03073cae0}, {events=EPOLLIN, data=0x55e03075dd80}], 40, {tv_sec=0, tv_nsec=0}, NULL, 8) = 5
27397<sshd-session> 22:19:14 recvfrom(10<UNIX-STREAM:[145780->145266]>, "{\"error\":\"io.systemd.UserDatabas"..., 131080, MSG_DONTWAIT, NULL, NULL) = 50
27397<sshd-session> 22:19:14 epoll_ctl(11<anon_inode:[eventpoll]>, EPOLL_CTL_MOD, 10<UNIX-STREAM:[145780->145266]>, {events=0, data=0x55e0307859f0}) = 0
27397<sshd-session> 22:19:14 epoll_pwait2(11<anon_inode:[eventpoll]>, [{events=EPOLLIN, data=0x55e0307499a0}, {events=EPOLLIN, data=0x55e0306f40a0}, {events=EPOLLIN, data=0x55e03073cae0}, {events=EPOLLIN, data=0x55e03075dd80}], 40, {tv_sec=0, tv_nsec=0}, NULL, 8) = 4
27397<sshd-session> 22:19:14 brk(0x55e0307e6000) = 0x55e0307e6000
27397<sshd-session> 22:19:14 recvfrom(13<UNIX-STREAM:[145781->147501]>, "{\"error\":\"io.systemd.UserDatabas"..., 131080, MSG_DONTWAIT, NULL, NULL) = 50
27397<sshd-session> 22:19:14 epoll_ctl(11<anon_inode:[eventpoll]>, EPOLL_CTL_MOD, 13<UNIX-STREAM:[145781->147501]>, {events=0, data=0x55e0307499a0}) = 0
27397<sshd-session> 22:19:14 epoll_pwait2(11<anon_inode:[eventpoll]>, [{events=EPOLLIN, data=0x55e0306f40a0}, {events=EPOLLIN, data=0x55e03073cae0}, {events=EPOLLIN, data=0x55e03075dd80}], 40, {tv_sec=0, tv_nsec=0}, NULL, 8) = 3
27397<sshd-session> 22:19:14 recvfrom(15<UNIX-STREAM:[145783->147503]>, "{\"error\":\"io.systemd.UserDatabas"..., 131080, MSG_DONTWAIT, NULL, NULL) = 50
27397<sshd-session> 22:19:14 epoll_ctl(11<anon_inode:[eventpoll]>, EPOLL_CTL_MOD, 15<UNIX-STREAM:[145783->147503]>, {events=0, data=0x55e0306f40a0}) = 0
27397<sshd-session> 22:19:14 epoll_pwait2(11<anon_inode:[eventpoll]>, [{events=EPOLLIN, data=0x55e03073cae0}, {events=EPOLLIN, data=0x55e03075dd80}], 40, {tv_sec=0, tv_nsec=0}, NULL, 8) = 2
27397<sshd-session> 22:19:14 brk(0x55e030826000) = 0x55e030826000
27397<sshd-session> 22:19:14 recvfrom(16<UNIX-STREAM:[145784->146699]>, "{\"error\":\"io.systemd.UserDatabas"..., 131080, MSG_DONTWAIT, NULL, NULL) = 50
27397<sshd-session> 22:19:14 epoll_ctl(11<anon_inode:[eventpoll]>, EPOLL_CTL_MOD, 16<UNIX-STREAM:[145784->146699]>, {events=0, data=0x55e03073cae0}) = 0
27397<sshd-session> 22:19:14 epoll_pwait2(11<anon_inode:[eventpoll]>, [{events=EPOLLIN, data=0x55e03075dd80}], 40, {tv_sec=0, tv_nsec=0}, NULL, 8) = 1
27397<sshd-session> 22:19:14 recvfrom(14<UNIX-STREAM:[145782->147502]>, "{\"error\":\"io.systemd.UserDatabas"..., 131080, MSG_DONTWAIT, NULL, NULL) = 50
27397<sshd-session> 22:19:14 epoll_ctl(11<anon_inode:[eventpoll]>, EPOLL_CTL_MOD, 14<UNIX-STREAM:[145782->147502]>, {events=0, data=0x55e03075dd80}) = 0
27397<sshd-session> 22:19:14 epoll_pwait2(11<anon_inode:[eventpoll]>, [], 40, {tv_sec=0, tv_nsec=0}, NULL, 8) = 0
27397<sshd-session> 22:19:14 epoll_pwait2(11<anon_inode:[eventpoll]>, [], 40, {tv_sec=0, tv_nsec=0}, NULL, 8) = 0
27397<sshd-session> 22:19:14 epoll_pwait2(11<anon_inode:[eventpoll]>, [], 40, {tv_sec=0, tv_nsec=0}, NULL, 8) = 0
27397<sshd-session> 22:19:14 epoll_pwait2(11<anon_inode:[eventpoll]>, [], 40, {tv_sec=0, tv_nsec=0}, NULL, 8) = 0
27397<sshd-session> 22:19:14 epoll_pwait2(11<anon_inode:[eventpoll]>, [], 40, {tv_sec=0, tv_nsec=0}, NULL, 8) = 0
27397<sshd-session> 22:19:14 epoll_pwait2(11<anon_inode:[eventpoll]>, [], 40, {tv_sec=0, tv_nsec=0}, NULL, 8) = 0
27397<sshd-session> 22:19:14 epoll_ctl(11<anon_inode:[eventpoll]>, EPOLL_CTL_DEL, 10<UNIX-STREAM:[145780->145266]>, NULL) = 0
27397<sshd-session> 22:19:14 close(10<UNIX-STREAM:[145780->145266]>) = 0
27397<sshd-session> 22:19:14 epoll_pwait2(11<anon_inode:[eventpoll]>, [], 40, {tv_sec=0, tv_nsec=0}, NULL, 8) = 0
27397<sshd-session> 22:19:14 epoll_ctl(11<anon_inode:[eventpoll]>, EPOLL_CTL_DEL, 13<UNIX-STREAM:[145781->147501]>, NULL) = 0
27397<sshd-session> 22:19:14 close(13<UNIX-STREAM:[145781->147501]>) = 0
27397<sshd-session> 22:19:14 timerfd_settime(12<anon_inode:[timerfd]>, TFD_TIMER_ABSTIME, {it_interval={tv_sec=0, tv_nsec=0}, it_value={tv_sec=11910, tv_nsec=287318000}}, NULL) = 0
27397<sshd-session> 22:19:14 epoll_pwait2(11<anon_inode:[eventpoll]>, [], 40, {tv_sec=0, tv_nsec=0}, NULL, 8) = 0
27397<sshd-session> 22:19:14 epoll_ctl(11<anon_inode:[eventpoll]>, EPOLL_CTL_DEL, 15<UNIX-STREAM:[145783->147503]>, NULL) = 0
27397<sshd-session> 22:19:14 close(15<UNIX-STREAM:[145783->147503]>) = 0
27397<sshd-session> 22:19:14 epoll_pwait2(11<anon_inode:[eventpoll]>, [], 40, {tv_sec=0, tv_nsec=0}, NULL, 8) = 0
27397<sshd-session> 22:19:14 epoll_ctl(11<anon_inode:[eventpoll]>, EPOLL_CTL_DEL, 16<UNIX-STREAM:[145784->146699]>, NULL) = 0
27397<sshd-session> 22:19:14 close(16<UNIX-STREAM:[145784->146699]>) = 0
27397<sshd-session> 22:19:14 epoll_pwait2(11<anon_inode:[eventpoll]>, [], 40, {tv_sec=0, tv_nsec=0}, NULL, 8) = 0
27397<sshd-session> 22:19:14 epoll_ctl(11<anon_inode:[eventpoll]>, EPOLL_CTL_DEL, 14<UNIX-STREAM:[145782->147502]>, NULL) = 0
27397<sshd-session> 22:19:14 close(14<UNIX-STREAM:[145782->147502]>) = 0
27397<sshd-session> 22:19:14 brk(0x55e0307a6000) = 0x55e0307a6000
27397<sshd-session> 22:19:14 close(11<anon_inode:[eventpoll]>) = 0
27397<sshd-session> 22:19:14 close(12<anon_inode:[timerfd]>) = 0
27397<sshd-session> 22:19:14 openat(AT_FDCWD</>, "/run/systemd/userdb/", O_RDONLY|O_NONBLOCK|O_CLOEXEC|O_DIRECTORY) = 8</run/systemd/userdb>
27397<sshd-session> 22:19:14 fstat(8</run/systemd/userdb>, {st_mode=S_IFDIR|0755, st_size=180, ...}) = 0
27397<sshd-session> 22:19:14 getdents64(8</run/systemd/userdb>, 0x55e030785bf0 /* 9 entries */, 32768) = 360
27397<sshd-session> 22:19:14 socket(AF_UNIX, SOCK_STREAM|SOCK_CLOEXEC|SOCK_NONBLOCK, 0) = 10<UNIX-STREAM:[145785]>
27397<sshd-session> 22:19:14 connect(10<UNIX-STREAM:[145785]>, {sa_family=AF_UNIX, sun_path="/run/systemd/userdb/io.systemd.DynamicUser"}, 45) = 0
27397<sshd-session> 22:19:14 epoll_create1(EPOLL_CLOEXEC) = 11<anon_inode:[eventpoll]>
27397<sshd-session> 22:19:14 timerfd_create(CLOCK_MONOTONIC, TFD_CLOEXEC|TFD_NONBLOCK) = 12<anon_inode:[timerfd]>
27397<sshd-session> 22:19:14 epoll_ctl(11<anon_inode:[eventpoll]>, EPOLL_CTL_ADD, 12<anon_inode:[timerfd]>, {events=EPOLLIN, data=0x55e0307741a0}) = 0
27397<sshd-session> 22:19:14 epoll_ctl(11<anon_inode:[eventpoll]>, EPOLL_CTL_ADD, 10<UNIX-STREAM:[145785->145268]>, {events=0, data=0x55e03075dd80}) = 0
27397<sshd-session> 22:19:14 socket(AF_UNIX, SOCK_STREAM|SOCK_CLOEXEC|SOCK_NONBLOCK, 0) = 13<UNIX-STREAM:[147504]>
27397<sshd-session> 22:19:14 connect(13<UNIX-STREAM:[147504]>, {sa_family=AF_UNIX, sun_path="/run/systemd/userdb/org.gnome.DisplayManager"}, 47) = 0
27397<sshd-session> 22:19:14 epoll_ctl(11<anon_inode:[eventpoll]>, EPOLL_CTL_ADD, 13<UNIX-STREAM:[147504->145269]>, {events=0, data=0x55e03073cae0}) = 0
27397<sshd-session> 22:19:14 socket(AF_UNIX, SOCK_STREAM|SOCK_CLOEXEC|SOCK_NONBLOCK, 0) = 14<UNIX-STREAM:[147505]>
27397<sshd-session> 22:19:14 connect(14<UNIX-STREAM:[147505]>, {sa_family=AF_UNIX, sun_path="/run/systemd/userdb/io.systemd.Machine"}, 41) = 0
27397<sshd-session> 22:19:14 epoll_ctl(11<anon_inode:[eventpoll]>, EPOLL_CTL_ADD, 14<UNIX-STREAM:[147505->145786]>, {events=0, data=0x55e0306f40a0}) = 0
27397<sshd-session> 22:19:14 socket(AF_UNIX, SOCK_STREAM|SOCK_CLOEXEC|SOCK_NONBLOCK, 0) = 15<UNIX-STREAM:[147506]>
27397<sshd-session> 22:19:14 connect(15<UNIX-STREAM:[147506]>, {sa_family=AF_UNIX, sun_path="/run/systemd/userdb/io.systemd.Home"}, 38) = 0
27397<sshd-session> 22:19:14 epoll_ctl(11<anon_inode:[eventpoll]>, EPOLL_CTL_ADD, 15<UNIX-STREAM:[147506->146736]>, {events=0, data=0x55e0307499a0}) = 0
27397<sshd-session> 22:19:14 socket(AF_UNIX, SOCK_STREAM|SOCK_CLOEXEC|SOCK_NONBLOCK, 0) = 16<UNIX-STREAM:[147507]>
27397<sshd-session> 22:19:14 connect(16<UNIX-STREAM:[147507]>, {sa_family=AF_UNIX, sun_path="/run/systemd/userdb/io.systemd.DropIn"}, 40) = 0
27397<sshd-session> 22:19:14 epoll_ctl(11<anon_inode:[eventpoll]>, EPOLL_CTL_ADD, 16<UNIX-STREAM:[147507->147494]>, {events=0, data=0x55e0307859f0}) = 0
27397<sshd-session> 22:19:14 getdents64(8</run/systemd/userdb>, 0x55e030785bf0 /* 0 entries */, 32768) = 0
27397<sshd-session> 22:19:14 close(8</run/systemd/userdb>) = 0
27397<sshd-session> 22:19:14 epoll_ctl(11<anon_inode:[eventpoll]>, EPOLL_CTL_MOD, 10<UNIX-STREAM:[145785->145268]>, {events=EPOLLIN|EPOLLOUT, data=0x55e03075dd80}) = 0
27397<sshd-session> 22:19:14 epoll_ctl(11<anon_inode:[eventpoll]>, EPOLL_CTL_MOD, 13<UNIX-STREAM:[147504->145269]>, {events=EPOLLIN|EPOLLOUT, data=0x55e03073cae0}) = 0
27397<sshd-session> 22:19:14 epoll_ctl(11<anon_inode:[eventpoll]>, EPOLL_CTL_MOD, 15<UNIX-STREAM:[147506->146736]>, {events=EPOLLIN|EPOLLOUT, data=0x55e0307499a0}) = 0
27397<sshd-session> 22:19:14 epoll_ctl(11<anon_inode:[eventpoll]>, EPOLL_CTL_MOD, 16<UNIX-STREAM:[147507->147494]>, {events=EPOLLIN|EPOLLOUT, data=0x55e0307859f0}) = 0
27397<sshd-session> 22:19:14 epoll_ctl(11<anon_inode:[eventpoll]>, EPOLL_CTL_MOD, 14<UNIX-STREAM:[147505->145786]>, {events=EPOLLIN|EPOLLOUT, data=0x55e0306f40a0}) = 0
27397<sshd-session> 22:19:14 timerfd_settime(12<anon_inode:[timerfd]>, TFD_TIMER_ABSTIME, {it_interval={tv_sec=0, tv_nsec=0}, it_value={tv_sec=11910, tv_nsec=287318000}}, NULL) = 0
27397<sshd-session> 22:19:14 epoll_pwait2(11<anon_inode:[eventpoll]>, [{events=EPOLLOUT, data=0x55e03075dd80}, {events=EPOLLOUT, data=0x55e03073cae0}, {events=EPOLLOUT, data=0x55e0307499a0}, {events=EPOLLOUT, data=0x55e0307859f0}, {events=EPOLLOUT, data=0x55e0306f40a0}], 40, {tv_sec=0, tv_nsec=0}, NULL, 8) = 5
27397<sshd-session> 22:19:14 sendto(10<UNIX-STREAM:[145785->145268]>, "{\"method\":\"io.systemd.UserDataba"..., 137, MSG_DONTWAIT|MSG_NOSIGNAL, NULL, 0) = 137
27397<sshd-session> 22:19:14 epoll_ctl(11<anon_inode:[eventpoll]>, EPOLL_CTL_MOD, 10<UNIX-STREAM:[145785->145268]>, {events=EPOLLIN, data=0x55e03075dd80}) = 0
27397<sshd-session> 22:19:14 epoll_pwait2(11<anon_inode:[eventpoll]>, [{events=EPOLLIN, data=0x55e03075dd80}, {events=EPOLLOUT, data=0x55e03073cae0}, {events=EPOLLOUT, data=0x55e0307499a0}, {events=EPOLLOUT, data=0x55e0307859f0}, {events=EPOLLOUT, data=0x55e0306f40a0}], 40, {tv_sec=0, tv_nsec=0}, NULL, 8) = 5
27397<sshd-session> 22:19:14 sendto(13<UNIX-STREAM:[147504->145269]>, "{\"method\":\"io.systemd.UserDataba"..., 139, MSG_DONTWAIT|MSG_NOSIGNAL, NULL, 0) = 139
27397<sshd-session> 22:19:14 epoll_ctl(11<anon_inode:[eventpoll]>, EPOLL_CTL_MOD, 13<UNIX-STREAM:[147504->145269]>, {events=EPOLLIN, data=0x55e03073cae0}) = 0
27397<sshd-session> 22:19:14 epoll_pwait2(11<anon_inode:[eventpoll]>, [{events=EPOLLIN, data=0x55e03075dd80}, {events=EPOLLIN, data=0x55e03073cae0}, {events=EPOLLOUT, data=0x55e0307499a0}, {events=EPOLLOUT, data=0x55e0307859f0}, {events=EPOLLOUT, data=0x55e0306f40a0}], 40, {tv_sec=0, tv_nsec=0}, NULL, 8) = 5
27397<sshd-session> 22:19:14 sendto(15<UNIX-STREAM:[147506->146736]>, "{\"method\":\"io.systemd.UserDataba"..., 130, MSG_DONTWAIT|MSG_NOSIGNAL, NULL, 0) = 130
27397<sshd-session> 22:19:14 epoll_ctl(11<anon_inode:[eventpoll]>, EPOLL_CTL_MOD, 15<UNIX-STREAM:[147506->146736]>, {events=EPOLLIN, data=0x55e0307499a0}) = 0
27397<sshd-session> 22:19:14 epoll_pwait2(11<anon_inode:[eventpoll]>, [{events=EPOLLIN, data=0x55e03075dd80}, {events=EPOLLIN, data=0x55e03073cae0}, {events=EPOLLIN, data=0x55e0307499a0}, {events=EPOLLOUT, data=0x55e0307859f0}, {events=EPOLLOUT, data=0x55e0306f40a0}], 40, {tv_sec=0, tv_nsec=0}, NULL, 8) = 5
27397<sshd-session> 22:19:14 sendto(16<UNIX-STREAM:[147507->147494]>, "{\"method\":\"io.systemd.UserDataba"..., 132, MSG_DONTWAIT|MSG_NOSIGNAL, NULL, 0) = 132
27397<sshd-session> 22:19:14 epoll_ctl(11<anon_inode:[eventpoll]>, EPOLL_CTL_MOD, 16<UNIX-STREAM:[147507->147494]>, {events=EPOLLIN, data=0x55e0307859f0}) = 0
27397<sshd-session> 22:19:14 epoll_pwait2(11<anon_inode:[eventpoll]>, [{events=EPOLLIN, data=0x55e03075dd80}, {events=EPOLLIN, data=0x55e03073cae0}, {events=EPOLLIN, data=0x55e0307499a0}, {events=EPOLLOUT, data=0x55e0306f40a0}], 40, {tv_sec=0, tv_nsec=0}, NULL, 8) = 4
27397<sshd-session> 22:19:14 sendto(14<UNIX-STREAM:[147505->145786]>, "{\"method\":\"io.systemd.UserDataba"..., 133, MSG_DONTWAIT|MSG_NOSIGNAL, NULL, 0) = 133
27397<sshd-session> 22:19:14 epoll_ctl(11<anon_inode:[eventpoll]>, EPOLL_CTL_MOD, 14<UNIX-STREAM:[147505->145786]>, {events=EPOLLIN, data=0x55e0306f40a0}) = 0
27397<sshd-session> 22:19:14 epoll_pwait2(11<anon_inode:[eventpoll]>, [{events=EPOLLIN, data=0x55e03075dd80}, {events=EPOLLIN, data=0x55e03073cae0}, {events=EPOLLIN, data=0x55e0307499a0}, {events=EPOLLIN, data=0x55e0306f40a0}, {events=EPOLLIN, data=0x55e0307859f0}], 40, {tv_sec=0, tv_nsec=0}, NULL, 8) = 5
27397<sshd-session> 22:19:14 recvfrom(10<UNIX-STREAM:[145785->145268]>, "{\"error\":\"io.systemd.UserDatabas"..., 131080, MSG_DONTWAIT, NULL, NULL) = 50
27397<sshd-session> 22:19:14 epoll_ctl(11<anon_inode:[eventpoll]>, EPOLL_CTL_MOD, 10<UNIX-STREAM:[145785->145268]>, {events=0, data=0x55e03075dd80}) = 0
27397<sshd-session> 22:19:14 epoll_pwait2(11<anon_inode:[eventpoll]>, [{events=EPOLLIN, data=0x55e03073cae0}, {events=EPOLLIN, data=0x55e0307499a0}, {events=EPOLLIN, data=0x55e0306f40a0}, {events=EPOLLIN, data=0x55e0307859f0}], 40, {tv_sec=0, tv_nsec=0}, NULL, 8) = 4
27397<sshd-session> 22:19:14 brk(0x55e0307e6000) = 0x55e0307e6000
27397<sshd-session> 22:19:14 recvfrom(13<UNIX-STREAM:[147504->145269]>, "{\"error\":\"io.systemd.UserDatabas"..., 131080, MSG_DONTWAIT, NULL, NULL) = 50
27397<sshd-session> 22:19:14 epoll_ctl(11<anon_inode:[eventpoll]>, EPOLL_CTL_MOD, 13<UNIX-STREAM:[147504->145269]>, {events=0, data=0x55e03073cae0}) = 0
27397<sshd-session> 22:19:14 epoll_pwait2(11<anon_inode:[eventpoll]>, [{events=EPOLLIN, data=0x55e0307499a0}, {events=EPOLLIN, data=0x55e0306f40a0}, {events=EPOLLIN, data=0x55e0307859f0}], 40, {tv_sec=0, tv_nsec=0}, NULL, 8) = 3
27397<sshd-session> 22:19:14 recvfrom(15<UNIX-STREAM:[147506->146736]>, "{\"error\":\"io.systemd.UserDatabas"..., 131080, MSG_DONTWAIT, NULL, NULL) = 50
27397<sshd-session> 22:19:14 epoll_ctl(11<anon_inode:[eventpoll]>, EPOLL_CTL_MOD, 15<UNIX-STREAM:[147506->146736]>, {events=0, data=0x55e0307499a0}) = 0
27397<sshd-session> 22:19:14 epoll_pwait2(11<anon_inode:[eventpoll]>, [{events=EPOLLIN, data=0x55e0306f40a0}, {events=EPOLLIN, data=0x55e0307859f0}], 40, {tv_sec=0, tv_nsec=0}, NULL, 8) = 2
27397<sshd-session> 22:19:14 brk(0x55e030826000) = 0x55e030826000
27397<sshd-session> 22:19:14 recvfrom(16<UNIX-STREAM:[147507->147494]>, "{\"error\":\"io.systemd.UserDatabas"..., 131080, MSG_DONTWAIT, NULL, NULL) = 50
27397<sshd-session> 22:19:14 epoll_ctl(11<anon_inode:[eventpoll]>, EPOLL_CTL_MOD, 16<UNIX-STREAM:[147507->147494]>, {events=0, data=0x55e0307859f0}) = 0
27397<sshd-session> 22:19:14 epoll_pwait2(11<anon_inode:[eventpoll]>, [{events=EPOLLIN, data=0x55e0306f40a0}], 40, {tv_sec=0, tv_nsec=0}, NULL, 8) = 1
27397<sshd-session> 22:19:14 recvfrom(14<UNIX-STREAM:[147505->145786]>, "{\"error\":\"io.systemd.UserDatabas"..., 131080, MSG_DONTWAIT, NULL, NULL) = 50
27397<sshd-session> 22:19:14 epoll_ctl(11<anon_inode:[eventpoll]>, EPOLL_CTL_MOD, 14<UNIX-STREAM:[147505->145786]>, {events=0, data=0x55e0306f40a0}) = 0
27397<sshd-session> 22:19:14 epoll_pwait2(11<anon_inode:[eventpoll]>, [], 40, {tv_sec=0, tv_nsec=0}, NULL, 8) = 0
27397<sshd-session> 22:19:14 epoll_pwait2(11<anon_inode:[eventpoll]>, [], 40, {tv_sec=0, tv_nsec=0}, NULL, 8) = 0
27397<sshd-session> 22:19:14 epoll_pwait2(11<anon_inode:[eventpoll]>, [], 40, {tv_sec=0, tv_nsec=0}, NULL, 8) = 0
27397<sshd-session> 22:19:14 epoll_pwait2(11<anon_inode:[eventpoll]>, [], 40, {tv_sec=0, tv_nsec=0}, NULL, 8) = 0
27397<sshd-session> 22:19:14 epoll_pwait2(11<anon_inode:[eventpoll]>, [], 40, {tv_sec=0, tv_nsec=0}, NULL, 8) = 0
27397<sshd-session> 22:19:14 epoll_pwait2(11<anon_inode:[eventpoll]>, [], 40, {tv_sec=0, tv_nsec=0}, NULL, 8) = 0
27397<sshd-session> 22:19:14 epoll_ctl(11<anon_inode:[eventpoll]>, EPOLL_CTL_DEL, 10<UNIX-STREAM:[145785->145268]>, NULL) = 0
27397<sshd-session> 22:19:14 close(10<UNIX-STREAM:[145785->145268]>) = 0
27397<sshd-session> 22:19:14 epoll_pwait2(11<anon_inode:[eventpoll]>, [], 40, {tv_sec=0, tv_nsec=0}, NULL, 8) = 0
27397<sshd-session> 22:19:14 epoll_ctl(11<anon_inode:[eventpoll]>, EPOLL_CTL_DEL, 13<UNIX-STREAM:[147504->145269]>, NULL) = 0
27397<sshd-session> 22:19:14 close(13<UNIX-STREAM:[147504->145269]>) = 0
27397<sshd-session> 22:19:14 epoll_pwait2(11<anon_inode:[eventpoll]>, [], 40, {tv_sec=0, tv_nsec=0}, NULL, 8) = 0
27397<sshd-session> 22:19:14 epoll_ctl(11<anon_inode:[eventpoll]>, EPOLL_CTL_DEL, 15<UNIX-STREAM:[147506->146736]>, NULL) = 0
27397<sshd-session> 22:19:14 close(15<UNIX-STREAM:[147506->146736]>) = 0
27397<sshd-session> 22:19:14 epoll_pwait2(11<anon_inode:[eventpoll]>, [], 40, {tv_sec=0, tv_nsec=0}, NULL, 8) = 0
27397<sshd-session> 22:19:14 epoll_ctl(11<anon_inode:[eventpoll]>, EPOLL_CTL_DEL, 16<UNIX-STREAM:[147507->147494]>, NULL) = 0
27397<sshd-session> 22:19:14 close(16<UNIX-STREAM:[147507->147494]>) = 0
27397<sshd-session> 22:19:14 epoll_pwait2(11<anon_inode:[eventpoll]>, [], 40, {tv_sec=0, tv_nsec=0}, NULL, 8) = 0
27397<sshd-session> 22:19:14 epoll_ctl(11<anon_inode:[eventpoll]>, EPOLL_CTL_DEL, 14<UNIX-STREAM:[147505->145786]>, NULL) = 0
27397<sshd-session> 22:19:14 close(14<UNIX-STREAM:[147505->145786]>) = 0
27397<sshd-session> 22:19:14 brk(0x55e0307a6000) = 0x55e0307a6000
27397<sshd-session> 22:19:14 close(11<anon_inode:[eventpoll]>) = 0
27397<sshd-session> 22:19:14 close(12<anon_inode:[timerfd]>) = 0
27397<sshd-session> 22:19:14 rt_sigprocmask(SIG_SETMASK, [], NULL, 8) = 0
27397<sshd-session> 22:19:14 newfstatat(AT_FDCWD</>, "/etc/nsswitch.conf", {st_mode=S_IFREG|0644, st_size=687, ...}, 0) = 0
27397<sshd-session> 22:19:14 newfstatat(AT_FDCWD</>, "/etc/nsswitch.conf", {st_mode=S_IFREG|0644, st_size=687, ...}, 0) = 0
27397<sshd-session> 22:19:14 openat(AT_FDCWD</>, "/etc/group", O_RDONLY|O_CLOEXEC) = 8</etc/group>
27397<sshd-session> 22:19:14 fstat(8</etc/group>, {st_mode=S_IFREG|0644, st_size=1211, ...}) = 0
27397<sshd-session> 22:19:14 lseek(8</etc/group>, 0, SEEK_SET) = 0
27397<sshd-session> 22:19:14 read(8</etc/group>, "root:x:0:\nsys:x:3:\nadm:x:4:\ntty:"..., 4096) = 1211
27397<sshd-session> 22:19:14 read(8</etc/group>, "", 4096) = 0
27397<sshd-session> 22:19:14 close(8</etc/group>) = 0
27397<sshd-session> 22:19:14 rt_sigprocmask(SIG_BLOCK, [HUP USR1 USR2 PIPE ALRM CHLD TSTP URG VTALRM PROF WINCH IO], [], 8) = 0
27397<sshd-session> 22:19:14 openat(AT_FDCWD</>, "/run/systemd/userdb/", O_RDONLY|O_NONBLOCK|O_CLOEXEC|O_DIRECTORY) = 8</run/systemd/userdb>
27397<sshd-session> 22:19:14 fstat(8</run/systemd/userdb>, {st_mode=S_IFDIR|0755, st_size=180, ...}) = 0
27397<sshd-session> 22:19:14 getdents64(8</run/systemd/userdb>, 0x55e030785bf0 /* 9 entries */, 32768) = 360
27397<sshd-session> 22:19:14 socket(AF_UNIX, SOCK_STREAM|SOCK_CLOEXEC|SOCK_NONBLOCK, 0) = 10<UNIX-STREAM:[147508]>
27397<sshd-session> 22:19:14 connect(10<UNIX-STREAM:[147508]>, {sa_family=AF_UNIX, sun_path="/run/systemd/userdb/io.systemd.DynamicUser"}, 45) = 0
27397<sshd-session> 22:19:14 epoll_create1(EPOLL_CLOEXEC) = 11<anon_inode:[eventpoll]>
27397<sshd-session> 22:19:14 timerfd_create(CLOCK_MONOTONIC, TFD_CLOEXEC|TFD_NONBLOCK) = 12<anon_inode:[timerfd]>
27397<sshd-session> 22:19:14 epoll_ctl(11<anon_inode:[eventpoll]>, EPOLL_CTL_ADD, 12<anon_inode:[timerfd]>, {events=EPOLLIN, data=0x55e0307741a0}) = 0
27397<sshd-session> 22:19:14 epoll_ctl(11<anon_inode:[eventpoll]>, EPOLL_CTL_ADD, 10<UNIX-STREAM:[147508->145276]>, {events=0, data=0x55e0306f40a0}) = 0
27397<sshd-session> 22:19:14 socket(AF_UNIX, SOCK_STREAM|SOCK_CLOEXEC|SOCK_NONBLOCK, 0) = 13<UNIX-STREAM:[147509]>
27397<sshd-session> 22:19:14 connect(13<UNIX-STREAM:[147509]>, {sa_family=AF_UNIX, sun_path="/run/systemd/userdb/org.gnome.DisplayManager"}, 47) = 0
27397<sshd-session> 22:19:14 epoll_ctl(11<anon_inode:[eventpoll]>, EPOLL_CTL_ADD, 13<UNIX-STREAM:[147509->145277]>, {events=0, data=0x55e0307859f0}) = 0
27397<sshd-session> 22:19:14 socket(AF_UNIX, SOCK_STREAM|SOCK_CLOEXEC|SOCK_NONBLOCK, 0) = 14<UNIX-STREAM:[147510]>
27397<sshd-session> 22:19:14 connect(14<UNIX-STREAM:[147510]>, {sa_family=AF_UNIX, sun_path="/run/systemd/userdb/io.systemd.Machine"}, 41) = 0
27397<sshd-session> 22:19:14 epoll_ctl(11<anon_inode:[eventpoll]>, EPOLL_CTL_ADD, 14<UNIX-STREAM:[147510->145787]>, {events=0, data=0x55e0307499a0}) = 0
27397<sshd-session> 22:19:14 socket(AF_UNIX, SOCK_STREAM|SOCK_CLOEXEC|SOCK_NONBLOCK, 0) = 15<UNIX-STREAM:[147511]>
27397<sshd-session> 22:19:14 connect(15<UNIX-STREAM:[147511]>, {sa_family=AF_UNIX, sun_path="/run/systemd/userdb/io.systemd.Home"}, 38) = 0
27397<sshd-session> 22:19:14 epoll_ctl(11<anon_inode:[eventpoll]>, EPOLL_CTL_ADD, 15<UNIX-STREAM:[147511->146747]>, {events=0, data=0x55e03073cae0}) = 0
27397<sshd-session> 22:19:14 socket(AF_UNIX, SOCK_STREAM|SOCK_CLOEXEC|SOCK_NONBLOCK, 0) = 16<UNIX-STREAM:[147512]>
27397<sshd-session> 22:19:14 connect(16<UNIX-STREAM:[147512]>, {sa_family=AF_UNIX, sun_path="/run/systemd/userdb/io.systemd.DropIn"}, 40) = 0
27397<sshd-session> 22:19:14 epoll_ctl(11<anon_inode:[eventpoll]>, EPOLL_CTL_ADD, 16<UNIX-STREAM:[147512->145265]>, {events=0, data=0x55e03075dd80}) = 0
27397<sshd-session> 22:19:14 getdents64(8</run/systemd/userdb>, 0x55e030785bf0 /* 0 entries */, 32768) = 0
27397<sshd-session> 22:19:14 close(8</run/systemd/userdb>) = 0
27397<sshd-session> 22:19:14 epoll_ctl(11<anon_inode:[eventpoll]>, EPOLL_CTL_MOD, 10<UNIX-STREAM:[147508->145276]>, {events=EPOLLIN|EPOLLOUT, data=0x55e0306f40a0}) = 0
27397<sshd-session> 22:19:14 epoll_ctl(11<anon_inode:[eventpoll]>, EPOLL_CTL_MOD, 13<UNIX-STREAM:[147509->145277]>, {events=EPOLLIN|EPOLLOUT, data=0x55e0307859f0}) = 0
27397<sshd-session> 22:19:14 epoll_ctl(11<anon_inode:[eventpoll]>, EPOLL_CTL_MOD, 15<UNIX-STREAM:[147511->146747]>, {events=EPOLLIN|EPOLLOUT, data=0x55e03073cae0}) = 0
27397<sshd-session> 22:19:14 epoll_ctl(11<anon_inode:[eventpoll]>, EPOLL_CTL_MOD, 16<UNIX-STREAM:[147512->145265]>, {events=EPOLLIN|EPOLLOUT, data=0x55e03075dd80}) = 0
27397<sshd-session> 22:19:14 epoll_ctl(11<anon_inode:[eventpoll]>, EPOLL_CTL_MOD, 14<UNIX-STREAM:[147510->145787]>, {events=EPOLLIN|EPOLLOUT, data=0x55e0307499a0}) = 0
27397<sshd-session> 22:19:14 timerfd_settime(12<anon_inode:[timerfd]>, TFD_TIMER_ABSTIME, {it_interval={tv_sec=0, tv_nsec=0}, it_value={tv_sec=11910, tv_nsec=287318000}}, NULL) = 0
27397<sshd-session> 22:19:14 epoll_pwait2(11<anon_inode:[eventpoll]>, [{events=EPOLLOUT, data=0x55e0306f40a0}, {events=EPOLLOUT, data=0x55e0307859f0}, {events=EPOLLOUT, data=0x55e03073cae0}, {events=EPOLLOUT, data=0x55e03075dd80}, {events=EPOLLOUT, data=0x55e0307499a0}], 40, {tv_sec=0, tv_nsec=0}, NULL, 8) = 5
27397<sshd-session> 22:19:14 sendto(10<UNIX-STREAM:[147508->145276]>, "{\"method\":\"io.systemd.UserDataba"..., 136, MSG_DONTWAIT|MSG_NOSIGNAL, NULL, 0) = 136
27397<sshd-session> 22:19:14 epoll_ctl(11<anon_inode:[eventpoll]>, EPOLL_CTL_MOD, 10<UNIX-STREAM:[147508->145276]>, {events=EPOLLIN, data=0x55e0306f40a0}) = 0
27397<sshd-session> 22:19:14 epoll_pwait2(11<anon_inode:[eventpoll]>, [{events=EPOLLIN, data=0x55e0306f40a0}, {events=EPOLLOUT, data=0x55e0307859f0}, {events=EPOLLOUT, data=0x55e03073cae0}, {events=EPOLLOUT, data=0x55e03075dd80}, {events=EPOLLOUT, data=0x55e0307499a0}], 40, {tv_sec=0, tv_nsec=0}, NULL, 8) = 5
27397<sshd-session> 22:19:14 sendto(13<UNIX-STREAM:[147509->145277]>, "{\"method\":\"io.systemd.UserDataba"..., 138, MSG_DONTWAIT|MSG_NOSIGNAL, NULL, 0) = 138
27397<sshd-session> 22:19:14 epoll_ctl(11<anon_inode:[eventpoll]>, EPOLL_CTL_MOD, 13<UNIX-STREAM:[147509->145277]>, {events=EPOLLIN, data=0x55e0307859f0}) = 0
27397<sshd-session> 22:19:14 epoll_pwait2(11<anon_inode:[eventpoll]>, [{events=EPOLLIN, data=0x55e0306f40a0}, {events=EPOLLIN, data=0x55e0307859f0}, {events=EPOLLOUT, data=0x55e03073cae0}, {events=EPOLLOUT, data=0x55e03075dd80}, {events=EPOLLOUT, data=0x55e0307499a0}], 40, {tv_sec=0, tv_nsec=0}, NULL, 8) = 5
27397<sshd-session> 22:19:14 sendto(15<UNIX-STREAM:[147511->146747]>, "{\"method\":\"io.systemd.UserDataba"..., 129, MSG_DONTWAIT|MSG_NOSIGNAL, NULL, 0) = 129
27397<sshd-session> 22:19:14 epoll_ctl(11<anon_inode:[eventpoll]>, EPOLL_CTL_MOD, 15<UNIX-STREAM:[147511->146747]>, {events=EPOLLIN, data=0x55e03073cae0}) = 0
27397<sshd-session> 22:19:14 epoll_pwait2(11<anon_inode:[eventpoll]>, [{events=EPOLLIN, data=0x55e0306f40a0}, {events=EPOLLIN, data=0x55e0307859f0}, {events=EPOLLIN, data=0x55e03073cae0}, {events=EPOLLOUT, data=0x55e03075dd80}, {events=EPOLLOUT, data=0x55e0307499a0}], 40, {tv_sec=0, tv_nsec=0}, NULL, 8) = 5
27397<sshd-session> 22:19:14 sendto(16<UNIX-STREAM:[147512->145265]>, "{\"method\":\"io.systemd.UserDataba"..., 131, MSG_DONTWAIT|MSG_NOSIGNAL, NULL, 0) = 131
27397<sshd-session> 22:19:14 epoll_ctl(11<anon_inode:[eventpoll]>, EPOLL_CTL_MOD, 16<UNIX-STREAM:[147512->145265]>, {events=EPOLLIN, data=0x55e03075dd80}) = 0
27397<sshd-session> 22:19:14 epoll_pwait2(11<anon_inode:[eventpoll]>, [{events=EPOLLIN, data=0x55e0306f40a0}, {events=EPOLLIN, data=0x55e0307859f0}, {events=EPOLLIN, data=0x55e03073cae0}, {events=EPOLLOUT, data=0x55e0307499a0}], 40, {tv_sec=0, tv_nsec=0}, NULL, 8) = 4
27397<sshd-session> 22:19:14 sendto(14<UNIX-STREAM:[147510->145787]>, "{\"method\":\"io.systemd.UserDataba"..., 132, MSG_DONTWAIT|MSG_NOSIGNAL, NULL, 0) = 132
27397<sshd-session> 22:19:14 epoll_ctl(11<anon_inode:[eventpoll]>, EPOLL_CTL_MOD, 14<UNIX-STREAM:[147510->145787]>, {events=EPOLLIN, data=0x55e0307499a0}) = 0
27397<sshd-session> 22:19:14 epoll_pwait2(11<anon_inode:[eventpoll]>, [{events=EPOLLIN, data=0x55e0306f40a0}, {events=EPOLLIN, data=0x55e0307859f0}, {events=EPOLLIN, data=0x55e03073cae0}, {events=EPOLLIN, data=0x55e0307499a0}, {events=EPOLLIN, data=0x55e03075dd80}], 40, {tv_sec=0, tv_nsec=0}, NULL, 8) = 5
27397<sshd-session> 22:19:14 recvfrom(10<UNIX-STREAM:[147508->145276]>, "{\"error\":\"io.systemd.UserDatabas"..., 131080, MSG_DONTWAIT, NULL, NULL) = 50
27397<sshd-session> 22:19:14 epoll_ctl(11<anon_inode:[eventpoll]>, EPOLL_CTL_MOD, 10<UNIX-STREAM:[147508->145276]>, {events=0, data=0x55e0306f40a0}) = 0
27397<sshd-session> 22:19:14 epoll_pwait2(11<anon_inode:[eventpoll]>, [{events=EPOLLIN, data=0x55e0307859f0}, {events=EPOLLIN, data=0x55e03073cae0}, {events=EPOLLIN, data=0x55e0307499a0}, {events=EPOLLIN, data=0x55e03075dd80}], 40, {tv_sec=0, tv_nsec=0}, NULL, 8) = 4
27397<sshd-session> 22:19:14 brk(0x55e0307e6000) = 0x55e0307e6000
27397<sshd-session> 22:19:14 recvfrom(13<UNIX-STREAM:[147509->145277]>, "{\"error\":\"io.systemd.UserDatabas"..., 131080, MSG_DONTWAIT, NULL, NULL) = 50
27397<sshd-session> 22:19:14 epoll_ctl(11<anon_inode:[eventpoll]>, EPOLL_CTL_MOD, 13<UNIX-STREAM:[147509->145277]>, {events=0, data=0x55e0307859f0}) = 0
27397<sshd-session> 22:19:14 epoll_pwait2(11<anon_inode:[eventpoll]>, [{events=EPOLLIN, data=0x55e03073cae0}, {events=EPOLLIN, data=0x55e0307499a0}, {events=EPOLLIN, data=0x55e03075dd80}], 40, {tv_sec=0, tv_nsec=0}, NULL, 8) = 3
27397<sshd-session> 22:19:14 recvfrom(15<UNIX-STREAM:[147511->146747]>, "{\"error\":\"io.systemd.UserDatabas"..., 131080, MSG_DONTWAIT, NULL, NULL) = 50
27397<sshd-session> 22:19:14 epoll_ctl(11<anon_inode:[eventpoll]>, EPOLL_CTL_MOD, 15<UNIX-STREAM:[147511->146747]>, {events=0, data=0x55e03073cae0}) = 0
27397<sshd-session> 22:19:14 epoll_pwait2(11<anon_inode:[eventpoll]>, [{events=EPOLLIN, data=0x55e0307499a0}, {events=EPOLLIN, data=0x55e03075dd80}], 40, {tv_sec=0, tv_nsec=0}, NULL, 8) = 2
27397<sshd-session> 22:19:14 brk(0x55e030826000) = 0x55e030826000
27397<sshd-session> 22:19:14 recvfrom(16<UNIX-STREAM:[147512->145265]>, "{\"error\":\"io.systemd.UserDatabas"..., 131080, MSG_DONTWAIT, NULL, NULL) = 50
27397<sshd-session> 22:19:14 epoll_ctl(11<anon_inode:[eventpoll]>, EPOLL_CTL_MOD, 16<UNIX-STREAM:[147512->145265]>, {events=0, data=0x55e03075dd80}) = 0
27397<sshd-session> 22:19:14 epoll_pwait2(11<anon_inode:[eventpoll]>, [{events=EPOLLIN, data=0x55e0307499a0}], 40, {tv_sec=0, tv_nsec=0}, NULL, 8) = 1
27397<sshd-session> 22:19:14 recvfrom(14<UNIX-STREAM:[147510->145787]>, "{\"error\":\"io.systemd.UserDatabas"..., 131080, MSG_DONTWAIT, NULL, NULL) = 50
27397<sshd-session> 22:19:14 epoll_ctl(11<anon_inode:[eventpoll]>, EPOLL_CTL_MOD, 14<UNIX-STREAM:[147510->145787]>, {events=0, data=0x55e0307499a0}) = 0
27397<sshd-session> 22:19:14 epoll_pwait2(11<anon_inode:[eventpoll]>, [], 40, {tv_sec=0, tv_nsec=0}, NULL, 8) = 0
27397<sshd-session> 22:19:14 epoll_pwait2(11<anon_inode:[eventpoll]>, [], 40, {tv_sec=0, tv_nsec=0}, NULL, 8) = 0
27397<sshd-session> 22:19:14 epoll_pwait2(11<anon_inode:[eventpoll]>, [], 40, {tv_sec=0, tv_nsec=0}, NULL, 8) = 0
27397<sshd-session> 22:19:14 epoll_pwait2(11<anon_inode:[eventpoll]>, [], 40, {tv_sec=0, tv_nsec=0}, NULL, 8) = 0
27397<sshd-session> 22:19:14 epoll_pwait2(11<anon_inode:[eventpoll]>, [], 40, {tv_sec=0, tv_nsec=0}, NULL, 8) = 0
27397<sshd-session> 22:19:14 epoll_pwait2(11<anon_inode:[eventpoll]>, [], 40, {tv_sec=0, tv_nsec=0}, NULL, 8) = 0
27397<sshd-session> 22:19:14 epoll_ctl(11<anon_inode:[eventpoll]>, EPOLL_CTL_DEL, 10<UNIX-STREAM:[147508->145276]>, NULL) = 0
27397<sshd-session> 22:19:14 close(10<UNIX-STREAM:[147508->145276]>) = 0
27397<sshd-session> 22:19:14 epoll_pwait2(11<anon_inode:[eventpoll]>, [], 40, {tv_sec=0, tv_nsec=0}, NULL, 8) = 0
27397<sshd-session> 22:19:14 epoll_ctl(11<anon_inode:[eventpoll]>, EPOLL_CTL_DEL, 13<UNIX-STREAM:[147509->145277]>, NULL) = 0
27397<sshd-session> 22:19:14 close(13<UNIX-STREAM:[147509->145277]>) = 0
27397<sshd-session> 22:19:14 epoll_pwait2(11<anon_inode:[eventpoll]>, [], 40, {tv_sec=0, tv_nsec=0}, NULL, 8) = 0
27397<sshd-session> 22:19:14 epoll_ctl(11<anon_inode:[eventpoll]>, EPOLL_CTL_DEL, 15<UNIX-STREAM:[147511->146747]>, NULL) = 0
27397<sshd-session> 22:19:14 close(15<UNIX-STREAM:[147511->146747]>) = 0
27397<sshd-session> 22:19:14 epoll_pwait2(11<anon_inode:[eventpoll]>, [], 40, {tv_sec=0, tv_nsec=0}, NULL, 8) = 0
27397<sshd-session> 22:19:14 epoll_ctl(11<anon_inode:[eventpoll]>, EPOLL_CTL_DEL, 16<UNIX-STREAM:[147512->145265]>, NULL) = 0
27397<sshd-session> 22:19:14 close(16<UNIX-STREAM:[147512->145265]>) = 0
27397<sshd-session> 22:19:14 epoll_pwait2(11<anon_inode:[eventpoll]>, [], 40, {tv_sec=0, tv_nsec=0}, NULL, 8) = 0
27397<sshd-session> 22:19:14 epoll_ctl(11<anon_inode:[eventpoll]>, EPOLL_CTL_DEL, 14<UNIX-STREAM:[147510->145787]>, NULL) = 0
27397<sshd-session> 22:19:14 close(14<UNIX-STREAM:[147510->145787]>) = 0
27397<sshd-session> 22:19:14 brk(0x55e0307a6000) = 0x55e0307a6000
27397<sshd-session> 22:19:14 rt_sigprocmask(SIG_SETMASK, [], NULL, 8) = 0
27397<sshd-session> 22:19:14 close(11<anon_inode:[eventpoll]>) = 0
27397<sshd-session> 22:19:14 close(12<anon_inode:[timerfd]>) = 0
27397<sshd-session> 22:19:14 newfstatat(AT_FDCWD</>, "/etc/nsswitch.conf", {st_mode=S_IFREG|0644, st_size=687, ...}, 0) = 0
27397<sshd-session> 22:19:14 openat(AT_FDCWD</>, "/etc/passwd", O_RDONLY|O_CLOEXEC) = 8</etc/passwd>
27397<sshd-session> 22:19:14 fstat(8</etc/passwd>, {st_mode=S_IFREG|0644, st_size=3346, ...}) = 0
27397<sshd-session> 22:19:14 lseek(8</etc/passwd>, 0, SEEK_SET) = 0
27397<sshd-session> 22:19:14 read(8</etc/passwd>, "root:x:0:0:Super User:/root:/bin"..., 4096) = 3346
27397<sshd-session> 22:19:14 close(8</etc/passwd>) = 0
27397<sshd-session> 22:19:14 newfstatat(AT_FDCWD</>, "/etc/nsswitch.conf", {st_mode=S_IFREG|0644, st_size=687, ...}, 0) = 0
27397<sshd-session> 22:19:14 openat(AT_FDCWD</>, "/etc/group", O_RDONLY|O_CLOEXEC) = 8</etc/group>
27397<sshd-session> 22:19:14 fstat(8</etc/group>, {st_mode=S_IFREG|0644, st_size=1211, ...}) = 0
27397<sshd-session> 22:19:14 lseek(8</etc/group>, 0, SEEK_SET) = 0
27397<sshd-session> 22:19:14 read(8</etc/group>, "root:x:0:\nsys:x:3:\nadm:x:4:\ntty:"..., 4096) = 1211
27397<sshd-session> 22:19:14 lseek(8</etc/group>, 933, SEEK_SET) = 933
27397<sshd-session> 22:19:14 close(8</etc/group>) = 0
27397<sshd-session> 22:19:14 rt_sigprocmask(SIG_BLOCK, [HUP USR1 USR2 PIPE ALRM CHLD TSTP URG VTALRM PROF WINCH IO], [], 8) = 0
27397<sshd-session> 22:19:14 openat(AT_FDCWD</>, "/run/systemd/userdb/", O_RDONLY|O_NONBLOCK|O_CLOEXEC|O_DIRECTORY) = 8</run/systemd/userdb>
27397<sshd-session> 22:19:14 fstat(8</run/systemd/userdb>, {st_mode=S_IFDIR|0755, st_size=180, ...}) = 0
27397<sshd-session> 22:19:14 getdents64(8</run/systemd/userdb>, 0x55e030785bf0 /* 9 entries */, 32768) = 360
27397<sshd-session> 22:19:14 socket(AF_UNIX, SOCK_STREAM|SOCK_CLOEXEC|SOCK_NONBLOCK, 0) = 10<UNIX-STREAM:[147514]>
27397<sshd-session> 22:19:14 connect(10<UNIX-STREAM:[147514]>, {sa_family=AF_UNIX, sun_path="/run/systemd/userdb/io.systemd.DynamicUser"}, 45) = 0
27397<sshd-session> 22:19:14 epoll_create1(EPOLL_CLOEXEC) = 11<anon_inode:[eventpoll]>
27397<sshd-session> 22:19:14 timerfd_create(CLOCK_MONOTONIC, TFD_CLOEXEC|TFD_NONBLOCK) = 12<anon_inode:[timerfd]>
27397<sshd-session> 22:19:14 epoll_ctl(11<anon_inode:[eventpoll]>, EPOLL_CTL_ADD, 12<anon_inode:[timerfd]>, {events=EPOLLIN, data=0x55e0307741a0}) = 0
27397<sshd-session> 22:19:14 epoll_ctl(11<anon_inode:[eventpoll]>, EPOLL_CTL_ADD, 10<UNIX-STREAM:[147514->145282]>, {events=0, data=0x55e0307499a0}) = 0
27397<sshd-session> 22:19:14 socket(AF_UNIX, SOCK_STREAM|SOCK_CLOEXEC|SOCK_NONBLOCK, 0) = 13<UNIX-STREAM:[147515]>
27397<sshd-session> 22:19:14 connect(13<UNIX-STREAM:[147515]>, {sa_family=AF_UNIX, sun_path="/run/systemd/userdb/org.gnome.DisplayManager"}, 47) = 0
27397<sshd-session> 22:19:14 epoll_ctl(11<anon_inode:[eventpoll]>, EPOLL_CTL_ADD, 13<UNIX-STREAM:[147515->145283]>, {events=0, data=0x55e03075dd80}) = 0
27397<sshd-session> 22:19:14 socket(AF_UNIX, SOCK_STREAM|SOCK_CLOEXEC|SOCK_NONBLOCK, 0) = 14<UNIX-STREAM:[147516]>
27397<sshd-session> 22:19:14 connect(14<UNIX-STREAM:[147516]>, {sa_family=AF_UNIX, sun_path="/run/systemd/userdb/io.systemd.Machine"}, 41) = 0
27397<sshd-session> 22:19:14 epoll_ctl(11<anon_inode:[eventpoll]>, EPOLL_CTL_ADD, 14<UNIX-STREAM:[147516->145788]>, {events=0, data=0x55e03073cae0}) = 0
27397<sshd-session> 22:19:14 socket(AF_UNIX, SOCK_STREAM|SOCK_CLOEXEC|SOCK_NONBLOCK, 0) = 15<UNIX-STREAM:[147517]>
27397<sshd-session> 22:19:14 connect(15<UNIX-STREAM:[147517]>, {sa_family=AF_UNIX, sun_path="/run/systemd/userdb/io.systemd.Home"}, 38) = 0
27397<sshd-session> 22:19:14 epoll_ctl(11<anon_inode:[eventpoll]>, EPOLL_CTL_ADD, 15<UNIX-STREAM:[147517->146760]>, {events=0, data=0x55e0307859f0}) = 0
27397<sshd-session> 22:19:14 socket(AF_UNIX, SOCK_STREAM|SOCK_CLOEXEC|SOCK_NONBLOCK, 0) = 16<UNIX-STREAM:[147518]>
27397<sshd-session> 22:19:14 connect(16<UNIX-STREAM:[147518]>, {sa_family=AF_UNIX, sun_path="/run/systemd/userdb/io.systemd.DropIn"}, 40) = 0
27397<sshd-session> 22:19:14 epoll_ctl(11<anon_inode:[eventpoll]>, EPOLL_CTL_ADD, 16<UNIX-STREAM:[147518->146724]>, {events=0, data=0x55e0306f40a0}) = 0
27397<sshd-session> 22:19:14 getdents64(8</run/systemd/userdb>, 0x55e030785bf0 /* 0 entries */, 32768) = 0
27397<sshd-session> 22:19:14 close(8</run/systemd/userdb>) = 0
27397<sshd-session> 22:19:14 epoll_ctl(11<anon_inode:[eventpoll]>, EPOLL_CTL_MOD, 10<UNIX-STREAM:[147514->145282]>, {events=EPOLLIN|EPOLLOUT, data=0x55e0307499a0}) = 0
27397<sshd-session> 22:19:14 epoll_ctl(11<anon_inode:[eventpoll]>, EPOLL_CTL_MOD, 13<UNIX-STREAM:[147515->145283]>, {events=EPOLLIN|EPOLLOUT, data=0x55e03075dd80}) = 0
27397<sshd-session> 22:19:14 epoll_ctl(11<anon_inode:[eventpoll]>, EPOLL_CTL_MOD, 15<UNIX-STREAM:[147517->146760]>, {events=EPOLLIN|EPOLLOUT, data=0x55e0307859f0}) = 0
27397<sshd-session> 22:19:14 epoll_ctl(11<anon_inode:[eventpoll]>, EPOLL_CTL_MOD, 16<UNIX-STREAM:[147518->146724]>, {events=EPOLLIN|EPOLLOUT, data=0x55e0306f40a0}) = 0
27397<sshd-session> 22:19:14 epoll_ctl(11<anon_inode:[eventpoll]>, EPOLL_CTL_MOD, 14<UNIX-STREAM:[147516->145788]>, {events=EPOLLIN|EPOLLOUT, data=0x55e03073cae0}) = 0
27397<sshd-session> 22:19:14 timerfd_settime(12<anon_inode:[timerfd]>, TFD_TIMER_ABSTIME, {it_interval={tv_sec=0, tv_nsec=0}, it_value={tv_sec=11910, tv_nsec=287318000}}, NULL) = 0
27397<sshd-session> 22:19:14 epoll_pwait2(11<anon_inode:[eventpoll]>, [{events=EPOLLOUT, data=0x55e0307499a0}, {events=EPOLLOUT, data=0x55e03075dd80}, {events=EPOLLOUT, data=0x55e0307859f0}, {events=EPOLLOUT, data=0x55e0306f40a0}, {events=EPOLLOUT, data=0x55e03073cae0}], 40, {tv_sec=0, tv_nsec=0}, NULL, 8) = 5
27397<sshd-session> 22:19:14 sendto(10<UNIX-STREAM:[147514->145282]>, "{\"method\":\"io.systemd.UserDataba"..., 125, MSG_DONTWAIT|MSG_NOSIGNAL, NULL, 0) = 125
27397<sshd-session> 22:19:14 epoll_ctl(11<anon_inode:[eventpoll]>, EPOLL_CTL_MOD, 10<UNIX-STREAM:[147514->145282]>, {events=EPOLLIN, data=0x55e0307499a0}) = 0
27397<sshd-session> 22:19:14 epoll_pwait2(11<anon_inode:[eventpoll]>, [{events=EPOLLIN, data=0x55e0307499a0}, {events=EPOLLOUT, data=0x55e03075dd80}, {events=EPOLLOUT, data=0x55e0307859f0}, {events=EPOLLOUT, data=0x55e0306f40a0}, {events=EPOLLOUT, data=0x55e03073cae0}], 40, {tv_sec=0, tv_nsec=0}, NULL, 8) = 5
27397<sshd-session> 22:19:14 sendto(13<UNIX-STREAM:[147515->145283]>, "{\"method\":\"io.systemd.UserDataba"..., 127, MSG_DONTWAIT|MSG_NOSIGNAL, NULL, 0) = 127
27397<sshd-session> 22:19:14 epoll_ctl(11<anon_inode:[eventpoll]>, EPOLL_CTL_MOD, 13<UNIX-STREAM:[147515->145283]>, {events=EPOLLIN, data=0x55e03075dd80}) = 0
27397<sshd-session> 22:19:14 epoll_pwait2(11<anon_inode:[eventpoll]>, [{events=EPOLLIN, data=0x55e0307499a0}, {events=EPOLLIN, data=0x55e03075dd80}, {events=EPOLLOUT, data=0x55e0307859f0}, {events=EPOLLOUT, data=0x55e0306f40a0}, {events=EPOLLOUT, data=0x55e03073cae0}], 40, {tv_sec=0, tv_nsec=0}, NULL, 8) = 5
27397<sshd-session> 22:19:14 sendto(15<UNIX-STREAM:[147517->146760]>, "{\"method\":\"io.systemd.UserDataba"..., 118, MSG_DONTWAIT|MSG_NOSIGNAL, NULL, 0) = 118
27397<sshd-session> 22:19:14 epoll_ctl(11<anon_inode:[eventpoll]>, EPOLL_CTL_MOD, 15<UNIX-STREAM:[147517->146760]>, {events=EPOLLIN, data=0x55e0307859f0}) = 0
27397<sshd-session> 22:19:14 epoll_pwait2(11<anon_inode:[eventpoll]>, [{events=EPOLLIN, data=0x55e0307499a0}, {events=EPOLLIN, data=0x55e03075dd80}, {events=EPOLLIN, data=0x55e0307859f0}, {events=EPOLLOUT, data=0x55e0306f40a0}, {events=EPOLLOUT, data=0x55e03073cae0}], 40, {tv_sec=0, tv_nsec=0}, NULL, 8) = 5
27397<sshd-session> 22:19:14 sendto(16<UNIX-STREAM:[147518->146724]>, "{\"method\":\"io.systemd.UserDataba"..., 120, MSG_DONTWAIT|MSG_NOSIGNAL, NULL, 0) = 120
27397<sshd-session> 22:19:14 epoll_ctl(11<anon_inode:[eventpoll]>, EPOLL_CTL_MOD, 16<UNIX-STREAM:[147518->146724]>, {events=EPOLLIN, data=0x55e0306f40a0}) = 0
27397<sshd-session> 22:19:14 epoll_pwait2(11<anon_inode:[eventpoll]>, [{events=EPOLLIN, data=0x55e0307499a0}, {events=EPOLLIN, data=0x55e03075dd80}, {events=EPOLLIN, data=0x55e0307859f0}, {events=EPOLLOUT, data=0x55e03073cae0}], 40, {tv_sec=0, tv_nsec=0}, NULL, 8) = 4
27397<sshd-session> 22:19:14 sendto(14<UNIX-STREAM:[147516->145788]>, "{\"method\":\"io.systemd.UserDataba"..., 121, MSG_DONTWAIT|MSG_NOSIGNAL, NULL, 0) = 121
27397<sshd-session> 22:19:14 epoll_ctl(11<anon_inode:[eventpoll]>, EPOLL_CTL_MOD, 14<UNIX-STREAM:[147516->145788]>, {events=EPOLLIN, data=0x55e03073cae0}) = 0
27397<sshd-session> 22:19:14 epoll_pwait2(11<anon_inode:[eventpoll]>, [{events=EPOLLIN, data=0x55e0307499a0}, {events=EPOLLIN, data=0x55e03075dd80}, {events=EPOLLIN, data=0x55e0307859f0}, {events=EPOLLIN, data=0x55e03073cae0}, {events=EPOLLIN, data=0x55e0306f40a0}], 40, {tv_sec=0, tv_nsec=0}, NULL, 8) = 5
27397<sshd-session> 22:19:14 recvfrom(10<UNIX-STREAM:[147514->145282]>, "{\"error\":\"io.systemd.UserDatabas"..., 131080, MSG_DONTWAIT, NULL, NULL) = 50
27397<sshd-session> 22:19:14 epoll_ctl(11<anon_inode:[eventpoll]>, EPOLL_CTL_MOD, 10<UNIX-STREAM:[147514->145282]>, {events=0, data=0x55e0307499a0}) = 0
27397<sshd-session> 22:19:14 epoll_pwait2(11<anon_inode:[eventpoll]>, [{events=EPOLLIN, data=0x55e03075dd80}, {events=EPOLLIN, data=0x55e0307859f0}, {events=EPOLLIN, data=0x55e03073cae0}, {events=EPOLLIN, data=0x55e0306f40a0}], 40, {tv_sec=0, tv_nsec=0}, NULL, 8) = 4
27397<sshd-session> 22:19:14 brk(0x55e0307e6000) = 0x55e0307e6000
27397<sshd-session> 22:19:14 recvfrom(13<UNIX-STREAM:[147515->145283]>, "{\"error\":\"io.systemd.UserDatabas"..., 131080, MSG_DONTWAIT, NULL, NULL) = 50
27397<sshd-session> 22:19:14 epoll_ctl(11<anon_inode:[eventpoll]>, EPOLL_CTL_MOD, 13<UNIX-STREAM:[147515->145283]>, {events=0, data=0x55e03075dd80}) = 0
27397<sshd-session> 22:19:14 epoll_pwait2(11<anon_inode:[eventpoll]>, [{events=EPOLLIN, data=0x55e0307859f0}, {events=EPOLLIN, data=0x55e03073cae0}, {events=EPOLLIN, data=0x55e0306f40a0}], 40, {tv_sec=0, tv_nsec=0}, NULL, 8) = 3
27397<sshd-session> 22:19:14 recvfrom(15<UNIX-STREAM:[147517->146760]>, "{\"error\":\"io.systemd.UserDatabas"..., 131080, MSG_DONTWAIT, NULL, NULL) = 50
27397<sshd-session> 22:19:14 epoll_ctl(11<anon_inode:[eventpoll]>, EPOLL_CTL_MOD, 15<UNIX-STREAM:[147517->146760]>, {events=0, data=0x55e0307859f0}) = 0
27397<sshd-session> 22:19:14 epoll_pwait2(11<anon_inode:[eventpoll]>, [{events=EPOLLIN, data=0x55e03073cae0}, {events=EPOLLIN, data=0x55e0306f40a0}], 40, {tv_sec=0, tv_nsec=0}, NULL, 8) = 2
27397<sshd-session> 22:19:14 brk(0x55e030826000) = 0x55e030826000
27397<sshd-session> 22:19:14 recvfrom(16<UNIX-STREAM:[147518->146724]>, "{\"error\":\"io.systemd.UserDatabas"..., 131080, MSG_DONTWAIT, NULL, NULL) = 50
27397<sshd-session> 22:19:14 epoll_ctl(11<anon_inode:[eventpoll]>, EPOLL_CTL_MOD, 16<UNIX-STREAM:[147518->146724]>, {events=0, data=0x55e0306f40a0}) = 0
27397<sshd-session> 22:19:14 epoll_pwait2(11<anon_inode:[eventpoll]>, [{events=EPOLLIN, data=0x55e03073cae0}], 40, {tv_sec=0, tv_nsec=0}, NULL, 8) = 1
27397<sshd-session> 22:19:14 recvfrom(14<UNIX-STREAM:[147516->145788]>, "{\"error\":\"io.systemd.UserDatabas"..., 131080, MSG_DONTWAIT, NULL, NULL) = 50
27397<sshd-session> 22:19:14 epoll_ctl(11<anon_inode:[eventpoll]>, EPOLL_CTL_MOD, 14<UNIX-STREAM:[147516->145788]>, {events=0, data=0x55e03073cae0}) = 0
27397<sshd-session> 22:19:14 epoll_pwait2(11<anon_inode:[eventpoll]>, [], 40, {tv_sec=0, tv_nsec=0}, NULL, 8) = 0
27397<sshd-session> 22:19:14 epoll_pwait2(11<anon_inode:[eventpoll]>, [], 40, {tv_sec=0, tv_nsec=0}, NULL, 8) = 0
27397<sshd-session> 22:19:14 epoll_pwait2(11<anon_inode:[eventpoll]>, [], 40, {tv_sec=0, tv_nsec=0}, NULL, 8) = 0
27397<sshd-session> 22:19:14 epoll_pwait2(11<anon_inode:[eventpoll]>, [], 40, {tv_sec=0, tv_nsec=0}, NULL, 8) = 0
27397<sshd-session> 22:19:14 epoll_pwait2(11<anon_inode:[eventpoll]>, [], 40, {tv_sec=0, tv_nsec=0}, NULL, 8) = 0
27397<sshd-session> 22:19:14 epoll_pwait2(11<anon_inode:[eventpoll]>, [], 40, {tv_sec=0, tv_nsec=0}, NULL, 8) = 0
27397<sshd-session> 22:19:14 epoll_ctl(11<anon_inode:[eventpoll]>, EPOLL_CTL_DEL, 10<UNIX-STREAM:[147514->145282]>, NULL) = 0
27397<sshd-session> 22:19:14 close(10<UNIX-STREAM:[147514->145282]>) = 0
27397<sshd-session> 22:19:14 epoll_pwait2(11<anon_inode:[eventpoll]>, [], 40, {tv_sec=0, tv_nsec=0}, NULL, 8) = 0
27397<sshd-session> 22:19:14 epoll_ctl(11<anon_inode:[eventpoll]>, EPOLL_CTL_DEL, 13<UNIX-STREAM:[147515->145283]>, NULL) = 0
27397<sshd-session> 22:19:14 close(13<UNIX-STREAM:[147515->145283]>) = 0
27397<sshd-session> 22:19:14 epoll_pwait2(11<anon_inode:[eventpoll]>, [], 40, {tv_sec=0, tv_nsec=0}, NULL, 8) = 0
27397<sshd-session> 22:19:14 epoll_ctl(11<anon_inode:[eventpoll]>, EPOLL_CTL_DEL, 15<UNIX-STREAM:[147517->146760]>, NULL) = 0
27397<sshd-session> 22:19:14 close(15<UNIX-STREAM:[147517->146760]>) = 0
27397<sshd-session> 22:19:14 epoll_pwait2(11<anon_inode:[eventpoll]>, [], 40, {tv_sec=0, tv_nsec=0}, NULL, 8) = 0
27397<sshd-session> 22:19:14 epoll_ctl(11<anon_inode:[eventpoll]>, EPOLL_CTL_DEL, 16<UNIX-STREAM:[147518->146724]>, NULL) = 0
27397<sshd-session> 22:19:14 close(16<UNIX-STREAM:[147518->146724]>) = 0
27397<sshd-session> 22:19:14 epoll_pwait2(11<anon_inode:[eventpoll]>, [], 40, {tv_sec=0, tv_nsec=0}, NULL, 8) = 0
27397<sshd-session> 22:19:14 epoll_ctl(11<anon_inode:[eventpoll]>, EPOLL_CTL_DEL, 14<UNIX-STREAM:[147516->145788]>, NULL) = 0
27397<sshd-session> 22:19:14 close(14<UNIX-STREAM:[147516->145788]>) = 0
27397<sshd-session> 22:19:14 brk(0x55e0307a6000) = 0x55e0307a6000
27397<sshd-session> 22:19:14 close(11<anon_inode:[eventpoll]>) = 0
27397<sshd-session> 22:19:14 close(12<anon_inode:[timerfd]>) = 0
27397<sshd-session> 22:19:14 openat(AT_FDCWD</>, "/run/systemd/userdb/", O_RDONLY|O_NONBLOCK|O_CLOEXEC|O_DIRECTORY) = 8</run/systemd/userdb>
27397<sshd-session> 22:19:14 fstat(8</run/systemd/userdb>, {st_mode=S_IFDIR|0755, st_size=180, ...}) = 0
27397<sshd-session> 22:19:14 getdents64(8</run/systemd/userdb>, 0x55e030785bf0 /* 9 entries */, 32768) = 360
27397<sshd-session> 22:19:14 socket(AF_UNIX, SOCK_STREAM|SOCK_CLOEXEC|SOCK_NONBLOCK, 0) = 10<UNIX-STREAM:[147519]>
27397<sshd-session> 22:19:14 connect(10<UNIX-STREAM:[147519]>, {sa_family=AF_UNIX, sun_path="/run/systemd/userdb/io.systemd.DynamicUser"}, 45) = 0
27397<sshd-session> 22:19:14 epoll_create1(EPOLL_CLOEXEC) = 11<anon_inode:[eventpoll]>
27397<sshd-session> 22:19:14 timerfd_create(CLOCK_MONOTONIC, TFD_CLOEXEC|TFD_NONBLOCK) = 12<anon_inode:[timerfd]>
27397<sshd-session> 22:19:14 epoll_ctl(11<anon_inode:[eventpoll]>, EPOLL_CTL_ADD, 12<anon_inode:[timerfd]>, {events=EPOLLIN, data=0x55e0307741a0}) = 0
27397<sshd-session> 22:19:14 epoll_ctl(11<anon_inode:[eventpoll]>, EPOLL_CTL_ADD, 10<UNIX-STREAM:[147519->145284]>, {events=0, data=0x55e03073cae0}) = 0
27397<sshd-session> 22:19:14 socket(AF_UNIX, SOCK_STREAM|SOCK_CLOEXEC|SOCK_NONBLOCK, 0) = 13<UNIX-STREAM:[147520]>
27397<sshd-session> 22:19:14 connect(13<UNIX-STREAM:[147520]>, {sa_family=AF_UNIX, sun_path="/run/systemd/userdb/org.gnome.DisplayManager"}, 47) = 0
27397<sshd-session> 22:19:14 epoll_ctl(11<anon_inode:[eventpoll]>, EPOLL_CTL_ADD, 13<UNIX-STREAM:[147520->145285]>, {events=0, data=0x55e0306f40a0}) = 0
27397<sshd-session> 22:19:14 socket(AF_UNIX, SOCK_STREAM|SOCK_CLOEXEC|SOCK_NONBLOCK, 0) = 14<UNIX-STREAM:[147521]>
27397<sshd-session> 22:19:14 connect(14<UNIX-STREAM:[147521]>, {sa_family=AF_UNIX, sun_path="/run/systemd/userdb/io.systemd.Machine"}, 41) = 0
27397<sshd-session> 22:19:14 epoll_ctl(11<anon_inode:[eventpoll]>, EPOLL_CTL_ADD, 14<UNIX-STREAM:[147521->145793]>, {events=0, data=0x55e0307859f0}) = 0
27397<sshd-session> 22:19:14 socket(AF_UNIX, SOCK_STREAM|SOCK_CLOEXEC|SOCK_NONBLOCK, 0) = 15<UNIX-STREAM:[147522]>
27397<sshd-session> 22:19:14 connect(15<UNIX-STREAM:[147522]>, {sa_family=AF_UNIX, sun_path="/run/systemd/userdb/io.systemd.Home"}, 38) = 0
27397<sshd-session> 22:19:14 epoll_ctl(11<anon_inode:[eventpoll]>, EPOLL_CTL_ADD, 15<UNIX-STREAM:[147522->146773]>, {events=0, data=0x55e03075dd80}) = 0
27397<sshd-session> 22:19:14 socket(AF_UNIX, SOCK_STREAM|SOCK_CLOEXEC|SOCK_NONBLOCK, 0) = 16<UNIX-STREAM:[147523]>
27397<sshd-session> 22:19:14 connect(16<UNIX-STREAM:[147523]>, {sa_family=AF_UNIX, sun_path="/run/systemd/userdb/io.systemd.DropIn"}, 40) = 0
27397<sshd-session> 22:19:14 epoll_ctl(11<anon_inode:[eventpoll]>, EPOLL_CTL_ADD, 16<UNIX-STREAM:[147523->146737]>, {events=0, data=0x55e0307499a0}) = 0
27397<sshd-session> 22:19:14 getdents64(8</run/systemd/userdb>, 0x55e030785bf0 /* 0 entries */, 32768) = 0
27397<sshd-session> 22:19:14 close(8</run/systemd/userdb>) = 0
27397<sshd-session> 22:19:14 epoll_ctl(11<anon_inode:[eventpoll]>, EPOLL_CTL_MOD, 10<UNIX-STREAM:[147519->145284]>, {events=EPOLLIN|EPOLLOUT, data=0x55e03073cae0}) = 0
27397<sshd-session> 22:19:14 epoll_ctl(11<anon_inode:[eventpoll]>, EPOLL_CTL_MOD, 13<UNIX-STREAM:[147520->145285]>, {events=EPOLLIN|EPOLLOUT, data=0x55e0306f40a0}) = 0
27397<sshd-session> 22:19:14 epoll_ctl(11<anon_inode:[eventpoll]>, EPOLL_CTL_MOD, 15<UNIX-STREAM:[147522->146773]>, {events=EPOLLIN|EPOLLOUT, data=0x55e03075dd80}) = 0
27397<sshd-session> 22:19:14 epoll_ctl(11<anon_inode:[eventpoll]>, EPOLL_CTL_MOD, 16<UNIX-STREAM:[147523->146737]>, {events=EPOLLIN|EPOLLOUT, data=0x55e0307499a0}) = 0
27397<sshd-session> 22:19:14 epoll_ctl(11<anon_inode:[eventpoll]>, EPOLL_CTL_MOD, 14<UNIX-STREAM:[147521->145793]>, {events=EPOLLIN|EPOLLOUT, data=0x55e0307859f0}) = 0
27397<sshd-session> 22:19:14 timerfd_settime(12<anon_inode:[timerfd]>, TFD_TIMER_ABSTIME, {it_interval={tv_sec=0, tv_nsec=0}, it_value={tv_sec=11910, tv_nsec=287318000}}, NULL) = 0
27397<sshd-session> 22:19:14 epoll_pwait2(11<anon_inode:[eventpoll]>, [{events=EPOLLOUT, data=0x55e03073cae0}, {events=EPOLLOUT, data=0x55e0306f40a0}, {events=EPOLLOUT, data=0x55e03075dd80}, {events=EPOLLOUT, data=0x55e0307499a0}, {events=EPOLLOUT, data=0x55e0307859f0}], 40, {tv_sec=0, tv_nsec=0}, NULL, 8) = 5
27397<sshd-session> 22:19:14 sendto(10<UNIX-STREAM:[147519->145284]>, "{\"method\":\"io.systemd.UserDataba"..., 137, MSG_DONTWAIT|MSG_NOSIGNAL, NULL, 0) = 137
27397<sshd-session> 22:19:14 epoll_ctl(11<anon_inode:[eventpoll]>, EPOLL_CTL_MOD, 10<UNIX-STREAM:[147519->145284]>, {events=EPOLLIN, data=0x55e03073cae0}) = 0
27397<sshd-session> 22:19:14 epoll_pwait2(11<anon_inode:[eventpoll]>, [{events=EPOLLIN, data=0x55e03073cae0}, {events=EPOLLOUT, data=0x55e0306f40a0}, {events=EPOLLOUT, data=0x55e03075dd80}, {events=EPOLLOUT, data=0x55e0307499a0}, {events=EPOLLOUT, data=0x55e0307859f0}], 40, {tv_sec=0, tv_nsec=0}, NULL, 8) = 5
27397<sshd-session> 22:19:14 sendto(13<UNIX-STREAM:[147520->145285]>, "{\"method\":\"io.systemd.UserDataba"..., 139, MSG_DONTWAIT|MSG_NOSIGNAL, NULL, 0) = 139
27397<sshd-session> 22:19:14 epoll_ctl(11<anon_inode:[eventpoll]>, EPOLL_CTL_MOD, 13<UNIX-STREAM:[147520->145285]>, {events=EPOLLIN, data=0x55e0306f40a0}) = 0
27397<sshd-session> 22:19:14 epoll_pwait2(11<anon_inode:[eventpoll]>, [{events=EPOLLIN, data=0x55e03073cae0}, {events=EPOLLIN, data=0x55e0306f40a0}, {events=EPOLLOUT, data=0x55e03075dd80}, {events=EPOLLOUT, data=0x55e0307499a0}, {events=EPOLLOUT, data=0x55e0307859f0}], 40, {tv_sec=0, tv_nsec=0}, NULL, 8) = 5
27397<sshd-session> 22:19:14 sendto(15<UNIX-STREAM:[147522->146773]>, "{\"method\":\"io.systemd.UserDataba"..., 130, MSG_DONTWAIT|MSG_NOSIGNAL, NULL, 0) = 130
27397<sshd-session> 22:19:14 epoll_ctl(11<anon_inode:[eventpoll]>, EPOLL_CTL_MOD, 15<UNIX-STREAM:[147522->146773]>, {events=EPOLLIN, data=0x55e03075dd80}) = 0
27397<sshd-session> 22:19:14 epoll_pwait2(11<anon_inode:[eventpoll]>, [{events=EPOLLIN, data=0x55e03073cae0}, {events=EPOLLIN, data=0x55e0306f40a0}, {events=EPOLLIN, data=0x55e03075dd80}, {events=EPOLLOUT, data=0x55e0307499a0}, {events=EPOLLOUT, data=0x55e0307859f0}], 40, {tv_sec=0, tv_nsec=0}, NULL, 8) = 5
27397<sshd-session> 22:19:14 sendto(16<UNIX-STREAM:[147523->146737]>, "{\"method\":\"io.systemd.UserDataba"..., 132, MSG_DONTWAIT|MSG_NOSIGNAL, NULL, 0) = 132
27397<sshd-session> 22:19:14 epoll_ctl(11<anon_inode:[eventpoll]>, EPOLL_CTL_MOD, 16<UNIX-STREAM:[147523->146737]>, {events=EPOLLIN, data=0x55e0307499a0}) = 0
27397<sshd-session> 22:19:14 epoll_pwait2(11<anon_inode:[eventpoll]>, [{events=EPOLLIN, data=0x55e03073cae0}, {events=EPOLLIN, data=0x55e0306f40a0}, {events=EPOLLIN, data=0x55e03075dd80}, {events=EPOLLOUT, data=0x55e0307859f0}], 40, {tv_sec=0, tv_nsec=0}, NULL, 8) = 4
27397<sshd-session> 22:19:14 sendto(14<UNIX-STREAM:[147521->145793]>, "{\"method\":\"io.systemd.UserDataba"..., 133, MSG_DONTWAIT|MSG_NOSIGNAL, NULL, 0) = 133
27397<sshd-session> 22:19:14 epoll_ctl(11<anon_inode:[eventpoll]>, EPOLL_CTL_MOD, 14<UNIX-STREAM:[147521->145793]>, {events=EPOLLIN, data=0x55e0307859f0}) = 0
27397<sshd-session> 22:19:14 epoll_pwait2(11<anon_inode:[eventpoll]>, [{events=EPOLLIN, data=0x55e03073cae0}, {events=EPOLLIN, data=0x55e0306f40a0}, {events=EPOLLIN, data=0x55e03075dd80}, {events=EPOLLIN, data=0x55e0307859f0}, {events=EPOLLIN, data=0x55e0307499a0}], 40, {tv_sec=0, tv_nsec=0}, NULL, 8) = 5
27397<sshd-session> 22:19:14 recvfrom(10<UNIX-STREAM:[147519->145284]>, "{\"error\":\"io.systemd.UserDatabas"..., 131080, MSG_DONTWAIT, NULL, NULL) = 50
27397<sshd-session> 22:19:14 epoll_ctl(11<anon_inode:[eventpoll]>, EPOLL_CTL_MOD, 10<UNIX-STREAM:[147519->145284]>, {events=0, data=0x55e03073cae0}) = 0
27397<sshd-session> 22:19:14 epoll_pwait2(11<anon_inode:[eventpoll]>, [{events=EPOLLIN, data=0x55e0306f40a0}, {events=EPOLLIN, data=0x55e03075dd80}, {events=EPOLLIN, data=0x55e0307859f0}, {events=EPOLLIN, data=0x55e0307499a0}], 40, {tv_sec=0, tv_nsec=0}, NULL, 8) = 4
27397<sshd-session> 22:19:14 brk(0x55e0307e6000) = 0x55e0307e6000
27397<sshd-session> 22:19:14 recvfrom(13<UNIX-STREAM:[147520->145285]>, "{\"error\":\"io.systemd.UserDatabas"..., 131080, MSG_DONTWAIT, NULL, NULL) = 50
27397<sshd-session> 22:19:14 epoll_ctl(11<anon_inode:[eventpoll]>, EPOLL_CTL_MOD, 13<UNIX-STREAM:[147520->145285]>, {events=0, data=0x55e0306f40a0}) = 0
27397<sshd-session> 22:19:14 epoll_pwait2(11<anon_inode:[eventpoll]>, [{events=EPOLLIN, data=0x55e03075dd80}, {events=EPOLLIN, data=0x55e0307859f0}, {events=EPOLLIN, data=0x55e0307499a0}], 40, {tv_sec=0, tv_nsec=0}, NULL, 8) = 3
27397<sshd-session> 22:19:14 recvfrom(15<UNIX-STREAM:[147522->146773]>, "{\"error\":\"io.systemd.UserDatabas"..., 131080, MSG_DONTWAIT, NULL, NULL) = 50
27397<sshd-session> 22:19:14 epoll_ctl(11<anon_inode:[eventpoll]>, EPOLL_CTL_MOD, 15<UNIX-STREAM:[147522->146773]>, {events=0, data=0x55e03075dd80}) = 0
27397<sshd-session> 22:19:14 epoll_pwait2(11<anon_inode:[eventpoll]>, [{events=EPOLLIN, data=0x55e0307859f0}, {events=EPOLLIN, data=0x55e0307499a0}], 40, {tv_sec=0, tv_nsec=0}, NULL, 8) = 2
27397<sshd-session> 22:19:14 brk(0x55e030826000) = 0x55e030826000
27397<sshd-session> 22:19:14 recvfrom(16<UNIX-STREAM:[147523->146737]>, "{\"error\":\"io.systemd.UserDatabas"..., 131080, MSG_DONTWAIT, NULL, NULL) = 50
27397<sshd-session> 22:19:14 epoll_ctl(11<anon_inode:[eventpoll]>, EPOLL_CTL_MOD, 16<UNIX-STREAM:[147523->146737]>, {events=0, data=0x55e0307499a0}) = 0
27397<sshd-session> 22:19:14 epoll_pwait2(11<anon_inode:[eventpoll]>, [{events=EPOLLIN, data=0x55e0307859f0}], 40, {tv_sec=0, tv_nsec=0}, NULL, 8) = 1
27397<sshd-session> 22:19:14 recvfrom(14<UNIX-STREAM:[147521->145793]>, "{\"error\":\"io.systemd.UserDatabas"..., 131080, MSG_DONTWAIT, NULL, NULL) = 50
27397<sshd-session> 22:19:14 epoll_ctl(11<anon_inode:[eventpoll]>, EPOLL_CTL_MOD, 14<UNIX-STREAM:[147521->145793]>, {events=0, data=0x55e0307859f0}) = 0
27397<sshd-session> 22:19:14 epoll_pwait2(11<anon_inode:[eventpoll]>, [], 40, {tv_sec=0, tv_nsec=0}, NULL, 8) = 0
27397<sshd-session> 22:19:14 epoll_pwait2(11<anon_inode:[eventpoll]>, [], 40, {tv_sec=0, tv_nsec=0}, NULL, 8) = 0
27397<sshd-session> 22:19:14 epoll_pwait2(11<anon_inode:[eventpoll]>, [], 40, {tv_sec=0, tv_nsec=0}, NULL, 8) = 0
27397<sshd-session> 22:19:14 epoll_pwait2(11<anon_inode:[eventpoll]>, [], 40, {tv_sec=0, tv_nsec=0}, NULL, 8) = 0
27397<sshd-session> 22:19:14 epoll_pwait2(11<anon_inode:[eventpoll]>, [], 40, {tv_sec=0, tv_nsec=0}, NULL, 8) = 0
27397<sshd-session> 22:19:14 epoll_pwait2(11<anon_inode:[eventpoll]>, [], 40, {tv_sec=0, tv_nsec=0}, NULL, 8) = 0
27397<sshd-session> 22:19:14 epoll_ctl(11<anon_inode:[eventpoll]>, EPOLL_CTL_DEL, 10<UNIX-STREAM:[147519->145284]>, NULL) = 0
27397<sshd-session> 22:19:14 close(10<UNIX-STREAM:[147519->145284]>) = 0
27397<sshd-session> 22:19:14 epoll_pwait2(11<anon_inode:[eventpoll]>, [], 40, {tv_sec=0, tv_nsec=0}, NULL, 8) = 0
27397<sshd-session> 22:19:14 epoll_ctl(11<anon_inode:[eventpoll]>, EPOLL_CTL_DEL, 13<UNIX-STREAM:[147520->145285]>, NULL) = 0
27397<sshd-session> 22:19:14 close(13<UNIX-STREAM:[147520->145285]>) = 0
27397<sshd-session> 22:19:14 epoll_pwait2(11<anon_inode:[eventpoll]>, [], 40, {tv_sec=0, tv_nsec=0}, NULL, 8) = 0
27397<sshd-session> 22:19:14 epoll_ctl(11<anon_inode:[eventpoll]>, EPOLL_CTL_DEL, 15<UNIX-STREAM:[147522->146773]>, NULL) = 0
27397<sshd-session> 22:19:14 close(15<UNIX-STREAM:[147522->146773]>) = 0
27397<sshd-session> 22:19:14 epoll_pwait2(11<anon_inode:[eventpoll]>, [], 40, {tv_sec=0, tv_nsec=0}, NULL, 8) = 0
27397<sshd-session> 22:19:14 epoll_ctl(11<anon_inode:[eventpoll]>, EPOLL_CTL_DEL, 16<UNIX-STREAM:[147523->146737]>, NULL) = 0
27397<sshd-session> 22:19:14 close(16<UNIX-STREAM:[147523->146737]>) = 0
27397<sshd-session> 22:19:14 epoll_pwait2(11<anon_inode:[eventpoll]>, [], 40, {tv_sec=0, tv_nsec=0}, NULL, 8) = 0
27397<sshd-session> 22:19:14 epoll_ctl(11<anon_inode:[eventpoll]>, EPOLL_CTL_DEL, 14<UNIX-STREAM:[147521->145793]>, NULL) = 0
27397<sshd-session> 22:19:14 close(14<UNIX-STREAM:[147521->145793]>) = 0
27397<sshd-session> 22:19:14 brk(0x55e0307a6000) = 0x55e0307a6000
27397<sshd-session> 22:19:14 close(11<anon_inode:[eventpoll]>) = 0
27397<sshd-session> 22:19:14 close(12<anon_inode:[timerfd]>) = 0
27397<sshd-session> 22:19:14 rt_sigprocmask(SIG_SETMASK, [], NULL, 8) = 0
27397<sshd-session> 22:19:14 newfstatat(AT_FDCWD</>, "/etc/nsswitch.conf", {st_mode=S_IFREG|0644, st_size=687, ...}, 0) = 0
27397<sshd-session> 22:19:14 newfstatat(AT_FDCWD</>, "/etc/nsswitch.conf", {st_mode=S_IFREG|0644, st_size=687, ...}, 0) = 0
27397<sshd-session> 22:19:14 openat(AT_FDCWD</>, "/etc/group", O_RDONLY|O_CLOEXEC) = 8</etc/group>
27397<sshd-session> 22:19:14 fstat(8</etc/group>, {st_mode=S_IFREG|0644, st_size=1211, ...}) = 0
27397<sshd-session> 22:19:14 lseek(8</etc/group>, 0, SEEK_SET) = 0
27397<sshd-session> 22:19:14 read(8</etc/group>, "root:x:0:\nsys:x:3:\nadm:x:4:\ntty:"..., 4096) = 1211
27397<sshd-session> 22:19:14 read(8</etc/group>, "", 4096) = 0
27397<sshd-session> 22:19:14 close(8</etc/group>) = 0
27397<sshd-session> 22:19:14 rt_sigprocmask(SIG_BLOCK, [HUP USR1 USR2 PIPE ALRM CHLD TSTP URG VTALRM PROF WINCH IO], [], 8) = 0
27397<sshd-session> 22:19:14 openat(AT_FDCWD</>, "/run/systemd/userdb/", O_RDONLY|O_NONBLOCK|O_CLOEXEC|O_DIRECTORY) = 8</run/systemd/userdb>
27397<sshd-session> 22:19:14 fstat(8</run/systemd/userdb>, {st_mode=S_IFDIR|0755, st_size=180, ...}) = 0
27397<sshd-session> 22:19:14 getdents64(8</run/systemd/userdb>, 0x55e030785bf0 /* 9 entries */, 32768) = 360
27397<sshd-session> 22:19:14 socket(AF_UNIX, SOCK_STREAM|SOCK_CLOEXEC|SOCK_NONBLOCK, 0) = 10<UNIX-STREAM:[146774]>
27397<sshd-session> 22:19:14 connect(10<UNIX-STREAM:[146774]>, {sa_family=AF_UNIX, sun_path="/run/systemd/userdb/io.systemd.DynamicUser"}, 45) = 0
27397<sshd-session> 22:19:14 epoll_create1(EPOLL_CLOEXEC) = 11<anon_inode:[eventpoll]>
27397<sshd-session> 22:19:14 timerfd_create(CLOCK_MONOTONIC, TFD_CLOEXEC|TFD_NONBLOCK) = 12<anon_inode:[timerfd]>
27397<sshd-session> 22:19:14 epoll_ctl(11<anon_inode:[eventpoll]>, EPOLL_CTL_ADD, 12<anon_inode:[timerfd]>, {events=EPOLLIN, data=0x55e0307741a0}) = 0
27397<sshd-session> 22:19:14 epoll_ctl(11<anon_inode:[eventpoll]>, EPOLL_CTL_ADD, 10<UNIX-STREAM:[146774->145288]>, {events=0, data=0x55e0307859f0}) = 0
27397<sshd-session> 22:19:14 socket(AF_UNIX, SOCK_STREAM|SOCK_CLOEXEC|SOCK_NONBLOCK, 0) = 13<UNIX-STREAM:[147525]>
27397<sshd-session> 22:19:14 connect(13<UNIX-STREAM:[147525]>, {sa_family=AF_UNIX, sun_path="/run/systemd/userdb/org.gnome.DisplayManager"}, 47) = 0
27397<sshd-session> 22:19:14 epoll_ctl(11<anon_inode:[eventpoll]>, EPOLL_CTL_ADD, 13<UNIX-STREAM:[147525->145292]>, {events=0, data=0x55e0307499a0}) = 0
27397<sshd-session> 22:19:14 socket(AF_UNIX, SOCK_STREAM|SOCK_CLOEXEC|SOCK_NONBLOCK, 0) = 14<UNIX-STREAM:[146776]>
27397<sshd-session> 22:19:14 connect(14<UNIX-STREAM:[146776]>, {sa_family=AF_UNIX, sun_path="/run/systemd/userdb/io.systemd.Machine"}, 41) = 0
27397<sshd-session> 22:19:14 epoll_ctl(11<anon_inode:[eventpoll]>, EPOLL_CTL_ADD, 14<UNIX-STREAM:[146776->147526]>, {events=0, data=0x55e03075dd80}) = 0
27397<sshd-session> 22:19:14 socket(AF_UNIX, SOCK_STREAM|SOCK_CLOEXEC|SOCK_NONBLOCK, 0) = 15<UNIX-STREAM:[145293]>
27397<sshd-session> 22:19:14 connect(15<UNIX-STREAM:[145293]>, {sa_family=AF_UNIX, sun_path="/run/systemd/userdb/io.systemd.Home"}, 38) = 0
27397<sshd-session> 22:19:14 epoll_ctl(11<anon_inode:[eventpoll]>, EPOLL_CTL_ADD, 15<UNIX-STREAM:[145293->145296]>, {events=0, data=0x55e0306f40a0}) = 0
27397<sshd-session> 22:19:14 socket(AF_UNIX, SOCK_STREAM|SOCK_CLOEXEC|SOCK_NONBLOCK, 0) = 16<UNIX-STREAM:[145798]>
27397<sshd-session> 22:19:14 connect(16<UNIX-STREAM:[145798]>, {sa_family=AF_UNIX, sun_path="/run/systemd/userdb/io.systemd.DropIn"}, 40) = 0
27397<sshd-session> 22:19:14 epoll_ctl(11<anon_inode:[eventpoll]>, EPOLL_CTL_ADD, 16<UNIX-STREAM:[145798->145281]>, {events=0, data=0x55e03073cae0}) = 0
27397<sshd-session> 22:19:14 getdents64(8</run/systemd/userdb>, 0x55e030785bf0 /* 0 entries */, 32768) = 0
27397<sshd-session> 22:19:14 close(8</run/systemd/userdb>) = 0
27397<sshd-session> 22:19:14 epoll_ctl(11<anon_inode:[eventpoll]>, EPOLL_CTL_MOD, 10<UNIX-STREAM:[146774->145288]>, {events=EPOLLIN|EPOLLOUT, data=0x55e0307859f0}) = 0
27397<sshd-session> 22:19:14 epoll_ctl(11<anon_inode:[eventpoll]>, EPOLL_CTL_MOD, 13<UNIX-STREAM:[147525->145292]>, {events=EPOLLIN|EPOLLOUT, data=0x55e0307499a0}) = 0
27397<sshd-session> 22:19:14 epoll_ctl(11<anon_inode:[eventpoll]>, EPOLL_CTL_MOD, 15<UNIX-STREAM:[145293->145296]>, {events=EPOLLIN|EPOLLOUT, data=0x55e0306f40a0}) = 0
27397<sshd-session> 22:19:14 epoll_ctl(11<anon_inode:[eventpoll]>, EPOLL_CTL_MOD, 16<UNIX-STREAM:[145798->145281]>, {events=EPOLLIN|EPOLLOUT, data=0x55e03073cae0}) = 0
27397<sshd-session> 22:19:14 epoll_ctl(11<anon_inode:[eventpoll]>, EPOLL_CTL_MOD, 14<UNIX-STREAM:[146776->147526]>, {events=EPOLLIN|EPOLLOUT, data=0x55e03075dd80}) = 0
27397<sshd-session> 22:19:14 timerfd_settime(12<anon_inode:[timerfd]>, TFD_TIMER_ABSTIME, {it_interval={tv_sec=0, tv_nsec=0}, it_value={tv_sec=11910, tv_nsec=287318000}}, NULL) = 0
27397<sshd-session> 22:19:14 epoll_pwait2(11<anon_inode:[eventpoll]>, [{events=EPOLLOUT, data=0x55e0307859f0}, {events=EPOLLOUT, data=0x55e0307499a0}, {events=EPOLLOUT, data=0x55e0306f40a0}, {events=EPOLLOUT, data=0x55e03073cae0}, {events=EPOLLOUT, data=0x55e03075dd80}], 40, {tv_sec=0, tv_nsec=0}, NULL, 8) = 5
27397<sshd-session> 22:19:14 sendto(10<UNIX-STREAM:[146774->145288]>, "{\"method\":\"io.systemd.UserDataba"..., 136, MSG_DONTWAIT|MSG_NOSIGNAL, NULL, 0) = 136
27397<sshd-session> 22:19:14 epoll_ctl(11<anon_inode:[eventpoll]>, EPOLL_CTL_MOD, 10<UNIX-STREAM:[146774->145288]>, {events=EPOLLIN, data=0x55e0307859f0}) = 0
27397<sshd-session> 22:19:14 epoll_pwait2(11<anon_inode:[eventpoll]>, [{events=EPOLLIN, data=0x55e0307859f0}, {events=EPOLLOUT, data=0x55e0307499a0}, {events=EPOLLOUT, data=0x55e0306f40a0}, {events=EPOLLOUT, data=0x55e03073cae0}, {events=EPOLLOUT, data=0x55e03075dd80}], 40, {tv_sec=0, tv_nsec=0}, NULL, 8) = 5
27397<sshd-session> 22:19:14 sendto(13<UNIX-STREAM:[147525->145292]>, "{\"method\":\"io.systemd.UserDataba"..., 138, MSG_DONTWAIT|MSG_NOSIGNAL, NULL, 0) = 138
27397<sshd-session> 22:19:14 epoll_ctl(11<anon_inode:[eventpoll]>, EPOLL_CTL_MOD, 13<UNIX-STREAM:[147525->145292]>, {events=EPOLLIN, data=0x55e0307499a0}) = 0
27397<sshd-session> 22:19:14 epoll_pwait2(11<anon_inode:[eventpoll]>, [{events=EPOLLIN, data=0x55e0307859f0}, {events=EPOLLIN, data=0x55e0307499a0}, {events=EPOLLOUT, data=0x55e0306f40a0}, {events=EPOLLOUT, data=0x55e03073cae0}, {events=EPOLLOUT, data=0x55e03075dd80}], 40, {tv_sec=0, tv_nsec=0}, NULL, 8) = 5
27397<sshd-session> 22:19:14 sendto(15<UNIX-STREAM:[145293->145296]>, "{\"method\":\"io.systemd.UserDataba"..., 129, MSG_DONTWAIT|MSG_NOSIGNAL, NULL, 0) = 129
27397<sshd-session> 22:19:14 epoll_ctl(11<anon_inode:[eventpoll]>, EPOLL_CTL_MOD, 15<UNIX-STREAM:[145293->145296]>, {events=EPOLLIN, data=0x55e0306f40a0}) = 0
27397<sshd-session> 22:19:14 epoll_pwait2(11<anon_inode:[eventpoll]>, [{events=EPOLLIN, data=0x55e0307859f0}, {events=EPOLLIN, data=0x55e0307499a0}, {events=EPOLLIN, data=0x55e0306f40a0}, {events=EPOLLOUT, data=0x55e03073cae0}, {events=EPOLLOUT, data=0x55e03075dd80}], 40, {tv_sec=0, tv_nsec=0}, NULL, 8) = 5
27397<sshd-session> 22:19:14 sendto(16<UNIX-STREAM:[145798->145281]>, "{\"method\":\"io.systemd.UserDataba"..., 131, MSG_DONTWAIT|MSG_NOSIGNAL, NULL, 0) = 131
27397<sshd-session> 22:19:14 epoll_ctl(11<anon_inode:[eventpoll]>, EPOLL_CTL_MOD, 16<UNIX-STREAM:[145798->145281]>, {events=EPOLLIN, data=0x55e03073cae0}) = 0
27397<sshd-session> 22:19:14 epoll_pwait2(11<anon_inode:[eventpoll]>, [{events=EPOLLIN, data=0x55e0307859f0}, {events=EPOLLIN, data=0x55e0307499a0}, {events=EPOLLIN, data=0x55e0306f40a0}, {events=EPOLLOUT, data=0x55e03075dd80}], 40, {tv_sec=0, tv_nsec=0}, NULL, 8) = 4
27397<sshd-session> 22:19:14 sendto(14<UNIX-STREAM:[146776->147526]>, "{\"method\":\"io.systemd.UserDataba"..., 132, MSG_DONTWAIT|MSG_NOSIGNAL, NULL, 0) = 132
27397<sshd-session> 22:19:14 epoll_ctl(11<anon_inode:[eventpoll]>, EPOLL_CTL_MOD, 14<UNIX-STREAM:[146776->147526]>, {events=EPOLLIN, data=0x55e03075dd80}) = 0
27397<sshd-session> 22:19:14 epoll_pwait2(11<anon_inode:[eventpoll]>, [{events=EPOLLIN, data=0x55e0307859f0}, {events=EPOLLIN, data=0x55e0307499a0}, {events=EPOLLIN, data=0x55e0306f40a0}, {events=EPOLLIN, data=0x55e03075dd80}, {events=EPOLLIN, data=0x55e03073cae0}], 40, {tv_sec=0, tv_nsec=0}, NULL, 8) = 5
27397<sshd-session> 22:19:14 recvfrom(10<UNIX-STREAM:[146774->145288]>, "{\"error\":\"io.systemd.UserDatabas"..., 131080, MSG_DONTWAIT, NULL, NULL) = 50
27397<sshd-session> 22:19:14 epoll_ctl(11<anon_inode:[eventpoll]>, EPOLL_CTL_MOD, 10<UNIX-STREAM:[146774->145288]>, {events=0, data=0x55e0307859f0}) = 0
27397<sshd-session> 22:19:14 epoll_pwait2(11<anon_inode:[eventpoll]>, [{events=EPOLLIN, data=0x55e0307499a0}, {events=EPOLLIN, data=0x55e0306f40a0}, {events=EPOLLIN, data=0x55e03075dd80}, {events=EPOLLIN, data=0x55e03073cae0}], 40, {tv_sec=0, tv_nsec=0}, NULL, 8) = 4
27397<sshd-session> 22:19:14 brk(0x55e0307e6000) = 0x55e0307e6000
27397<sshd-session> 22:19:14 recvfrom(13<UNIX-STREAM:[147525->145292]>, "{\"error\":\"io.systemd.UserDatabas"..., 131080, MSG_DONTWAIT, NULL, NULL) = 50
27397<sshd-session> 22:19:14 epoll_ctl(11<anon_inode:[eventpoll]>, EPOLL_CTL_MOD, 13<UNIX-STREAM:[147525->145292]>, {events=0, data=0x55e0307499a0}) = 0
27397<sshd-session> 22:19:14 epoll_pwait2(11<anon_inode:[eventpoll]>, [{events=EPOLLIN, data=0x55e0306f40a0}, {events=EPOLLIN, data=0x55e03075dd80}, {events=EPOLLIN, data=0x55e03073cae0}], 40, {tv_sec=0, tv_nsec=0}, NULL, 8) = 3
27397<sshd-session> 22:19:14 recvfrom(15<UNIX-STREAM:[145293->145296]>, "{\"error\":\"io.systemd.UserDatabas"..., 131080, MSG_DONTWAIT, NULL, NULL) = 50
27397<sshd-session> 22:19:14 epoll_ctl(11<anon_inode:[eventpoll]>, EPOLL_CTL_MOD, 15<UNIX-STREAM:[145293->145296]>, {events=0, data=0x55e0306f40a0}) = 0
27397<sshd-session> 22:19:14 epoll_pwait2(11<anon_inode:[eventpoll]>, [{events=EPOLLIN, data=0x55e03075dd80}, {events=EPOLLIN, data=0x55e03073cae0}], 40, {tv_sec=0, tv_nsec=0}, NULL, 8) = 2
27397<sshd-session> 22:19:14 brk(0x55e030826000) = 0x55e030826000
27397<sshd-session> 22:19:14 recvfrom(16<UNIX-STREAM:[145798->145281]>, "{\"error\":\"io.systemd.UserDatabas"..., 131080, MSG_DONTWAIT, NULL, NULL) = 50
27397<sshd-session> 22:19:14 epoll_ctl(11<anon_inode:[eventpoll]>, EPOLL_CTL_MOD, 16<UNIX-STREAM:[145798->145281]>, {events=0, data=0x55e03073cae0}) = 0
27397<sshd-session> 22:19:14 epoll_pwait2(11<anon_inode:[eventpoll]>, [{events=EPOLLIN, data=0x55e03075dd80}], 40, {tv_sec=0, tv_nsec=0}, NULL, 8) = 1
27397<sshd-session> 22:19:14 recvfrom(14<UNIX-STREAM:[146776->147526]>, "{\"error\":\"io.systemd.UserDatabas"..., 131080, MSG_DONTWAIT, NULL, NULL) = 50
27397<sshd-session> 22:19:14 epoll_ctl(11<anon_inode:[eventpoll]>, EPOLL_CTL_MOD, 14<UNIX-STREAM:[146776->147526]>, {events=0, data=0x55e03075dd80}) = 0
27397<sshd-session> 22:19:14 epoll_pwait2(11<anon_inode:[eventpoll]>, [], 40, {tv_sec=0, tv_nsec=0}, NULL, 8) = 0
27397<sshd-session> 22:19:14 epoll_pwait2(11<anon_inode:[eventpoll]>, [], 40, {tv_sec=0, tv_nsec=0}, NULL, 8) = 0
27397<sshd-session> 22:19:14 epoll_pwait2(11<anon_inode:[eventpoll]>, [], 40, {tv_sec=0, tv_nsec=0}, NULL, 8) = 0
27397<sshd-session> 22:19:14 epoll_pwait2(11<anon_inode:[eventpoll]>, [], 40, {tv_sec=0, tv_nsec=0}, NULL, 8) = 0
27397<sshd-session> 22:19:14 epoll_pwait2(11<anon_inode:[eventpoll]>, [], 40, {tv_sec=0, tv_nsec=0}, NULL, 8) = 0
27397<sshd-session> 22:19:14 epoll_pwait2(11<anon_inode:[eventpoll]>, [], 40, {tv_sec=0, tv_nsec=0}, NULL, 8) = 0
27397<sshd-session> 22:19:14 epoll_ctl(11<anon_inode:[eventpoll]>, EPOLL_CTL_DEL, 10<UNIX-STREAM:[146774->145288]>, NULL) = 0
27397<sshd-session> 22:19:14 close(10<UNIX-STREAM:[146774->145288]>) = 0
27397<sshd-session> 22:19:14 epoll_pwait2(11<anon_inode:[eventpoll]>, [], 40, {tv_sec=0, tv_nsec=0}, NULL, 8) = 0
27397<sshd-session> 22:19:14 epoll_ctl(11<anon_inode:[eventpoll]>, EPOLL_CTL_DEL, 13<UNIX-STREAM:[147525->145292]>, NULL) = 0
27397<sshd-session> 22:19:14 close(13<UNIX-STREAM:[147525->145292]>) = 0
27397<sshd-session> 22:19:14 epoll_pwait2(11<anon_inode:[eventpoll]>, [], 40, {tv_sec=0, tv_nsec=0}, NULL, 8) = 0
27397<sshd-session> 22:19:14 epoll_ctl(11<anon_inode:[eventpoll]>, EPOLL_CTL_DEL, 15<UNIX-STREAM:[145293->145296]>, NULL) = 0
27397<sshd-session> 22:19:14 close(15<UNIX-STREAM:[145293->145296]>) = 0
27397<sshd-session> 22:19:14 epoll_pwait2(11<anon_inode:[eventpoll]>, [], 40, {tv_sec=0, tv_nsec=0}, NULL, 8) = 0
27397<sshd-session> 22:19:14 epoll_ctl(11<anon_inode:[eventpoll]>, EPOLL_CTL_DEL, 16<UNIX-STREAM:[145798->145281]>, NULL) = 0
27397<sshd-session> 22:19:14 close(16<UNIX-STREAM:[145798->145281]>) = 0
27397<sshd-session> 22:19:14 epoll_pwait2(11<anon_inode:[eventpoll]>, [], 40, {tv_sec=0, tv_nsec=0}, NULL, 8) = 0
27397<sshd-session> 22:19:14 epoll_ctl(11<anon_inode:[eventpoll]>, EPOLL_CTL_DEL, 14<UNIX-STREAM:[146776->147526]>, NULL) = 0
27397<sshd-session> 22:19:14 close(14<UNIX-STREAM:[146776->147526]>) = 0
27397<sshd-session> 22:19:14 brk(0x55e0307a6000) = 0x55e0307a6000
27397<sshd-session> 22:19:14 rt_sigprocmask(SIG_SETMASK, [], NULL, 8) = 0
27397<sshd-session> 22:19:14 close(11<anon_inode:[eventpoll]>) = 0
27397<sshd-session> 22:19:14 close(12<anon_inode:[timerfd]>) = 0
27397<sshd-session> 22:19:14 newfstatat(AT_FDCWD</>, "/etc/nsswitch.conf", {st_mode=S_IFREG|0644, st_size=687, ...}, 0) = 0
27397<sshd-session> 22:19:14 openat(AT_FDCWD</>, "/etc/passwd", O_RDONLY|O_CLOEXEC) = 8</etc/passwd>
27397<sshd-session> 22:19:14 fstat(8</etc/passwd>, {st_mode=S_IFREG|0644, st_size=3346, ...}) = 0
27397<sshd-session> 22:19:14 lseek(8</etc/passwd>, 0, SEEK_SET) = 0
27397<sshd-session> 22:19:14 read(8</etc/passwd>, "root:x:0:0:Super User:/root:/bin"..., 4096) = 3346
27397<sshd-session> 22:19:14 close(8</etc/passwd>) = 0
27397<sshd-session> 22:19:14 newfstatat(AT_FDCWD</>, "/etc/nsswitch.conf", {st_mode=S_IFREG|0644, st_size=687, ...}, 0) = 0
27397<sshd-session> 22:19:14 openat(AT_FDCWD</>, "/etc/group", O_RDONLY|O_CLOEXEC) = 8</etc/group>
27397<sshd-session> 22:19:14 fstat(8</etc/group>, {st_mode=S_IFREG|0644, st_size=1211, ...}) = 0
27397<sshd-session> 22:19:14 lseek(8</etc/group>, 0, SEEK_SET) = 0
27397<sshd-session> 22:19:14 read(8</etc/group>, "root:x:0:\nsys:x:3:\nadm:x:4:\ntty:"..., 4096) = 1211
27397<sshd-session> 22:19:14 lseek(8</etc/group>, 933, SEEK_SET) = 933
27397<sshd-session> 22:19:14 close(8</etc/group>) = 0
27397<sshd-session> 22:19:14 rt_sigprocmask(SIG_BLOCK, [HUP USR1 USR2 PIPE ALRM CHLD TSTP URG VTALRM PROF WINCH IO], [], 8) = 0
27397<sshd-session> 22:19:14 openat(AT_FDCWD</>, "/run/systemd/userdb/", O_RDONLY|O_NONBLOCK|O_CLOEXEC|O_DIRECTORY) = 8</run/systemd/userdb>
27397<sshd-session> 22:19:14 fstat(8</run/systemd/userdb>, {st_mode=S_IFDIR|0755, st_size=180, ...}) = 0
27397<sshd-session> 22:19:14 getdents64(8</run/systemd/userdb>, 0x55e030785bf0 /* 9 entries */, 32768) = 360
27397<sshd-session> 22:19:14 socket(AF_UNIX, SOCK_STREAM|SOCK_CLOEXEC|SOCK_NONBLOCK, 0) = 10<UNIX-STREAM:[147531]>
27397<sshd-session> 22:19:14 connect(10<UNIX-STREAM:[147531]>, {sa_family=AF_UNIX, sun_path="/run/systemd/userdb/io.systemd.DynamicUser"}, 45) = 0
27397<sshd-session> 22:19:14 epoll_create1(EPOLL_CLOEXEC) = 11<anon_inode:[eventpoll]>
27397<sshd-session> 22:19:14 timerfd_create(CLOCK_MONOTONIC, TFD_CLOEXEC|TFD_NONBLOCK) = 12<anon_inode:[timerfd]>
27397<sshd-session> 22:19:14 epoll_ctl(11<anon_inode:[eventpoll]>, EPOLL_CTL_ADD, 12<anon_inode:[timerfd]>, {events=EPOLLIN, data=0x55e0307741a0}) = 0
27397<sshd-session> 22:19:14 epoll_ctl(11<anon_inode:[eventpoll]>, EPOLL_CTL_ADD, 10<UNIX-STREAM:[147531->145801]>, {events=0, data=0x55e03075dd80}) = 0
27397<sshd-session> 22:19:14 socket(AF_UNIX, SOCK_STREAM|SOCK_CLOEXEC|SOCK_NONBLOCK, 0) = 13<UNIX-STREAM:[147532]>
27397<sshd-session> 22:19:14 connect(13<UNIX-STREAM:[147532]>, {sa_family=AF_UNIX, sun_path="/run/systemd/userdb/org.gnome.DisplayManager"}, 47) = 0
27397<sshd-session> 22:19:14 epoll_ctl(11<anon_inode:[eventpoll]>, EPOLL_CTL_ADD, 13<UNIX-STREAM:[147532->145298]>, {events=0, data=0x55e03073cae0}) = 0
27397<sshd-session> 22:19:14 socket(AF_UNIX, SOCK_STREAM|SOCK_CLOEXEC|SOCK_NONBLOCK, 0) = 14<UNIX-STREAM:[147533]>
27397<sshd-session> 22:19:14 connect(14<UNIX-STREAM:[147533]>, {sa_family=AF_UNIX, sun_path="/run/systemd/userdb/io.systemd.Machine"}, 41) = 0
27397<sshd-session> 22:19:14 epoll_ctl(11<anon_inode:[eventpoll]>, EPOLL_CTL_ADD, 14<UNIX-STREAM:[147533->145802]>, {events=0, data=0x55e0306f40a0}) = 0
27397<sshd-session> 22:19:14 socket(AF_UNIX, SOCK_STREAM|SOCK_CLOEXEC|SOCK_NONBLOCK, 0) = 15<UNIX-STREAM:[147534]>
27397<sshd-session> 22:19:14 connect(15<UNIX-STREAM:[147534]>, {sa_family=AF_UNIX, sun_path="/run/systemd/userdb/io.systemd.Home"}, 38) = 0
27397<sshd-session> 22:19:14 epoll_ctl(11<anon_inode:[eventpoll]>, EPOLL_CTL_ADD, 15<UNIX-STREAM:[147534->145299]>, {events=0, data=0x55e0307499a0}) = 0
27397<sshd-session> 22:19:14 socket(AF_UNIX, SOCK_STREAM|SOCK_CLOEXEC|SOCK_NONBLOCK, 0) = 16<UNIX-STREAM:[147535]>
27397<sshd-session> 22:19:14 connect(16<UNIX-STREAM:[147535]>, {sa_family=AF_UNIX, sun_path="/run/systemd/userdb/io.systemd.DropIn"}, 40) = 0
27397<sshd-session> 22:19:14 epoll_ctl(11<anon_inode:[eventpoll]>, EPOLL_CTL_ADD, 16<UNIX-STREAM:[147535->146761]>, {events=0, data=0x55e0307859f0}) = 0
27397<sshd-session> 22:19:14 getdents64(8</run/systemd/userdb>, 0x55e030785bf0 /* 0 entries */, 32768) = 0
27397<sshd-session> 22:19:14 close(8</run/systemd/userdb>) = 0
27397<sshd-session> 22:19:14 epoll_ctl(11<anon_inode:[eventpoll]>, EPOLL_CTL_MOD, 10<UNIX-STREAM:[147531->145801]>, {events=EPOLLIN|EPOLLOUT, data=0x55e03075dd80}) = 0
27397<sshd-session> 22:19:14 epoll_ctl(11<anon_inode:[eventpoll]>, EPOLL_CTL_MOD, 13<UNIX-STREAM:[147532->145298]>, {events=EPOLLIN|EPOLLOUT, data=0x55e03073cae0}) = 0
27397<sshd-session> 22:19:14 epoll_ctl(11<anon_inode:[eventpoll]>, EPOLL_CTL_MOD, 15<UNIX-STREAM:[147534->145299]>, {events=EPOLLIN|EPOLLOUT, data=0x55e0307499a0}) = 0
27397<sshd-session> 22:19:14 epoll_ctl(11<anon_inode:[eventpoll]>, EPOLL_CTL_MOD, 16<UNIX-STREAM:[147535->146761]>, {events=EPOLLIN|EPOLLOUT, data=0x55e0307859f0}) = 0
27397<sshd-session> 22:19:14 epoll_ctl(11<anon_inode:[eventpoll]>, EPOLL_CTL_MOD, 14<UNIX-STREAM:[147533->145802]>, {events=EPOLLIN|EPOLLOUT, data=0x55e0306f40a0}) = 0
27397<sshd-session> 22:19:14 timerfd_settime(12<anon_inode:[timerfd]>, TFD_TIMER_ABSTIME, {it_interval={tv_sec=0, tv_nsec=0}, it_value={tv_sec=11910, tv_nsec=287318000}}, NULL) = 0
27397<sshd-session> 22:19:14 epoll_pwait2(11<anon_inode:[eventpoll]>, [{events=EPOLLOUT, data=0x55e03075dd80}, {events=EPOLLOUT, data=0x55e03073cae0}, {events=EPOLLOUT, data=0x55e0307499a0}, {events=EPOLLOUT, data=0x55e0307859f0}, {events=EPOLLOUT, data=0x55e0306f40a0}], 40, {tv_sec=0, tv_nsec=0}, NULL, 8) = 5
27397<sshd-session> 22:19:14 sendto(10<UNIX-STREAM:[147531->145801]>, "{\"method\":\"io.systemd.UserDataba"..., 125, MSG_DONTWAIT|MSG_NOSIGNAL, NULL, 0) = 125
27397<sshd-session> 22:19:14 epoll_ctl(11<anon_inode:[eventpoll]>, EPOLL_CTL_MOD, 10<UNIX-STREAM:[147531->145801]>, {events=EPOLLIN, data=0x55e03075dd80}) = 0
27397<sshd-session> 22:19:14 epoll_pwait2(11<anon_inode:[eventpoll]>, [{events=EPOLLIN, data=0x55e03075dd80}, {events=EPOLLOUT, data=0x55e03073cae0}, {events=EPOLLOUT, data=0x55e0307499a0}, {events=EPOLLOUT, data=0x55e0307859f0}, {events=EPOLLOUT, data=0x55e0306f40a0}], 40, {tv_sec=0, tv_nsec=0}, NULL, 8) = 5
27397<sshd-session> 22:19:14 sendto(13<UNIX-STREAM:[147532->145298]>, "{\"method\":\"io.systemd.UserDataba"..., 127, MSG_DONTWAIT|MSG_NOSIGNAL, NULL, 0) = 127
27397<sshd-session> 22:19:14 epoll_ctl(11<anon_inode:[eventpoll]>, EPOLL_CTL_MOD, 13<UNIX-STREAM:[147532->145298]>, {events=EPOLLIN, data=0x55e03073cae0}) = 0
27397<sshd-session> 22:19:14 epoll_pwait2(11<anon_inode:[eventpoll]>, [{events=EPOLLIN, data=0x55e03075dd80}, {events=EPOLLIN, data=0x55e03073cae0}, {events=EPOLLOUT, data=0x55e0307499a0}, {events=EPOLLOUT, data=0x55e0307859f0}, {events=EPOLLOUT, data=0x55e0306f40a0}], 40, {tv_sec=0, tv_nsec=0}, NULL, 8) = 5
27397<sshd-session> 22:19:14 sendto(15<UNIX-STREAM:[147534->145299]>, "{\"method\":\"io.systemd.UserDataba"..., 118, MSG_DONTWAIT|MSG_NOSIGNAL, NULL, 0) = 118
27397<sshd-session> 22:19:14 epoll_ctl(11<anon_inode:[eventpoll]>, EPOLL_CTL_MOD, 15<UNIX-STREAM:[147534->145299]>, {events=EPOLLIN, data=0x55e0307499a0}) = 0
27397<sshd-session> 22:19:14 epoll_pwait2(11<anon_inode:[eventpoll]>, [{events=EPOLLIN, data=0x55e03075dd80}, {events=EPOLLIN, data=0x55e03073cae0}, {events=EPOLLIN, data=0x55e0307499a0}, {events=EPOLLOUT, data=0x55e0307859f0}, {events=EPOLLOUT, data=0x55e0306f40a0}], 40, {tv_sec=0, tv_nsec=0}, NULL, 8) = 5
27397<sshd-session> 22:19:14 sendto(16<UNIX-STREAM:[147535->146761]>, "{\"method\":\"io.systemd.UserDataba"..., 120, MSG_DONTWAIT|MSG_NOSIGNAL, NULL, 0) = 120
27397<sshd-session> 22:19:14 epoll_ctl(11<anon_inode:[eventpoll]>, EPOLL_CTL_MOD, 16<UNIX-STREAM:[147535->146761]>, {events=EPOLLIN, data=0x55e0307859f0}) = 0
27397<sshd-session> 22:19:14 epoll_pwait2(11<anon_inode:[eventpoll]>, [{events=EPOLLIN, data=0x55e03075dd80}, {events=EPOLLIN, data=0x55e03073cae0}, {events=EPOLLIN, data=0x55e0307499a0}, {events=EPOLLOUT, data=0x55e0306f40a0}], 40, {tv_sec=0, tv_nsec=0}, NULL, 8) = 4
27397<sshd-session> 22:19:14 sendto(14<UNIX-STREAM:[147533->145802]>, "{\"method\":\"io.systemd.UserDataba"..., 121, MSG_DONTWAIT|MSG_NOSIGNAL, NULL, 0) = 121
27397<sshd-session> 22:19:14 epoll_ctl(11<anon_inode:[eventpoll]>, EPOLL_CTL_MOD, 14<UNIX-STREAM:[147533->145802]>, {events=EPOLLIN, data=0x55e0306f40a0}) = 0
27397<sshd-session> 22:19:14 epoll_pwait2(11<anon_inode:[eventpoll]>, [{events=EPOLLIN, data=0x55e03075dd80}, {events=EPOLLIN, data=0x55e03073cae0}, {events=EPOLLIN, data=0x55e0307499a0}, {events=EPOLLIN, data=0x55e0306f40a0}, {events=EPOLLIN, data=0x55e0307859f0}], 40, {tv_sec=0, tv_nsec=0}, NULL, 8) = 5
27397<sshd-session> 22:19:14 recvfrom(10<UNIX-STREAM:[147531->145801]>, "{\"error\":\"io.systemd.UserDatabas"..., 131080, MSG_DONTWAIT, NULL, NULL) = 50
27397<sshd-session> 22:19:14 epoll_ctl(11<anon_inode:[eventpoll]>, EPOLL_CTL_MOD, 10<UNIX-STREAM:[147531->145801]>, {events=0, data=0x55e03075dd80}) = 0
27397<sshd-session> 22:19:14 epoll_pwait2(11<anon_inode:[eventpoll]>, [{events=EPOLLIN, data=0x55e03073cae0}, {events=EPOLLIN, data=0x55e0307499a0}, {events=EPOLLIN, data=0x55e0306f40a0}, {events=EPOLLIN, data=0x55e0307859f0}], 40, {tv_sec=0, tv_nsec=0}, NULL, 8) = 4
27397<sshd-session> 22:19:14 brk(0x55e0307e6000) = 0x55e0307e6000
27397<sshd-session> 22:19:14 recvfrom(13<UNIX-STREAM:[147532->145298]>, "{\"error\":\"io.systemd.UserDatabas"..., 131080, MSG_DONTWAIT, NULL, NULL) = 50
27397<sshd-session> 22:19:14 epoll_ctl(11<anon_inode:[eventpoll]>, EPOLL_CTL_MOD, 13<UNIX-STREAM:[147532->145298]>, {events=0, data=0x55e03073cae0}) = 0
27397<sshd-session> 22:19:14 epoll_pwait2(11<anon_inode:[eventpoll]>, [{events=EPOLLIN, data=0x55e0307499a0}, {events=EPOLLIN, data=0x55e0306f40a0}, {events=EPOLLIN, data=0x55e0307859f0}], 40, {tv_sec=0, tv_nsec=0}, NULL, 8) = 3
27397<sshd-session> 22:19:14 recvfrom(15<UNIX-STREAM:[147534->145299]>, "{\"error\":\"io.systemd.UserDatabas"..., 131080, MSG_DONTWAIT, NULL, NULL) = 50
27397<sshd-session> 22:19:14 epoll_ctl(11<anon_inode:[eventpoll]>, EPOLL_CTL_MOD, 15<UNIX-STREAM:[147534->145299]>, {events=0, data=0x55e0307499a0}) = 0
27397<sshd-session> 22:19:14 epoll_pwait2(11<anon_inode:[eventpoll]>, [{events=EPOLLIN, data=0x55e0306f40a0}, {events=EPOLLIN, data=0x55e0307859f0}], 40, {tv_sec=0, tv_nsec=0}, NULL, 8) = 2
27397<sshd-session> 22:19:14 brk(0x55e030826000) = 0x55e030826000
27397<sshd-session> 22:19:14 recvfrom(16<UNIX-STREAM:[147535->146761]>, "{\"error\":\"io.systemd.UserDatabas"..., 131080, MSG_DONTWAIT, NULL, NULL) = 50
27397<sshd-session> 22:19:14 epoll_ctl(11<anon_inode:[eventpoll]>, EPOLL_CTL_MOD, 16<UNIX-STREAM:[147535->146761]>, {events=0, data=0x55e0307859f0}) = 0
27397<sshd-session> 22:19:14 epoll_pwait2(11<anon_inode:[eventpoll]>, [{events=EPOLLIN, data=0x55e0306f40a0}], 40, {tv_sec=0, tv_nsec=0}, NULL, 8) = 1
27397<sshd-session> 22:19:14 recvfrom(14<UNIX-STREAM:[147533->145802]>, "{\"error\":\"io.systemd.UserDatabas"..., 131080, MSG_DONTWAIT, NULL, NULL) = 50
27397<sshd-session> 22:19:14 epoll_ctl(11<anon_inode:[eventpoll]>, EPOLL_CTL_MOD, 14<UNIX-STREAM:[147533->145802]>, {events=0, data=0x55e0306f40a0}) = 0
27397<sshd-session> 22:19:14 epoll_pwait2(11<anon_inode:[eventpoll]>, [], 40, {tv_sec=0, tv_nsec=0}, NULL, 8) = 0
27397<sshd-session> 22:19:14 epoll_pwait2(11<anon_inode:[eventpoll]>, [], 40, {tv_sec=0, tv_nsec=0}, NULL, 8) = 0
27397<sshd-session> 22:19:14 epoll_pwait2(11<anon_inode:[eventpoll]>, [], 40, {tv_sec=0, tv_nsec=0}, NULL, 8) = 0
27397<sshd-session> 22:19:14 epoll_pwait2(11<anon_inode:[eventpoll]>, [], 40, {tv_sec=0, tv_nsec=0}, NULL, 8) = 0
27397<sshd-session> 22:19:14 epoll_pwait2(11<anon_inode:[eventpoll]>, [], 40, {tv_sec=0, tv_nsec=0}, NULL, 8) = 0
27397<sshd-session> 22:19:14 epoll_pwait2(11<anon_inode:[eventpoll]>, [], 40, {tv_sec=0, tv_nsec=0}, NULL, 8) = 0
27397<sshd-session> 22:19:14 epoll_ctl(11<anon_inode:[eventpoll]>, EPOLL_CTL_DEL, 10<UNIX-STREAM:[147531->145801]>, NULL) = 0
27397<sshd-session> 22:19:14 close(10<UNIX-STREAM:[147531->145801]>) = 0
27397<sshd-session> 22:19:14 epoll_pwait2(11<anon_inode:[eventpoll]>, [], 40, {tv_sec=0, tv_nsec=0}, NULL, 8) = 0
27397<sshd-session> 22:19:14 epoll_ctl(11<anon_inode:[eventpoll]>, EPOLL_CTL_DEL, 13<UNIX-STREAM:[147532->145298]>, NULL) = 0
27397<sshd-session> 22:19:14 close(13<UNIX-STREAM:[147532->145298]>) = 0
27397<sshd-session> 22:19:14 epoll_pwait2(11<anon_inode:[eventpoll]>, [], 40, {tv_sec=0, tv_nsec=0}, NULL, 8) = 0
27397<sshd-session> 22:19:14 epoll_ctl(11<anon_inode:[eventpoll]>, EPOLL_CTL_DEL, 15<UNIX-STREAM:[147534->145299]>, NULL) = 0
27397<sshd-session> 22:19:14 close(15<UNIX-STREAM:[147534->145299]>) = 0
27397<sshd-session> 22:19:14 epoll_pwait2(11<anon_inode:[eventpoll]>, [], 40, {tv_sec=0, tv_nsec=0}, NULL, 8) = 0
27397<sshd-session> 22:19:14 epoll_ctl(11<anon_inode:[eventpoll]>, EPOLL_CTL_DEL, 16<UNIX-STREAM:[147535->146761]>, NULL) = 0
27397<sshd-session> 22:19:14 close(16<UNIX-STREAM:[147535->146761]>) = 0
27397<sshd-session> 22:19:14 epoll_pwait2(11<anon_inode:[eventpoll]>, [], 40, {tv_sec=0, tv_nsec=0}, NULL, 8) = 0
27397<sshd-session> 22:19:14 epoll_ctl(11<anon_inode:[eventpoll]>, EPOLL_CTL_DEL, 14<UNIX-STREAM:[147533->145802]>, NULL) = 0
27397<sshd-session> 22:19:14 close(14<UNIX-STREAM:[147533->145802]>) = 0
27397<sshd-session> 22:19:14 brk(0x55e0307a6000) = 0x55e0307a6000
27397<sshd-session> 22:19:14 close(11<anon_inode:[eventpoll]>) = 0
27397<sshd-session> 22:19:14 close(12<anon_inode:[timerfd]>) = 0
27397<sshd-session> 22:19:14 openat(AT_FDCWD</>, "/run/systemd/userdb/", O_RDONLY|O_NONBLOCK|O_CLOEXEC|O_DIRECTORY) = 8</run/systemd/userdb>
27397<sshd-session> 22:19:14 fstat(8</run/systemd/userdb>, {st_mode=S_IFDIR|0755, st_size=180, ...}) = 0
27397<sshd-session> 22:19:14 getdents64(8</run/systemd/userdb>, 0x55e030785bf0 /* 9 entries */, 32768) = 360
27397<sshd-session> 22:19:14 socket(AF_UNIX, SOCK_STREAM|SOCK_CLOEXEC|SOCK_NONBLOCK, 0) = 10<UNIX-STREAM:[145804]>
27397<sshd-session> 22:19:14 connect(10<UNIX-STREAM:[145804]>, {sa_family=AF_UNIX, sun_path="/run/systemd/userdb/io.systemd.DynamicUser"}, 45) = 0
27397<sshd-session> 22:19:14 epoll_create1(EPOLL_CLOEXEC) = 11<anon_inode:[eventpoll]>
27397<sshd-session> 22:19:14 timerfd_create(CLOCK_MONOTONIC, TFD_CLOEXEC|TFD_NONBLOCK) = 12<anon_inode:[timerfd]>
27397<sshd-session> 22:19:14 epoll_ctl(11<anon_inode:[eventpoll]>, EPOLL_CTL_ADD, 12<anon_inode:[timerfd]>, {events=EPOLLIN, data=0x55e0307741a0}) = 0
27397<sshd-session> 22:19:14 epoll_ctl(11<anon_inode:[eventpoll]>, EPOLL_CTL_ADD, 10<UNIX-STREAM:[145804->145300]>, {events=0, data=0x55e0306f40a0}) = 0
27397<sshd-session> 22:19:14 socket(AF_UNIX, SOCK_STREAM|SOCK_CLOEXEC|SOCK_NONBLOCK, 0) = 13<UNIX-STREAM:[145805]>
27397<sshd-session> 22:19:14 connect(13<UNIX-STREAM:[145805]>, {sa_family=AF_UNIX, sun_path="/run/systemd/userdb/org.gnome.DisplayManager"}, 47) = 0
27397<sshd-session> 22:19:14 epoll_ctl(11<anon_inode:[eventpoll]>, EPOLL_CTL_ADD, 13<UNIX-STREAM:[145805->145301]>, {events=0, data=0x55e0307859f0}) = 0
27397<sshd-session> 22:19:14 socket(AF_UNIX, SOCK_STREAM|SOCK_CLOEXEC|SOCK_NONBLOCK, 0) = 14<UNIX-STREAM:[145806]>
27397<sshd-session> 22:19:14 connect(14<UNIX-STREAM:[145806]>, {sa_family=AF_UNIX, sun_path="/run/systemd/userdb/io.systemd.Machine"}, 41) = 0
27397<sshd-session> 22:19:14 epoll_ctl(11<anon_inode:[eventpoll]>, EPOLL_CTL_ADD, 14<UNIX-STREAM:[145806->147536]>, {events=0, data=0x55e0307499a0}) = 0
27397<sshd-session> 22:19:14 socket(AF_UNIX, SOCK_STREAM|SOCK_CLOEXEC|SOCK_NONBLOCK, 0) = 15<UNIX-STREAM:[145807]>
27397<sshd-session> 22:19:14 connect(15<UNIX-STREAM:[145807]>, {sa_family=AF_UNIX, sun_path="/run/systemd/userdb/io.systemd.Home"}, 38) = 0
27397<sshd-session> 22:19:14 epoll_ctl(11<anon_inode:[eventpoll]>, EPOLL_CTL_ADD, 15<UNIX-STREAM:[145807->145302]>, {events=0, data=0x55e03073cae0}) = 0
27397<sshd-session> 22:19:14 socket(AF_UNIX, SOCK_STREAM|SOCK_CLOEXEC|SOCK_NONBLOCK, 0) = 16<UNIX-STREAM:[145808]>
27397<sshd-session> 22:19:14 connect(16<UNIX-STREAM:[145808]>, {sa_family=AF_UNIX, sun_path="/run/systemd/userdb/io.systemd.DropIn"}, 40) = 0
27397<sshd-session> 22:19:14 epoll_ctl(11<anon_inode:[eventpoll]>, EPOLL_CTL_ADD, 16<UNIX-STREAM:[145808->147524]>, {events=0, data=0x55e03075dd80}) = 0
27397<sshd-session> 22:19:14 getdents64(8</run/systemd/userdb>, 0x55e030785bf0 /* 0 entries */, 32768) = 0
27397<sshd-session> 22:19:14 close(8</run/systemd/userdb>) = 0
27397<sshd-session> 22:19:14 epoll_ctl(11<anon_inode:[eventpoll]>, EPOLL_CTL_MOD, 10<UNIX-STREAM:[145804->145300]>, {events=EPOLLIN|EPOLLOUT, data=0x55e0306f40a0}) = 0
27397<sshd-session> 22:19:14 epoll_ctl(11<anon_inode:[eventpoll]>, EPOLL_CTL_MOD, 13<UNIX-STREAM:[145805->145301]>, {events=EPOLLIN|EPOLLOUT, data=0x55e0307859f0}) = 0
27397<sshd-session> 22:19:14 epoll_ctl(11<anon_inode:[eventpoll]>, EPOLL_CTL_MOD, 15<UNIX-STREAM:[145807->145302]>, {events=EPOLLIN|EPOLLOUT, data=0x55e03073cae0}) = 0
27397<sshd-session> 22:19:14 epoll_ctl(11<anon_inode:[eventpoll]>, EPOLL_CTL_MOD, 16<UNIX-STREAM:[145808->147524]>, {events=EPOLLIN|EPOLLOUT, data=0x55e03075dd80}) = 0
27397<sshd-session> 22:19:14 epoll_ctl(11<anon_inode:[eventpoll]>, EPOLL_CTL_MOD, 14<UNIX-STREAM:[145806->147536]>, {events=EPOLLIN|EPOLLOUT, data=0x55e0307499a0}) = 0
27397<sshd-session> 22:19:14 timerfd_settime(12<anon_inode:[timerfd]>, TFD_TIMER_ABSTIME, {it_interval={tv_sec=0, tv_nsec=0}, it_value={tv_sec=11910, tv_nsec=287318000}}, NULL) = 0
27397<sshd-session> 22:19:14 epoll_pwait2(11<anon_inode:[eventpoll]>, [{events=EPOLLOUT, data=0x55e0306f40a0}, {events=EPOLLOUT, data=0x55e0307859f0}, {events=EPOLLOUT, data=0x55e03073cae0}, {events=EPOLLOUT, data=0x55e03075dd80}, {events=EPOLLOUT, data=0x55e0307499a0}], 40, {tv_sec=0, tv_nsec=0}, NULL, 8) = 5
27397<sshd-session> 22:19:14 sendto(10<UNIX-STREAM:[145804->145300]>, "{\"method\":\"io.systemd.UserDataba"..., 137, MSG_DONTWAIT|MSG_NOSIGNAL, NULL, 0) = 137
27397<sshd-session> 22:19:14 epoll_ctl(11<anon_inode:[eventpoll]>, EPOLL_CTL_MOD, 10<UNIX-STREAM:[145804->145300]>, {events=EPOLLIN, data=0x55e0306f40a0}) = 0
27397<sshd-session> 22:19:14 epoll_pwait2(11<anon_inode:[eventpoll]>, [{events=EPOLLIN, data=0x55e0306f40a0}, {events=EPOLLOUT, data=0x55e0307859f0}, {events=EPOLLOUT, data=0x55e03073cae0}, {events=EPOLLOUT, data=0x55e03075dd80}, {events=EPOLLOUT, data=0x55e0307499a0}], 40, {tv_sec=0, tv_nsec=0}, NULL, 8) = 5
27397<sshd-session> 22:19:14 sendto(13<UNIX-STREAM:[145805->145301]>, "{\"method\":\"io.systemd.UserDataba"..., 139, MSG_DONTWAIT|MSG_NOSIGNAL, NULL, 0) = 139
27397<sshd-session> 22:19:14 epoll_ctl(11<anon_inode:[eventpoll]>, EPOLL_CTL_MOD, 13<UNIX-STREAM:[145805->145301]>, {events=EPOLLIN, data=0x55e0307859f0}) = 0
27397<sshd-session> 22:19:14 epoll_pwait2(11<anon_inode:[eventpoll]>, [{events=EPOLLIN, data=0x55e0306f40a0}, {events=EPOLLIN, data=0x55e0307859f0}, {events=EPOLLOUT, data=0x55e03073cae0}, {events=EPOLLOUT, data=0x55e03075dd80}, {events=EPOLLOUT, data=0x55e0307499a0}], 40, {tv_sec=0, tv_nsec=0}, NULL, 8) = 5
27397<sshd-session> 22:19:14 sendto(15<UNIX-STREAM:[145807->145302]>, "{\"method\":\"io.systemd.UserDataba"..., 130, MSG_DONTWAIT|MSG_NOSIGNAL, NULL, 0) = 130
27397<sshd-session> 22:19:14 epoll_ctl(11<anon_inode:[eventpoll]>, EPOLL_CTL_MOD, 15<UNIX-STREAM:[145807->145302]>, {events=EPOLLIN, data=0x55e03073cae0}) = 0
27397<sshd-session> 22:19:14 epoll_pwait2(11<anon_inode:[eventpoll]>, [{events=EPOLLIN, data=0x55e0306f40a0}, {events=EPOLLIN, data=0x55e0307859f0}, {events=EPOLLIN, data=0x55e03073cae0}, {events=EPOLLOUT, data=0x55e03075dd80}, {events=EPOLLOUT, data=0x55e0307499a0}], 40, {tv_sec=0, tv_nsec=0}, NULL, 8) = 5
27397<sshd-session> 22:19:14 sendto(16<UNIX-STREAM:[145808->147524]>, "{\"method\":\"io.systemd.UserDataba"..., 132, MSG_DONTWAIT|MSG_NOSIGNAL, NULL, 0) = 132
27397<sshd-session> 22:19:14 epoll_ctl(11<anon_inode:[eventpoll]>, EPOLL_CTL_MOD, 16<UNIX-STREAM:[145808->147524]>, {events=EPOLLIN, data=0x55e03075dd80}) = 0
27397<sshd-session> 22:19:14 epoll_pwait2(11<anon_inode:[eventpoll]>, [{events=EPOLLIN, data=0x55e0306f40a0}, {events=EPOLLIN, data=0x55e0307859f0}, {events=EPOLLIN, data=0x55e03073cae0}, {events=EPOLLOUT, data=0x55e0307499a0}], 40, {tv_sec=0, tv_nsec=0}, NULL, 8) = 4
27397<sshd-session> 22:19:14 sendto(14<UNIX-STREAM:[145806->147536]>, "{\"method\":\"io.systemd.UserDataba"..., 133, MSG_DONTWAIT|MSG_NOSIGNAL, NULL, 0) = 133
27397<sshd-session> 22:19:14 epoll_ctl(11<anon_inode:[eventpoll]>, EPOLL_CTL_MOD, 14<UNIX-STREAM:[145806->147536]>, {events=EPOLLIN, data=0x55e0307499a0}) = 0
27397<sshd-session> 22:19:14 epoll_pwait2(11<anon_inode:[eventpoll]>, [{events=EPOLLIN, data=0x55e0306f40a0}, {events=EPOLLIN, data=0x55e0307859f0}, {events=EPOLLIN, data=0x55e03073cae0}, {events=EPOLLIN, data=0x55e0307499a0}, {events=EPOLLIN, data=0x55e03075dd80}], 40, {tv_sec=0, tv_nsec=0}, NULL, 8) = 5
27397<sshd-session> 22:19:14 recvfrom(10<UNIX-STREAM:[145804->145300]>, "{\"error\":\"io.systemd.UserDatabas"..., 131080, MSG_DONTWAIT, NULL, NULL) = 50
27397<sshd-session> 22:19:14 epoll_ctl(11<anon_inode:[eventpoll]>, EPOLL_CTL_MOD, 10<UNIX-STREAM:[145804->145300]>, {events=0, data=0x55e0306f40a0}) = 0
27397<sshd-session> 22:19:14 epoll_pwait2(11<anon_inode:[eventpoll]>, [{events=EPOLLIN, data=0x55e0307859f0}, {events=EPOLLIN, data=0x55e03073cae0}, {events=EPOLLIN, data=0x55e0307499a0}, {events=EPOLLIN, data=0x55e03075dd80}], 40, {tv_sec=0, tv_nsec=0}, NULL, 8) = 4
27397<sshd-session> 22:19:14 brk(0x55e0307e6000) = 0x55e0307e6000
27397<sshd-session> 22:19:14 recvfrom(13<UNIX-STREAM:[145805->145301]>, "{\"error\":\"io.systemd.UserDatabas"..., 131080, MSG_DONTWAIT, NULL, NULL) = 50
27397<sshd-session> 22:19:14 epoll_ctl(11<anon_inode:[eventpoll]>, EPOLL_CTL_MOD, 13<UNIX-STREAM:[145805->145301]>, {events=0, data=0x55e0307859f0}) = 0
27397<sshd-session> 22:19:14 epoll_pwait2(11<anon_inode:[eventpoll]>, [{events=EPOLLIN, data=0x55e03073cae0}, {events=EPOLLIN, data=0x55e0307499a0}, {events=EPOLLIN, data=0x55e03075dd80}], 40, {tv_sec=0, tv_nsec=0}, NULL, 8) = 3
27397<sshd-session> 22:19:14 recvfrom(15<UNIX-STREAM:[145807->145302]>, "{\"error\":\"io.systemd.UserDatabas"..., 131080, MSG_DONTWAIT, NULL, NULL) = 50
27397<sshd-session> 22:19:14 epoll_ctl(11<anon_inode:[eventpoll]>, EPOLL_CTL_MOD, 15<UNIX-STREAM:[145807->145302]>, {events=0, data=0x55e03073cae0}) = 0
27397<sshd-session> 22:19:14 epoll_pwait2(11<anon_inode:[eventpoll]>, [{events=EPOLLIN, data=0x55e0307499a0}, {events=EPOLLIN, data=0x55e03075dd80}], 40, {tv_sec=0, tv_nsec=0}, NULL, 8) = 2
27397<sshd-session> 22:19:14 brk(0x55e030826000) = 0x55e030826000
27397<sshd-session> 22:19:14 recvfrom(16<UNIX-STREAM:[145808->147524]>, "{\"error\":\"io.systemd.UserDatabas"..., 131080, MSG_DONTWAIT, NULL, NULL) = 50
27397<sshd-session> 22:19:14 epoll_ctl(11<anon_inode:[eventpoll]>, EPOLL_CTL_MOD, 16<UNIX-STREAM:[145808->147524]>, {events=0, data=0x55e03075dd80}) = 0
27397<sshd-session> 22:19:14 epoll_pwait2(11<anon_inode:[eventpoll]>, [{events=EPOLLIN, data=0x55e0307499a0}], 40, {tv_sec=0, tv_nsec=0}, NULL, 8) = 1
27397<sshd-session> 22:19:14 recvfrom(14<UNIX-STREAM:[145806->147536]>, "{\"error\":\"io.systemd.UserDatabas"..., 131080, MSG_DONTWAIT, NULL, NULL) = 50
27397<sshd-session> 22:19:14 epoll_ctl(11<anon_inode:[eventpoll]>, EPOLL_CTL_MOD, 14<UNIX-STREAM:[145806->147536]>, {events=0, data=0x55e0307499a0}) = 0
27397<sshd-session> 22:19:14 epoll_pwait2(11<anon_inode:[eventpoll]>, [], 40, {tv_sec=0, tv_nsec=0}, NULL, 8) = 0
27397<sshd-session> 22:19:14 epoll_pwait2(11<anon_inode:[eventpoll]>, [], 40, {tv_sec=0, tv_nsec=0}, NULL, 8) = 0
27397<sshd-session> 22:19:14 epoll_pwait2(11<anon_inode:[eventpoll]>, [], 40, {tv_sec=0, tv_nsec=0}, NULL, 8) = 0
27397<sshd-session> 22:19:14 epoll_pwait2(11<anon_inode:[eventpoll]>, [], 40, {tv_sec=0, tv_nsec=0}, NULL, 8) = 0
27397<sshd-session> 22:19:14 epoll_pwait2(11<anon_inode:[eventpoll]>, [], 40, {tv_sec=0, tv_nsec=0}, NULL, 8) = 0
27397<sshd-session> 22:19:14 epoll_pwait2(11<anon_inode:[eventpoll]>, [], 40, {tv_sec=0, tv_nsec=0}, NULL, 8) = 0
27397<sshd-session> 22:19:14 epoll_ctl(11<anon_inode:[eventpoll]>, EPOLL_CTL_DEL, 10<UNIX-STREAM:[145804->145300]>, NULL) = 0
27397<sshd-session> 22:19:14 close(10<UNIX-STREAM:[145804->145300]>) = 0
27397<sshd-session> 22:19:14 epoll_pwait2(11<anon_inode:[eventpoll]>, [], 40, {tv_sec=0, tv_nsec=0}, NULL, 8) = 0
27397<sshd-session> 22:19:14 epoll_ctl(11<anon_inode:[eventpoll]>, EPOLL_CTL_DEL, 13<UNIX-STREAM:[145805->145301]>, NULL) = 0
27397<sshd-session> 22:19:14 close(13<UNIX-STREAM:[145805->145301]>) = 0
27397<sshd-session> 22:19:14 epoll_pwait2(11<anon_inode:[eventpoll]>, [], 40, {tv_sec=0, tv_nsec=0}, NULL, 8) = 0
27397<sshd-session> 22:19:14 epoll_ctl(11<anon_inode:[eventpoll]>, EPOLL_CTL_DEL, 15<UNIX-STREAM:[145807->145302]>, NULL) = 0
27397<sshd-session> 22:19:14 close(15<UNIX-STREAM:[145807->145302]>) = 0
27397<sshd-session> 22:19:14 epoll_pwait2(11<anon_inode:[eventpoll]>, [], 40, {tv_sec=0, tv_nsec=0}, NULL, 8) = 0
27397<sshd-session> 22:19:14 epoll_ctl(11<anon_inode:[eventpoll]>, EPOLL_CTL_DEL, 16<UNIX-STREAM:[145808->147524]>, NULL) = 0
27397<sshd-session> 22:19:14 close(16<UNIX-STREAM:[145808->147524]>) = 0
27397<sshd-session> 22:19:14 epoll_pwait2(11<anon_inode:[eventpoll]>, [], 40, {tv_sec=0, tv_nsec=0}, NULL, 8) = 0
27397<sshd-session> 22:19:14 epoll_ctl(11<anon_inode:[eventpoll]>, EPOLL_CTL_DEL, 14<UNIX-STREAM:[145806->147536]>, NULL) = 0
27397<sshd-session> 22:19:14 close(14<UNIX-STREAM:[145806->147536]>) = 0
27397<sshd-session> 22:19:14 brk(0x55e0307a6000) = 0x55e0307a6000
27397<sshd-session> 22:19:14 close(11<anon_inode:[eventpoll]>) = 0
27397<sshd-session> 22:19:14 close(12<anon_inode:[timerfd]>) = 0
27397<sshd-session> 22:19:14 rt_sigprocmask(SIG_SETMASK, [], NULL, 8) = 0
27397<sshd-session> 22:19:14 newfstatat(AT_FDCWD</>, "/etc/nsswitch.conf", {st_mode=S_IFREG|0644, st_size=687, ...}, 0) = 0
27397<sshd-session> 22:19:14 newfstatat(AT_FDCWD</>, "/etc/nsswitch.conf", {st_mode=S_IFREG|0644, st_size=687, ...}, 0) = 0
27397<sshd-session> 22:19:14 openat(AT_FDCWD</>, "/etc/group", O_RDONLY|O_CLOEXEC) = 8</etc/group>
27397<sshd-session> 22:19:14 fstat(8</etc/group>, {st_mode=S_IFREG|0644, st_size=1211, ...}) = 0
27397<sshd-session> 22:19:14 lseek(8</etc/group>, 0, SEEK_SET) = 0
27397<sshd-session> 22:19:14 read(8</etc/group>, "root:x:0:\nsys:x:3:\nadm:x:4:\ntty:"..., 4096) = 1211
27397<sshd-session> 22:19:14 read(8</etc/group>, "", 4096) = 0
27397<sshd-session> 22:19:14 close(8</etc/group>) = 0
27397<sshd-session> 22:19:14 rt_sigprocmask(SIG_BLOCK, [HUP USR1 USR2 PIPE ALRM CHLD TSTP URG VTALRM PROF WINCH IO], [], 8) = 0
27397<sshd-session> 22:19:14 openat(AT_FDCWD</>, "/run/systemd/userdb/", O_RDONLY|O_NONBLOCK|O_CLOEXEC|O_DIRECTORY) = 8</run/systemd/userdb>
27397<sshd-session> 22:19:14 fstat(8</run/systemd/userdb>, {st_mode=S_IFDIR|0755, st_size=180, ...}) = 0
27397<sshd-session> 22:19:14 getdents64(8</run/systemd/userdb>, 0x55e030785bf0 /* 9 entries */, 32768) = 360
27397<sshd-session> 22:19:14 socket(AF_UNIX, SOCK_STREAM|SOCK_CLOEXEC|SOCK_NONBLOCK, 0) = 10<UNIX-STREAM:[145809]>
27397<sshd-session> 22:19:14 connect(10<UNIX-STREAM:[145809]>, {sa_family=AF_UNIX, sun_path="/run/systemd/userdb/io.systemd.DynamicUser"}, 45) = 0
27397<sshd-session> 22:19:14 epoll_create1(EPOLL_CLOEXEC) = 11<anon_inode:[eventpoll]>
27397<sshd-session> 22:19:14 timerfd_create(CLOCK_MONOTONIC, TFD_CLOEXEC|TFD_NONBLOCK) = 12<anon_inode:[timerfd]>
27397<sshd-session> 22:19:14 epoll_ctl(11<anon_inode:[eventpoll]>, EPOLL_CTL_ADD, 12<anon_inode:[timerfd]>, {events=EPOLLIN, data=0x55e0307741a0}) = 0
27397<sshd-session> 22:19:14 epoll_ctl(11<anon_inode:[eventpoll]>, EPOLL_CTL_ADD, 10<UNIX-STREAM:[145809->145303]>, {events=0, data=0x55e0307499a0}) = 0
27397<sshd-session> 22:19:14 socket(AF_UNIX, SOCK_STREAM|SOCK_CLOEXEC|SOCK_NONBLOCK, 0) = 13<UNIX-STREAM:[145810]>
27397<sshd-session> 22:19:14 connect(13<UNIX-STREAM:[145810]>, {sa_family=AF_UNIX, sun_path="/run/systemd/userdb/org.gnome.DisplayManager"}, 47) = 0
27397<sshd-session> 22:19:14 epoll_ctl(11<anon_inode:[eventpoll]>, EPOLL_CTL_ADD, 13<UNIX-STREAM:[145810->145304]>, {events=0, data=0x55e03075dd80}) = 0
27397<sshd-session> 22:19:14 socket(AF_UNIX, SOCK_STREAM|SOCK_CLOEXEC|SOCK_NONBLOCK, 0) = 14<UNIX-STREAM:[145811]>
27397<sshd-session> 22:19:14 connect(14<UNIX-STREAM:[145811]>, {sa_family=AF_UNIX, sun_path="/run/systemd/userdb/io.systemd.Machine"}, 41) = 0
27397<sshd-session> 22:19:14 epoll_ctl(11<anon_inode:[eventpoll]>, EPOLL_CTL_ADD, 14<UNIX-STREAM:[145811->147538]>, {events=0, data=0x55e03073cae0}) = 0
27397<sshd-session> 22:19:14 socket(AF_UNIX, SOCK_STREAM|SOCK_CLOEXEC|SOCK_NONBLOCK, 0) = 15<UNIX-STREAM:[145812]>
27397<sshd-session> 22:19:14 connect(15<UNIX-STREAM:[145812]>, {sa_family=AF_UNIX, sun_path="/run/systemd/userdb/io.systemd.Home"}, 38) = 0
27397<sshd-session> 22:19:14 epoll_ctl(11<anon_inode:[eventpoll]>, EPOLL_CTL_ADD, 15<UNIX-STREAM:[145812->145305]>, {events=0, data=0x55e0307859f0}) = 0
27397<sshd-session> 22:19:14 socket(AF_UNIX, SOCK_STREAM|SOCK_CLOEXEC|SOCK_NONBLOCK, 0) = 16<UNIX-STREAM:[145813]>
27397<sshd-session> 22:19:14 connect(16<UNIX-STREAM:[145813]>, {sa_family=AF_UNIX, sun_path="/run/systemd/userdb/io.systemd.DropIn"}, 40) = 0
27397<sshd-session> 22:19:14 epoll_ctl(11<anon_inode:[eventpoll]>, EPOLL_CTL_ADD, 16<UNIX-STREAM:[145813->145297]>, {events=0, data=0x55e0306f40a0}) = 0
27397<sshd-session> 22:19:14 getdents64(8</run/systemd/userdb>, 0x55e030785bf0 /* 0 entries */, 32768) = 0
27397<sshd-session> 22:19:14 close(8</run/systemd/userdb>) = 0
27397<sshd-session> 22:19:14 epoll_ctl(11<anon_inode:[eventpoll]>, EPOLL_CTL_MOD, 10<UNIX-STREAM:[145809->145303]>, {events=EPOLLIN|EPOLLOUT, data=0x55e0307499a0}) = 0
27397<sshd-session> 22:19:14 epoll_ctl(11<anon_inode:[eventpoll]>, EPOLL_CTL_MOD, 13<UNIX-STREAM:[145810->145304]>, {events=EPOLLIN|EPOLLOUT, data=0x55e03075dd80}) = 0
27397<sshd-session> 22:19:14 epoll_ctl(11<anon_inode:[eventpoll]>, EPOLL_CTL_MOD, 15<UNIX-STREAM:[145812->145305]>, {events=EPOLLIN|EPOLLOUT, data=0x55e0307859f0}) = 0
27397<sshd-session> 22:19:14 epoll_ctl(11<anon_inode:[eventpoll]>, EPOLL_CTL_MOD, 16<UNIX-STREAM:[145813->145297]>, {events=EPOLLIN|EPOLLOUT, data=0x55e0306f40a0}) = 0
27397<sshd-session> 22:19:14 epoll_ctl(11<anon_inode:[eventpoll]>, EPOLL_CTL_MOD, 14<UNIX-STREAM:[145811->147538]>, {events=EPOLLIN|EPOLLOUT, data=0x55e03073cae0}) = 0
27397<sshd-session> 22:19:14 timerfd_settime(12<anon_inode:[timerfd]>, TFD_TIMER_ABSTIME, {it_interval={tv_sec=0, tv_nsec=0}, it_value={tv_sec=11910, tv_nsec=287318000}}, NULL) = 0
27397<sshd-session> 22:19:14 epoll_pwait2(11<anon_inode:[eventpoll]>, [{events=EPOLLOUT, data=0x55e0307499a0}, {events=EPOLLOUT, data=0x55e03075dd80}, {events=EPOLLOUT, data=0x55e0307859f0}, {events=EPOLLOUT, data=0x55e0306f40a0}, {events=EPOLLOUT, data=0x55e03073cae0}], 40, {tv_sec=0, tv_nsec=0}, NULL, 8) = 5
27397<sshd-session> 22:19:14 sendto(10<UNIX-STREAM:[145809->145303]>, "{\"method\":\"io.systemd.UserDataba"..., 136, MSG_DONTWAIT|MSG_NOSIGNAL, NULL, 0) = 136
27397<sshd-session> 22:19:14 epoll_ctl(11<anon_inode:[eventpoll]>, EPOLL_CTL_MOD, 10<UNIX-STREAM:[145809->145303]>, {events=EPOLLIN, data=0x55e0307499a0}) = 0
27397<sshd-session> 22:19:14 epoll_pwait2(11<anon_inode:[eventpoll]>, [{events=EPOLLIN, data=0x55e0307499a0}, {events=EPOLLOUT, data=0x55e03075dd80}, {events=EPOLLOUT, data=0x55e0307859f0}, {events=EPOLLOUT, data=0x55e0306f40a0}, {events=EPOLLOUT, data=0x55e03073cae0}], 40, {tv_sec=0, tv_nsec=0}, NULL, 8) = 5
27397<sshd-session> 22:19:14 sendto(13<UNIX-STREAM:[145810->145304]>, "{\"method\":\"io.systemd.UserDataba"..., 138, MSG_DONTWAIT|MSG_NOSIGNAL, NULL, 0) = 138
27397<sshd-session> 22:19:14 epoll_ctl(11<anon_inode:[eventpoll]>, EPOLL_CTL_MOD, 13<UNIX-STREAM:[145810->145304]>, {events=EPOLLIN, data=0x55e03075dd80}) = 0
27397<sshd-session> 22:19:14 epoll_pwait2(11<anon_inode:[eventpoll]>, [{events=EPOLLIN, data=0x55e0307499a0}, {events=EPOLLIN, data=0x55e03075dd80}, {events=EPOLLOUT, data=0x55e0307859f0}, {events=EPOLLOUT, data=0x55e0306f40a0}, {events=EPOLLOUT, data=0x55e03073cae0}], 40, {tv_sec=0, tv_nsec=0}, NULL, 8) = 5
27397<sshd-session> 22:19:14 sendto(15<UNIX-STREAM:[145812->145305]>, "{\"method\":\"io.systemd.UserDataba"..., 129, MSG_DONTWAIT|MSG_NOSIGNAL, NULL, 0) = 129
27397<sshd-session> 22:19:14 epoll_ctl(11<anon_inode:[eventpoll]>, EPOLL_CTL_MOD, 15<UNIX-STREAM:[145812->145305]>, {events=EPOLLIN, data=0x55e0307859f0}) = 0
27397<sshd-session> 22:19:14 epoll_pwait2(11<anon_inode:[eventpoll]>, [{events=EPOLLIN, data=0x55e0307499a0}, {events=EPOLLIN, data=0x55e03075dd80}, {events=EPOLLIN, data=0x55e0307859f0}, {events=EPOLLOUT, data=0x55e0306f40a0}, {events=EPOLLOUT, data=0x55e03073cae0}], 40, {tv_sec=0, tv_nsec=0}, NULL, 8) = 5
27397<sshd-session> 22:19:14 sendto(16<UNIX-STREAM:[145813->145297]>, "{\"method\":\"io.systemd.UserDataba"..., 131, MSG_DONTWAIT|MSG_NOSIGNAL, NULL, 0) = 131
27397<sshd-session> 22:19:14 epoll_ctl(11<anon_inode:[eventpoll]>, EPOLL_CTL_MOD, 16<UNIX-STREAM:[145813->145297]>, {events=EPOLLIN, data=0x55e0306f40a0}) = 0
27397<sshd-session> 22:19:14 epoll_pwait2(11<anon_inode:[eventpoll]>, [{events=EPOLLIN, data=0x55e0307499a0}, {events=EPOLLIN, data=0x55e03075dd80}, {events=EPOLLIN, data=0x55e0307859f0}, {events=EPOLLOUT, data=0x55e03073cae0}], 40, {tv_sec=0, tv_nsec=0}, NULL, 8) = 4
27397<sshd-session> 22:19:14 sendto(14<UNIX-STREAM:[145811->147538]>, "{\"method\":\"io.systemd.UserDataba"..., 132, MSG_DONTWAIT|MSG_NOSIGNAL, NULL, 0) = 132
27397<sshd-session> 22:19:14 epoll_ctl(11<anon_inode:[eventpoll]>, EPOLL_CTL_MOD, 14<UNIX-STREAM:[145811->147538]>, {events=EPOLLIN, data=0x55e03073cae0}) = 0
27397<sshd-session> 22:19:14 epoll_pwait2(11<anon_inode:[eventpoll]>, [{events=EPOLLIN, data=0x55e0307499a0}, {events=EPOLLIN, data=0x55e03075dd80}, {events=EPOLLIN, data=0x55e0307859f0}, {events=EPOLLIN, data=0x55e03073cae0}, {events=EPOLLIN, data=0x55e0306f40a0}], 40, {tv_sec=0, tv_nsec=0}, NULL, 8) = 5
27397<sshd-session> 22:19:14 recvfrom(10<UNIX-STREAM:[145809->145303]>, "{\"error\":\"io.systemd.UserDatabas"..., 131080, MSG_DONTWAIT, NULL, NULL) = 50
27397<sshd-session> 22:19:14 epoll_ctl(11<anon_inode:[eventpoll]>, EPOLL_CTL_MOD, 10<UNIX-STREAM:[145809->145303]>, {events=0, data=0x55e0307499a0}) = 0
27397<sshd-session> 22:19:14 epoll_pwait2(11<anon_inode:[eventpoll]>, [{events=EPOLLIN, data=0x55e03075dd80}, {events=EPOLLIN, data=0x55e0307859f0}, {events=EPOLLIN, data=0x55e03073cae0}, {events=EPOLLIN, data=0x55e0306f40a0}], 40, {tv_sec=0, tv_nsec=0}, NULL, 8) = 4
27397<sshd-session> 22:19:14 brk(0x55e0307e6000) = 0x55e0307e6000
27397<sshd-session> 22:19:14 recvfrom(13<UNIX-STREAM:[145810->145304]>, "{\"error\":\"io.systemd.UserDatabas"..., 131080, MSG_DONTWAIT, NULL, NULL) = 50
27397<sshd-session> 22:19:14 epoll_ctl(11<anon_inode:[eventpoll]>, EPOLL_CTL_MOD, 13<UNIX-STREAM:[145810->145304]>, {events=0, data=0x55e03075dd80}) = 0
27397<sshd-session> 22:19:14 epoll_pwait2(11<anon_inode:[eventpoll]>, [{events=EPOLLIN, data=0x55e0307859f0}, {events=EPOLLIN, data=0x55e03073cae0}, {events=EPOLLIN, data=0x55e0306f40a0}], 40, {tv_sec=0, tv_nsec=0}, NULL, 8) = 3
27397<sshd-session> 22:19:14 recvfrom(15<UNIX-STREAM:[145812->145305]>, "{\"error\":\"io.systemd.UserDatabas"..., 131080, MSG_DONTWAIT, NULL, NULL) = 50
27397<sshd-session> 22:19:14 epoll_ctl(11<anon_inode:[eventpoll]>, EPOLL_CTL_MOD, 15<UNIX-STREAM:[145812->145305]>, {events=0, data=0x55e0307859f0}) = 0
27397<sshd-session> 22:19:14 epoll_pwait2(11<anon_inode:[eventpoll]>, [{events=EPOLLIN, data=0x55e03073cae0}, {events=EPOLLIN, data=0x55e0306f40a0}], 40, {tv_sec=0, tv_nsec=0}, NULL, 8) = 2
27397<sshd-session> 22:19:14 brk(0x55e030826000) = 0x55e030826000
27397<sshd-session> 22:19:14 recvfrom(16<UNIX-STREAM:[145813->145297]>, "{\"error\":\"io.systemd.UserDatabas"..., 131080, MSG_DONTWAIT, NULL, NULL) = 50
27397<sshd-session> 22:19:14 epoll_ctl(11<anon_inode:[eventpoll]>, EPOLL_CTL_MOD, 16<UNIX-STREAM:[145813->145297]>, {events=0, data=0x55e0306f40a0}) = 0
27397<sshd-session> 22:19:14 epoll_pwait2(11<anon_inode:[eventpoll]>, [{events=EPOLLIN, data=0x55e03073cae0}], 40, {tv_sec=0, tv_nsec=0}, NULL, 8) = 1
27397<sshd-session> 22:19:14 recvfrom(14<UNIX-STREAM:[145811->147538]>, "{\"error\":\"io.systemd.UserDatabas"..., 131080, MSG_DONTWAIT, NULL, NULL) = 50
27397<sshd-session> 22:19:14 epoll_ctl(11<anon_inode:[eventpoll]>, EPOLL_CTL_MOD, 14<UNIX-STREAM:[145811->147538]>, {events=0, data=0x55e03073cae0}) = 0
27397<sshd-session> 22:19:14 epoll_pwait2(11<anon_inode:[eventpoll]>, [], 40, {tv_sec=0, tv_nsec=0}, NULL, 8) = 0
27397<sshd-session> 22:19:14 epoll_pwait2(11<anon_inode:[eventpoll]>, [], 40, {tv_sec=0, tv_nsec=0}, NULL, 8) = 0
27397<sshd-session> 22:19:14 epoll_pwait2(11<anon_inode:[eventpoll]>, [], 40, {tv_sec=0, tv_nsec=0}, NULL, 8) = 0
27397<sshd-session> 22:19:14 epoll_pwait2(11<anon_inode:[eventpoll]>, [], 40, {tv_sec=0, tv_nsec=0}, NULL, 8) = 0
27397<sshd-session> 22:19:14 epoll_pwait2(11<anon_inode:[eventpoll]>, [], 40, {tv_sec=0, tv_nsec=0}, NULL, 8) = 0
27397<sshd-session> 22:19:14 epoll_pwait2(11<anon_inode:[eventpoll]>, [], 40, {tv_sec=0, tv_nsec=0}, NULL, 8) = 0
27397<sshd-session> 22:19:14 epoll_ctl(11<anon_inode:[eventpoll]>, EPOLL_CTL_DEL, 10<UNIX-STREAM:[145809->145303]>, NULL) = 0
27397<sshd-session> 22:19:14 close(10<UNIX-STREAM:[145809->145303]>) = 0
27397<sshd-session> 22:19:14 epoll_pwait2(11<anon_inode:[eventpoll]>, [], 40, {tv_sec=0, tv_nsec=0}, NULL, 8) = 0
27397<sshd-session> 22:19:14 epoll_ctl(11<anon_inode:[eventpoll]>, EPOLL_CTL_DEL, 13<UNIX-STREAM:[145810->145304]>, NULL) = 0
27397<sshd-session> 22:19:14 close(13<UNIX-STREAM:[145810->145304]>) = 0
27397<sshd-session> 22:19:14 epoll_pwait2(11<anon_inode:[eventpoll]>, [], 40, {tv_sec=0, tv_nsec=0}, NULL, 8) = 0
27397<sshd-session> 22:19:14 epoll_ctl(11<anon_inode:[eventpoll]>, EPOLL_CTL_DEL, 15<UNIX-STREAM:[145812->145305]>, NULL) = 0
27397<sshd-session> 22:19:14 close(15<UNIX-STREAM:[145812->145305]>) = 0
27397<sshd-session> 22:19:14 epoll_pwait2(11<anon_inode:[eventpoll]>, [], 40, {tv_sec=0, tv_nsec=0}, NULL, 8) = 0
27397<sshd-session> 22:19:14 epoll_ctl(11<anon_inode:[eventpoll]>, EPOLL_CTL_DEL, 16<UNIX-STREAM:[145813->145297]>, NULL) = 0
27397<sshd-session> 22:19:14 close(16<UNIX-STREAM:[145813->145297]>) = 0
27397<sshd-session> 22:19:14 epoll_pwait2(11<anon_inode:[eventpoll]>, [], 40, {tv_sec=0, tv_nsec=0}, NULL, 8) = 0
27397<sshd-session> 22:19:14 epoll_ctl(11<anon_inode:[eventpoll]>, EPOLL_CTL_DEL, 14<UNIX-STREAM:[145811->147538]>, NULL) = 0
27397<sshd-session> 22:19:14 close(14<UNIX-STREAM:[145811->147538]>) = 0
27397<sshd-session> 22:19:14 brk(0x55e0307a6000) = 0x55e0307a6000
27397<sshd-session> 22:19:14 rt_sigprocmask(SIG_SETMASK, [], NULL, 8) = 0
27397<sshd-session> 22:19:14 close(11<anon_inode:[eventpoll]>) = 0
27397<sshd-session> 22:19:14 close(12<anon_inode:[timerfd]>) = 0
27397<sshd-session> 22:19:14 read(6</etc/security/limits.d/25-pw-rlimits.conf>, "", 4096) = 0
27397<sshd-session> 22:19:14 close(6</etc/security/limits.d/25-pw-rlimits.conf>) = 0
27397<sshd-session> 22:19:14 setpriority(PRIO_PROCESS, 0, 0) = 0
27397<sshd-session> 22:19:14 socket(AF_UNIX, SOCK_STREAM|SOCK_CLOEXEC|SOCK_NONBLOCK, 0) = 6<UNIX-STREAM:[145814]>
27397<sshd-session> 22:19:14 connect(6<UNIX-STREAM:[145814]>, {sa_family=AF_UNIX, sun_path="/run/systemd/userdb/io.systemd.Multiplexer"}, 45) = 0
27397<sshd-session> 22:19:14 futex(0x7f26d57b3c18, FUTEX_WAKE_PRIVATE, 2147483647) = 0
27397<sshd-session> 22:19:14 getpid()   = 27397<sshd-session>
27397<sshd-session> 22:19:14 epoll_create1(EPOLL_CLOEXEC) = 8<anon_inode:[eventpoll]>
27397<sshd-session> 22:19:14 timerfd_create(CLOCK_MONOTONIC, TFD_CLOEXEC|TFD_NONBLOCK) = 10<anon_inode:[timerfd]>
27397<sshd-session> 22:19:14 epoll_ctl(8<anon_inode:[eventpoll]>, EPOLL_CTL_ADD, 10<anon_inode:[timerfd]>, {events=EPOLLIN, data=0x55e0307741a0}) = 0
27397<sshd-session> 22:19:14 epoll_ctl(8<anon_inode:[eventpoll]>, EPOLL_CTL_ADD, 6<UNIX-STREAM:[145814->146792]>, {events=0, data=0x55e03073cae0}) = 0
27397<sshd-session> 22:19:14 futex(0x7f26d57b4494, FUTEX_WAKE_PRIVATE, 2147483647) = 0
27397<sshd-session> 22:19:14 epoll_ctl(8<anon_inode:[eventpoll]>, EPOLL_CTL_MOD, 6<UNIX-STREAM:[145814->146792]>, {events=EPOLLIN|EPOLLOUT, data=0x55e03073cae0}) = 0
27397<sshd-session> 22:19:14 openat(AT_FDCWD</>, "/proc/sys/kernel/random/boot_id", O_RDONLY|O_NOCTTY|O_CLOEXEC) = 11</proc/sys/kernel/random/boot_id>
27397<sshd-session> 22:19:14 read(11</proc/sys/kernel/random/boot_id>, "7a4a98d1-18e4-484f-8c1a-f3607c4d"..., 38) = 37
27397<sshd-session> 22:19:14 read(11</proc/sys/kernel/random/boot_id>, "", 1) = 0
27397<sshd-session> 22:19:14 close(11</proc/sys/kernel/random/boot_id>) = 0
27397<sshd-session> 22:19:14 timerfd_settime(10<anon_inode:[timerfd]>, TFD_TIMER_ABSTIME, {it_interval={tv_sec=0, tv_nsec=0}, it_value={tv_sec=11910, tv_nsec=287318000}}, NULL) = 0
27397<sshd-session> 22:19:14 epoll_pwait2(8<anon_inode:[eventpoll]>, [{events=EPOLLOUT, data=0x55e03073cae0}], 8, {tv_sec=0, tv_nsec=0}, NULL, 8) = 1
27397<sshd-session> 22:19:14 sendto(6<UNIX-STREAM:[145814->146792]>, "{\"method\":\"io.systemd.UserDataba"..., 123, MSG_DONTWAIT|MSG_NOSIGNAL, NULL, 0) = 123
27397<sshd-session> 22:19:14 epoll_ctl(8<anon_inode:[eventpoll]>, EPOLL_CTL_MOD, 6<UNIX-STREAM:[145814->146792]>, {events=EPOLLIN, data=0x55e03073cae0}) = 0
27397<sshd-session> 22:19:14 epoll_pwait2(8<anon_inode:[eventpoll]>, [], 8, {tv_sec=0, tv_nsec=0}, NULL, 8) = 0
27397<sshd-session> 22:19:14 recvfrom(6<UNIX-STREAM:[145814->146792]>, 0x55e030785bc0, 131080, MSG_DONTWAIT, NULL, NULL) = -1 EAGAIN (Resource temporarily unavailable)
27397<sshd-session> 22:19:14 epoll_wait(8<anon_inode:[eventpoll]>, [{events=EPOLLIN, data=0x55e03073cae0}], 8, -1) = 1
27397<sshd-session> 22:19:14 recvfrom(6<UNIX-STREAM:[145814->146792]>, "{\"parameters\":{\"record\":{\"userNa"..., 131080, MSG_DONTWAIT, NULL, NULL) = 490
27397<sshd-session> 22:19:14 epoll_ctl(8<anon_inode:[eventpoll]>, EPOLL_CTL_MOD, 6<UNIX-STREAM:[145814->146792]>, {events=0, data=0x55e03073cae0}) = 0
27397<sshd-session> 22:19:14 epoll_pwait2(8<anon_inode:[eventpoll]>, [], 8, {tv_sec=0, tv_nsec=0}, NULL, 8) = 0
27397<sshd-session> 22:19:14 epoll_pwait2(8<anon_inode:[eventpoll]>, [], 8, {tv_sec=0, tv_nsec=0}, NULL, 8) = 0
27397<sshd-session> 22:19:14 openat(AT_FDCWD</>, "/etc/machine-id", O_RDONLY|O_NOCTTY|O_CLOEXEC) = 11</etc/machine-id>
27397<sshd-session> 22:19:14 read(11</etc/machine-id>, "7fc94c65c52741c4b0e4057afee26b8c"..., 38) = 33
27397<sshd-session> 22:19:14 read(11</etc/machine-id>, "", 5) = 0
27397<sshd-session> 22:19:14 close(11</etc/machine-id>) = 0
27397<sshd-session> 22:19:14 openat(AT_FDCWD</>, "/etc/login.defs", O_RDONLY|O_CLOEXEC) = 11</etc/login.defs>
27397<sshd-session> 22:19:14 fcntl(11</etc/login.defs>, F_GETFL) = 0x8000 (flags O_RDONLY|O_LARGEFILE)
27397<sshd-session> 22:19:14 fstat(11</etc/login.defs>, {st_mode=S_IFREG|0644, st_size=8888, ...}) = 0
27397<sshd-session> 22:19:14 read(11</etc/login.defs>, "#\n# Please note that the paramet"..., 4096) = 4096
27397<sshd-session> 22:19:14 ioctl(11</etc/login.defs>, TCGETS2, 0x7fffd551f080) = -1 ENOTTY (Inappropriate ioctl for device)
27397<sshd-session> 22:19:14 ioctl(11</etc/login.defs>, TCGETS2, 0x7fffd551f080) = -1 ENOTTY (Inappropriate ioctl for device)
27397<sshd-session> 22:19:14 ioctl(11</etc/login.defs>, TCGETS2, 0x7fffd551f080) = -1 ENOTTY (Inappropriate ioctl for device)
27397<sshd-session> 22:19:14 ioctl(11</etc/login.defs>, TCGETS2, 0x7fffd551f080) = -1 ENOTTY (Inappropriate ioctl for device)
27397<sshd-session> 22:19:14 ioctl(11</etc/login.defs>, TCGETS2, 0x7fffd551f080) = -1 ENOTTY (Inappropriate ioctl for device)
27397<sshd-session> 22:19:14 ioctl(11</etc/login.defs>, TCGETS2, 0x7fffd551f080) = -1 ENOTTY (Inappropriate ioctl for device)
27397<sshd-session> 22:19:14 ioctl(11</etc/login.defs>, TCGETS2, 0x7fffd551f080) = -1 ENOTTY (Inappropriate ioctl for device)
27397<sshd-session> 22:19:14 ioctl(11</etc/login.defs>, TCGETS2, 0x7fffd551f080) = -1 ENOTTY (Inappropriate ioctl for device)
27397<sshd-session> 22:19:14 ioctl(11</etc/login.defs>, TCGETS2, 0x7fffd551f080) = -1 ENOTTY (Inappropriate ioctl for device)
27397<sshd-session> 22:19:14 ioctl(11</etc/login.defs>, TCGETS2, 0x7fffd551f080) = -1 ENOTTY (Inappropriate ioctl for device)
27397<sshd-session> 22:19:14 ioctl(11</etc/login.defs>, TCGETS2, 0x7fffd551f080) = -1 ENOTTY (Inappropriate ioctl for device)
27397<sshd-session> 22:19:14 ioctl(11</etc/login.defs>, TCGETS2, 0x7fffd551f080) = -1 ENOTTY (Inappropriate ioctl for device)
27397<sshd-session> 22:19:14 ioctl(11</etc/login.defs>, TCGETS2, 0x7fffd551f080) = -1 ENOTTY (Inappropriate ioctl for device)
27397<sshd-session> 22:19:14 ioctl(11</etc/login.defs>, TCGETS2, 0x7fffd551f080) = -1 ENOTTY (Inappropriate ioctl for device)
27397<sshd-session> 22:19:14 ioctl(11</etc/login.defs>, TCGETS2, 0x7fffd551f080) = -1 ENOTTY (Inappropriate ioctl for device)
27397<sshd-session> 22:19:14 ioctl(11</etc/login.defs>, TCGETS2, 0x7fffd551f080) = -1 ENOTTY (Inappropriate ioctl for device)
27397<sshd-session> 22:19:14 ioctl(11</etc/login.defs>, TCGETS2, 0x7fffd551f080) = -1 ENOTTY (Inappropriate ioctl for device)
27397<sshd-session> 22:19:14 ioctl(11</etc/login.defs>, TCGETS2, 0x7fffd551f080) = -1 ENOTTY (Inappropriate ioctl for device)
27397<sshd-session> 22:19:14 ioctl(11</etc/login.defs>, TCGETS2, 0x7fffd551f080) = -1 ENOTTY (Inappropriate ioctl for device)
27397<sshd-session> 22:19:14 ioctl(11</etc/login.defs>, TCGETS2, 0x7fffd551f080) = -1 ENOTTY (Inappropriate ioctl for device)
27397<sshd-session> 22:19:14 ioctl(11</etc/login.defs>, TCGETS2, 0x7fffd551f080) = -1 ENOTTY (Inappropriate ioctl for device)
27397<sshd-session> 22:19:14 ioctl(11</etc/login.defs>, TCGETS2, 0x7fffd551f080) = -1 ENOTTY (Inappropriate ioctl for device)
27397<sshd-session> 22:19:14 ioctl(11</etc/login.defs>, TCGETS2, 0x7fffd551f080) = -1 ENOTTY (Inappropriate ioctl for device)
27397<sshd-session> 22:19:14 ioctl(11</etc/login.defs>, TCGETS2, 0x7fffd551f080) = -1 ENOTTY (Inappropriate ioctl for device)
27397<sshd-session> 22:19:14 ioctl(11</etc/login.defs>, TCGETS2, 0x7fffd551f080) = -1 ENOTTY (Inappropriate ioctl for device)
27397<sshd-session> 22:19:14 ioctl(11</etc/login.defs>, TCGETS2, 0x7fffd551f080) = -1 ENOTTY (Inappropriate ioctl for device)
27397<sshd-session> 22:19:14 ioctl(11</etc/login.defs>, TCGETS2, 0x7fffd551f080) = -1 ENOTTY (Inappropriate ioctl for device)
27397<sshd-session> 22:19:14 ioctl(11</etc/login.defs>, TCGETS2, 0x7fffd551f080) = -1 ENOTTY (Inappropriate ioctl for device)
27397<sshd-session> 22:19:14 ioctl(11</etc/login.defs>, TCGETS2, 0x7fffd551f080) = -1 ENOTTY (Inappropriate ioctl for device)
27397<sshd-session> 22:19:14 ioctl(11</etc/login.defs>, TCGETS2, 0x7fffd551f080) = -1 ENOTTY (Inappropriate ioctl for device)
27397<sshd-session> 22:19:14 ioctl(11</etc/login.defs>, TCGETS2, 0x7fffd551f080) = -1 ENOTTY (Inappropriate ioctl for device)
27397<sshd-session> 22:19:14 ioctl(11</etc/login.defs>, TCGETS2, 0x7fffd551f080) = -1 ENOTTY (Inappropriate ioctl for device)
27397<sshd-session> 22:19:14 ioctl(11</etc/login.defs>, TCGETS2, 0x7fffd551f080) = -1 ENOTTY (Inappropriate ioctl for device)
27397<sshd-session> 22:19:14 ioctl(11</etc/login.defs>, TCGETS2, 0x7fffd551f080) = -1 ENOTTY (Inappropriate ioctl for device)
27397<sshd-session> 22:19:14 ioctl(11</etc/login.defs>, TCGETS2, 0x7fffd551f080) = -1 ENOTTY (Inappropriate ioctl for device)
27397<sshd-session> 22:19:14 ioctl(11</etc/login.defs>, TCGETS2, 0x7fffd551f080) = -1 ENOTTY (Inappropriate ioctl for device)
27397<sshd-session> 22:19:14 ioctl(11</etc/login.defs>, TCGETS2, 0x7fffd551f080) = -1 ENOTTY (Inappropriate ioctl for device)
27397<sshd-session> 22:19:14 ioctl(11</etc/login.defs>, TCGETS2, 0x7fffd551f080) = -1 ENOTTY (Inappropriate ioctl for device)
27397<sshd-session> 22:19:14 ioctl(11</etc/login.defs>, TCGETS2, 0x7fffd551f080) = -1 ENOTTY (Inappropriate ioctl for device)
27397<sshd-session> 22:19:14 ioctl(11</etc/login.defs>, TCGETS2, 0x7fffd551f080) = -1 ENOTTY (Inappropriate ioctl for device)
27397<sshd-session> 22:19:14 ioctl(11</etc/login.defs>, TCGETS2, 0x7fffd551f080) = -1 ENOTTY (Inappropriate ioctl for device)
27397<sshd-session> 22:19:14 ioctl(11</etc/login.defs>, TCGETS2, 0x7fffd551f080) = -1 ENOTTY (Inappropriate ioctl for device)
27397<sshd-session> 22:19:14 ioctl(11</etc/login.defs>, TCGETS2, 0x7fffd551f080) = -1 ENOTTY (Inappropriate ioctl for device)
27397<sshd-session> 22:19:14 ioctl(11</etc/login.defs>, TCGETS2, 0x7fffd551f080) = -1 ENOTTY (Inappropriate ioctl for device)
27397<sshd-session> 22:19:14 ioctl(11</etc/login.defs>, TCGETS2, 0x7fffd551f080) = -1 ENOTTY (Inappropriate ioctl for device)
27397<sshd-session> 22:19:14 ioctl(11</etc/login.defs>, TCGETS2, 0x7fffd551f080) = -1 ENOTTY (Inappropriate ioctl for device)
27397<sshd-session> 22:19:14 ioctl(11</etc/login.defs>, TCGETS2, 0x7fffd551f080) = -1 ENOTTY (Inappropriate ioctl for device)
27397<sshd-session> 22:19:14 ioctl(11</etc/login.defs>, TCGETS2, 0x7fffd551f080) = -1 ENOTTY (Inappropriate ioctl for device)
27397<sshd-session> 22:19:14 ioctl(11</etc/login.defs>, TCGETS2, 0x7fffd551f080) = -1 ENOTTY (Inappropriate ioctl for device)
27397<sshd-session> 22:19:14 ioctl(11</etc/login.defs>, TCGETS2, 0x7fffd551f080) = -1 ENOTTY (Inappropriate ioctl for device)
27397<sshd-session> 22:19:14 ioctl(11</etc/login.defs>, TCGETS2, 0x7fffd551f080) = -1 ENOTTY (Inappropriate ioctl for device)
27397<sshd-session> 22:19:14 ioctl(11</etc/login.defs>, TCGETS2, 0x7fffd551f080) = -1 ENOTTY (Inappropriate ioctl for device)
27397<sshd-session> 22:19:14 ioctl(11</etc/login.defs>, TCGETS2, 0x7fffd551f080) = -1 ENOTTY (Inappropriate ioctl for device)
27397<sshd-session> 22:19:14 ioctl(11</etc/login.defs>, TCGETS2, 0x7fffd551f080) = -1 ENOTTY (Inappropriate ioctl for device)
27397<sshd-session> 22:19:14 ioctl(11</etc/login.defs>, TCGETS2, 0x7fffd551f080) = -1 ENOTTY (Inappropriate ioctl for device)
27397<sshd-session> 22:19:14 ioctl(11</etc/login.defs>, TCGETS2, 0x7fffd551f080) = -1 ENOTTY (Inappropriate ioctl for device)
27397<sshd-session> 22:19:14 ioctl(11</etc/login.defs>, TCGETS2, 0x7fffd551f080) = -1 ENOTTY (Inappropriate ioctl for device)
27397<sshd-session> 22:19:14 ioctl(11</etc/login.defs>, TCGETS2, 0x7fffd551f080) = -1 ENOTTY (Inappropriate ioctl for device)
27397<sshd-session> 22:19:14 ioctl(11</etc/login.defs>, TCGETS2, 0x7fffd551f080) = -1 ENOTTY (Inappropriate ioctl for device)
27397<sshd-session> 22:19:14 ioctl(11</etc/login.defs>, TCGETS2, 0x7fffd551f080) = -1 ENOTTY (Inappropriate ioctl for device)
27397<sshd-session> 22:19:14 ioctl(11</etc/login.defs>, TCGETS2, 0x7fffd551f080) = -1 ENOTTY (Inappropriate ioctl for device)
27397<sshd-session> 22:19:14 ioctl(11</etc/login.defs>, TCGETS2, 0x7fffd551f080) = -1 ENOTTY (Inappropriate ioctl for device)
27397<sshd-session> 22:19:14 ioctl(11</etc/login.defs>, TCGETS2, 0x7fffd551f080) = -1 ENOTTY (Inappropriate ioctl for device)
27397<sshd-session> 22:19:14 ioctl(11</etc/login.defs>, TCGETS2, 0x7fffd551f080) = -1 ENOTTY (Inappropriate ioctl for device)
27397<sshd-session> 22:19:14 ioctl(11</etc/login.defs>, TCGETS2, 0x7fffd551f080) = -1 ENOTTY (Inappropriate ioctl for device)
27397<sshd-session> 22:19:14 ioctl(11</etc/login.defs>, TCGETS2, 0x7fffd551f080) = -1 ENOTTY (Inappropriate ioctl for device)
27397<sshd-session> 22:19:14 ioctl(11</etc/login.defs>, TCGETS2, 0x7fffd551f080) = -1 ENOTTY (Inappropriate ioctl for device)
27397<sshd-session> 22:19:14 ioctl(11</etc/login.defs>, TCGETS2, 0x7fffd551f080) = -1 ENOTTY (Inappropriate ioctl for device)
27397<sshd-session> 22:19:14 ioctl(11</etc/login.defs>, TCGETS2, 0x7fffd551f080) = -1 ENOTTY (Inappropriate ioctl for device)
27397<sshd-session> 22:19:14 ioctl(11</etc/login.defs>, TCGETS2, 0x7fffd551f080) = -1 ENOTTY (Inappropriate ioctl for device)
27397<sshd-session> 22:19:14 ioctl(11</etc/login.defs>, TCGETS2, 0x7fffd551f080) = -1 ENOTTY (Inappropriate ioctl for device)
27397<sshd-session> 22:19:14 ioctl(11</etc/login.defs>, TCGETS2, 0x7fffd551f080) = -1 ENOTTY (Inappropriate ioctl for device)
27397<sshd-session> 22:19:14 ioctl(11</etc/login.defs>, TCGETS2, 0x7fffd551f080) = -1 ENOTTY (Inappropriate ioctl for device)
27397<sshd-session> 22:19:14 ioctl(11</etc/login.defs>, TCGETS2, 0x7fffd551f080) = -1 ENOTTY (Inappropriate ioctl for device)
27397<sshd-session> 22:19:14 ioctl(11</etc/login.defs>, TCGETS2, 0x7fffd551f080) = -1 ENOTTY (Inappropriate ioctl for device)
27397<sshd-session> 22:19:14 ioctl(11</etc/login.defs>, TCGETS2, 0x7fffd551f080) = -1 ENOTTY (Inappropriate ioctl for device)
27397<sshd-session> 22:19:14 ioctl(11</etc/login.defs>, TCGETS2, 0x7fffd551f080) = -1 ENOTTY (Inappropriate ioctl for device)
27397<sshd-session> 22:19:14 ioctl(11</etc/login.defs>, TCGETS2, 0x7fffd551f080) = -1 ENOTTY (Inappropriate ioctl for device)
27397<sshd-session> 22:19:14 ioctl(11</etc/login.defs>, TCGETS2, 0x7fffd551f080) = -1 ENOTTY (Inappropriate ioctl for device)
27397<sshd-session> 22:19:14 ioctl(11</etc/login.defs>, TCGETS2, 0x7fffd551f080) = -1 ENOTTY (Inappropriate ioctl for device)
27397<sshd-session> 22:19:14 ioctl(11</etc/login.defs>, TCGETS2, 0x7fffd551f080) = -1 ENOTTY (Inappropriate ioctl for device)
27397<sshd-session> 22:19:14 ioctl(11</etc/login.defs>, TCGETS2, 0x7fffd551f080) = -1 ENOTTY (Inappropriate ioctl for device)
27397<sshd-session> 22:19:14 ioctl(11</etc/login.defs>, TCGETS2, 0x7fffd551f080) = -1 ENOTTY (Inappropriate ioctl for device)
27397<sshd-session> 22:19:14 ioctl(11</etc/login.defs>, TCGETS2, 0x7fffd551f080) = -1 ENOTTY (Inappropriate ioctl for device)
27397<sshd-session> 22:19:14 ioctl(11</etc/login.defs>, TCGETS2, 0x7fffd551f080) = -1 ENOTTY (Inappropriate ioctl for device)
27397<sshd-session> 22:19:14 ioctl(11</etc/login.defs>, TCGETS2, 0x7fffd551f080) = -1 ENOTTY (Inappropriate ioctl for device)
27397<sshd-session> 22:19:14 ioctl(11</etc/login.defs>, TCGETS2, 0x7fffd551f080) = -1 ENOTTY (Inappropriate ioctl for device)
27397<sshd-session> 22:19:14 ioctl(11</etc/login.defs>, TCGETS2, 0x7fffd551f080) = -1 ENOTTY (Inappropriate ioctl for device)
27397<sshd-session> 22:19:14 ioctl(11</etc/login.defs>, TCGETS2, 0x7fffd551f080) = -1 ENOTTY (Inappropriate ioctl for device)
27397<sshd-session> 22:19:14 ioctl(11</etc/login.defs>, TCGETS2, 0x7fffd551f080) = -1 ENOTTY (Inappropriate ioctl for device)
27397<sshd-session> 22:19:14 ioctl(11</etc/login.defs>, TCGETS2, 0x7fffd551f080) = -1 ENOTTY (Inappropriate ioctl for device)
27397<sshd-session> 22:19:14 ioctl(11</etc/login.defs>, TCGETS2, 0x7fffd551f080) = -1 ENOTTY (Inappropriate ioctl for device)
27397<sshd-session> 22:19:14 ioctl(11</etc/login.defs>, TCGETS2, 0x7fffd551f080) = -1 ENOTTY (Inappropriate ioctl for device)
27397<sshd-session> 22:19:14 ioctl(11</etc/login.defs>, TCGETS2, 0x7fffd551f080) = -1 ENOTTY (Inappropriate ioctl for device)
27397<sshd-session> 22:19:14 ioctl(11</etc/login.defs>, TCGETS2, 0x7fffd551f080) = -1 ENOTTY (Inappropriate ioctl for device)
27397<sshd-session> 22:19:14 ioctl(11</etc/login.defs>, TCGETS2, 0x7fffd551f080) = -1 ENOTTY (Inappropriate ioctl for device)
27397<sshd-session> 22:19:14 ioctl(11</etc/login.defs>, TCGETS2, 0x7fffd551f080) = -1 ENOTTY (Inappropriate ioctl for device)
27397<sshd-session> 22:19:14 ioctl(11</etc/login.defs>, TCGETS2, 0x7fffd551f080) = -1 ENOTTY (Inappropriate ioctl for device)
27397<sshd-session> 22:19:14 ioctl(11</etc/login.defs>, TCGETS2, 0x7fffd551f080) = -1 ENOTTY (Inappropriate ioctl for device)
27397<sshd-session> 22:19:14 ioctl(11</etc/login.defs>, TCGETS2, 0x7fffd551f080) = -1 ENOTTY (Inappropriate ioctl for device)
27397<sshd-session> 22:19:14 ioctl(11</etc/login.defs>, TCGETS2, 0x7fffd551f080) = -1 ENOTTY (Inappropriate ioctl for device)
27397<sshd-session> 22:19:14 ioctl(11</etc/login.defs>, TCGETS2, 0x7fffd551f080) = -1 ENOTTY (Inappropriate ioctl for device)
27397<sshd-session> 22:19:14 ioctl(11</etc/login.defs>, TCGETS2, 0x7fffd551f080) = -1 ENOTTY (Inappropriate ioctl for device)
27397<sshd-session> 22:19:14 ioctl(11</etc/login.defs>, TCGETS2, 0x7fffd551f080) = -1 ENOTTY (Inappropriate ioctl for device)
27397<sshd-session> 22:19:14 ioctl(11</etc/login.defs>, TCGETS2, 0x7fffd551f080) = -1 ENOTTY (Inappropriate ioctl for device)
27397<sshd-session> 22:19:14 ioctl(11</etc/login.defs>, TCGETS2, 0x7fffd551f080) = -1 ENOTTY (Inappropriate ioctl for device)
27397<sshd-session> 22:19:14 ioctl(11</etc/login.defs>, TCGETS2, 0x7fffd551f080) = -1 ENOTTY (Inappropriate ioctl for device)
27397<sshd-session> 22:19:14 ioctl(11</etc/login.defs>, TCGETS2, 0x7fffd551f080) = -1 ENOTTY (Inappropriate ioctl for device)
27397<sshd-session> 22:19:14 ioctl(11</etc/login.defs>, TCGETS2, 0x7fffd551f080) = -1 ENOTTY (Inappropriate ioctl for device)
27397<sshd-session> 22:19:14 ioctl(11</etc/login.defs>, TCGETS2, 0x7fffd551f080) = -1 ENOTTY (Inappropriate ioctl for device)
27397<sshd-session> 22:19:14 ioctl(11</etc/login.defs>, TCGETS2, 0x7fffd551f080) = -1 ENOTTY (Inappropriate ioctl for device)
27397<sshd-session> 22:19:14 ioctl(11</etc/login.defs>, TCGETS2, 0x7fffd551f080) = -1 ENOTTY (Inappropriate ioctl for device)
27397<sshd-session> 22:19:14 ioctl(11</etc/login.defs>, TCGETS2, 0x7fffd551f080) = -1 ENOTTY (Inappropriate ioctl for device)
27397<sshd-session> 22:19:14 ioctl(11</etc/login.defs>, TCGETS2, 0x7fffd551f080) = -1 ENOTTY (Inappropriate ioctl for device)
27397<sshd-session> 22:19:14 ioctl(11</etc/login.defs>, TCGETS2, 0x7fffd551f080) = -1 ENOTTY (Inappropriate ioctl for device)
27397<sshd-session> 22:19:14 ioctl(11</etc/login.defs>, TCGETS2, 0x7fffd551f080) = -1 ENOTTY (Inappropriate ioctl for device)
27397<sshd-session> 22:19:14 ioctl(11</etc/login.defs>, TCGETS2, 0x7fffd551f080) = -1 ENOTTY (Inappropriate ioctl for device)
27397<sshd-session> 22:19:14 ioctl(11</etc/login.defs>, TCGETS2, 0x7fffd551f080) = -1 ENOTTY (Inappropriate ioctl for device)
27397<sshd-session> 22:19:14 ioctl(11</etc/login.defs>, TCGETS2, 0x7fffd551f080) = -1 ENOTTY (Inappropriate ioctl for device)
27397<sshd-session> 22:19:14 ioctl(11</etc/login.defs>, TCGETS2, 0x7fffd551f080) = -1 ENOTTY (Inappropriate ioctl for device)
27397<sshd-session> 22:19:14 ioctl(11</etc/login.defs>, TCGETS2, 0x7fffd551f080) = -1 ENOTTY (Inappropriate ioctl for device)
27397<sshd-session> 22:19:14 ioctl(11</etc/login.defs>, TCGETS2, 0x7fffd551f080) = -1 ENOTTY (Inappropriate ioctl for device)
27397<sshd-session> 22:19:14 ioctl(11</etc/login.defs>, TCGETS2, 0x7fffd551f080) = -1 ENOTTY (Inappropriate ioctl for device)
27397<sshd-session> 22:19:14 ioctl(11</etc/login.defs>, TCGETS2, 0x7fffd551f080) = -1 ENOTTY (Inappropriate ioctl for device)
27397<sshd-session> 22:19:14 ioctl(11</etc/login.defs>, TCGETS2, 0x7fffd551f080) = -1 ENOTTY (Inappropriate ioctl for device)
27397<sshd-session> 22:19:14 ioctl(11</etc/login.defs>, TCGETS2, 0x7fffd551f080) = -1 ENOTTY (Inappropriate ioctl for device)
27397<sshd-session> 22:19:14 ioctl(11</etc/login.defs>, TCGETS2, 0x7fffd551f080) = -1 ENOTTY (Inappropriate ioctl for device)
27397<sshd-session> 22:19:14 ioctl(11</etc/login.defs>, TCGETS2, 0x7fffd551f080) = -1 ENOTTY (Inappropriate ioctl for device)
27397<sshd-session> 22:19:14 ioctl(11</etc/login.defs>, TCGETS2, 0x7fffd551f080) = -1 ENOTTY (Inappropriate ioctl for device)
27397<sshd-session> 22:19:14 ioctl(11</etc/login.defs>, TCGETS2, 0x7fffd551f080) = -1 ENOTTY (Inappropriate ioctl for device)
27397<sshd-session> 22:19:14 ioctl(11</etc/login.defs>, TCGETS2, 0x7fffd551f080) = -1 ENOTTY (Inappropriate ioctl for device)
27397<sshd-session> 22:19:14 ioctl(11</etc/login.defs>, TCGETS2, 0x7fffd551f080) = -1 ENOTTY (Inappropriate ioctl for device)
27397<sshd-session> 22:19:14 ioctl(11</etc/login.defs>, TCGETS2, 0x7fffd551f080) = -1 ENOTTY (Inappropriate ioctl for device)
27397<sshd-session> 22:19:14 ioctl(11</etc/login.defs>, TCGETS2, 0x7fffd551f080) = -1 ENOTTY (Inappropriate ioctl for device)
27397<sshd-session> 22:19:14 ioctl(11</etc/login.defs>, TCGETS2, 0x7fffd551f080) = -1 ENOTTY (Inappropriate ioctl for device)
27397<sshd-session> 22:19:14 ioctl(11</etc/login.defs>, TCGETS2, 0x7fffd551f080) = -1 ENOTTY (Inappropriate ioctl for device)
27397<sshd-session> 22:19:14 ioctl(11</etc/login.defs>, TCGETS2, 0x7fffd551f080) = -1 ENOTTY (Inappropriate ioctl for device)
27397<sshd-session> 22:19:14 ioctl(11</etc/login.defs>, TCGETS2, 0x7fffd551f080) = -1 ENOTTY (Inappropriate ioctl for device)
27397<sshd-session> 22:19:14 ioctl(11</etc/login.defs>, TCGETS2, 0x7fffd551f080) = -1 ENOTTY (Inappropriate ioctl for device)
27397<sshd-session> 22:19:14 ioctl(11</etc/login.defs>, TCGETS2, 0x7fffd551f080) = -1 ENOTTY (Inappropriate ioctl for device)
27397<sshd-session> 22:19:14 ioctl(11</etc/login.defs>, TCGETS2, 0x7fffd551f080) = -1 ENOTTY (Inappropriate ioctl for device)
27397<sshd-session> 22:19:14 ioctl(11</etc/login.defs>, TCGETS2, 0x7fffd551f080) = -1 ENOTTY (Inappropriate ioctl for device)
27397<sshd-session> 22:19:14 read(11</etc/login.defs>, "ID_MIN                  1000\nUID"..., 4096) = 4096
27397<sshd-session> 22:19:14 ioctl(11</etc/login.defs>, TCGETS2, 0x7fffd551f080) = -1 ENOTTY (Inappropriate ioctl for device)
27397<sshd-session> 22:19:14 ioctl(11</etc/login.defs>, TCGETS2, 0x7fffd551f080) = -1 ENOTTY (Inappropriate ioctl for device)
27397<sshd-session> 22:19:14 ioctl(11</etc/login.defs>, TCGETS2, 0x7fffd551f080) = -1 ENOTTY (Inappropriate ioctl for device)
27397<sshd-session> 22:19:14 ioctl(11</etc/login.defs>, TCGETS2, 0x7fffd551f080) = -1 ENOTTY (Inappropriate ioctl for device)
27397<sshd-session> 22:19:14 ioctl(11</etc/login.defs>, TCGETS2, 0x7fffd551f080) = -1 ENOTTY (Inappropriate ioctl for device)
27397<sshd-session> 22:19:14 ioctl(11</etc/login.defs>, TCGETS2, 0x7fffd551f080) = -1 ENOTTY (Inappropriate ioctl for device)
27397<sshd-session> 22:19:14 ioctl(11</etc/login.defs>, TCGETS2, 0x7fffd551f080) = -1 ENOTTY (Inappropriate ioctl for device)
27397<sshd-session> 22:19:14 ioctl(11</etc/login.defs>, TCGETS2, 0x7fffd551f080) = -1 ENOTTY (Inappropriate ioctl for device)
27397<sshd-session> 22:19:14 ioctl(11</etc/login.defs>, TCGETS2, 0x7fffd551f080) = -1 ENOTTY (Inappropriate ioctl for device)
27397<sshd-session> 22:19:14 ioctl(11</etc/login.defs>, TCGETS2, 0x7fffd551f080) = -1 ENOTTY (Inappropriate ioctl for device)
27397<sshd-session> 22:19:14 ioctl(11</etc/login.defs>, TCGETS2, 0x7fffd551f080) = -1 ENOTTY (Inappropriate ioctl for device)
27397<sshd-session> 22:19:14 ioctl(11</etc/login.defs>, TCGETS2, 0x7fffd551f080) = -1 ENOTTY (Inappropriate ioctl for device)
27397<sshd-session> 22:19:14 ioctl(11</etc/login.defs>, TCGETS2, 0x7fffd551f080) = -1 ENOTTY (Inappropriate ioctl for device)
27397<sshd-session> 22:19:14 ioctl(11</etc/login.defs>, TCGETS2, 0x7fffd551f080) = -1 ENOTTY (Inappropriate ioctl for device)
27397<sshd-session> 22:19:14 ioctl(11</etc/login.defs>, TCGETS2, 0x7fffd551f080) = -1 ENOTTY (Inappropriate ioctl for device)
27397<sshd-session> 22:19:14 ioctl(11</etc/login.defs>, TCGETS2, 0x7fffd551f080) = -1 ENOTTY (Inappropriate ioctl for device)
27397<sshd-session> 22:19:14 ioctl(11</etc/login.defs>, TCGETS2, 0x7fffd551f080) = -1 ENOTTY (Inappropriate ioctl for device)
27397<sshd-session> 22:19:14 ioctl(11</etc/login.defs>, TCGETS2, 0x7fffd551f080) = -1 ENOTTY (Inappropriate ioctl for device)
27397<sshd-session> 22:19:14 ioctl(11</etc/login.defs>, TCGETS2, 0x7fffd551f080) = -1 ENOTTY (Inappropriate ioctl for device)
27397<sshd-session> 22:19:14 ioctl(11</etc/login.defs>, TCGETS2, 0x7fffd551f080) = -1 ENOTTY (Inappropriate ioctl for device)
27397<sshd-session> 22:19:14 ioctl(11</etc/login.defs>, TCGETS2, 0x7fffd551f080) = -1 ENOTTY (Inappropriate ioctl for device)
27397<sshd-session> 22:19:14 ioctl(11</etc/login.defs>, TCGETS2, 0x7fffd551f080) = -1 ENOTTY (Inappropriate ioctl for device)
27397<sshd-session> 22:19:14 ioctl(11</etc/login.defs>, TCGETS2, 0x7fffd551f080) = -1 ENOTTY (Inappropriate ioctl for device)
27397<sshd-session> 22:19:14 ioctl(11</etc/login.defs>, TCGETS2, 0x7fffd551f080) = -1 ENOTTY (Inappropriate ioctl for device)
27397<sshd-session> 22:19:14 ioctl(11</etc/login.defs>, TCGETS2, 0x7fffd551f080) = -1 ENOTTY (Inappropriate ioctl for device)
27397<sshd-session> 22:19:14 ioctl(11</etc/login.defs>, TCGETS2, 0x7fffd551f080) = -1 ENOTTY (Inappropriate ioctl for device)
27397<sshd-session> 22:19:14 ioctl(11</etc/login.defs>, TCGETS2, 0x7fffd551f080) = -1 ENOTTY (Inappropriate ioctl for device)
27397<sshd-session> 22:19:14 ioctl(11</etc/login.defs>, TCGETS2, 0x7fffd551f080) = -1 ENOTTY (Inappropriate ioctl for device)
27397<sshd-session> 22:19:14 ioctl(11</etc/login.defs>, TCGETS2, 0x7fffd551f080) = -1 ENOTTY (Inappropriate ioctl for device)
27397<sshd-session> 22:19:14 ioctl(11</etc/login.defs>, TCGETS2, 0x7fffd551f080) = -1 ENOTTY (Inappropriate ioctl for device)
27397<sshd-session> 22:19:14 ioctl(11</etc/login.defs>, TCGETS2, 0x7fffd551f080) = -1 ENOTTY (Inappropriate ioctl for device)
27397<sshd-session> 22:19:14 ioctl(11</etc/login.defs>, TCGETS2, 0x7fffd551f080) = -1 ENOTTY (Inappropriate ioctl for device)
27397<sshd-session> 22:19:14 ioctl(11</etc/login.defs>, TCGETS2, 0x7fffd551f080) = -1 ENOTTY (Inappropriate ioctl for device)
27397<sshd-session> 22:19:14 ioctl(11</etc/login.defs>, TCGETS2, 0x7fffd551f080) = -1 ENOTTY (Inappropriate ioctl for device)
27397<sshd-session> 22:19:14 ioctl(11</etc/login.defs>, TCGETS2, 0x7fffd551f080) = -1 ENOTTY (Inappropriate ioctl for device)
27397<sshd-session> 22:19:14 ioctl(11</etc/login.defs>, TCGETS2, 0x7fffd551f080) = -1 ENOTTY (Inappropriate ioctl for device)
27397<sshd-session> 22:19:14 ioctl(11</etc/login.defs>, TCGETS2, 0x7fffd551f080) = -1 ENOTTY (Inappropriate ioctl for device)
27397<sshd-session> 22:19:14 ioctl(11</etc/login.defs>, TCGETS2, 0x7fffd551f080) = -1 ENOTTY (Inappropriate ioctl for device)
27397<sshd-session> 22:19:14 ioctl(11</etc/login.defs>, TCGETS2, 0x7fffd551f080) = -1 ENOTTY (Inappropriate ioctl for device)
27397<sshd-session> 22:19:14 ioctl(11</etc/login.defs>, TCGETS2, 0x7fffd551f080) = -1 ENOTTY (Inappropriate ioctl for device)
27397<sshd-session> 22:19:14 ioctl(11</etc/login.defs>, TCGETS2, 0x7fffd551f080) = -1 ENOTTY (Inappropriate ioctl for device)
27397<sshd-session> 22:19:14 ioctl(11</etc/login.defs>, TCGETS2, 0x7fffd551f080) = -1 ENOTTY (Inappropriate ioctl for device)
27397<sshd-session> 22:19:14 ioctl(11</etc/login.defs>, TCGETS2, 0x7fffd551f080) = -1 ENOTTY (Inappropriate ioctl for device)
27397<sshd-session> 22:19:14 ioctl(11</etc/login.defs>, TCGETS2, 0x7fffd551f080) = -1 ENOTTY (Inappropriate ioctl for device)
27397<sshd-session> 22:19:14 ioctl(11</etc/login.defs>, TCGETS2, 0x7fffd551f080) = -1 ENOTTY (Inappropriate ioctl for device)
27397<sshd-session> 22:19:14 ioctl(11</etc/login.defs>, TCGETS2, 0x7fffd551f080) = -1 ENOTTY (Inappropriate ioctl for device)
27397<sshd-session> 22:19:14 ioctl(11</etc/login.defs>, TCGETS2, 0x7fffd551f080) = -1 ENOTTY (Inappropriate ioctl for device)
27397<sshd-session> 22:19:14 ioctl(11</etc/login.defs>, TCGETS2, 0x7fffd551f080) = -1 ENOTTY (Inappropriate ioctl for device)
27397<sshd-session> 22:19:14 ioctl(11</etc/login.defs>, TCGETS2, 0x7fffd551f080) = -1 ENOTTY (Inappropriate ioctl for device)
27397<sshd-session> 22:19:14 ioctl(11</etc/login.defs>, TCGETS2, 0x7fffd551f080) = -1 ENOTTY (Inappropriate ioctl for device)
27397<sshd-session> 22:19:14 ioctl(11</etc/login.defs>, TCGETS2, 0x7fffd551f080) = -1 ENOTTY (Inappropriate ioctl for device)
27397<sshd-session> 22:19:14 ioctl(11</etc/login.defs>, TCGETS2, 0x7fffd551f080) = -1 ENOTTY (Inappropriate ioctl for device)
27397<sshd-session> 22:19:14 ioctl(11</etc/login.defs>, TCGETS2, 0x7fffd551f080) = -1 ENOTTY (Inappropriate ioctl for device)
27397<sshd-session> 22:19:14 ioctl(11</etc/login.defs>, TCGETS2, 0x7fffd551f080) = -1 ENOTTY (Inappropriate ioctl for device)
27397<sshd-session> 22:19:14 ioctl(11</etc/login.defs>, TCGETS2, 0x7fffd551f080) = -1 ENOTTY (Inappropriate ioctl for device)
27397<sshd-session> 22:19:14 ioctl(11</etc/login.defs>, TCGETS2, 0x7fffd551f080) = -1 ENOTTY (Inappropriate ioctl for device)
27397<sshd-session> 22:19:14 ioctl(11</etc/login.defs>, TCGETS2, 0x7fffd551f080) = -1 ENOTTY (Inappropriate ioctl for device)
27397<sshd-session> 22:19:14 ioctl(11</etc/login.defs>, TCGETS2, 0x7fffd551f080) = -1 ENOTTY (Inappropriate ioctl for device)
27397<sshd-session> 22:19:14 ioctl(11</etc/login.defs>, TCGETS2, 0x7fffd551f080) = -1 ENOTTY (Inappropriate ioctl for device)
27397<sshd-session> 22:19:14 ioctl(11</etc/login.defs>, TCGETS2, 0x7fffd551f080) = -1 ENOTTY (Inappropriate ioctl for device)
27397<sshd-session> 22:19:14 ioctl(11</etc/login.defs>, TCGETS2, 0x7fffd551f080) = -1 ENOTTY (Inappropriate ioctl for device)
27397<sshd-session> 22:19:14 ioctl(11</etc/login.defs>, TCGETS2, 0x7fffd551f080) = -1 ENOTTY (Inappropriate ioctl for device)
27397<sshd-session> 22:19:14 ioctl(11</etc/login.defs>, TCGETS2, 0x7fffd551f080) = -1 ENOTTY (Inappropriate ioctl for device)
27397<sshd-session> 22:19:14 ioctl(11</etc/login.defs>, TCGETS2, 0x7fffd551f080) = -1 ENOTTY (Inappropriate ioctl for device)
27397<sshd-session> 22:19:14 ioctl(11</etc/login.defs>, TCGETS2, 0x7fffd551f080) = -1 ENOTTY (Inappropriate ioctl for device)
27397<sshd-session> 22:19:14 ioctl(11</etc/login.defs>, TCGETS2, 0x7fffd551f080) = -1 ENOTTY (Inappropriate ioctl for device)
27397<sshd-session> 22:19:14 ioctl(11</etc/login.defs>, TCGETS2, 0x7fffd551f080) = -1 ENOTTY (Inappropriate ioctl for device)
27397<sshd-session> 22:19:14 ioctl(11</etc/login.defs>, TCGETS2, 0x7fffd551f080) = -1 ENOTTY (Inappropriate ioctl for device)
27397<sshd-session> 22:19:14 ioctl(11</etc/login.defs>, TCGETS2, 0x7fffd551f080) = -1 ENOTTY (Inappropriate ioctl for device)
27397<sshd-session> 22:19:14 ioctl(11</etc/login.defs>, TCGETS2, 0x7fffd551f080) = -1 ENOTTY (Inappropriate ioctl for device)
27397<sshd-session> 22:19:14 ioctl(11</etc/login.defs>, TCGETS2, 0x7fffd551f080) = -1 ENOTTY (Inappropriate ioctl for device)
27397<sshd-session> 22:19:14 ioctl(11</etc/login.defs>, TCGETS2, 0x7fffd551f080) = -1 ENOTTY (Inappropriate ioctl for device)
27397<sshd-session> 22:19:14 ioctl(11</etc/login.defs>, TCGETS2, 0x7fffd551f080) = -1 ENOTTY (Inappropriate ioctl for device)
27397<sshd-session> 22:19:14 ioctl(11</etc/login.defs>, TCGETS2, 0x7fffd551f080) = -1 ENOTTY (Inappropriate ioctl for device)
27397<sshd-session> 22:19:14 ioctl(11</etc/login.defs>, TCGETS2, 0x7fffd551f080) = -1 ENOTTY (Inappropriate ioctl for device)
27397<sshd-session> 22:19:14 ioctl(11</etc/login.defs>, TCGETS2, 0x7fffd551f080) = -1 ENOTTY (Inappropriate ioctl for device)
27397<sshd-session> 22:19:14 ioctl(11</etc/login.defs>, TCGETS2, 0x7fffd551f080) = -1 ENOTTY (Inappropriate ioctl for device)
27397<sshd-session> 22:19:14 ioctl(11</etc/login.defs>, TCGETS2, 0x7fffd551f080) = -1 ENOTTY (Inappropriate ioctl for device)
27397<sshd-session> 22:19:14 ioctl(11</etc/login.defs>, TCGETS2, 0x7fffd551f080) = -1 ENOTTY (Inappropriate ioctl for device)
27397<sshd-session> 22:19:14 ioctl(11</etc/login.defs>, TCGETS2, 0x7fffd551f080) = -1 ENOTTY (Inappropriate ioctl for device)
27397<sshd-session> 22:19:14 ioctl(11</etc/login.defs>, TCGETS2, 0x7fffd551f080) = -1 ENOTTY (Inappropriate ioctl for device)
27397<sshd-session> 22:19:14 ioctl(11</etc/login.defs>, TCGETS2, 0x7fffd551f080) = -1 ENOTTY (Inappropriate ioctl for device)
27397<sshd-session> 22:19:14 ioctl(11</etc/login.defs>, TCGETS2, 0x7fffd551f080) = -1 ENOTTY (Inappropriate ioctl for device)
27397<sshd-session> 22:19:14 ioctl(11</etc/login.defs>, TCGETS2, 0x7fffd551f080) = -1 ENOTTY (Inappropriate ioctl for device)
27397<sshd-session> 22:19:14 ioctl(11</etc/login.defs>, TCGETS2, 0x7fffd551f080) = -1 ENOTTY (Inappropriate ioctl for device)
27397<sshd-session> 22:19:14 ioctl(11</etc/login.defs>, TCGETS2, 0x7fffd551f080) = -1 ENOTTY (Inappropriate ioctl for device)
27397<sshd-session> 22:19:14 ioctl(11</etc/login.defs>, TCGETS2, 0x7fffd551f080) = -1 ENOTTY (Inappropriate ioctl for device)
27397<sshd-session> 22:19:14 ioctl(11</etc/login.defs>, TCGETS2, 0x7fffd551f080) = -1 ENOTTY (Inappropriate ioctl for device)
27397<sshd-session> 22:19:14 ioctl(11</etc/login.defs>, TCGETS2, 0x7fffd551f080) = -1 ENOTTY (Inappropriate ioctl for device)
27397<sshd-session> 22:19:14 ioctl(11</etc/login.defs>, TCGETS2, 0x7fffd551f080) = -1 ENOTTY (Inappropriate ioctl for device)
27397<sshd-session> 22:19:14 ioctl(11</etc/login.defs>, TCGETS2, 0x7fffd551f080) = -1 ENOTTY (Inappropriate ioctl for device)
27397<sshd-session> 22:19:14 ioctl(11</etc/login.defs>, TCGETS2, 0x7fffd551f080) = -1 ENOTTY (Inappropriate ioctl for device)
27397<sshd-session> 22:19:14 ioctl(11</etc/login.defs>, TCGETS2, 0x7fffd551f080) = -1 ENOTTY (Inappropriate ioctl for device)
27397<sshd-session> 22:19:14 ioctl(11</etc/login.defs>, TCGETS2, 0x7fffd551f080) = -1 ENOTTY (Inappropriate ioctl for device)
27397<sshd-session> 22:19:14 ioctl(11</etc/login.defs>, TCGETS2, 0x7fffd551f080) = -1 ENOTTY (Inappropriate ioctl for device)
27397<sshd-session> 22:19:14 ioctl(11</etc/login.defs>, TCGETS2, 0x7fffd551f080) = -1 ENOTTY (Inappropriate ioctl for device)
27397<sshd-session> 22:19:14 ioctl(11</etc/login.defs>, TCGETS2, 0x7fffd551f080) = -1 ENOTTY (Inappropriate ioctl for device)
27397<sshd-session> 22:19:14 ioctl(11</etc/login.defs>, TCGETS2, 0x7fffd551f080) = -1 ENOTTY (Inappropriate ioctl for device)
27397<sshd-session> 22:19:14 ioctl(11</etc/login.defs>, TCGETS2, 0x7fffd551f080) = -1 ENOTTY (Inappropriate ioctl for device)
27397<sshd-session> 22:19:14 ioctl(11</etc/login.defs>, TCGETS2, 0x7fffd551f080) = -1 ENOTTY (Inappropriate ioctl for device)
27397<sshd-session> 22:19:14 ioctl(11</etc/login.defs>, TCGETS2, 0x7fffd551f080) = -1 ENOTTY (Inappropriate ioctl for device)
27397<sshd-session> 22:19:14 ioctl(11</etc/login.defs>, TCGETS2, 0x7fffd551f080) = -1 ENOTTY (Inappropriate ioctl for device)
27397<sshd-session> 22:19:14 ioctl(11</etc/login.defs>, TCGETS2, 0x7fffd551f080) = -1 ENOTTY (Inappropriate ioctl for device)
27397<sshd-session> 22:19:14 ioctl(11</etc/login.defs>, TCGETS2, 0x7fffd551f080) = -1 ENOTTY (Inappropriate ioctl for device)
27397<sshd-session> 22:19:14 ioctl(11</etc/login.defs>, TCGETS2, 0x7fffd551f080) = -1 ENOTTY (Inappropriate ioctl for device)
27397<sshd-session> 22:19:14 ioctl(11</etc/login.defs>, TCGETS2, 0x7fffd551f080) = -1 ENOTTY (Inappropriate ioctl for device)
27397<sshd-session> 22:19:14 ioctl(11</etc/login.defs>, TCGETS2, 0x7fffd551f080) = -1 ENOTTY (Inappropriate ioctl for device)
27397<sshd-session> 22:19:14 ioctl(11</etc/login.defs>, TCGETS2, 0x7fffd551f080) = -1 ENOTTY (Inappropriate ioctl for device)
27397<sshd-session> 22:19:14 ioctl(11</etc/login.defs>, TCGETS2, 0x7fffd551f080) = -1 ENOTTY (Inappropriate ioctl for device)
27397<sshd-session> 22:19:14 ioctl(11</etc/login.defs>, TCGETS2, 0x7fffd551f080) = -1 ENOTTY (Inappropriate ioctl for device)
27397<sshd-session> 22:19:14 ioctl(11</etc/login.defs>, TCGETS2, 0x7fffd551f080) = -1 ENOTTY (Inappropriate ioctl for device)
27397<sshd-session> 22:19:14 ioctl(11</etc/login.defs>, TCGETS2, 0x7fffd551f080) = -1 ENOTTY (Inappropriate ioctl for device)
27397<sshd-session> 22:19:14 ioctl(11</etc/login.defs>, TCGETS2, 0x7fffd551f080) = -1 ENOTTY (Inappropriate ioctl for device)
27397<sshd-session> 22:19:14 ioctl(11</etc/login.defs>, TCGETS2, 0x7fffd551f080) = -1 ENOTTY (Inappropriate ioctl for device)
27397<sshd-session> 22:19:14 ioctl(11</etc/login.defs>, TCGETS2, 0x7fffd551f080) = -1 ENOTTY (Inappropriate ioctl for device)
27397<sshd-session> 22:19:14 ioctl(11</etc/login.defs>, TCGETS2, 0x7fffd551f080) = -1 ENOTTY (Inappropriate ioctl for device)
27397<sshd-session> 22:19:14 ioctl(11</etc/login.defs>, TCGETS2, 0x7fffd551f080) = -1 ENOTTY (Inappropriate ioctl for device)
27397<sshd-session> 22:19:14 ioctl(11</etc/login.defs>, TCGETS2, 0x7fffd551f080) = -1 ENOTTY (Inappropriate ioctl for device)
27397<sshd-session> 22:19:14 ioctl(11</etc/login.defs>, TCGETS2, 0x7fffd551f080) = -1 ENOTTY (Inappropriate ioctl for device)
27397<sshd-session> 22:19:14 ioctl(11</etc/login.defs>, TCGETS2, 0x7fffd551f080) = -1 ENOTTY (Inappropriate ioctl for device)
27397<sshd-session> 22:19:14 ioctl(11</etc/login.defs>, TCGETS2, 0x7fffd551f080) = -1 ENOTTY (Inappropriate ioctl for device)
27397<sshd-session> 22:19:14 ioctl(11</etc/login.defs>, TCGETS2, 0x7fffd551f080) = -1 ENOTTY (Inappropriate ioctl for device)
27397<sshd-session> 22:19:14 ioctl(11</etc/login.defs>, TCGETS2, 0x7fffd551f080) = -1 ENOTTY (Inappropriate ioctl for device)
27397<sshd-session> 22:19:14 ioctl(11</etc/login.defs>, TCGETS2, 0x7fffd551f080) = -1 ENOTTY (Inappropriate ioctl for device)
27397<sshd-session> 22:19:14 ioctl(11</etc/login.defs>, TCGETS2, 0x7fffd551f080) = -1 ENOTTY (Inappropriate ioctl for device)
27397<sshd-session> 22:19:14 ioctl(11</etc/login.defs>, TCGETS2, 0x7fffd551f080) = -1 ENOTTY (Inappropriate ioctl for device)
27397<sshd-session> 22:19:14 ioctl(11</etc/login.defs>, TCGETS2, 0x7fffd551f080) = -1 ENOTTY (Inappropriate ioctl for device)
27397<sshd-session> 22:19:14 ioctl(11</etc/login.defs>, TCGETS2, 0x7fffd551f080) = -1 ENOTTY (Inappropriate ioctl for device)
27397<sshd-session> 22:19:14 ioctl(11</etc/login.defs>, TCGETS2, 0x7fffd551f080) = -1 ENOTTY (Inappropriate ioctl for device)
27397<sshd-session> 22:19:14 ioctl(11</etc/login.defs>, TCGETS2, 0x7fffd551f080) = -1 ENOTTY (Inappropriate ioctl for device)
27397<sshd-session> 22:19:14 ioctl(11</etc/login.defs>, TCGETS2, 0x7fffd551f080) = -1 ENOTTY (Inappropriate ioctl for device)
27397<sshd-session> 22:19:14 ioctl(11</etc/login.defs>, TCGETS2, 0x7fffd551f080) = -1 ENOTTY (Inappropriate ioctl for device)
27397<sshd-session> 22:19:14 ioctl(11</etc/login.defs>, TCGETS2, 0x7fffd551f080) = -1 ENOTTY (Inappropriate ioctl for device)
27397<sshd-session> 22:19:14 ioctl(11</etc/login.defs>, TCGETS2, 0x7fffd551f080) = -1 ENOTTY (Inappropriate ioctl for device)
27397<sshd-session> 22:19:14 ioctl(11</etc/login.defs>, TCGETS2, 0x7fffd551f080) = -1 ENOTTY (Inappropriate ioctl for device)
27397<sshd-session> 22:19:14 ioctl(11</etc/login.defs>, TCGETS2, 0x7fffd551f080) = -1 ENOTTY (Inappropriate ioctl for device)
27397<sshd-session> 22:19:14 ioctl(11</etc/login.defs>, TCGETS2, 0x7fffd551f080) = -1 ENOTTY (Inappropriate ioctl for device)
27397<sshd-session> 22:19:14 ioctl(11</etc/login.defs>, TCGETS2, 0x7fffd551f080) = -1 ENOTTY (Inappropriate ioctl for device)
27397<sshd-session> 22:19:14 ioctl(11</etc/login.defs>, TCGETS2, 0x7fffd551f080) = -1 ENOTTY (Inappropriate ioctl for device)
27397<sshd-session> 22:19:14 ioctl(11</etc/login.defs>, TCGETS2, 0x7fffd551f080) = -1 ENOTTY (Inappropriate ioctl for device)
27397<sshd-session> 22:19:14 ioctl(11</etc/login.defs>, TCGETS2, 0x7fffd551f080) = -1 ENOTTY (Inappropriate ioctl for device)
27397<sshd-session> 22:19:14 ioctl(11</etc/login.defs>, TCGETS2, 0x7fffd551f080) = -1 ENOTTY (Inappropriate ioctl for device)
27397<sshd-session> 22:19:14 ioctl(11</etc/login.defs>, TCGETS2, 0x7fffd551f080) = -1 ENOTTY (Inappropriate ioctl for device)
27397<sshd-session> 22:19:14 read(11</etc/login.defs>, " line length in the\n# group file"..., 4096) = 696
27397<sshd-session> 22:19:14 ioctl(11</etc/login.defs>, TCGETS2, 0x7fffd551f080) = -1 ENOTTY (Inappropriate ioctl for device)
27397<sshd-session> 22:19:14 ioctl(11</etc/login.defs>, TCGETS2, 0x7fffd551f080) = -1 ENOTTY (Inappropriate ioctl for device)
27397<sshd-session> 22:19:14 ioctl(11</etc/login.defs>, TCGETS2, 0x7fffd551f080) = -1 ENOTTY (Inappropriate ioctl for device)
27397<sshd-session> 22:19:14 ioctl(11</etc/login.defs>, TCGETS2, 0x7fffd551f080) = -1 ENOTTY (Inappropriate ioctl for device)
27397<sshd-session> 22:19:14 ioctl(11</etc/login.defs>, TCGETS2, 0x7fffd551f080) = -1 ENOTTY (Inappropriate ioctl for device)
27397<sshd-session> 22:19:14 ioctl(11</etc/login.defs>, TCGETS2, 0x7fffd551f080) = -1 ENOTTY (Inappropriate ioctl for device)
27397<sshd-session> 22:19:14 ioctl(11</etc/login.defs>, TCGETS2, 0x7fffd551f080) = -1 ENOTTY (Inappropriate ioctl for device)
27397<sshd-session> 22:19:14 ioctl(11</etc/login.defs>, TCGETS2, 0x7fffd551f080) = -1 ENOTTY (Inappropriate ioctl for device)
27397<sshd-session> 22:19:14 ioctl(11</etc/login.defs>, TCGETS2, 0x7fffd551f080) = -1 ENOTTY (Inappropriate ioctl for device)
27397<sshd-session> 22:19:14 ioctl(11</etc/login.defs>, TCGETS2, 0x7fffd551f080) = -1 ENOTTY (Inappropriate ioctl for device)
27397<sshd-session> 22:19:14 ioctl(11</etc/login.defs>, TCGETS2, 0x7fffd551f080) = -1 ENOTTY (Inappropriate ioctl for device)
27397<sshd-session> 22:19:14 ioctl(11</etc/login.defs>, TCGETS2, 0x7fffd551f080) = -1 ENOTTY (Inappropriate ioctl for device)
27397<sshd-session> 22:19:14 ioctl(11</etc/login.defs>, TCGETS2, 0x7fffd551f080) = -1 ENOTTY (Inappropriate ioctl for device)
27397<sshd-session> 22:19:14 ioctl(11</etc/login.defs>, TCGETS2, 0x7fffd551f080) = -1 ENOTTY (Inappropriate ioctl for device)
27397<sshd-session> 22:19:14 ioctl(11</etc/login.defs>, TCGETS2, 0x7fffd551f080) = -1 ENOTTY (Inappropriate ioctl for device)
27397<sshd-session> 22:19:14 ioctl(11</etc/login.defs>, TCGETS2, 0x7fffd551f080) = -1 ENOTTY (Inappropriate ioctl for device)
27397<sshd-session> 22:19:14 ioctl(11</etc/login.defs>, TCGETS2, 0x7fffd551f080) = -1 ENOTTY (Inappropriate ioctl for device)
27397<sshd-session> 22:19:14 ioctl(11</etc/login.defs>, TCGETS2, 0x7fffd551f080) = -1 ENOTTY (Inappropriate ioctl for device)
27397<sshd-session> 22:19:14 ioctl(11</etc/login.defs>, TCGETS2, 0x7fffd551f080) = -1 ENOTTY (Inappropriate ioctl for device)
27397<sshd-session> 22:19:14 ioctl(11</etc/login.defs>, TCGETS2, 0x7fffd551f080) = -1 ENOTTY (Inappropriate ioctl for device)
27397<sshd-session> 22:19:14 ioctl(11</etc/login.defs>, TCGETS2, 0x7fffd551f080) = -1 ENOTTY (Inappropriate ioctl for device)
27397<sshd-session> 22:19:14 ioctl(11</etc/login.defs>, TCGETS2, 0x7fffd551f080) = -1 ENOTTY (Inappropriate ioctl for device)
27397<sshd-session> 22:19:14 ioctl(11</etc/login.defs>, TCGETS2, 0x7fffd551f080) = -1 ENOTTY (Inappropriate ioctl for device)
27397<sshd-session> 22:19:14 ioctl(11</etc/login.defs>, TCGETS2, 0x7fffd551f080) = -1 ENOTTY (Inappropriate ioctl for device)
27397<sshd-session> 22:19:14 ioctl(11</etc/login.defs>, TCGETS2, 0x7fffd551f080) = -1 ENOTTY (Inappropriate ioctl for device)
27397<sshd-session> 22:19:14 ioctl(11</etc/login.defs>, TCGETS2, 0x7fffd551f080) = -1 ENOTTY (Inappropriate ioctl for device)
27397<sshd-session> 22:19:14 ioctl(11</etc/login.defs>, TCGETS2, 0x7fffd551f080) = -1 ENOTTY (Inappropriate ioctl for device)
27397<sshd-session> 22:19:14 ioctl(11</etc/login.defs>, TCGETS2, 0x7fffd551f080) = -1 ENOTTY (Inappropriate ioctl for device)
27397<sshd-session> 22:19:14 ioctl(11</etc/login.defs>, TCGETS2, 0x7fffd551f080) = -1 ENOTTY (Inappropriate ioctl for device)
27397<sshd-session> 22:19:14 ioctl(11</etc/login.defs>, TCGETS2, 0x7fffd551f080) = -1 ENOTTY (Inappropriate ioctl for device)
27397<sshd-session> 22:19:14 read(11</etc/login.defs>, "", 4096) = 0
27397<sshd-session> 22:19:14 close(11</etc/login.defs>) = 0
27397<sshd-session> 22:19:14 epoll_ctl(8<anon_inode:[eventpoll]>, EPOLL_CTL_DEL, 6<UNIX-STREAM:[145814->146792]>, NULL) = 0
27397<sshd-session> 22:19:14 close(6<UNIX-STREAM:[145814->146792]>) = 0
27397<sshd-session> 22:19:14 close(8<anon_inode:[eventpoll]>) = 0
27397<sshd-session> 22:19:14 close(10<anon_inode:[timerfd]>) = 0
27397<sshd-session> 22:19:14 access("/run/systemd/seats/", F_OK) = 0
27397<sshd-session> 22:19:14 socket(AF_UNIX, SOCK_STREAM|SOCK_CLOEXEC|SOCK_NONBLOCK, 0) = 6<UNIX-STREAM:[147541]>
27397<sshd-session> 22:19:14 connect(6<UNIX-STREAM:[147541]>, {sa_family=AF_UNIX, sun_path="/run/systemd/io.systemd.Login"}, 32) = 0
27397<sshd-session> 22:19:14 pidfd_open(27397<sshd-session>, 0) = 8<pid:27397<sshd-session>>
27397<sshd-session> 22:19:14 fstatfs(8<pid:27397<sshd-session>>, {f_type=PID_FS_MAGIC, f_bsize=4096, f_blocks=0, f_bfree=0, f_bavail=0, f_files=0, f_ffree=0, f_fsid={val=[0x5, 0]}, f_namelen=255, f_frsize=4096, f_flags=ST_VALID}) = 0
27397<sshd-session> 22:19:14 name_to_handle_at(8<pid:27397<sshd-session>>, "", {handle_bytes=8, handle_type=254, f_handle="\x06\x6b\x00\x00\x00\x00\x00\x00"}, [4], AT_EMPTY_PATH) = 0
27397<sshd-session> 22:19:14 close(8<pid:27397<sshd-session>>) = 0
27397<sshd-session> 22:19:14 pidfd_open(27397<sshd-session>, 0) = 8<pid:27397<sshd-session>>
27397<sshd-session> 22:19:14 sendto(6<UNIX-STREAM:[147541->145817]>, "{\"method\":\"io.systemd.Login.Crea"..., 234, MSG_DONTWAIT|MSG_NOSIGNAL, NULL, 0) = 234
27397<sshd-session> 22:19:14 recvfrom(6<UNIX-STREAM:[147541->145817]>, 0x55e030785bc0, 131080, MSG_DONTWAIT, NULL, NULL) = -1 EAGAIN (Resource temporarily unavailable)
27397<sshd-session> 22:19:14 ppoll([{fd=6<UNIX-STREAM:[147541->145817]>, events=POLLIN}], 1, {tv_sec=119, tv_nsec=999882000}, NULL, 8) = 1 ([{fd=6, revents=POLLIN}], left {tv_sec=119, tv_nsec=976511256})
27397<sshd-session> 22:19:14 recvfrom(6<UNIX-STREAM:[147541->145817]>, "{\"parameters\":{\"Id\":\"23\",\"Runtim"..., 131080, MSG_DONTWAIT, NULL, NULL) = 97
27397<sshd-session> 22:19:14 close(8<pid:27397<sshd-session>>) = 0
27397<sshd-session> 22:19:14 newfstatat(AT_FDCWD</>, "/run/user/1000", {st_mode=S_IFDIR|0700, st_size=500, ...}, AT_SYMLINK_NOFOLLOW) = 0
27397<sshd-session> 22:19:14 close(6<UNIX-STREAM:[147541->145817]>) = 0
27397<sshd-session> 22:19:14 access("/run/user/1000/bus", F_OK) = 0
27397<sshd-session> 22:19:14 ioctl(1</dev/null<char 1:3>>, TCGETS2, 0x7fffd551f3f0) = -1 ENOTTY (Inappropriate ioctl for device)
27397<sshd-session> 22:19:14 getuid()   = 0
27397<sshd-session> 22:19:14 newfstatat(AT_FDCWD</>, "/etc/nsswitch.conf", {st_mode=S_IFREG|0644, st_size=687, ...}, 0) = 0
27397<sshd-session> 22:19:14 openat(AT_FDCWD</>, "/etc/passwd", O_RDONLY|O_CLOEXEC) = 6</etc/passwd>
27397<sshd-session> 22:19:14 fstat(6</etc/passwd>, {st_mode=S_IFREG|0644, st_size=3346, ...}) = 0
27397<sshd-session> 22:19:14 lseek(6</etc/passwd>, 0, SEEK_SET) = 0
27397<sshd-session> 22:19:14 read(6</etc/passwd>, "root:x:0:0:Super User:/root:/bin"..., 4096) = 3346
27397<sshd-session> 22:19:14 lseek(6</etc/passwd>, 38, SEEK_SET) = 38
27397<sshd-session> 22:19:14 close(6</etc/passwd>) = 0
27397<sshd-session> 22:19:14 getuid()   = 0
27397<sshd-session> 22:19:14 newfstatat(AT_FDCWD</>, "/etc/login.defs", {st_mode=S_IFREG|0644, st_size=8888, ...}, AT_SYMLINK_NOFOLLOW) = 0
27397<sshd-session> 22:19:14 openat(AT_FDCWD</>, "/etc/login.defs", O_RDONLY|O_CLOEXEC) = 6</etc/login.defs>
27397<sshd-session> 22:19:14 fstat(6</etc/login.defs>, {st_mode=S_IFREG|0644, st_size=8888, ...}) = 0
27397<sshd-session> 22:19:14 read(6</etc/login.defs>, "#\n# Please note that the paramet"..., 4096) = 4096
27397<sshd-session> 22:19:14 read(6</etc/login.defs>, "ID_MIN                  1000\nUID"..., 4096) = 4096
27397<sshd-session> 22:19:14 read(6</etc/login.defs>, " line length in the\n# group file"..., 4096) = 696
27397<sshd-session> 22:19:14 read(6</etc/login.defs>, "", 4096) = 0
27397<sshd-session> 22:19:14 close(6</etc/login.defs>) = 0
27397<sshd-session> 22:19:14 openat(AT_FDCWD</>, "(null)/login.defs.d", O_RDONLY|O_NONBLOCK|O_CLOEXEC|O_DIRECTORY) = -1 ENOENT (No such file or directory)
27397<sshd-session> 22:19:14 openat(AT_FDCWD</>, "/etc/login.defs.d", O_RDONLY|O_NONBLOCK|O_CLOEXEC|O_DIRECTORY) = -1 ENOENT (No such file or directory)
27397<sshd-session> 22:19:14 openat(AT_FDCWD</>, "/proc/self/loginuid", O_RDONLY) = 6</proc/27397/loginuid>
27397<sshd-session> 22:19:14 read(6</proc/27397/loginuid>, "1000", 12) = 4
27397<sshd-session> 22:19:14 close(6</proc/27397/loginuid>) = 0
27397<sshd-session> 22:19:14 newfstatat(AT_FDCWD</>, "/etc/nsswitch.conf", {st_mode=S_IFREG|0644, st_size=687, ...}, 0) = 0
27397<sshd-session> 22:19:14 openat(AT_FDCWD</>, "/etc/passwd", O_RDONLY|O_CLOEXEC) = 6</etc/passwd>
27397<sshd-session> 22:19:14 fstat(6</etc/passwd>, {st_mode=S_IFREG|0644, st_size=3346, ...}) = 0
27397<sshd-session> 22:19:14 lseek(6</etc/passwd>, 0, SEEK_SET) = 0
27397<sshd-session> 22:19:14 read(6</etc/passwd>, "root:x:0:0:Super User:/root:/bin"..., 4096) = 3346
27397<sshd-session> 22:19:14 close(6</etc/passwd>) = 0
27397<sshd-session> 22:19:14 newfstatat(AT_FDCWD</>, "/etc/nsswitch.conf", {st_mode=S_IFREG|0644, st_size=687, ...}, 0) = 0
27397<sshd-session> 22:19:14 openat(AT_FDCWD</>, "/etc/passwd", O_RDONLY|O_CLOEXEC) = 6</etc/passwd>
27397<sshd-session> 22:19:14 fstat(6</etc/passwd>, {st_mode=S_IFREG|0644, st_size=3346, ...}) = 0
27397<sshd-session> 22:19:14 lseek(6</etc/passwd>, 0, SEEK_SET) = 0
27397<sshd-session> 22:19:14 read(6</etc/passwd>, "root:x:0:0:Super User:/root:/bin"..., 4096) = 3346
27397<sshd-session> 22:19:14 close(6</etc/passwd>) = 0
27397<sshd-session> 22:19:14 getuid()   = 0
27397<sshd-session> 22:19:14 getpid()   = 27397<sshd-session>
27397<sshd-session> 22:19:14 socket(AF_UNIX, SOCK_DGRAM|SOCK_CLOEXEC, 0) = 6<UNIX:[147548]>
27397<sshd-session> 22:19:14 connect(6<UNIX:[147548]>, {sa_family=AF_UNIX, sun_path="/dev/log"}, 110) = 0
27397<sshd-session> 22:19:14 sendto(6<UNIX:[147548->5211]>, "<86>May  2 22:19:14 sshd-session"..., 126, MSG_NOSIGNAL, NULL, 0) = 126
27397<sshd-session> 22:19:14 newfstatat(AT_FDCWD</>, "/etc/login.defs", {st_mode=S_IFREG|0644, st_size=8888, ...}, AT_SYMLINK_NOFOLLOW) = 0
27397<sshd-session> 22:19:14 openat(AT_FDCWD</>, "/etc/login.defs", O_RDONLY|O_CLOEXEC) = 8</etc/login.defs>
27397<sshd-session> 22:19:14 fstat(8</etc/login.defs>, {st_mode=S_IFREG|0644, st_size=8888, ...}) = 0
27397<sshd-session> 22:19:14 read(8</etc/login.defs>, "#\n# Please note that the paramet"..., 4096) = 4096
27397<sshd-session> 22:19:14 read(8</etc/login.defs>, "ID_MIN                  1000\nUID"..., 4096) = 4096
27397<sshd-session> 22:19:14 read(8</etc/login.defs>, " line length in the\n# group file"..., 4096) = 696
27397<sshd-session> 22:19:14 read(8</etc/login.defs>, "", 4096) = 0
27397<sshd-session> 22:19:14 close(8</etc/login.defs>) = 0
27397<sshd-session> 22:19:14 openat(AT_FDCWD</>, "(null)/login.defs.d", O_RDONLY|O_NONBLOCK|O_CLOEXEC|O_DIRECTORY) = -1 ENOENT (No such file or directory)
27397<sshd-session> 22:19:14 openat(AT_FDCWD</>, "/etc/login.defs.d", O_RDONLY|O_NONBLOCK|O_CLOEXEC|O_DIRECTORY) = -1 ENOENT (No such file or directory)
27397<sshd-session> 22:19:14 newfstatat(AT_FDCWD</>, "/etc/nsswitch.conf", {st_mode=S_IFREG|0644, st_size=687, ...}, 0) = 0
27397<sshd-session> 22:19:14 openat(AT_FDCWD</>, "/etc/passwd", O_RDONLY|O_CLOEXEC) = 8</etc/passwd>
27397<sshd-session> 22:19:14 fstat(8</etc/passwd>, {st_mode=S_IFREG|0644, st_size=3346, ...}) = 0
27397<sshd-session> 22:19:14 lseek(8</etc/passwd>, 0, SEEK_SET) = 0
27397<sshd-session> 22:19:14 read(8</etc/passwd>, "root:x:0:0:Super User:/root:/bin"..., 4096) = 3346
27397<sshd-session> 22:19:14 close(8</etc/passwd>) = 0
27397<sshd-session> 22:19:14 umask(022) = 022
27397<sshd-session> 22:19:14 newfstatat(AT_FDCWD</>, "/etc/nsswitch.conf", {st_mode=S_IFREG|0644, st_size=687, ...}, 0) = 0
27397<sshd-session> 22:19:14 openat(AT_FDCWD</>, "/etc/passwd", O_RDONLY|O_CLOEXEC) = 8</etc/passwd>
27397<sshd-session> 22:19:14 fstat(8</etc/passwd>, {st_mode=S_IFREG|0644, st_size=3346, ...}) = 0
27397<sshd-session> 22:19:14 lseek(8</etc/passwd>, 0, SEEK_SET) = 0
27397<sshd-session> 22:19:14 read(8</etc/passwd>, "root:x:0:0:Super User:/root:/bin"..., 4096) = 3346
27397<sshd-session> 22:19:14 close(8</etc/passwd>) = 0
27397<sshd-session> 22:19:14 newfstatat(AT_FDCWD</>, "/var", {st_mode=S_IFDIR|0755, st_size=190, ...}, AT_SYMLINK_NOFOLLOW) = 0
27397<sshd-session> 22:19:14 newfstatat(AT_FDCWD</>, "/var/lib", {st_mode=S_IFDIR|0755, st_size=1032, ...}, AT_SYMLINK_NOFOLLOW) = 0
27397<sshd-session> 22:19:14 newfstatat(AT_FDCWD</>, "/var/lib/lastlog", {st_mode=S_IFDIR|0755, st_size=22, ...}, AT_SYMLINK_NOFOLLOW) = 0
27397<sshd-session> 22:19:14 newfstatat(AT_FDCWD</>, "/var/lib/lastlog/lastlog2.db", {st_mode=S_IFREG|0644, st_size=12288, ...}, AT_SYMLINK_NOFOLLOW) = 0
27397<sshd-session> 22:19:14 getpid()   = 27397<sshd-session>
27397<sshd-session> 22:19:14 getpid()   = 27397<sshd-session>
27397<sshd-session> 22:19:14 openat(AT_FDCWD</>, "/var/lib/lastlog/lastlog2.db", O_RDWR|O_CREAT|O_NOFOLLOW|O_CLOEXEC, 0644) = 8</var/lib/lastlog/lastlog2.db>
27397<sshd-session> 22:19:14 fstat(8</var/lib/lastlog/lastlog2.db>, {st_mode=S_IFREG|0644, st_size=12288, ...}) = 0
27397<sshd-session> 22:19:14 fstat(8</var/lib/lastlog/lastlog2.db>, {st_mode=S_IFREG|0644, st_size=12288, ...}) = 0
27397<sshd-session> 22:19:14 newfstatat(AT_FDCWD</>, "/var/lib/lastlog/lastlog2.db", {st_mode=S_IFREG|0644, st_size=12288, ...}, 0) = 0
27397<sshd-session> 22:19:14 pread64(8</var/lib/lastlog/lastlog2.db>, "SQLite format 3\0\20\0\1\1\0@  \0\0\0\10\0\0\0\3"..., 100, 0) = 100
27397<sshd-session> 22:19:14 getpid()   = 27397<sshd-session>
27397<sshd-session> 22:19:14 openat(AT_FDCWD</>, "/dev/urandom", O_RDONLY|O_CLOEXEC) = 10</dev/urandom<char 1:9>>
27397<sshd-session> 22:19:14 read(10</dev/urandom<char 1:9>>, "(\366\334y\232\365\20>\23S\35gRQ\363\n~\326Y2\210\343\33P\217BH]\204g\3255"..., 44) = 44
27397<sshd-session> 22:19:14 close(10</dev/urandom<char 1:9>>) = 0
27397<sshd-session> 22:19:14 brk(0x55e0307ca000) = 0x55e0307ca000
27397<sshd-session> 22:19:14 fcntl(8</var/lib/lastlog/lastlog2.db>, F_SETLK, {l_type=F_RDLCK, l_whence=SEEK_SET, l_start=1073741824, l_len=1}) = 0
27397<sshd-session> 22:19:14 fcntl(8</var/lib/lastlog/lastlog2.db>, F_SETLK, {l_type=F_RDLCK, l_whence=SEEK_SET, l_start=1073741826, l_len=510}) = 0
27397<sshd-session> 22:19:14 fcntl(8</var/lib/lastlog/lastlog2.db>, F_SETLK, {l_type=F_UNLCK, l_whence=SEEK_SET, l_start=1073741824, l_len=1}) = 0
27397<sshd-session> 22:19:14 newfstatat(AT_FDCWD</>, "/var/lib/lastlog/lastlog2.db-journal", 0x7fffd551e580, 0) = -1 ENOENT (No such file or directory)
27397<sshd-session> 22:19:14 newfstatat(AT_FDCWD</>, "/var/lib/lastlog/lastlog2.db-wal", 0x7fffd551e580, 0) = -1 ENOENT (No such file or directory)
27397<sshd-session> 22:19:14 fstat(8</var/lib/lastlog/lastlog2.db>, {st_mode=S_IFREG|0644, st_size=12288, ...}) = 0
27397<sshd-session> 22:19:14 pread64(8</var/lib/lastlog/lastlog2.db>, "SQLite format 3\0\20\0\1\1\0@  \0\0\0\10\0\0\0\3"..., 4096, 0) = 4096
27397<sshd-session> 22:19:14 fcntl(8</var/lib/lastlog/lastlog2.db>, F_SETLK, {l_type=F_UNLCK, l_whence=SEEK_SET, l_start=0, l_len=0}) = 0
27397<sshd-session> 22:19:14 fcntl(8</var/lib/lastlog/lastlog2.db>, F_SETLK, {l_type=F_RDLCK, l_whence=SEEK_SET, l_start=1073741824, l_len=1}) = 0
27397<sshd-session> 22:19:14 fcntl(8</var/lib/lastlog/lastlog2.db>, F_SETLK, {l_type=F_RDLCK, l_whence=SEEK_SET, l_start=1073741826, l_len=510}) = 0
27397<sshd-session> 22:19:14 fcntl(8</var/lib/lastlog/lastlog2.db>, F_SETLK, {l_type=F_UNLCK, l_whence=SEEK_SET, l_start=1073741824, l_len=1}) = 0
27397<sshd-session> 22:19:14 newfstatat(AT_FDCWD</>, "/var/lib/lastlog/lastlog2.db-journal", 0x7fffd551f2f0, 0) = -1 ENOENT (No such file or directory)
27397<sshd-session> 22:19:14 pread64(8</var/lib/lastlog/lastlog2.db>, "\0\0\0\10\0\0\0\3\0\0\0\0\0\0\0\0", 16, 24) = 16
27397<sshd-session> 22:19:14 newfstatat(AT_FDCWD</>, "/var/lib/lastlog/lastlog2.db-wal", 0x7fffd551f2f0, 0) = -1 ENOENT (No such file or directory)
27397<sshd-session> 22:19:14 fstat(8</var/lib/lastlog/lastlog2.db>, {st_mode=S_IFREG|0644, st_size=12288, ...}) = 0
27397<sshd-session> 22:19:14 fcntl(8</var/lib/lastlog/lastlog2.db>, F_SETLK, {l_type=F_UNLCK, l_whence=SEEK_SET, l_start=0, l_len=0}) = 0
27397<sshd-session> 22:19:14 fcntl(8</var/lib/lastlog/lastlog2.db>, F_SETLK, {l_type=F_RDLCK, l_whence=SEEK_SET, l_start=1073741824, l_len=1}) = 0
27397<sshd-session> 22:19:14 fcntl(8</var/lib/lastlog/lastlog2.db>, F_SETLK, {l_type=F_RDLCK, l_whence=SEEK_SET, l_start=1073741826, l_len=510}) = 0
27397<sshd-session> 22:19:14 fcntl(8</var/lib/lastlog/lastlog2.db>, F_SETLK, {l_type=F_UNLCK, l_whence=SEEK_SET, l_start=1073741824, l_len=1}) = 0
27397<sshd-session> 22:19:14 newfstatat(AT_FDCWD</>, "/var/lib/lastlog/lastlog2.db-journal", 0x7fffd551f380, 0) = -1 ENOENT (No such file or directory)
27397<sshd-session> 22:19:14 pread64(8</var/lib/lastlog/lastlog2.db>, "\0\0\0\10\0\0\0\3\0\0\0\0\0\0\0\0", 16, 24) = 16
27397<sshd-session> 22:19:14 newfstatat(AT_FDCWD</>, "/var/lib/lastlog/lastlog2.db-wal", 0x7fffd551f380, 0) = -1 ENOENT (No such file or directory)
27397<sshd-session> 22:19:14 fstat(8</var/lib/lastlog/lastlog2.db>, {st_mode=S_IFREG|0644, st_size=12288, ...}) = 0
27397<sshd-session> 22:19:14 fcntl(8</var/lib/lastlog/lastlog2.db>, F_SETLK, {l_type=F_WRLCK, l_whence=SEEK_SET, l_start=1073741825, l_len=1}) = 0
27397<sshd-session> 22:19:14 pread64(8</var/lib/lastlog/lastlog2.db>, "\r\0\0\0\2\17\243\0\17\307\17\243\0\0\0\0\0\0\0\0\0\0\0\0\0\0\0\0\0\0\0\0"..., 4096, 4096) = 4096
27397<sshd-session> 22:19:14 pread64(8</var/lib/lastlog/lastlog2.db>, "\n\0\0\0\2\17\334\0\17\334\17\351\0\0\0\0\0\0\0\0\0\0\0\0\0\0\0\0\0\0\0\0"..., 4096, 8192) = 4096
27397<sshd-session> 22:19:14 newfstatat(AT_FDCWD</>, "/var/lib/lastlog/lastlog2.db", {st_mode=S_IFREG|0644, st_size=12288, ...}, 0) = 0
27397<sshd-session> 22:19:14 getpid()   = 27397<sshd-session>
27397<sshd-session> 22:19:14 newfstatat(AT_FDCWD</>, "/var/lib/lastlog/lastlog2.db", {st_mode=S_IFREG|0644, st_size=12288, ...}, 0) = 0
27397<sshd-session> 22:19:14 openat(AT_FDCWD</>, "/var/lib/lastlog/lastlog2.db-journal", O_RDWR|O_CREAT|O_NOFOLLOW|O_CLOEXEC, 0644) = 10</var/lib/lastlog/lastlog2.db-journal>
27397<sshd-session> 22:19:14 fstat(10</var/lib/lastlog/lastlog2.db-journal>, {st_mode=S_IFREG|0644, st_size=0, ...}) = 0
27397<sshd-session> 22:19:14 geteuid()  = 0
27397<sshd-session> 22:19:14 fchown(10</var/lib/lastlog/lastlog2.db-journal>, 0, 972) = 0
27397<sshd-session> 22:19:14 pwrite64(10</var/lib/lastlog/lastlog2.db-journal>, "\0\0\0\0\0\0\0\0\0\0\0\0[\"\233f\0\0\0\3\0\0\2\0\0\0\20\0\0\0\0\0"..., 512, 0) = 512
27397<sshd-session> 22:19:14 pwrite64(10</var/lib/lastlog/lastlog2.db-journal>, "\0\0\0\2", 4, 512) = 4
27397<sshd-session> 22:19:14 pwrite64(10</var/lib/lastlog/lastlog2.db-journal>, "\r\0\0\0\2\17\243\0\17\307\17\243\0\0\0\0\0\0\0\0\0\0\0\0\0\0\0\0\0\0\0\0"..., 4096, 516) = 4096
27397<sshd-session> 22:19:14 pwrite64(10</var/lib/lastlog/lastlog2.db-journal>, "[\"\233f", 4, 4612) = 4
27397<sshd-session> 22:19:14 pwrite64(10</var/lib/lastlog/lastlog2.db-journal>, "\0\0\0\3", 4, 4616) = 4
27397<sshd-session> 22:19:14 pwrite64(10</var/lib/lastlog/lastlog2.db-journal>, "\n\0\0\0\2\17\334\0\17\334\17\351\0\0\0\0\0\0\0\0\0\0\0\0\0\0\0\0\0\0\0\0"..., 4096, 4620) = 4096
27397<sshd-session> 22:19:14 pwrite64(10</var/lib/lastlog/lastlog2.db-journal>, "[\"\233f", 4, 8716) = 4
27397<sshd-session> 22:19:14 fcntl(8</var/lib/lastlog/lastlog2.db>, F_SETLK, {l_type=F_WRLCK, l_whence=SEEK_SET, l_start=1073741824, l_len=1}) = 0
27397<sshd-session> 22:19:14 fcntl(8</var/lib/lastlog/lastlog2.db>, F_SETLK, {l_type=F_WRLCK, l_whence=SEEK_SET, l_start=1073741826, l_len=510}) = 0
27397<sshd-session> 22:19:14 pwrite64(10</var/lib/lastlog/lastlog2.db-journal>, "\0\0\0\1", 4, 8720) = 4
27397<sshd-session> 22:19:14 pwrite64(10</var/lib/lastlog/lastlog2.db-journal>, "SQLite format 3\0\20\0\1\1\0@  \0\0\0\10\0\0\0\3"..., 4096, 8724) = 4096
27397<sshd-session> 22:19:14 pwrite64(10</var/lib/lastlog/lastlog2.db-journal>, "[\"\233f", 4, 12820) = 4
27397<sshd-session> 22:19:14 pread64(10</var/lib/lastlog/lastlog2.db-journal>, "", 8, 13312) = 0
27397<sshd-session> 22:19:14 fdatasync(10</var/lib/lastlog/lastlog2.db-journal>) = 0
27397<sshd-session> 22:19:14 pwrite64(10</var/lib/lastlog/lastlog2.db-journal>, "\331\325\5\371 \241c\327\0\0\0\3", 12, 0) = 12
27397<sshd-session> 22:19:14 fdatasync(10</var/lib/lastlog/lastlog2.db-journal>) = 0
27397<sshd-session> 22:19:15 pwrite64(8</var/lib/lastlog/lastlog2.db>, "SQLite format 3\0\20\0\1\1\0@  \0\0\0\t\0\0\0\3"..., 4096, 0) = 4096
27397<sshd-session> 22:19:15 pwrite64(8</var/lib/lastlog/lastlog2.db>, "\r\0\0\0\2\17\243\0\17\307\17\243\0\0\0\0\0\0\0\0\0\0\0\0\0\0\0\0\0\0\0\0"..., 4096, 4096) = 4096
27397<sshd-session> 22:19:15 pwrite64(8</var/lib/lastlog/lastlog2.db>, "\n\0\0\0\2\17\334\0\17\334\17\351\0\0\0\0\0\0\0\0\0\0\0\0\0\0\0\0\0\0\0\0"..., 4096, 8192) = 4096
27397<sshd-session> 22:19:15 fdatasync(8</var/lib/lastlog/lastlog2.db>) = 0
27397<sshd-session> 22:19:15 close(10</var/lib/lastlog/lastlog2.db-journal>) = 0
27397<sshd-session> 22:19:15 unlink("/var/lib/lastlog/lastlog2.db-journal") = 0
27397<sshd-session> 22:19:15 fcntl(8</var/lib/lastlog/lastlog2.db>, F_SETLK, {l_type=F_RDLCK, l_whence=SEEK_SET, l_start=1073741826, l_len=510}) = 0
27397<sshd-session> 22:19:15 fcntl(8</var/lib/lastlog/lastlog2.db>, F_SETLK, {l_type=F_UNLCK, l_whence=SEEK_SET, l_start=1073741824, l_len=2}) = 0
27397<sshd-session> 22:19:15 fcntl(8</var/lib/lastlog/lastlog2.db>, F_SETLK, {l_type=F_UNLCK, l_whence=SEEK_SET, l_start=0, l_len=0}) = 0
27397<sshd-session> 22:19:15 newfstatat(AT_FDCWD</>, "/var/lib/lastlog/lastlog2.db", {st_mode=S_IFREG|0644, st_size=12288, ...}, 0) = 0
27397<sshd-session> 22:19:15 fstat(8</var/lib/lastlog/lastlog2.db>, {st_mode=S_IFREG|0644, st_size=12288, ...}) = 0
27397<sshd-session> 22:19:15 newfstatat(AT_FDCWD</>, "/var/lib/lastlog/lastlog2.db", {st_mode=S_IFREG|0644, st_size=12288, ...}, 0) = 0
27397<sshd-session> 22:19:15 close(8</var/lib/lastlog/lastlog2.db>) = 0
27397<sshd-session> 22:19:15 socket(AF_NETLINK, SOCK_RAW|SOCK_CLOEXEC, NETLINK_AUDIT) = 8<NETLINK:[147549]>
27397<sshd-session> 22:19:15 socket(AF_NETLINK, SOCK_RAW|SOCK_CLOEXEC, NETLINK_ROUTE) = 10<NETLINK:[147550]>
27397<sshd-session> 22:19:15 bind(10<NETLINK:[147550]>, {sa_family=AF_NETLINK, nl_pid=0, nl_groups=00000000}, 12) = 0
27397<sshd-session> 22:19:15 getsockname(10<NETLINK:[ROUTE:27397]>, {sa_family=AF_NETLINK, nl_pid=27397<sshd-session>, nl_groups=00000000}, [12]) = 0
27397<sshd-session> 22:19:15 sendto(10<NETLINK:[ROUTE:27397]>, [{nlmsg_len=20, nlmsg_type=RTM_GETADDR, nlmsg_flags=NLM_F_REQUEST|NLM_F_DUMP, nlmsg_seq=1777774755, nlmsg_pid=0}, {ifa_family=AF_UNSPEC, ...}], 20, 0, {sa_family=AF_NETLINK, nl_pid=0, nl_groups=00000000}, 12) = 20
27397<sshd-session> 22:19:15 recvmsg(10<NETLINK:[ROUTE:27397]>, {msg_name={sa_family=AF_NETLINK, nl_pid=0, nl_groups=00000000}, msg_namelen=12, msg_iov=[{iov_base=[[{nlmsg_len=76, nlmsg_type=RTM_NEWADDR, nlmsg_flags=NLM_F_MULTI, nlmsg_seq=1777774755, nlmsg_pid=27397<sshd-session>}, {ifa_family=AF_INET, ifa_prefixlen=8, ifa_flags=IFA_F_PERMANENT, ifa_scope=RT_SCOPE_HOST, ifa_index=if_nametoindex("lo")}, [[{nla_len=8, nla_type=IFA_ADDRESS}, inet_addr("127.0.0.1")], [{nla_len=8, nla_type=IFA_LOCAL}, inet_addr("127.0.0.1")], [{nla_len=7, nla_type=IFA_LABEL}, "lo"], [{nla_len=8, nla_type=IFA_FLAGS}, IFA_F_PERMANENT], [{nla_len=20, nla_type=IFA_CACHEINFO}, {ifa_prefered=4294967295, ifa_valid=4294967295, cstamp=151, tstamp=151}]]], [{nlmsg_len=88, nlmsg_type=RTM_NEWADDR, nlmsg_flags=NLM_F_MULTI, nlmsg_seq=1777774755, nlmsg_pid=27397<sshd-session>}, {ifa_family=AF_INET, ifa_prefixlen=24, ifa_flags=0, ifa_scope=RT_SCOPE_UNIVERSE, ifa_index=if_nametoindex("enp0s3")}, [[{nla_len=8, nla_type=IFA_ADDRESS}, inet_addr("10.0.2.15")], [{nla_len=8, nla_type=IFA_LOCAL}, inet_addr("10.0.2.15")], [{nla_len=8, nla_type=IFA_BROADCAST}, inet_addr("10.0.2.255")], [{nla_len=11, nla_type=IFA_LABEL}, "enp0s3"], [{nla_len=8, nla_type=IFA_FLAGS}, IFA_F_NOPREFIXROUTE], [{nla_len=20, nla_type=IFA_CACHEINFO}, {ifa_prefered=74548, ifa_valid=74548, cstamp=1267, tstamp=1267}]]], [{nlmsg_len=72, nlmsg_type=RTM_NEWADDR, nlmsg_flags=NLM_F_MULTI, nlmsg_seq=1777774755, nlmsg_pid=27397<sshd-session>}, {ifa_family=AF_INET6, ifa_prefixlen=128, ifa_flags=IFA_F_PERMANENT, ifa_scope=RT_SCOPE_HOST, ifa_index=if_nametoindex("lo")}, [[{nla_len=20, nla_type=IFA_ADDRESS}, inet_pton(AF_INET6, "::1")], [{nla_len=20, nla_type=IFA_CACHEINFO}, {ifa_prefered=4294967295, ifa_valid=4294967295, cstamp=151, tstamp=151}], [{nla_len=8, nla_type=IFA_FLAGS}, IFA_F_PERMANENT|IFA_F_NOPREFIXROUTE]]], [{nlmsg_len=72, nlmsg_type=RTM_NEWADDR, nlmsg_flags=NLM_F_MULTI, nlmsg_seq=1777774755, nlmsg_pid=27397<sshd-session>}, {ifa_family=AF_INET6, ifa_prefixlen=64, ifa_flags=0, ifa_scope=RT_SCOPE_UNIVERSE, ifa_index=if_nametoindex("enp0s3")}, [[{nla_len=20, nla_type=IFA_ADDRESS}, inet_pton(AF_INET6, "fd17:625c:f037:2:bffd:40d6:bd1a:3151")], [{nla_len=20, nla_type=IFA_CACHEINFO}, {ifa_prefered=14287, ifa_valid=86287, cstamp=1466, tstamp=1175164}], [{nla_len=8, nla_type=IFA_FLAGS}, IFA_F_NOPREFIXROUTE]]], [{nlmsg_len=72, nlmsg_type=RTM_NEWADDR, nlmsg_flags=NLM_F_MULTI, nlmsg_seq=1777774755, nlmsg_pid=27397<sshd-session>}, {ifa_family=AF_INET6, ifa_prefixlen=64, ifa_flags=IFA_F_PERMANENT, ifa_scope=RT_SCOPE_LINK, ifa_index=if_nametoindex("enp0s3")}, [[{nla_len=20, nla_type=IFA_ADDRESS}, inet_pton(AF_INET6, "fe80::1bc2:b29b:a246:770")], [{nla_len=20, nla_type=IFA_CACHEINFO}, {ifa_prefered=4294967295, ifa_valid=4294967295, cstamp=1251, tstamp=1251}], [{nla_len=8, nla_type=IFA_FLAGS}, IFA_F_PERMANENT|IFA_F_NOPREFIXROUTE]]]], iov_len=4096}], msg_iovlen=1, msg_controllen=0, msg_flags=0}, 0) = 380
27397<sshd-session> 22:19:15 recvmsg(10<NETLINK:[ROUTE:27397]>, {msg_name={sa_family=AF_NETLINK, nl_pid=0, nl_groups=00000000}, msg_namelen=12, msg_iov=[{iov_base=[{nlmsg_len=20, nlmsg_type=NLMSG_DONE, nlmsg_flags=NLM_F_MULTI, nlmsg_seq=1777774755, nlmsg_pid=27397<sshd-session>}, 0], iov_len=4096}], msg_iovlen=1, msg_controllen=0, msg_flags=0}, 0) = 20
27397<sshd-session> 22:19:15 close(10<NETLINK:[ROUTE:27397]>) = 0
27397<sshd-session> 22:19:15 sendto(8<NETLINK:[147549]>, [{nlmsg_len=292, nlmsg_type=0x451 /* NLMSG_??? */, nlmsg_flags=NLM_F_REQUEST|NLM_F_ACK, nlmsg_seq=8, nlmsg_pid=0}, "\x6f\x70\x3d\x50\x41\x4d\x3a\x73\x65\x73\x73\x69\x6f\x6e\x5f\x6f\x70\x65\x6e\x20\x67\x72\x61\x6e\x74\x6f\x72\x73\x3d\x70\x61\x6d"...], 292, 0, {sa_family=AF_NETLINK, nl_pid=0, nl_groups=00000000}, 12) = 292
27397<sshd-session> 22:19:15 poll([{fd=8<NETLINK:[AUDIT:27397]>, events=POLLIN}], 1, 500) = 1 ([{fd=8, revents=POLLIN}])
27397<sshd-session> 22:19:15 recvfrom(8<NETLINK:[AUDIT:27397]>, [{nlmsg_len=36, nlmsg_type=NLMSG_ERROR, nlmsg_flags=NLM_F_CAPPED, nlmsg_seq=8, nlmsg_pid=27397<sshd-session>}, {error=0, msg={nlmsg_len=292, nlmsg_type=0x451 /* AUDIT_??? */, nlmsg_flags=NLM_F_REQUEST|NLM_F_ACK, nlmsg_seq=8, nlmsg_pid=0}}], 8988, MSG_PEEK|MSG_DONTWAIT, {sa_family=AF_NETLINK, nl_pid=0, nl_groups=00000000}, [12]) = 36
27397<sshd-session> 22:19:15 recvfrom(8<NETLINK:[AUDIT:27397]>, [{nlmsg_len=36, nlmsg_type=NLMSG_ERROR, nlmsg_flags=NLM_F_CAPPED, nlmsg_seq=8, nlmsg_pid=27397<sshd-session>}, {error=0, msg={nlmsg_len=292, nlmsg_type=0x451 /* AUDIT_??? */, nlmsg_flags=NLM_F_REQUEST|NLM_F_ACK, nlmsg_seq=8, nlmsg_pid=0}}], 8988, MSG_DONTWAIT, {sa_family=AF_NETLINK, nl_pid=0, nl_groups=00000000}, [12]) = 36
27397<sshd-session> 22:19:15 close(8<NETLINK:[AUDIT:27397]>) = 0
27397<sshd-session> 22:19:15 socketpair(AF_UNIX, SOCK_STREAM, 0, [8<UNIX-STREAM:[145329->145330]>, 10<UNIX-STREAM:[145330->145329]>]) = 0
27397<sshd-session> 22:19:15 fcntl(8<UNIX-STREAM:[145329->145330]>, F_SETFD, FD_CLOEXEC) = 0
27397<sshd-session> 22:19:15 fcntl(10<UNIX-STREAM:[145330->145329]>, F_SETFD, FD_CLOEXEC) = 0
27397<sshd-session> 22:19:15 rt_sigprocmask(SIG_BLOCK, ~[], [], 8) = 0
27397<sshd-session> 22:19:15 clone(child_stack=NULL, flags=CLONE_CHILD_CLEARTID|CLONE_CHILD_SETTID|SIGCHLD <unfinished ...>
27407<sshd-session> 22:19:15 set_robust_list(0x7f26d5fb1620, 24 <unfinished ...>
27397<sshd-session> 22:19:15 <... clone resumed>, child_tidptr=0x7f26d5fb1610) = 27407<sshd-session>
27407<sshd-session> 22:19:15 <... set_robust_list resumed>) = 0
27397<sshd-session> 22:19:15 rt_sigprocmask(SIG_SETMASK, [] <unfinished ...>
27407<sshd-session> 22:19:15 rt_sigprocmask(SIG_SETMASK, [] <unfinished ...>
27397<sshd-session> 22:19:15 <... rt_sigprocmask resumed>, NULL, 8) = 0
27407<sshd-session> 22:19:15 <... rt_sigprocmask resumed>, NULL, 8) = 0
27397<sshd-session> 22:19:15 close(8<UNIX-STREAM:[145329->145330]> <unfinished ...>
27407<sshd-session> 22:19:15 close(10<UNIX-STREAM:[145330->145329]> <unfinished ...>
27397<sshd-session> 22:19:15 <... close resumed>) = 0
27407<sshd-session> 22:19:15 <... close resumed>) = 0
27397<sshd-session> 22:19:15 rt_sigaction(SIGHUP, {sa_handler=0x55dff718baa0, sa_mask=~[RTMIN RT_1], sa_flags=SA_RESTORER|SA_RESTART, sa_restorer=0x7f26d581f5b0} <unfinished ...>
27407<sshd-session> 22:19:15 close(-1 <unfinished ...>
27397<sshd-session> 22:19:15 <... rt_sigaction resumed>, {sa_handler=SIG_DFL, sa_mask=~[KILL STOP RTMIN RT_1], sa_flags=SA_RESTORER|SA_RESTART, sa_restorer=0x7f26d581f5b0}, 8) = 0
27407<sshd-session> 22:19:15 <... close resumed>) = -1 EBADF (Bad file descriptor)
27397<sshd-session> 22:19:15 rt_sigaction(SIGTERM, {sa_handler=0x55dff718baa0, sa_mask=~[RTMIN RT_1], sa_flags=SA_RESTORER|SA_RESTART, sa_restorer=0x7f26d581f5b0} <unfinished ...>
27407<sshd-session> 22:19:15 getpid( <unfinished ...>
27397<sshd-session> 22:19:15 <... rt_sigaction resumed>, {sa_handler=SIG_DFL, sa_mask=~[KILL STOP RTMIN RT_1], sa_flags=SA_RESTORER|SA_RESTART, sa_restorer=0x7f26d581f5b0}, 8) = 0
27407<sshd-session> 22:19:15 <... getpid resumed>) = 27407<sshd-session>
27397<sshd-session> 22:19:15 rt_sigaction(SIGINT, {sa_handler=0x55dff718baa0, sa_mask=~[RTMIN RT_1], sa_flags=SA_RESTORER|SA_RESTART, sa_restorer=0x7f26d581f5b0} <unfinished ...>
27407<sshd-session> 22:19:15 getuid( <unfinished ...>
27397<sshd-session> 22:19:15 <... rt_sigaction resumed>, {sa_handler=SIG_DFL, sa_mask=~[KILL STOP RTMIN RT_1], sa_flags=SA_RESTORER|SA_RESTART, sa_restorer=0x7f26d581f5b0}, 8) = 0
27407<sshd-session> 22:19:15 <... getuid resumed>) = 0
27397<sshd-session> 22:19:15 rt_sigaction(SIGXFSZ, {sa_handler=SIG_IGN, sa_mask=~[RTMIN RT_1], sa_flags=SA_RESTORER|SA_RESTART, sa_restorer=0x7f26d581f5b0}, {sa_handler=SIG_DFL, sa_mask=[], sa_flags=0}, 8) = 0
27397<sshd-session> 22:19:15 poll([{fd=10<UNIX-STREAM:[145330->145329]>, events=POLLIN}], 1, -1 <unfinished ...>
27407<sshd-session> 22:19:15 socket(AF_NETLINK, SOCK_RAW|SOCK_CLOEXEC, NETLINK_AUDIT) = 10<NETLINK:[147551]>
27407<sshd-session> 22:19:15 ioctl(0</dev/null<char 1:3>>, TCGETS2, 0x7fffd551d050) = -1 ENOTTY (Inappropriate ioctl for device)
27407<sshd-session> 22:19:15 ioctl(1</dev/null<char 1:3>>, TCGETS2, 0x7fffd551d050) = -1 ENOTTY (Inappropriate ioctl for device)
27407<sshd-session> 22:19:15 ioctl(2</dev/null<char 1:3>>, TCGETS2, 0x7fffd551d050) = -1 ENOTTY (Inappropriate ioctl for device)
27407<sshd-session> 22:19:15 sendto(10<NETLINK:[147551]>, [{nlmsg_len=268, nlmsg_type=0x964 /* NLMSG_??? */, nlmsg_flags=NLM_F_REQUEST|NLM_F_ACK, nlmsg_seq=9, nlmsg_pid=0}, "\x6f\x70\x3d\x64\x65\x73\x74\x72\x6f\x79\x20\x6b\x69\x6e\x64\x3d\x73\x65\x72\x76\x65\x72\x20\x66\x70\x3d\x53\x48\x41\x32\x35\x36"...], 268, 0, {sa_family=AF_NETLINK, nl_pid=0, nl_groups=00000000}, 12) = 268
27407<sshd-session> 22:19:15 poll([{fd=10<NETLINK:[AUDIT:27407]>, events=POLLIN}], 1, 500) = 1 ([{fd=10, revents=POLLIN}])
27407<sshd-session> 22:19:15 recvfrom(10<NETLINK:[AUDIT:27407]>, [{nlmsg_len=36, nlmsg_type=NLMSG_ERROR, nlmsg_flags=NLM_F_CAPPED, nlmsg_seq=9, nlmsg_pid=27407<sshd-session>}, {error=0, msg={nlmsg_len=268, nlmsg_type=0x964 /* AUDIT_??? */, nlmsg_flags=NLM_F_REQUEST|NLM_F_ACK, nlmsg_seq=9, nlmsg_pid=0}}], 8988, MSG_PEEK|MSG_DONTWAIT, {sa_family=AF_NETLINK, nl_pid=0, nl_groups=00000000}, [12]) = 36
27407<sshd-session> 22:19:15 recvfrom(10<NETLINK:[AUDIT:27407]>, [{nlmsg_len=36, nlmsg_type=NLMSG_ERROR, nlmsg_flags=NLM_F_CAPPED, nlmsg_seq=9, nlmsg_pid=27407<sshd-session>}, {error=0, msg={nlmsg_len=268, nlmsg_type=0x964 /* AUDIT_??? */, nlmsg_flags=NLM_F_REQUEST|NLM_F_ACK, nlmsg_seq=9, nlmsg_pid=0}}], 8988, MSG_DONTWAIT, {sa_family=AF_NETLINK, nl_pid=0, nl_groups=00000000}, [12]) = 36
27407<sshd-session> 22:19:15 close(10<NETLINK:[AUDIT:27407]>) = 0
27407<sshd-session> 22:19:15 socket(AF_NETLINK, SOCK_RAW|SOCK_CLOEXEC, NETLINK_AUDIT) = 10<NETLINK:[147552]>
27407<sshd-session> 22:19:15 ioctl(0</dev/null<char 1:3>>, TCGETS2, 0x7fffd551d050) = -1 ENOTTY (Inappropriate ioctl for device)
27407<sshd-session> 22:19:15 ioctl(1</dev/null<char 1:3>>, TCGETS2, 0x7fffd551d050) = -1 ENOTTY (Inappropriate ioctl for device)
27407<sshd-session> 22:19:15 ioctl(2</dev/null<char 1:3>>, TCGETS2, 0x7fffd551d050) = -1 ENOTTY (Inappropriate ioctl for device)
27407<sshd-session> 22:19:15 sendto(10<NETLINK:[147552]>, [{nlmsg_len=268, nlmsg_type=0x964 /* NLMSG_??? */, nlmsg_flags=NLM_F_REQUEST|NLM_F_ACK, nlmsg_seq=10, nlmsg_pid=0}, "\x6f\x70\x3d\x64\x65\x73\x74\x72\x6f\x79\x20\x6b\x69\x6e\x64\x3d\x73\x65\x72\x76\x65\x72\x20\x66\x70\x3d\x53\x48\x41\x32\x35\x36"...], 268, 0, {sa_family=AF_NETLINK, nl_pid=0, nl_groups=00000000}, 12) = 268
27407<sshd-session> 22:19:15 poll([{fd=10<NETLINK:[AUDIT:27407]>, events=POLLIN}], 1, 500) = 1 ([{fd=10, revents=POLLIN}])
27407<sshd-session> 22:19:15 recvfrom(10<NETLINK:[AUDIT:27407]>, [{nlmsg_len=36, nlmsg_type=NLMSG_ERROR, nlmsg_flags=NLM_F_CAPPED, nlmsg_seq=10, nlmsg_pid=27407<sshd-session>}, {error=0, msg={nlmsg_len=268, nlmsg_type=0x964 /* AUDIT_??? */, nlmsg_flags=NLM_F_REQUEST|NLM_F_ACK, nlmsg_seq=10, nlmsg_pid=0}}], 8988, MSG_PEEK|MSG_DONTWAIT, {sa_family=AF_NETLINK, nl_pid=0, nl_groups=00000000}, [12]) = 36
27407<sshd-session> 22:19:15 recvfrom(10<NETLINK:[AUDIT:27407]>, [{nlmsg_len=36, nlmsg_type=NLMSG_ERROR, nlmsg_flags=NLM_F_CAPPED, nlmsg_seq=10, nlmsg_pid=27407<sshd-session>}, {error=0, msg={nlmsg_len=268, nlmsg_type=0x964 /* AUDIT_??? */, nlmsg_flags=NLM_F_REQUEST|NLM_F_ACK, nlmsg_seq=10, nlmsg_pid=0}}], 8988, MSG_DONTWAIT, {sa_family=AF_NETLINK, nl_pid=0, nl_groups=00000000}, [12]) = 36
27407<sshd-session> 22:19:15 close(10<NETLINK:[AUDIT:27407]>) = 0
27407<sshd-session> 22:19:15 socket(AF_NETLINK, SOCK_RAW|SOCK_CLOEXEC, NETLINK_AUDIT) = 10<NETLINK:[146839]>
27407<sshd-session> 22:19:15 ioctl(0</dev/null<char 1:3>>, TCGETS2, 0x7fffd551d050) = -1 ENOTTY (Inappropriate ioctl for device)
27407<sshd-session> 22:19:15 ioctl(1</dev/null<char 1:3>>, TCGETS2, 0x7fffd551d050) = -1 ENOTTY (Inappropriate ioctl for device)
27407<sshd-session> 22:19:15 ioctl(2</dev/null<char 1:3>>, TCGETS2, 0x7fffd551d050) = -1 ENOTTY (Inappropriate ioctl for device)
27407<sshd-session> 22:19:15 sendto(10<NETLINK:[146839]>, [{nlmsg_len=268, nlmsg_type=0x964 /* NLMSG_??? */, nlmsg_flags=NLM_F_REQUEST|NLM_F_ACK, nlmsg_seq=11, nlmsg_pid=0}, "\x6f\x70\x3d\x64\x65\x73\x74\x72\x6f\x79\x20\x6b\x69\x6e\x64\x3d\x73\x65\x72\x76\x65\x72\x20\x66\x70\x3d\x53\x48\x41\x32\x35\x36"...], 268, 0, {sa_family=AF_NETLINK, nl_pid=0, nl_groups=00000000}, 12) = 268
27407<sshd-session> 22:19:15 poll([{fd=10<NETLINK:[AUDIT:27407]>, events=POLLIN}], 1, 500) = 1 ([{fd=10, revents=POLLIN}])
27407<sshd-session> 22:19:15 recvfrom(10<NETLINK:[AUDIT:27407]>, [{nlmsg_len=36, nlmsg_type=NLMSG_ERROR, nlmsg_flags=NLM_F_CAPPED, nlmsg_seq=11, nlmsg_pid=27407<sshd-session>}, {error=0, msg={nlmsg_len=268, nlmsg_type=0x964 /* AUDIT_??? */, nlmsg_flags=NLM_F_REQUEST|NLM_F_ACK, nlmsg_seq=11, nlmsg_pid=0}}], 8988, MSG_PEEK|MSG_DONTWAIT, {sa_family=AF_NETLINK, nl_pid=0, nl_groups=00000000}, [12]) = 36
27407<sshd-session> 22:19:15 recvfrom(10<NETLINK:[AUDIT:27407]>, [{nlmsg_len=36, nlmsg_type=NLMSG_ERROR, nlmsg_flags=NLM_F_CAPPED, nlmsg_seq=11, nlmsg_pid=27407<sshd-session>}, {error=0, msg={nlmsg_len=268, nlmsg_type=0x964 /* AUDIT_??? */, nlmsg_flags=NLM_F_REQUEST|NLM_F_ACK, nlmsg_seq=11, nlmsg_pid=0}}], 8988, MSG_DONTWAIT, {sa_family=AF_NETLINK, nl_pid=0, nl_groups=00000000}, [12]) = 36
27407<sshd-session> 22:19:15 close(10<NETLINK:[AUDIT:27407]>) = 0
27407<sshd-session> 22:19:15 getrandom("\xb8\xde\xea\x05\x38\xc3\x0a\x1f\x23\x43\x36\x8b\x31\xf3\x39\xb7\xb7\x59\x9b\xec\xa7\xc7\x23\x40\x1e\xc1\x0c\x38\xb4\x8c\x47\x72", 32, 0) = 32
27407<sshd-session> 22:19:15 getpid()   = 27407<sshd-session>
27407<sshd-session> 22:19:15 getpid()   = 27407<sshd-session>
27407<sshd-session> 22:19:15 getpid()   = 27407<sshd-session>
27407<sshd-session> 22:19:15 getpid()   = 27407<sshd-session>
27407<sshd-session> 22:19:15 getuid()   = 0
27407<sshd-session> 22:19:15 setgid(1000) = 0
27407<sshd-session> 22:19:15 openat(AT_FDCWD</>, "/proc/sys/kernel/ngroups_max", O_RDONLY|O_CLOEXEC) = 10</proc/sys/kernel/ngroups_max>
27407<sshd-session> 22:19:15 read(10</proc/sys/kernel/ngroups_max>, "65536\n", 31) = 6
27407<sshd-session> 22:19:15 close(10</proc/sys/kernel/ngroups_max>) = 0
27407<sshd-session> 22:19:15 newfstatat(AT_FDCWD</>, "/etc/nsswitch.conf", {st_mode=S_IFREG|0644, st_size=687, ...}, 0) = 0
27407<sshd-session> 22:19:15 newfstatat(AT_FDCWD</>, "/etc/nsswitch.conf", {st_mode=S_IFREG|0644, st_size=687, ...}, 0) = 0
27407<sshd-session> 22:19:15 openat(AT_FDCWD</>, "/etc/group", O_RDONLY|O_CLOEXEC) = 10</etc/group>
27407<sshd-session> 22:19:15 fstat(10</etc/group>, {st_mode=S_IFREG|0644, st_size=1211, ...}) = 0
27407<sshd-session> 22:19:15 lseek(10</etc/group>, 0, SEEK_SET) = 0
27407<sshd-session> 22:19:15 read(10</etc/group>, "root:x:0:\nsys:x:3:\nadm:x:4:\ntty:"..., 4096) = 1211
27407<sshd-session> 22:19:15 read(10</etc/group>, "", 4096) = 0
27407<sshd-session> 22:19:15 close(10</etc/group>) = 0
27407<sshd-session> 22:19:15 rt_sigprocmask(SIG_BLOCK, [HUP USR1 USR2 PIPE ALRM CHLD TSTP URG VTALRM PROF WINCH IO], [], 8) = 0
27407<sshd-session> 22:19:15 openat(AT_FDCWD</>, "/run/systemd/userdb/", O_RDONLY|O_NONBLOCK|O_CLOEXEC|O_DIRECTORY) = 10</run/systemd/userdb>
27407<sshd-session> 22:19:15 fstat(10</run/systemd/userdb>, {st_mode=S_IFDIR|0755, st_size=180, ...}) = 0
27407<sshd-session> 22:19:15 getdents64(10</run/systemd/userdb>, 0x55e03079e490 /* 9 entries */, 32768) = 360
27407<sshd-session> 22:19:15 socket(AF_UNIX, SOCK_STREAM|SOCK_CLOEXEC|SOCK_NONBLOCK, 0) = 11<UNIX-STREAM:[145331]>
27407<sshd-session> 22:19:15 connect(11<UNIX-STREAM:[145331]>, {sa_family=AF_UNIX, sun_path="/run/systemd/userdb/io.systemd.DynamicUser"}, 45) = 0
27407<sshd-session> 22:19:15 getpid()   = 27407<sshd-session>
27407<sshd-session> 22:19:15 epoll_create1(EPOLL_CLOEXEC) = 12<anon_inode:[eventpoll]>
27407<sshd-session> 22:19:15 timerfd_create(CLOCK_MONOTONIC, TFD_CLOEXEC|TFD_NONBLOCK) = 13<anon_inode:[timerfd]>
27407<sshd-session> 22:19:15 epoll_ctl(12<anon_inode:[eventpoll]>, EPOLL_CTL_ADD, 13<anon_inode:[timerfd]>, {events=EPOLLIN, data=0x55e03079b110}) = 0
27407<sshd-session> 22:19:15 epoll_ctl(12<anon_inode:[eventpoll]>, EPOLL_CTL_ADD, 11<UNIX-STREAM:[145331->146840]>, {events=0, data=0x55e030762ef0}) = 0
27407<sshd-session> 22:19:15 socket(AF_UNIX, SOCK_STREAM|SOCK_CLOEXEC|SOCK_NONBLOCK, 0) = 14<UNIX-STREAM:[145332]>
27407<sshd-session> 22:19:15 connect(14<UNIX-STREAM:[145332]>, {sa_family=AF_UNIX, sun_path="/run/systemd/userdb/org.gnome.DisplayManager"}, 47) = 0
27407<sshd-session> 22:19:15 epoll_ctl(12<anon_inode:[eventpoll]>, EPOLL_CTL_ADD, 14<UNIX-STREAM:[145332->145855]>, {events=0, data=0x55e0306f40a0}) = 0
27407<sshd-session> 22:19:15 socket(AF_UNIX, SOCK_STREAM|SOCK_CLOEXEC|SOCK_NONBLOCK, 0) = 15<UNIX-STREAM:[145333]>
27407<sshd-session> 22:19:15 connect(15<UNIX-STREAM:[145333]>, {sa_family=AF_UNIX, sun_path="/run/systemd/userdb/io.systemd.Machine"}, 41) = 0
27407<sshd-session> 22:19:15 epoll_ctl(12<anon_inode:[eventpoll]>, EPOLL_CTL_ADD, 15<UNIX-STREAM:[145333->146845]>, {events=0, data=0x55e0307859f0}) = 0
27407<sshd-session> 22:19:15 socket(AF_UNIX, SOCK_STREAM|SOCK_CLOEXEC|SOCK_NONBLOCK, 0) = 16<UNIX-STREAM:[145334]>
27407<sshd-session> 22:19:15 connect(16<UNIX-STREAM:[145334]>, {sa_family=AF_UNIX, sun_path="/run/systemd/userdb/io.systemd.Home"}, 38) = 0
27407<sshd-session> 22:19:15 epoll_ctl(12<anon_inode:[eventpoll]>, EPOLL_CTL_ADD, 16<UNIX-STREAM:[145334->146846]>, {events=0, data=0x55e03075dd80}) = 0
27407<sshd-session> 22:19:15 socket(AF_UNIX, SOCK_STREAM|SOCK_CLOEXEC|SOCK_NONBLOCK, 0) = 17<UNIX-STREAM:[145335]>
27407<sshd-session> 22:19:15 connect(17<UNIX-STREAM:[145335]>, {sa_family=AF_UNIX, sun_path="/run/systemd/userdb/io.systemd.DropIn"}, 40) = 0
27407<sshd-session> 22:19:15 epoll_ctl(12<anon_inode:[eventpoll]>, EPOLL_CTL_ADD, 17<UNIX-STREAM:[145335->145306]>, {events=0, data=0x55e0307499a0}) = 0
27407<sshd-session> 22:19:15 getdents64(10</run/systemd/userdb>, 0x55e03079e490 /* 0 entries */, 32768) = 0
27407<sshd-session> 22:19:15 close(10</run/systemd/userdb>) = 0
27407<sshd-session> 22:19:15 epoll_ctl(12<anon_inode:[eventpoll]>, EPOLL_CTL_MOD, 11<UNIX-STREAM:[145331->146840]>, {events=EPOLLIN|EPOLLOUT, data=0x55e030762ef0}) = 0
27407<sshd-session> 22:19:15 epoll_ctl(12<anon_inode:[eventpoll]>, EPOLL_CTL_MOD, 14<UNIX-STREAM:[145332->145855]>, {events=EPOLLIN|EPOLLOUT, data=0x55e0306f40a0}) = 0
27407<sshd-session> 22:19:15 epoll_ctl(12<anon_inode:[eventpoll]>, EPOLL_CTL_MOD, 16<UNIX-STREAM:[145334->146846]>, {events=EPOLLIN|EPOLLOUT, data=0x55e03075dd80}) = 0
27407<sshd-session> 22:19:15 epoll_ctl(12<anon_inode:[eventpoll]>, EPOLL_CTL_MOD, 17<UNIX-STREAM:[145335->145306]>, {events=EPOLLIN|EPOLLOUT, data=0x55e0307499a0}) = 0
27407<sshd-session> 22:19:15 epoll_ctl(12<anon_inode:[eventpoll]>, EPOLL_CTL_MOD, 15<UNIX-STREAM:[145333->146845]>, {events=EPOLLIN|EPOLLOUT, data=0x55e0307859f0}) = 0
27407<sshd-session> 22:19:15 timerfd_settime(13<anon_inode:[timerfd]>, TFD_TIMER_ABSTIME, {it_interval={tv_sec=0, tv_nsec=0}, it_value={tv_sec=11910, tv_nsec=537318000}}, NULL) = 0
27407<sshd-session> 22:19:15 epoll_pwait2(12<anon_inode:[eventpoll]>, [{events=EPOLLOUT, data=0x55e030762ef0}, {events=EPOLLOUT, data=0x55e0306f40a0}, {events=EPOLLOUT, data=0x55e03075dd80}, {events=EPOLLOUT, data=0x55e0307499a0}, {events=EPOLLOUT, data=0x55e0307859f0}], 40, {tv_sec=0, tv_nsec=0}, NULL, 8) = 5
27407<sshd-session> 22:19:15 sendto(11<UNIX-STREAM:[145331->146840]>, "{\"method\":\"io.systemd.UserDataba"..., 136, MSG_DONTWAIT|MSG_NOSIGNAL, NULL, 0) = 136
27407<sshd-session> 22:19:15 epoll_ctl(12<anon_inode:[eventpoll]>, EPOLL_CTL_MOD, 11<UNIX-STREAM:[145331->146840]>, {events=EPOLLIN, data=0x55e030762ef0}) = 0
27407<sshd-session> 22:19:15 epoll_pwait2(12<anon_inode:[eventpoll]>, [{events=EPOLLIN, data=0x55e030762ef0}, {events=EPOLLOUT, data=0x55e0306f40a0}, {events=EPOLLOUT, data=0x55e03075dd80}, {events=EPOLLOUT, data=0x55e0307499a0}, {events=EPOLLOUT, data=0x55e0307859f0}], 40, {tv_sec=0, tv_nsec=0}, NULL, 8) = 5
27407<sshd-session> 22:19:15 sendto(14<UNIX-STREAM:[145332->145855]>, "{\"method\":\"io.systemd.UserDataba"..., 138, MSG_DONTWAIT|MSG_NOSIGNAL, NULL, 0) = 138
27407<sshd-session> 22:19:15 epoll_ctl(12<anon_inode:[eventpoll]>, EPOLL_CTL_MOD, 14<UNIX-STREAM:[145332->145855]>, {events=EPOLLIN, data=0x55e0306f40a0}) = 0
27407<sshd-session> 22:19:15 epoll_pwait2(12<anon_inode:[eventpoll]>, [{events=EPOLLIN, data=0x55e030762ef0}, {events=EPOLLIN, data=0x55e0306f40a0}, {events=EPOLLOUT, data=0x55e03075dd80}, {events=EPOLLOUT, data=0x55e0307499a0}, {events=EPOLLOUT, data=0x55e0307859f0}], 40, {tv_sec=0, tv_nsec=0}, NULL, 8) = 5
27407<sshd-session> 22:19:15 sendto(16<UNIX-STREAM:[145334->146846]>, "{\"method\":\"io.systemd.UserDataba"..., 129, MSG_DONTWAIT|MSG_NOSIGNAL, NULL, 0) = 129
27407<sshd-session> 22:19:15 epoll_ctl(12<anon_inode:[eventpoll]>, EPOLL_CTL_MOD, 16<UNIX-STREAM:[145334->146846]>, {events=EPOLLIN, data=0x55e03075dd80}) = 0
27407<sshd-session> 22:19:15 epoll_pwait2(12<anon_inode:[eventpoll]>, [{events=EPOLLIN, data=0x55e030762ef0}, {events=EPOLLIN, data=0x55e0306f40a0}, {events=EPOLLIN, data=0x55e03075dd80}, {events=EPOLLOUT, data=0x55e0307499a0}, {events=EPOLLOUT, data=0x55e0307859f0}], 40, {tv_sec=0, tv_nsec=0}, NULL, 8) = 5
27407<sshd-session> 22:19:15 sendto(17<UNIX-STREAM:[145335->145306]>, "{\"method\":\"io.systemd.UserDataba"..., 131, MSG_DONTWAIT|MSG_NOSIGNAL, NULL, 0) = 131
27407<sshd-session> 22:19:15 epoll_ctl(12<anon_inode:[eventpoll]>, EPOLL_CTL_MOD, 17<UNIX-STREAM:[145335->145306]>, {events=EPOLLIN, data=0x55e0307499a0}) = 0
27407<sshd-session> 22:19:15 epoll_pwait2(12<anon_inode:[eventpoll]>, [{events=EPOLLIN, data=0x55e030762ef0}, {events=EPOLLIN, data=0x55e0306f40a0}, {events=EPOLLIN, data=0x55e03075dd80}, {events=EPOLLIN, data=0x55e0307499a0}, {events=EPOLLOUT, data=0x55e0307859f0}], 40, {tv_sec=0, tv_nsec=0}, NULL, 8) = 5
27407<sshd-session> 22:19:15 sendto(15<UNIX-STREAM:[145333->146845]>, "{\"method\":\"io.systemd.UserDataba"..., 132, MSG_DONTWAIT|MSG_NOSIGNAL, NULL, 0) = 132
27407<sshd-session> 22:19:15 epoll_ctl(12<anon_inode:[eventpoll]>, EPOLL_CTL_MOD, 15<UNIX-STREAM:[145333->146845]>, {events=EPOLLIN, data=0x55e0307859f0}) = 0
27407<sshd-session> 22:19:15 epoll_pwait2(12<anon_inode:[eventpoll]>, [{events=EPOLLIN, data=0x55e030762ef0}, {events=EPOLLIN, data=0x55e0306f40a0}, {events=EPOLLIN, data=0x55e03075dd80}, {events=EPOLLIN, data=0x55e0307499a0}, {events=EPOLLIN, data=0x55e0307859f0}], 40, {tv_sec=0, tv_nsec=0}, NULL, 8) = 5
27407<sshd-session> 22:19:15 recvfrom(11<UNIX-STREAM:[145331->146840]>, "{\"error\":\"io.systemd.UserDatabas"..., 131080, MSG_DONTWAIT, NULL, NULL) = 50
27407<sshd-session> 22:19:15 epoll_ctl(12<anon_inode:[eventpoll]>, EPOLL_CTL_MOD, 11<UNIX-STREAM:[145331->146840]>, {events=0, data=0x55e030762ef0}) = 0
27407<sshd-session> 22:19:15 epoll_pwait2(12<anon_inode:[eventpoll]>, [{events=EPOLLIN, data=0x55e0306f40a0}, {events=EPOLLIN, data=0x55e03075dd80}, {events=EPOLLIN, data=0x55e0307499a0}, {events=EPOLLIN, data=0x55e0307859f0}], 40, {tv_sec=0, tv_nsec=0}, NULL, 8) = 4
27407<sshd-session> 22:19:15 brk(0x55e030807000) = 0x55e030807000
27407<sshd-session> 22:19:15 recvfrom(14<UNIX-STREAM:[145332->145855]>, "{\"error\":\"io.systemd.UserDatabas"..., 131080, MSG_DONTWAIT, NULL, NULL) = 50
27407<sshd-session> 22:19:15 epoll_ctl(12<anon_inode:[eventpoll]>, EPOLL_CTL_MOD, 14<UNIX-STREAM:[145332->145855]>, {events=0, data=0x55e0306f40a0}) = 0
27407<sshd-session> 22:19:15 epoll_pwait2(12<anon_inode:[eventpoll]>, [{events=EPOLLIN, data=0x55e03075dd80}, {events=EPOLLIN, data=0x55e0307499a0}, {events=EPOLLIN, data=0x55e0307859f0}], 40, {tv_sec=0, tv_nsec=0}, NULL, 8) = 3
27407<sshd-session> 22:19:15 recvfrom(16<UNIX-STREAM:[145334->146846]>, "{\"error\":\"io.systemd.UserDatabas"..., 131080, MSG_DONTWAIT, NULL, NULL) = 50
27407<sshd-session> 22:19:15 epoll_ctl(12<anon_inode:[eventpoll]>, EPOLL_CTL_MOD, 16<UNIX-STREAM:[145334->146846]>, {events=0, data=0x55e03075dd80}) = 0
27407<sshd-session> 22:19:15 epoll_pwait2(12<anon_inode:[eventpoll]>, [{events=EPOLLIN, data=0x55e0307499a0}, {events=EPOLLIN, data=0x55e0307859f0}], 40, {tv_sec=0, tv_nsec=0}, NULL, 8) = 2
27407<sshd-session> 22:19:15 brk(0x55e030847000) = 0x55e030847000
27407<sshd-session> 22:19:15 recvfrom(17<UNIX-STREAM:[145335->145306]>, "{\"error\":\"io.systemd.UserDatabas"..., 131080, MSG_DONTWAIT, NULL, NULL) = 50
27407<sshd-session> 22:19:15 epoll_ctl(12<anon_inode:[eventpoll]>, EPOLL_CTL_MOD, 17<UNIX-STREAM:[145335->145306]>, {events=0, data=0x55e0307499a0}) = 0
27407<sshd-session> 22:19:15 epoll_pwait2(12<anon_inode:[eventpoll]>, [{events=EPOLLIN, data=0x55e0307859f0}], 40, {tv_sec=0, tv_nsec=0}, NULL, 8) = 1
27407<sshd-session> 22:19:15 recvfrom(15<UNIX-STREAM:[145333->146845]>, "{\"error\":\"io.systemd.UserDatabas"..., 131080, MSG_DONTWAIT, NULL, NULL) = 50
27407<sshd-session> 22:19:15 epoll_ctl(12<anon_inode:[eventpoll]>, EPOLL_CTL_MOD, 15<UNIX-STREAM:[145333->146845]>, {events=0, data=0x55e0307859f0}) = 0
27407<sshd-session> 22:19:15 epoll_pwait2(12<anon_inode:[eventpoll]>, [], 40, {tv_sec=0, tv_nsec=0}, NULL, 8) = 0
27407<sshd-session> 22:19:15 epoll_pwait2(12<anon_inode:[eventpoll]>, [], 40, {tv_sec=0, tv_nsec=0}, NULL, 8) = 0
27407<sshd-session> 22:19:15 epoll_pwait2(12<anon_inode:[eventpoll]>, [], 40, {tv_sec=0, tv_nsec=0}, NULL, 8) = 0
27407<sshd-session> 22:19:15 epoll_pwait2(12<anon_inode:[eventpoll]>, [], 40, {tv_sec=0, tv_nsec=0}, NULL, 8) = 0
27407<sshd-session> 22:19:15 epoll_pwait2(12<anon_inode:[eventpoll]>, [], 40, {tv_sec=0, tv_nsec=0}, NULL, 8) = 0
27407<sshd-session> 22:19:15 epoll_pwait2(12<anon_inode:[eventpoll]>, [], 40, {tv_sec=0, tv_nsec=0}, NULL, 8) = 0
27407<sshd-session> 22:19:15 epoll_ctl(12<anon_inode:[eventpoll]>, EPOLL_CTL_DEL, 11<UNIX-STREAM:[145331->146840]>, NULL) = 0
27407<sshd-session> 22:19:15 close(11<UNIX-STREAM:[145331->146840]>) = 0
27407<sshd-session> 22:19:15 epoll_pwait2(12<anon_inode:[eventpoll]>, [], 40, {tv_sec=0, tv_nsec=0}, NULL, 8) = 0
27407<sshd-session> 22:19:15 epoll_ctl(12<anon_inode:[eventpoll]>, EPOLL_CTL_DEL, 14<UNIX-STREAM:[145332->145855]>, NULL) = 0
27407<sshd-session> 22:19:15 close(14<UNIX-STREAM:[145332->145855]>) = 0
27407<sshd-session> 22:19:15 epoll_pwait2(12<anon_inode:[eventpoll]>, [], 40, {tv_sec=0, tv_nsec=0}, NULL, 8) = 0
27407<sshd-session> 22:19:15 epoll_ctl(12<anon_inode:[eventpoll]>, EPOLL_CTL_DEL, 16<UNIX-STREAM:[145334->146846]>, NULL) = 0
27407<sshd-session> 22:19:15 close(16<UNIX-STREAM:[145334->146846]>) = 0
27407<sshd-session> 22:19:15 epoll_pwait2(12<anon_inode:[eventpoll]>, [], 40, {tv_sec=0, tv_nsec=0}, NULL, 8) = 0
27407<sshd-session> 22:19:15 epoll_ctl(12<anon_inode:[eventpoll]>, EPOLL_CTL_DEL, 17<UNIX-STREAM:[145335->145306]>, NULL) = 0
27407<sshd-session> 22:19:15 close(17<UNIX-STREAM:[145335->145306]>) = 0
27407<sshd-session> 22:19:15 epoll_pwait2(12<anon_inode:[eventpoll]>, [], 40, {tv_sec=0, tv_nsec=0}, NULL, 8) = 0
27407<sshd-session> 22:19:15 epoll_ctl(12<anon_inode:[eventpoll]>, EPOLL_CTL_DEL, 15<UNIX-STREAM:[145333->146845]>, NULL) = 0
27407<sshd-session> 22:19:15 close(15<UNIX-STREAM:[145333->146845]>) = 0
27407<sshd-session> 22:19:15 brk(0x55e0307c7000) = 0x55e0307c7000
27407<sshd-session> 22:19:15 rt_sigprocmask(SIG_SETMASK, [], NULL, 8) = 0
27407<sshd-session> 22:19:15 close(12<anon_inode:[eventpoll]>) = 0
27407<sshd-session> 22:19:15 close(13<anon_inode:[timerfd]>) = 0
27407<sshd-session> 22:19:15 setgroups(2, [1000, 10]) = 0
27407<sshd-session> 22:19:15 newfstatat(AT_FDCWD</>, "/etc/security//pam_env.conf", {st_mode=S_IFREG|0644, st_size=2971, ...}, AT_SYMLINK_NOFOLLOW) = 0
27407<sshd-session> 22:19:15 openat(AT_FDCWD</>, "/etc/security//pam_env.conf", O_RDONLY|O_CLOEXEC) = 10</etc/security/pam_env.conf>
27407<sshd-session> 22:19:15 fstat(10</etc/security/pam_env.conf>, {st_mode=S_IFREG|0644, st_size=2971, ...}) = 0
27407<sshd-session> 22:19:15 read(10</etc/security/pam_env.conf>, "#\n# This is the configuration fi"..., 4096) = 2971
27407<sshd-session> 22:19:15 read(10</etc/security/pam_env.conf>, "", 4096) = 0
27407<sshd-session> 22:19:15 close(10</etc/security/pam_env.conf>) = 0
27407<sshd-session> 22:19:15 openat(AT_FDCWD</>, "(null)/pam_env.conf.d", O_RDONLY|O_NONBLOCK|O_CLOEXEC|O_DIRECTORY) = -1 ENOENT (No such file or directory)
27407<sshd-session> 22:19:15 openat(AT_FDCWD</>, "/etc/security//pam_env.conf.d", O_RDONLY|O_NONBLOCK|O_CLOEXEC|O_DIRECTORY) = -1 ENOENT (No such file or directory)
27407<sshd-session> 22:19:15 newfstatat(AT_FDCWD</>, "/etc//environment", {st_mode=S_IFREG|0644, st_size=0, ...}, AT_SYMLINK_NOFOLLOW) = 0
27407<sshd-session> 22:19:15 openat(AT_FDCWD</>, "/etc//environment", O_RDONLY|O_CLOEXEC) = 10</etc/environment>
27407<sshd-session> 22:19:15 fstat(10</etc/environment>, {st_mode=S_IFREG|0644, st_size=0, ...}) = 0
27407<sshd-session> 22:19:15 read(10</etc/environment>, "", 4096) = 0
27407<sshd-session> 22:19:15 close(10</etc/environment>) = 0
27407<sshd-session> 22:19:15 openat(AT_FDCWD</>, "(null)/environment.d", O_RDONLY|O_NONBLOCK|O_CLOEXEC|O_DIRECTORY) = -1 ENOENT (No such file or directory)
27407<sshd-session> 22:19:15 openat(AT_FDCWD</>, "/etc//environment.d", O_RDONLY|O_NONBLOCK|O_CLOEXEC|O_DIRECTORY) = -1 ENOENT (No such file or directory)
27407<sshd-session> 22:19:15 getuid()   = 0
27407<sshd-session> 22:19:15 newfstatat(AT_FDCWD</>, "/etc/login.defs", {st_mode=S_IFREG|0644, st_size=8888, ...}, AT_SYMLINK_NOFOLLOW) = 0
27407<sshd-session> 22:19:15 openat(AT_FDCWD</>, "/etc/login.defs", O_RDONLY|O_CLOEXEC) = 10</etc/login.defs>
27407<sshd-session> 22:19:15 fstat(10</etc/login.defs>, {st_mode=S_IFREG|0644, st_size=8888, ...}) = 0
27407<sshd-session> 22:19:15 read(10</etc/login.defs>, "#\n# Please note that the paramet"..., 4096) = 4096
27407<sshd-session> 22:19:15 read(10</etc/login.defs>, "ID_MIN                  1000\nUID"..., 4096) = 4096
27407<sshd-session> 22:19:15 read(10</etc/login.defs>, " line length in the\n# group file"..., 4096) = 696
27407<sshd-session> 22:19:15 read(10</etc/login.defs>, "", 4096) = 0
27407<sshd-session> 22:19:15 close(10</etc/login.defs>) = 0
27407<sshd-session> 22:19:15 openat(AT_FDCWD</>, "(null)/login.defs.d", O_RDONLY|O_NONBLOCK|O_CLOEXEC|O_DIRECTORY) = -1 ENOENT (No such file or directory)
27407<sshd-session> 22:19:15 openat(AT_FDCWD</>, "/etc/login.defs.d", O_RDONLY|O_NONBLOCK|O_CLOEXEC|O_DIRECTORY) = -1 ENOENT (No such file or directory)
27407<sshd-session> 22:19:15 socket(AF_NETLINK, SOCK_RAW|SOCK_CLOEXEC, NETLINK_AUDIT) = 10<NETLINK:[145336]>
27407<sshd-session> 22:19:15 socket(AF_NETLINK, SOCK_RAW|SOCK_CLOEXEC, NETLINK_ROUTE) = 11<NETLINK:[145337]>
27407<sshd-session> 22:19:15 bind(11<NETLINK:[145337]>, {sa_family=AF_NETLINK, nl_pid=0, nl_groups=00000000}, 12) = 0
27407<sshd-session> 22:19:15 getsockname(11<NETLINK:[ROUTE:27407]>, {sa_family=AF_NETLINK, nl_pid=27407<sshd-session>, nl_groups=00000000}, [12]) = 0
27407<sshd-session> 22:19:15 sendto(11<NETLINK:[ROUTE:27407]>, [{nlmsg_len=20, nlmsg_type=RTM_GETADDR, nlmsg_flags=NLM_F_REQUEST|NLM_F_DUMP, nlmsg_seq=1777774755, nlmsg_pid=0}, {ifa_family=AF_UNSPEC, ...}], 20, 0, {sa_family=AF_NETLINK, nl_pid=0, nl_groups=00000000}, 12) = 20
27407<sshd-session> 22:19:15 recvmsg(11<NETLINK:[ROUTE:27407]>, {msg_name={sa_family=AF_NETLINK, nl_pid=0, nl_groups=00000000}, msg_namelen=12, msg_iov=[{iov_base=[[{nlmsg_len=76, nlmsg_type=RTM_NEWADDR, nlmsg_flags=NLM_F_MULTI, nlmsg_seq=1777774755, nlmsg_pid=27407<sshd-session>}, {ifa_family=AF_INET, ifa_prefixlen=8, ifa_flags=IFA_F_PERMANENT, ifa_scope=RT_SCOPE_HOST, ifa_index=if_nametoindex("lo")}, [[{nla_len=8, nla_type=IFA_ADDRESS}, inet_addr("127.0.0.1")], [{nla_len=8, nla_type=IFA_LOCAL}, inet_addr("127.0.0.1")], [{nla_len=7, nla_type=IFA_LABEL}, "lo"], [{nla_len=8, nla_type=IFA_FLAGS}, IFA_F_PERMANENT], [{nla_len=20, nla_type=IFA_CACHEINFO}, {ifa_prefered=4294967295, ifa_valid=4294967295, cstamp=151, tstamp=151}]]], [{nlmsg_len=88, nlmsg_type=RTM_NEWADDR, nlmsg_flags=NLM_F_MULTI, nlmsg_seq=1777774755, nlmsg_pid=27407<sshd-session>}, {ifa_family=AF_INET, ifa_prefixlen=24, ifa_flags=0, ifa_scope=RT_SCOPE_UNIVERSE, ifa_index=if_nametoindex("enp0s3")}, [[{nla_len=8, nla_type=IFA_ADDRESS}, inet_addr("10.0.2.15")], [{nla_len=8, nla_type=IFA_LOCAL}, inet_addr("10.0.2.15")], [{nla_len=8, nla_type=IFA_BROADCAST}, inet_addr("10.0.2.255")], [{nla_len=11, nla_type=IFA_LABEL}, "enp0s3"], [{nla_len=8, nla_type=IFA_FLAGS}, IFA_F_NOPREFIXROUTE], [{nla_len=20, nla_type=IFA_CACHEINFO}, {ifa_prefered=74548, ifa_valid=74548, cstamp=1267, tstamp=1267}]]], [{nlmsg_len=72, nlmsg_type=RTM_NEWADDR, nlmsg_flags=NLM_F_MULTI, nlmsg_seq=1777774755, nlmsg_pid=27407<sshd-session>}, {ifa_family=AF_INET6, ifa_prefixlen=128, ifa_flags=IFA_F_PERMANENT, ifa_scope=RT_SCOPE_HOST, ifa_index=if_nametoindex("lo")}, [[{nla_len=20, nla_type=IFA_ADDRESS}, inet_pton(AF_INET6, "::1")], [{nla_len=20, nla_type=IFA_CACHEINFO}, {ifa_prefered=4294967295, ifa_valid=4294967295, cstamp=151, tstamp=151}], [{nla_len=8, nla_type=IFA_FLAGS}, IFA_F_PERMANENT|IFA_F_NOPREFIXROUTE]]], [{nlmsg_len=72, nlmsg_type=RTM_NEWADDR, nlmsg_flags=NLM_F_MULTI, nlmsg_seq=1777774755, nlmsg_pid=27407<sshd-session>}, {ifa_family=AF_INET6, ifa_prefixlen=64, ifa_flags=0, ifa_scope=RT_SCOPE_UNIVERSE, ifa_index=if_nametoindex("enp0s3")}, [[{nla_len=20, nla_type=IFA_ADDRESS}, inet_pton(AF_INET6, "fd17:625c:f037:2:bffd:40d6:bd1a:3151")], [{nla_len=20, nla_type=IFA_CACHEINFO}, {ifa_prefered=14287, ifa_valid=86287, cstamp=1466, tstamp=1175164}], [{nla_len=8, nla_type=IFA_FLAGS}, IFA_F_NOPREFIXROUTE]]], [{nlmsg_len=72, nlmsg_type=RTM_NEWADDR, nlmsg_flags=NLM_F_MULTI, nlmsg_seq=1777774755, nlmsg_pid=27407<sshd-session>}, {ifa_family=AF_INET6, ifa_prefixlen=64, ifa_flags=IFA_F_PERMANENT, ifa_scope=RT_SCOPE_LINK, ifa_index=if_nametoindex("enp0s3")}, [[{nla_len=20, nla_type=IFA_ADDRESS}, inet_pton(AF_INET6, "fe80::1bc2:b29b:a246:770")], [{nla_len=20, nla_type=IFA_CACHEINFO}, {ifa_prefered=4294967295, ifa_valid=4294967295, cstamp=1251, tstamp=1251}], [{nla_len=8, nla_type=IFA_FLAGS}, IFA_F_PERMANENT|IFA_F_NOPREFIXROUTE]]]], iov_len=4096}], msg_iovlen=1, msg_controllen=0, msg_flags=0}, 0) = 380
27407<sshd-session> 22:19:15 recvmsg(11<NETLINK:[ROUTE:27407]>, {msg_name={sa_family=AF_NETLINK, nl_pid=0, nl_groups=00000000}, msg_namelen=12, msg_iov=[{iov_base=[{nlmsg_len=20, nlmsg_type=NLMSG_DONE, nlmsg_flags=NLM_F_MULTI, nlmsg_seq=1777774755, nlmsg_pid=27407<sshd-session>}, 0], iov_len=4096}], msg_iovlen=1, msg_controllen=0, msg_flags=0}, 0) = 20
27407<sshd-session> 22:19:15 close(11<NETLINK:[ROUTE:27407]>) = 0
27407<sshd-session> 22:19:15 sendto(10<NETLINK:[145336]>, [{nlmsg_len=164, nlmsg_type=0x44f /* NLMSG_??? */, nlmsg_flags=NLM_F_REQUEST|NLM_F_ACK, nlmsg_seq=12, nlmsg_pid=0}, "\x6f\x70\x3d\x50\x41\x4d\x3a\x73\x65\x74\x63\x72\x65\x64\x20\x67\x72\x61\x6e\x74\x6f\x72\x73\x3d\x70\x61\x6d\x5f\x75\x6e\x69\x78"...], 164, 0, {sa_family=AF_NETLINK, nl_pid=0, nl_groups=00000000}, 12) = 164
27407<sshd-session> 22:19:15 poll([{fd=10<NETLINK:[AUDIT:27407]>, events=POLLIN}], 1, 500) = 1 ([{fd=10, revents=POLLIN}])
27407<sshd-session> 22:19:15 recvfrom(10<NETLINK:[AUDIT:27407]>, [{nlmsg_len=36, nlmsg_type=NLMSG_ERROR, nlmsg_flags=NLM_F_CAPPED, nlmsg_seq=12, nlmsg_pid=27407<sshd-session>}, {error=0, msg={nlmsg_len=164, nlmsg_type=0x44f /* AUDIT_??? */, nlmsg_flags=NLM_F_REQUEST|NLM_F_ACK, nlmsg_seq=12, nlmsg_pid=0}}], 8988, MSG_PEEK|MSG_DONTWAIT, {sa_family=AF_NETLINK, nl_pid=0, nl_groups=00000000}, [12]) = 36
27407<sshd-session> 22:19:15 recvfrom(10<NETLINK:[AUDIT:27407]>, [{nlmsg_len=36, nlmsg_type=NLMSG_ERROR, nlmsg_flags=NLM_F_CAPPED, nlmsg_seq=12, nlmsg_pid=27407<sshd-session>}, {error=0, msg={nlmsg_len=164, nlmsg_type=0x44f /* AUDIT_??? */, nlmsg_flags=NLM_F_REQUEST|NLM_F_ACK, nlmsg_seq=12, nlmsg_pid=0}}], 8988, MSG_DONTWAIT, {sa_family=AF_NETLINK, nl_pid=0, nl_groups=00000000}, [12]) = 36
27407<sshd-session> 22:19:15 close(10<NETLINK:[AUDIT:27407]>) = 0
27407<sshd-session> 22:19:15 getuid()   = 0
27407<sshd-session> 22:19:15 getgid()   = 1000
27407<sshd-session> 22:19:15 setresgid(1000, 1000, 1000) = 0
27407<sshd-session> 22:19:15 setresuid(1000, 1000, 1000) = 0
27407<sshd-session> 22:19:15 getgid()   = 1000
27407<sshd-session> 22:19:15 getegid()  = 1000
27407<sshd-session> 22:19:15 setuid(0)  = -1 EPERM (Operation not permitted)
27407<sshd-session> 22:19:15 setresuid(-1, 0, -1) = -1 EPERM (Operation not permitted)
27407<sshd-session> 22:19:15 getuid()   = 1000
27407<sshd-session> 22:19:15 geteuid()  = 1000
27407<sshd-session> 22:19:15 getuid()   = 1000
27407<sshd-session> 22:19:15 geteuid()  = 1000
27407<sshd-session> 22:19:15 rt_sigaction(SIGCHLD, {sa_handler=0x55dff7173a00, sa_mask=~[RTMIN RT_1], sa_flags=SA_RESTORER|SA_RESTART, sa_restorer=0x7f26d581f5b0}, {sa_handler=SIG_DFL, sa_mask=~[KILL STOP RTMIN RT_1], sa_flags=SA_RESTORER|SA_RESTART, sa_restorer=0x7f26d581f5b0}, 8) = 0
27407<sshd-session> 22:19:15 rt_sigprocmask(SIG_BLOCK, [CHLD], [], 8) = 0
27407<sshd-session> 22:19:15 ppoll([{fd=7<TCP:[127.0.0.1:22->127.0.0.1:60704]>, events=POLLIN}, {fd=7<TCP:[127.0.0.1:22->127.0.0.1:60704]>, events=POLLOUT}], 2, NULL, [], 8) = 2 ([{fd=7, revents=POLLIN}, {fd=7, revents=POLLOUT}])
27407<sshd-session> 22:19:15 rt_sigprocmask(SIG_SETMASK, [], NULL, 8) = 0
27407<sshd-session> 22:19:15 mmap(NULL, 266240, PROT_READ|PROT_WRITE, MAP_PRIVATE|MAP_ANONYMOUS, -1, 0) = 0x7f26d5359000
27407<sshd-session> 22:19:15 read(7<TCP:[127.0.0.1:22->127.0.0.1:60704]>, "\0\0\0 2\224)C\3567\311q\342\216\243yx\257(b,\3403\361uSz\247UY\351m"..., 262144) = 120
27407<sshd-session> 22:19:15 getsockname(7<TCP:[127.0.0.1:22->127.0.0.1:60704]>, {sa_family=AF_INET, sin_port=htons(22), sin_addr=inet_addr("127.0.0.1")}, [128 => 16]) = 0
27407<sshd-session> 22:19:15 setsockopt(7<TCP:[127.0.0.1:22->127.0.0.1:60704]>, SOL_IP, IP_TOS, [184], 4) = 0
27407<sshd-session> 22:19:15 write(7<TCP:[127.0.0.1:22->127.0.0.1:60704]>, "\0\0\2`\"\344\244n\223:\32\253\"2H0\232\312\271 *\200\22s\327\312MJO\10\311T"..., 628) = 628
27407<sshd-session> 22:19:15 rt_sigprocmask(SIG_BLOCK, [CHLD], [], 8) = 0
27407<sshd-session> 22:19:15 ppoll([{fd=7<TCP:[127.0.0.1:22->127.0.0.1:60704]>, events=POLLIN}, {fd=7<TCP:[127.0.0.1:22->127.0.0.1:60704]>, events=POLLOUT}], 2, NULL, [], 8) = 1 ([{fd=7, revents=POLLOUT}])
27407<sshd-session> 22:19:15 rt_sigprocmask(SIG_SETMASK, [], NULL, 8) = 0
27407<sshd-session> 22:19:15 write(7<TCP:[127.0.0.1:22->127.0.0.1:60704]>, "\0\0\0 \34&\256T=\16>\356\320\f\203V\23\365\241\340\300\355\377#\204\312\206\257wZ\223\27"..., 52) = 52
27407<sshd-session> 22:19:15 rt_sigprocmask(SIG_BLOCK, [CHLD], [], 8) = 0
27407<sshd-session> 22:19:15 ppoll([{fd=7<TCP:[127.0.0.1:22->127.0.0.1:60704]>, events=POLLIN}, {fd=7<TCP:[127.0.0.1:22->127.0.0.1:60704]>, events=0}], 2, NULL, [], 8) = 1 ([{fd=7, revents=POLLIN}])
27407<sshd-session> 22:19:15 rt_sigprocmask(SIG_SETMASK, [], NULL, 8) = 0
27407<sshd-session> 22:19:15 read(7<TCP:[127.0.0.1:22->127.0.0.1:60704]>, "\0\0\1P\35^\217q\345\211\344\202\376\2x\1\206\365\270\351D\275\362l\0071 \246 \300\220?"..., 262144) = 476
27407<sshd-session> 22:19:15 dup(8<UNIX-STREAM:[145329->145330]>) = 10<UNIX-STREAM:[145329->145330]>
27407<sshd-session> 22:19:15 dup(8<UNIX-STREAM:[145329->145330]>) = 11<UNIX-STREAM:[145329->145330]>
27407<sshd-session> 22:19:15 close(10<UNIX-STREAM:[145329->145330]>) = 0
27407<sshd-session> 22:19:15 close(11<UNIX-STREAM:[145329->145330]>) = 0
27407<sshd-session> 22:19:15 write(8<UNIX-STREAM:[145329->145330]>, "\0\0\0\1\34", 5) = 5
27397<sshd-session> 22:19:15 <... poll resumed>) = 1 ([{fd=10, revents=POLLIN}])
27407<sshd-session> 22:19:15 read(8<UNIX-STREAM:[145329->145330]> <unfinished ...>
27397<sshd-session> 22:19:15 read(10<UNIX-STREAM:[145330->145329]>, "\0\0\0\1", 4) = 4
27397<sshd-session> 22:19:15 read(10<UNIX-STREAM:[145330->145329]>, "\34", 1) = 1
27397<sshd-session> 22:19:15 openat(AT_FDCWD</>, "/dev/ptmx", O_RDWR) = 8</dev/ptmx<char 5:2 @/dev/pts/6>>
27397<sshd-session> 22:19:15 ioctl(8</dev/ptmx<char 5:2 @/dev/pts/6>>, TIOCGPTN, [6]) = 0
27397<sshd-session> 22:19:15 ioctl(8</dev/ptmx<char 5:2 @/dev/pts/6>>, TIOCSPTLCK, [0]) = 0
27397<sshd-session> 22:19:15 ioctl(8</dev/ptmx<char 5:2 @/dev/pts/6>>, TIOCGPTPEER, 0x102) = 11
27397<sshd-session> 22:19:15 ioctl(11</dev/pts/6<char 136:6>>, TCGETS2, {c_iflag=ICRNL|IXON, c_oflag=NL0|CR0|TAB0|BS0|VT0|FF0|OPOST|ONLCR, c_cflag=B38400|CS8|CREAD, c_lflag=ISIG|ICANON|ECHO|ECHOE|ECHOK|IEXTEN|ECHOCTL|ECHOKE, ...}) = 0
27397<sshd-session> 22:19:15 ioctl(11</dev/pts/6<char 136:6>>, TCGETS2, {c_iflag=ICRNL|IXON, c_oflag=NL0|CR0|TAB0|BS0|VT0|FF0|OPOST|ONLCR, c_cflag=B38400|CS8|CREAD, c_lflag=ISIG|ICANON|ECHO|ECHOE|ECHOK|IEXTEN|ECHOCTL|ECHOKE, ...}) = 0
27397<sshd-session> 22:19:15 fstat(11</dev/pts/6<char 136:6>>, {st_mode=S_IFCHR|0600, st_rdev=makedev(0x88, 0x6), ...}) = 0
27397<sshd-session> 22:19:15 readlink("/proc/self/fd/11", "/dev/pts/6", 4095) = 10
27397<sshd-session> 22:19:15 newfstatat(AT_FDCWD</>, "/dev/pts/6", {st_mode=S_IFCHR|0600, st_rdev=makedev(0x88, 0x6), ...}, 0) = 0
27397<sshd-session> 22:19:15 newfstatat(AT_FDCWD</>, "/etc/nsswitch.conf", {st_mode=S_IFREG|0644, st_size=687, ...}, 0) = 0
27397<sshd-session> 22:19:15 openat(AT_FDCWD</>, "/etc/group", O_RDONLY|O_CLOEXEC) = 12</etc/group>
27397<sshd-session> 22:19:15 fstat(12</etc/group>, {st_mode=S_IFREG|0644, st_size=1211, ...}) = 0
27397<sshd-session> 22:19:15 lseek(12</etc/group>, 0, SEEK_SET) = 0
27397<sshd-session> 22:19:15 read(12</etc/group>, "root:x:0:\nsys:x:3:\nadm:x:4:\ntty:"..., 4096) = 1211
27397<sshd-session> 22:19:15 lseek(12</etc/group>, 37, SEEK_SET) = 37
27397<sshd-session> 22:19:15 close(12</etc/group>) = 0
27397<sshd-session> 22:19:15 rt_sigprocmask(SIG_BLOCK, [HUP USR1 USR2 PIPE ALRM CHLD TSTP URG VTALRM PROF WINCH IO], [], 8) = 0
27397<sshd-session> 22:19:15 openat(AT_FDCWD</>, "/run/systemd/userdb/", O_RDONLY|O_NONBLOCK|O_CLOEXEC|O_DIRECTORY) = 12</run/systemd/userdb>
27397<sshd-session> 22:19:15 fstat(12</run/systemd/userdb>, {st_mode=S_IFDIR|0755, st_size=180, ...}) = 0
27397<sshd-session> 22:19:15 getdents64(12</run/systemd/userdb>, 0x55e03079e490 /* 9 entries */, 32768) = 360
27397<sshd-session> 22:19:15 socket(AF_UNIX, SOCK_STREAM|SOCK_CLOEXEC|SOCK_NONBLOCK, 0) = 13<UNIX-STREAM:[145879]>
27397<sshd-session> 22:19:15 connect(13<UNIX-STREAM:[145879]>, {sa_family=AF_UNIX, sun_path="/run/systemd/userdb/io.systemd.DynamicUser"}, 45) = 0
27397<sshd-session> 22:19:15 epoll_create1(EPOLL_CLOEXEC) = 14<anon_inode:[eventpoll]>
27397<sshd-session> 22:19:15 timerfd_create(CLOCK_MONOTONIC, TFD_CLOEXEC|TFD_NONBLOCK) = 15<anon_inode:[timerfd]>
27397<sshd-session> 22:19:15 epoll_ctl(14<anon_inode:[eventpoll]>, EPOLL_CTL_ADD, 15<anon_inode:[timerfd]>, {events=EPOLLIN, data=0x55e03079b110}) = 0
27397<sshd-session> 22:19:15 epoll_ctl(14<anon_inode:[eventpoll]>, EPOLL_CTL_ADD, 13<UNIX-STREAM:[145879->146850]>, {events=0, data=0x55e030762ef0}) = 0
27397<sshd-session> 22:19:15 socket(AF_UNIX, SOCK_STREAM|SOCK_CLOEXEC|SOCK_NONBLOCK, 0) = 16<UNIX-STREAM:[145880]>
27397<sshd-session> 22:19:15 connect(16<UNIX-STREAM:[145880]>, {sa_family=AF_UNIX, sun_path="/run/systemd/userdb/org.gnome.DisplayManager"}, 47) = 0
27397<sshd-session> 22:19:15 epoll_ctl(14<anon_inode:[eventpoll]>, EPOLL_CTL_ADD, 16<UNIX-STREAM:[145880->145338]>, {events=0, data=0x55e0306f40a0}) = 0
27397<sshd-session> 22:19:15 socket(AF_UNIX, SOCK_STREAM|SOCK_CLOEXEC|SOCK_NONBLOCK, 0) = 17<UNIX-STREAM:[145881]>
27397<sshd-session> 22:19:15 connect(17<UNIX-STREAM:[145881]>, {sa_family=AF_UNIX, sun_path="/run/systemd/userdb/io.systemd.Machine"}, 41) = 0
27397<sshd-session> 22:19:15 epoll_ctl(14<anon_inode:[eventpoll]>, EPOLL_CTL_ADD, 17<UNIX-STREAM:[145881->146851]>, {events=0, data=0x55e0307859f0}) = 0
27397<sshd-session> 22:19:15 socket(AF_UNIX, SOCK_STREAM|SOCK_CLOEXEC|SOCK_NONBLOCK, 0) = 18<UNIX-STREAM:[145882]>
27397<sshd-session> 22:19:15 connect(18<UNIX-STREAM:[145882]>, {sa_family=AF_UNIX, sun_path="/run/systemd/userdb/io.systemd.Home"}, 38) = 0
27397<sshd-session> 22:19:15 epoll_ctl(14<anon_inode:[eventpoll]>, EPOLL_CTL_ADD, 18<UNIX-STREAM:[145882->146852]>, {events=0, data=0x55e03075dd80}) = 0
27397<sshd-session> 22:19:15 socket(AF_UNIX, SOCK_STREAM|SOCK_CLOEXEC|SOCK_NONBLOCK, 0) = 19<UNIX-STREAM:[145883]>
27397<sshd-session> 22:19:15 connect(19<UNIX-STREAM:[145883]>, {sa_family=AF_UNIX, sun_path="/run/systemd/userdb/io.systemd.DropIn"}, 40) = 0
27397<sshd-session> 22:19:15 epoll_ctl(14<anon_inode:[eventpoll]>, EPOLL_CTL_ADD, 19<UNIX-STREAM:[145883->145310]>, {events=0, data=0x55e0307499a0}) = 0
27397<sshd-session> 22:19:15 getdents64(12</run/systemd/userdb>, 0x55e03079e490 /* 0 entries */, 32768) = 0
27397<sshd-session> 22:19:15 close(12</run/systemd/userdb>) = 0
27397<sshd-session> 22:19:15 epoll_ctl(14<anon_inode:[eventpoll]>, EPOLL_CTL_MOD, 13<UNIX-STREAM:[145879->146850]>, {events=EPOLLIN|EPOLLOUT, data=0x55e030762ef0}) = 0
27397<sshd-session> 22:19:15 epoll_ctl(14<anon_inode:[eventpoll]>, EPOLL_CTL_MOD, 16<UNIX-STREAM:[145880->145338]>, {events=EPOLLIN|EPOLLOUT, data=0x55e0306f40a0}) = 0
27397<sshd-session> 22:19:15 epoll_ctl(14<anon_inode:[eventpoll]>, EPOLL_CTL_MOD, 18<UNIX-STREAM:[145882->146852]>, {events=EPOLLIN|EPOLLOUT, data=0x55e03075dd80}) = 0
27397<sshd-session> 22:19:15 epoll_ctl(14<anon_inode:[eventpoll]>, EPOLL_CTL_MOD, 19<UNIX-STREAM:[145883->145310]>, {events=EPOLLIN|EPOLLOUT, data=0x55e0307499a0}) = 0
27397<sshd-session> 22:19:15 epoll_ctl(14<anon_inode:[eventpoll]>, EPOLL_CTL_MOD, 17<UNIX-STREAM:[145881->146851]>, {events=EPOLLIN|EPOLLOUT, data=0x55e0307859f0}) = 0
27397<sshd-session> 22:19:15 timerfd_settime(15<anon_inode:[timerfd]>, TFD_TIMER_ABSTIME, {it_interval={tv_sec=0, tv_nsec=0}, it_value={tv_sec=11910, tv_nsec=537318000}}, NULL) = 0
27397<sshd-session> 22:19:15 epoll_pwait2(14<anon_inode:[eventpoll]>, [{events=EPOLLOUT, data=0x55e030762ef0}, {events=EPOLLOUT, data=0x55e0306f40a0}, {events=EPOLLOUT, data=0x55e03075dd80}, {events=EPOLLOUT, data=0x55e0307499a0}, {events=EPOLLOUT, data=0x55e0307859f0}], 40, {tv_sec=0, tv_nsec=0}, NULL, 8) = 5
27397<sshd-session> 22:19:15 sendto(13<UNIX-STREAM:[145879->146850]>, "{\"method\":\"io.systemd.UserDataba"..., 120, MSG_DONTWAIT|MSG_NOSIGNAL, NULL, 0) = 120
27397<sshd-session> 22:19:15 epoll_ctl(14<anon_inode:[eventpoll]>, EPOLL_CTL_MOD, 13<UNIX-STREAM:[145879->146850]>, {events=EPOLLIN, data=0x55e030762ef0}) = 0
27397<sshd-session> 22:19:15 epoll_pwait2(14<anon_inode:[eventpoll]>, [{events=EPOLLIN, data=0x55e030762ef0}, {events=EPOLLOUT, data=0x55e0306f40a0}, {events=EPOLLOUT, data=0x55e03075dd80}, {events=EPOLLOUT, data=0x55e0307499a0}, {events=EPOLLOUT, data=0x55e0307859f0}], 40, {tv_sec=0, tv_nsec=0}, NULL, 8) = 5
27397<sshd-session> 22:19:15 sendto(16<UNIX-STREAM:[145880->145338]>, "{\"method\":\"io.systemd.UserDataba"..., 122, MSG_DONTWAIT|MSG_NOSIGNAL, NULL, 0) = 122
27397<sshd-session> 22:19:15 epoll_ctl(14<anon_inode:[eventpoll]>, EPOLL_CTL_MOD, 16<UNIX-STREAM:[145880->145338]>, {events=EPOLLIN, data=0x55e0306f40a0}) = 0
27397<sshd-session> 22:19:15 epoll_pwait2(14<anon_inode:[eventpoll]>, [{events=EPOLLIN, data=0x55e030762ef0}, {events=EPOLLIN, data=0x55e0306f40a0}, {events=EPOLLOUT, data=0x55e03075dd80}, {events=EPOLLOUT, data=0x55e0307499a0}, {events=EPOLLOUT, data=0x55e0307859f0}], 40, {tv_sec=0, tv_nsec=0}, NULL, 8) = 5
27397<sshd-session> 22:19:15 sendto(18<UNIX-STREAM:[145882->146852]>, "{\"method\":\"io.systemd.UserDataba"..., 113, MSG_DONTWAIT|MSG_NOSIGNAL, NULL, 0) = 113
27397<sshd-session> 22:19:15 epoll_ctl(14<anon_inode:[eventpoll]>, EPOLL_CTL_MOD, 18<UNIX-STREAM:[145882->146852]>, {events=EPOLLIN, data=0x55e03075dd80}) = 0
27397<sshd-session> 22:19:15 epoll_pwait2(14<anon_inode:[eventpoll]>, [{events=EPOLLIN, data=0x55e030762ef0}, {events=EPOLLIN, data=0x55e0306f40a0}, {events=EPOLLIN, data=0x55e03075dd80}, {events=EPOLLOUT, data=0x55e0307499a0}, {events=EPOLLOUT, data=0x55e0307859f0}], 40, {tv_sec=0, tv_nsec=0}, NULL, 8) = 5
27397<sshd-session> 22:19:15 sendto(19<UNIX-STREAM:[145883->145310]>, "{\"method\":\"io.systemd.UserDataba"..., 115, MSG_DONTWAIT|MSG_NOSIGNAL, NULL, 0) = 115
27397<sshd-session> 22:19:15 epoll_ctl(14<anon_inode:[eventpoll]>, EPOLL_CTL_MOD, 19<UNIX-STREAM:[145883->145310]>, {events=EPOLLIN, data=0x55e0307499a0}) = 0
27397<sshd-session> 22:19:15 epoll_pwait2(14<anon_inode:[eventpoll]>, [{events=EPOLLIN, data=0x55e030762ef0}, {events=EPOLLIN, data=0x55e0306f40a0}, {events=EPOLLIN, data=0x55e03075dd80}, {events=EPOLLOUT, data=0x55e0307859f0}], 40, {tv_sec=0, tv_nsec=0}, NULL, 8) = 4
27397<sshd-session> 22:19:15 sendto(17<UNIX-STREAM:[145881->146851]>, "{\"method\":\"io.systemd.UserDataba"..., 116, MSG_DONTWAIT|MSG_NOSIGNAL, NULL, 0) = 116
27397<sshd-session> 22:19:15 epoll_ctl(14<anon_inode:[eventpoll]>, EPOLL_CTL_MOD, 17<UNIX-STREAM:[145881->146851]>, {events=EPOLLIN, data=0x55e0307859f0}) = 0
27397<sshd-session> 22:19:15 epoll_pwait2(14<anon_inode:[eventpoll]>, [{events=EPOLLIN, data=0x55e030762ef0}, {events=EPOLLIN, data=0x55e0306f40a0}, {events=EPOLLIN, data=0x55e03075dd80}, {events=EPOLLIN, data=0x55e0307859f0}, {events=EPOLLIN, data=0x55e0307499a0}], 40, {tv_sec=0, tv_nsec=0}, NULL, 8) = 5
27397<sshd-session> 22:19:15 recvfrom(13<UNIX-STREAM:[145879->146850]>, "{\"error\":\"io.systemd.UserDatabas"..., 131080, MSG_DONTWAIT, NULL, NULL) = 50
27397<sshd-session> 22:19:15 epoll_ctl(14<anon_inode:[eventpoll]>, EPOLL_CTL_MOD, 13<UNIX-STREAM:[145879->146850]>, {events=0, data=0x55e030762ef0}) = 0
27397<sshd-session> 22:19:15 epoll_pwait2(14<anon_inode:[eventpoll]>, [{events=EPOLLIN, data=0x55e0306f40a0}, {events=EPOLLIN, data=0x55e03075dd80}, {events=EPOLLIN, data=0x55e0307859f0}, {events=EPOLLIN, data=0x55e0307499a0}], 40, {tv_sec=0, tv_nsec=0}, NULL, 8) = 4
27397<sshd-session> 22:19:15 brk(0x55e030807000) = 0x55e030807000
27397<sshd-session> 22:19:15 recvfrom(16<UNIX-STREAM:[145880->145338]>, "{\"error\":\"io.systemd.UserDatabas"..., 131080, MSG_DONTWAIT, NULL, NULL) = 50
27397<sshd-session> 22:19:15 epoll_ctl(14<anon_inode:[eventpoll]>, EPOLL_CTL_MOD, 16<UNIX-STREAM:[145880->145338]>, {events=0, data=0x55e0306f40a0}) = 0
27397<sshd-session> 22:19:15 epoll_pwait2(14<anon_inode:[eventpoll]>, [{events=EPOLLIN, data=0x55e03075dd80}, {events=EPOLLIN, data=0x55e0307859f0}, {events=EPOLLIN, data=0x55e0307499a0}], 40, {tv_sec=0, tv_nsec=0}, NULL, 8) = 3
27397<sshd-session> 22:19:15 recvfrom(18<UNIX-STREAM:[145882->146852]>, "{\"error\":\"io.systemd.UserDatabas"..., 131080, MSG_DONTWAIT, NULL, NULL) = 50
27397<sshd-session> 22:19:15 epoll_ctl(14<anon_inode:[eventpoll]>, EPOLL_CTL_MOD, 18<UNIX-STREAM:[145882->146852]>, {events=0, data=0x55e03075dd80}) = 0
27397<sshd-session> 22:19:15 epoll_pwait2(14<anon_inode:[eventpoll]>, [{events=EPOLLIN, data=0x55e0307859f0}, {events=EPOLLIN, data=0x55e0307499a0}], 40, {tv_sec=0, tv_nsec=0}, NULL, 8) = 2
27397<sshd-session> 22:19:15 brk(0x55e030847000) = 0x55e030847000
27397<sshd-session> 22:19:15 recvfrom(19<UNIX-STREAM:[145883->145310]>, "{\"error\":\"io.systemd.UserDatabas"..., 131080, MSG_DONTWAIT, NULL, NULL) = 50
27397<sshd-session> 22:19:15 epoll_ctl(14<anon_inode:[eventpoll]>, EPOLL_CTL_MOD, 19<UNIX-STREAM:[145883->145310]>, {events=0, data=0x55e0307499a0}) = 0
27397<sshd-session> 22:19:15 epoll_pwait2(14<anon_inode:[eventpoll]>, [{events=EPOLLIN, data=0x55e0307859f0}], 40, {tv_sec=0, tv_nsec=0}, NULL, 8) = 1
27397<sshd-session> 22:19:15 recvfrom(17<UNIX-STREAM:[145881->146851]>, "{\"error\":\"io.systemd.UserDatabas"..., 131080, MSG_DONTWAIT, NULL, NULL) = 50
27397<sshd-session> 22:19:15 epoll_ctl(14<anon_inode:[eventpoll]>, EPOLL_CTL_MOD, 17<UNIX-STREAM:[145881->146851]>, {events=0, data=0x55e0307859f0}) = 0
27397<sshd-session> 22:19:15 epoll_pwait2(14<anon_inode:[eventpoll]>, [], 40, {tv_sec=0, tv_nsec=0}, NULL, 8) = 0
27397<sshd-session> 22:19:15 epoll_pwait2(14<anon_inode:[eventpoll]>, [], 40, {tv_sec=0, tv_nsec=0}, NULL, 8) = 0
27397<sshd-session> 22:19:15 epoll_pwait2(14<anon_inode:[eventpoll]>, [], 40, {tv_sec=0, tv_nsec=0}, NULL, 8) = 0
27397<sshd-session> 22:19:15 epoll_pwait2(14<anon_inode:[eventpoll]>, [], 40, {tv_sec=0, tv_nsec=0}, NULL, 8) = 0
27397<sshd-session> 22:19:15 epoll_pwait2(14<anon_inode:[eventpoll]>, [], 40, {tv_sec=0, tv_nsec=0}, NULL, 8) = 0
27397<sshd-session> 22:19:15 epoll_pwait2(14<anon_inode:[eventpoll]>, [], 40, {tv_sec=0, tv_nsec=0}, NULL, 8) = 0
27397<sshd-session> 22:19:15 epoll_ctl(14<anon_inode:[eventpoll]>, EPOLL_CTL_DEL, 13<UNIX-STREAM:[145879->146850]>, NULL) = 0
27397<sshd-session> 22:19:15 close(13<UNIX-STREAM:[145879->146850]>) = 0
27397<sshd-session> 22:19:15 epoll_pwait2(14<anon_inode:[eventpoll]>, [], 40, {tv_sec=0, tv_nsec=0}, NULL, 8) = 0
27397<sshd-session> 22:19:15 epoll_ctl(14<anon_inode:[eventpoll]>, EPOLL_CTL_DEL, 16<UNIX-STREAM:[145880->145338]>, NULL) = 0
27397<sshd-session> 22:19:15 close(16<UNIX-STREAM:[145880->145338]>) = 0
27397<sshd-session> 22:19:15 epoll_pwait2(14<anon_inode:[eventpoll]>, [], 40, {tv_sec=0, tv_nsec=0}, NULL, 8) = 0
27397<sshd-session> 22:19:15 epoll_ctl(14<anon_inode:[eventpoll]>, EPOLL_CTL_DEL, 18<UNIX-STREAM:[145882->146852]>, NULL) = 0
27397<sshd-session> 22:19:15 close(18<UNIX-STREAM:[145882->146852]>) = 0
27397<sshd-session> 22:19:15 epoll_pwait2(14<anon_inode:[eventpoll]>, [], 40, {tv_sec=0, tv_nsec=0}, NULL, 8) = 0
27397<sshd-session> 22:19:15 epoll_ctl(14<anon_inode:[eventpoll]>, EPOLL_CTL_DEL, 19<UNIX-STREAM:[145883->145310]>, NULL) = 0
27397<sshd-session> 22:19:15 close(19<UNIX-STREAM:[145883->145310]>) = 0
27397<sshd-session> 22:19:15 epoll_pwait2(14<anon_inode:[eventpoll]>, [], 40, {tv_sec=0, tv_nsec=0}, NULL, 8) = 0
27397<sshd-session> 22:19:15 epoll_ctl(14<anon_inode:[eventpoll]>, EPOLL_CTL_DEL, 17<UNIX-STREAM:[145881->146851]>, NULL) = 0
27397<sshd-session> 22:19:15 close(17<UNIX-STREAM:[145881->146851]>) = 0
27397<sshd-session> 22:19:15 brk(0x55e0307c7000) = 0x55e0307c7000
27397<sshd-session> 22:19:15 close(14<anon_inode:[eventpoll]>) = 0
27397<sshd-session> 22:19:15 close(15<anon_inode:[timerfd]>) = 0
27397<sshd-session> 22:19:15 openat(AT_FDCWD</>, "/run/systemd/userdb/", O_RDONLY|O_NONBLOCK|O_CLOEXEC|O_DIRECTORY) = 12</run/systemd/userdb>
27397<sshd-session> 22:19:15 fstat(12</run/systemd/userdb>, {st_mode=S_IFDIR|0755, st_size=180, ...}) = 0
27397<sshd-session> 22:19:15 getdents64(12</run/systemd/userdb>, 0x55e03079e490 /* 9 entries */, 32768) = 360
27397<sshd-session> 22:19:15 socket(AF_UNIX, SOCK_STREAM|SOCK_CLOEXEC|SOCK_NONBLOCK, 0) = 13<UNIX-STREAM:[145884]>
27397<sshd-session> 22:19:15 connect(13<UNIX-STREAM:[145884]>, {sa_family=AF_UNIX, sun_path="/run/systemd/userdb/io.systemd.DynamicUser"}, 45) = 0
27397<sshd-session> 22:19:15 epoll_create1(EPOLL_CLOEXEC) = 14<anon_inode:[eventpoll]>
27397<sshd-session> 22:19:15 timerfd_create(CLOCK_MONOTONIC, TFD_CLOEXEC|TFD_NONBLOCK) = 15<anon_inode:[timerfd]>
27397<sshd-session> 22:19:15 epoll_ctl(14<anon_inode:[eventpoll]>, EPOLL_CTL_ADD, 15<anon_inode:[timerfd]>, {events=EPOLLIN, data=0x55e03079b110}) = 0
27397<sshd-session> 22:19:15 epoll_ctl(14<anon_inode:[eventpoll]>, EPOLL_CTL_ADD, 13<UNIX-STREAM:[145884->146853]>, {events=0, data=0x55e0307859f0}) = 0
27397<sshd-session> 22:19:15 socket(AF_UNIX, SOCK_STREAM|SOCK_CLOEXEC|SOCK_NONBLOCK, 0) = 16<UNIX-STREAM:[145885]>
27397<sshd-session> 22:19:15 connect(16<UNIX-STREAM:[145885]>, {sa_family=AF_UNIX, sun_path="/run/systemd/userdb/org.gnome.DisplayManager"}, 47) = 0
27397<sshd-session> 22:19:15 epoll_ctl(14<anon_inode:[eventpoll]>, EPOLL_CTL_ADD, 16<UNIX-STREAM:[145885->145340]>, {events=0, data=0x55e0307499a0}) = 0
27397<sshd-session> 22:19:15 socket(AF_UNIX, SOCK_STREAM|SOCK_CLOEXEC|SOCK_NONBLOCK, 0) = 17<UNIX-STREAM:[145886]>
27397<sshd-session> 22:19:15 connect(17<UNIX-STREAM:[145886]>, {sa_family=AF_UNIX, sun_path="/run/systemd/userdb/io.systemd.Machine"}, 41) = 0
27397<sshd-session> 22:19:15 epoll_ctl(14<anon_inode:[eventpoll]>, EPOLL_CTL_ADD, 17<UNIX-STREAM:[145886->146854]>, {events=0, data=0x55e03075dd80}) = 0
27397<sshd-session> 22:19:15 socket(AF_UNIX, SOCK_STREAM|SOCK_CLOEXEC|SOCK_NONBLOCK, 0) = 18<UNIX-STREAM:[145887]>
27397<sshd-session> 22:19:15 connect(18<UNIX-STREAM:[145887]>, {sa_family=AF_UNIX, sun_path="/run/systemd/userdb/io.systemd.Home"}, 38) = 0
27397<sshd-session> 22:19:15 epoll_ctl(14<anon_inode:[eventpoll]>, EPOLL_CTL_ADD, 18<UNIX-STREAM:[145887->146855]>, {events=0, data=0x55e0306f40a0}) = 0
27397<sshd-session> 22:19:15 socket(AF_UNIX, SOCK_STREAM|SOCK_CLOEXEC|SOCK_NONBLOCK, 0) = 19<UNIX-STREAM:[145888]>
27397<sshd-session> 22:19:15 connect(19<UNIX-STREAM:[145888]>, {sa_family=AF_UNIX, sun_path="/run/systemd/userdb/io.systemd.DropIn"}, 40) = 0
27397<sshd-session> 22:19:15 epoll_ctl(14<anon_inode:[eventpoll]>, EPOLL_CTL_ADD, 19<UNIX-STREAM:[145888->147546]>, {events=0, data=0x55e030762ef0}) = 0
27397<sshd-session> 22:19:15 getdents64(12</run/systemd/userdb>, 0x55e03079e490 /* 0 entries */, 32768) = 0
27397<sshd-session> 22:19:15 close(12</run/systemd/userdb>) = 0
27397<sshd-session> 22:19:15 epoll_ctl(14<anon_inode:[eventpoll]>, EPOLL_CTL_MOD, 13<UNIX-STREAM:[145884->146853]>, {events=EPOLLIN|EPOLLOUT, data=0x55e0307859f0}) = 0
27397<sshd-session> 22:19:15 epoll_ctl(14<anon_inode:[eventpoll]>, EPOLL_CTL_MOD, 16<UNIX-STREAM:[145885->145340]>, {events=EPOLLIN|EPOLLOUT, data=0x55e0307499a0}) = 0
27397<sshd-session> 22:19:15 epoll_ctl(14<anon_inode:[eventpoll]>, EPOLL_CTL_MOD, 18<UNIX-STREAM:[145887->146855]>, {events=EPOLLIN|EPOLLOUT, data=0x55e0306f40a0}) = 0
27397<sshd-session> 22:19:15 epoll_ctl(14<anon_inode:[eventpoll]>, EPOLL_CTL_MOD, 19<UNIX-STREAM:[145888->147546]>, {events=EPOLLIN|EPOLLOUT, data=0x55e030762ef0}) = 0
27397<sshd-session> 22:19:15 epoll_ctl(14<anon_inode:[eventpoll]>, EPOLL_CTL_MOD, 17<UNIX-STREAM:[145886->146854]>, {events=EPOLLIN|EPOLLOUT, data=0x55e03075dd80}) = 0
27397<sshd-session> 22:19:15 timerfd_settime(15<anon_inode:[timerfd]>, TFD_TIMER_ABSTIME, {it_interval={tv_sec=0, tv_nsec=0}, it_value={tv_sec=11910, tv_nsec=537318000}}, NULL) = 0
27397<sshd-session> 22:19:15 epoll_pwait2(14<anon_inode:[eventpoll]>, [{events=EPOLLOUT, data=0x55e0307859f0}, {events=EPOLLOUT, data=0x55e0307499a0}, {events=EPOLLOUT, data=0x55e0306f40a0}, {events=EPOLLOUT, data=0x55e030762ef0}, {events=EPOLLOUT, data=0x55e03075dd80}], 40, {tv_sec=0, tv_nsec=0}, NULL, 8) = 5
27397<sshd-session> 22:19:15 sendto(13<UNIX-STREAM:[145884->146853]>, "{\"method\":\"io.systemd.UserDataba"..., 132, MSG_DONTWAIT|MSG_NOSIGNAL, NULL, 0) = 132
27397<sshd-session> 22:19:15 epoll_ctl(14<anon_inode:[eventpoll]>, EPOLL_CTL_MOD, 13<UNIX-STREAM:[145884->146853]>, {events=EPOLLIN, data=0x55e0307859f0}) = 0
27397<sshd-session> 22:19:15 epoll_pwait2(14<anon_inode:[eventpoll]>, [{events=EPOLLIN, data=0x55e0307859f0}, {events=EPOLLOUT, data=0x55e0307499a0}, {events=EPOLLOUT, data=0x55e0306f40a0}, {events=EPOLLOUT, data=0x55e030762ef0}, {events=EPOLLOUT, data=0x55e03075dd80}], 40, {tv_sec=0, tv_nsec=0}, NULL, 8) = 5
27397<sshd-session> 22:19:15 sendto(16<UNIX-STREAM:[145885->145340]>, "{\"method\":\"io.systemd.UserDataba"..., 134, MSG_DONTWAIT|MSG_NOSIGNAL, NULL, 0) = 134
27397<sshd-session> 22:19:15 epoll_ctl(14<anon_inode:[eventpoll]>, EPOLL_CTL_MOD, 16<UNIX-STREAM:[145885->145340]>, {events=EPOLLIN, data=0x55e0307499a0}) = 0
27397<sshd-session> 22:19:15 epoll_pwait2(14<anon_inode:[eventpoll]>, [{events=EPOLLIN, data=0x55e0307859f0}, {events=EPOLLIN, data=0x55e0307499a0}, {events=EPOLLOUT, data=0x55e0306f40a0}, {events=EPOLLOUT, data=0x55e030762ef0}, {events=EPOLLOUT, data=0x55e03075dd80}], 40, {tv_sec=0, tv_nsec=0}, NULL, 8) = 5
27397<sshd-session> 22:19:15 sendto(18<UNIX-STREAM:[145887->146855]>, "{\"method\":\"io.systemd.UserDataba"..., 125, MSG_DONTWAIT|MSG_NOSIGNAL, NULL, 0) = 125
27397<sshd-session> 22:19:15 epoll_ctl(14<anon_inode:[eventpoll]>, EPOLL_CTL_MOD, 18<UNIX-STREAM:[145887->146855]>, {events=EPOLLIN, data=0x55e0306f40a0}) = 0
27397<sshd-session> 22:19:15 epoll_pwait2(14<anon_inode:[eventpoll]>, [{events=EPOLLIN, data=0x55e0307859f0}, {events=EPOLLIN, data=0x55e0307499a0}, {events=EPOLLIN, data=0x55e0306f40a0}, {events=EPOLLOUT, data=0x55e030762ef0}, {events=EPOLLOUT, data=0x55e03075dd80}], 40, {tv_sec=0, tv_nsec=0}, NULL, 8) = 5
27397<sshd-session> 22:19:15 sendto(19<UNIX-STREAM:[145888->147546]>, "{\"method\":\"io.systemd.UserDataba"..., 127, MSG_DONTWAIT|MSG_NOSIGNAL, NULL, 0) = 127
27397<sshd-session> 22:19:15 epoll_ctl(14<anon_inode:[eventpoll]>, EPOLL_CTL_MOD, 19<UNIX-STREAM:[145888->147546]>, {events=EPOLLIN, data=0x55e030762ef0}) = 0
27397<sshd-session> 22:19:15 epoll_pwait2(14<anon_inode:[eventpoll]>, [{events=EPOLLIN, data=0x55e0307859f0}, {events=EPOLLIN, data=0x55e0307499a0}, {events=EPOLLIN, data=0x55e0306f40a0}, {events=EPOLLOUT, data=0x55e03075dd80}], 40, {tv_sec=0, tv_nsec=0}, NULL, 8) = 4
27397<sshd-session> 22:19:15 sendto(17<UNIX-STREAM:[145886->146854]>, "{\"method\":\"io.systemd.UserDataba"..., 128, MSG_DONTWAIT|MSG_NOSIGNAL, NULL, 0) = 128
27397<sshd-session> 22:19:15 epoll_ctl(14<anon_inode:[eventpoll]>, EPOLL_CTL_MOD, 17<UNIX-STREAM:[145886->146854]>, {events=EPOLLIN, data=0x55e03075dd80}) = 0
27397<sshd-session> 22:19:15 epoll_pwait2(14<anon_inode:[eventpoll]>, [{events=EPOLLIN, data=0x55e0307859f0}, {events=EPOLLIN, data=0x55e0307499a0}, {events=EPOLLIN, data=0x55e0306f40a0}, {events=EPOLLIN, data=0x55e03075dd80}, {events=EPOLLIN, data=0x55e030762ef0}], 40, {tv_sec=0, tv_nsec=0}, NULL, 8) = 5
27397<sshd-session> 22:19:15 recvfrom(13<UNIX-STREAM:[145884->146853]>, "{\"error\":\"io.systemd.UserDatabas"..., 131080, MSG_DONTWAIT, NULL, NULL) = 50
27397<sshd-session> 22:19:15 epoll_ctl(14<anon_inode:[eventpoll]>, EPOLL_CTL_MOD, 13<UNIX-STREAM:[145884->146853]>, {events=0, data=0x55e0307859f0}) = 0
27397<sshd-session> 22:19:15 epoll_pwait2(14<anon_inode:[eventpoll]>, [{events=EPOLLIN, data=0x55e0307499a0}, {events=EPOLLIN, data=0x55e0306f40a0}, {events=EPOLLIN, data=0x55e03075dd80}, {events=EPOLLIN, data=0x55e030762ef0}], 40, {tv_sec=0, tv_nsec=0}, NULL, 8) = 4
27397<sshd-session> 22:19:15 brk(0x55e030807000) = 0x55e030807000
27397<sshd-session> 22:19:15 recvfrom(16<UNIX-STREAM:[145885->145340]>, "{\"error\":\"io.systemd.UserDatabas"..., 131080, MSG_DONTWAIT, NULL, NULL) = 50
27397<sshd-session> 22:19:15 epoll_ctl(14<anon_inode:[eventpoll]>, EPOLL_CTL_MOD, 16<UNIX-STREAM:[145885->145340]>, {events=0, data=0x55e0307499a0}) = 0
27397<sshd-session> 22:19:15 epoll_pwait2(14<anon_inode:[eventpoll]>, [{events=EPOLLIN, data=0x55e0306f40a0}, {events=EPOLLIN, data=0x55e03075dd80}, {events=EPOLLIN, data=0x55e030762ef0}], 40, {tv_sec=0, tv_nsec=0}, NULL, 8) = 3
27397<sshd-session> 22:19:15 recvfrom(18<UNIX-STREAM:[145887->146855]>, "{\"error\":\"io.systemd.UserDatabas"..., 131080, MSG_DONTWAIT, NULL, NULL) = 50
27397<sshd-session> 22:19:15 epoll_ctl(14<anon_inode:[eventpoll]>, EPOLL_CTL_MOD, 18<UNIX-STREAM:[145887->146855]>, {events=0, data=0x55e0306f40a0}) = 0
27397<sshd-session> 22:19:15 epoll_pwait2(14<anon_inode:[eventpoll]>, [{events=EPOLLIN, data=0x55e03075dd80}, {events=EPOLLIN, data=0x55e030762ef0}], 40, {tv_sec=0, tv_nsec=0}, NULL, 8) = 2
27397<sshd-session> 22:19:15 brk(0x55e030847000) = 0x55e030847000
27397<sshd-session> 22:19:15 recvfrom(19<UNIX-STREAM:[145888->147546]>, "{\"error\":\"io.systemd.UserDatabas"..., 131080, MSG_DONTWAIT, NULL, NULL) = 50
27397<sshd-session> 22:19:15 epoll_ctl(14<anon_inode:[eventpoll]>, EPOLL_CTL_MOD, 19<UNIX-STREAM:[145888->147546]>, {events=0, data=0x55e030762ef0}) = 0
27397<sshd-session> 22:19:15 epoll_pwait2(14<anon_inode:[eventpoll]>, [{events=EPOLLIN, data=0x55e03075dd80}], 40, {tv_sec=0, tv_nsec=0}, NULL, 8) = 1
27397<sshd-session> 22:19:15 recvfrom(17<UNIX-STREAM:[145886->146854]>, "{\"error\":\"io.systemd.UserDatabas"..., 131080, MSG_DONTWAIT, NULL, NULL) = 50
27397<sshd-session> 22:19:15 epoll_ctl(14<anon_inode:[eventpoll]>, EPOLL_CTL_MOD, 17<UNIX-STREAM:[145886->146854]>, {events=0, data=0x55e03075dd80}) = 0
27397<sshd-session> 22:19:15 epoll_pwait2(14<anon_inode:[eventpoll]>, [], 40, {tv_sec=0, tv_nsec=0}, NULL, 8) = 0
27397<sshd-session> 22:19:15 epoll_pwait2(14<anon_inode:[eventpoll]>, [], 40, {tv_sec=0, tv_nsec=0}, NULL, 8) = 0
27397<sshd-session> 22:19:15 epoll_pwait2(14<anon_inode:[eventpoll]>, [], 40, {tv_sec=0, tv_nsec=0}, NULL, 8) = 0
27397<sshd-session> 22:19:15 epoll_pwait2(14<anon_inode:[eventpoll]>, [], 40, {tv_sec=0, tv_nsec=0}, NULL, 8) = 0
27397<sshd-session> 22:19:15 epoll_pwait2(14<anon_inode:[eventpoll]>, [], 40, {tv_sec=0, tv_nsec=0}, NULL, 8) = 0
27397<sshd-session> 22:19:15 epoll_pwait2(14<anon_inode:[eventpoll]>, [], 40, {tv_sec=0, tv_nsec=0}, NULL, 8) = 0
27397<sshd-session> 22:19:15 epoll_ctl(14<anon_inode:[eventpoll]>, EPOLL_CTL_DEL, 13<UNIX-STREAM:[145884->146853]>, NULL) = 0
27397<sshd-session> 22:19:15 close(13<UNIX-STREAM:[145884->146853]>) = 0
27397<sshd-session> 22:19:15 epoll_pwait2(14<anon_inode:[eventpoll]>, [], 40, {tv_sec=0, tv_nsec=0}, NULL, 8) = 0
27397<sshd-session> 22:19:15 epoll_ctl(14<anon_inode:[eventpoll]>, EPOLL_CTL_DEL, 16<UNIX-STREAM:[145885->145340]>, NULL) = 0
27397<sshd-session> 22:19:15 close(16<UNIX-STREAM:[145885->145340]>) = 0
27397<sshd-session> 22:19:15 epoll_pwait2(14<anon_inode:[eventpoll]>, [], 40, {tv_sec=0, tv_nsec=0}, NULL, 8) = 0
27397<sshd-session> 22:19:15 epoll_ctl(14<anon_inode:[eventpoll]>, EPOLL_CTL_DEL, 18<UNIX-STREAM:[145887->146855]>, NULL) = 0
27397<sshd-session> 22:19:15 close(18<UNIX-STREAM:[145887->146855]>) = 0
27397<sshd-session> 22:19:15 epoll_pwait2(14<anon_inode:[eventpoll]>, [], 40, {tv_sec=0, tv_nsec=0}, NULL, 8) = 0
27397<sshd-session> 22:19:15 epoll_ctl(14<anon_inode:[eventpoll]>, EPOLL_CTL_DEL, 19<UNIX-STREAM:[145888->147546]>, NULL) = 0
27397<sshd-session> 22:19:15 close(19<UNIX-STREAM:[145888->147546]>) = 0
27397<sshd-session> 22:19:15 epoll_pwait2(14<anon_inode:[eventpoll]>, [], 40, {tv_sec=0, tv_nsec=0}, NULL, 8) = 0
27397<sshd-session> 22:19:15 epoll_ctl(14<anon_inode:[eventpoll]>, EPOLL_CTL_DEL, 17<UNIX-STREAM:[145886->146854]>, NULL) = 0
27397<sshd-session> 22:19:15 close(17<UNIX-STREAM:[145886->146854]>) = 0
27397<sshd-session> 22:19:15 brk(0x55e0307c7000) = 0x55e0307c7000
27397<sshd-session> 22:19:15 close(14<anon_inode:[eventpoll]>) = 0
27397<sshd-session> 22:19:15 close(15<anon_inode:[timerfd]>) = 0
27397<sshd-session> 22:19:15 rt_sigprocmask(SIG_SETMASK, [], NULL, 8) = 0
27397<sshd-session> 22:19:15 newfstatat(AT_FDCWD</>, "/dev/pts/6", {st_mode=S_IFCHR|0600, st_rdev=makedev(0x88, 0x6), ...}, 0) = 0
27397<sshd-session> 22:19:15 getxattr("/dev/pts/6", "security.selinux", "system_u:object_r:sshd_session_d"..., 255) = 43
27397<sshd-session> 22:19:15 openat(AT_FDCWD</>, "/sys/fs/selinux/class/chr_file/index", O_RDONLY|O_CLOEXEC) = 12</sys/fs/selinux/class/chr_file/index>
27397<sshd-session> 22:19:15 read(12</sys/fs/selinux/class/chr_file/index>, "10", 19) = 2
27397<sshd-session> 22:19:15 close(12</sys/fs/selinux/class/chr_file/index>) = 0
27397<sshd-session> 22:19:15 openat(AT_FDCWD</>, "/sys/fs/selinux/class/chr_file/perms", O_RDONLY|O_NONBLOCK|O_CLOEXEC|O_DIRECTORY) = 12</sys/fs/selinux/class/chr_file/perms>
27397<sshd-session> 22:19:15 fstat(12</sys/fs/selinux/class/chr_file/perms>, {st_mode=S_IFDIR|0555, st_size=0, ...}) = 0
27397<sshd-session> 22:19:15 getdents64(12</sys/fs/selinux/class/chr_file/perms>, 0x55e03079e490 /* 31 entries */, 32768) = 960
27397<sshd-session> 22:19:15 openat(AT_FDCWD</>, "/sys/fs/selinux/class/chr_file/perms/.", O_RDONLY|O_CLOEXEC) = 13</sys/fs/selinux/class/chr_file/perms>
27397<sshd-session> 22:19:15 fstat(13</sys/fs/selinux/class/chr_file/perms>, {st_mode=S_IFDIR|0555, st_size=0, ...}) = 0
27397<sshd-session> 22:19:15 close(13</sys/fs/selinux/class/chr_file/perms>) = 0
27397<sshd-session> 22:19:15 openat(AT_FDCWD</>, "/sys/fs/selinux/class/chr_file/perms/..", O_RDONLY|O_CLOEXEC) = 13</sys/fs/selinux/class/chr_file>
27397<sshd-session> 22:19:15 fstat(13</sys/fs/selinux/class/chr_file>, {st_mode=S_IFDIR|0555, st_size=0, ...}) = 0
27397<sshd-session> 22:19:15 close(13</sys/fs/selinux/class/chr_file>) = 0
27397<sshd-session> 22:19:15 openat(AT_FDCWD</>, "/sys/fs/selinux/class/chr_file/perms/entrypoint", O_RDONLY|O_CLOEXEC) = 13</sys/fs/selinux/class/chr_file/perms/entrypoint>
27397<sshd-session> 22:19:15 fstat(13</sys/fs/selinux/class/chr_file/perms/entrypoint>, {st_mode=S_IFREG|0444, st_size=0, ...}) = 0
27397<sshd-session> 22:19:15 read(13</sys/fs/selinux/class/chr_file/perms/entrypoint>, "29", 19) = 2
27397<sshd-session> 22:19:15 close(13</sys/fs/selinux/class/chr_file/perms/entrypoint>) = 0
27397<sshd-session> 22:19:15 openat(AT_FDCWD</>, "/sys/fs/selinux/class/chr_file/perms/execute_no_trans", O_RDONLY|O_CLOEXEC) = 13</sys/fs/selinux/class/chr_file/perms/execute_no_trans>
27397<sshd-session> 22:19:15 fstat(13</sys/fs/selinux/class/chr_file/perms/execute_no_trans>, {st_mode=S_IFREG|0444, st_size=0, ...}) = 0
27397<sshd-session> 22:19:15 read(13</sys/fs/selinux/class/chr_file/perms/execute_no_trans>, "28", 19) = 2
27397<sshd-session> 22:19:15 close(13</sys/fs/selinux/class/chr_file/perms/execute_no_trans>) = 0
27397<sshd-session> 22:19:15 openat(AT_FDCWD</>, "/sys/fs/selinux/class/chr_file/perms/watch_mountns", O_RDONLY|O_CLOEXEC) = 13</sys/fs/selinux/class/chr_file/perms/watch_mountns>
27397<sshd-session> 22:19:15 fstat(13</sys/fs/selinux/class/chr_file/perms/watch_mountns>, {st_mode=S_IFREG|0444, st_size=0, ...}) = 0
27397<sshd-session> 22:19:15 read(13</sys/fs/selinux/class/chr_file/perms/watch_mountns>, "27", 19) = 2
27397<sshd-session> 22:19:15 close(13</sys/fs/selinux/class/chr_file/perms/watch_mountns>) = 0
27397<sshd-session> 22:19:15 openat(AT_FDCWD</>, "/sys/fs/selinux/class/chr_file/perms/watch_reads", O_RDONLY|O_CLOEXEC) = 13</sys/fs/selinux/class/chr_file/perms/watch_reads>
27397<sshd-session> 22:19:15 fstat(13</sys/fs/selinux/class/chr_file/perms/watch_reads>, {st_mode=S_IFREG|0444, st_size=0, ...}) = 0
27397<sshd-session> 22:19:15 read(13</sys/fs/selinux/class/chr_file/perms/watch_reads>, "26", 19) = 2
27397<sshd-session> 22:19:15 close(13</sys/fs/selinux/class/chr_file/perms/watch_reads>) = 0
27397<sshd-session> 22:19:15 openat(AT_FDCWD</>, "/sys/fs/selinux/class/chr_file/perms/watch_with_perm", O_RDONLY|O_CLOEXEC) = 13</sys/fs/selinux/class/chr_file/perms/watch_with_perm>
27397<sshd-session> 22:19:15 fstat(13</sys/fs/selinux/class/chr_file/perms/watch_with_perm>, {st_mode=S_IFREG|0444, st_size=0, ...}) = 0
27397<sshd-session> 22:19:15 read(13</sys/fs/selinux/class/chr_file/perms/watch_with_perm>, "25", 19) = 2
27397<sshd-session> 22:19:15 close(13</sys/fs/selinux/class/chr_file/perms/watch_with_perm>) = 0
27397<sshd-session> 22:19:15 openat(AT_FDCWD</>, "/sys/fs/selinux/class/chr_file/perms/watch_sb", O_RDONLY|O_CLOEXEC) = 13</sys/fs/selinux/class/chr_file/perms/watch_sb>
27397<sshd-session> 22:19:15 fstat(13</sys/fs/selinux/class/chr_file/perms/watch_sb>, {st_mode=S_IFREG|0444, st_size=0, ...}) = 0
27397<sshd-session> 22:19:15 read(13</sys/fs/selinux/class/chr_file/perms/watch_sb>, "24", 19) = 2
27397<sshd-session> 22:19:15 close(13</sys/fs/selinux/class/chr_file/perms/watch_sb>) = 0
27397<sshd-session> 22:19:15 openat(AT_FDCWD</>, "/sys/fs/selinux/class/chr_file/perms/watch_mount", O_RDONLY|O_CLOEXEC) = 13</sys/fs/selinux/class/chr_file/perms/watch_mount>
27397<sshd-session> 22:19:15 fstat(13</sys/fs/selinux/class/chr_file/perms/watch_mount>, {st_mode=S_IFREG|0444, st_size=0, ...}) = 0
27397<sshd-session> 22:19:15 read(13</sys/fs/selinux/class/chr_file/perms/watch_mount>, "23", 19) = 2
27397<sshd-session> 22:19:15 close(13</sys/fs/selinux/class/chr_file/perms/watch_mount>) = 0
27397<sshd-session> 22:19:15 openat(AT_FDCWD</>, "/sys/fs/selinux/class/chr_file/perms/watch", O_RDONLY|O_CLOEXEC) = 13</sys/fs/selinux/class/chr_file/perms/watch>
27397<sshd-session> 22:19:15 fstat(13</sys/fs/selinux/class/chr_file/perms/watch>, {st_mode=S_IFREG|0444, st_size=0, ...}) = 0
27397<sshd-session> 22:19:15 read(13</sys/fs/selinux/class/chr_file/perms/watch>, "22", 19) = 2
27397<sshd-session> 22:19:15 close(13</sys/fs/selinux/class/chr_file/perms/watch>) = 0
27397<sshd-session> 22:19:15 openat(AT_FDCWD</>, "/sys/fs/selinux/class/chr_file/perms/execmod", O_RDONLY|O_CLOEXEC) = 13</sys/fs/selinux/class/chr_file/perms/execmod>
27397<sshd-session> 22:19:15 fstat(13</sys/fs/selinux/class/chr_file/perms/execmod>, {st_mode=S_IFREG|0444, st_size=0, ...}) = 0
27397<sshd-session> 22:19:15 read(13</sys/fs/selinux/class/chr_file/perms/execmod>, "21", 19) = 2
27397<sshd-session> 22:19:15 close(13</sys/fs/selinux/class/chr_file/perms/execmod>) = 0
27397<sshd-session> 22:19:15 openat(AT_FDCWD</>, "/sys/fs/selinux/class/chr_file/perms/open", O_RDONLY|O_CLOEXEC) = 13</sys/fs/selinux/class/chr_file/perms/open>
27397<sshd-session> 22:19:15 fstat(13</sys/fs/selinux/class/chr_file/perms/open>, {st_mode=S_IFREG|0444, st_size=0, ...}) = 0
27397<sshd-session> 22:19:15 read(13</sys/fs/selinux/class/chr_file/perms/open>, "20", 19) = 2
27397<sshd-session> 22:19:15 close(13</sys/fs/selinux/class/chr_file/perms/open>) = 0
27397<sshd-session> 22:19:15 openat(AT_FDCWD</>, "/sys/fs/selinux/class/chr_file/perms/audit_access", O_RDONLY|O_CLOEXEC) = 13</sys/fs/selinux/class/chr_file/perms/audit_access>
27397<sshd-session> 22:19:15 fstat(13</sys/fs/selinux/class/chr_file/perms/audit_access>, {st_mode=S_IFREG|0444, st_size=0, ...}) = 0
27397<sshd-session> 22:19:15 read(13</sys/fs/selinux/class/chr_file/perms/audit_access>, "19", 19) = 2
27397<sshd-session> 22:19:15 close(13</sys/fs/selinux/class/chr_file/perms/audit_access>) = 0
27397<sshd-session> 22:19:15 openat(AT_FDCWD</>, "/sys/fs/selinux/class/chr_file/perms/mounton", O_RDONLY|O_CLOEXEC) = 13</sys/fs/selinux/class/chr_file/perms/mounton>
27397<sshd-session> 22:19:15 fstat(13</sys/fs/selinux/class/chr_file/perms/mounton>, {st_mode=S_IFREG|0444, st_size=0, ...}) = 0
27397<sshd-session> 22:19:15 read(13</sys/fs/selinux/class/chr_file/perms/mounton>, "18", 19) = 2
27397<sshd-session> 22:19:15 close(13</sys/fs/selinux/class/chr_file/perms/mounton>) = 0
27397<sshd-session> 22:19:15 openat(AT_FDCWD</>, "/sys/fs/selinux/class/chr_file/perms/quotaon", O_RDONLY|O_CLOEXEC) = 13</sys/fs/selinux/class/chr_file/perms/quotaon>
27397<sshd-session> 22:19:15 fstat(13</sys/fs/selinux/class/chr_file/perms/quotaon>, {st_mode=S_IFREG|0444, st_size=0, ...}) = 0
27397<sshd-session> 22:19:15 read(13</sys/fs/selinux/class/chr_file/perms/quotaon>, "17", 19) = 2
27397<sshd-session> 22:19:15 close(13</sys/fs/selinux/class/chr_file/perms/quotaon>) = 0
27397<sshd-session> 22:19:15 openat(AT_FDCWD</>, "/sys/fs/selinux/class/chr_file/perms/swapon", O_RDONLY|O_CLOEXEC) = 13</sys/fs/selinux/class/chr_file/perms/swapon>
27397<sshd-session> 22:19:15 fstat(13</sys/fs/selinux/class/chr_file/perms/swapon>, {st_mode=S_IFREG|0444, st_size=0, ...}) = 0
27397<sshd-session> 22:19:15 read(13</sys/fs/selinux/class/chr_file/perms/swapon>, "16", 19) = 2
27397<sshd-session> 22:19:15 close(13</sys/fs/selinux/class/chr_file/perms/swapon>) = 0
27397<sshd-session> 22:19:15 openat(AT_FDCWD</>, "/sys/fs/selinux/class/chr_file/perms/execute", O_RDONLY|O_CLOEXEC) = 13</sys/fs/selinux/class/chr_file/perms/execute>
27397<sshd-session> 22:19:15 fstat(13</sys/fs/selinux/class/chr_file/perms/execute>, {st_mode=S_IFREG|0444, st_size=0, ...}) = 0
27397<sshd-session> 22:19:15 read(13</sys/fs/selinux/class/chr_file/perms/execute>, "15", 19) = 2
27397<sshd-session> 22:19:15 close(13</sys/fs/selinux/class/chr_file/perms/execute>) = 0
27397<sshd-session> 22:19:15 openat(AT_FDCWD</>, "/sys/fs/selinux/class/chr_file/perms/rename", O_RDONLY|O_CLOEXEC) = 13</sys/fs/selinux/class/chr_file/perms/rename>
27397<sshd-session> 22:19:15 fstat(13</sys/fs/selinux/class/chr_file/perms/rename>, {st_mode=S_IFREG|0444, st_size=0, ...}) = 0
27397<sshd-session> 22:19:15 read(13</sys/fs/selinux/class/chr_file/perms/rename>, "14", 19) = 2
27397<sshd-session> 22:19:15 close(13</sys/fs/selinux/class/chr_file/perms/rename>) = 0
27397<sshd-session> 22:19:15 openat(AT_FDCWD</>, "/sys/fs/selinux/class/chr_file/perms/link", O_RDONLY|O_CLOEXEC) = 13</sys/fs/selinux/class/chr_file/perms/link>
27397<sshd-session> 22:19:15 fstat(13</sys/fs/selinux/class/chr_file/perms/link>, {st_mode=S_IFREG|0444, st_size=0, ...}) = 0
27397<sshd-session> 22:19:15 read(13</sys/fs/selinux/class/chr_file/perms/link>, "13", 19) = 2
27397<sshd-session> 22:19:15 close(13</sys/fs/selinux/class/chr_file/perms/link>) = 0
27397<sshd-session> 22:19:15 openat(AT_FDCWD</>, "/sys/fs/selinux/class/chr_file/perms/unlink", O_RDONLY|O_CLOEXEC) = 13</sys/fs/selinux/class/chr_file/perms/unlink>
27397<sshd-session> 22:19:15 fstat(13</sys/fs/selinux/class/chr_file/perms/unlink>, {st_mode=S_IFREG|0444, st_size=0, ...}) = 0
27397<sshd-session> 22:19:15 read(13</sys/fs/selinux/class/chr_file/perms/unlink>, "12", 19) = 2
27397<sshd-session> 22:19:15 close(13</sys/fs/selinux/class/chr_file/perms/unlink>) = 0
27397<sshd-session> 22:19:15 openat(AT_FDCWD</>, "/sys/fs/selinux/class/chr_file/perms/map", O_RDONLY|O_CLOEXEC) = 13</sys/fs/selinux/class/chr_file/perms/map>
27397<sshd-session> 22:19:15 fstat(13</sys/fs/selinux/class/chr_file/perms/map>, {st_mode=S_IFREG|0444, st_size=0, ...}) = 0
27397<sshd-session> 22:19:15 read(13</sys/fs/selinux/class/chr_file/perms/map>, "11", 19) = 2
27397<sshd-session> 22:19:15 close(13</sys/fs/selinux/class/chr_file/perms/map>) = 0
27397<sshd-session> 22:19:15 openat(AT_FDCWD</>, "/sys/fs/selinux/class/chr_file/perms/append", O_RDONLY|O_CLOEXEC) = 13</sys/fs/selinux/class/chr_file/perms/append>
27397<sshd-session> 22:19:15 fstat(13</sys/fs/selinux/class/chr_file/perms/append>, {st_mode=S_IFREG|0444, st_size=0, ...}) = 0
27397<sshd-session> 22:19:15 read(13</sys/fs/selinux/class/chr_file/perms/append>, "10", 19) = 2
27397<sshd-session> 22:19:15 close(13</sys/fs/selinux/class/chr_file/perms/append>) = 0
27397<sshd-session> 22:19:15 openat(AT_FDCWD</>, "/sys/fs/selinux/class/chr_file/perms/relabelto", O_RDONLY|O_CLOEXEC) = 13</sys/fs/selinux/class/chr_file/perms/relabelto>
27397<sshd-session> 22:19:15 fstat(13</sys/fs/selinux/class/chr_file/perms/relabelto>, {st_mode=S_IFREG|0444, st_size=0, ...}) = 0
27397<sshd-session> 22:19:15 read(13</sys/fs/selinux/class/chr_file/perms/relabelto>, "9", 19) = 1
27397<sshd-session> 22:19:15 close(13</sys/fs/selinux/class/chr_file/perms/relabelto>) = 0
27397<sshd-session> 22:19:15 openat(AT_FDCWD</>, "/sys/fs/selinux/class/chr_file/perms/relabelfrom", O_RDONLY|O_CLOEXEC) = 13</sys/fs/selinux/class/chr_file/perms/relabelfrom>
27397<sshd-session> 22:19:15 fstat(13</sys/fs/selinux/class/chr_file/perms/relabelfrom>, {st_mode=S_IFREG|0444, st_size=0, ...}) = 0
27397<sshd-session> 22:19:15 read(13</sys/fs/selinux/class/chr_file/perms/relabelfrom>, "8", 19) = 1
27397<sshd-session> 22:19:15 close(13</sys/fs/selinux/class/chr_file/perms/relabelfrom>) = 0
27397<sshd-session> 22:19:15 openat(AT_FDCWD</>, "/sys/fs/selinux/class/chr_file/perms/lock", O_RDONLY|O_CLOEXEC) = 13</sys/fs/selinux/class/chr_file/perms/lock>
27397<sshd-session> 22:19:15 fstat(13</sys/fs/selinux/class/chr_file/perms/lock>, {st_mode=S_IFREG|0444, st_size=0, ...}) = 0
27397<sshd-session> 22:19:15 read(13</sys/fs/selinux/class/chr_file/perms/lock>, "7", 19) = 1
27397<sshd-session> 22:19:15 close(13</sys/fs/selinux/class/chr_file/perms/lock>) = 0
27397<sshd-session> 22:19:15 openat(AT_FDCWD</>, "/sys/fs/selinux/class/chr_file/perms/setattr", O_RDONLY|O_CLOEXEC) = 13</sys/fs/selinux/class/chr_file/perms/setattr>
27397<sshd-session> 22:19:15 fstat(13</sys/fs/selinux/class/chr_file/perms/setattr>, {st_mode=S_IFREG|0444, st_size=0, ...}) = 0
27397<sshd-session> 22:19:15 read(13</sys/fs/selinux/class/chr_file/perms/setattr>, "6", 19) = 1
27397<sshd-session> 22:19:15 close(13</sys/fs/selinux/class/chr_file/perms/setattr>) = 0
27397<sshd-session> 22:19:15 openat(AT_FDCWD</>, "/sys/fs/selinux/class/chr_file/perms/getattr", O_RDONLY|O_CLOEXEC) = 13</sys/fs/selinux/class/chr_file/perms/getattr>
27397<sshd-session> 22:19:15 fstat(13</sys/fs/selinux/class/chr_file/perms/getattr>, {st_mode=S_IFREG|0444, st_size=0, ...}) = 0
27397<sshd-session> 22:19:15 read(13</sys/fs/selinux/class/chr_file/perms/getattr>, "5", 19) = 1
27397<sshd-session> 22:19:15 close(13</sys/fs/selinux/class/chr_file/perms/getattr>) = 0
27397<sshd-session> 22:19:15 openat(AT_FDCWD</>, "/sys/fs/selinux/class/chr_file/perms/create", O_RDONLY|O_CLOEXEC) = 13</sys/fs/selinux/class/chr_file/perms/create>
27397<sshd-session> 22:19:15 fstat(13</sys/fs/selinux/class/chr_file/perms/create>, {st_mode=S_IFREG|0444, st_size=0, ...}) = 0
27397<sshd-session> 22:19:15 read(13</sys/fs/selinux/class/chr_file/perms/create>, "4", 19) = 1
27397<sshd-session> 22:19:15 close(13</sys/fs/selinux/class/chr_file/perms/create>) = 0
27397<sshd-session> 22:19:15 openat(AT_FDCWD</>, "/sys/fs/selinux/class/chr_file/perms/write", O_RDONLY|O_CLOEXEC) = 13</sys/fs/selinux/class/chr_file/perms/write>
27397<sshd-session> 22:19:15 fstat(13</sys/fs/selinux/class/chr_file/perms/write>, {st_mode=S_IFREG|0444, st_size=0, ...}) = 0
27397<sshd-session> 22:19:15 read(13</sys/fs/selinux/class/chr_file/perms/write>, "3", 19) = 1
27397<sshd-session> 22:19:15 close(13</sys/fs/selinux/class/chr_file/perms/write>) = 0
27397<sshd-session> 22:19:15 openat(AT_FDCWD</>, "/sys/fs/selinux/class/chr_file/perms/read", O_RDONLY|O_CLOEXEC) = 13</sys/fs/selinux/class/chr_file/perms/read>
27397<sshd-session> 22:19:15 fstat(13</sys/fs/selinux/class/chr_file/perms/read>, {st_mode=S_IFREG|0444, st_size=0, ...}) = 0
27397<sshd-session> 22:19:15 read(13</sys/fs/selinux/class/chr_file/perms/read>, "2", 19) = 1
27397<sshd-session> 22:19:15 close(13</sys/fs/selinux/class/chr_file/perms/read>) = 0
27397<sshd-session> 22:19:15 openat(AT_FDCWD</>, "/sys/fs/selinux/class/chr_file/perms/ioctl", O_RDONLY|O_CLOEXEC) = 13</sys/fs/selinux/class/chr_file/perms/ioctl>
27397<sshd-session> 22:19:15 fstat(13</sys/fs/selinux/class/chr_file/perms/ioctl>, {st_mode=S_IFREG|0444, st_size=0, ...}) = 0
27397<sshd-session> 22:19:15 read(13</sys/fs/selinux/class/chr_file/perms/ioctl>, "1", 19) = 1
27397<sshd-session> 22:19:15 close(13</sys/fs/selinux/class/chr_file/perms/ioctl>) = 0
27397<sshd-session> 22:19:15 getdents64(12</sys/fs/selinux/class/chr_file/perms>, 0x55e03079e490 /* 0 entries */, 32768) = 0
27397<sshd-session> 22:19:15 close(12</sys/fs/selinux/class/chr_file/perms>) = 0
27397<sshd-session> 22:19:15 openat(AT_FDCWD</>, "/sys/fs/selinux/relabel", O_RDWR|O_CLOEXEC) = 12</sys/fs/selinux/relabel>
27397<sshd-session> 22:19:15 write(12</sys/fs/selinux/relabel>, "unconfined_u:unconfined_r:unconf"..., 99) = 99
27397<sshd-session> 22:19:15 read(12</sys/fs/selinux/relabel>, "unconfined_u:object_r:user_devpt"..., 4095) = 39
27397<sshd-session> 22:19:15 close(12</sys/fs/selinux/relabel>) = 0
27397<sshd-session> 22:19:15 setxattr("/dev/pts/6", "security.selinux", "unconfined_u:object_r:user_devpt"..., 39, 0) = 0
27397<sshd-session> 22:19:15 chown("/dev/pts/6", 1000, 5) = 0
27397<sshd-session> 22:19:15 chmod("/dev/pts/6", 0620) = 0
27397<sshd-session> 22:19:15 dup2(11</dev/pts/6<char 136:6>>, 0</dev/null<char 1:3>>) = 0</dev/pts/6<char 136:6>>
27397<sshd-session> 22:19:15 getpeername(7<TCP:[127.0.0.1:22->127.0.0.1:60704]>, {sa_family=AF_INET, sin_port=htons(60704), sin_addr=inet_addr("127.0.0.1")}, [128 => 16]) = 0
27397<sshd-session> 22:19:15 newfstatat(AT_FDCWD</>, "/etc/nsswitch.conf", {st_mode=S_IFREG|0644, st_size=687, ...}, 0) = 0
27397<sshd-session> 22:19:15 openat(AT_FDCWD</>, "/etc/passwd", O_RDONLY|O_CLOEXEC) = 12</etc/passwd>
27397<sshd-session> 22:19:15 fstat(12</etc/passwd>, {st_mode=S_IFREG|0644, st_size=3346, ...}) = 0
27397<sshd-session> 22:19:15 lseek(12</etc/passwd>, 0, SEEK_SET) = 0
27397<sshd-session> 22:19:15 read(12</etc/passwd>, "root:x:0:0:Super User:/root:/bin"..., 4096) = 3346
27397<sshd-session> 22:19:15 close(12</etc/passwd>) = 0
27397<sshd-session> 22:19:15 newfstatat(AT_FDCWD</>, "/var/log/lastlog", {st_mode=S_IFREG|0664, st_size=292292, ...}, 0) = 0
27397<sshd-session> 22:19:15 openat(AT_FDCWD</>, "/var/log/lastlog", O_RDONLY) = 12</var/log/lastlog>
27397<sshd-session> 22:19:15 lseek(12</var/log/lastlog>, 292000, SEEK_SET) = 292000
27397<sshd-session> 22:19:15 read(12</var/log/lastlog>, "*\260\366ipts/6\0\0\0\0\0\0\0\0\0\0\0\0\0\0\0\0\0\0\0\0\0\0\0"..., 292) = 292
27397<sshd-session> 22:19:15 close(12</var/log/lastlog>) = 0
27397<sshd-session> 22:19:15 newfstatat(AT_FDCWD</>, "/etc/localtime", {st_mode=S_IFREG|0644, st_size=3552, ...}, 0) = 0
27397<sshd-session> 22:19:15 newfstatat(AT_FDCWD</>, "/etc/nsswitch.conf", {st_mode=S_IFREG|0644, st_size=687, ...}, 0) = 0
27397<sshd-session> 22:19:15 openat(AT_FDCWD</>, "/etc/passwd", O_RDONLY|O_CLOEXEC) = 12</etc/passwd>
27397<sshd-session> 22:19:15 fstat(12</etc/passwd>, {st_mode=S_IFREG|0644, st_size=3346, ...}) = 0
27397<sshd-session> 22:19:15 lseek(12</etc/passwd>, 0, SEEK_SET) = 0
27397<sshd-session> 22:19:15 read(12</etc/passwd>, "root:x:0:0:Super User:/root:/bin"..., 4096) = 3346
27397<sshd-session> 22:19:15 close(12</etc/passwd>) = 0
27397<sshd-session> 22:19:15 geteuid()  = 0
27397<sshd-session> 22:19:15 getpid()   = 27397<sshd-session>
27397<sshd-session> 22:19:15 ioctl(0</dev/pts/6<char 136:6>>, TCGETS2, {c_iflag=ICRNL|IXON, c_oflag=NL0|CR0|TAB0|BS0|VT0|FF0|OPOST|ONLCR, c_cflag=B38400|CS8|CREAD, c_lflag=ISIG|ICANON|ECHO|ECHOE|ECHOK|IEXTEN|ECHOCTL|ECHOKE, ...}) = 0
27397<sshd-session> 22:19:15 fstat(0</dev/pts/6<char 136:6>>, {st_mode=S_IFCHR|0620, st_rdev=makedev(0x88, 0x6), ...}) = 0
27397<sshd-session> 22:19:15 readlink("/proc/self/fd/0", "/dev/pts/6", 4127) = 10
27397<sshd-session> 22:19:15 newfstatat(AT_FDCWD</>, "/dev/pts/6", {st_mode=S_IFCHR|0620, st_rdev=makedev(0x88, 0x6), ...}, 0) = 0
27397<sshd-session> 22:19:15 access("/var/run/utmpx", F_OK) = -1 ENOENT (No such file or directory)
27397<sshd-session> 22:19:15 openat(AT_FDCWD</>, "/var/run/utmp", O_RDONLY|O_CLOEXEC) = 12</run/utmp>
27397<sshd-session> 22:19:15 lseek(12</run/utmp>, 0, SEEK_SET) = 0
27397<sshd-session> 22:19:15 access("/var/run/utmpx", F_OK) = -1 ENOENT (No such file or directory)
27397<sshd-session> 22:19:15 openat(AT_FDCWD</>, "/var/run/utmp", O_RDWR|O_CLOEXEC) = 13</run/utmp>
27397<sshd-session> 22:19:15 dup2(13</run/utmp>, 12</run/utmp>) = 12</run/utmp>
27397<sshd-session> 22:19:15 close(13</run/utmp>) = 0
27397<sshd-session> 22:19:15 alarm(0)   = 0
27397<sshd-session> 22:19:15 rt_sigaction(SIGALRM, {sa_handler=0x7f26d594b590, sa_mask=[], sa_flags=SA_RESTORER, sa_restorer=0x7f26d581f5b0}, {sa_handler=SIG_DFL, sa_mask=~[KILL STOP RTMIN RT_1], sa_flags=SA_RESTORER, sa_restorer=0x7f26d581f5b0}, 8) = 0
27397<sshd-session> 22:19:15 alarm(10)  = 0
27397<sshd-session> 22:19:15 fcntl(12</run/utmp>, F_SETLKW, {l_type=F_WRLCK, l_whence=SEEK_SET, l_start=0, l_len=0}) = 0
27397<sshd-session> 22:19:15 alarm(0)   = 10
27397<sshd-session> 22:19:15 rt_sigaction(SIGALRM, {sa_handler=SIG_DFL, sa_mask=~[KILL STOP RTMIN RT_1], sa_flags=SA_RESTORER, sa_restorer=0x7f26d581f5b0}, NULL, 8) = 0
27397<sshd-session> 22:19:15 pread64(12</run/utmp>, "\2\0\0\0\0\0\0\0~\0\0\0\0\0\0\0\0\0\0\0\0\0\0\0\0\0\0\0\0\0\0\0"..., 384, 0) = 384
27397<sshd-session> 22:19:15 pread64(12</run/utmp>, "\7\0\0\0s\n\0\0tty2\0\0\0\0\0\0\0\0\0\0\0\0\0\0\0\0\0\0\0\0"..., 384, 384) = 384
27397<sshd-session> 22:19:15 pread64(12</run/utmp>, "\10\0\0\0U\21\0\0pts/1\0\0\0\0\0\0\0\0\0\0\0\0\0\0\0\0\0\0\0"..., 384, 768) = 384
27397<sshd-session> 22:19:15 pread64(12</run/utmp>, "\7\0\0\0\302`\0\0pts/3\0\0\0\0\0\0\0\0\0\0\0\0\0\0\0\0\0\0\0"..., 384, 1152) = 384
27397<sshd-session> 22:19:15 pread64(12</run/utmp>, "\7\0\0\0sa\0\0pts/4\0\0\0\0\0\0\0\0\0\0\0\0\0\0\0\0\0\0\0"..., 384, 1536) = 384
27397<sshd-session> 22:19:15 pread64(12</run/utmp>, "\10\0\0\0Kj\0\0pts/6\0\0\0\0\0\0\0\0\0\0\0\0\0\0\0\0\0\0\0"..., 384, 1920) = 384
27397<sshd-session> 22:19:15 lseek(12</run/utmp>, 1920, SEEK_SET) = 1920
27397<sshd-session> 22:19:15 write(12</run/utmp>, "\7\0\0\0\5k\0\0pts/6\0\0\0\0\0\0\0\0\0\0\0\0\0\0\0\0\0\0\0"..., 384) = 384
27397<sshd-session> 22:19:15 fcntl(12</run/utmp>, F_SETLKW, {l_type=F_UNLCK, l_whence=SEEK_SET, l_start=0, l_len=0}) = 0
27397<sshd-session> 22:19:15 close(12</run/utmp>) = 0
27397<sshd-session> 22:19:15 access("/var/log/wtmpx", F_OK) = -1 ENOENT (No such file or directory)
27397<sshd-session> 22:19:15 openat(AT_FDCWD</>, "/var/log/wtmp", O_WRONLY|O_CLOEXEC) = 12</var/log/wtmp>
27397<sshd-session> 22:19:15 alarm(0)   = 0
27397<sshd-session> 22:19:15 rt_sigaction(SIGALRM, {sa_handler=0x7f26d594b590, sa_mask=[], sa_flags=SA_RESTORER, sa_restorer=0x7f26d581f5b0}, {sa_handler=SIG_DFL, sa_mask=~[KILL STOP RTMIN RT_1], sa_flags=SA_RESTORER, sa_restorer=0x7f26d581f5b0}, 8) = 0
27397<sshd-session> 22:19:15 alarm(10)  = 0
27397<sshd-session> 22:19:15 fcntl(12</var/log/wtmp>, F_SETLKW, {l_type=F_WRLCK, l_whence=SEEK_SET, l_start=0, l_len=0}) = 0
27397<sshd-session> 22:19:15 alarm(0)   = 10
27397<sshd-session> 22:19:15 rt_sigaction(SIGALRM, {sa_handler=SIG_DFL, sa_mask=~[KILL STOP RTMIN RT_1], sa_flags=SA_RESTORER, sa_restorer=0x7f26d581f5b0}, NULL, 8) = 0
27397<sshd-session> 22:19:15 lseek(12</var/log/wtmp>, 0, SEEK_END) = 4608
27397<sshd-session> 22:19:15 write(12</var/log/wtmp>, "\7\0\0\0\5k\0\0pts/6\0\0\0\0\0\0\0\0\0\0\0\0\0\0\0\0\0\0\0"..., 384) = 384
27397<sshd-session> 22:19:15 fcntl(12</var/log/wtmp>, F_SETLKW, {l_type=F_UNLCK, l_whence=SEEK_SET, l_start=0, l_len=0}) = 0
27397<sshd-session> 22:19:15 close(12</var/log/wtmp>) = 0
27397<sshd-session> 22:19:15 newfstatat(AT_FDCWD</>, "/var/log/lastlog", {st_mode=S_IFREG|0664, st_size=292292, ...}, 0) = 0
27397<sshd-session> 22:19:15 openat(AT_FDCWD</>, "/var/log/lastlog", O_RDWR|O_CREAT, 0600) = 12</var/log/lastlog>
27397<sshd-session> 22:19:15 lseek(12</var/log/lastlog>, 292000, SEEK_SET) = 292000
27397<sshd-session> 22:19:15 write(12</var/log/lastlog>, "\243\260\366ipts/6\0\0\0\0\0\0\0\0\0\0\0\0\0\0\0\0\0\0\0\0\0\0\0"..., 292) = 292
27397<sshd-session> 22:19:15 close(12</var/log/lastlog>) = 0
27397<sshd-session> 22:19:15 socket(AF_NETLINK, SOCK_RAW|SOCK_CLOEXEC, NETLINK_AUDIT) = 12<NETLINK:[145889]>
27397<sshd-session> 22:19:15 uname({sysname="Linux", nodename="fedora", ...}) = 0
27397<sshd-session> 22:19:15 sendto(12<NETLINK:[145889]>, [{nlmsg_len=136, nlmsg_type=0x458 /* NLMSG_??? */, nlmsg_flags=NLM_F_REQUEST|NLM_F_ACK, nlmsg_seq=9, nlmsg_pid=0}, "\x6f\x70\x3d\x6c\x6f\x67\x69\x6e\x20\x69\x64\x3d\x31\x30\x30\x30\x20\x65\x78\x65\x3d\x22\x2f\x75\x73\x72\x2f\x6c\x69\x62\x65\x78"...], 136, 0, {sa_family=AF_NETLINK, nl_pid=0, nl_groups=00000000}, 12) = 136
27397<sshd-session> 22:19:15 poll([{fd=12<NETLINK:[AUDIT:27397]>, events=POLLIN}], 1, 500) = 1 ([{fd=12, revents=POLLIN}])
27397<sshd-session> 22:19:15 recvfrom(12<NETLINK:[AUDIT:27397]>, [{nlmsg_len=36, nlmsg_type=NLMSG_ERROR, nlmsg_flags=NLM_F_CAPPED, nlmsg_seq=9, nlmsg_pid=27397<sshd-session>}, {error=0, msg={nlmsg_len=136, nlmsg_type=0x458 /* AUDIT_??? */, nlmsg_flags=NLM_F_REQUEST|NLM_F_ACK, nlmsg_seq=9, nlmsg_pid=0}}], 8988, MSG_PEEK|MSG_DONTWAIT, {sa_family=AF_NETLINK, nl_pid=0, nl_groups=00000000}, [12]) = 36
27397<sshd-session> 22:19:15 recvfrom(12<NETLINK:[AUDIT:27397]>, [{nlmsg_len=36, nlmsg_type=NLMSG_ERROR, nlmsg_flags=NLM_F_CAPPED, nlmsg_seq=9, nlmsg_pid=27397<sshd-session>}, {error=0, msg={nlmsg_len=136, nlmsg_type=0x458 /* AUDIT_??? */, nlmsg_flags=NLM_F_REQUEST|NLM_F_ACK, nlmsg_seq=9, nlmsg_pid=0}}], 8988, MSG_DONTWAIT, {sa_family=AF_NETLINK, nl_pid=0, nl_groups=00000000}, [12]) = 36
27397<sshd-session> 22:19:15 close(12<NETLINK:[AUDIT:27397]>) = 0
27397<sshd-session> 22:19:15 socket(AF_NETLINK, SOCK_RAW|SOCK_CLOEXEC, NETLINK_AUDIT) = 12<NETLINK:[145345]>
27397<sshd-session> 22:19:15 sendto(12<NETLINK:[145345]>, [{nlmsg_len=136, nlmsg_type=0x451 /* NLMSG_??? */, nlmsg_flags=NLM_F_REQUEST|NLM_F_ACK, nlmsg_seq=10, nlmsg_pid=0}, "\x6f\x70\x3d\x6c\x6f\x67\x69\x6e\x20\x69\x64\x3d\x31\x30\x30\x30\x20\x65\x78\x65\x3d\x22\x2f\x75\x73\x72\x2f\x6c\x69\x62\x65\x78"...], 136, 0, {sa_family=AF_NETLINK, nl_pid=0, nl_groups=00000000}, 12) = 136
27397<sshd-session> 22:19:15 poll([{fd=12<NETLINK:[AUDIT:27397]>, events=POLLIN}], 1, 500) = 1 ([{fd=12, revents=POLLIN}])
27397<sshd-session> 22:19:15 recvfrom(12<NETLINK:[AUDIT:27397]>, [{nlmsg_len=36, nlmsg_type=NLMSG_ERROR, nlmsg_flags=NLM_F_CAPPED, nlmsg_seq=10, nlmsg_pid=27397<sshd-session>}, {error=0, msg={nlmsg_len=136, nlmsg_type=0x451 /* AUDIT_??? */, nlmsg_flags=NLM_F_REQUEST|NLM_F_ACK, nlmsg_seq=10, nlmsg_pid=0}}], 8988, MSG_PEEK|MSG_DONTWAIT, {sa_family=AF_NETLINK, nl_pid=0, nl_groups=00000000}, [12]) = 36
27397<sshd-session> 22:19:15 recvfrom(12<NETLINK:[AUDIT:27397]>, [{nlmsg_len=36, nlmsg_type=NLMSG_ERROR, nlmsg_flags=NLM_F_CAPPED, nlmsg_seq=10, nlmsg_pid=27397<sshd-session>}, {error=0, msg={nlmsg_len=136, nlmsg_type=0x451 /* AUDIT_??? */, nlmsg_flags=NLM_F_REQUEST|NLM_F_ACK, nlmsg_seq=10, nlmsg_pid=0}}], 8988, MSG_DONTWAIT, {sa_family=AF_NETLINK, nl_pid=0, nl_groups=00000000}, [12]) = 36
27397<sshd-session> 22:19:15 close(12<NETLINK:[AUDIT:27397]>) = 0
27397<sshd-session> 22:19:15 close(0</dev/pts/6<char 136:6>>) = 0
27397<sshd-session> 22:19:15 write(10<UNIX-STREAM:[145330->145329]>, "\0\0\0L\35", 5) = 5
27407<sshd-session> 22:19:15 <... read resumed>, "\0\0\0L", 4) = 4
27397<sshd-session> 22:19:15 write(10<UNIX-STREAM:[145330->145329]>, "\0\0\0\1\0\0\0\n/dev/pts/6\0\0\0005Last login"..., 75 <unfinished ...>
27407<sshd-session> 22:19:15 read(8<UNIX-STREAM:[145329->145330]> <unfinished ...>
27397<sshd-session> 22:19:15 <... write resumed>) = 75
27407<sshd-session> 22:19:15 <... read resumed>, "\35\0\0\0\1\0\0\0\n/dev/pts/6\0\0\0005Last logi"..., 76) = 76
27397<sshd-session> 22:19:15 sendmsg(10<UNIX-STREAM:[145330->145329]>, {msg_name=NULL, msg_namelen=0, msg_iov=[{iov_base="\0", iov_len=1}], msg_iovlen=1, msg_control=[{cmsg_len=20, cmsg_level=SOL_SOCKET, cmsg_type=SCM_RIGHTS, cmsg_data=[8</dev/ptmx<char 5:2 @/dev/pts/6>>]}], msg_controllen=24, msg_flags=0}, 0 <unfinished ...>
27407<sshd-session> 22:19:15 recvmsg(8<UNIX-STREAM:[145329->145330]> <unfinished ...>
27397<sshd-session> 22:19:15 <... sendmsg resumed>) = 1
27407<sshd-session> 22:19:15 <... recvmsg resumed>, {msg_name=NULL, msg_namelen=0, msg_iov=[{iov_base="\0", iov_len=1}], msg_iovlen=1, msg_control=[{cmsg_len=20, cmsg_level=SOL_SOCKET, cmsg_type=SCM_RIGHTS, cmsg_data=[10</dev/ptmx<char 5:2 @/dev/pts/6>>]}], msg_controllen=24, msg_flags=0}, 0) = 1
27397<sshd-session> 22:19:15 sendmsg(10<UNIX-STREAM:[145330->145329]>, {msg_name=NULL, msg_namelen=0, msg_iov=[{iov_base="\0", iov_len=1}], msg_iovlen=1, msg_control=[{cmsg_len=20, cmsg_level=SOL_SOCKET, cmsg_type=SCM_RIGHTS, cmsg_data=[11</dev/pts/6<char 136:6>>]}], msg_controllen=24, msg_flags=0}, 0 <unfinished ...>
27407<sshd-session> 22:19:15 recvmsg(8<UNIX-STREAM:[145329->145330]> <unfinished ...>
27397<sshd-session> 22:19:15 <... sendmsg resumed>) = 1
27407<sshd-session> 22:19:15 <... recvmsg resumed>, {msg_name=NULL, msg_namelen=0, msg_iov=[{iov_base="\0", iov_len=1}], msg_iovlen=1, msg_control=[{cmsg_len=20, cmsg_level=SOL_SOCKET, cmsg_type=SCM_RIGHTS, cmsg_data=[11</dev/pts/6<char 136:6>>]}], msg_controllen=24, msg_flags=0}, 0) = 1
27397<sshd-session> 22:19:15 openat(AT_FDCWD</>, "/dev/null", O_RDONLY <unfinished ...>
27407<sshd-session> 22:19:15 ioctl(11</dev/pts/6<char 136:6>>, TCGETS2 <unfinished ...>
27397<sshd-session> 22:19:15 <... openat resumed>) = 0</dev/null<char 1:3>>
27407<sshd-session> 22:19:15 <... ioctl resumed>, {c_iflag=ICRNL|IXON, c_oflag=NL0|CR0|TAB0|BS0|VT0|FF0|OPOST|ONLCR, c_cflag=B38400|CS8|CREAD, c_lflag=ISIG|ICANON|ECHO|ECHOE|ECHOK|IEXTEN|ECHOCTL|ECHOKE, ...}) = 0
27397<sshd-session> 22:19:15 close(11</dev/pts/6<char 136:6>> <unfinished ...>
27407<sshd-session> 22:19:15 ioctl(11</dev/pts/6<char 136:6>>, TCSETS2, {c_iflag=ICRNL|IXON|IUTF8, c_oflag=NL0|CR0|TAB0|BS0|VT0|FF0|OPOST|ONLCR, c_cflag=B38400|CS8|CREAD, c_lflag=ISIG|ICANON|ECHO|ECHOE|ECHOK|IEXTEN|ECHOCTL|ECHOKE, ...} <unfinished ...>
27397<sshd-session> 22:19:15 <... close resumed>) = 0
27407<sshd-session> 22:19:15 <... ioctl resumed>) = 0
27397<sshd-session> 22:19:15 poll([{fd=10<UNIX-STREAM:[145330->145329]>, events=POLLIN}], 1, -1 <unfinished ...>
27407<sshd-session> 22:19:15 ioctl(10</dev/ptmx<char 5:2 @/dev/pts/6>>, TIOCSWINSZ, {ws_row=39, ws_col=212, ws_xpixel=0, ws_ypixel=0}) = 0
27407<sshd-session> 22:19:15 newfstatat(AT_FDCWD</>, "/dev/log", {st_mode=S_IFLNK|0777, st_size=28, ...}, AT_SYMLINK_NOFOLLOW) = 0
27407<sshd-session> 22:19:15 pipe2([12<pipe:[145346]>, 13<pipe:[145346]>], 0) = 0
27407<sshd-session> 22:19:15 dup(10</dev/ptmx<char 5:2 @/dev/pts/6>>) = 14</dev/ptmx<char 5:2 @/dev/pts/6>>
27407<sshd-session> 22:19:15 dup(10</dev/ptmx<char 5:2 @/dev/pts/6>>) = 15</dev/ptmx<char 5:2 @/dev/pts/6>>
27407<sshd-session> 22:19:15 rt_sigprocmask(SIG_BLOCK, ~[], [], 8) = 0
27407<sshd-session> 22:19:15 clone(child_stack=NULL, flags=CLONE_CHILD_CLEARTID|CLONE_CHILD_SETTID|SIGCHLD, child_tidptr=0x7f26d5fb1610) = 27408<sshd-session>
27408<sshd-session> 22:19:15 set_robust_list(0x7f26d5fb1620, 24) = 0
27407<sshd-session> 22:19:15 rt_sigprocmask(SIG_SETMASK, [] <unfinished ...>
27408<sshd-session> 22:19:15 rt_sigprocmask(SIG_SETMASK, [] <unfinished ...>
27407<sshd-session> 22:19:15 <... rt_sigprocmask resumed>, NULL, 8) = 0
27408<sshd-session> 22:19:15 <... rt_sigprocmask resumed>, NULL, 8) = 0
27407<sshd-session> 22:19:15 close(11</dev/pts/6<char 136:6>>) = 0
27408<sshd-session> 22:19:15 close(14</dev/ptmx<char 5:2 @/dev/pts/6>> <unfinished ...>
27407<sshd-session> 22:19:15 fcntl(14</dev/ptmx<char 5:2 @/dev/pts/6>>, F_SETFD, FD_CLOEXEC <unfinished ...>
27408<sshd-session> 22:19:15 <... close resumed>) = 0
27407<sshd-session> 22:19:15 <... fcntl resumed>) = 0
27408<sshd-session> 22:19:15 close(15</dev/ptmx<char 5:2 @/dev/pts/6>> <unfinished ...>
27407<sshd-session> 22:19:15 fcntl(10</dev/ptmx<char 5:2 @/dev/pts/6>>, F_SETFD, FD_CLOEXEC <unfinished ...>
27408<sshd-session> 22:19:15 <... close resumed>) = 0
27408<sshd-session> 22:19:15 close(10</dev/ptmx<char 5:2 @/dev/pts/6>> <unfinished ...>
27407<sshd-session> 22:19:15 <... fcntl resumed>) = 0
27408<sshd-session> 22:19:15 <... close resumed>) = 0
27408<sshd-session> 22:19:15 openat(AT_FDCWD</>, "/dev/tty", O_RDWR|O_NOCTTY <unfinished ...>
27407<sshd-session> 22:19:15 fcntl(14</dev/ptmx<char 5:2 @/dev/pts/6>>, F_GETFL <unfinished ...>
27408<sshd-session> 22:19:15 <... openat resumed>) = -1 ENXIO (No such device or address)
27407<sshd-session> 22:19:15 <... fcntl resumed>) = 0x8002 (flags O_RDWR|O_LARGEFILE)
27408<sshd-session> 22:19:15 setsid( <unfinished ...>
27407<sshd-session> 22:19:15 fcntl(14</dev/ptmx<char 5:2 @/dev/pts/6>>, F_SETFL, O_RDWR|O_NONBLOCK|O_LARGEFILE <unfinished ...>
27408<sshd-session> 22:19:15 <... setsid resumed>) = 27408
27407<sshd-session> 22:19:15 <... fcntl resumed>) = 0
27408<sshd-session> 22:19:15 openat(AT_FDCWD</>, "/dev/tty", O_RDWR|O_NOCTTY <unfinished ...>
27407<sshd-session> 22:19:15 fcntl(10</dev/ptmx<char 5:2 @/dev/pts/6>>, F_GETFL <unfinished ...>
27408<sshd-session> 22:19:15 <... openat resumed>) = -1 ENXIO (No such device or address)
27407<sshd-session> 22:19:15 <... fcntl resumed>) = 0x8802 (flags O_RDWR|O_NONBLOCK|O_LARGEFILE)
27408<sshd-session> 22:19:15 ioctl(11</dev/pts/6<char 136:6>>, TIOCSCTTY, 0 <unfinished ...>
27407<sshd-session> 22:19:15 close(13<pipe:[145346]> <unfinished ...>
27408<sshd-session> 22:19:15 <... ioctl resumed>) = 0
27408<sshd-session> 22:19:15 openat(AT_FDCWD</>, "/dev/pts/6", O_RDWR <unfinished ...>
27407<sshd-session> 22:19:15 <... close resumed>) = 0
27408<sshd-session> 22:19:15 <... openat resumed>) = 10</dev/pts/6<char 136:6>>
27407<sshd-session> 22:19:15 read(12<pipe:[145346]> <unfinished ...>
27408<sshd-session> 22:19:15 close(10</dev/pts/6<char 136:6>>) = 0
27408<sshd-session> 22:19:15 openat(AT_FDCWD</>, "/dev/tty", O_WRONLY) = 10</dev/tty<char 5:0>>
27408<sshd-session> 22:19:15 close(10</dev/tty<char 5:0>>) = 0
27408<sshd-session> 22:19:15 dup2(11</dev/pts/6<char 136:6>>, 0</dev/null<char 1:3>>) = 0</dev/pts/6<char 136:6>>
27408<sshd-session> 22:19:15 dup2(11</dev/pts/6<char 136:6>>, 1</dev/null<char 1:3>>) = 1</dev/pts/6<char 136:6>>
27408<sshd-session> 22:19:15 dup2(11</dev/pts/6<char 136:6>>, 2</dev/null<char 1:3>>) = 2</dev/pts/6<char 136:6>>
27408<sshd-session> 22:19:15 close(11</dev/pts/6<char 136:6>>) = 0
27408<sshd-session> 22:19:15 close(12<pipe:[145346]>) = 0
27408<sshd-session> 22:19:15 munmap(0x7f26d5359000, 266240) = 0
27408<sshd-session> 22:19:15 close(13<pipe:[145346]>) = 0
27407<sshd-session> 22:19:15 <... read resumed>, "", 4) = 0
27408<sshd-session> 22:19:15 getpeername(7<TCP:[127.0.0.1:22->127.0.0.1:60704]> <unfinished ...>
27407<sshd-session> 22:19:15 close(12<pipe:[145346]> <unfinished ...>
27408<sshd-session> 22:19:15 <... getpeername resumed>, {sa_family=AF_INET, sin_port=htons(60704), sin_addr=inet_addr("127.0.0.1")}, [128 => 16]) = 0
27407<sshd-session> 22:19:15 <... close resumed>) = 0
27408<sshd-session> 22:19:15 newfstatat(AT_FDCWD</>, "/home/catastor/.hushlogin" <unfinished ...>
27407<sshd-session> 22:19:15 rt_sigprocmask(SIG_BLOCK, [CHLD], [], 8) = 0
27408<sshd-session> 22:19:15 <... newfstatat resumed>, 0x7fffd551eea0, 0) = -1 ENOENT (No such file or directory)
27407<sshd-session> 22:19:15 ppoll([{fd=7<TCP:[127.0.0.1:22->127.0.0.1:60704]>, events=POLLIN}, {fd=7<TCP:[127.0.0.1:22->127.0.0.1:60704]>, events=POLLOUT}, {fd=14</dev/ptmx<char 5:2 @/dev/pts/6>>, events=POLLIN}], 3, NULL, [], 8 <unfinished ...>
27408<sshd-session> 22:19:15 fstat(1</dev/pts/6<char 136:6>> <unfinished ...>
27407<sshd-session> 22:19:15 <... ppoll resumed>) = 1 ([{fd=7, revents=POLLOUT}])
27408<sshd-session> 22:19:15 <... fstat resumed>, {st_mode=S_IFCHR|0620, st_rdev=makedev(0x88, 0x6), ...}) = 0
27407<sshd-session> 22:19:15 rt_sigprocmask(SIG_SETMASK, [] <unfinished ...>
27408<sshd-session> 22:19:15 write(1</dev/pts/6<char 136:6>>, "Activate the web console with: s"..., 69 <unfinished ...>
27407<sshd-session> 22:19:15 <... rt_sigprocmask resumed>, NULL, 8) = 0
27408<sshd-session> 22:19:15 <... write resumed>) = 69
27407<sshd-session> 22:19:15 write(7<TCP:[127.0.0.1:22->127.0.0.1:60704]>, "\0\0\0\20'\350/wy\353\375U\330\3211D.\303c-\215\363\312\346\216\364\346\265\0365\274\317"..., 108 <unfinished ...>
27408<sshd-session> 22:19:15 write(1</dev/pts/6<char 136:6>>, "\n", 1) = 1
27408<sshd-session> 22:19:15 write(1</dev/pts/6<char 136:6>>, "Last login: Sat May  2 22:17:14 "..., 53) = 53
27407<sshd-session> 22:19:15 <... write resumed>) = 108
27408<sshd-session> 22:19:15 getuid( <unfinished ...>
27407<sshd-session> 22:19:15 rt_sigprocmask(SIG_BLOCK, [CHLD] <unfinished ...>
27408<sshd-session> 22:19:15 <... getuid resumed>) = 1000
27407<sshd-session> 22:19:15 <... rt_sigprocmask resumed>, [], 8) = 0
27408<sshd-session> 22:19:15 geteuid( <unfinished ...>
27407<sshd-session> 22:19:15 ppoll([{fd=7<TCP:[127.0.0.1:22->127.0.0.1:60704]>, events=POLLIN}, {fd=7<TCP:[127.0.0.1:22->127.0.0.1:60704]>, events=0}, {fd=14</dev/ptmx<char 5:2 @/dev/pts/6>>, events=POLLIN}], 3, NULL, [], 8 <unfinished ...>
27408<sshd-session> 22:19:15 <... geteuid resumed>) = 1000
27407<sshd-session> 22:19:15 <... ppoll resumed>) = 1 ([{fd=14, revents=POLLIN}])
27408<sshd-session> 22:19:15 getuid()   = 1000
27407<sshd-session> 22:19:15 rt_sigprocmask(SIG_SETMASK, [] <unfinished ...>
27408<sshd-session> 22:19:15 geteuid( <unfinished ...>
27407<sshd-session> 22:19:15 <... rt_sigprocmask resumed>, NULL, 8) = 0
27408<sshd-session> 22:19:15 <... geteuid resumed>) = 1000
27408<sshd-session> 22:19:15 newfstatat(AT_FDCWD</>, "/home/catastor/.hushlogin" <unfinished ...>
27407<sshd-session> 22:19:15 read(14</dev/ptmx<char 5:2 @/dev/pts/6>> <unfinished ...>
27408<sshd-session> 22:19:15 <... newfstatat resumed>, 0x7fffd551e680, 0) = -1 ENOENT (No such file or directory)
27407<sshd-session> 22:19:15 <... read resumed>, "Activate the web console with: s"..., 32768) = 126
27407<sshd-session> 22:19:15 rt_sigprocmask(SIG_BLOCK, [CHLD] <unfinished ...>
27408<sshd-session> 22:19:15 getsockname(7<TCP:[127.0.0.1:22->127.0.0.1:60704]> <unfinished ...>
27407<sshd-session> 22:19:15 <... rt_sigprocmask resumed>, [], 8) = 0
27408<sshd-session> 22:19:15 <... getsockname resumed>, {sa_family=AF_INET, sin_port=htons(22), sin_addr=inet_addr("127.0.0.1")}, [128 => 16]) = 0
27407<sshd-session> 22:19:15 ppoll([{fd=7<TCP:[127.0.0.1:22->127.0.0.1:60704]>, events=POLLIN}, {fd=7<TCP:[127.0.0.1:22->127.0.0.1:60704]>, events=POLLOUT}, {fd=14</dev/ptmx<char 5:2 @/dev/pts/6>>, events=POLLIN}], 3, NULL, [], 8 <unfinished ...>
27408<sshd-session> 22:19:15 close(7<TCP:[127.0.0.1:22->127.0.0.1:60704]> <unfinished ...>
27407<sshd-session> 22:19:15 <... ppoll resumed>) = 1 ([{fd=7, revents=POLLOUT}])
27408<sshd-session> 22:19:15 <... close resumed>) = 0
27407<sshd-session> 22:19:15 rt_sigprocmask(SIG_SETMASK, [] <unfinished ...>
27408<sshd-session> 22:19:15 chdir("/home/catastor" <unfinished ...>
27407<sshd-session> 22:19:15 <... rt_sigprocmask resumed>, NULL, 8) = 0
27408<sshd-session> 22:19:15 <... chdir resumed>) = 0
27407<sshd-session> 22:19:15 write(7<TCP:[127.0.0.1:22->127.0.0.1:60704]>, "\0\0\0\220t\247|\251<C\5\261\324\201\343\362\321\20\345\364\346\344\225]\\h\201z\222k\26t"..., 164 <unfinished ...>
27408<sshd-session> 22:19:15 newfstatat(AT_FDCWD</home/catastor>, "/home/catastor/.ssh/rc" <unfinished ...>
27407<sshd-session> 22:19:15 <... write resumed>) = 164
27408<sshd-session> 22:19:15 <... newfstatat resumed>, 0x7fffd551e910, 0) = -1 ENOENT (No such file or directory)
27407<sshd-session> 22:19:15 rt_sigprocmask(SIG_BLOCK, [CHLD] <unfinished ...>
27408<sshd-session> 22:19:15 newfstatat(AT_FDCWD</home/catastor>, "/etc/ssh/sshrc" <unfinished ...>
27407<sshd-session> 22:19:15 <... rt_sigprocmask resumed>, [], 8) = 0
27408<sshd-session> 22:19:15 <... newfstatat resumed>, 0x7fffd551e910, 0) = -1 ENOENT (No such file or directory)
27407<sshd-session> 22:19:15 ppoll([{fd=7<TCP:[127.0.0.1:22->127.0.0.1:60704]>, events=POLLIN}, {fd=7<TCP:[127.0.0.1:22->127.0.0.1:60704]>, events=0}, {fd=14</dev/ptmx<char 5:2 @/dev/pts/6>>, events=POLLIN}], 3, NULL, [], 8 <unfinished ...>
27408<sshd-session> 22:19:15 rt_sigaction(SIGPIPE, {sa_handler=SIG_DFL, sa_mask=~[RTMIN RT_1], sa_flags=SA_RESTORER|SA_RESTART, sa_restorer=0x7f26d581f5b0}, {sa_handler=SIG_IGN, sa_mask=~[KILL STOP RTMIN RT_1], sa_flags=SA_RESTORER|SA_RESTART, sa_restorer=0x7f26d581f5b0}, 8) = 0
27408<sshd-session> 22:19:15 close_range(3, 2147483647, 0) = 0
27408<sshd-session> 22:19:15 execve("/bin/bash", ["-bash"], 0x55e0307a00a0 /* 19 vars */) = 0
27408<bash> 22:19:15 brk(NULL)          = 0x55e6cc484000
27408<bash> 22:19:15 access("/etc/ld.so.preload", R_OK) = -1 ENOENT (No such file or directory)
27408<bash> 22:19:15 openat(AT_FDCWD</home/catastor>, "/etc/ld.so.cache", O_RDONLY|O_CLOEXEC) = 3</etc/ld.so.cache>
27408<bash> 22:19:15 fstat(3</etc/ld.so.cache>, {st_mode=S_IFREG|0644, st_size=74499, ...}) = 0
27408<bash> 22:19:15 mmap(NULL, 74499, PROT_READ, MAP_PRIVATE, 3</etc/ld.so.cache>, 0) = 0x7fa306eb3000
27408<bash> 22:19:15 close(3</etc/ld.so.cache>) = 0
27408<bash> 22:19:15 openat(AT_FDCWD</home/catastor>, "/lib64/libtinfo.so.6", O_RDONLY|O_CLOEXEC) = 3</usr/lib64/libtinfo.so.6.6>
27408<bash> 22:19:15 read(3</usr/lib64/libtinfo.so.6.6>, "\177ELF\2\1\1\0\0\0\0\0\0\0\0\0\3\0>\0\1\0\0\0\0\0\0\0\0\0\0\0"..., 832) = 832
27408<bash> 22:19:15 fstat(3</usr/lib64/libtinfo.so.6.6>, {st_mode=S_IFREG|0755, st_size=187232, ...}) = 0
27408<bash> 22:19:15 mmap(NULL, 8192, PROT_READ|PROT_WRITE, MAP_PRIVATE|MAP_ANONYMOUS, -1, 0) = 0x7fa306eb1000
27408<bash> 22:19:15 mmap(NULL, 182528, PROT_READ|PROT_EXEC, MAP_PRIVATE|MAP_DENYWRITE, 3</usr/lib64/libtinfo.so.6.6>, 0) = 0x7fa306e84000
27408<bash> 22:19:15 mmap(0x7fa306e99000, 77824, PROT_READ, MAP_PRIVATE|MAP_FIXED|MAP_DENYWRITE, 3</usr/lib64/libtinfo.so.6.6>, 0x15000) = 0x7fa306e99000
27408<bash> 22:19:15 mmap(0x7fa306eac000, 20480, PROT_READ|PROT_WRITE, MAP_PRIVATE|MAP_FIXED|MAP_DENYWRITE, 3</usr/lib64/libtinfo.so.6.6>, 0x28000) = 0x7fa306eac000
27408<bash> 22:19:15 close(3</usr/lib64/libtinfo.so.6.6>) = 0
27408<bash> 22:19:15 openat(AT_FDCWD</home/catastor>, "/lib64/libc.so.6", O_RDONLY|O_CLOEXEC) = 3</usr/lib64/libc.so.6>
27408<bash> 22:19:15 read(3</usr/lib64/libc.so.6>, "\177ELF\2\1\1\3\0\0\0\0\0\0\0\0\3\0>\0\1\0\0\0\2408\0\0\0\0\0\0"..., 832) = 832
27408<bash> 22:19:15 pread64(3</usr/lib64/libc.so.6>, "\6\0\0\0\4\0\0\0@\0\0\0\0\0\0\0@\0\0\0\0\0\0\0@\0\0\0\0\0\0\0"..., 784, 64) = 784
27408<bash> 22:19:15 fstat(3</usr/lib64/libc.so.6>, {st_mode=S_IFREG|0755, st_size=2490288, ...}) = 0
27408<bash> 22:19:15 pread64(3</usr/lib64/libc.so.6>, "\6\0\0\0\4\0\0\0@\0\0\0\0\0\0\0@\0\0\0\0\0\0\0@\0\0\0\0\0\0\0"..., 784, 64) = 784
27408<bash> 22:19:15 mmap(NULL, 2075504, PROT_READ|PROT_EXEC, MAP_PRIVATE|MAP_DENYWRITE, 3</usr/lib64/libc.so.6>, 0) = 0x7fa306c89000
27408<bash> 22:19:15 mmap(0x7fa306dfd000, 495616, PROT_READ, MAP_PRIVATE|MAP_FIXED|MAP_DENYWRITE, 3</usr/lib64/libc.so.6>, 0x174000) = 0x7fa306dfd000
27408<bash> 22:19:15 mmap(0x7fa306e76000, 24576, PROT_READ|PROT_WRITE, MAP_PRIVATE|MAP_FIXED|MAP_DENYWRITE, 3</usr/lib64/libc.so.6>, 0x1ed000) = 0x7fa306e76000
27408<bash> 22:19:15 mmap(0x7fa306e7c000, 31600, PROT_READ|PROT_WRITE, MAP_PRIVATE|MAP_FIXED|MAP_ANONYMOUS, -1, 0) = 0x7fa306e7c000
27408<bash> 22:19:15 close(3</usr/lib64/libc.so.6>) = 0
27408<bash> 22:19:15 mmap(NULL, 12288, PROT_READ|PROT_WRITE, MAP_PRIVATE|MAP_ANONYMOUS, -1, 0) = 0x7fa306c86000
27408<bash> 22:19:15 arch_prctl(ARCH_SET_FS, 0x7fa306c86740) = 0
27408<bash> 22:19:15 set_tid_address(0x7fa306c86d68) = 27408<bash>
27408<bash> 22:19:15 set_robust_list(0x7fa306c86a20, 24) = 0
27408<bash> 22:19:15 rseq({cpu_id_start=0, cpu_id=RSEQ_CPU_ID_UNINITIALIZED, rseq_cs=NULL, flags=0, node_id=0, mm_cid=0, slice_ctrl={request=0, granted=0, __reserved=0}, __reserved=0}, 32, 0, 0x53053053) = 0
27408<bash> 22:19:15 mprotect(0x7fa306e76000, 16384, PROT_READ) = 0
27408<bash> 22:19:15 mprotect(0x7fa306eac000, 16384, PROT_READ) = 0
27408<bash> 22:19:15 mprotect(0x55e6ca128000, 16384, PROT_READ) = 0
27408<bash> 22:19:15 mprotect(0x7fa306f04000, 8192, PROT_READ) = 0
27408<bash> 22:19:15 prlimit64(0, RLIMIT_STACK, NULL, {rlim_cur=8192*1024, rlim_max=RLIM64_INFINITY}) = 0
27408<bash> 22:19:15 getrandom("\x55\x4f\x44\x0d\xad\x87\x1c\x20", 8, GRND_NONBLOCK) = 8
27408<bash> 22:19:15 munmap(0x7fa306eb3000, 74499) = 0
27408<bash> 22:19:15 openat(AT_FDCWD</home/catastor>, "/dev/tty", O_RDWR|O_NONBLOCK) = 3</dev/tty<char 5:0>>
27408<bash> 22:19:15 close(3</dev/tty<char 5:0>>) = 0
27408<bash> 22:19:15 brk(NULL)          = 0x55e6cc484000
27408<bash> 22:19:15 brk(0x55e6cc4a5000) = 0x55e6cc4a5000
27408<bash> 22:19:15 getresuid([1000], [1000], [1000]) = 0
27408<bash> 22:19:15 getresgid([1000], [1000], [1000]) = 0
27408<bash> 22:19:15 rt_sigprocmask(SIG_BLOCK, NULL, [], 8) = 0
27408<bash> 22:19:15 ioctl(0</dev/pts/6<char 136:6>>, TCGETS2, {c_iflag=ICRNL|IXON|IUTF8, c_oflag=NL0|CR0|TAB0|BS0|VT0|FF0|OPOST|ONLCR, c_cflag=B38400|CS8|CREAD, c_lflag=ISIG|ICANON|ECHO|ECHOE|ECHOK|IEXTEN|ECHOCTL|ECHOKE, ...}) = 0
27408<bash> 22:19:15 ioctl(2</dev/pts/6<char 136:6>>, TCGETS2, {c_iflag=ICRNL|IXON|IUTF8, c_oflag=NL0|CR0|TAB0|BS0|VT0|FF0|OPOST|ONLCR, c_cflag=B38400|CS8|CREAD, c_lflag=ISIG|ICANON|ECHO|ECHOE|ECHOK|IEXTEN|ECHOCTL|ECHOKE, ...}) = 0
27408<bash> 22:19:15 fcntl(3, F_SETFD, FD_CLOEXEC) = -1 EBADF (Bad file descriptor)
27408<bash> 22:19:15 fcntl(4, F_SETFD, FD_CLOEXEC) = -1 EBADF (Bad file descriptor)
27408<bash> 22:19:15 fcntl(5, F_SETFD, FD_CLOEXEC) = -1 EBADF (Bad file descriptor)
27408<bash> 22:19:15 fcntl(6, F_SETFD, FD_CLOEXEC) = -1 EBADF (Bad file descriptor)
27408<bash> 22:19:15 fcntl(7, F_SETFD, FD_CLOEXEC) = -1 EBADF (Bad file descriptor)
27408<bash> 22:19:15 fcntl(8, F_SETFD, FD_CLOEXEC) = -1 EBADF (Bad file descriptor)
27408<bash> 22:19:15 fcntl(9, F_SETFD, FD_CLOEXEC) = -1 EBADF (Bad file descriptor)
27408<bash> 22:19:15 fcntl(10, F_SETFD, FD_CLOEXEC) = -1 EBADF (Bad file descriptor)
27408<bash> 22:19:15 fcntl(11, F_SETFD, FD_CLOEXEC) = -1 EBADF (Bad file descriptor)
27408<bash> 22:19:15 fcntl(12, F_SETFD, FD_CLOEXEC) = -1 EBADF (Bad file descriptor)
27408<bash> 22:19:15 fcntl(13, F_SETFD, FD_CLOEXEC) = -1 EBADF (Bad file descriptor)
27408<bash> 22:19:15 fcntl(14, F_SETFD, FD_CLOEXEC) = -1 EBADF (Bad file descriptor)
27408<bash> 22:19:15 fcntl(15, F_SETFD, FD_CLOEXEC) = -1 EBADF (Bad file descriptor)
27408<bash> 22:19:15 fcntl(16, F_SETFD, FD_CLOEXEC) = -1 EBADF (Bad file descriptor)
27408<bash> 22:19:15 fcntl(17, F_SETFD, FD_CLOEXEC) = -1 EBADF (Bad file descriptor)
27408<bash> 22:19:15 fcntl(18, F_SETFD, FD_CLOEXEC) = -1 EBADF (Bad file descriptor)
27408<bash> 22:19:15 fcntl(19, F_SETFD, FD_CLOEXEC) = -1 EBADF (Bad file descriptor)
27408<bash> 22:19:15 rt_sigaction(SIGCHLD, {sa_handler=SIG_DFL, sa_mask=[], sa_flags=SA_RESTORER|SA_RESTART, sa_restorer=0x7fa306ca35b0}, {sa_handler=SIG_DFL, sa_mask=[], sa_flags=0}, 8) = 0
27408<bash> 22:19:15 rt_sigaction(SIGCHLD, {sa_handler=SIG_DFL, sa_mask=[], sa_flags=SA_RESTORER|SA_RESTART, sa_restorer=0x7fa306ca35b0}, {sa_handler=SIG_DFL, sa_mask=[], sa_flags=SA_RESTORER|SA_RESTART, sa_restorer=0x7fa306ca35b0}, 8) = 0
27408<bash> 22:19:15 rt_sigaction(SIGINT, {sa_handler=SIG_DFL, sa_mask=[], sa_flags=SA_RESTORER, sa_restorer=0x7fa306ca35b0}, {sa_handler=SIG_DFL, sa_mask=[], sa_flags=0}, 8) = 0
27408<bash> 22:19:15 rt_sigaction(SIGINT, {sa_handler=SIG_DFL, sa_mask=[], sa_flags=SA_RESTORER, sa_restorer=0x7fa306ca35b0}, {sa_handler=SIG_DFL, sa_mask=[], sa_flags=SA_RESTORER, sa_restorer=0x7fa306ca35b0}, 8) = 0
27408<bash> 22:19:15 rt_sigaction(SIGQUIT, {sa_handler=SIG_DFL, sa_mask=[], sa_flags=SA_RESTORER, sa_restorer=0x7fa306ca35b0}, {sa_handler=SIG_DFL, sa_mask=[], sa_flags=0}, 8) = 0
27408<bash> 22:19:15 rt_sigaction(SIGQUIT, {sa_handler=SIG_DFL, sa_mask=[], sa_flags=SA_RESTORER, sa_restorer=0x7fa306ca35b0}, {sa_handler=SIG_DFL, sa_mask=[], sa_flags=SA_RESTORER, sa_restorer=0x7fa306ca35b0}, 8) = 0
27408<bash> 22:19:15 rt_sigaction(SIGTERM, {sa_handler=SIG_DFL, sa_mask=[], sa_flags=SA_RESTORER, sa_restorer=0x7fa306ca35b0}, {sa_handler=SIG_DFL, sa_mask=[], sa_flags=0}, 8) = 0
27408<bash> 22:19:15 rt_sigaction(SIGTERM, {sa_handler=SIG_DFL, sa_mask=[], sa_flags=SA_RESTORER, sa_restorer=0x7fa306ca35b0}, {sa_handler=SIG_DFL, sa_mask=[], sa_flags=SA_RESTORER, sa_restorer=0x7fa306ca35b0}, 8) = 0
27408<bash> 22:19:15 rt_sigaction(SIGHUP, {sa_handler=0x55e6ca0352c0, sa_mask=[HUP INT ILL TRAP ABRT BUS FPE USR1 SEGV USR2 PIPE ALRM TERM XCPU XFSZ VTALRM SYS], sa_flags=SA_RESTORER, sa_restorer=0x7fa306ca35b0}, {sa_handler=SIG_DFL, sa_mask=[], sa_flags=0}, 8) = 0
27408<bash> 22:19:15 rt_sigaction(SIGINT, {sa_handler=0x55e6ca0352c0, sa_mask=[HUP INT ILL TRAP ABRT BUS FPE USR1 SEGV USR2 PIPE ALRM TERM XCPU XFSZ VTALRM SYS], sa_flags=SA_RESTORER, sa_restorer=0x7fa306ca35b0}, {sa_handler=SIG_DFL, sa_mask=[], sa_flags=SA_RESTORER, sa_restorer=0x7fa306ca35b0}, 8) = 0
27408<bash> 22:19:15 rt_sigaction(SIGILL, {sa_handler=0x55e6ca0352c0, sa_mask=[HUP INT ILL TRAP ABRT BUS FPE USR1 SEGV USR2 PIPE ALRM TERM XCPU XFSZ VTALRM SYS], sa_flags=SA_RESTORER, sa_restorer=0x7fa306ca35b0}, {sa_handler=SIG_DFL, sa_mask=[], sa_flags=0}, 8) = 0
27408<bash> 22:19:15 rt_sigaction(SIGTRAP, {sa_handler=0x55e6ca0352c0, sa_mask=[HUP INT ILL TRAP ABRT BUS FPE USR1 SEGV USR2 PIPE ALRM TERM XCPU XFSZ VTALRM SYS], sa_flags=SA_RESTORER, sa_restorer=0x7fa306ca35b0}, {sa_handler=SIG_DFL, sa_mask=[], sa_flags=0}, 8) = 0
27408<bash> 22:19:15 rt_sigprocmask(SIG_BLOCK, ~[], [], 8) = 0
27408<bash> 22:19:15 rt_sigaction(SIGABRT, {sa_handler=0x55e6ca0352c0, sa_mask=[HUP INT ILL TRAP ABRT BUS FPE USR1 SEGV USR2 PIPE ALRM TERM XCPU XFSZ VTALRM SYS], sa_flags=SA_RESTORER, sa_restorer=0x7fa306ca35b0}, {sa_handler=SIG_DFL, sa_mask=[], sa_flags=0}, 8) = 0
27408<bash> 22:19:15 rt_sigprocmask(SIG_SETMASK, [], NULL, 8) = 0
27408<bash> 22:19:15 rt_sigaction(SIGFPE, {sa_handler=0x55e6ca0352c0, sa_mask=[HUP INT ILL TRAP ABRT BUS FPE USR1 SEGV USR2 PIPE ALRM TERM XCPU XFSZ VTALRM SYS], sa_flags=SA_RESTORER, sa_restorer=0x7fa306ca35b0}, {sa_handler=SIG_DFL, sa_mask=[], sa_flags=0}, 8) = 0
27408<bash> 22:19:15 rt_sigaction(SIGBUS, {sa_handler=0x55e6ca0352c0, sa_mask=[HUP INT ILL TRAP ABRT BUS FPE USR1 SEGV USR2 PIPE ALRM TERM XCPU XFSZ VTALRM SYS], sa_flags=SA_RESTORER, sa_restorer=0x7fa306ca35b0}, {sa_handler=SIG_DFL, sa_mask=[], sa_flags=0}, 8) = 0
27408<bash> 22:19:15 rt_sigaction(SIGSEGV, {sa_handler=0x55e6ca0352c0, sa_mask=[HUP INT ILL TRAP ABRT BUS FPE USR1 SEGV USR2 PIPE ALRM TERM XCPU XFSZ VTALRM SYS], sa_flags=SA_RESTORER, sa_restorer=0x7fa306ca35b0}, {sa_handler=SIG_DFL, sa_mask=[], sa_flags=0}, 8) = 0
27408<bash> 22:19:15 rt_sigaction(SIGSYS, {sa_handler=0x55e6ca0352c0, sa_mask=[HUP INT ILL TRAP ABRT BUS FPE USR1 SEGV USR2 PIPE ALRM TERM XCPU XFSZ VTALRM SYS], sa_flags=SA_RESTORER, sa_restorer=0x7fa306ca35b0}, {sa_handler=SIG_DFL, sa_mask=[], sa_flags=0}, 8) = 0
27408<bash> 22:19:15 rt_sigaction(SIGPIPE, {sa_handler=0x55e6ca0352c0, sa_mask=[HUP INT ILL TRAP ABRT BUS FPE USR1 SEGV USR2 PIPE ALRM TERM XCPU XFSZ VTALRM SYS], sa_flags=SA_RESTORER, sa_restorer=0x7fa306ca35b0}, {sa_handler=SIG_DFL, sa_mask=[], sa_flags=0}, 8) = 0
27408<bash> 22:19:15 rt_sigaction(SIGALRM, {sa_handler=0x55e6ca0352c0, sa_mask=[HUP INT ILL TRAP ABRT BUS FPE USR1 SEGV USR2 PIPE ALRM TERM XCPU XFSZ VTALRM SYS], sa_flags=SA_RESTORER, sa_restorer=0x7fa306ca35b0}, {sa_handler=SIG_DFL, sa_mask=[], sa_flags=0}, 8) = 0
27408<bash> 22:19:15 rt_sigaction(SIGTERM, {sa_handler=0x55e6ca0352c0, sa_mask=[HUP INT ILL TRAP ABRT BUS FPE USR1 SEGV USR2 PIPE ALRM TERM XCPU XFSZ VTALRM SYS], sa_flags=SA_RESTORER, sa_restorer=0x7fa306ca35b0}, {sa_handler=SIG_DFL, sa_mask=[], sa_flags=SA_RESTORER, sa_restorer=0x7fa306ca35b0}, 8) = 0
27408<bash> 22:19:15 rt_sigaction(SIGXCPU, {sa_handler=0x55e6ca0352c0, sa_mask=[HUP INT ILL TRAP ABRT BUS FPE USR1 SEGV USR2 PIPE ALRM TERM XCPU XFSZ VTALRM SYS], sa_flags=SA_RESTORER, sa_restorer=0x7fa306ca35b0}, {sa_handler=SIG_DFL, sa_mask=[], sa_flags=0}, 8) = 0
27408<bash> 22:19:15 rt_sigaction(SIGXFSZ, {sa_handler=0x55e6ca0352c0, sa_mask=[HUP INT ILL TRAP ABRT BUS FPE USR1 SEGV USR2 PIPE ALRM TERM XCPU XFSZ VTALRM SYS], sa_flags=SA_RESTORER, sa_restorer=0x7fa306ca35b0}, {sa_handler=SIG_DFL, sa_mask=[], sa_flags=0}, 8) = 0
27408<bash> 22:19:15 rt_sigaction(SIGVTALRM, {sa_handler=0x55e6ca0352c0, sa_mask=[HUP INT ILL TRAP ABRT BUS FPE USR1 SEGV USR2 PIPE ALRM TERM XCPU XFSZ VTALRM SYS], sa_flags=SA_RESTORER, sa_restorer=0x7fa306ca35b0}, {sa_handler=SIG_DFL, sa_mask=[], sa_flags=0}, 8) = 0
27408<bash> 22:19:15 rt_sigaction(SIGUSR1, {sa_handler=0x55e6ca0352c0, sa_mask=[HUP INT ILL TRAP ABRT BUS FPE USR1 SEGV USR2 PIPE ALRM TERM XCPU XFSZ VTALRM SYS], sa_flags=SA_RESTORER, sa_restorer=0x7fa306ca35b0}, {sa_handler=SIG_DFL, sa_mask=[], sa_flags=0}, 8) = 0
27408<bash> 22:19:15 rt_sigaction(SIGUSR2, {sa_handler=0x55e6ca0352c0, sa_mask=[HUP INT ILL TRAP ABRT BUS FPE USR1 SEGV USR2 PIPE ALRM TERM XCPU XFSZ VTALRM SYS], sa_flags=SA_RESTORER, sa_restorer=0x7fa306ca35b0}, {sa_handler=SIG_DFL, sa_mask=[], sa_flags=0}, 8) = 0
27408<bash> 22:19:15 rt_sigprocmask(SIG_BLOCK, NULL, [], 8) = 0
27408<bash> 22:19:15 rt_sigaction(SIGQUIT, {sa_handler=SIG_IGN, sa_mask=[], sa_flags=SA_RESTORER, sa_restorer=0x7fa306ca35b0}, {sa_handler=SIG_DFL, sa_mask=[], sa_flags=SA_RESTORER, sa_restorer=0x7fa306ca35b0}, 8) = 0
27408<bash> 22:19:15 rt_sigaction(SIGINT, {sa_handler=0x55e6ca034cf0, sa_mask=[], sa_flags=SA_RESTORER, sa_restorer=0x7fa306ca35b0}, {sa_handler=0x55e6ca0352c0, sa_mask=[HUP INT ILL TRAP ABRT BUS FPE USR1 SEGV USR2 PIPE ALRM TERM XCPU XFSZ VTALRM SYS], sa_flags=SA_RESTORER, sa_restorer=0x7fa306ca35b0}, 8) = 0
27408<bash> 22:19:15 rt_sigaction(SIGTERM, {sa_handler=SIG_IGN, sa_mask=[], sa_flags=SA_RESTORER, sa_restorer=0x7fa306ca35b0}, {sa_handler=0x55e6ca0352c0, sa_mask=[HUP INT ILL TRAP ABRT BUS FPE USR1 SEGV USR2 PIPE ALRM TERM XCPU XFSZ VTALRM SYS], sa_flags=SA_RESTORER, sa_restorer=0x7fa306ca35b0}, 8) = 0
27408<bash> 22:19:15 rt_sigaction(SIGWINCH, {sa_handler=0x55e6ca02ffd0, sa_mask=[], sa_flags=SA_RESTORER|SA_RESTART, sa_restorer=0x7fa306ca35b0}, {sa_handler=SIG_DFL, sa_mask=[], sa_flags=0}, 8) = 0
27408<bash> 22:19:15 rt_sigaction(SIGINT, {sa_handler=0x55e6ca034cf0, sa_mask=[], sa_flags=SA_RESTORER, sa_restorer=0x7fa306ca35b0}, {sa_handler=0x55e6ca034cf0, sa_mask=[], sa_flags=SA_RESTORER, sa_restorer=0x7fa306ca35b0}, 8) = 0
27408<bash> 22:19:15 rt_sigaction(SIGTSTP, {sa_handler=SIG_IGN, sa_mask=[], sa_flags=SA_RESTORER, sa_restorer=0x7fa306ca35b0}, {sa_handler=SIG_DFL, sa_mask=[], sa_flags=0}, 8) = 0
27408<bash> 22:19:15 rt_sigaction(SIGTTOU, {sa_handler=SIG_IGN, sa_mask=[], sa_flags=SA_RESTORER, sa_restorer=0x7fa306ca35b0}, {sa_handler=SIG_DFL, sa_mask=[], sa_flags=0}, 8) = 0
27408<bash> 22:19:15 rt_sigaction(SIGTTIN, {sa_handler=SIG_IGN, sa_mask=[], sa_flags=SA_RESTORER, sa_restorer=0x7fa306ca35b0}, {sa_handler=SIG_DFL, sa_mask=[], sa_flags=0}, 8) = 0
27408<bash> 22:19:15 uname({sysname="Linux", nodename="fedora", ...}) = 0
27408<bash> 22:19:15 newfstatat(AT_FDCWD</home/catastor>, "/etc/nsswitch.conf", {st_mode=S_IFREG|0644, st_size=687, ...}, 0) = 0
27408<bash> 22:19:15 newfstatat(AT_FDCWD</home/catastor>, "/", {st_mode=S_IFDIR|0555, st_size=154, ...}, 0) = 0
27408<bash> 22:19:15 openat(AT_FDCWD</home/catastor>, "/etc/nsswitch.conf", O_RDONLY|O_CLOEXEC) = 3</etc/authselect/nsswitch.conf>
27408<bash> 22:19:15 fstat(3</etc/authselect/nsswitch.conf>, {st_mode=S_IFREG|0644, st_size=687, ...}) = 0
27408<bash> 22:19:15 read(3</etc/authselect/nsswitch.conf>, "# Generated by authselect\n# Do n"..., 4096) = 687
27408<bash> 22:19:15 read(3</etc/authselect/nsswitch.conf>, "", 4096) = 0
27408<bash> 22:19:15 fstat(3</etc/authselect/nsswitch.conf>, {st_mode=S_IFREG|0644, st_size=687, ...}) = 0
27408<bash> 22:19:15 close(3</etc/authselect/nsswitch.conf>) = 0
27408<bash> 22:19:15 openat(AT_FDCWD</home/catastor>, "/etc/passwd", O_RDONLY|O_CLOEXEC) = 3</etc/passwd>
27408<bash> 22:19:15 fstat(3</etc/passwd>, {st_mode=S_IFREG|0644, st_size=3346, ...}) = 0
27408<bash> 22:19:15 lseek(3</etc/passwd>, 0, SEEK_SET) = 0
27408<bash> 22:19:15 read(3</etc/passwd>, "root:x:0:0:Super User:/root:/bin"..., 4096) = 3346
27408<bash> 22:19:15 close(3</etc/passwd>) = 0
27408<bash> 22:19:15 newfstatat(AT_FDCWD</home/catastor>, "/home/catastor", {st_mode=S_IFDIR|0700, st_size=716, ...}, 0) = 0
27408<bash> 22:19:15 newfstatat(AT_FDCWD</home/catastor>, ".", {st_mode=S_IFDIR|0700, st_size=716, ...}, 0) = 0
27408<bash> 22:19:15 getpid()           = 27408<bash>
27408<bash> 22:19:15 getppid()          = 27407<sshd-session>
27408<bash> 22:19:15 newfstatat(AT_FDCWD</home/catastor>, ".", {st_mode=S_IFDIR|0700, st_size=716, ...}, 0) = 0
27408<bash> 22:19:15 newfstatat(AT_FDCWD</home/catastor>, "/usr/local/bin/-bash", 0x7ffee29aa110, 0) = -1 ENOENT (No such file or directory)
27408<bash> 22:19:15 newfstatat(AT_FDCWD</home/catastor>, "/usr/bin/-bash", 0x7ffee29aa110, 0) = -1 ENOENT (No such file or directory)
27408<bash> 22:19:15 newfstatat(AT_FDCWD</home/catastor>, "-bash", 0x7ffee29aa2f0, 0) = -1 ENOENT (No such file or directory)
27408<bash> 22:19:15 getpid()           = 27408<bash>
27408<bash> 22:19:15 getppid()          = 27407<sshd-session>
27408<bash> 22:19:15 getpid()           = 27408<bash>
27408<bash> 22:19:15 getppid()          = 27407<sshd-session>
27408<bash> 22:19:15 getpgrp()          = 27408
27408<bash> 22:19:15 dup(2</dev/pts/6<char 136:6>>) = 3</dev/pts/6<char 136:6>>
27408<bash> 22:19:15 prlimit64(0, RLIMIT_NOFILE, NULL, {rlim_cur=1024, rlim_max=512*1024}) = 0
27408<bash> 22:19:15 fcntl(255, F_GETFD) = -1 EBADF (Bad file descriptor)
27408<bash> 22:19:15 dup2(3</dev/pts/6<char 136:6>>, 255) = 255</dev/pts/6<char 136:6>>
27408<bash> 22:19:15 close(3</dev/pts/6<char 136:6>>) = 0
27408<bash> 22:19:15 ioctl(255</dev/pts/6<char 136:6>>, TIOCGPGRP, [27408]) = 0
27408<bash> 22:19:15 getpid()           = 27408<bash>
27408<bash> 22:19:15 ioctl(255</dev/pts/6<char 136:6>>, TIOCGPGRP, [27408]) = 0
27408<bash> 22:19:15 fcntl(255</dev/pts/6<char 136:6>>, F_SETFD, FD_CLOEXEC) = 0
27408<bash> 22:19:15 rt_sigaction(SIGCHLD, {sa_handler=0x55e6ca0068d0, sa_mask=[], sa_flags=SA_RESTORER|SA_RESTART, sa_restorer=0x7fa306ca35b0}, {sa_handler=SIG_DFL, sa_mask=[], sa_flags=SA_RESTORER|SA_RESTART, sa_restorer=0x7fa306ca35b0}, 8) = 0
27408<bash> 22:19:15 ioctl(255</dev/pts/6<char 136:6>>, TCGETS2, {c_iflag=ICRNL|IXON|IUTF8, c_oflag=NL0|CR0|TAB0|BS0|VT0|FF0|OPOST|ONLCR, c_cflag=B38400|CS8|CREAD, c_lflag=ISIG|ICANON|ECHO|ECHOE|ECHOK|IEXTEN|ECHOCTL|ECHOKE, ...}) = 0
27408<bash> 22:19:15 ioctl(255</dev/pts/6<char 136:6>>, TIOCGWINSZ, {ws_row=39, ws_col=212, ws_xpixel=0, ws_ypixel=0}) = 0
27408<bash> 22:19:15 ioctl(1</dev/pts/6<char 136:6>>, TCGETS2, {c_iflag=ICRNL|IXON|IUTF8, c_oflag=NL0|CR0|TAB0|BS0|VT0|FF0|OPOST|ONLCR, c_cflag=B38400|CS8|CREAD, c_lflag=ISIG|ICANON|ECHO|ECHOE|ECHOK|IEXTEN|ECHOCTL|ECHOKE, ...}) = 0
27408<bash> 22:19:15 newfstatat(AT_FDCWD</home/catastor>, "/home/catastor/.terminfo", 0x55e6cc493580, 0) = -1 ENOENT (No such file or directory)
27408<bash> 22:19:15 newfstatat(AT_FDCWD</home/catastor>, "/etc/terminfo", {st_mode=S_IFDIR|0755, st_size=0, ...}, 0) = 0
27408<bash> 22:19:15 newfstatat(AT_FDCWD</home/catastor>, "/usr/share/terminfo", {st_mode=S_IFDIR|0755, st_size=44, ...}, 0) = 0
27408<bash> 22:19:15 access("/etc/terminfo/./x/xterm-256color", R_OK) = -1 ENOENT (No such file or directory)
27408<bash> 22:19:15 access("/usr/share/terminfo/./x/xterm-256color", R_OK) = 0
27408<bash> 22:19:15 getuid()           = 1000
27408<bash> 22:19:15 setfsuid(1000)     = 1000
27408<bash> 22:19:15 getgid()           = 1000
27408<bash> 22:19:15 setfsgid(1000)     = 1000
27408<bash> 22:19:15 openat(AT_FDCWD</home/catastor>, "/usr/share/terminfo/./x/xterm-256color", O_RDONLY) = 3</usr/share/terminfo/x/xterm-256color>
27408<bash> 22:19:15 geteuid()          = 1000
27408<bash> 22:19:15 setfsuid(1000)     = 1000
27408<bash> 22:19:15 getegid()          = 1000
27408<bash> 22:19:15 setfsgid(1000)     = 1000
27408<bash> 22:19:15 fstat(3</usr/share/terminfo/x/xterm-256color>, {st_mode=S_IFREG|0644, st_size=4074, ...}) = 0
27408<bash> 22:19:15 fstat(3</usr/share/terminfo/x/xterm-256color>, {st_mode=S_IFREG|0644, st_size=4074, ...}) = 0
27408<bash> 22:19:15 read(3</usr/share/terminfo/x/xterm-256color>, "\36\2%\0&\0\17\0\235\1Z\6xterm-256color|xterm"..., 32768) = 4074
27408<bash> 22:19:15 read(3</usr/share/terminfo/x/xterm-256color>, "", 28672) = 0
27408<bash> 22:19:15 close(3</usr/share/terminfo/x/xterm-256color>) = 0
27408<bash> 22:19:15 ioctl(1</dev/pts/6<char 136:6>>, TCGETS2, {c_iflag=ICRNL|IXON|IUTF8, c_oflag=NL0|CR0|TAB0|BS0|VT0|FF0|OPOST|ONLCR, c_cflag=B38400|CS8|CREAD, c_lflag=ISIG|ICANON|ECHO|ECHOE|ECHOK|IEXTEN|ECHOCTL|ECHOKE, ...}) = 0
27408<bash> 22:19:15 ioctl(1</dev/pts/6<char 136:6>>, TCGETS2, {c_iflag=ICRNL|IXON|IUTF8, c_oflag=NL0|CR0|TAB0|BS0|VT0|FF0|OPOST|ONLCR, c_cflag=B38400|CS8|CREAD, c_lflag=ISIG|ICANON|ECHO|ECHOE|ECHOK|IEXTEN|ECHOCTL|ECHOKE, ...}) = 0
27408<bash> 22:19:15 ioctl(1</dev/pts/6<char 136:6>>, TCGETS2, {c_iflag=ICRNL|IXON|IUTF8, c_oflag=NL0|CR0|TAB0|BS0|VT0|FF0|OPOST|ONLCR, c_cflag=B38400|CS8|CREAD, c_lflag=ISIG|ICANON|ECHO|ECHOE|ECHOK|IEXTEN|ECHOCTL|ECHOKE, ...}) = 0
27408<bash> 22:19:15 ioctl(1</dev/pts/6<char 136:6>>, TCGETS2, {c_iflag=ICRNL|IXON|IUTF8, c_oflag=NL0|CR0|TAB0|BS0|VT0|FF0|OPOST|ONLCR, c_cflag=B38400|CS8|CREAD, c_lflag=ISIG|ICANON|ECHO|ECHOE|ECHOK|IEXTEN|ECHOCTL|ECHOKE, ...}) = 0
27408<bash> 22:19:15 ioctl(1</dev/pts/6<char 136:6>>, TIOCGWINSZ, {ws_row=39, ws_col=212, ws_xpixel=0, ws_ypixel=0}) = 0
27408<bash> 22:19:15 ioctl(0</dev/pts/6<char 136:6>>, TIOCGWINSZ, {ws_row=39, ws_col=212, ws_xpixel=0, ws_ypixel=0}) = 0
27408<bash> 22:19:15 brk(0x55e6cc4c6000) = 0x55e6cc4c6000
27408<bash> 22:19:15 prlimit64(0, RLIMIT_NPROC, NULL, {rlim_cur=15396, rlim_max=15396}) = 0
27408<bash> 22:19:15 rt_sigprocmask(SIG_BLOCK, NULL, [], 8) = 0
27408<bash> 22:19:15 openat(AT_FDCWD</home/catastor>, "/etc/profile", O_RDONLY) = 3</etc/profile>
27408<bash> 22:19:15 fstat(3</etc/profile>, {st_mode=S_IFREG|0644, st_size=2058, ...}) = 0
27408<bash> 22:19:15 read(3</etc/profile>, "# /etc/profile\n\n# System wide en"..., 2058) = 2058
27408<bash> 22:19:15 close(3</etc/profile>) = 0
27408<bash> 22:19:15 rt_sigprocmask(SIG_BLOCK, NULL, [], 8) = 0
27408<bash> 22:19:15 faccessat2(AT_FDCWD</home/catastor>, "/usr/bin/id", X_OK, AT_EACCESS) = 0
27408<bash> 22:19:15 pipe2([3<pipe:[145351]>, 4<pipe:[145351]>], 0) = 0
27408<bash> 22:19:15 rt_sigprocmask(SIG_BLOCK, [CHLD], [], 8) = 0
27408<bash> 22:19:15 rt_sigprocmask(SIG_SETMASK, [], NULL, 8) = 0
27408<bash> 22:19:15 rt_sigprocmask(SIG_BLOCK, NULL, [], 8) = 0
27408<bash> 22:19:15 rt_sigprocmask(SIG_BLOCK, [INT TERM CHLD], [], 8) = 0
27408<bash> 22:19:15 rt_sigaction(SIGTERM, {sa_handler=SIG_DFL, sa_mask=[], sa_flags=SA_RESTORER, sa_restorer=0x7fa306ca35b0}, {sa_handler=SIG_IGN, sa_mask=[], sa_flags=SA_RESTORER, sa_restorer=0x7fa306ca35b0}, 8) = 0
27408<bash> 22:19:15 rt_sigprocmask(SIG_BLOCK, ~[], [INT TERM CHLD], 8) = 0
27408<bash> 22:19:15 clone(child_stack=NULL, flags=CLONE_CHILD_CLEARTID|CLONE_CHILD_SETTID|SIGCHLD, child_tidptr=0x7fa306c86a10) = 27409<bash>
27409<bash> 22:19:15 set_robust_list(0x7fa306c86a20, 24) = 0
27408<bash> 22:19:15 rt_sigprocmask(SIG_SETMASK, [INT TERM CHLD] <unfinished ...>
27409<bash> 22:19:15 rt_sigprocmask(SIG_SETMASK, [INT TERM CHLD] <unfinished ...>
27408<bash> 22:19:15 <... rt_sigprocmask resumed>, NULL, 8) = 0
27409<bash> 22:19:15 <... rt_sigprocmask resumed>, NULL, 8) = 0
27408<bash> 22:19:15 rt_sigaction(SIGTERM, {sa_handler=SIG_IGN, sa_mask=[], sa_flags=SA_RESTORER, sa_restorer=0x7fa306ca35b0} <unfinished ...>
27409<bash> 22:19:15 getpid( <unfinished ...>
27408<bash> 22:19:15 <... rt_sigaction resumed>, {sa_handler=SIG_DFL, sa_mask=[], sa_flags=SA_RESTORER, sa_restorer=0x7fa306ca35b0}, 8) = 0
27409<bash> 22:19:15 <... getpid resumed>) = 27409<bash>
27408<bash> 22:19:15 rt_sigprocmask(SIG_SETMASK, [] <unfinished ...>
27409<bash> 22:19:15 rt_sigprocmask(SIG_SETMASK, [] <unfinished ...>
27408<bash> 22:19:15 <... rt_sigprocmask resumed>, NULL, 8) = 0
27409<bash> 22:19:15 <... rt_sigprocmask resumed>, NULL, 8) = 0
27408<bash> 22:19:15 rt_sigaction(SIGCHLD, {sa_handler=0x55e6ca0068d0, sa_mask=[], sa_flags=SA_RESTORER|SA_RESTART, sa_restorer=0x7fa306ca35b0} <unfinished ...>
27409<bash> 22:19:15 rt_sigaction(SIGTSTP, {sa_handler=SIG_DFL, sa_mask=[], sa_flags=SA_RESTORER, sa_restorer=0x7fa306ca35b0} <unfinished ...>
27408<bash> 22:19:15 <... rt_sigaction resumed>, {sa_handler=0x55e6ca0068d0, sa_mask=[], sa_flags=SA_RESTORER|SA_RESTART, sa_restorer=0x7fa306ca35b0}, 8) = 0
27409<bash> 22:19:15 <... rt_sigaction resumed>, {sa_handler=SIG_IGN, sa_mask=[], sa_flags=SA_RESTORER, sa_restorer=0x7fa306ca35b0}, 8) = 0
27408<bash> 22:19:15 close(4<pipe:[145351]> <unfinished ...>
27409<bash> 22:19:15 rt_sigaction(SIGTTIN, {sa_handler=SIG_DFL, sa_mask=[], sa_flags=SA_RESTORER, sa_restorer=0x7fa306ca35b0} <unfinished ...>
27408<bash> 22:19:15 <... close resumed>) = 0
27409<bash> 22:19:15 <... rt_sigaction resumed>, {sa_handler=SIG_IGN, sa_mask=[], sa_flags=SA_RESTORER, sa_restorer=0x7fa306ca35b0}, 8) = 0
27408<bash> 22:19:15 rt_sigprocmask(SIG_BLOCK, [INT] <unfinished ...>
27409<bash> 22:19:15 rt_sigaction(SIGTTOU, {sa_handler=SIG_DFL, sa_mask=[], sa_flags=SA_RESTORER, sa_restorer=0x7fa306ca35b0} <unfinished ...>
27408<bash> 22:19:15 <... rt_sigprocmask resumed>, [], 8) = 0
27409<bash> 22:19:15 <... rt_sigaction resumed>, {sa_handler=SIG_IGN, sa_mask=[], sa_flags=SA_RESTORER, sa_restorer=0x7fa306ca35b0}, 8) = 0
27408<bash> 22:19:15 read(3<pipe:[145351]> <unfinished ...>
27409<bash> 22:19:15 rt_sigaction(SIGINT, {sa_handler=SIG_DFL, sa_mask=[], sa_flags=SA_RESTORER, sa_restorer=0x7fa306ca35b0}, {sa_handler=0x55e6ca034cf0, sa_mask=[], sa_flags=SA_RESTORER, sa_restorer=0x7fa306ca35b0}, 8) = 0
27409<bash> 22:19:15 rt_sigaction(SIGQUIT, {sa_handler=SIG_DFL, sa_mask=[], sa_flags=SA_RESTORER, sa_restorer=0x7fa306ca35b0}, {sa_handler=SIG_IGN, sa_mask=[], sa_flags=SA_RESTORER, sa_restorer=0x7fa306ca35b0}, 8) = 0
27409<bash> 22:19:15 rt_sigaction(SIGTERM, {sa_handler=SIG_DFL, sa_mask=[], sa_flags=SA_RESTORER, sa_restorer=0x7fa306ca35b0}, {sa_handler=SIG_DFL, sa_mask=[], sa_flags=SA_RESTORER, sa_restorer=0x7fa306ca35b0}, 8) = 0
27409<bash> 22:19:15 rt_sigaction(SIGCHLD, {sa_handler=SIG_DFL, sa_mask=[], sa_flags=SA_RESTORER|SA_RESTART, sa_restorer=0x7fa306ca35b0}, {sa_handler=0x55e6ca0068d0, sa_mask=[], sa_flags=SA_RESTORER|SA_RESTART, sa_restorer=0x7fa306ca35b0}, 8) = 0
27409<bash> 22:19:15 rt_sigaction(SIGCHLD, {sa_handler=0x55e6ca0068d0, sa_mask=[], sa_flags=SA_RESTORER|SA_RESTART, sa_restorer=0x7fa306ca35b0}, {sa_handler=SIG_DFL, sa_mask=[], sa_flags=SA_RESTORER|SA_RESTART, sa_restorer=0x7fa306ca35b0}, 8) = 0
27409<bash> 22:19:15 rt_sigaction(SIGINT, {sa_handler=0x55e6ca0352c0, sa_mask=[], sa_flags=SA_RESTORER, sa_restorer=0x7fa306ca35b0}, {sa_handler=SIG_DFL, sa_mask=[], sa_flags=SA_RESTORER, sa_restorer=0x7fa306ca35b0}, 8) = 0
27409<bash> 22:19:15 dup2(4<pipe:[145351]>, 1</dev/pts/6<char 136:6>>) = 1<pipe:[145351]>
27409<bash> 22:19:15 close(4<pipe:[145351]>) = 0
27409<bash> 22:19:15 close(3<pipe:[145351]>) = 0
27409<bash> 22:19:15 rt_sigprocmask(SIG_BLOCK, NULL, [], 8) = 0
27409<bash> 22:19:15 rt_sigaction(SIGHUP, {sa_handler=SIG_DFL, sa_mask=[], sa_flags=SA_RESTORER, sa_restorer=0x7fa306ca35b0}, NULL, 8) = 0
27409<bash> 22:19:15 rt_sigaction(SIGILL, {sa_handler=SIG_DFL, sa_mask=[], sa_flags=SA_RESTORER, sa_restorer=0x7fa306ca35b0}, NULL, 8) = 0
27409<bash> 22:19:15 rt_sigaction(SIGTRAP, {sa_handler=SIG_DFL, sa_mask=[], sa_flags=SA_RESTORER, sa_restorer=0x7fa306ca35b0}, NULL, 8) = 0
27409<bash> 22:19:15 rt_sigprocmask(SIG_BLOCK, ~[], [], 8) = 0
27409<bash> 22:19:15 rt_sigaction(SIGABRT, {sa_handler=SIG_DFL, sa_mask=[], sa_flags=SA_RESTORER, sa_restorer=0x7fa306ca35b0}, NULL, 8) = 0
27409<bash> 22:19:15 rt_sigprocmask(SIG_SETMASK, [], NULL, 8) = 0
27409<bash> 22:19:15 rt_sigaction(SIGFPE, {sa_handler=SIG_DFL, sa_mask=[], sa_flags=SA_RESTORER, sa_restorer=0x7fa306ca35b0}, NULL, 8) = 0
27409<bash> 22:19:15 rt_sigaction(SIGBUS, {sa_handler=SIG_DFL, sa_mask=[], sa_flags=SA_RESTORER, sa_restorer=0x7fa306ca35b0}, NULL, 8) = 0
27409<bash> 22:19:15 rt_sigaction(SIGSEGV, {sa_handler=SIG_DFL, sa_mask=[], sa_flags=SA_RESTORER, sa_restorer=0x7fa306ca35b0}, NULL, 8) = 0
27409<bash> 22:19:15 rt_sigaction(SIGSYS, {sa_handler=SIG_DFL, sa_mask=[], sa_flags=SA_RESTORER, sa_restorer=0x7fa306ca35b0}, NULL, 8) = 0
27409<bash> 22:19:15 rt_sigaction(SIGPIPE, {sa_handler=SIG_DFL, sa_mask=[], sa_flags=SA_RESTORER, sa_restorer=0x7fa306ca35b0}, NULL, 8) = 0
27409<bash> 22:19:15 rt_sigaction(SIGALRM, {sa_handler=SIG_DFL, sa_mask=[], sa_flags=SA_RESTORER, sa_restorer=0x7fa306ca35b0}, NULL, 8) = 0
27409<bash> 22:19:15 rt_sigaction(SIGXCPU, {sa_handler=SIG_DFL, sa_mask=[], sa_flags=SA_RESTORER, sa_restorer=0x7fa306ca35b0}, NULL, 8) = 0
27409<bash> 22:19:15 rt_sigaction(SIGXFSZ, {sa_handler=SIG_DFL, sa_mask=[], sa_flags=SA_RESTORER, sa_restorer=0x7fa306ca35b0}, NULL, 8) = 0
27409<bash> 22:19:15 rt_sigaction(SIGVTALRM, {sa_handler=SIG_DFL, sa_mask=[], sa_flags=SA_RESTORER, sa_restorer=0x7fa306ca35b0}, NULL, 8) = 0
27409<bash> 22:19:15 rt_sigaction(SIGUSR1, {sa_handler=SIG_DFL, sa_mask=[], sa_flags=SA_RESTORER, sa_restorer=0x7fa306ca35b0}, NULL, 8) = 0
27409<bash> 22:19:15 rt_sigaction(SIGUSR2, {sa_handler=SIG_DFL, sa_mask=[], sa_flags=SA_RESTORER, sa_restorer=0x7fa306ca35b0}, NULL, 8) = 0
27409<bash> 22:19:15 rt_sigaction(SIGINT, {sa_handler=SIG_DFL, sa_mask=[], sa_flags=SA_RESTORER, sa_restorer=0x7fa306ca35b0}, {sa_handler=0x55e6ca0352c0, sa_mask=[], sa_flags=SA_RESTORER, sa_restorer=0x7fa306ca35b0}, 8) = 0
27409<bash> 22:19:15 rt_sigaction(SIGQUIT, {sa_handler=SIG_DFL, sa_mask=[], sa_flags=SA_RESTORER, sa_restorer=0x7fa306ca35b0}, {sa_handler=SIG_DFL, sa_mask=[], sa_flags=SA_RESTORER, sa_restorer=0x7fa306ca35b0}, 8) = 0
27409<bash> 22:19:15 rt_sigaction(SIGTERM, {sa_handler=SIG_DFL, sa_mask=[], sa_flags=SA_RESTORER, sa_restorer=0x7fa306ca35b0}, {sa_handler=SIG_DFL, sa_mask=[], sa_flags=SA_RESTORER, sa_restorer=0x7fa306ca35b0}, 8) = 0
27409<bash> 22:19:15 rt_sigaction(SIGCHLD, {sa_handler=SIG_DFL, sa_mask=[], sa_flags=SA_RESTORER|SA_RESTART, sa_restorer=0x7fa306ca35b0}, {sa_handler=0x55e6ca0068d0, sa_mask=[], sa_flags=SA_RESTORER|SA_RESTART, sa_restorer=0x7fa306ca35b0}, 8) = 0
27409<bash> 22:19:15 execve("/usr/bin/id", ["/usr/bin/id", "-un"], 0x55e6cc4b1f40 /* 22 vars */) = 0
27409<id> 22:19:15 brk(NULL)            = 0x564434f1d000
27409<id> 22:19:15 access("/etc/ld.so.preload", R_OK) = -1 ENOENT (No such file or directory)
27409<id> 22:19:15 openat(AT_FDCWD</home/catastor>, "/etc/ld.so.cache", O_RDONLY|O_CLOEXEC) = 3</etc/ld.so.cache>
27409<id> 22:19:15 fstat(3</etc/ld.so.cache>, {st_mode=S_IFREG|0644, st_size=74499, ...}) = 0
27409<id> 22:19:15 mmap(NULL, 74499, PROT_READ, MAP_PRIVATE, 3</etc/ld.so.cache>, 0) = 0x7fec748a3000
27409<id> 22:19:15 close(3</etc/ld.so.cache>) = 0
27409<id> 22:19:15 openat(AT_FDCWD</home/catastor>, "/lib64/libselinux.so.1", O_RDONLY|O_CLOEXEC) = 3</usr/lib64/libselinux.so.1>
27409<id> 22:19:15 read(3</usr/lib64/libselinux.so.1>, "\177ELF\2\1\1\0\0\0\0\0\0\0\0\0\3\0>\0\1\0\0\0\0\0\0\0\0\0\0\0"..., 832) = 832
27409<id> 22:19:15 fstat(3</usr/lib64/libselinux.so.1>, {st_mode=S_IFREG|0755, st_size=204752, ...}) = 0
27409<id> 22:19:15 mmap(NULL, 8192, PROT_READ|PROT_WRITE, MAP_PRIVATE|MAP_ANONYMOUS, -1, 0) = 0x7fec748a1000
27409<id> 22:19:15 mmap(NULL, 206288, PROT_READ|PROT_EXEC, MAP_PRIVATE|MAP_DENYWRITE, 3</usr/lib64/libselinux.so.1>, 0) = 0x7fec7486e000
27409<id> 22:19:15 mmap(0x7fec7488f000, 57344, PROT_READ, MAP_PRIVATE|MAP_FIXED|MAP_DENYWRITE, 3</usr/lib64/libselinux.so.1>, 0x21000) = 0x7fec7488f000
27409<id> 22:19:15 mmap(0x7fec7489d000, 8192, PROT_READ|PROT_WRITE, MAP_PRIVATE|MAP_FIXED|MAP_DENYWRITE, 3</usr/lib64/libselinux.so.1>, 0x2f000) = 0x7fec7489d000
27409<id> 22:19:15 mmap(0x7fec7489f000, 5584, PROT_READ|PROT_WRITE, MAP_PRIVATE|MAP_FIXED|MAP_ANONYMOUS, -1, 0) = 0x7fec7489f000
27409<id> 22:19:15 close(3</usr/lib64/libselinux.so.1>) = 0
27409<id> 22:19:15 openat(AT_FDCWD</home/catastor>, "/lib64/libc.so.6", O_RDONLY|O_CLOEXEC) = 3</usr/lib64/libc.so.6>
27409<id> 22:19:15 read(3</usr/lib64/libc.so.6>, "\177ELF\2\1\1\3\0\0\0\0\0\0\0\0\3\0>\0\1\0\0\0\2408\0\0\0\0\0\0"..., 832) = 832
27409<id> 22:19:15 pread64(3</usr/lib64/libc.so.6>, "\6\0\0\0\4\0\0\0@\0\0\0\0\0\0\0@\0\0\0\0\0\0\0@\0\0\0\0\0\0\0"..., 784, 64) = 784
27409<id> 22:19:15 fstat(3</usr/lib64/libc.so.6>, {st_mode=S_IFREG|0755, st_size=2490288, ...}) = 0
27409<id> 22:19:15 pread64(3</usr/lib64/libc.so.6>, "\6\0\0\0\4\0\0\0@\0\0\0\0\0\0\0@\0\0\0\0\0\0\0@\0\0\0\0\0\0\0"..., 784, 64) = 784
27409<id> 22:19:15 mmap(NULL, 2075504, PROT_READ|PROT_EXEC, MAP_PRIVATE|MAP_DENYWRITE, 3</usr/lib64/libc.so.6>, 0) = 0x7fec74673000
27409<id> 22:19:15 mmap(0x7fec747e7000, 495616, PROT_READ, MAP_PRIVATE|MAP_FIXED|MAP_DENYWRITE, 3</usr/lib64/libc.so.6>, 0x174000) = 0x7fec747e7000
27409<id> 22:19:15 mmap(0x7fec74860000, 24576, PROT_READ|PROT_WRITE, MAP_PRIVATE|MAP_FIXED|MAP_DENYWRITE, 3</usr/lib64/libc.so.6>, 0x1ed000) = 0x7fec74860000
27409<id> 22:19:15 mmap(0x7fec74866000, 31600, PROT_READ|PROT_WRITE, MAP_PRIVATE|MAP_FIXED|MAP_ANONYMOUS, -1, 0) = 0x7fec74866000
27409<id> 22:19:15 close(3</usr/lib64/libc.so.6>) = 0
27409<id> 22:19:15 openat(AT_FDCWD</home/catastor>, "/lib64/libpcre2-8.so.0", O_RDONLY|O_CLOEXEC) = 3</usr/lib64/libpcre2-8.so.0.15.0>
27409<id> 22:19:15 read(3</usr/lib64/libpcre2-8.so.0.15.0>, "\177ELF\2\1\1\0\0\0\0\0\0\0\0\0\3\0>\0\1\0\0\0\0\0\0\0\0\0\0\0"..., 832) = 832
27409<id> 22:19:15 fstat(3</usr/lib64/libpcre2-8.so.0.15.0>, {st_mode=S_IFREG|0755, st_size=724280, ...}) = 0
27409<id> 22:19:15 mmap(NULL, 721368, PROT_READ|PROT_EXEC, MAP_PRIVATE|MAP_DENYWRITE, 3</usr/lib64/libpcre2-8.so.0.15.0>, 0) = 0x7fec745c2000
27409<id> 22:19:15 mmap(0x7fec74643000, 188416, PROT_READ, MAP_PRIVATE|MAP_FIXED|MAP_DENYWRITE, 3</usr/lib64/libpcre2-8.so.0.15.0>, 0x81000) = 0x7fec74643000
27409<id> 22:19:15 mmap(0x7fec74671000, 8192, PROT_READ|PROT_WRITE, MAP_PRIVATE|MAP_FIXED|MAP_DENYWRITE, 3</usr/lib64/libpcre2-8.so.0.15.0>, 0xae000) = 0x7fec74671000
27409<id> 22:19:15 close(3</usr/lib64/libpcre2-8.so.0.15.0>) = 0
27409<id> 22:19:15 mmap(NULL, 12288, PROT_READ|PROT_WRITE, MAP_PRIVATE|MAP_ANONYMOUS, -1, 0) = 0x7fec745bf000
27409<id> 22:19:15 arch_prctl(ARCH_SET_FS, 0x7fec745bf840) = 0
27409<id> 22:19:15 set_tid_address(0x7fec745bfe68) = 27409<id>
27409<id> 22:19:15 set_robust_list(0x7fec745bfb20, 24) = 0
27409<id> 22:19:15 rseq({cpu_id_start=0, cpu_id=RSEQ_CPU_ID_UNINITIALIZED, rseq_cs=NULL, flags=0, node_id=0, mm_cid=0, slice_ctrl={request=0, granted=0, __reserved=0}, __reserved=0}, 32, 0, 0x53053053) = 0
27409<id> 22:19:15 mprotect(0x7fec74860000, 16384, PROT_READ) = 0
27409<id> 22:19:15 mprotect(0x7fec74671000, 4096, PROT_READ) = 0
27409<id> 22:19:15 mprotect(0x7fec7489d000, 4096, PROT_READ) = 0
27409<id> 22:19:15 mprotect(0x564410788000, 4096, PROT_READ) = 0
27409<id> 22:19:15 mprotect(0x7fec748f4000, 8192, PROT_READ) = 0
27409<id> 22:19:15 prlimit64(0, RLIMIT_STACK, NULL, {rlim_cur=8192*1024, rlim_max=RLIM64_INFINITY}) = 0
27409<id> 22:19:15 getrandom("\x8c\xd1\x13\x19\xe8\x59\x47\xa2", 8, GRND_NONBLOCK) = 8
27409<id> 22:19:15 munmap(0x7fec748a3000, 74499) = 0
27409<id> 22:19:15 statfs("/sys/fs/selinux", {f_type=SELINUX_MAGIC, f_bsize=4096, f_blocks=0, f_bfree=0, f_bavail=0, f_files=0, f_ffree=0, f_fsid={val=[0x15, 0]}, f_namelen=255, f_frsize=4096, f_flags=ST_VALID|ST_NOSUID|ST_NOEXEC|ST_RELATIME}) = 0
27409<id> 22:19:15 statfs("/sys/fs/selinux", {f_type=SELINUX_MAGIC, f_bsize=4096, f_blocks=0, f_bfree=0, f_bavail=0, f_files=0, f_ffree=0, f_fsid={val=[0x15, 0]}, f_namelen=255, f_frsize=4096, f_flags=ST_VALID|ST_NOSUID|ST_NOEXEC|ST_RELATIME}) = 0
27409<id> 22:19:15 brk(NULL)            = 0x564434f1d000
27409<id> 22:19:15 brk(0x564434f3e000)  = 0x564434f3e000
27409<id> 22:19:15 access("/etc/selinux/config", F_OK) = 0
27409<id> 22:19:15 geteuid()            = 1000
27409<id> 22:19:15 newfstatat(AT_FDCWD</home/catastor>, "/etc/nsswitch.conf", {st_mode=S_IFREG|0644, st_size=687, ...}, 0) = 0
27409<id> 22:19:15 newfstatat(AT_FDCWD</home/catastor>, "/", {st_mode=S_IFDIR|0555, st_size=154, ...}, 0) = 0
27409<id> 22:19:15 openat(AT_FDCWD</home/catastor>, "/etc/nsswitch.conf", O_RDONLY|O_CLOEXEC) = 3</etc/authselect/nsswitch.conf>
27409<id> 22:19:15 fstat(3</etc/authselect/nsswitch.conf>, {st_mode=S_IFREG|0644, st_size=687, ...}) = 0
27409<id> 22:19:15 read(3</etc/authselect/nsswitch.conf>, "# Generated by authselect\n# Do n"..., 4096) = 687
27409<id> 22:19:15 read(3</etc/authselect/nsswitch.conf>, "", 4096) = 0
27409<id> 22:19:15 fstat(3</etc/authselect/nsswitch.conf>, {st_mode=S_IFREG|0644, st_size=687, ...}) = 0
27409<id> 22:19:15 close(3</etc/authselect/nsswitch.conf>) = 0
27409<id> 22:19:15 openat(AT_FDCWD</home/catastor>, "/etc/passwd", O_RDONLY|O_CLOEXEC) = 3</etc/passwd>
27409<id> 22:19:15 fstat(3</etc/passwd>, {st_mode=S_IFREG|0644, st_size=3346, ...}) = 0
27409<id> 22:19:15 lseek(3</etc/passwd>, 0, SEEK_SET) = 0
27409<id> 22:19:15 read(3</etc/passwd>, "root:x:0:0:Super User:/root:/bin"..., 4096) = 3346
27409<id> 22:19:15 close(3</etc/passwd>) = 0
27409<id> 22:19:15 fstat(1<pipe:[145351]>, {st_mode=S_IFIFO|0600, st_size=0, ...}) = 0
27409<id> 22:19:15 write(1<pipe:[145351]>, "catastor\n", 9) = 9
27408<bash> 22:19:15 <... read resumed>, "catastor\n", 4096) = 9
27409<id> 22:19:15 close(1<pipe:[145351]>) = 0
27408<bash> 22:19:15 read(3<pipe:[145351]> <unfinished ...>
27409<id> 22:19:15 close(2</dev/pts/6<char 136:6>> <unfinished ...>
27408<bash> 22:19:15 <... read resumed>, "", 4096) = 0
27409<id> 22:19:15 <... close resumed>) = 0
27408<bash> 22:19:15 close(3<pipe:[145351]> <unfinished ...>
27409<id> 22:19:15 exit_group(0 <unfinished ...>
27408<bash> 22:19:15 <... close resumed>) = 0
27409<id> 22:19:15 <... exit_group resumed>) = ?
27408<bash> 22:19:15 rt_sigprocmask(SIG_SETMASK, [], NULL, 8) = 0
27408<bash> 22:19:15 rt_sigprocmask(SIG_BLOCK, [CHLD], [], 8) = 0
27408<bash> 22:19:15 rt_sigaction(SIGINT, {sa_handler=0x55e6ca002d80, sa_mask=[], sa_flags=SA_RESTORER, sa_restorer=0x7fa306ca35b0} <unfinished ...>
27409<id> 22:19:15 +++ exited with 0 +++
27408<bash> 22:19:15 <... rt_sigaction resumed>, {sa_handler=0x55e6ca034cf0, sa_mask=[], sa_flags=SA_RESTORER, sa_restorer=0x7fa306ca35b0}, 8) = 0
27408<bash> 22:19:15 wait4(-1, [{WIFEXITED(s) && WEXITSTATUS(s) == 0}], 0, NULL) = 27409
27408<bash> 22:19:15 rt_sigaction(SIGINT, {sa_handler=0x55e6ca034cf0, sa_mask=[], sa_flags=SA_RESTORER, sa_restorer=0x7fa306ca35b0}, {sa_handler=0x55e6ca002d80, sa_mask=[], sa_flags=SA_RESTORER, sa_restorer=0x7fa306ca35b0}, 8) = 0
27408<bash> 22:19:15 rt_sigprocmask(SIG_SETMASK, [], NULL, 8) = 0
27408<bash> 22:19:15 --- SIGCHLD {si_signo=SIGCHLD, si_code=CLD_EXITED, si_pid=27409, si_uid=1000, si_status=0, si_utime=0, si_stime=0} ---
27408<bash> 22:19:15 wait4(-1, 0x7ffee29a8dd4, WNOHANG, NULL) = -1 ECHILD (No child processes)
27408<bash> 22:19:15 rt_sigreturn({mask=[]}) = 0
27408<bash> 22:19:15 rt_sigprocmask(SIG_BLOCK, [CHLD], [], 8) = 0
27408<bash> 22:19:15 rt_sigprocmask(SIG_SETMASK, [], NULL, 8) = 0
27408<bash> 22:19:15 newfstatat(AT_FDCWD</home/catastor>, "/usr/local/sbin", {st_mode=S_IFLNK|0777, st_size=3, ...}, AT_SYMLINK_NOFOLLOW) = 0
27408<bash> 22:19:15 newfstatat(AT_FDCWD</home/catastor>, "/usr/sbin", {st_mode=S_IFLNK|0777, st_size=3, ...}, AT_SYMLINK_NOFOLLOW) = 0
27408<bash> 22:19:15 rt_sigprocmask(SIG_BLOCK, NULL, [], 8) = 0
27408<bash> 22:19:15 pipe2([3<pipe:[145352]>, 4<pipe:[145352]>], 0) = 0
27408<bash> 22:19:15 rt_sigprocmask(SIG_BLOCK, [CHLD], [], 8) = 0
27408<bash> 22:19:15 rt_sigprocmask(SIG_SETMASK, [], NULL, 8) = 0
27408<bash> 22:19:15 rt_sigprocmask(SIG_BLOCK, NULL, [], 8) = 0
27408<bash> 22:19:15 rt_sigprocmask(SIG_BLOCK, [INT TERM CHLD], [], 8) = 0
27408<bash> 22:19:15 rt_sigaction(SIGTERM, {sa_handler=SIG_DFL, sa_mask=[], sa_flags=SA_RESTORER, sa_restorer=0x7fa306ca35b0}, {sa_handler=SIG_IGN, sa_mask=[], sa_flags=SA_RESTORER, sa_restorer=0x7fa306ca35b0}, 8) = 0
27408<bash> 22:19:15 rt_sigprocmask(SIG_BLOCK, ~[], [INT TERM CHLD], 8) = 0
27408<bash> 22:19:15 clone(child_stack=NULL, flags=CLONE_CHILD_CLEARTID|CLONE_CHILD_SETTID|SIGCHLD, child_tidptr=0x7fa306c86a10) = 27410<bash>
27408<bash> 22:19:15 rt_sigprocmask(SIG_SETMASK, [INT TERM CHLD] <unfinished ...>
27410<bash> 22:19:15 set_robust_list(0x7fa306c86a20, 24 <unfinished ...>
27408<bash> 22:19:15 <... rt_sigprocmask resumed>, NULL, 8) = 0
27410<bash> 22:19:15 <... set_robust_list resumed>) = 0
27408<bash> 22:19:15 rt_sigaction(SIGTERM, {sa_handler=SIG_IGN, sa_mask=[], sa_flags=SA_RESTORER, sa_restorer=0x7fa306ca35b0} <unfinished ...>
27410<bash> 22:19:15 rt_sigprocmask(SIG_SETMASK, [INT TERM CHLD] <unfinished ...>
27408<bash> 22:19:15 <... rt_sigaction resumed>, {sa_handler=SIG_DFL, sa_mask=[], sa_flags=SA_RESTORER, sa_restorer=0x7fa306ca35b0}, 8) = 0
27410<bash> 22:19:15 <... rt_sigprocmask resumed>, NULL, 8) = 0
27408<bash> 22:19:15 rt_sigprocmask(SIG_SETMASK, [] <unfinished ...>
27410<bash> 22:19:15 getpid( <unfinished ...>
27408<bash> 22:19:15 <... rt_sigprocmask resumed>, NULL, 8) = 0
27410<bash> 22:19:15 <... getpid resumed>) = 27410<bash>
27408<bash> 22:19:15 rt_sigaction(SIGCHLD, {sa_handler=0x55e6ca0068d0, sa_mask=[], sa_flags=SA_RESTORER|SA_RESTART, sa_restorer=0x7fa306ca35b0} <unfinished ...>
27410<bash> 22:19:15 rt_sigprocmask(SIG_SETMASK, [] <unfinished ...>
27408<bash> 22:19:15 <... rt_sigaction resumed>, {sa_handler=0x55e6ca0068d0, sa_mask=[], sa_flags=SA_RESTORER|SA_RESTART, sa_restorer=0x7fa306ca35b0}, 8) = 0
27410<bash> 22:19:15 <... rt_sigprocmask resumed>, NULL, 8) = 0
27408<bash> 22:19:15 close(4<pipe:[145352]> <unfinished ...>
27410<bash> 22:19:15 rt_sigaction(SIGTSTP, {sa_handler=SIG_DFL, sa_mask=[], sa_flags=SA_RESTORER, sa_restorer=0x7fa306ca35b0} <unfinished ...>
27408<bash> 22:19:15 <... close resumed>) = 0
27410<bash> 22:19:15 <... rt_sigaction resumed>, {sa_handler=SIG_IGN, sa_mask=[], sa_flags=SA_RESTORER, sa_restorer=0x7fa306ca35b0}, 8) = 0
27408<bash> 22:19:15 rt_sigprocmask(SIG_BLOCK, [INT] <unfinished ...>
27410<bash> 22:19:15 rt_sigaction(SIGTTIN, {sa_handler=SIG_DFL, sa_mask=[], sa_flags=SA_RESTORER, sa_restorer=0x7fa306ca35b0} <unfinished ...>
27408<bash> 22:19:15 <... rt_sigprocmask resumed>, [], 8) = 0
27410<bash> 22:19:15 <... rt_sigaction resumed>, {sa_handler=SIG_IGN, sa_mask=[], sa_flags=SA_RESTORER, sa_restorer=0x7fa306ca35b0}, 8) = 0
27410<bash> 22:19:15 rt_sigaction(SIGTTOU, {sa_handler=SIG_DFL, sa_mask=[], sa_flags=SA_RESTORER, sa_restorer=0x7fa306ca35b0} <unfinished ...>
27408<bash> 22:19:15 read(3<pipe:[145352]> <unfinished ...>
27410<bash> 22:19:15 <... rt_sigaction resumed>, {sa_handler=SIG_IGN, sa_mask=[], sa_flags=SA_RESTORER, sa_restorer=0x7fa306ca35b0}, 8) = 0
27410<bash> 22:19:15 rt_sigaction(SIGINT, {sa_handler=SIG_DFL, sa_mask=[], sa_flags=SA_RESTORER, sa_restorer=0x7fa306ca35b0}, {sa_handler=0x55e6ca034cf0, sa_mask=[], sa_flags=SA_RESTORER, sa_restorer=0x7fa306ca35b0}, 8) = 0
27410<bash> 22:19:15 rt_sigaction(SIGQUIT, {sa_handler=SIG_DFL, sa_mask=[], sa_flags=SA_RESTORER, sa_restorer=0x7fa306ca35b0}, {sa_handler=SIG_IGN, sa_mask=[], sa_flags=SA_RESTORER, sa_restorer=0x7fa306ca35b0}, 8) = 0
27410<bash> 22:19:15 rt_sigaction(SIGTERM, {sa_handler=SIG_DFL, sa_mask=[], sa_flags=SA_RESTORER, sa_restorer=0x7fa306ca35b0}, {sa_handler=SIG_DFL, sa_mask=[], sa_flags=SA_RESTORER, sa_restorer=0x7fa306ca35b0}, 8) = 0
27410<bash> 22:19:15 rt_sigaction(SIGCHLD, {sa_handler=SIG_DFL, sa_mask=[], sa_flags=SA_RESTORER|SA_RESTART, sa_restorer=0x7fa306ca35b0}, {sa_handler=0x55e6ca0068d0, sa_mask=[], sa_flags=SA_RESTORER|SA_RESTART, sa_restorer=0x7fa306ca35b0}, 8) = 0
27410<bash> 22:19:15 rt_sigaction(SIGCHLD, {sa_handler=0x55e6ca0068d0, sa_mask=[], sa_flags=SA_RESTORER|SA_RESTART, sa_restorer=0x7fa306ca35b0}, {sa_handler=SIG_DFL, sa_mask=[], sa_flags=SA_RESTORER|SA_RESTART, sa_restorer=0x7fa306ca35b0}, 8) = 0
27410<bash> 22:19:15 rt_sigaction(SIGINT, {sa_handler=0x55e6ca0352c0, sa_mask=[], sa_flags=SA_RESTORER, sa_restorer=0x7fa306ca35b0}, {sa_handler=SIG_DFL, sa_mask=[], sa_flags=SA_RESTORER, sa_restorer=0x7fa306ca35b0}, 8) = 0
27410<bash> 22:19:15 dup2(4<pipe:[145352]>, 1</dev/pts/6<char 136:6>>) = 1<pipe:[145352]>
27410<bash> 22:19:15 close(4<pipe:[145352]>) = 0
27410<bash> 22:19:15 close(3<pipe:[145352]>) = 0
27410<bash> 22:19:15 rt_sigprocmask(SIG_BLOCK, NULL, [], 8) = 0
27410<bash> 22:19:15 rt_sigprocmask(SIG_BLOCK, NULL, [], 8) = 0
27410<bash> 22:19:15 rt_sigprocmask(SIG_BLOCK, [INT TERM CHLD], [], 8) = 0
27410<bash> 22:19:15 rt_sigaction(SIGTERM, {sa_handler=SIG_DFL, sa_mask=[], sa_flags=SA_RESTORER, sa_restorer=0x7fa306ca35b0}, {sa_handler=SIG_DFL, sa_mask=[], sa_flags=SA_RESTORER, sa_restorer=0x7fa306ca35b0}, 8) = 0
27410<bash> 22:19:15 rt_sigprocmask(SIG_BLOCK, ~[], [INT TERM CHLD], 8) = 0
27410<bash> 22:19:15 clone(child_stack=NULL, flags=CLONE_CHILD_CLEARTID|CLONE_CHILD_SETTID|SIGCHLD, child_tidptr=0x7fa306c86a10) = 27411<bash>
27411<bash> 22:19:15 set_robust_list(0x7fa306c86a20, 24 <unfinished ...>
27410<bash> 22:19:15 rt_sigprocmask(SIG_SETMASK, [INT TERM CHLD] <unfinished ...>
27411<bash> 22:19:15 <... set_robust_list resumed>) = 0
27410<bash> 22:19:15 <... rt_sigprocmask resumed>, NULL, 8) = 0
27411<bash> 22:19:15 rt_sigprocmask(SIG_SETMASK, [INT TERM CHLD] <unfinished ...>
27410<bash> 22:19:15 rt_sigaction(SIGTERM, {sa_handler=SIG_DFL, sa_mask=[], sa_flags=SA_RESTORER, sa_restorer=0x7fa306ca35b0} <unfinished ...>
27411<bash> 22:19:15 <... rt_sigprocmask resumed>, NULL, 8) = 0
27410<bash> 22:19:15 <... rt_sigaction resumed>, {sa_handler=SIG_DFL, sa_mask=[], sa_flags=SA_RESTORER, sa_restorer=0x7fa306ca35b0}, 8) = 0
27411<bash> 22:19:15 getpid( <unfinished ...>
27410<bash> 22:19:15 rt_sigprocmask(SIG_SETMASK, [] <unfinished ...>
27411<bash> 22:19:15 <... getpid resumed>) = 27411<bash>
27410<bash> 22:19:15 <... rt_sigprocmask resumed>, NULL, 8) = 0
27411<bash> 22:19:15 rt_sigprocmask(SIG_SETMASK, [], NULL, 8) = 0
27410<bash> 22:19:15 rt_sigprocmask(SIG_BLOCK, [CHLD] <unfinished ...>
27411<bash> 22:19:15 rt_sigaction(SIGTSTP, {sa_handler=SIG_DFL, sa_mask=[], sa_flags=SA_RESTORER, sa_restorer=0x7fa306ca35b0} <unfinished ...>
27410<bash> 22:19:15 <... rt_sigprocmask resumed>, [], 8) = 0
27411<bash> 22:19:15 <... rt_sigaction resumed>, {sa_handler=SIG_DFL, sa_mask=[], sa_flags=SA_RESTORER, sa_restorer=0x7fa306ca35b0}, 8) = 0
27410<bash> 22:19:15 rt_sigprocmask(SIG_SETMASK, [] <unfinished ...>
27411<bash> 22:19:15 rt_sigaction(SIGTTIN, {sa_handler=SIG_DFL, sa_mask=[], sa_flags=SA_RESTORER, sa_restorer=0x7fa306ca35b0} <unfinished ...>
27410<bash> 22:19:15 <... rt_sigprocmask resumed>, NULL, 8) = 0
27411<bash> 22:19:15 <... rt_sigaction resumed>, {sa_handler=SIG_DFL, sa_mask=[], sa_flags=SA_RESTORER, sa_restorer=0x7fa306ca35b0}, 8) = 0
27410<bash> 22:19:15 rt_sigprocmask(SIG_BLOCK, [CHLD] <unfinished ...>
27411<bash> 22:19:15 rt_sigaction(SIGTTOU, {sa_handler=SIG_DFL, sa_mask=[], sa_flags=SA_RESTORER, sa_restorer=0x7fa306ca35b0} <unfinished ...>
27410<bash> 22:19:15 <... rt_sigprocmask resumed>, [], 8) = 0
27411<bash> 22:19:15 <... rt_sigaction resumed>, {sa_handler=SIG_DFL, sa_mask=[], sa_flags=SA_RESTORER, sa_restorer=0x7fa306ca35b0}, 8) = 0
27410<bash> 22:19:15 rt_sigaction(SIGINT, {sa_handler=0x55e6ca002d80, sa_mask=[], sa_flags=SA_RESTORER, sa_restorer=0x7fa306ca35b0} <unfinished ...>
27411<bash> 22:19:15 rt_sigaction(SIGHUP, {sa_handler=SIG_DFL, sa_mask=[], sa_flags=SA_RESTORER, sa_restorer=0x7fa306ca35b0} <unfinished ...>
27410<bash> 22:19:15 <... rt_sigaction resumed>, {sa_handler=0x55e6ca0352c0, sa_mask=[], sa_flags=SA_RESTORER, sa_restorer=0x7fa306ca35b0}, 8) = 0
27411<bash> 22:19:15 <... rt_sigaction resumed>, NULL, 8) = 0
27410<bash> 22:19:15 wait4(-1 <unfinished ...>
27411<bash> 22:19:15 rt_sigaction(SIGILL, {sa_handler=SIG_DFL, sa_mask=[], sa_flags=SA_RESTORER, sa_restorer=0x7fa306ca35b0}, NULL, 8) = 0
27411<bash> 22:19:15 rt_sigaction(SIGTRAP, {sa_handler=SIG_DFL, sa_mask=[], sa_flags=SA_RESTORER, sa_restorer=0x7fa306ca35b0}, NULL, 8) = 0
27411<bash> 22:19:15 rt_sigprocmask(SIG_BLOCK, ~[], [], 8) = 0
27411<bash> 22:19:15 rt_sigaction(SIGABRT, {sa_handler=SIG_DFL, sa_mask=[], sa_flags=SA_RESTORER, sa_restorer=0x7fa306ca35b0}, NULL, 8) = 0
27411<bash> 22:19:15 rt_sigprocmask(SIG_SETMASK, [], NULL, 8) = 0
27411<bash> 22:19:15 rt_sigaction(SIGFPE, {sa_handler=SIG_DFL, sa_mask=[], sa_flags=SA_RESTORER, sa_restorer=0x7fa306ca35b0}, NULL, 8) = 0
27411<bash> 22:19:15 rt_sigaction(SIGBUS, {sa_handler=SIG_DFL, sa_mask=[], sa_flags=SA_RESTORER, sa_restorer=0x7fa306ca35b0}, NULL, 8) = 0
27411<bash> 22:19:15 rt_sigaction(SIGSEGV, {sa_handler=SIG_DFL, sa_mask=[], sa_flags=SA_RESTORER, sa_restorer=0x7fa306ca35b0}, NULL, 8) = 0
27411<bash> 22:19:15 rt_sigaction(SIGSYS, {sa_handler=SIG_DFL, sa_mask=[], sa_flags=SA_RESTORER, sa_restorer=0x7fa306ca35b0}, NULL, 8) = 0
27411<bash> 22:19:15 rt_sigaction(SIGPIPE, {sa_handler=SIG_DFL, sa_mask=[], sa_flags=SA_RESTORER, sa_restorer=0x7fa306ca35b0}, NULL, 8) = 0
27411<bash> 22:19:15 rt_sigaction(SIGALRM, {sa_handler=SIG_DFL, sa_mask=[], sa_flags=SA_RESTORER, sa_restorer=0x7fa306ca35b0}, NULL, 8) = 0
27411<bash> 22:19:15 rt_sigaction(SIGXCPU, {sa_handler=SIG_DFL, sa_mask=[], sa_flags=SA_RESTORER, sa_restorer=0x7fa306ca35b0}, NULL, 8) = 0
27411<bash> 22:19:15 rt_sigaction(SIGXFSZ, {sa_handler=SIG_DFL, sa_mask=[], sa_flags=SA_RESTORER, sa_restorer=0x7fa306ca35b0}, NULL, 8) = 0
27411<bash> 22:19:15 rt_sigaction(SIGVTALRM, {sa_handler=SIG_DFL, sa_mask=[], sa_flags=SA_RESTORER, sa_restorer=0x7fa306ca35b0}, NULL, 8) = 0
27411<bash> 22:19:15 rt_sigaction(SIGUSR1, {sa_handler=SIG_DFL, sa_mask=[], sa_flags=SA_RESTORER, sa_restorer=0x7fa306ca35b0}, NULL, 8) = 0
27411<bash> 22:19:15 rt_sigaction(SIGUSR2, {sa_handler=SIG_DFL, sa_mask=[], sa_flags=SA_RESTORER, sa_restorer=0x7fa306ca35b0}, NULL, 8) = 0
27411<bash> 22:19:15 rt_sigaction(SIGINT, {sa_handler=SIG_DFL, sa_mask=[], sa_flags=SA_RESTORER, sa_restorer=0x7fa306ca35b0}, {sa_handler=0x55e6ca0352c0, sa_mask=[], sa_flags=SA_RESTORER, sa_restorer=0x7fa306ca35b0}, 8) = 0
27411<bash> 22:19:15 rt_sigaction(SIGQUIT, {sa_handler=SIG_DFL, sa_mask=[], sa_flags=SA_RESTORER, sa_restorer=0x7fa306ca35b0}, {sa_handler=SIG_DFL, sa_mask=[], sa_flags=SA_RESTORER, sa_restorer=0x7fa306ca35b0}, 8) = 0
27411<bash> 22:19:15 rt_sigaction(SIGTERM, {sa_handler=SIG_DFL, sa_mask=[], sa_flags=SA_RESTORER, sa_restorer=0x7fa306ca35b0}, {sa_handler=SIG_DFL, sa_mask=[], sa_flags=SA_RESTORER, sa_restorer=0x7fa306ca35b0}, 8) = 0
27411<bash> 22:19:15 rt_sigaction(SIGCHLD, {sa_handler=SIG_DFL, sa_mask=[], sa_flags=SA_RESTORER|SA_RESTART, sa_restorer=0x7fa306ca35b0}, {sa_handler=0x55e6ca0068d0, sa_mask=[], sa_flags=SA_RESTORER|SA_RESTART, sa_restorer=0x7fa306ca35b0}, 8) = 0
27411<bash> 22:19:15 openat(AT_FDCWD</home/catastor>, "/dev/null", O_WRONLY|O_CREAT|O_TRUNC, 0666) = 3</dev/null<char 1:3>>
27411<bash> 22:19:15 dup2(3</dev/null<char 1:3>>, 2</dev/pts/6<char 136:6>>) = 2</dev/null<char 1:3>>
27411<bash> 22:19:15 close(3</dev/null<char 1:3>>) = 0
27411<bash> 22:19:15 execve("/usr/bin/hostnamectl", ["/usr/bin/hostnamectl", "--transient"], 0x55e6cc4b0080 /* 22 vars */) = 0
27411<hostnamectl> 22:19:15 brk(NULL)   = 0x55e14ec6c000
27411<hostnamectl> 22:19:15 mmap(NULL, 8192, PROT_READ|PROT_WRITE, MAP_PRIVATE|MAP_ANONYMOUS, -1, 0) = 0x7fd9bf356000
27411<hostnamectl> 22:19:15 access("/etc/ld.so.preload", R_OK) = -1 ENOENT (No such file or directory)
27411<hostnamectl> 22:19:15 openat(AT_FDCWD</home/catastor>, "/usr/lib64/systemd/glibc-hwcaps/x86-64-v3/libsystemd-shared-259.5-1.fc44.so", O_RDONLY|O_CLOEXEC) = -1 ENOENT (No such file or directory)
27411<hostnamectl> 22:19:15 newfstatat(AT_FDCWD</home/catastor>, "/usr/lib64/systemd/glibc-hwcaps/x86-64-v3/", 0x7ffdee5826b0, 0) = -1 ENOENT (No such file or directory)
27411<hostnamectl> 22:19:15 openat(AT_FDCWD</home/catastor>, "/usr/lib64/systemd/glibc-hwcaps/x86-64-v2/libsystemd-shared-259.5-1.fc44.so", O_RDONLY|O_CLOEXEC) = -1 ENOENT (No such file or directory)
27411<hostnamectl> 22:19:15 newfstatat(AT_FDCWD</home/catastor>, "/usr/lib64/systemd/glibc-hwcaps/x86-64-v2/", 0x7ffdee5826b0, 0) = -1 ENOENT (No such file or directory)
27411<hostnamectl> 22:19:15 openat(AT_FDCWD</home/catastor>, "/usr/lib64/systemd/libsystemd-shared-259.5-1.fc44.so", O_RDONLY|O_CLOEXEC) = 3</usr/lib64/systemd/libsystemd-shared-259.5-1.fc44.so>
27411<hostnamectl> 22:19:15 read(3</usr/lib64/systemd/libsystemd-shared-259.5-1.fc44.so>, "\177ELF\2\1\1\0\0\0\0\0\0\0\0\0\3\0>\0\1\0\0\0\0\0\0\0\0\0\0\0"..., 832) = 832
27411<hostnamectl> 22:19:15 fstat(3</usr/lib64/systemd/libsystemd-shared-259.5-1.fc44.so>, {st_mode=S_IFREG|0755, st_size=5665048, ...}) = 0
27411<hostnamectl> 22:19:15 mmap(NULL, 5576088, PROT_READ|PROT_EXEC, MAP_PRIVATE|MAP_DENYWRITE, 3</usr/lib64/systemd/libsystemd-shared-259.5-1.fc44.so>, 0) = 0x7fd9bee00000
27411<hostnamectl> 22:19:15 mmap(0x7fd9bf134000, 1867776, PROT_READ, MAP_PRIVATE|MAP_FIXED|MAP_DENYWRITE, 3</usr/lib64/systemd/libsystemd-shared-259.5-1.fc44.so>, 0x334000) = 0x7fd9bf134000
27411<hostnamectl> 22:19:15 mmap(0x7fd9bf2fc000, 344064, PROT_READ|PROT_WRITE, MAP_PRIVATE|MAP_FIXED|MAP_DENYWRITE, 3</usr/lib64/systemd/libsystemd-shared-259.5-1.fc44.so>, 0x4fb000) = 0x7fd9bf2fc000
27411<hostnamectl> 22:19:15 mmap(0x7fd9bf350000, 5528, PROT_READ|PROT_WRITE, MAP_PRIVATE|MAP_FIXED|MAP_ANONYMOUS, -1, 0) = 0x7fd9bf350000
27411<hostnamectl> 22:19:15 close(3</usr/lib64/systemd/libsystemd-shared-259.5-1.fc44.so>) = 0
27411<hostnamectl> 22:19:15 openat(AT_FDCWD</home/catastor>, "/usr/lib64/systemd/libgcc_s.so.1", O_RDONLY|O_CLOEXEC) = -1 ENOENT (No such file or directory)
27411<hostnamectl> 22:19:15 openat(AT_FDCWD</home/catastor>, "/etc/ld.so.cache", O_RDONLY|O_CLOEXEC) = 3</etc/ld.so.cache>
27411<hostnamectl> 22:19:15 fstat(3</etc/ld.so.cache>, {st_mode=S_IFREG|0644, st_size=74499, ...}) = 0
27411<hostnamectl> 22:19:15 mmap(NULL, 74499, PROT_READ, MAP_PRIVATE, 3</etc/ld.so.cache>, 0) = 0x7fd9beded000
27411<hostnamectl> 22:19:15 close(3</etc/ld.so.cache>) = 0
27411<hostnamectl> 22:19:15 openat(AT_FDCWD</home/catastor>, "/lib64/libgcc_s.so.1", O_RDONLY|O_CLOEXEC) = 3</usr/lib64/libgcc_s-16-20260321.so.1>
27411<hostnamectl> 22:19:15 read(3</usr/lib64/libgcc_s-16-20260321.so.1>, "\177ELF\2\1\1\0\0\0\0\0\0\0\0\0\3\0>\0\1\0\0\0\0\0\0\0\0\0\0\0"..., 832) = 832
27411<hostnamectl> 22:19:15 fstat(3</usr/lib64/libgcc_s-16-20260321.so.1>, {st_mode=S_IFREG|0755, st_size=186544, ...}) = 0
27411<hostnamectl> 22:19:15 mmap(NULL, 180680, PROT_READ|PROT_EXEC, MAP_PRIVATE|MAP_DENYWRITE, 3</usr/lib64/libgcc_s-16-20260321.so.1>, 0) = 0x7fd9bedc0000
27411<hostnamectl> 22:19:15 mmap(0x7fd9bede4000, 28672, PROT_READ, MAP_PRIVATE|MAP_FIXED|MAP_DENYWRITE, 3</usr/lib64/libgcc_s-16-20260321.so.1>, 0x24000) = 0x7fd9bede4000
27411<hostnamectl> 22:19:15 mmap(0x7fd9bedeb000, 4096, PROT_READ|PROT_WRITE, MAP_PRIVATE|MAP_FIXED|MAP_DENYWRITE, 3</usr/lib64/libgcc_s-16-20260321.so.1>, 0x2b000) = 0x7fd9bedeb000
27411<hostnamectl> 22:19:15 mmap(0x7fd9bedec000, 456, PROT_READ|PROT_WRITE, MAP_PRIVATE|MAP_FIXED|MAP_ANONYMOUS, -1, 0) = 0x7fd9bedec000
27411<hostnamectl> 22:19:15 close(3</usr/lib64/libgcc_s-16-20260321.so.1>) = 0
27411<hostnamectl> 22:19:15 openat(AT_FDCWD</home/catastor>, "/usr/lib64/systemd/libc.so.6", O_RDONLY|O_CLOEXEC) = -1 ENOENT (No such file or directory)
27411<hostnamectl> 22:19:15 openat(AT_FDCWD</home/catastor>, "/lib64/libc.so.6", O_RDONLY|O_CLOEXEC) = 3</usr/lib64/libc.so.6>
27411<hostnamectl> 22:19:15 read(3</usr/lib64/libc.so.6>, "\177ELF\2\1\1\3\0\0\0\0\0\0\0\0\3\0>\0\1\0\0\0\2408\0\0\0\0\0\0"..., 832) = 832
27411<hostnamectl> 22:19:15 pread64(3</usr/lib64/libc.so.6>, "\6\0\0\0\4\0\0\0@\0\0\0\0\0\0\0@\0\0\0\0\0\0\0@\0\0\0\0\0\0\0"..., 784, 64) = 784
27411<hostnamectl> 22:19:15 fstat(3</usr/lib64/libc.so.6>, {st_mode=S_IFREG|0755, st_size=2490288, ...}) = 0
27411<hostnamectl> 22:19:15 pread64(3</usr/lib64/libc.so.6>, "\6\0\0\0\4\0\0\0@\0\0\0\0\0\0\0@\0\0\0\0\0\0\0@\0\0\0\0\0\0\0"..., 784, 64) = 784
27411<hostnamectl> 22:19:15 mmap(NULL, 2075504, PROT_READ|PROT_EXEC, MAP_PRIVATE|MAP_DENYWRITE, 3</usr/lib64/libc.so.6>, 0) = 0x7fd9bebc5000
27411<hostnamectl> 22:19:15 mmap(0x7fd9bed39000, 495616, PROT_READ, MAP_PRIVATE|MAP_FIXED|MAP_DENYWRITE, 3</usr/lib64/libc.so.6>, 0x174000) = 0x7fd9bed39000
27411<hostnamectl> 22:19:15 mmap(0x7fd9bedb2000, 24576, PROT_READ|PROT_WRITE, MAP_PRIVATE|MAP_FIXED|MAP_DENYWRITE, 3</usr/lib64/libc.so.6>, 0x1ed000) = 0x7fd9bedb2000
27411<hostnamectl> 22:19:15 mmap(0x7fd9bedb8000, 31600, PROT_READ|PROT_WRITE, MAP_PRIVATE|MAP_FIXED|MAP_ANONYMOUS, -1, 0) = 0x7fd9bedb8000
27411<hostnamectl> 22:19:15 close(3</usr/lib64/libc.so.6>) = 0
27411<hostnamectl> 22:19:15 openat(AT_FDCWD</home/catastor>, "/lib64/libcrypt.so.2", O_RDONLY|O_CLOEXEC) = 3</usr/lib64/libcrypt.so.2.0.0>
27411<hostnamectl> 22:19:15 read(3</usr/lib64/libcrypt.so.2.0.0>, "\177ELF\2\1\1\0\0\0\0\0\0\0\0\0\3\0>\0\1\0\0\0\0\0\0\0\0\0\0\0"..., 832) = 832
27411<hostnamectl> 22:19:15 fstat(3</usr/lib64/libcrypt.so.2.0.0>, {st_mode=S_IFREG|0755, st_size=221624, ...}) = 0
27411<hostnamectl> 22:19:15 mmap(NULL, 217096, PROT_READ|PROT_EXEC, MAP_PRIVATE|MAP_DENYWRITE, 3</usr/lib64/libcrypt.so.2.0.0>, 0) = 0x7fd9beb8f000
27411<hostnamectl> 22:19:15 mmap(0x7fd9beba9000, 106496, PROT_READ, MAP_PRIVATE|MAP_FIXED|MAP_DENYWRITE, 3</usr/lib64/libcrypt.so.2.0.0>, 0x1a000) = 0x7fd9beba9000
27411<hostnamectl> 22:19:15 mmap(0x7fd9bebc3000, 4096, PROT_READ|PROT_WRITE, MAP_PRIVATE|MAP_FIXED|MAP_DENYWRITE, 3</usr/lib64/libcrypt.so.2.0.0>, 0x34000) = 0x7fd9bebc3000
27411<hostnamectl> 22:19:15 mmap(0x7fd9bebc4000, 8, PROT_READ|PROT_WRITE, MAP_PRIVATE|MAP_FIXED|MAP_ANONYMOUS, -1, 0) = 0x7fd9bebc4000
27411<hostnamectl> 22:19:15 close(3</usr/lib64/libcrypt.so.2.0.0>) = 0
27411<hostnamectl> 22:19:15 openat(AT_FDCWD</home/catastor>, "/lib64/libcrypto.so.3", O_RDONLY|O_CLOEXEC) = 3</usr/lib64/libcrypto.so.3.5.5>
27411<hostnamectl> 22:19:15 read(3</usr/lib64/libcrypto.so.3.5.5>, "\177ELF\2\1\1\0\0\0\0\0\0\0\0\0\3\0>\0\1\0\0\0\0\0\0\0\0\0\0\0"..., 832) = 832
27411<hostnamectl> 22:19:15 fstat(3</usr/lib64/libcrypto.so.3.5.5>, {st_mode=S_IFREG|0755, st_size=5774096, ...}) = 0
27411<hostnamectl> 22:19:15 mmap(NULL, 5663248, PROT_READ|PROT_EXEC, MAP_PRIVATE|MAP_DENYWRITE, 3</usr/lib64/libcrypto.so.3.5.5>, 0) = 0x7fd9be600000
27411<hostnamectl> 22:19:15 mmap(0x7fd9be980000, 1482752, PROT_READ, MAP_PRIVATE|MAP_FIXED|MAP_DENYWRITE, 3</usr/lib64/libcrypto.so.3.5.5>, 0x380000) = 0x7fd9be980000
27411<hostnamectl> 22:19:15 mmap(0x7fd9beaea000, 499712, PROT_READ|PROT_WRITE, MAP_PRIVATE|MAP_FIXED|MAP_DENYWRITE, 3</usr/lib64/libcrypto.so.3.5.5>, 0x4ea000) = 0x7fd9beaea000
27411<hostnamectl> 22:19:15 mmap(0x7fd9beb64000, 10768, PROT_READ|PROT_WRITE, MAP_PRIVATE|MAP_FIXED|MAP_ANONYMOUS, -1, 0) = 0x7fd9beb64000
27411<hostnamectl> 22:19:15 close(3</usr/lib64/libcrypto.so.3.5.5>) = 0
27411<hostnamectl> 22:19:15 openat(AT_FDCWD</home/catastor>, "/lib64/libm.so.6", O_RDONLY|O_CLOEXEC) = 3</usr/lib64/libm.so.6>
27411<hostnamectl> 22:19:15 read(3</usr/lib64/libm.so.6>, "\177ELF\2\1\1\3\0\0\0\0\0\0\0\0\3\0>\0\1\0\0\0\0\0\0\0\0\0\0\0"..., 832) = 832
27411<hostnamectl> 22:19:15 fstat(3</usr/lib64/libm.so.6>, {st_mode=S_IFREG|0755, st_size=1153848, ...}) = 0
27411<hostnamectl> 22:19:15 mmap(NULL, 1138704, PROT_READ|PROT_EXEC, MAP_PRIVATE|MAP_DENYWRITE, 3</usr/lib64/libm.so.6>, 0) = 0x7fd9be4e9000
27411<hostnamectl> 22:19:15 mmap(0x7fd9be578000, 548864, PROT_READ, MAP_PRIVATE|MAP_FIXED|MAP_DENYWRITE, 3</usr/lib64/libm.so.6>, 0x8f000) = 0x7fd9be578000
27411<hostnamectl> 22:19:15 mmap(0x7fd9be5fe000, 8192, PROT_READ|PROT_WRITE, MAP_PRIVATE|MAP_FIXED|MAP_DENYWRITE, 3</usr/lib64/libm.so.6>, 0x114000) = 0x7fd9be5fe000
27411<hostnamectl> 22:19:15 close(3</usr/lib64/libm.so.6>) = 0
27411<hostnamectl> 22:19:15 mmap(NULL, 8192, PROT_READ|PROT_WRITE, MAP_PRIVATE|MAP_ANONYMOUS, -1, 0) = 0x7fd9bf354000
27411<hostnamectl> 22:19:15 openat(AT_FDCWD</home/catastor>, "/lib64/libz.so.1", O_RDONLY|O_CLOEXEC) = 3</usr/lib64/libz.so.1.3.1.zlib-ng>
27411<hostnamectl> 22:19:15 read(3</usr/lib64/libz.so.1.3.1.zlib-ng>, "\177ELF\2\1\1\0\0\0\0\0\0\0\0\0\3\0>\0\1\0\0\0\0\0\0\0\0\0\0\0"..., 832) = 832
27411<hostnamectl> 22:19:15 fstat(3</usr/lib64/libz.so.1.3.1.zlib-ng>, {st_mode=S_IFREG|0755, st_size=169544, ...}) = 0
27411<hostnamectl> 22:19:15 mmap(NULL, 168056, PROT_READ|PROT_EXEC, MAP_PRIVATE|MAP_DENYWRITE, 3</usr/lib64/libz.so.1.3.1.zlib-ng>, 0) = 0x7fd9be4bf000
27411<hostnamectl> 22:19:15 mmap(0x7fd9be4dc000, 45056, PROT_READ, MAP_PRIVATE|MAP_FIXED|MAP_DENYWRITE, 3</usr/lib64/libz.so.1.3.1.zlib-ng>, 0x1d000) = 0x7fd9be4dc000
27411<hostnamectl> 22:19:15 mmap(0x7fd9be4e7000, 8192, PROT_READ|PROT_WRITE, MAP_PRIVATE|MAP_FIXED|MAP_DENYWRITE, 3</usr/lib64/libz.so.1.3.1.zlib-ng>, 0x27000) = 0x7fd9be4e7000
27411<hostnamectl> 22:19:15 close(3</usr/lib64/libz.so.1.3.1.zlib-ng>) = 0
27411<hostnamectl> 22:19:15 mmap(NULL, 8192, PROT_READ|PROT_WRITE, MAP_PRIVATE|MAP_ANONYMOUS, -1, 0) = 0x7fd9bf352000
27411<hostnamectl> 22:19:15 arch_prctl(ARCH_SET_FS, 0x7fd9bf352ec0) = 0
27411<hostnamectl> 22:19:15 set_tid_address(0x7fd9bf3534e8) = 27411<hostnamectl>
27411<hostnamectl> 22:19:15 set_robust_list(0x7fd9bf3531a0, 24) = 0
27411<hostnamectl> 22:19:15 rseq({cpu_id_start=0, cpu_id=RSEQ_CPU_ID_UNINITIALIZED, rseq_cs=NULL, flags=0, node_id=0, mm_cid=0, slice_ctrl={request=0, granted=0, __reserved=0}, __reserved=0}, 32, 0, 0x53053053) = 0
27411<hostnamectl> 22:19:15 mprotect(0x7fd9bedb2000, 16384, PROT_READ) = 0
27411<hostnamectl> 22:19:15 mprotect(0x7fd9be4e7000, 4096, PROT_READ) = 0
27411<hostnamectl> 22:19:15 mprotect(0x7fd9be5fe000, 4096, PROT_READ) = 0
27411<hostnamectl> 22:19:15 mprotect(0x7fd9beaea000, 487424, PROT_READ) = 0
27411<hostnamectl> 22:19:15 mprotect(0x7fd9bebc3000, 4096, PROT_READ) = 0
27411<hostnamectl> 22:19:15 mprotect(0x7fd9bedeb000, 4096, PROT_READ) = 0
27411<hostnamectl> 22:19:15 mprotect(0x7fd9bf2fc000, 335872, PROT_READ) = 0
27411<hostnamectl> 22:19:15 mprotect(0x55e120969000, 4096, PROT_READ) = 0
27411<hostnamectl> 22:19:15 mprotect(0x7fd9bf396000, 8192, PROT_READ) = 0
27411<hostnamectl> 22:19:15 prlimit64(0, RLIMIT_STACK, NULL, {rlim_cur=8192*1024, rlim_max=RLIM64_INFINITY}) = 0
27411<hostnamectl> 22:19:15 getrandom("\x67\x3d\x9c\x7f\x19\x45\x21\x23", 8, GRND_NONBLOCK) = 8
27411<hostnamectl> 22:19:15 munmap(0x7fd9beded000, 74499) = 0
27411<hostnamectl> 22:19:15 getpid()    = 27411<hostnamectl>
27411<hostnamectl> 22:19:15 faccessat2(AT_FDCWD</home/catastor>, "/run/systemd/system/", F_OK, AT_SYMLINK_NOFOLLOW) = 0
27411<hostnamectl> 22:19:15 brk(NULL)   = 0x55e14ec6c000
27411<hostnamectl> 22:19:15 brk(0x55e14ec8d000) = 0x55e14ec8d000
27411<hostnamectl> 22:19:15 rt_sigprocmask(SIG_BLOCK, ~[], [], 8) = 0
27411<hostnamectl> 22:19:15 mmap(NULL, 4096, PROT_READ|PROT_WRITE, MAP_DROPPABLE|MAP_ANONYMOUS, -1, 0) = 0x7fd9bedff000
27411<hostnamectl> 22:19:15 mmap(NULL, 4096, PROT_READ|PROT_WRITE, MAP_PRIVATE|MAP_ANONYMOUS, -1, 0) = 0x7fd9bedfe000
27411<hostnamectl> 22:19:15 rt_sigprocmask(SIG_SETMASK, [], NULL, 8) = 0
27411<hostnamectl> 22:19:15 getrandom("\xb6\x9a\x25\x18\xd1\x02\x1a\xed\x17\xe8\x4d\x48\xa8\xcc\xe0\xac\x9b\x37\x95\x6e\x40\x1c\x28\xd7\x40\x4c\x01\xcd\xa2\xfe\xcb\x4b", 32, 0) = 32
27411<hostnamectl> 22:19:15 futex(0x7fd9bf351578, FUTEX_WAKE_PRIVATE, 2147483647) = 0
27411<hostnamectl> 22:19:15 socket(AF_UNIX, SOCK_STREAM|SOCK_CLOEXEC|SOCK_NONBLOCK, 0) = 3<UNIX-STREAM:[145353]>
27411<hostnamectl> 22:19:15 prctl(PR_GET_NAME, "hostnamectl") = 0
27411<hostnamectl> 22:19:15 bind(3<UNIX-STREAM:[145353]>, {sa_family=AF_UNIX, sun_path=@"4626d760be0223ee/bus/hostnamectl/system"}, 42) = 0
27411<hostnamectl> 22:19:15 getsockopt(3<UNIX-STREAM:[145353,@"4626d760be0223ee/bus/hostnamectl/system"]>, SOL_SOCKET, SO_RCVBUF, [212992], [4]) = 0
27411<hostnamectl> 22:19:15 setsockopt(3<UNIX-STREAM:[145353,@"4626d760be0223ee/bus/hostnamectl/system"]>, SOL_SOCKET, SO_RCVBUF, [8388608], 4) = 0
27411<hostnamectl> 22:19:15 getsockopt(3<UNIX-STREAM:[145353,@"4626d760be0223ee/bus/hostnamectl/system"]>, SOL_SOCKET, SO_RCVBUF, [8388608], [4]) = 0
27411<hostnamectl> 22:19:15 setsockopt(3<UNIX-STREAM:[145353,@"4626d760be0223ee/bus/hostnamectl/system"]>, SOL_SOCKET, SO_RCVBUFFORCE, [8388608], 4) = -1 EPERM (Operation not permitted)
27411<hostnamectl> 22:19:15 getsockopt(3<UNIX-STREAM:[145353,@"4626d760be0223ee/bus/hostnamectl/system"]>, SOL_SOCKET, SO_SNDBUF, [212992], [4]) = 0
27411<hostnamectl> 22:19:15 setsockopt(3<UNIX-STREAM:[145353,@"4626d760be0223ee/bus/hostnamectl/system"]>, SOL_SOCKET, SO_SNDBUF, [8388608], 4) = 0
27411<hostnamectl> 22:19:15 getsockopt(3<UNIX-STREAM:[145353,@"4626d760be0223ee/bus/hostnamectl/system"]>, SOL_SOCKET, SO_SNDBUF, [8388608], [4]) = 0
27411<hostnamectl> 22:19:15 setsockopt(3<UNIX-STREAM:[145353,@"4626d760be0223ee/bus/hostnamectl/system"]>, SOL_SOCKET, SO_SNDBUFFORCE, [8388608], 4) = -1 EPERM (Operation not permitted)
27411<hostnamectl> 22:19:15 connect(3<UNIX-STREAM:[145353,@"4626d760be0223ee/bus/hostnamectl/system"]>, {sa_family=AF_UNIX, sun_path="/run/dbus/system_bus_socket"}, 30) = 0
27411<hostnamectl> 22:19:15 getsockopt(3<UNIX-STREAM:[145353,@"4626d760be0223ee/bus/hostnamectl/system"]>, SOL_SOCKET, SO_PEERCRED, {pid=1<systemd>, uid=0, gid=0}, [12]) = 0
27411<hostnamectl> 22:19:15 getsockopt(3<UNIX-STREAM:[145353,@"4626d760be0223ee/bus/hostnamectl/system"]>, SOL_SOCKET, SO_PEERSEC, "system_u:system_r:system_dbusd_t"..., [64 => 48]) = 0
27411<hostnamectl> 22:19:15 openat(AT_FDCWD</home/catastor>, "/proc/sys/kernel/ngroups_max", O_RDONLY|O_CLOEXEC) = 4</proc/sys/kernel/ngroups_max>
27411<hostnamectl> 22:19:15 read(4</proc/sys/kernel/ngroups_max>, "65536\n", 31) = 6
27411<hostnamectl> 22:19:15 close(4</proc/sys/kernel/ngroups_max>) = 0
27411<hostnamectl> 22:19:15 mmap(NULL, 266240, PROT_READ|PROT_WRITE, MAP_PRIVATE|MAP_ANONYMOUS, -1, 0) = 0x7fd9be47e000
27411<hostnamectl> 22:19:15 getsockopt(3<UNIX-STREAM:[145353,@"4626d760be0223ee/bus/hostnamectl/system"]>, SOL_SOCKET, SO_PEERGROUPS, 0x7fd9be47e010, [262144 => 0]) = 0
27411<hostnamectl> 22:19:15 getsockopt(3<UNIX-STREAM:[145353,@"4626d760be0223ee/bus/hostnamectl/system"]>, SOL_SOCKET, SO_PEERPIDFD, [4<pid:1<systemd>>], [4]) = 0
27411<hostnamectl> 22:19:15 getpeername(3<UNIX-STREAM:[145353,@"4626d760be0223ee/bus/hostnamectl/system"]>, {sa_family=AF_UNIX, sun_path="/run/dbus/system_bus_socket"}, [127 => 30]) = 0
27411<hostnamectl> 22:19:15 fstat(3<UNIX-STREAM:[145353,@"4626d760be0223ee/bus/hostnamectl/system"]>, {st_mode=S_IFSOCK|0777, st_size=0, ...}) = 0
27411<hostnamectl> 22:19:15 getsockopt(3<UNIX-STREAM:[145353,@"4626d760be0223ee/bus/hostnamectl/system"]>, SOL_SOCKET, SO_ACCEPTCONN, [0], [4]) = 0
27411<hostnamectl> 22:19:15 getsockname(3<UNIX-STREAM:[145353,@"4626d760be0223ee/bus/hostnamectl/system"]>, {sa_family=AF_UNIX, sun_path=@"4626d760be0223ee/bus/hostnamectl/system"}, [128 => 42]) = 0
27411<hostnamectl> 22:19:15 sendmsg(3<UNIX-STREAM:[145353,@"4626d760be0223ee/bus/hostnamectl/system"]>, {msg_name=NULL, msg_namelen=0, msg_iov=[{iov_base="\0AUTH EXTERNAL\r\nDATA\r\n", iov_len=22}, {iov_base="NEGOTIATE_UNIX_FD\r\n", iov_len=19}, {iov_base="BEGIN\r\n", iov_len=7}], msg_iovlen=3, msg_controllen=0, msg_flags=0}, MSG_DONTWAIT|MSG_NOSIGNAL) = 48
27411<hostnamectl> 22:19:15 gettid()    = 27411<hostnamectl>
27411<hostnamectl> 22:19:15 futex(0x7fd9bf3511f4, FUTEX_WAKE_PRIVATE, 2147483647) = 0
27411<hostnamectl> 22:19:15 gettid()    = 27411<hostnamectl>
27411<hostnamectl> 22:19:15 recvmsg(3<UNIX-STREAM:[145353,@"4626d760be0223ee/bus/hostnamectl/system"]>, {msg_name=NULL, msg_namelen=0, msg_iov=[{iov_base="DATA\r\nOK dd67792b7077e6e14910b20"..., iov_len=256}], msg_iovlen=1, msg_controllen=0, msg_flags=MSG_CMSG_CLOEXEC}, MSG_DONTWAIT|MSG_CMSG_CLOEXEC) = 58
27411<hostnamectl> 22:19:15 sendmsg(3<UNIX-STREAM:[145353,@"4626d760be0223ee/bus/hostnamectl/system"]>, {msg_name=NULL, msg_namelen=0, msg_iov=[{iov_base="l\1\0\1\0\0\0\0\1\0\0\0m\0\0\0\1\1o\0\25\0\0\0/org/fre"..., iov_len=128}], msg_iovlen=1, msg_controllen=0, msg_flags=0}, MSG_DONTWAIT|MSG_NOSIGNAL) = 128
27411<hostnamectl> 22:19:15 recvmsg(3<UNIX-STREAM:[145353,@"4626d760be0223ee/bus/hostnamectl/system"]>, {msg_name=NULL, msg_namelen=0, msg_iov=[{iov_base="l\2\1\1\v\0\0\0\377\377\377\377?\0\0\0\5\1u\0\1\0\0\0", iov_len=24}], msg_iovlen=1, msg_controllen=0, msg_flags=MSG_CMSG_CLOEXEC}, MSG_DONTWAIT|MSG_CMSG_CLOEXEC) = 24
27411<hostnamectl> 22:19:15 recvmsg(3<UNIX-STREAM:[145353,@"4626d760be0223ee/bus/hostnamectl/system"]>, {msg_name=NULL, msg_namelen=0, msg_iov=[{iov_base="\7\1s\0\24\0\0\0org.freedesktop.DBus\0\0\0\0"..., iov_len=67}], msg_iovlen=1, msg_controllen=0, msg_flags=MSG_CMSG_CLOEXEC}, MSG_DONTWAIT|MSG_CMSG_CLOEXEC) = 67
27411<hostnamectl> 22:19:15 sendmsg(3<UNIX-STREAM:[145353,@"4626d760be0223ee/bus/hostnamectl/system"]>, {msg_name=NULL, msg_namelen=0, msg_iov=[{iov_base="l\1\0\1-\0\0\0\2\0\0\0\220\0\0\0\1\1o\0\32\0\0\0/org/fre"..., iov_len=160}, {iov_base="\31\0\0\0org.freedesktop.hostname1\0\0\0"..., iov_len=45}], msg_iovlen=2, msg_controllen=0, msg_flags=0}, MSG_DONTWAIT|MSG_NOSIGNAL) = 205
27411<hostnamectl> 22:19:15 recvmsg(3<UNIX-STREAM:[145353,@"4626d760be0223ee/bus/hostnamectl/system"]>, {msg_name=NULL, msg_namelen=0, msg_iov=[{iov_base="l\4\1\1\v\0\0\0\377\377\377\377\217\0\0\0\7\1s\0\24\0\0\0", iov_len=24}], msg_iovlen=1, msg_controllen=0, msg_flags=MSG_CMSG_CLOEXEC}, MSG_DONTWAIT|MSG_CMSG_CLOEXEC) = 24
27411<hostnamectl> 22:19:15 recvmsg(3<UNIX-STREAM:[145353,@"4626d760be0223ee/bus/hostnamectl/system"]>, {msg_name=NULL, msg_namelen=0, msg_iov=[{iov_base="org.freedesktop.DBus\0\0\0\0\6\1s\0\6\0\0\0"..., iov_len=147}], msg_iovlen=1, msg_controllen=0, msg_flags=MSG_CMSG_CLOEXEC}, MSG_DONTWAIT|MSG_CMSG_CLOEXEC) = 147
27411<hostnamectl> 22:19:15 recvmsg(3<UNIX-STREAM:[145353,@"4626d760be0223ee/bus/hostnamectl/system"]>, {msg_namelen=0}, MSG_DONTWAIT|MSG_CMSG_CLOEXEC) = -1 EAGAIN (Resource temporarily unavailable)
27411<hostnamectl> 22:19:15 ppoll([{fd=3<UNIX-STREAM:[145353,@"4626d760be0223ee/bus/hostnamectl/system"]>, events=POLLIN}], 1, {tv_sec=24, tv_nsec=999446000}, NULL, 8) = 1 ([{fd=3, revents=POLLIN}], left {tv_sec=24, tv_nsec=914372541})
27411<hostnamectl> 22:19:15 recvmsg(3<UNIX-STREAM:[145353,@"4626d760be0223ee/bus/hostnamectl/system"]>, {msg_name=NULL, msg_namelen=0, msg_iov=[{iov_base="l\2\1\1\17\0\0\0\3\0\0\0/\0\0\0\5\1u\0\2\0\0\0", iov_len=24}], msg_iovlen=1, msg_controllen=0, msg_flags=MSG_CMSG_CLOEXEC}, MSG_DONTWAIT|MSG_CMSG_CLOEXEC) = 24
27411<hostnamectl> 22:19:15 recvmsg(3<UNIX-STREAM:[145353,@"4626d760be0223ee/bus/hostnamectl/system"]>, {msg_name=NULL, msg_namelen=0, msg_iov=[{iov_base="\6\1s\0\6\0\0\0:1.289\0\0\10\1g\0\1v\0\0\7\1s\0\6\0\0\0"..., iov_len=55}], msg_iovlen=1, msg_controllen=0, msg_flags=MSG_CMSG_CLOEXEC}, MSG_DONTWAIT|MSG_CMSG_CLOEXEC) = 55
27411<hostnamectl> 22:19:15 fstat(1<pipe:[145352]>, {st_mode=S_IFIFO|0600, st_size=0, ...}) = 0
27411<hostnamectl> 22:19:15 close(3<UNIX-STREAM:[145353,@"4626d760be0223ee/bus/hostnamectl/system"]>) = 0
27411<hostnamectl> 22:19:15 close(4<pid:1<systemd>>) = 0
27411<hostnamectl> 22:19:15 munmap(0x7fd9be47e000, 266240) = 0
27411<hostnamectl> 22:19:15 write(1<pipe:[145352]>, "fedora\n", 7) = 7
27408<bash> 22:19:15 <... read resumed>, "fedora\n", 4096) = 7
27411<hostnamectl> 22:19:15 exit_group(0 <unfinished ...>
27408<bash> 22:19:15 read(3<pipe:[145352]> <unfinished ...>
27411<hostnamectl> 22:19:15 <... exit_group resumed>) = ?
27411<hostnamectl> 22:19:15 +++ exited with 0 +++
27410<bash> 22:19:15 <... wait4 resumed>, [{WIFEXITED(s) && WEXITSTATUS(s) == 0}], 0, NULL) = 27411
27410<bash> 22:19:15 rt_sigaction(SIGINT, {sa_handler=0x55e6ca0352c0, sa_mask=[], sa_flags=SA_RESTORER, sa_restorer=0x7fa306ca35b0}, {sa_handler=0x55e6ca002d80, sa_mask=[], sa_flags=SA_RESTORER, sa_restorer=0x7fa306ca35b0}, 8) = 0
27410<bash> 22:19:15 rt_sigprocmask(SIG_SETMASK, [], NULL, 8) = 0
27410<bash> 22:19:15 --- SIGCHLD {si_signo=SIGCHLD, si_code=CLD_EXITED, si_pid=27411, si_uid=1000, si_status=0, si_utime=0, si_stime=0} ---
27410<bash> 22:19:15 wait4(-1, 0x7ffee29a8e14, WNOHANG, NULL) = -1 ECHILD (No child processes)
27410<bash> 22:19:15 rt_sigreturn({mask=[]}) = 0
27410<bash> 22:19:15 exit_group(0)      = ?
27410<bash> 22:19:15 +++ exited with 0 +++
27408<bash> 22:19:15 <... read resumed>, "", 4096) = 0
27408<bash> 22:19:15 --- SIGCHLD {si_signo=SIGCHLD, si_code=CLD_EXITED, si_pid=27410<bash>, si_uid=1000, si_status=0, si_utime=0, si_stime=0} ---
27408<bash> 22:19:15 wait4(-1, [{WIFEXITED(s) && WEXITSTATUS(s) == 0}], WNOHANG, NULL) = 27410
27408<bash> 22:19:15 wait4(-1, 0x7ffee29a8214, WNOHANG, NULL) = -1 ECHILD (No child processes)
27408<bash> 22:19:15 rt_sigreturn({mask=[INT]}) = 0
27408<bash> 22:19:15 close(3<pipe:[145352]>) = 0
27408<bash> 22:19:15 rt_sigprocmask(SIG_SETMASK, [], NULL, 8) = 0
27408<bash> 22:19:15 rt_sigprocmask(SIG_BLOCK, [CHLD], [], 8) = 0
27408<bash> 22:19:15 rt_sigaction(SIGINT, {sa_handler=0x55e6ca002d80, sa_mask=[], sa_flags=SA_RESTORER, sa_restorer=0x7fa306ca35b0}, {sa_handler=0x55e6ca034cf0, sa_mask=[], sa_flags=SA_RESTORER, sa_restorer=0x7fa306ca35b0}, 8) = 0
27408<bash> 22:19:15 rt_sigaction(SIGINT, {sa_handler=0x55e6ca034cf0, sa_mask=[], sa_flags=SA_RESTORER, sa_restorer=0x7fa306ca35b0}, {sa_handler=0x55e6ca002d80, sa_mask=[], sa_flags=SA_RESTORER, sa_restorer=0x7fa306ca35b0}, 8) = 0
27408<bash> 22:19:15 rt_sigprocmask(SIG_SETMASK, [], NULL, 8) = 0
27408<bash> 22:19:15 rt_sigprocmask(SIG_BLOCK, [CHLD], [], 8) = 0
27408<bash> 22:19:15 rt_sigprocmask(SIG_SETMASK, [], NULL, 8) = 0
27408<bash> 22:19:15 openat(AT_FDCWD</home/catastor>, "/etc/profile.d/", O_RDONLY|O_NONBLOCK|O_CLOEXEC|O_DIRECTORY) = 3</etc/profile.d>
27408<bash> 22:19:15 fstat(3</etc/profile.d>, {st_mode=S_IFDIR|0755, st_size=878, ...}) = 0
27408<bash> 22:19:15 getdents64(3</etc/profile.d>, 0x55e6cc4b2db0 /* 38 entries */, 32768) = 1352
27408<bash> 22:19:15 getdents64(3</etc/profile.d>, 0x55e6cc4b2db0 /* 0 entries */, 32768) = 0
27408<bash> 22:19:15 close(3</etc/profile.d>) = 0
27408<bash> 22:19:15 faccessat2(AT_FDCWD</home/catastor>, "/etc/profile.d/70-systemd-shell-extra.sh", R_OK, AT_EACCESS) = 0
27408<bash> 22:19:15 openat(AT_FDCWD</home/catastor>, "/etc/profile.d/70-systemd-shell-extra.sh", O_RDONLY) = 3</usr/lib/systemd/profile.d/70-systemd-shell-extra.sh>
27408<bash> 22:19:15 fstat(3</usr/lib/systemd/profile.d/70-systemd-shell-extra.sh>, {st_mode=S_IFREG|0644, st_size=1067, ...}) = 0
27408<bash> 22:19:15 read(3</usr/lib/systemd/profile.d/70-systemd-shell-extra.sh>, "# shellcheck shell=sh\n\n#  This f"..., 1067) = 1067
27408<bash> 22:19:15 close(3</usr/lib/systemd/profile.d/70-systemd-shell-extra.sh>) = 0
27408<bash> 22:19:15 rt_sigprocmask(SIG_BLOCK, NULL, [], 8) = 0
27408<bash> 22:19:15 faccessat2(AT_FDCWD</home/catastor>, "/etc/profile.d/80-systemd-osc-context.sh", R_OK, AT_EACCESS) = 0
27408<bash> 22:19:15 openat(AT_FDCWD</home/catastor>, "/etc/profile.d/80-systemd-osc-context.sh", O_RDONLY) = 3</usr/lib/systemd/profile.d/80-systemd-osc-context.sh>
27408<bash> 22:19:15 fstat(3</usr/lib/systemd/profile.d/80-systemd-osc-context.sh>, {st_mode=S_IFREG|0644, st_size=3745, ...}) = 0
27408<bash> 22:19:15 read(3</usr/lib/systemd/profile.d/80-systemd-osc-context.sh>, "# SPDX-License-Identifier: LGPL-"..., 3745) = 3745
27408<bash> 22:19:15 close(3</usr/lib/systemd/profile.d/80-systemd-osc-context.sh>) = 0
27408<bash> 22:19:15 rt_sigprocmask(SIG_BLOCK, NULL, [], 8) = 0
27408<bash> 22:19:15 rt_sigprocmask(SIG_BLOCK, NULL, [], 8) = 0
27408<bash> 22:19:15 rt_sigprocmask(SIG_BLOCK, NULL, [], 8) = 0
27408<bash> 22:19:15 pipe2([3<pipe:[145916]>, 4<pipe:[145916]>], 0) = 0
27408<bash> 22:19:15 rt_sigprocmask(SIG_BLOCK, [CHLD], [], 8) = 0
27408<bash> 22:19:15 rt_sigprocmask(SIG_SETMASK, [], NULL, 8) = 0
27408<bash> 22:19:15 rt_sigprocmask(SIG_BLOCK, NULL, [], 8) = 0
27408<bash> 22:19:15 rt_sigprocmask(SIG_BLOCK, [INT TERM CHLD], [], 8) = 0
27408<bash> 22:19:15 rt_sigaction(SIGTERM, {sa_handler=SIG_DFL, sa_mask=[], sa_flags=SA_RESTORER, sa_restorer=0x7fa306ca35b0}, {sa_handler=SIG_IGN, sa_mask=[], sa_flags=SA_RESTORER, sa_restorer=0x7fa306ca35b0}, 8) = 0
27408<bash> 22:19:15 rt_sigprocmask(SIG_BLOCK, ~[], [INT TERM CHLD], 8) = 0
27408<bash> 22:19:15 clone(child_stack=NULL, flags=CLONE_CHILD_CLEARTID|CLONE_CHILD_SETTID|SIGCHLD, child_tidptr=0x7fa306c86a10) = 27417<bash>
27417<bash> 22:19:15 set_robust_list(0x7fa306c86a20, 24 <unfinished ...>
27408<bash> 22:19:15 rt_sigprocmask(SIG_SETMASK, [INT TERM CHLD] <unfinished ...>
27417<bash> 22:19:15 <... set_robust_list resumed>) = 0
27408<bash> 22:19:15 <... rt_sigprocmask resumed>, NULL, 8) = 0
27417<bash> 22:19:15 rt_sigprocmask(SIG_SETMASK, [INT TERM CHLD] <unfinished ...>
27408<bash> 22:19:15 rt_sigaction(SIGTERM, {sa_handler=SIG_IGN, sa_mask=[], sa_flags=SA_RESTORER, sa_restorer=0x7fa306ca35b0} <unfinished ...>
27417<bash> 22:19:15 <... rt_sigprocmask resumed>, NULL, 8) = 0
27408<bash> 22:19:15 <... rt_sigaction resumed>, {sa_handler=SIG_DFL, sa_mask=[], sa_flags=SA_RESTORER, sa_restorer=0x7fa306ca35b0}, 8) = 0
27417<bash> 22:19:15 getpid()           = 27417<bash>
27408<bash> 22:19:15 rt_sigprocmask(SIG_SETMASK, [] <unfinished ...>
27417<bash> 22:19:15 rt_sigprocmask(SIG_SETMASK, [] <unfinished ...>
27408<bash> 22:19:15 <... rt_sigprocmask resumed>, NULL, 8) = 0
27417<bash> 22:19:15 <... rt_sigprocmask resumed>, NULL, 8) = 0
27408<bash> 22:19:15 rt_sigaction(SIGCHLD, {sa_handler=0x55e6ca0068d0, sa_mask=[], sa_flags=SA_RESTORER|SA_RESTART, sa_restorer=0x7fa306ca35b0} <unfinished ...>
27417<bash> 22:19:15 rt_sigaction(SIGTSTP, {sa_handler=SIG_DFL, sa_mask=[], sa_flags=SA_RESTORER, sa_restorer=0x7fa306ca35b0} <unfinished ...>
27408<bash> 22:19:15 <... rt_sigaction resumed>, {sa_handler=0x55e6ca0068d0, sa_mask=[], sa_flags=SA_RESTORER|SA_RESTART, sa_restorer=0x7fa306ca35b0}, 8) = 0
27417<bash> 22:19:15 <... rt_sigaction resumed>, {sa_handler=SIG_IGN, sa_mask=[], sa_flags=SA_RESTORER, sa_restorer=0x7fa306ca35b0}, 8) = 0
27408<bash> 22:19:15 close(4<pipe:[145916]> <unfinished ...>
27417<bash> 22:19:15 rt_sigaction(SIGTTIN, {sa_handler=SIG_DFL, sa_mask=[], sa_flags=SA_RESTORER, sa_restorer=0x7fa306ca35b0} <unfinished ...>
27408<bash> 22:19:15 <... close resumed>) = 0
27417<bash> 22:19:15 <... rt_sigaction resumed>, {sa_handler=SIG_IGN, sa_mask=[], sa_flags=SA_RESTORER, sa_restorer=0x7fa306ca35b0}, 8) = 0
27408<bash> 22:19:15 rt_sigprocmask(SIG_BLOCK, [INT] <unfinished ...>
27417<bash> 22:19:15 rt_sigaction(SIGTTOU, {sa_handler=SIG_DFL, sa_mask=[], sa_flags=SA_RESTORER, sa_restorer=0x7fa306ca35b0} <unfinished ...>
27408<bash> 22:19:15 <... rt_sigprocmask resumed>, [], 8) = 0
27417<bash> 22:19:15 <... rt_sigaction resumed>, {sa_handler=SIG_IGN, sa_mask=[], sa_flags=SA_RESTORER, sa_restorer=0x7fa306ca35b0}, 8) = 0
27408<bash> 22:19:15 read(3<pipe:[145916]> <unfinished ...>
27417<bash> 22:19:15 rt_sigaction(SIGINT, {sa_handler=SIG_DFL, sa_mask=[], sa_flags=SA_RESTORER, sa_restorer=0x7fa306ca35b0}, {sa_handler=0x55e6ca034cf0, sa_mask=[], sa_flags=SA_RESTORER, sa_restorer=0x7fa306ca35b0}, 8) = 0
27417<bash> 22:19:15 rt_sigaction(SIGQUIT, {sa_handler=SIG_DFL, sa_mask=[], sa_flags=SA_RESTORER, sa_restorer=0x7fa306ca35b0}, {sa_handler=SIG_IGN, sa_mask=[], sa_flags=SA_RESTORER, sa_restorer=0x7fa306ca35b0}, 8) = 0
27417<bash> 22:19:15 rt_sigaction(SIGTERM, {sa_handler=SIG_DFL, sa_mask=[], sa_flags=SA_RESTORER, sa_restorer=0x7fa306ca35b0}, {sa_handler=SIG_DFL, sa_mask=[], sa_flags=SA_RESTORER, sa_restorer=0x7fa306ca35b0}, 8) = 0
27417<bash> 22:19:15 rt_sigaction(SIGCHLD, {sa_handler=SIG_DFL, sa_mask=[], sa_flags=SA_RESTORER|SA_RESTART, sa_restorer=0x7fa306ca35b0}, {sa_handler=0x55e6ca0068d0, sa_mask=[], sa_flags=SA_RESTORER|SA_RESTART, sa_restorer=0x7fa306ca35b0}, 8) = 0
27417<bash> 22:19:15 rt_sigaction(SIGCHLD, {sa_handler=0x55e6ca0068d0, sa_mask=[], sa_flags=SA_RESTORER|SA_RESTART, sa_restorer=0x7fa306ca35b0}, {sa_handler=SIG_DFL, sa_mask=[], sa_flags=SA_RESTORER|SA_RESTART, sa_restorer=0x7fa306ca35b0}, 8) = 0
27417<bash> 22:19:15 rt_sigaction(SIGINT, {sa_handler=0x55e6ca0352c0, sa_mask=[], sa_flags=SA_RESTORER, sa_restorer=0x7fa306ca35b0}, {sa_handler=SIG_DFL, sa_mask=[], sa_flags=SA_RESTORER, sa_restorer=0x7fa306ca35b0}, 8) = 0
27417<bash> 22:19:15 dup2(4<pipe:[145916]>, 1</dev/pts/6<char 136:6>>) = 1<pipe:[145916]>
27417<bash> 22:19:15 close(4<pipe:[145916]>) = 0
27417<bash> 22:19:15 close(3<pipe:[145916]>) = 0
27417<bash> 22:19:15 rt_sigprocmask(SIG_BLOCK, NULL, [], 8) = 0
27417<bash> 22:19:15 openat(AT_FDCWD</home/catastor>, "/dev/null", O_WRONLY|O_CREAT|O_TRUNC, 0666) = 3</dev/null<char 1:3>>
27417<bash> 22:19:15 fcntl(2</dev/pts/6<char 136:6>>, F_GETFD) = 0
27417<bash> 22:19:15 fcntl(2</dev/pts/6<char 136:6>>, F_DUPFD, 10) = 10</dev/pts/6<char 136:6>>
27417<bash> 22:19:15 fcntl(2</dev/pts/6<char 136:6>>, F_GETFD) = 0
27417<bash> 22:19:15 fcntl(10</dev/pts/6<char 136:6>>, F_SETFD, FD_CLOEXEC) = 0
27417<bash> 22:19:15 dup2(3</dev/null<char 1:3>>, 2</dev/pts/6<char 136:6>>) = 2</dev/null<char 1:3>>
27417<bash> 22:19:15 close(3</dev/null<char 1:3>>) = 0
27417<bash> 22:19:15 fstat(2</dev/null<char 1:3>>, {st_mode=S_IFCHR|0666, st_rdev=makedev(0x1, 0x3), ...}) = 0
27417<bash> 22:19:15 ioctl(2</dev/null<char 1:3>>, TCGETS2, 0x7ffee29a8330) = -1 ENOTTY (Inappropriate ioctl for device)
27417<bash> 22:19:15 write(2</dev/null<char 1:3>>, "-bash: declare: PROMPT_COMMAND: "..., 42) = 42
27417<bash> 22:19:15 dup2(10</dev/pts/6<char 136:6>>, 2</dev/null<char 1:3>>) = 2</dev/pts/6<char 136:6>>
27417<bash> 22:19:15 fcntl(10</dev/pts/6<char 136:6>>, F_GETFD) = 0x1 (flags FD_CLOEXEC)
27417<bash> 22:19:15 close(10</dev/pts/6<char 136:6>>) = 0
27417<bash> 22:19:15 exit_group(1)      = ?
27417<bash> 22:19:15 +++ exited with 1 +++
27408<bash> 22:19:15 <... read resumed>, "", 4096) = 0
27408<bash> 22:19:15 --- SIGCHLD {si_signo=SIGCHLD, si_code=CLD_EXITED, si_pid=27417<bash>, si_uid=1000, si_status=1, si_utime=0, si_stime=0} ---
27408<bash> 22:19:15 wait4(-1, [{WIFEXITED(s) && WEXITSTATUS(s) == 1}], WNOHANG, NULL) = 27417
27408<bash> 22:19:15 wait4(-1, 0x7ffee29a7594, WNOHANG, NULL) = -1 ECHILD (No child processes)
27408<bash> 22:19:15 rt_sigreturn({mask=[INT]}) = 0
27408<bash> 22:19:15 close(3<pipe:[145916]>) = 0
27408<bash> 22:19:15 rt_sigprocmask(SIG_SETMASK, [], NULL, 8) = 0
27408<bash> 22:19:15 rt_sigprocmask(SIG_BLOCK, [CHLD], [], 8) = 0
27408<bash> 22:19:15 rt_sigaction(SIGINT, {sa_handler=0x55e6ca002d80, sa_mask=[], sa_flags=SA_RESTORER, sa_restorer=0x7fa306ca35b0}, {sa_handler=0x55e6ca034cf0, sa_mask=[], sa_flags=SA_RESTORER, sa_restorer=0x7fa306ca35b0}, 8) = 0
27408<bash> 22:19:15 rt_sigaction(SIGINT, {sa_handler=0x55e6ca034cf0, sa_mask=[], sa_flags=SA_RESTORER, sa_restorer=0x7fa306ca35b0}, {sa_handler=0x55e6ca002d80, sa_mask=[], sa_flags=SA_RESTORER, sa_restorer=0x7fa306ca35b0}, 8) = 0
27408<bash> 22:19:15 rt_sigprocmask(SIG_SETMASK, [], NULL, 8) = 0
27408<bash> 22:19:15 rt_sigprocmask(SIG_BLOCK, [CHLD], [], 8) = 0
27408<bash> 22:19:15 rt_sigprocmask(SIG_SETMASK, [], NULL, 8) = 0
27408<bash> 22:19:15 faccessat2(AT_FDCWD</home/catastor>, "/etc/profile.d/PackageKit.sh", R_OK, AT_EACCESS) = 0
27408<bash> 22:19:15 openat(AT_FDCWD</home/catastor>, "/etc/profile.d/PackageKit.sh", O_RDONLY) = 3</etc/profile.d/PackageKit.sh>
27408<bash> 22:19:15 fstat(3</etc/profile.d/PackageKit.sh>, {st_mode=S_IFREG|0644, st_size=1361, ...}) = 0
27408<bash> 22:19:15 read(3</etc/profile.d/PackageKit.sh>, "# Copyright (C) 2008 Richard Hug"..., 1361) = 1361
27408<bash> 22:19:15 close(3</etc/profile.d/PackageKit.sh>) = 0
27408<bash> 22:19:15 rt_sigprocmask(SIG_BLOCK, NULL, [], 8) = 0
27408<bash> 22:19:15 faccessat2(AT_FDCWD</home/catastor>, "/etc/profile.d/bash-color-prompt.sh", R_OK, AT_EACCESS) = 0
27408<bash> 22:19:15 openat(AT_FDCWD</home/catastor>, "/etc/profile.d/bash-color-prompt.sh", O_RDONLY) = 3</etc/profile.d/bash-color-prompt.sh>
27408<bash> 22:19:15 fstat(3</etc/profile.d/bash-color-prompt.sh>, {st_mode=S_IFREG|0644, st_size=6037, ...}) = 0
27408<bash> 22:19:15 read(3</etc/profile.d/bash-color-prompt.sh>, "# see /usr/share/doc/bash-color-"..., 6037) = 6037
27408<bash> 22:19:15 close(3</etc/profile.d/bash-color-prompt.sh>) = 0
27408<bash> 22:19:15 rt_sigprocmask(SIG_BLOCK, NULL, [], 8) = 0
27408<bash> 22:19:15 brk(0x55e6cc4e7000) = 0x55e6cc4e7000
27408<bash> 22:19:15 faccessat2(AT_FDCWD</home/catastor>, "/etc/profile.d/bash_completion.sh", R_OK, AT_EACCESS) = 0
27408<bash> 22:19:15 openat(AT_FDCWD</home/catastor>, "/etc/profile.d/bash_completion.sh", O_RDONLY) = 3</etc/profile.d/bash_completion.sh>
27408<bash> 22:19:15 fstat(3</etc/profile.d/bash_completion.sh>, {st_mode=S_IFREG|0644, st_size=747, ...}) = 0
27408<bash> 22:19:15 read(3</etc/profile.d/bash_completion.sh>, "# shellcheck shell=sh disable=SC"..., 747) = 747
27408<bash> 22:19:15 close(3</etc/profile.d/bash_completion.sh>) = 0
27408<bash> 22:19:15 rt_sigprocmask(SIG_BLOCK, NULL, [], 8) = 0
27408<bash> 22:19:15 faccessat2(AT_FDCWD</home/catastor>, "/home/catastor/.config/bash_completion", R_OK, AT_EACCESS) = -1 ENOENT (No such file or directory)
27408<bash> 22:19:15 faccessat2(AT_FDCWD</home/catastor>, "/usr/share/bash-completion/bash_completion", R_OK, AT_EACCESS) = 0
27408<bash> 22:19:15 openat(AT_FDCWD</home/catastor>, "/usr/share/bash-completion/bash_completion", O_RDONLY) = 3</usr/share/bash-completion/bash_completion>
27408<bash> 22:19:15 fstat(3</usr/share/bash-completion/bash_completion>, {st_mode=S_IFREG|0644, st_size=131789, ...}) = 0
27408<bash> 22:19:15 mmap(NULL, 135168, PROT_READ|PROT_WRITE, MAP_PRIVATE|MAP_ANONYMOUS, -1, 0) = 0x7fa306c65000
27408<bash> 22:19:15 read(3</usr/share/bash-completion/bash_completion>, "#                               "..., 131789) = 131789
27408<bash> 22:19:15 close(3</usr/share/bash-completion/bash_completion>) = 0
27408<bash> 22:19:15 rt_sigprocmask(SIG_BLOCK, NULL, [], 8) = 0
27408<bash> 22:19:15 brk(0x55e6cc508000) = 0x55e6cc508000
27408<bash> 22:19:15 brk(0x55e6cc529000) = 0x55e6cc529000
27408<bash> 22:19:15 brk(0x55e6cc54a000) = 0x55e6cc54a000
27408<bash> 22:19:15 newfstatat(AT_FDCWD</home/catastor>, "/etc/rc.d/init.d", {st_mode=S_IFDIR|0755, st_size=12, ...}, 0) = 0
27408<bash> 22:19:15 newfstatat(AT_FDCWD</home/catastor>, "/etc/init.d", 0x7ffee29a7bd0, 0) = -1 ENOENT (No such file or directory)
27408<bash> 22:19:15 newfstatat(AT_FDCWD</home/catastor>, "/etc/slackware-version", 0x7ffee29a7cd0, 0) = -1 ENOENT (No such file or directory)
27408<bash> 22:19:15 rt_sigprocmask(SIG_BLOCK, NULL, [], 8) = 0
27408<bash> 22:19:15 rt_sigprocmask(SIG_BLOCK, NULL, [], 8) = 0
27408<bash> 22:19:15 openat(AT_FDCWD</home/catastor>, "/etc/rc.d/init.d/", O_RDONLY|O_NONBLOCK|O_CLOEXEC|O_DIRECTORY) = 3</etc/rc.d/init.d>
27408<bash> 22:19:15 fstat(3</etc/rc.d/init.d>, {st_mode=S_IFDIR|0755, st_size=12, ...}) = 0
27408<bash> 22:19:15 getdents64(3</etc/rc.d/init.d>, 0x55e6cc530380 /* 3 entries */, 32768) = 80
27408<bash> 22:19:15 getdents64(3</etc/rc.d/init.d>, 0x55e6cc530380 /* 0 entries */, 32768) = 0
27408<bash> 22:19:15 close(3</etc/rc.d/init.d>) = 0
27408<bash> 22:19:15 rt_sigprocmask(SIG_BLOCK, NULL, [], 8) = 0
27408<bash> 22:19:15 faccessat2(AT_FDCWD</home/catastor>, "/etc/rc.d/init.d/README", X_OK, AT_EACCESS) = -1 EACCES (Permission denied)
27408<bash> 22:19:15 brk(0x55e6cc56b000) = 0x55e6cc56b000
27408<bash> 22:19:15 brk(0x55e6cc58c000) = 0x55e6cc58c000
27408<bash> 22:19:15 newfstatat(AT_FDCWD</home/catastor>, "/etc/bash_completion.d", {st_mode=S_IFDIR|0755, st_size=190, ...}, 0) = 0
27408<bash> 22:19:15 faccessat2(AT_FDCWD</home/catastor>, "/etc/bash_completion.d", R_OK, AT_EACCESS) = 0
27408<bash> 22:19:15 faccessat2(AT_FDCWD</home/catastor>, "/etc/bash_completion.d", X_OK, AT_EACCESS) = 0
27408<bash> 22:19:15 rt_sigprocmask(SIG_BLOCK, NULL, [], 8) = 0
27408<bash> 22:19:15 rt_sigprocmask(SIG_BLOCK, NULL, [], 8) = 0
27408<bash> 22:19:15 openat(AT_FDCWD</home/catastor>, "/etc/bash_completion.d/", O_RDONLY|O_NONBLOCK|O_CLOEXEC|O_DIRECTORY) = 3</etc/bash_completion.d>
27408<bash> 22:19:15 fstat(3</etc/bash_completion.d>, {st_mode=S_IFDIR|0755, st_size=190, ...}) = 0
27408<bash> 22:19:15 getdents64(3</etc/bash_completion.d>, 0x55e6cc5808f0 /* 6 entries */, 32768) = 240
27408<bash> 22:19:15 getdents64(3</etc/bash_completion.d>, 0x55e6cc5808f0 /* 0 entries */, 32768) = 0
27408<bash> 22:19:15 close(3</etc/bash_completion.d>) = 0
27408<bash> 22:19:15 rt_sigprocmask(SIG_BLOCK, NULL, [], 8) = 0
27408<bash> 22:19:15 newfstatat(AT_FDCWD</home/catastor>, "/etc/bash_completion.d/000_bash_completion_compat.bash", {st_mode=S_IFREG|0644, st_size=17877, ...}, 0) = 0
27408<bash> 22:19:15 faccessat2(AT_FDCWD</home/catastor>, "/etc/bash_completion.d/000_bash_completion_compat.bash", R_OK, AT_EACCESS) = 0
27408<bash> 22:19:15 newfstatat(AT_FDCWD</home/catastor>, "/etc/bash_completion.d/_python-argcomplete", {st_mode=S_IFREG|0644, st_size=10047, ...}, 0) = 0
27408<bash> 22:19:15 faccessat2(AT_FDCWD</home/catastor>, "/etc/bash_completion.d/_python-argcomplete", R_OK, AT_EACCESS) = 0
27408<bash> 22:19:15 newfstatat(AT_FDCWD</home/catastor>, "/etc/bash_completion.d/audit.bash_completion", {st_mode=S_IFREG|0644, st_size=3185, ...}, 0) = 0
27408<bash> 22:19:15 faccessat2(AT_FDCWD</home/catastor>, "/etc/bash_completion.d/audit.bash_completion", R_OK, AT_EACCESS) = 0
27408<bash> 22:19:15 newfstatat(AT_FDCWD</home/catastor>, "/etc/bash_completion.d/authselect-completion.sh", {st_mode=S_IFREG|0644, st_size=6489, ...}, 0) = 0
27408<bash> 22:19:15 faccessat2(AT_FDCWD</home/catastor>, "/etc/bash_completion.d/authselect-completion.sh", R_OK, AT_EACCESS) = 0
27408<bash> 22:19:15 newfstatat(AT_FDCWD</home/catastor>, "/usr/etc/bash_completion.d", 0x7ffee29a7d50, 0) = -1 ENOENT (No such file or directory)
27408<bash> 22:19:15 faccessat2(AT_FDCWD</home/catastor>, "/home/catastor/.bash_completion", R_OK, AT_EACCESS) = -1 ENOENT (No such file or directory)
27408<bash> 22:19:15 openat(AT_FDCWD</home/catastor>, "/etc/bash_completion.d/000_bash_completion_compat.bash", O_RDONLY) = 3</etc/bash_completion.d/000_bash_completion_compat.bash>
27408<bash> 22:19:15 fstat(3</etc/bash_completion.d/000_bash_completion_compat.bash>, {st_mode=S_IFREG|0644, st_size=17877, ...}) = 0
27408<bash> 22:19:15 read(3</etc/bash_completion.d/000_bash_completion_compat.bash>, "# Deprecated bash_completion fun"..., 17877) = 17877
27408<bash> 22:19:15 close(3</etc/bash_completion.d/000_bash_completion_compat.bash>) = 0
27408<bash> 22:19:15 rt_sigprocmask(SIG_BLOCK, NULL, [], 8) = 0
27408<bash> 22:19:15 rt_sigprocmask(SIG_BLOCK, NULL, [], 8) = 0
27408<bash> 22:19:15 rt_sigprocmask(SIG_BLOCK, NULL, [], 8) = 0
27408<bash> 22:19:15 rt_sigprocmask(SIG_BLOCK, NULL, [], 8) = 0
27408<bash> 22:19:15 rt_sigprocmask(SIG_BLOCK, NULL, [], 8) = 0
27408<bash> 22:19:15 rt_sigprocmask(SIG_BLOCK, NULL, [], 8) = 0
27408<bash> 22:19:15 rt_sigprocmask(SIG_BLOCK, NULL, [], 8) = 0
27408<bash> 22:19:15 rt_sigprocmask(SIG_BLOCK, NULL, [], 8) = 0
27408<bash> 22:19:15 rt_sigprocmask(SIG_BLOCK, NULL, [], 8) = 0
27408<bash> 22:19:15 rt_sigprocmask(SIG_BLOCK, NULL, [], 8) = 0
27408<bash> 22:19:15 rt_sigprocmask(SIG_BLOCK, NULL, [], 8) = 0
27408<bash> 22:19:15 rt_sigprocmask(SIG_BLOCK, NULL, [], 8) = 0
27408<bash> 22:19:15 rt_sigprocmask(SIG_BLOCK, NULL, [], 8) = 0
27408<bash> 22:19:15 rt_sigprocmask(SIG_BLOCK, NULL, [], 8) = 0
27408<bash> 22:19:15 rt_sigprocmask(SIG_BLOCK, NULL, [], 8) = 0
27408<bash> 22:19:15 rt_sigprocmask(SIG_BLOCK, NULL, [], 8) = 0
27408<bash> 22:19:15 rt_sigprocmask(SIG_BLOCK, NULL, [], 8) = 0
27408<bash> 22:19:15 rt_sigprocmask(SIG_BLOCK, NULL, [], 8) = 0
27408<bash> 22:19:15 rt_sigprocmask(SIG_BLOCK, NULL, [], 8) = 0
27408<bash> 22:19:15 rt_sigprocmask(SIG_BLOCK, NULL, [], 8) = 0
27408<bash> 22:19:15 rt_sigprocmask(SIG_BLOCK, NULL, [], 8) = 0
27408<bash> 22:19:15 rt_sigprocmask(SIG_BLOCK, NULL, [], 8) = 0
27408<bash> 22:19:15 rt_sigprocmask(SIG_BLOCK, NULL, [], 8) = 0
27408<bash> 22:19:15 rt_sigprocmask(SIG_BLOCK, NULL, [], 8) = 0
27408<bash> 22:19:15 rt_sigprocmask(SIG_BLOCK, NULL, [], 8) = 0
27408<bash> 22:19:15 rt_sigprocmask(SIG_BLOCK, NULL, [], 8) = 0
27408<bash> 22:19:15 rt_sigprocmask(SIG_BLOCK, NULL, [], 8) = 0
27408<bash> 22:19:15 rt_sigprocmask(SIG_BLOCK, NULL, [], 8) = 0
27408<bash> 22:19:15 rt_sigprocmask(SIG_BLOCK, NULL, [], 8) = 0
27408<bash> 22:19:15 rt_sigprocmask(SIG_BLOCK, NULL, [], 8) = 0
27408<bash> 22:19:15 rt_sigprocmask(SIG_BLOCK, NULL, [], 8) = 0
27408<bash> 22:19:15 rt_sigprocmask(SIG_BLOCK, NULL, [], 8) = 0
27408<bash> 22:19:15 rt_sigprocmask(SIG_BLOCK, NULL, [], 8) = 0
27408<bash> 22:19:15 rt_sigprocmask(SIG_BLOCK, NULL, [], 8) = 0
27408<bash> 22:19:15 rt_sigprocmask(SIG_BLOCK, NULL, [], 8) = 0
27408<bash> 22:19:15 rt_sigprocmask(SIG_BLOCK, NULL, [], 8) = 0
27408<bash> 22:19:15 rt_sigprocmask(SIG_BLOCK, NULL, [], 8) = 0
27408<bash> 22:19:15 rt_sigprocmask(SIG_BLOCK, NULL, [], 8) = 0
27408<bash> 22:19:15 rt_sigprocmask(SIG_BLOCK, NULL, [], 8) = 0
27408<bash> 22:19:15 rt_sigprocmask(SIG_BLOCK, NULL, [], 8) = 0
27408<bash> 22:19:15 rt_sigprocmask(SIG_BLOCK, NULL, [], 8) = 0
27408<bash> 22:19:15 rt_sigprocmask(SIG_BLOCK, NULL, [], 8) = 0
27408<bash> 22:19:15 rt_sigprocmask(SIG_BLOCK, NULL, [], 8) = 0
27408<bash> 22:19:15 brk(0x55e6cc5ad000) = 0x55e6cc5ad000
27408<bash> 22:19:15 openat(AT_FDCWD</home/catastor>, "/etc/bash_completion.d/_python-argcomplete", O_RDONLY) = 3</etc/bash_completion.d/_python-argcomplete>
27408<bash> 22:19:15 fstat(3</etc/bash_completion.d/_python-argcomplete>, {st_mode=S_IFREG|0644, st_size=10047, ...}) = 0
27408<bash> 22:19:15 read(3</etc/bash_completion.d/_python-argcomplete>, "#compdef -default-\n\n# argcomplet"..., 10047) = 10047
27408<bash> 22:19:15 close(3</etc/bash_completion.d/_python-argcomplete>) = 0
27408<bash> 22:19:15 rt_sigprocmask(SIG_BLOCK, NULL, [], 8) = 0
27408<bash> 22:19:15 openat(AT_FDCWD</home/catastor>, "/etc/bash_completion.d/audit.bash_completion", O_RDONLY) = 3</etc/bash_completion.d/audit.bash_completion>
27408<bash> 22:19:15 fstat(3</etc/bash_completion.d/audit.bash_completion>, {st_mode=S_IFREG|0644, st_size=3185, ...}) = 0
27408<bash> 22:19:15 read(3</etc/bash_completion.d/audit.bash_completion>, "# Bash completion for audit util"..., 3185) = 3185
27408<bash> 22:19:15 close(3</etc/bash_completion.d/audit.bash_completion>) = 0
27408<bash> 22:19:15 rt_sigprocmask(SIG_BLOCK, NULL, [], 8) = 0
27408<bash> 22:19:15 openat(AT_FDCWD</home/catastor>, "/etc/bash_completion.d/authselect-completion.sh", O_RDONLY) = 3</etc/bash_completion.d/authselect-completion.sh>
27408<bash> 22:19:15 fstat(3</etc/bash_completion.d/authselect-completion.sh>, {st_mode=S_IFREG|0644, st_size=6489, ...}) = 0
27408<bash> 22:19:15 read(3</etc/bash_completion.d/authselect-completion.sh>, "#\n#    Authors:\n#        Tomas H"..., 6489) = 6489
27408<bash> 22:19:15 close(3</etc/bash_completion.d/authselect-completion.sh>) = 0
27408<bash> 22:19:15 rt_sigprocmask(SIG_BLOCK, NULL, [], 8) = 0
27408<bash> 22:19:15 brk(0x55e6cc5ce000) = 0x55e6cc5ce000
27408<bash> 22:19:15 munmap(0x7fa306c65000, 135168) = 0
27408<bash> 22:19:15 faccessat2(AT_FDCWD</home/catastor>, "/etc/profile.d/colorgrep.sh", R_OK, AT_EACCESS) = 0
27408<bash> 22:19:15 openat(AT_FDCWD</home/catastor>, "/etc/profile.d/colorgrep.sh", O_RDONLY) = 3</etc/profile.d/colorgrep.sh>
27408<bash> 22:19:15 fstat(3</etc/profile.d/colorgrep.sh>, {st_mode=S_IFREG|0644, st_size=205, ...}) = 0
27408<bash> 22:19:15 read(3</etc/profile.d/colorgrep.sh>, "# color-grep initialization\n\n/us"..., 205) = 205
27408<bash> 22:19:15 close(3</etc/profile.d/colorgrep.sh>) = 0
27408<bash> 22:19:15 rt_sigprocmask(SIG_BLOCK, NULL, [], 8) = 0
27408<bash> 22:19:15 rt_sigprocmask(SIG_BLOCK, NULL, [], 8) = 0
27408<bash> 22:19:15 rt_sigprocmask(SIG_BLOCK, [INT TERM CHLD], [], 8) = 0
27408<bash> 22:19:15 rt_sigaction(SIGTERM, {sa_handler=SIG_DFL, sa_mask=[], sa_flags=SA_RESTORER, sa_restorer=0x7fa306ca35b0}, {sa_handler=SIG_IGN, sa_mask=[], sa_flags=SA_RESTORER, sa_restorer=0x7fa306ca35b0}, 8) = 0
27408<bash> 22:19:15 rt_sigprocmask(SIG_BLOCK, ~[], [INT TERM CHLD], 8) = 0
27408<bash> 22:19:15 clone(child_stack=NULL, flags=CLONE_CHILD_CLEARTID|CLONE_CHILD_SETTID|SIGCHLD <unfinished ...>
27418<bash> 22:19:15 set_robust_list(0x7fa306c86a20, 24 <unfinished ...>
27408<bash> 22:19:15 <... clone resumed>, child_tidptr=0x7fa306c86a10) = 27418<bash>
27418<bash> 22:19:15 <... set_robust_list resumed>) = 0
27408<bash> 22:19:15 rt_sigprocmask(SIG_SETMASK, [INT TERM CHLD] <unfinished ...>
27418<bash> 22:19:15 rt_sigprocmask(SIG_SETMASK, [INT TERM CHLD] <unfinished ...>
27408<bash> 22:19:15 <... rt_sigprocmask resumed>, NULL, 8) = 0
27418<bash> 22:19:15 <... rt_sigprocmask resumed>, NULL, 8) = 0
27408<bash> 22:19:15 rt_sigaction(SIGTERM, {sa_handler=SIG_IGN, sa_mask=[], sa_flags=SA_RESTORER, sa_restorer=0x7fa306ca35b0} <unfinished ...>
27418<bash> 22:19:15 getpid( <unfinished ...>
27408<bash> 22:19:15 <... rt_sigaction resumed>, {sa_handler=SIG_DFL, sa_mask=[], sa_flags=SA_RESTORER, sa_restorer=0x7fa306ca35b0}, 8) = 0
27418<bash> 22:19:15 <... getpid resumed>) = 27418<bash>
27408<bash> 22:19:15 rt_sigprocmask(SIG_SETMASK, [] <unfinished ...>
27418<bash> 22:19:15 rt_sigprocmask(SIG_SETMASK, [] <unfinished ...>
27408<bash> 22:19:15 <... rt_sigprocmask resumed>, NULL, 8) = 0
27418<bash> 22:19:15 <... rt_sigprocmask resumed>, NULL, 8) = 0
27408<bash> 22:19:15 rt_sigprocmask(SIG_BLOCK, [CHLD] <unfinished ...>
27418<bash> 22:19:15 rt_sigaction(SIGTSTP, {sa_handler=SIG_DFL, sa_mask=[], sa_flags=SA_RESTORER, sa_restorer=0x7fa306ca35b0} <unfinished ...>
27408<bash> 22:19:15 <... rt_sigprocmask resumed>, [], 8) = 0
27418<bash> 22:19:15 <... rt_sigaction resumed>, {sa_handler=SIG_IGN, sa_mask=[], sa_flags=SA_RESTORER, sa_restorer=0x7fa306ca35b0}, 8) = 0
27408<bash> 22:19:15 rt_sigprocmask(SIG_SETMASK, [] <unfinished ...>
27418<bash> 22:19:15 rt_sigaction(SIGTTIN, {sa_handler=SIG_DFL, sa_mask=[], sa_flags=SA_RESTORER, sa_restorer=0x7fa306ca35b0} <unfinished ...>
27408<bash> 22:19:15 <... rt_sigprocmask resumed>, NULL, 8) = 0
27418<bash> 22:19:15 <... rt_sigaction resumed>, {sa_handler=SIG_IGN, sa_mask=[], sa_flags=SA_RESTORER, sa_restorer=0x7fa306ca35b0}, 8) = 0
27408<bash> 22:19:15 rt_sigprocmask(SIG_BLOCK, [CHLD] <unfinished ...>
27418<bash> 22:19:15 rt_sigaction(SIGTTOU, {sa_handler=SIG_DFL, sa_mask=[], sa_flags=SA_RESTORER, sa_restorer=0x7fa306ca35b0} <unfinished ...>
27408<bash> 22:19:15 <... rt_sigprocmask resumed>, [], 8) = 0
27418<bash> 22:19:15 <... rt_sigaction resumed>, {sa_handler=SIG_IGN, sa_mask=[], sa_flags=SA_RESTORER, sa_restorer=0x7fa306ca35b0}, 8) = 0
27408<bash> 22:19:15 rt_sigaction(SIGINT, {sa_handler=0x55e6ca002d80, sa_mask=[], sa_flags=SA_RESTORER, sa_restorer=0x7fa306ca35b0} <unfinished ...>
27418<bash> 22:19:15 rt_sigaction(SIGHUP, {sa_handler=SIG_DFL, sa_mask=[], sa_flags=SA_RESTORER, sa_restorer=0x7fa306ca35b0} <unfinished ...>
27408<bash> 22:19:15 <... rt_sigaction resumed>, {sa_handler=0x55e6ca034cf0, sa_mask=[], sa_flags=SA_RESTORER, sa_restorer=0x7fa306ca35b0}, 8) = 0
27418<bash> 22:19:15 <... rt_sigaction resumed>, NULL, 8) = 0
27408<bash> 22:19:15 wait4(-1 <unfinished ...>
27418<bash> 22:19:15 rt_sigaction(SIGILL, {sa_handler=SIG_DFL, sa_mask=[], sa_flags=SA_RESTORER, sa_restorer=0x7fa306ca35b0}, NULL, 8) = 0
27418<bash> 22:19:15 rt_sigaction(SIGTRAP, {sa_handler=SIG_DFL, sa_mask=[], sa_flags=SA_RESTORER, sa_restorer=0x7fa306ca35b0}, NULL, 8) = 0
27418<bash> 22:19:15 rt_sigprocmask(SIG_BLOCK, ~[], [], 8) = 0
27418<bash> 22:19:15 rt_sigaction(SIGABRT, {sa_handler=SIG_DFL, sa_mask=[], sa_flags=SA_RESTORER, sa_restorer=0x7fa306ca35b0}, NULL, 8) = 0
27418<bash> 22:19:15 rt_sigprocmask(SIG_SETMASK, [], NULL, 8) = 0
27418<bash> 22:19:15 rt_sigaction(SIGFPE, {sa_handler=SIG_DFL, sa_mask=[], sa_flags=SA_RESTORER, sa_restorer=0x7fa306ca35b0}, NULL, 8) = 0
27418<bash> 22:19:15 rt_sigaction(SIGBUS, {sa_handler=SIG_DFL, sa_mask=[], sa_flags=SA_RESTORER, sa_restorer=0x7fa306ca35b0}, NULL, 8) = 0
27418<bash> 22:19:15 rt_sigaction(SIGSEGV, {sa_handler=SIG_DFL, sa_mask=[], sa_flags=SA_RESTORER, sa_restorer=0x7fa306ca35b0}, NULL, 8) = 0
27418<bash> 22:19:15 rt_sigaction(SIGSYS, {sa_handler=SIG_DFL, sa_mask=[], sa_flags=SA_RESTORER, sa_restorer=0x7fa306ca35b0}, NULL, 8) = 0
27418<bash> 22:19:15 rt_sigaction(SIGPIPE, {sa_handler=SIG_DFL, sa_mask=[], sa_flags=SA_RESTORER, sa_restorer=0x7fa306ca35b0}, NULL, 8) = 0
27418<bash> 22:19:15 rt_sigaction(SIGALRM, {sa_handler=SIG_DFL, sa_mask=[], sa_flags=SA_RESTORER, sa_restorer=0x7fa306ca35b0}, NULL, 8) = 0
27418<bash> 22:19:15 rt_sigaction(SIGXCPU, {sa_handler=SIG_DFL, sa_mask=[], sa_flags=SA_RESTORER, sa_restorer=0x7fa306ca35b0}, NULL, 8) = 0
27418<bash> 22:19:15 rt_sigaction(SIGXFSZ, {sa_handler=SIG_DFL, sa_mask=[], sa_flags=SA_RESTORER, sa_restorer=0x7fa306ca35b0}, NULL, 8) = 0
27418<bash> 22:19:15 rt_sigaction(SIGVTALRM, {sa_handler=SIG_DFL, sa_mask=[], sa_flags=SA_RESTORER, sa_restorer=0x7fa306ca35b0}, NULL, 8) = 0
27418<bash> 22:19:15 rt_sigaction(SIGUSR1, {sa_handler=SIG_DFL, sa_mask=[], sa_flags=SA_RESTORER, sa_restorer=0x7fa306ca35b0}, NULL, 8) = 0
27418<bash> 22:19:15 rt_sigaction(SIGUSR2, {sa_handler=SIG_DFL, sa_mask=[], sa_flags=SA_RESTORER, sa_restorer=0x7fa306ca35b0}, NULL, 8) = 0
27418<bash> 22:19:15 rt_sigaction(SIGINT, {sa_handler=SIG_DFL, sa_mask=[], sa_flags=SA_RESTORER, sa_restorer=0x7fa306ca35b0}, {sa_handler=0x55e6ca034cf0, sa_mask=[], sa_flags=SA_RESTORER, sa_restorer=0x7fa306ca35b0}, 8) = 0
27418<bash> 22:19:15 rt_sigaction(SIGQUIT, {sa_handler=SIG_DFL, sa_mask=[], sa_flags=SA_RESTORER, sa_restorer=0x7fa306ca35b0}, {sa_handler=SIG_IGN, sa_mask=[], sa_flags=SA_RESTORER, sa_restorer=0x7fa306ca35b0}, 8) = 0
27418<bash> 22:19:15 rt_sigaction(SIGTERM, {sa_handler=SIG_DFL, sa_mask=[], sa_flags=SA_RESTORER, sa_restorer=0x7fa306ca35b0}, {sa_handler=SIG_DFL, sa_mask=[], sa_flags=SA_RESTORER, sa_restorer=0x7fa306ca35b0}, 8) = 0
27418<bash> 22:19:15 rt_sigaction(SIGCHLD, {sa_handler=SIG_DFL, sa_mask=[], sa_flags=SA_RESTORER|SA_RESTART, sa_restorer=0x7fa306ca35b0}, {sa_handler=0x55e6ca0068d0, sa_mask=[], sa_flags=SA_RESTORER|SA_RESTART, sa_restorer=0x7fa306ca35b0}, 8) = 0
27418<bash> 22:19:15 execve("/usr/libexec/grepconf.sh", ["/usr/libexec/grepconf.sh", "-c"], 0x55e6cc4b9600 /* 26 vars */) = 0
27418<grepconf.sh> 22:19:15 brk(NULL)   = 0x55635c8c0000
27418<grepconf.sh> 22:19:15 access("/etc/ld.so.preload", R_OK) = -1 ENOENT (No such file or directory)
27418<grepconf.sh> 22:19:15 openat(AT_FDCWD</home/catastor>, "/etc/ld.so.cache", O_RDONLY|O_CLOEXEC) = 3</etc/ld.so.cache>
27418<grepconf.sh> 22:19:15 fstat(3</etc/ld.so.cache>, {st_mode=S_IFREG|0644, st_size=74499, ...}) = 0
27418<grepconf.sh> 22:19:15 mmap(NULL, 74499, PROT_READ, MAP_PRIVATE, 3</etc/ld.so.cache>, 0) = 0x7fb317f3d000
27418<grepconf.sh> 22:19:15 close(3</etc/ld.so.cache>) = 0
27418<grepconf.sh> 22:19:15 openat(AT_FDCWD</home/catastor>, "/lib64/libtinfo.so.6", O_RDONLY|O_CLOEXEC) = 3</usr/lib64/libtinfo.so.6.6>
27418<grepconf.sh> 22:19:15 read(3</usr/lib64/libtinfo.so.6.6>, "\177ELF\2\1\1\0\0\0\0\0\0\0\0\0\3\0>\0\1\0\0\0\0\0\0\0\0\0\0\0"..., 832) = 832
27418<grepconf.sh> 22:19:15 fstat(3</usr/lib64/libtinfo.so.6.6>, {st_mode=S_IFREG|0755, st_size=187232, ...}) = 0
27418<grepconf.sh> 22:19:15 mmap(NULL, 8192, PROT_READ|PROT_WRITE, MAP_PRIVATE|MAP_ANONYMOUS, -1, 0) = 0x7fb317f3b000
27418<grepconf.sh> 22:19:15 mmap(NULL, 182528, PROT_READ|PROT_EXEC, MAP_PRIVATE|MAP_DENYWRITE, 3</usr/lib64/libtinfo.so.6.6>, 0) = 0x7fb317f0e000
27418<grepconf.sh> 22:19:15 mmap(0x7fb317f23000, 77824, PROT_READ, MAP_PRIVATE|MAP_FIXED|MAP_DENYWRITE, 3</usr/lib64/libtinfo.so.6.6>, 0x15000) = 0x7fb317f23000
27418<grepconf.sh> 22:19:15 mmap(0x7fb317f36000, 20480, PROT_READ|PROT_WRITE, MAP_PRIVATE|MAP_FIXED|MAP_DENYWRITE, 3</usr/lib64/libtinfo.so.6.6>, 0x28000) = 0x7fb317f36000
27418<grepconf.sh> 22:19:15 close(3</usr/lib64/libtinfo.so.6.6>) = 0
27418<grepconf.sh> 22:19:15 openat(AT_FDCWD</home/catastor>, "/lib64/libc.so.6", O_RDONLY|O_CLOEXEC) = 3</usr/lib64/libc.so.6>
27418<grepconf.sh> 22:19:15 read(3</usr/lib64/libc.so.6>, "\177ELF\2\1\1\3\0\0\0\0\0\0\0\0\3\0>\0\1\0\0\0\2408\0\0\0\0\0\0"..., 832) = 832
27418<grepconf.sh> 22:19:15 pread64(3</usr/lib64/libc.so.6>, "\6\0\0\0\4\0\0\0@\0\0\0\0\0\0\0@\0\0\0\0\0\0\0@\0\0\0\0\0\0\0"..., 784, 64) = 784
27418<grepconf.sh> 22:19:15 fstat(3</usr/lib64/libc.so.6>, {st_mode=S_IFREG|0755, st_size=2490288, ...}) = 0
27418<grepconf.sh> 22:19:15 pread64(3</usr/lib64/libc.so.6>, "\6\0\0\0\4\0\0\0@\0\0\0\0\0\0\0@\0\0\0\0\0\0\0@\0\0\0\0\0\0\0"..., 784, 64) = 784
27418<grepconf.sh> 22:19:15 mmap(NULL, 2075504, PROT_READ|PROT_EXEC, MAP_PRIVATE|MAP_DENYWRITE, 3</usr/lib64/libc.so.6>, 0) = 0x7fb317d13000
27418<grepconf.sh> 22:19:15 mmap(0x7fb317e87000, 495616, PROT_READ, MAP_PRIVATE|MAP_FIXED|MAP_DENYWRITE, 3</usr/lib64/libc.so.6>, 0x174000) = 0x7fb317e87000
27418<grepconf.sh> 22:19:15 mmap(0x7fb317f00000, 24576, PROT_READ|PROT_WRITE, MAP_PRIVATE|MAP_FIXED|MAP_DENYWRITE, 3</usr/lib64/libc.so.6>, 0x1ed000) = 0x7fb317f00000
27418<grepconf.sh> 22:19:15 mmap(0x7fb317f06000, 31600, PROT_READ|PROT_WRITE, MAP_PRIVATE|MAP_FIXED|MAP_ANONYMOUS, -1, 0) = 0x7fb317f06000
27418<grepconf.sh> 22:19:15 close(3</usr/lib64/libc.so.6>) = 0
27418<grepconf.sh> 22:19:15 mmap(NULL, 12288, PROT_READ|PROT_WRITE, MAP_PRIVATE|MAP_ANONYMOUS, -1, 0) = 0x7fb317d10000
27418<grepconf.sh> 22:19:15 arch_prctl(ARCH_SET_FS, 0x7fb317d10740) = 0
27418<grepconf.sh> 22:19:15 set_tid_address(0x7fb317d10d68) = 27418<grepconf.sh>
27418<grepconf.sh> 22:19:15 set_robust_list(0x7fb317d10a20, 24) = 0
27418<grepconf.sh> 22:19:15 rseq({cpu_id_start=0, cpu_id=RSEQ_CPU_ID_UNINITIALIZED, rseq_cs=NULL, flags=0, node_id=0, mm_cid=0, slice_ctrl={request=0, granted=0, __reserved=0}, __reserved=0}, 32, 0, 0x53053053) = 0
27418<grepconf.sh> 22:19:15 mprotect(0x7fb317f00000, 16384, PROT_READ) = 0
27418<grepconf.sh> 22:19:15 mprotect(0x7fb317f36000, 16384, PROT_READ) = 0
27418<grepconf.sh> 22:19:15 mprotect(0x556357b04000, 16384, PROT_READ) = 0
27418<grepconf.sh> 22:19:15 mprotect(0x7fb317f8e000, 8192, PROT_READ) = 0
27418<grepconf.sh> 22:19:15 prlimit64(0, RLIMIT_STACK, NULL, {rlim_cur=8192*1024, rlim_max=RLIM64_INFINITY}) = 0
27418<grepconf.sh> 22:19:15 getrandom("\x60\xa3\x74\x49\x41\xae\x65\x17", 8, GRND_NONBLOCK) = 8
27418<grepconf.sh> 22:19:15 munmap(0x7fb317f3d000, 74499) = 0
27418<grepconf.sh> 22:19:15 openat(AT_FDCWD</home/catastor>, "/dev/tty", O_RDWR|O_NONBLOCK) = 3</dev/tty<char 5:0>>
27418<grepconf.sh> 22:19:15 close(3</dev/tty<char 5:0>>) = 0
27418<grepconf.sh> 22:19:15 brk(NULL)   = 0x55635c8c0000
27418<grepconf.sh> 22:19:15 brk(0x55635c8e1000) = 0x55635c8e1000
27418<grepconf.sh> 22:19:15 getresuid([1000], [1000], [1000]) = 0
27418<grepconf.sh> 22:19:15 getresgid([1000], [1000], [1000]) = 0
27418<grepconf.sh> 22:19:15 rt_sigprocmask(SIG_BLOCK, NULL, [], 8) = 0
27418<grepconf.sh> 22:19:15 rt_sigaction(SIGCHLD, {sa_handler=SIG_DFL, sa_mask=[], sa_flags=SA_RESTORER|SA_RESTART, sa_restorer=0x7fb317d2d5b0}, {sa_handler=SIG_DFL, sa_mask=[], sa_flags=0}, 8) = 0
27418<grepconf.sh> 22:19:15 rt_sigaction(SIGCHLD, {sa_handler=SIG_DFL, sa_mask=[], sa_flags=SA_RESTORER|SA_RESTART, sa_restorer=0x7fb317d2d5b0}, {sa_handler=SIG_DFL, sa_mask=[], sa_flags=SA_RESTORER|SA_RESTART, sa_restorer=0x7fb317d2d5b0}, 8) = 0
27418<grepconf.sh> 22:19:15 rt_sigaction(SIGINT, {sa_handler=SIG_DFL, sa_mask=[], sa_flags=SA_RESTORER, sa_restorer=0x7fb317d2d5b0}, {sa_handler=SIG_DFL, sa_mask=[], sa_flags=0}, 8) = 0
27418<grepconf.sh> 22:19:15 rt_sigaction(SIGINT, {sa_handler=SIG_DFL, sa_mask=[], sa_flags=SA_RESTORER, sa_restorer=0x7fb317d2d5b0}, {sa_handler=SIG_DFL, sa_mask=[], sa_flags=SA_RESTORER, sa_restorer=0x7fb317d2d5b0}, 8) = 0
27418<grepconf.sh> 22:19:15 rt_sigaction(SIGQUIT, {sa_handler=SIG_DFL, sa_mask=[], sa_flags=SA_RESTORER, sa_restorer=0x7fb317d2d5b0}, {sa_handler=SIG_DFL, sa_mask=[], sa_flags=0}, 8) = 0
27418<grepconf.sh> 22:19:15 rt_sigaction(SIGQUIT, {sa_handler=SIG_DFL, sa_mask=[], sa_flags=SA_RESTORER, sa_restorer=0x7fb317d2d5b0}, {sa_handler=SIG_DFL, sa_mask=[], sa_flags=SA_RESTORER, sa_restorer=0x7fb317d2d5b0}, 8) = 0
27418<grepconf.sh> 22:19:15 rt_sigaction(SIGTSTP, {sa_handler=SIG_DFL, sa_mask=[], sa_flags=SA_RESTORER, sa_restorer=0x7fb317d2d5b0}, {sa_handler=SIG_DFL, sa_mask=[], sa_flags=0}, 8) = 0
27418<grepconf.sh> 22:19:15 rt_sigaction(SIGTSTP, {sa_handler=SIG_DFL, sa_mask=[], sa_flags=SA_RESTORER, sa_restorer=0x7fb317d2d5b0}, {sa_handler=SIG_DFL, sa_mask=[], sa_flags=SA_RESTORER, sa_restorer=0x7fb317d2d5b0}, 8) = 0
27418<grepconf.sh> 22:19:15 rt_sigaction(SIGTTIN, {sa_handler=SIG_DFL, sa_mask=[], sa_flags=SA_RESTORER, sa_restorer=0x7fb317d2d5b0}, {sa_handler=SIG_DFL, sa_mask=[], sa_flags=0}, 8) = 0
27418<grepconf.sh> 22:19:15 rt_sigaction(SIGTTIN, {sa_handler=SIG_DFL, sa_mask=[], sa_flags=SA_RESTORER, sa_restorer=0x7fb317d2d5b0}, {sa_handler=SIG_DFL, sa_mask=[], sa_flags=SA_RESTORER, sa_restorer=0x7fb317d2d5b0}, 8) = 0
27418<grepconf.sh> 22:19:15 rt_sigaction(SIGTTOU, {sa_handler=SIG_DFL, sa_mask=[], sa_flags=SA_RESTORER, sa_restorer=0x7fb317d2d5b0}, {sa_handler=SIG_DFL, sa_mask=[], sa_flags=0}, 8) = 0
27418<grepconf.sh> 22:19:15 rt_sigaction(SIGTTOU, {sa_handler=SIG_DFL, sa_mask=[], sa_flags=SA_RESTORER, sa_restorer=0x7fb317d2d5b0}, {sa_handler=SIG_DFL, sa_mask=[], sa_flags=SA_RESTORER, sa_restorer=0x7fb317d2d5b0}, 8) = 0
27418<grepconf.sh> 22:19:15 rt_sigprocmask(SIG_BLOCK, NULL, [], 8) = 0
27418<grepconf.sh> 22:19:15 rt_sigaction(SIGQUIT, {sa_handler=SIG_IGN, sa_mask=[], sa_flags=SA_RESTORER, sa_restorer=0x7fb317d2d5b0}, {sa_handler=SIG_DFL, sa_mask=[], sa_flags=SA_RESTORER, sa_restorer=0x7fb317d2d5b0}, 8) = 0
27418<grepconf.sh> 22:19:15 uname({sysname="Linux", nodename="fedora", ...}) = 0
27418<grepconf.sh> 22:19:15 newfstatat(AT_FDCWD</home/catastor>, "/home/catastor", {st_mode=S_IFDIR|0700, st_size=716, ...}, 0) = 0
27418<grepconf.sh> 22:19:15 newfstatat(AT_FDCWD</home/catastor>, ".", {st_mode=S_IFDIR|0700, st_size=716, ...}, 0) = 0
27418<grepconf.sh> 22:19:15 newfstatat(AT_FDCWD</home/catastor>, "/home", {st_mode=S_IFDIR|0755, st_size=16, ...}, 0) = 0
27418<grepconf.sh> 22:19:15 newfstatat(AT_FDCWD</home/catastor>, "/home/catastor", {st_mode=S_IFDIR|0700, st_size=716, ...}, 0) = 0
27418<grepconf.sh> 22:19:15 getpid()    = 27418<grepconf.sh>
27418<grepconf.sh> 22:19:15 getppid()   = 27408<bash>
27418<grepconf.sh> 22:19:15 getpid()    = 27418<grepconf.sh>
27418<grepconf.sh> 22:19:15 getppid()   = 27408<bash>
27418<grepconf.sh> 22:19:15 getpid()    = 27418<grepconf.sh>
27418<grepconf.sh> 22:19:15 getppid()   = 27408<bash>
27418<grepconf.sh> 22:19:15 getpgrp()   = 27408
27418<grepconf.sh> 22:19:15 ioctl(2</dev/pts/6<char 136:6>>, TIOCGPGRP, [27408]) = 0
27418<grepconf.sh> 22:19:15 rt_sigaction(SIGCHLD, {sa_handler=0x5563579e28d0, sa_mask=[], sa_flags=SA_RESTORER|SA_RESTART, sa_restorer=0x7fb317d2d5b0}, {sa_handler=SIG_DFL, sa_mask=[], sa_flags=SA_RESTORER|SA_RESTART, sa_restorer=0x7fb317d2d5b0}, 8) = 0
27418<grepconf.sh> 22:19:15 prlimit64(0, RLIMIT_NPROC, NULL, {rlim_cur=15396, rlim_max=15396}) = 0
27418<grepconf.sh> 22:19:15 rt_sigprocmask(SIG_BLOCK, NULL, [], 8) = 0
27418<grepconf.sh> 22:19:15 openat(AT_FDCWD</home/catastor>, "/usr/libexec/grepconf.sh", O_RDONLY) = 3</usr/libexec/grepconf.sh>
27418<grepconf.sh> 22:19:15 newfstatat(AT_FDCWD</home/catastor>, "/usr/libexec/grepconf.sh", {st_mode=S_IFREG|0755, st_size=257, ...}, 0) = 0
27418<grepconf.sh> 22:19:15 ioctl(3</usr/libexec/grepconf.sh>, TCGETS2, 0x7fff2966e7d0) = -1 ENOTTY (Inappropriate ioctl for device)
27418<grepconf.sh> 22:19:15 lseek(3</usr/libexec/grepconf.sh>, 0, SEEK_CUR) = 0
27418<grepconf.sh> 22:19:15 read(3</usr/libexec/grepconf.sh>, "#!/usr/bin/sh\n\ncase \"$1\" in\n    "..., 80) = 80
27418<grepconf.sh> 22:19:15 lseek(3</usr/libexec/grepconf.sh>, 0, SEEK_SET) = 0
27418<grepconf.sh> 22:19:15 prlimit64(0, RLIMIT_NOFILE, NULL, {rlim_cur=1024, rlim_max=512*1024}) = 0
27418<grepconf.sh> 22:19:15 fcntl(255, F_GETFD) = -1 EBADF (Bad file descriptor)
27418<grepconf.sh> 22:19:15 dup2(3</usr/libexec/grepconf.sh>, 255) = 255</usr/libexec/grepconf.sh>
27418<grepconf.sh> 22:19:15 close(3</usr/libexec/grepconf.sh>) = 0
27418<grepconf.sh> 22:19:15 fcntl(255</usr/libexec/grepconf.sh>, F_SETFD, FD_CLOEXEC) = 0
27418<grepconf.sh> 22:19:15 fcntl(255</usr/libexec/grepconf.sh>, F_GETFL) = 0x8000 (flags O_RDONLY|O_LARGEFILE)
27418<grepconf.sh> 22:19:15 fstat(255</usr/libexec/grepconf.sh>, {st_mode=S_IFREG|0755, st_size=257, ...}) = 0
27418<grepconf.sh> 22:19:15 lseek(255</usr/libexec/grepconf.sh>, 0, SEEK_CUR) = 0
27418<grepconf.sh> 22:19:15 read(255</usr/libexec/grepconf.sh>, "#!/usr/bin/sh\n\ncase \"$1\" in\n    "..., 257) = 257
27418<grepconf.sh> 22:19:15 newfstatat(AT_FDCWD</home/catastor>, ".", {st_mode=S_IFDIR|0700, st_size=716, ...}, 0) = 0
27418<grepconf.sh> 22:19:15 newfstatat(AT_FDCWD</home/catastor>, "/usr/local/bin/grep", 0x7fff2966e250, 0) = -1 ENOENT (No such file or directory)
27418<grepconf.sh> 22:19:15 newfstatat(AT_FDCWD</home/catastor>, "/usr/bin/grep", {st_mode=S_IFREG|0755, st_size=165528, ...}, 0) = 0
27418<grepconf.sh> 22:19:15 newfstatat(AT_FDCWD</home/catastor>, "/usr/bin/grep", {st_mode=S_IFREG|0755, st_size=165528, ...}, 0) = 0
27418<grepconf.sh> 22:19:15 geteuid()   = 1000
27418<grepconf.sh> 22:19:15 getegid()   = 1000
27418<grepconf.sh> 22:19:15 getuid()    = 1000
27418<grepconf.sh> 22:19:15 getgid()    = 1000
27418<grepconf.sh> 22:19:15 access("/usr/bin/grep", X_OK) = 0
27418<grepconf.sh> 22:19:15 newfstatat(AT_FDCWD</home/catastor>, "/usr/bin/grep", {st_mode=S_IFREG|0755, st_size=165528, ...}, 0) = 0
27418<grepconf.sh> 22:19:15 geteuid()   = 1000
27418<grepconf.sh> 22:19:15 getegid()   = 1000
27418<grepconf.sh> 22:19:15 getuid()    = 1000
27418<grepconf.sh> 22:19:15 getgid()    = 1000
27418<grepconf.sh> 22:19:15 access("/usr/bin/grep", R_OK) = 0
27418<grepconf.sh> 22:19:15 rt_sigprocmask(SIG_BLOCK, NULL, [], 8) = 0
27418<grepconf.sh> 22:19:15 rt_sigprocmask(SIG_BLOCK, [INT TERM CHLD], [], 8) = 0
27418<grepconf.sh> 22:19:15 rt_sigprocmask(SIG_BLOCK, ~[], [INT TERM CHLD], 8) = 0
27418<grepconf.sh> 22:19:15 clone(child_stack=NULL, flags=CLONE_CHILD_CLEARTID|CLONE_CHILD_SETTID|SIGCHLD <unfinished ...>
27419<grepconf.sh> 22:19:15 set_robust_list(0x7fb317d10a20, 24 <unfinished ...>
27418<grepconf.sh> 22:19:15 <... clone resumed>, child_tidptr=0x7fb317d10a10) = 27419<grepconf.sh>
27419<grepconf.sh> 22:19:15 <... set_robust_list resumed>) = 0
27418<grepconf.sh> 22:19:15 rt_sigprocmask(SIG_SETMASK, [INT TERM CHLD] <unfinished ...>
27419<grepconf.sh> 22:19:15 rt_sigprocmask(SIG_SETMASK, [INT TERM CHLD] <unfinished ...>
27418<grepconf.sh> 22:19:15 <... rt_sigprocmask resumed>, NULL, 8) = 0
27419<grepconf.sh> 22:19:15 <... rt_sigprocmask resumed>, NULL, 8) = 0
27418<grepconf.sh> 22:19:15 rt_sigprocmask(SIG_SETMASK, [] <unfinished ...>
27419<grepconf.sh> 22:19:15 getpid( <unfinished ...>
27418<grepconf.sh> 22:19:15 <... rt_sigprocmask resumed>, NULL, 8) = 0
27419<grepconf.sh> 22:19:15 <... getpid resumed>) = 27419<grepconf.sh>
27418<grepconf.sh> 22:19:15 rt_sigprocmask(SIG_BLOCK, [CHLD] <unfinished ...>
27419<grepconf.sh> 22:19:15 close(255</usr/libexec/grepconf.sh> <unfinished ...>
27418<grepconf.sh> 22:19:15 <... rt_sigprocmask resumed>, [], 8) = 0
27419<grepconf.sh> 22:19:15 <... close resumed>) = 0
27419<grepconf.sh> 22:19:15 rt_sigprocmask(SIG_SETMASK, [] <unfinished ...>
27418<grepconf.sh> 22:19:15 rt_sigprocmask(SIG_SETMASK, [] <unfinished ...>
27419<grepconf.sh> 22:19:15 <... rt_sigprocmask resumed>, NULL, 8) = 0
27418<grepconf.sh> 22:19:15 <... rt_sigprocmask resumed>, NULL, 8) = 0
27419<grepconf.sh> 22:19:15 rt_sigaction(SIGTSTP, {sa_handler=SIG_DFL, sa_mask=[], sa_flags=SA_RESTORER, sa_restorer=0x7fb317d2d5b0} <unfinished ...>
27418<grepconf.sh> 22:19:15 rt_sigprocmask(SIG_BLOCK, [CHLD] <unfinished ...>
27419<grepconf.sh> 22:19:15 <... rt_sigaction resumed>, {sa_handler=SIG_DFL, sa_mask=[], sa_flags=SA_RESTORER, sa_restorer=0x7fb317d2d5b0}, 8) = 0
27418<grepconf.sh> 22:19:15 <... rt_sigprocmask resumed>, [], 8) = 0
27419<grepconf.sh> 22:19:15 rt_sigaction(SIGTTIN, {sa_handler=SIG_DFL, sa_mask=[], sa_flags=SA_RESTORER, sa_restorer=0x7fb317d2d5b0}, {sa_handler=SIG_DFL, sa_mask=[], sa_flags=SA_RESTORER, sa_restorer=0x7fb317d2d5b0}, 8) = 0
27418<grepconf.sh> 22:19:15 rt_sigaction(SIGINT, {sa_handler=0x5563579ded80, sa_mask=[], sa_flags=SA_RESTORER, sa_restorer=0x7fb317d2d5b0} <unfinished ...>
27419<grepconf.sh> 22:19:15 rt_sigaction(SIGTTOU, {sa_handler=SIG_DFL, sa_mask=[], sa_flags=SA_RESTORER, sa_restorer=0x7fb317d2d5b0} <unfinished ...>
27418<grepconf.sh> 22:19:15 <... rt_sigaction resumed>, {sa_handler=SIG_DFL, sa_mask=[], sa_flags=SA_RESTORER, sa_restorer=0x7fb317d2d5b0}, 8) = 0
27419<grepconf.sh> 22:19:15 <... rt_sigaction resumed>, {sa_handler=SIG_DFL, sa_mask=[], sa_flags=SA_RESTORER, sa_restorer=0x7fb317d2d5b0}, 8) = 0
27418<grepconf.sh> 22:19:15 wait4(-1 <unfinished ...>
27419<grepconf.sh> 22:19:15 rt_sigaction(SIGINT, {sa_handler=SIG_DFL, sa_mask=[], sa_flags=SA_RESTORER, sa_restorer=0x7fb317d2d5b0}, {sa_handler=SIG_DFL, sa_mask=[], sa_flags=SA_RESTORER, sa_restorer=0x7fb317d2d5b0}, 8) = 0
27419<grepconf.sh> 22:19:15 rt_sigaction(SIGQUIT, {sa_handler=SIG_DFL, sa_mask=[], sa_flags=SA_RESTORER, sa_restorer=0x7fb317d2d5b0}, {sa_handler=SIG_IGN, sa_mask=[], sa_flags=SA_RESTORER, sa_restorer=0x7fb317d2d5b0}, 8) = 0
27419<grepconf.sh> 22:19:15 rt_sigaction(SIGCHLD, {sa_handler=SIG_DFL, sa_mask=[], sa_flags=SA_RESTORER|SA_RESTART, sa_restorer=0x7fb317d2d5b0}, {sa_handler=0x5563579e28d0, sa_mask=[], sa_flags=SA_RESTORER|SA_RESTART, sa_restorer=0x7fb317d2d5b0}, 8) = 0
27419<grepconf.sh> 22:19:15 execve("/usr/bin/grep", ["grep", "-qsi", "^COLOR.*none", "/etc/GREP_COLORS"], 0x55635c8cc250 /* 26 vars */) = 0
27419<grep> 22:19:15 brk(NULL)          = 0x55d7493e3000
27419<grep> 22:19:15 access("/etc/ld.so.preload", R_OK) = -1 ENOENT (No such file or directory)
27419<grep> 22:19:15 openat(AT_FDCWD</home/catastor>, "/etc/ld.so.cache", O_RDONLY|O_CLOEXEC) = 3</etc/ld.so.cache>
27419<grep> 22:19:15 fstat(3</etc/ld.so.cache>, {st_mode=S_IFREG|0644, st_size=74499, ...}) = 0
27419<grep> 22:19:15 mmap(NULL, 74499, PROT_READ, MAP_PRIVATE, 3</etc/ld.so.cache>, 0) = 0x7fa290790000
27419<grep> 22:19:15 close(3</etc/ld.so.cache>) = 0
27419<grep> 22:19:15 openat(AT_FDCWD</home/catastor>, "/lib64/libpcre2-8.so.0", O_RDONLY|O_CLOEXEC) = 3</usr/lib64/libpcre2-8.so.0.15.0>
27419<grep> 22:19:15 read(3</usr/lib64/libpcre2-8.so.0.15.0>, "\177ELF\2\1\1\0\0\0\0\0\0\0\0\0\3\0>\0\1\0\0\0\0\0\0\0\0\0\0\0"..., 832) = 832
27419<grep> 22:19:15 fstat(3</usr/lib64/libpcre2-8.so.0.15.0>, {st_mode=S_IFREG|0755, st_size=724280, ...}) = 0
27419<grep> 22:19:15 mmap(NULL, 8192, PROT_READ|PROT_WRITE, MAP_PRIVATE|MAP_ANONYMOUS, -1, 0) = 0x7fa29078e000
27419<grep> 22:19:15 mmap(NULL, 721368, PROT_READ|PROT_EXEC, MAP_PRIVATE|MAP_DENYWRITE, 3</usr/lib64/libpcre2-8.so.0.15.0>, 0) = 0x7fa2906dd000
27419<grep> 22:19:15 mmap(0x7fa29075e000, 188416, PROT_READ, MAP_PRIVATE|MAP_FIXED|MAP_DENYWRITE, 3</usr/lib64/libpcre2-8.so.0.15.0>, 0x81000) = 0x7fa29075e000
27419<grep> 22:19:15 mmap(0x7fa29078c000, 8192, PROT_READ|PROT_WRITE, MAP_PRIVATE|MAP_FIXED|MAP_DENYWRITE, 3</usr/lib64/libpcre2-8.so.0.15.0>, 0xae000) = 0x7fa29078c000
27419<grep> 22:19:15 close(3</usr/lib64/libpcre2-8.so.0.15.0>) = 0
27419<grep> 22:19:15 openat(AT_FDCWD</home/catastor>, "/lib64/libc.so.6", O_RDONLY|O_CLOEXEC) = 3</usr/lib64/libc.so.6>
27419<grep> 22:19:15 read(3</usr/lib64/libc.so.6>, "\177ELF\2\1\1\3\0\0\0\0\0\0\0\0\3\0>\0\1\0\0\0\2408\0\0\0\0\0\0"..., 832) = 832
27419<grep> 22:19:15 pread64(3</usr/lib64/libc.so.6>, "\6\0\0\0\4\0\0\0@\0\0\0\0\0\0\0@\0\0\0\0\0\0\0@\0\0\0\0\0\0\0"..., 784, 64) = 784
27419<grep> 22:19:15 fstat(3</usr/lib64/libc.so.6>, {st_mode=S_IFREG|0755, st_size=2490288, ...}) = 0
27419<grep> 22:19:15 pread64(3</usr/lib64/libc.so.6>, "\6\0\0\0\4\0\0\0@\0\0\0\0\0\0\0@\0\0\0\0\0\0\0@\0\0\0\0\0\0\0"..., 784, 64) = 784
27419<grep> 22:19:15 mmap(NULL, 2075504, PROT_READ|PROT_EXEC, MAP_PRIVATE|MAP_DENYWRITE, 3</usr/lib64/libc.so.6>, 0) = 0x7fa2904e2000
27419<grep> 22:19:15 mmap(0x7fa290656000, 495616, PROT_READ, MAP_PRIVATE|MAP_FIXED|MAP_DENYWRITE, 3</usr/lib64/libc.so.6>, 0x174000) = 0x7fa290656000
27419<grep> 22:19:15 mmap(0x7fa2906cf000, 24576, PROT_READ|PROT_WRITE, MAP_PRIVATE|MAP_FIXED|MAP_DENYWRITE, 3</usr/lib64/libc.so.6>, 0x1ed000) = 0x7fa2906cf000
27419<grep> 22:19:15 mmap(0x7fa2906d5000, 31600, PROT_READ|PROT_WRITE, MAP_PRIVATE|MAP_FIXED|MAP_ANONYMOUS, -1, 0) = 0x7fa2906d5000
27419<grep> 22:19:15 close(3</usr/lib64/libc.so.6>) = 0
27419<grep> 22:19:15 mmap(NULL, 12288, PROT_READ|PROT_WRITE, MAP_PRIVATE|MAP_ANONYMOUS, -1, 0) = 0x7fa2904df000
27419<grep> 22:19:15 arch_prctl(ARCH_SET_FS, 0x7fa2904df740) = 0
27419<grep> 22:19:15 set_tid_address(0x7fa2904dfd68) = 27419<grep>
27419<grep> 22:19:15 set_robust_list(0x7fa2904dfa20, 24) = 0
27419<grep> 22:19:15 rseq({cpu_id_start=0, cpu_id=RSEQ_CPU_ID_UNINITIALIZED, rseq_cs=NULL, flags=0, node_id=0, mm_cid=0, slice_ctrl={request=0, granted=0, __reserved=0}, __reserved=0}, 32, 0, 0x53053053) = 0
27419<grep> 22:19:15 mprotect(0x7fa2906cf000, 16384, PROT_READ) = 0
27419<grep> 22:19:15 mprotect(0x7fa29078c000, 4096, PROT_READ) = 0
27419<grep> 22:19:15 mprotect(0x55d71c946000, 8192, PROT_READ) = 0
27419<grep> 22:19:15 mprotect(0x7fa2907e1000, 8192, PROT_READ) = 0
27419<grep> 22:19:15 prlimit64(0, RLIMIT_STACK, NULL, {rlim_cur=8192*1024, rlim_max=RLIM64_INFINITY}) = 0
27419<grep> 22:19:15 getrandom("\xe2\xce\x7a\x90\xdf\x4c\xfe\x3a", 8, GRND_NONBLOCK) = 8
27419<grep> 22:19:15 munmap(0x7fa290790000, 74499) = 0
27419<grep> 22:19:15 brk(NULL)          = 0x55d7493e3000
27419<grep> 22:19:15 brk(0x55d749404000) = 0x55d749404000
27419<grep> 22:19:15 openat(AT_FDCWD</home/catastor>, "/proc/self/maps", O_RDONLY) = 3</proc/27419/maps>
27419<grep> 22:19:15 mmap(NULL, 8192, PROT_READ|PROT_WRITE, MAP_PRIVATE|MAP_ANONYMOUS, -1, 0) = 0x7fa2907a1000
27419<grep> 22:19:15 lseek(3</proc/27419/maps>, 0, SEEK_SET) = 0
27419<grep> 22:19:15 read(3</proc/27419/maps>, "55d71c920000-55d71c93e000 r-xp 0"..., 8192) = 2350
27419<grep> 22:19:15 read(3</proc/27419/maps>, "", 5842) = 0
27419<grep> 22:19:15 close(3</proc/27419/maps>) = 0
27419<grep> 22:19:15 munmap(0x7fa2907a1000, 8192) = 0
27419<grep> 22:19:15 sigaltstack({ss_sp=0x55d71c9481c0, ss_flags=0, ss_size=65536}, NULL) = 0
27419<grep> 22:19:15 rt_sigaction(SIGSEGV, {sa_handler=0x55d71c9324a0, sa_mask=[HUP INT QUIT USR1 USR2 PIPE ALRM TERM CHLD URG XCPU XFSZ VTALRM PROF WINCH IO PWR], sa_flags=SA_RESTORER|SA_ONSTACK|SA_SIGINFO, sa_restorer=0x7fa2904fc5b0}, NULL, 8) = 0
27419<grep> 22:19:15 rt_sigaction(SIGSEGV, {sa_handler=0x55d71c9324a0, sa_mask=[HUP INT QUIT USR1 USR2 PIPE ALRM TERM CHLD URG XCPU XFSZ VTALRM PROF WINCH IO PWR], sa_flags=SA_RESTORER|SA_ONSTACK|SA_SIGINFO, sa_restorer=0x7fa2904fc5b0}, NULL, 8) = 0
27419<grep> 22:19:15 openat(AT_FDCWD</home/catastor>, "/etc/GREP_COLORS", O_RDONLY|O_NOCTTY) = 3</etc/GREP_COLORS>
27419<grep> 22:19:15 fstat(3</etc/GREP_COLORS>, {st_mode=S_IFREG|0644, st_size=94, ...}) = 0
27419<grep> 22:19:15 read(3</etc/GREP_COLORS>, "# Configuration file for the col"..., 98304) = 94
27419<grep> 22:19:15 read(3</etc/GREP_COLORS>, "", 98304) = 0
27419<grep> 22:19:15 close(3</etc/GREP_COLORS>) = 0
27419<grep> 22:19:15 close(1</dev/pts/6<char 136:6>>) = 0
27419<grep> 22:19:15 close(2</dev/pts/6<char 136:6>>) = 0
27419<grep> 22:19:15 exit_group(1)      = ?
27419<grep> 22:19:15 +++ exited with 1 +++
27418<grepconf.sh> 22:19:15 <... wait4 resumed>, [{WIFEXITED(s) && WEXITSTATUS(s) == 1}], 0, NULL) = 27419
27418<grepconf.sh> 22:19:15 rt_sigaction(SIGINT, {sa_handler=SIG_DFL, sa_mask=[], sa_flags=SA_RESTORER, sa_restorer=0x7fb317d2d5b0}, {sa_handler=0x5563579ded80, sa_mask=[], sa_flags=SA_RESTORER, sa_restorer=0x7fb317d2d5b0}, 8) = 0
27418<grepconf.sh> 22:19:15 ioctl(2</dev/pts/6<char 136:6>>, TIOCGWINSZ, {ws_row=39, ws_col=212, ws_xpixel=0, ws_ypixel=0}) = 0
27418<grepconf.sh> 22:19:15 rt_sigprocmask(SIG_SETMASK, [], NULL, 8) = 0
27418<grepconf.sh> 22:19:15 --- SIGCHLD {si_signo=SIGCHLD, si_code=CLD_EXITED, si_pid=27419, si_uid=1000, si_status=1, si_utime=0, si_stime=0} ---
27418<grepconf.sh> 22:19:15 wait4(-1, 0x7fff2966ddd4, WNOHANG, NULL) = -1 ECHILD (No child processes)
27418<grepconf.sh> 22:19:15 rt_sigreturn({mask=[]}) = 0
27418<grepconf.sh> 22:19:15 read(255</usr/libexec/grepconf.sh>, "", 257) = 0
27418<grepconf.sh> 22:19:15 exit_group(0) = ?
27418<grepconf.sh> 22:19:15 +++ exited with 0 +++
27408<bash> 22:19:15 <... wait4 resumed>, [{WIFEXITED(s) && WEXITSTATUS(s) == 0}], 0, NULL) = 27418
27408<bash> 22:19:15 rt_sigaction(SIGINT, {sa_handler=0x55e6ca034cf0, sa_mask=[], sa_flags=SA_RESTORER, sa_restorer=0x7fa306ca35b0}, {sa_handler=0x55e6ca002d80, sa_mask=[], sa_flags=SA_RESTORER, sa_restorer=0x7fa306ca35b0}, 8) = 0
27408<bash> 22:19:15 ioctl(255</dev/pts/6<char 136:6>>, TCGETS2, {c_iflag=ICRNL|IXON|IUTF8, c_oflag=NL0|CR0|TAB0|BS0|VT0|FF0|OPOST|ONLCR, c_cflag=B38400|CS8|CREAD, c_lflag=ISIG|ICANON|ECHO|ECHOE|ECHOK|IEXTEN|ECHOCTL|ECHOKE, ...}) = 0
27408<bash> 22:19:15 ioctl(255</dev/pts/6<char 136:6>>, TIOCGWINSZ, {ws_row=39, ws_col=212, ws_xpixel=0, ws_ypixel=0}) = 0
27408<bash> 22:19:15 rt_sigprocmask(SIG_SETMASK, [], NULL, 8) = 0
27408<bash> 22:19:15 --- SIGCHLD {si_signo=SIGCHLD, si_code=CLD_EXITED, si_pid=27418, si_uid=1000, si_status=0, si_utime=0, si_stime=0} ---
27408<bash> 22:19:15 wait4(-1, 0x7ffee29a8dd4, WNOHANG, NULL) = -1 ECHILD (No child processes)
27408<bash> 22:19:15 rt_sigreturn({mask=[]}) = 0
27408<bash> 22:19:15 openat(AT_FDCWD</home/catastor>, "/dev/null", O_WRONLY|O_CREAT|O_TRUNC, 0666) = 3</dev/null<char 1:3>>
27408<bash> 22:19:15 fcntl(2</dev/pts/6<char 136:6>>, F_GETFD) = 0
27408<bash> 22:19:15 fcntl(2</dev/pts/6<char 136:6>>, F_DUPFD, 10) = 10</dev/pts/6<char 136:6>>
27408<bash> 22:19:15 fcntl(2</dev/pts/6<char 136:6>>, F_GETFD) = 0
27408<bash> 22:19:15 fcntl(10</dev/pts/6<char 136:6>>, F_SETFD, FD_CLOEXEC) = 0
27408<bash> 22:19:15 dup2(3</dev/null<char 1:3>>, 2</dev/pts/6<char 136:6>>) = 2</dev/null<char 1:3>>
27408<bash> 22:19:15 close(3</dev/null<char 1:3>>) = 0
27408<bash> 22:19:15 dup2(10</dev/pts/6<char 136:6>>, 2</dev/null<char 1:3>>) = 2</dev/pts/6<char 136:6>>
27408<bash> 22:19:15 fcntl(10</dev/pts/6<char 136:6>>, F_GETFD) = 0x1 (flags FD_CLOEXEC)
27408<bash> 22:19:15 close(10</dev/pts/6<char 136:6>>) = 0
27408<bash> 22:19:15 openat(AT_FDCWD</home/catastor>, "/dev/null", O_WRONLY|O_CREAT|O_TRUNC, 0666) = 3</dev/null<char 1:3>>
27408<bash> 22:19:15 fcntl(2</dev/pts/6<char 136:6>>, F_GETFD) = 0
27408<bash> 22:19:15 fcntl(2</dev/pts/6<char 136:6>>, F_DUPFD, 10) = 10</dev/pts/6<char 136:6>>
27408<bash> 22:19:15 fcntl(2</dev/pts/6<char 136:6>>, F_GETFD) = 0
27408<bash> 22:19:15 fcntl(10</dev/pts/6<char 136:6>>, F_SETFD, FD_CLOEXEC) = 0
27408<bash> 22:19:15 dup2(3</dev/null<char 1:3>>, 2</dev/pts/6<char 136:6>>) = 2</dev/null<char 1:3>>
27408<bash> 22:19:15 close(3</dev/null<char 1:3>>) = 0
27408<bash> 22:19:15 dup2(10</dev/pts/6<char 136:6>>, 2</dev/null<char 1:3>>) = 2</dev/pts/6<char 136:6>>
27408<bash> 22:19:15 fcntl(10</dev/pts/6<char 136:6>>, F_GETFD) = 0x1 (flags FD_CLOEXEC)
27408<bash> 22:19:15 close(10</dev/pts/6<char 136:6>>) = 0
27408<bash> 22:19:15 openat(AT_FDCWD</home/catastor>, "/dev/null", O_WRONLY|O_CREAT|O_TRUNC, 0666) = 3</dev/null<char 1:3>>
27408<bash> 22:19:15 fcntl(2</dev/pts/6<char 136:6>>, F_GETFD) = 0
27408<bash> 22:19:15 fcntl(2</dev/pts/6<char 136:6>>, F_DUPFD, 10) = 10</dev/pts/6<char 136:6>>
27408<bash> 22:19:15 fcntl(2</dev/pts/6<char 136:6>>, F_GETFD) = 0
27408<bash> 22:19:15 fcntl(10</dev/pts/6<char 136:6>>, F_SETFD, FD_CLOEXEC) = 0
27408<bash> 22:19:15 dup2(3</dev/null<char 1:3>>, 2</dev/pts/6<char 136:6>>) = 2</dev/null<char 1:3>>
27408<bash> 22:19:15 close(3</dev/null<char 1:3>>) = 0
27408<bash> 22:19:15 dup2(10</dev/pts/6<char 136:6>>, 2</dev/null<char 1:3>>) = 2</dev/pts/6<char 136:6>>
27408<bash> 22:19:15 fcntl(10</dev/pts/6<char 136:6>>, F_GETFD) = 0x1 (flags FD_CLOEXEC)
27408<bash> 22:19:15 close(10</dev/pts/6<char 136:6>>) = 0
27408<bash> 22:19:15 rt_sigprocmask(SIG_BLOCK, [CHLD], [], 8) = 0
27408<bash> 22:19:15 rt_sigprocmask(SIG_SETMASK, [], NULL, 8) = 0
27408<bash> 22:19:15 faccessat2(AT_FDCWD</home/catastor>, "/etc/profile.d/colorls.sh", R_OK, AT_EACCESS) = 0
27408<bash> 22:19:15 openat(AT_FDCWD</home/catastor>, "/etc/profile.d/colorls.sh", O_RDONLY) = 3</etc/profile.d/colorls.sh>
27408<bash> 22:19:15 fstat(3</etc/profile.d/colorls.sh>, {st_mode=S_IFREG|0644, st_size=1431, ...}) = 0
27408<bash> 22:19:15 read(3</etc/profile.d/colorls.sh>, "# color-ls initialization\n\n# Ski"..., 1431) = 1431
27408<bash> 22:19:15 close(3</etc/profile.d/colorls.sh>) = 0
27408<bash> 22:19:15 rt_sigprocmask(SIG_BLOCK, NULL, [], 8) = 0
27408<bash> 22:19:15 ioctl(0</dev/pts/6<char 136:6>>, TCGETS2, {c_iflag=ICRNL|IXON|IUTF8, c_oflag=NL0|CR0|TAB0|BS0|VT0|FF0|OPOST|ONLCR, c_cflag=B38400|CS8|CREAD, c_lflag=ISIG|ICANON|ECHO|ECHOE|ECHOK|IEXTEN|ECHOCTL|ECHOKE, ...}) = 0
27408<bash> 22:19:15 openat(AT_FDCWD</home/catastor>, "/dev/null", O_WRONLY|O_CREAT|O_TRUNC, 0666) = 3</dev/null<char 1:3>>
27408<bash> 22:19:15 fcntl(2</dev/pts/6<char 136:6>>, F_GETFD) = 0
27408<bash> 22:19:15 fcntl(2</dev/pts/6<char 136:6>>, F_DUPFD, 10) = 10</dev/pts/6<char 136:6>>
27408<bash> 22:19:15 fcntl(2</dev/pts/6<char 136:6>>, F_GETFD) = 0
27408<bash> 22:19:15 fcntl(10</dev/pts/6<char 136:6>>, F_SETFD, FD_CLOEXEC) = 0
27408<bash> 22:19:15 dup2(3</dev/null<char 1:3>>, 2</dev/pts/6<char 136:6>>) = 2</dev/null<char 1:3>>
27408<bash> 22:19:15 close(3</dev/null<char 1:3>>) = 0
27408<bash> 22:19:15 dup2(10</dev/pts/6<char 136:6>>, 2</dev/null<char 1:3>>) = 2</dev/pts/6<char 136:6>>
27408<bash> 22:19:15 fcntl(10</dev/pts/6<char 136:6>>, F_GETFD) = 0x1 (flags FD_CLOEXEC)
27408<bash> 22:19:15 close(10</dev/pts/6<char 136:6>>) = 0
27408<bash> 22:19:15 openat(AT_FDCWD</home/catastor>, "/dev/null", O_WRONLY|O_CREAT|O_TRUNC, 0666) = 3</dev/null<char 1:3>>
27408<bash> 22:19:15 fcntl(2</dev/pts/6<char 136:6>>, F_GETFD) = 0
27408<bash> 22:19:15 fcntl(2</dev/pts/6<char 136:6>>, F_DUPFD, 10) = 10</dev/pts/6<char 136:6>>
27408<bash> 22:19:15 fcntl(2</dev/pts/6<char 136:6>>, F_GETFD) = 0
27408<bash> 22:19:15 fcntl(10</dev/pts/6<char 136:6>>, F_SETFD, FD_CLOEXEC) = 0
27408<bash> 22:19:15 dup2(3</dev/null<char 1:3>>, 2</dev/pts/6<char 136:6>>) = 2</dev/null<char 1:3>>
27408<bash> 22:19:15 close(3</dev/null<char 1:3>>) = 0
27408<bash> 22:19:15 dup2(10</dev/pts/6<char 136:6>>, 2</dev/null<char 1:3>>) = 2</dev/pts/6<char 136:6>>
27408<bash> 22:19:15 fcntl(10</dev/pts/6<char 136:6>>, F_GETFD) = 0x1 (flags FD_CLOEXEC)
27408<bash> 22:19:15 close(10</dev/pts/6<char 136:6>>) = 0
27408<bash> 22:19:15 newfstatat(AT_FDCWD</home/catastor>, "/home/catastor/.dir_colors.xterm-256color", 0x7ffee29a8970, 0) = -1 ENOENT (No such file or directory)
27408<bash> 22:19:15 rt_sigprocmask(SIG_BLOCK, [CHLD], [], 8) = 0
27408<bash> 22:19:15 rt_sigprocmask(SIG_SETMASK, [], NULL, 8) = 0
27408<bash> 22:19:15 newfstatat(AT_FDCWD</home/catastor>, "/home/catastor/.dircolors.xterm-256color", 0x7ffee29a8970, 0) = -1 ENOENT (No such file or directory)
27408<bash> 22:19:15 rt_sigprocmask(SIG_BLOCK, [CHLD], [], 8) = 0
27408<bash> 22:19:15 rt_sigprocmask(SIG_SETMASK, [], NULL, 8) = 0
27408<bash> 22:19:15 newfstatat(AT_FDCWD</home/catastor>, "/home/catastor/.dir_colors", 0x7ffee29a8970, 0) = -1 ENOENT (No such file or directory)
27408<bash> 22:19:15 rt_sigprocmask(SIG_BLOCK, [CHLD], [], 8) = 0
27408<bash> 22:19:15 rt_sigprocmask(SIG_SETMASK, [], NULL, 8) = 0
27408<bash> 22:19:15 newfstatat(AT_FDCWD</home/catastor>, "/home/catastor/.dircolors", 0x7ffee29a8970, 0) = -1 ENOENT (No such file or directory)
27408<bash> 22:19:15 rt_sigprocmask(SIG_BLOCK, [CHLD], [], 8) = 0
27408<bash> 22:19:15 rt_sigprocmask(SIG_SETMASK, [], NULL, 8) = 0
27408<bash> 22:19:15 newfstatat(AT_FDCWD</home/catastor>, "/etc/DIR_COLORS.xterm-256color", 0x7ffee29a8c70, 0) = -1 ENOENT (No such file or directory)
27408<bash> 22:19:15 newfstatat(AT_FDCWD</home/catastor>, "/etc/DIR_COLORS", {st_mode=S_IFREG|0644, st_size=5977, ...}, 0) = 0
27408<bash> 22:19:15 pipe2([3<pipe:[146932]>, 4<pipe:[146932]>], 0) = 0
27408<bash> 22:19:15 rt_sigprocmask(SIG_BLOCK, [CHLD], [], 8) = 0
27408<bash> 22:19:15 rt_sigprocmask(SIG_SETMASK, [], NULL, 8) = 0
27408<bash> 22:19:15 rt_sigprocmask(SIG_BLOCK, NULL, [], 8) = 0
27408<bash> 22:19:15 rt_sigprocmask(SIG_BLOCK, [INT TERM CHLD], [], 8) = 0
27408<bash> 22:19:15 rt_sigaction(SIGTERM, {sa_handler=SIG_DFL, sa_mask=[], sa_flags=SA_RESTORER, sa_restorer=0x7fa306ca35b0}, {sa_handler=SIG_IGN, sa_mask=[], sa_flags=SA_RESTORER, sa_restorer=0x7fa306ca35b0}, 8) = 0
27408<bash> 22:19:15 rt_sigprocmask(SIG_BLOCK, ~[], [INT TERM CHLD], 8) = 0
27408<bash> 22:19:15 clone(child_stack=NULL, flags=CLONE_CHILD_CLEARTID|CLONE_CHILD_SETTID|SIGCHLD, child_tidptr=0x7fa306c86a10) = 27420<bash>
27420<bash> 22:19:15 set_robust_list(0x7fa306c86a20, 24 <unfinished ...>
27408<bash> 22:19:15 rt_sigprocmask(SIG_SETMASK, [INT TERM CHLD] <unfinished ...>
27420<bash> 22:19:15 <... set_robust_list resumed>) = 0
27408<bash> 22:19:15 <... rt_sigprocmask resumed>, NULL, 8) = 0
27420<bash> 22:19:15 rt_sigprocmask(SIG_SETMASK, [INT TERM CHLD] <unfinished ...>
27408<bash> 22:19:15 rt_sigaction(SIGTERM, {sa_handler=SIG_IGN, sa_mask=[], sa_flags=SA_RESTORER, sa_restorer=0x7fa306ca35b0} <unfinished ...>
27420<bash> 22:19:15 <... rt_sigprocmask resumed>, NULL, 8) = 0
27408<bash> 22:19:15 <... rt_sigaction resumed>, {sa_handler=SIG_DFL, sa_mask=[], sa_flags=SA_RESTORER, sa_restorer=0x7fa306ca35b0}, 8) = 0
27420<bash> 22:19:15 getpid( <unfinished ...>
27408<bash> 22:19:15 rt_sigprocmask(SIG_SETMASK, [] <unfinished ...>
27420<bash> 22:19:15 <... getpid resumed>) = 27420<bash>
27408<bash> 22:19:15 <... rt_sigprocmask resumed>, NULL, 8) = 0
27420<bash> 22:19:15 rt_sigprocmask(SIG_SETMASK, [] <unfinished ...>
27408<bash> 22:19:15 rt_sigaction(SIGCHLD, {sa_handler=0x55e6ca0068d0, sa_mask=[], sa_flags=SA_RESTORER|SA_RESTART, sa_restorer=0x7fa306ca35b0} <unfinished ...>
27420<bash> 22:19:15 <... rt_sigprocmask resumed>, NULL, 8) = 0
27408<bash> 22:19:15 <... rt_sigaction resumed>, {sa_handler=0x55e6ca0068d0, sa_mask=[], sa_flags=SA_RESTORER|SA_RESTART, sa_restorer=0x7fa306ca35b0}, 8) = 0
27420<bash> 22:19:15 rt_sigaction(SIGTSTP, {sa_handler=SIG_DFL, sa_mask=[], sa_flags=SA_RESTORER, sa_restorer=0x7fa306ca35b0} <unfinished ...>
27408<bash> 22:19:15 close(4<pipe:[146932]> <unfinished ...>
27420<bash> 22:19:15 <... rt_sigaction resumed>, {sa_handler=SIG_IGN, sa_mask=[], sa_flags=SA_RESTORER, sa_restorer=0x7fa306ca35b0}, 8) = 0
27408<bash> 22:19:15 <... close resumed>) = 0
27420<bash> 22:19:15 rt_sigaction(SIGTTIN, {sa_handler=SIG_DFL, sa_mask=[], sa_flags=SA_RESTORER, sa_restorer=0x7fa306ca35b0} <unfinished ...>
27408<bash> 22:19:15 rt_sigprocmask(SIG_BLOCK, [INT] <unfinished ...>
27420<bash> 22:19:15 <... rt_sigaction resumed>, {sa_handler=SIG_IGN, sa_mask=[], sa_flags=SA_RESTORER, sa_restorer=0x7fa306ca35b0}, 8) = 0
27408<bash> 22:19:15 <... rt_sigprocmask resumed>, [], 8) = 0
27420<bash> 22:19:15 rt_sigaction(SIGTTOU, {sa_handler=SIG_DFL, sa_mask=[], sa_flags=SA_RESTORER, sa_restorer=0x7fa306ca35b0}, {sa_handler=SIG_IGN, sa_mask=[], sa_flags=SA_RESTORER, sa_restorer=0x7fa306ca35b0}, 8) = 0
27408<bash> 22:19:15 read(3<pipe:[146932]> <unfinished ...>
27420<bash> 22:19:15 rt_sigaction(SIGINT, {sa_handler=SIG_DFL, sa_mask=[], sa_flags=SA_RESTORER, sa_restorer=0x7fa306ca35b0}, {sa_handler=0x55e6ca034cf0, sa_mask=[], sa_flags=SA_RESTORER, sa_restorer=0x7fa306ca35b0}, 8) = 0
27420<bash> 22:19:15 rt_sigaction(SIGQUIT, {sa_handler=SIG_DFL, sa_mask=[], sa_flags=SA_RESTORER, sa_restorer=0x7fa306ca35b0}, {sa_handler=SIG_IGN, sa_mask=[], sa_flags=SA_RESTORER, sa_restorer=0x7fa306ca35b0}, 8) = 0
27420<bash> 22:19:15 rt_sigaction(SIGTERM, {sa_handler=SIG_DFL, sa_mask=[], sa_flags=SA_RESTORER, sa_restorer=0x7fa306ca35b0}, {sa_handler=SIG_DFL, sa_mask=[], sa_flags=SA_RESTORER, sa_restorer=0x7fa306ca35b0}, 8) = 0
27420<bash> 22:19:15 rt_sigaction(SIGCHLD, {sa_handler=SIG_DFL, sa_mask=[], sa_flags=SA_RESTORER|SA_RESTART, sa_restorer=0x7fa306ca35b0}, {sa_handler=0x55e6ca0068d0, sa_mask=[], sa_flags=SA_RESTORER|SA_RESTART, sa_restorer=0x7fa306ca35b0}, 8) = 0
27420<bash> 22:19:15 rt_sigaction(SIGCHLD, {sa_handler=0x55e6ca0068d0, sa_mask=[], sa_flags=SA_RESTORER|SA_RESTART, sa_restorer=0x7fa306ca35b0}, {sa_handler=SIG_DFL, sa_mask=[], sa_flags=SA_RESTORER|SA_RESTART, sa_restorer=0x7fa306ca35b0}, 8) = 0
27420<bash> 22:19:15 rt_sigaction(SIGINT, {sa_handler=0x55e6ca0352c0, sa_mask=[], sa_flags=SA_RESTORER, sa_restorer=0x7fa306ca35b0}, {sa_handler=SIG_DFL, sa_mask=[], sa_flags=SA_RESTORER, sa_restorer=0x7fa306ca35b0}, 8) = 0
27420<bash> 22:19:15 dup2(4<pipe:[146932]>, 1</dev/pts/6<char 136:6>>) = 1<pipe:[146932]>
27420<bash> 22:19:15 close(4<pipe:[146932]>) = 0
27420<bash> 22:19:15 close(3<pipe:[146932]>) = 0
27420<bash> 22:19:15 rt_sigprocmask(SIG_BLOCK, NULL, [], 8) = 0
27420<bash> 22:19:15 rt_sigprocmask(SIG_BLOCK, NULL, [], 8) = 0
27420<bash> 22:19:15 rt_sigprocmask(SIG_BLOCK, [INT TERM CHLD], [], 8) = 0
27420<bash> 22:19:15 rt_sigaction(SIGTERM, {sa_handler=SIG_DFL, sa_mask=[], sa_flags=SA_RESTORER, sa_restorer=0x7fa306ca35b0}, {sa_handler=SIG_DFL, sa_mask=[], sa_flags=SA_RESTORER, sa_restorer=0x7fa306ca35b0}, 8) = 0
27420<bash> 22:19:15 rt_sigprocmask(SIG_BLOCK, ~[], [INT TERM CHLD], 8) = 0
27420<bash> 22:19:15 clone(child_stack=NULL, flags=CLONE_CHILD_CLEARTID|CLONE_CHILD_SETTID|SIGCHLD <unfinished ...>
27421<bash> 22:19:15 set_robust_list(0x7fa306c86a20, 24 <unfinished ...>
27420<bash> 22:19:15 <... clone resumed>, child_tidptr=0x7fa306c86a10) = 27421<bash>
27421<bash> 22:19:15 <... set_robust_list resumed>) = 0
27420<bash> 22:19:15 rt_sigprocmask(SIG_SETMASK, [INT TERM CHLD] <unfinished ...>
27421<bash> 22:19:15 rt_sigprocmask(SIG_SETMASK, [INT TERM CHLD] <unfinished ...>
27420<bash> 22:19:15 <... rt_sigprocmask resumed>, NULL, 8) = 0
27421<bash> 22:19:15 <... rt_sigprocmask resumed>, NULL, 8) = 0
27420<bash> 22:19:15 rt_sigaction(SIGTERM, {sa_handler=SIG_DFL, sa_mask=[], sa_flags=SA_RESTORER, sa_restorer=0x7fa306ca35b0} <unfinished ...>
27421<bash> 22:19:15 getpid( <unfinished ...>
27420<bash> 22:19:15 <... rt_sigaction resumed>, {sa_handler=SIG_DFL, sa_mask=[], sa_flags=SA_RESTORER, sa_restorer=0x7fa306ca35b0}, 8) = 0
27421<bash> 22:19:15 <... getpid resumed>) = 27421<bash>
27420<bash> 22:19:15 rt_sigprocmask(SIG_SETMASK, [] <unfinished ...>
27421<bash> 22:19:15 rt_sigprocmask(SIG_SETMASK, [] <unfinished ...>
27420<bash> 22:19:15 <... rt_sigprocmask resumed>, NULL, 8) = 0
27421<bash> 22:19:15 <... rt_sigprocmask resumed>, NULL, 8) = 0
27421<bash> 22:19:15 rt_sigaction(SIGTSTP, {sa_handler=SIG_DFL, sa_mask=[], sa_flags=SA_RESTORER, sa_restorer=0x7fa306ca35b0} <unfinished ...>
27420<bash> 22:19:15 rt_sigprocmask(SIG_BLOCK, [CHLD] <unfinished ...>
27421<bash> 22:19:15 <... rt_sigaction resumed>, {sa_handler=SIG_DFL, sa_mask=[], sa_flags=SA_RESTORER, sa_restorer=0x7fa306ca35b0}, 8) = 0
27420<bash> 22:19:15 <... rt_sigprocmask resumed>, [], 8) = 0
27421<bash> 22:19:15 rt_sigaction(SIGTTIN, {sa_handler=SIG_DFL, sa_mask=[], sa_flags=SA_RESTORER, sa_restorer=0x7fa306ca35b0}, {sa_handler=SIG_DFL, sa_mask=[], sa_flags=SA_RESTORER, sa_restorer=0x7fa306ca35b0}, 8) = 0
27420<bash> 22:19:15 rt_sigprocmask(SIG_SETMASK, [] <unfinished ...>
27421<bash> 22:19:15 rt_sigaction(SIGTTOU, {sa_handler=SIG_DFL, sa_mask=[], sa_flags=SA_RESTORER, sa_restorer=0x7fa306ca35b0} <unfinished ...>
27420<bash> 22:19:15 <... rt_sigprocmask resumed>, NULL, 8) = 0
27421<bash> 22:19:15 <... rt_sigaction resumed>, {sa_handler=SIG_DFL, sa_mask=[], sa_flags=SA_RESTORER, sa_restorer=0x7fa306ca35b0}, 8) = 0
27420<bash> 22:19:15 rt_sigprocmask(SIG_BLOCK, [CHLD] <unfinished ...>
27421<bash> 22:19:15 rt_sigaction(SIGHUP, {sa_handler=SIG_DFL, sa_mask=[], sa_flags=SA_RESTORER, sa_restorer=0x7fa306ca35b0} <unfinished ...>
27420<bash> 22:19:15 <... rt_sigprocmask resumed>, [], 8) = 0
27421<bash> 22:19:15 <... rt_sigaction resumed>, NULL, 8) = 0
27420<bash> 22:19:15 rt_sigaction(SIGINT, {sa_handler=0x55e6ca002d80, sa_mask=[], sa_flags=SA_RESTORER, sa_restorer=0x7fa306ca35b0} <unfinished ...>
27421<bash> 22:19:15 rt_sigaction(SIGILL, {sa_handler=SIG_DFL, sa_mask=[], sa_flags=SA_RESTORER, sa_restorer=0x7fa306ca35b0} <unfinished ...>
27420<bash> 22:19:15 <... rt_sigaction resumed>, {sa_handler=0x55e6ca0352c0, sa_mask=[], sa_flags=SA_RESTORER, sa_restorer=0x7fa306ca35b0}, 8) = 0
27421<bash> 22:19:15 <... rt_sigaction resumed>, NULL, 8) = 0
27420<bash> 22:19:15 wait4(-1 <unfinished ...>
27421<bash> 22:19:15 rt_sigaction(SIGTRAP, {sa_handler=SIG_DFL, sa_mask=[], sa_flags=SA_RESTORER, sa_restorer=0x7fa306ca35b0}, NULL, 8) = 0
27421<bash> 22:19:15 rt_sigprocmask(SIG_BLOCK, ~[], [], 8) = 0
27421<bash> 22:19:15 rt_sigaction(SIGABRT, {sa_handler=SIG_DFL, sa_mask=[], sa_flags=SA_RESTORER, sa_restorer=0x7fa306ca35b0}, NULL, 8) = 0
27421<bash> 22:19:15 rt_sigprocmask(SIG_SETMASK, [], NULL, 8) = 0
27421<bash> 22:19:15 rt_sigaction(SIGFPE, {sa_handler=SIG_DFL, sa_mask=[], sa_flags=SA_RESTORER, sa_restorer=0x7fa306ca35b0}, NULL, 8) = 0
27421<bash> 22:19:15 rt_sigaction(SIGBUS, {sa_handler=SIG_DFL, sa_mask=[], sa_flags=SA_RESTORER, sa_restorer=0x7fa306ca35b0}, NULL, 8) = 0
27421<bash> 22:19:15 rt_sigaction(SIGSEGV, {sa_handler=SIG_DFL, sa_mask=[], sa_flags=SA_RESTORER, sa_restorer=0x7fa306ca35b0}, NULL, 8) = 0
27421<bash> 22:19:15 rt_sigaction(SIGSYS, {sa_handler=SIG_DFL, sa_mask=[], sa_flags=SA_RESTORER, sa_restorer=0x7fa306ca35b0}, NULL, 8) = 0
27421<bash> 22:19:15 rt_sigaction(SIGPIPE, {sa_handler=SIG_DFL, sa_mask=[], sa_flags=SA_RESTORER, sa_restorer=0x7fa306ca35b0}, NULL, 8) = 0
27421<bash> 22:19:15 rt_sigaction(SIGALRM, {sa_handler=SIG_DFL, sa_mask=[], sa_flags=SA_RESTORER, sa_restorer=0x7fa306ca35b0}, NULL, 8) = 0
27421<bash> 22:19:15 rt_sigaction(SIGXCPU, {sa_handler=SIG_DFL, sa_mask=[], sa_flags=SA_RESTORER, sa_restorer=0x7fa306ca35b0}, NULL, 8) = 0
27421<bash> 22:19:15 rt_sigaction(SIGXFSZ, {sa_handler=SIG_DFL, sa_mask=[], sa_flags=SA_RESTORER, sa_restorer=0x7fa306ca35b0}, NULL, 8) = 0
27421<bash> 22:19:15 rt_sigaction(SIGVTALRM, {sa_handler=SIG_DFL, sa_mask=[], sa_flags=SA_RESTORER, sa_restorer=0x7fa306ca35b0}, NULL, 8) = 0
27421<bash> 22:19:15 rt_sigaction(SIGUSR1, {sa_handler=SIG_DFL, sa_mask=[], sa_flags=SA_RESTORER, sa_restorer=0x7fa306ca35b0}, NULL, 8) = 0
27421<bash> 22:19:15 rt_sigaction(SIGUSR2, {sa_handler=SIG_DFL, sa_mask=[], sa_flags=SA_RESTORER, sa_restorer=0x7fa306ca35b0}, NULL, 8) = 0
27421<bash> 22:19:15 rt_sigaction(SIGINT, {sa_handler=SIG_DFL, sa_mask=[], sa_flags=SA_RESTORER, sa_restorer=0x7fa306ca35b0}, {sa_handler=0x55e6ca0352c0, sa_mask=[], sa_flags=SA_RESTORER, sa_restorer=0x7fa306ca35b0}, 8) = 0
27421<bash> 22:19:15 rt_sigaction(SIGQUIT, {sa_handler=SIG_DFL, sa_mask=[], sa_flags=SA_RESTORER, sa_restorer=0x7fa306ca35b0}, {sa_handler=SIG_DFL, sa_mask=[], sa_flags=SA_RESTORER, sa_restorer=0x7fa306ca35b0}, 8) = 0
27421<bash> 22:19:15 rt_sigaction(SIGTERM, {sa_handler=SIG_DFL, sa_mask=[], sa_flags=SA_RESTORER, sa_restorer=0x7fa306ca35b0}, {sa_handler=SIG_DFL, sa_mask=[], sa_flags=SA_RESTORER, sa_restorer=0x7fa306ca35b0}, 8) = 0
27421<bash> 22:19:15 rt_sigaction(SIGCHLD, {sa_handler=SIG_DFL, sa_mask=[], sa_flags=SA_RESTORER|SA_RESTART, sa_restorer=0x7fa306ca35b0}, {sa_handler=0x55e6ca0068d0, sa_mask=[], sa_flags=SA_RESTORER|SA_RESTART, sa_restorer=0x7fa306ca35b0}, 8) = 0
27421<bash> 22:19:15 openat(AT_FDCWD</home/catastor>, "/dev/null", O_WRONLY|O_CREAT|O_TRUNC, 0666) = 3</dev/null<char 1:3>>
27421<bash> 22:19:15 dup2(3</dev/null<char 1:3>>, 2</dev/pts/6<char 136:6>>) = 2</dev/null<char 1:3>>
27421<bash> 22:19:15 close(3</dev/null<char 1:3>>) = 0
27421<bash> 22:19:15 execve("/usr/bin/dircolors", ["/usr/bin/dircolors", "--sh", "/etc/DIR_COLORS"], 0x55e6cc4b9600 /* 26 vars */) = 0
27421<dircolors> 22:19:15 brk(NULL)     = 0x5591012fb000
27421<dircolors> 22:19:15 access("/etc/ld.so.preload", R_OK) = -1 ENOENT (No such file or directory)
27421<dircolors> 22:19:15 openat(AT_FDCWD</home/catastor>, "/etc/ld.so.cache", O_RDONLY|O_CLOEXEC) = 3</etc/ld.so.cache>
27421<dircolors> 22:19:15 fstat(3</etc/ld.so.cache>, {st_mode=S_IFREG|0644, st_size=74499, ...}) = 0
27421<dircolors> 22:19:15 mmap(NULL, 74499, PROT_READ, MAP_PRIVATE, 3</etc/ld.so.cache>, 0) = 0x7fb75fc50000
27421<dircolors> 22:19:15 close(3</etc/ld.so.cache>) = 0
27421<dircolors> 22:19:15 openat(AT_FDCWD</home/catastor>, "/lib64/libc.so.6", O_RDONLY|O_CLOEXEC) = 3</usr/lib64/libc.so.6>
27421<dircolors> 22:19:15 read(3</usr/lib64/libc.so.6>, "\177ELF\2\1\1\3\0\0\0\0\0\0\0\0\3\0>\0\1\0\0\0\2408\0\0\0\0\0\0"..., 832) = 832
27421<dircolors> 22:19:15 pread64(3</usr/lib64/libc.so.6>, "\6\0\0\0\4\0\0\0@\0\0\0\0\0\0\0@\0\0\0\0\0\0\0@\0\0\0\0\0\0\0"..., 784, 64) = 784
27421<dircolors> 22:19:15 fstat(3</usr/lib64/libc.so.6>, {st_mode=S_IFREG|0755, st_size=2490288, ...}) = 0
27421<dircolors> 22:19:15 mmap(NULL, 8192, PROT_READ|PROT_WRITE, MAP_PRIVATE|MAP_ANONYMOUS, -1, 0) = 0x7fb75fc4e000
27421<dircolors> 22:19:15 pread64(3</usr/lib64/libc.so.6>, "\6\0\0\0\4\0\0\0@\0\0\0\0\0\0\0@\0\0\0\0\0\0\0@\0\0\0\0\0\0\0"..., 784, 64) = 784
27421<dircolors> 22:19:15 mmap(NULL, 2075504, PROT_READ|PROT_EXEC, MAP_PRIVATE|MAP_DENYWRITE, 3</usr/lib64/libc.so.6>, 0) = 0x7fb75fa53000
27421<dircolors> 22:19:15 mmap(0x7fb75fbc7000, 495616, PROT_READ, MAP_PRIVATE|MAP_FIXED|MAP_DENYWRITE, 3</usr/lib64/libc.so.6>, 0x174000) = 0x7fb75fbc7000
27421<dircolors> 22:19:15 mmap(0x7fb75fc40000, 24576, PROT_READ|PROT_WRITE, MAP_PRIVATE|MAP_FIXED|MAP_DENYWRITE, 3</usr/lib64/libc.so.6>, 0x1ed000) = 0x7fb75fc40000
27421<dircolors> 22:19:15 mmap(0x7fb75fc46000, 31600, PROT_READ|PROT_WRITE, MAP_PRIVATE|MAP_FIXED|MAP_ANONYMOUS, -1, 0) = 0x7fb75fc46000
27421<dircolors> 22:19:15 close(3</usr/lib64/libc.so.6>) = 0
27421<dircolors> 22:19:15 mmap(NULL, 12288, PROT_READ|PROT_WRITE, MAP_PRIVATE|MAP_ANONYMOUS, -1, 0) = 0x7fb75fa50000
27421<dircolors> 22:19:15 arch_prctl(ARCH_SET_FS, 0x7fb75fa50740) = 0
27421<dircolors> 22:19:15 set_tid_address(0x7fb75fa50d68) = 27421<dircolors>
27421<dircolors> 22:19:15 set_robust_list(0x7fb75fa50a20, 24) = 0
27421<dircolors> 22:19:15 rseq({cpu_id_start=0, cpu_id=RSEQ_CPU_ID_UNINITIALIZED, rseq_cs=NULL, flags=0, node_id=0, mm_cid=0, slice_ctrl={request=0, granted=0, __reserved=0}, __reserved=0}, 32, 0, 0x53053053) = 0
27421<dircolors> 22:19:15 mprotect(0x7fb75fc40000, 16384, PROT_READ) = 0
27421<dircolors> 22:19:15 mprotect(0x5590e6b86000, 4096, PROT_READ) = 0
27421<dircolors> 22:19:15 mprotect(0x7fb75fca1000, 8192, PROT_READ) = 0
27421<dircolors> 22:19:15 prlimit64(0, RLIMIT_STACK, NULL, {rlim_cur=8192*1024, rlim_max=RLIM64_INFINITY}) = 0
27421<dircolors> 22:19:15 getrandom("\x86\x4f\x04\x96\x0b\x43\x21\xf0", 8, GRND_NONBLOCK) = 8
27421<dircolors> 22:19:15 munmap(0x7fb75fc50000, 74499) = 0
27421<dircolors> 22:19:15 brk(NULL)     = 0x5591012fb000
27421<dircolors> 22:19:15 brk(0x55910131c000) = 0x55910131c000
27421<dircolors> 22:19:15 openat(AT_FDCWD</home/catastor>, "/etc/DIR_COLORS", O_RDONLY) = 3</etc/DIR_COLORS>
27421<dircolors> 22:19:15 dup3(3</etc/DIR_COLORS>, 0</dev/pts/6<char 136:6>>, 0) = 0</etc/DIR_COLORS>
27421<dircolors> 22:19:15 close(3</etc/DIR_COLORS>) = 0
27421<dircolors> 22:19:15 fstat(0</etc/DIR_COLORS>, {st_mode=S_IFREG|0644, st_size=5977, ...}) = 0
27421<dircolors> 22:19:15 read(0</etc/DIR_COLORS>, "# This file goes in the /etc dir"..., 4096) = 4096
27421<dircolors> 22:19:15 read(0</etc/DIR_COLORS>, "apk 01;31\n.arc 01;31\n.arj 01;31\n"..., 4096) = 1881
27421<dircolors> 22:19:15 read(0</etc/DIR_COLORS>, "", 4096) = 0
27421<dircolors> 22:19:15 close(0</etc/DIR_COLORS>) = 0
27421<dircolors> 22:19:15 fstat(1<pipe:[146932]>, {st_mode=S_IFIFO|0600, st_size=0, ...}) = 0
27421<dircolors> 22:19:15 write(1<pipe:[146932]>, "LS_COLORS='rs=0:di=01;34:ln=01;3"..., 1943) = 1943
27408<bash> 22:19:15 <... read resumed>, "LS_COLORS='rs=0:di=01;34:ln=01;3"..., 4096) = 1943
27421<dircolors> 22:19:15 close(1<pipe:[146932]>) = 0
27408<bash> 22:19:15 read(3<pipe:[146932]> <unfinished ...>
27421<dircolors> 22:19:15 close(2</dev/null<char 1:3>>) = 0
27421<dircolors> 22:19:15 exit_group(0) = ?
27421<dircolors> 22:19:15 +++ exited with 0 +++
27420<bash> 22:19:15 <... wait4 resumed>, [{WIFEXITED(s) && WEXITSTATUS(s) == 0}], 0, NULL) = 27421
27420<bash> 22:19:15 rt_sigaction(SIGINT, {sa_handler=0x55e6ca0352c0, sa_mask=[], sa_flags=SA_RESTORER, sa_restorer=0x7fa306ca35b0}, {sa_handler=0x55e6ca002d80, sa_mask=[], sa_flags=SA_RESTORER, sa_restorer=0x7fa306ca35b0}, 8) = 0
27420<bash> 22:19:15 rt_sigprocmask(SIG_SETMASK, [], NULL, 8) = 0
27420<bash> 22:19:15 --- SIGCHLD {si_signo=SIGCHLD, si_code=CLD_EXITED, si_pid=27421, si_uid=1000, si_status=0, si_utime=0, si_stime=0} ---
27420<bash> 22:19:15 wait4(-1, 0x7ffee29a8194, WNOHANG, NULL) = -1 ECHILD (No child processes)
27420<bash> 22:19:15 rt_sigreturn({mask=[]}) = 0
27420<bash> 22:19:15 exit_group(0)      = ?
27420<bash> 22:19:15 +++ exited with 0 +++
27408<bash> 22:19:15 <... read resumed>, "", 4096) = 0
27408<bash> 22:19:15 --- SIGCHLD {si_signo=SIGCHLD, si_code=CLD_EXITED, si_pid=27420<bash>, si_uid=1000, si_status=0, si_utime=0, si_stime=0} ---
27408<bash> 22:19:15 wait4(-1, [{WIFEXITED(s) && WEXITSTATUS(s) == 0}], WNOHANG, NULL) = 27420
27408<bash> 22:19:15 wait4(-1, 0x7ffee29a7554, WNOHANG, NULL) = -1 ECHILD (No child processes)
27408<bash> 22:19:15 rt_sigreturn({mask=[INT]}) = 0
27408<bash> 22:19:15 close(3<pipe:[146932]>) = 0
27408<bash> 22:19:15 rt_sigprocmask(SIG_SETMASK, [], NULL, 8) = 0
27408<bash> 22:19:15 rt_sigprocmask(SIG_BLOCK, [CHLD], [], 8) = 0
27408<bash> 22:19:15 rt_sigaction(SIGINT, {sa_handler=0x55e6ca002d80, sa_mask=[], sa_flags=SA_RESTORER, sa_restorer=0x7fa306ca35b0}, {sa_handler=0x55e6ca034cf0, sa_mask=[], sa_flags=SA_RESTORER, sa_restorer=0x7fa306ca35b0}, 8) = 0
27408<bash> 22:19:15 rt_sigaction(SIGINT, {sa_handler=0x55e6ca034cf0, sa_mask=[], sa_flags=SA_RESTORER, sa_restorer=0x7fa306ca35b0}, {sa_handler=0x55e6ca002d80, sa_mask=[], sa_flags=SA_RESTORER, sa_restorer=0x7fa306ca35b0}, 8) = 0
27408<bash> 22:19:15 rt_sigprocmask(SIG_SETMASK, [], NULL, 8) = 0
27408<bash> 22:19:15 rt_sigprocmask(SIG_BLOCK, [CHLD], [], 8) = 0
27408<bash> 22:19:15 rt_sigprocmask(SIG_SETMASK, [], NULL, 8) = 0
27408<bash> 22:19:15 rt_sigprocmask(SIG_BLOCK, NULL, [], 8) = 0
27408<bash> 22:19:15 rt_sigprocmask(SIG_BLOCK, NULL, [], 8) = 0
27408<bash> 22:19:15 rt_sigprocmask(SIG_BLOCK, [INT TERM CHLD], [], 8) = 0
27408<bash> 22:19:15 rt_sigaction(SIGTERM, {sa_handler=SIG_DFL, sa_mask=[], sa_flags=SA_RESTORER, sa_restorer=0x7fa306ca35b0}, {sa_handler=SIG_IGN, sa_mask=[], sa_flags=SA_RESTORER, sa_restorer=0x7fa306ca35b0}, 8) = 0
27408<bash> 22:19:15 rt_sigprocmask(SIG_BLOCK, ~[], [INT TERM CHLD], 8) = 0
27408<bash> 22:19:15 clone(child_stack=NULL, flags=CLONE_CHILD_CLEARTID|CLONE_CHILD_SETTID|SIGCHLD, child_tidptr=0x7fa306c86a10) = 27422<bash>
27422<bash> 22:19:15 set_robust_list(0x7fa306c86a20, 24) = 0
27408<bash> 22:19:15 rt_sigprocmask(SIG_SETMASK, [INT TERM CHLD] <unfinished ...>
27422<bash> 22:19:15 rt_sigprocmask(SIG_SETMASK, [INT TERM CHLD] <unfinished ...>
27408<bash> 22:19:15 <... rt_sigprocmask resumed>, NULL, 8) = 0
27422<bash> 22:19:15 <... rt_sigprocmask resumed>, NULL, 8) = 0
27408<bash> 22:19:15 rt_sigaction(SIGTERM, {sa_handler=SIG_IGN, sa_mask=[], sa_flags=SA_RESTORER, sa_restorer=0x7fa306ca35b0} <unfinished ...>
27422<bash> 22:19:15 getpid( <unfinished ...>
27408<bash> 22:19:15 <... rt_sigaction resumed>, {sa_handler=SIG_DFL, sa_mask=[], sa_flags=SA_RESTORER, sa_restorer=0x7fa306ca35b0}, 8) = 0
27422<bash> 22:19:15 <... getpid resumed>) = 27422<bash>
27408<bash> 22:19:15 rt_sigprocmask(SIG_SETMASK, [] <unfinished ...>
27422<bash> 22:19:15 rt_sigprocmask(SIG_SETMASK, [] <unfinished ...>
27408<bash> 22:19:15 <... rt_sigprocmask resumed>, NULL, 8) = 0
27422<bash> 22:19:15 <... rt_sigprocmask resumed>, NULL, 8) = 0
27422<bash> 22:19:15 rt_sigaction(SIGTSTP, {sa_handler=SIG_DFL, sa_mask=[], sa_flags=SA_RESTORER, sa_restorer=0x7fa306ca35b0} <unfinished ...>
27408<bash> 22:19:15 rt_sigprocmask(SIG_BLOCK, [CHLD] <unfinished ...>
27422<bash> 22:19:15 <... rt_sigaction resumed>, {sa_handler=SIG_IGN, sa_mask=[], sa_flags=SA_RESTORER, sa_restorer=0x7fa306ca35b0}, 8) = 0
27408<bash> 22:19:15 <... rt_sigprocmask resumed>, [], 8) = 0
27422<bash> 22:19:15 rt_sigaction(SIGTTIN, {sa_handler=SIG_DFL, sa_mask=[], sa_flags=SA_RESTORER, sa_restorer=0x7fa306ca35b0}, {sa_handler=SIG_IGN, sa_mask=[], sa_flags=SA_RESTORER, sa_restorer=0x7fa306ca35b0}, 8) = 0
27408<bash> 22:19:15 rt_sigprocmask(SIG_SETMASK, [] <unfinished ...>
27422<bash> 22:19:15 rt_sigaction(SIGTTOU, {sa_handler=SIG_DFL, sa_mask=[], sa_flags=SA_RESTORER, sa_restorer=0x7fa306ca35b0} <unfinished ...>
27408<bash> 22:19:15 <... rt_sigprocmask resumed>, NULL, 8) = 0
27422<bash> 22:19:15 <... rt_sigaction resumed>, {sa_handler=SIG_IGN, sa_mask=[], sa_flags=SA_RESTORER, sa_restorer=0x7fa306ca35b0}, 8) = 0
27408<bash> 22:19:15 rt_sigprocmask(SIG_BLOCK, [CHLD] <unfinished ...>
27422<bash> 22:19:15 rt_sigaction(SIGHUP, {sa_handler=SIG_DFL, sa_mask=[], sa_flags=SA_RESTORER, sa_restorer=0x7fa306ca35b0} <unfinished ...>
27408<bash> 22:19:15 <... rt_sigprocmask resumed>, [], 8) = 0
27422<bash> 22:19:15 <... rt_sigaction resumed>, NULL, 8) = 0
27422<bash> 22:19:15 rt_sigaction(SIGILL, {sa_handler=SIG_DFL, sa_mask=[], sa_flags=SA_RESTORER, sa_restorer=0x7fa306ca35b0} <unfinished ...>
27408<bash> 22:19:15 rt_sigaction(SIGINT, {sa_handler=0x55e6ca002d80, sa_mask=[], sa_flags=SA_RESTORER, sa_restorer=0x7fa306ca35b0} <unfinished ...>
27422<bash> 22:19:15 <... rt_sigaction resumed>, NULL, 8) = 0
27408<bash> 22:19:15 <... rt_sigaction resumed>, {sa_handler=0x55e6ca034cf0, sa_mask=[], sa_flags=SA_RESTORER, sa_restorer=0x7fa306ca35b0}, 8) = 0
27422<bash> 22:19:15 rt_sigaction(SIGTRAP, {sa_handler=SIG_DFL, sa_mask=[], sa_flags=SA_RESTORER, sa_restorer=0x7fa306ca35b0} <unfinished ...>
27408<bash> 22:19:15 wait4(-1 <unfinished ...>
27422<bash> 22:19:15 <... rt_sigaction resumed>, NULL, 8) = 0
27422<bash> 22:19:15 rt_sigprocmask(SIG_BLOCK, ~[], [], 8) = 0
27422<bash> 22:19:15 rt_sigaction(SIGABRT, {sa_handler=SIG_DFL, sa_mask=[], sa_flags=SA_RESTORER, sa_restorer=0x7fa306ca35b0}, NULL, 8) = 0
27422<bash> 22:19:15 rt_sigprocmask(SIG_SETMASK, [], NULL, 8) = 0
27422<bash> 22:19:15 rt_sigaction(SIGFPE, {sa_handler=SIG_DFL, sa_mask=[], sa_flags=SA_RESTORER, sa_restorer=0x7fa306ca35b0}, NULL, 8) = 0
27422<bash> 22:19:15 rt_sigaction(SIGBUS, {sa_handler=SIG_DFL, sa_mask=[], sa_flags=SA_RESTORER, sa_restorer=0x7fa306ca35b0}, NULL, 8) = 0
27422<bash> 22:19:15 rt_sigaction(SIGSEGV, {sa_handler=SIG_DFL, sa_mask=[], sa_flags=SA_RESTORER, sa_restorer=0x7fa306ca35b0}, NULL, 8) = 0
27422<bash> 22:19:15 rt_sigaction(SIGSYS, {sa_handler=SIG_DFL, sa_mask=[], sa_flags=SA_RESTORER, sa_restorer=0x7fa306ca35b0}, NULL, 8) = 0
27422<bash> 22:19:15 rt_sigaction(SIGPIPE, {sa_handler=SIG_DFL, sa_mask=[], sa_flags=SA_RESTORER, sa_restorer=0x7fa306ca35b0}, NULL, 8) = 0
27422<bash> 22:19:15 rt_sigaction(SIGALRM, {sa_handler=SIG_DFL, sa_mask=[], sa_flags=SA_RESTORER, sa_restorer=0x7fa306ca35b0}, NULL, 8) = 0
27422<bash> 22:19:15 rt_sigaction(SIGXCPU, {sa_handler=SIG_DFL, sa_mask=[], sa_flags=SA_RESTORER, sa_restorer=0x7fa306ca35b0}, NULL, 8) = 0
27422<bash> 22:19:15 rt_sigaction(SIGXFSZ, {sa_handler=SIG_DFL, sa_mask=[], sa_flags=SA_RESTORER, sa_restorer=0x7fa306ca35b0}, NULL, 8) = 0
27422<bash> 22:19:15 rt_sigaction(SIGVTALRM, {sa_handler=SIG_DFL, sa_mask=[], sa_flags=SA_RESTORER, sa_restorer=0x7fa306ca35b0}, NULL, 8) = 0
27422<bash> 22:19:15 rt_sigaction(SIGUSR1, {sa_handler=SIG_DFL, sa_mask=[], sa_flags=SA_RESTORER, sa_restorer=0x7fa306ca35b0}, NULL, 8) = 0
27422<bash> 22:19:15 rt_sigaction(SIGUSR2, {sa_handler=SIG_DFL, sa_mask=[], sa_flags=SA_RESTORER, sa_restorer=0x7fa306ca35b0}, NULL, 8) = 0
27422<bash> 22:19:15 rt_sigaction(SIGINT, {sa_handler=SIG_DFL, sa_mask=[], sa_flags=SA_RESTORER, sa_restorer=0x7fa306ca35b0}, {sa_handler=0x55e6ca034cf0, sa_mask=[], sa_flags=SA_RESTORER, sa_restorer=0x7fa306ca35b0}, 8) = 0
27422<bash> 22:19:15 rt_sigaction(SIGQUIT, {sa_handler=SIG_DFL, sa_mask=[], sa_flags=SA_RESTORER, sa_restorer=0x7fa306ca35b0}, {sa_handler=SIG_IGN, sa_mask=[], sa_flags=SA_RESTORER, sa_restorer=0x7fa306ca35b0}, 8) = 0
27422<bash> 22:19:15 rt_sigaction(SIGTERM, {sa_handler=SIG_DFL, sa_mask=[], sa_flags=SA_RESTORER, sa_restorer=0x7fa306ca35b0}, {sa_handler=SIG_DFL, sa_mask=[], sa_flags=SA_RESTORER, sa_restorer=0x7fa306ca35b0}, 8) = 0
27422<bash> 22:19:15 rt_sigaction(SIGCHLD, {sa_handler=SIG_DFL, sa_mask=[], sa_flags=SA_RESTORER|SA_RESTART, sa_restorer=0x7fa306ca35b0}, {sa_handler=0x55e6ca0068d0, sa_mask=[], sa_flags=SA_RESTORER|SA_RESTART, sa_restorer=0x7fa306ca35b0}, 8) = 0
27422<bash> 22:19:15 openat(AT_FDCWD</home/catastor>, "/dev/null", O_WRONLY|O_CREAT|O_TRUNC, 0666) = 3</dev/null<char 1:3>>
27422<bash> 22:19:15 dup2(3</dev/null<char 1:3>>, 1</dev/pts/6<char 136:6>>) = 1</dev/null<char 1:3>>
27422<bash> 22:19:15 close(3</dev/null<char 1:3>>) = 0
27422<bash> 22:19:15 openat(AT_FDCWD</home/catastor>, "/dev/null", O_WRONLY|O_CREAT|O_TRUNC, 0666) = 3</dev/null<char 1:3>>
27422<bash> 22:19:15 dup2(3</dev/null<char 1:3>>, 2</dev/pts/6<char 136:6>>) = 2</dev/null<char 1:3>>
27422<bash> 22:19:15 close(3</dev/null<char 1:3>>) = 0
27422<bash> 22:19:15 execve("/usr/bin/grep", ["/usr/bin/grep", "-qi", "^COLOR.*none", "/etc/DIR_COLORS"], 0x55e6cc5a87c0 /* 27 vars */) = 0
27422<grep> 22:19:15 brk(NULL)          = 0x560ad58c1000
27422<grep> 22:19:15 access("/etc/ld.so.preload", R_OK) = -1 ENOENT (No such file or directory)
27422<grep> 22:19:15 openat(AT_FDCWD</home/catastor>, "/etc/ld.so.cache", O_RDONLY|O_CLOEXEC) = 3</etc/ld.so.cache>
27422<grep> 22:19:15 fstat(3</etc/ld.so.cache>, {st_mode=S_IFREG|0644, st_size=74499, ...}) = 0
27422<grep> 22:19:15 mmap(NULL, 74499, PROT_READ, MAP_PRIVATE, 3</etc/ld.so.cache>, 0) = 0x7f4735c3a000
27422<grep> 22:19:15 close(3</etc/ld.so.cache>) = 0
27422<grep> 22:19:15 openat(AT_FDCWD</home/catastor>, "/lib64/libpcre2-8.so.0", O_RDONLY|O_CLOEXEC) = 3</usr/lib64/libpcre2-8.so.0.15.0>
27422<grep> 22:19:15 read(3</usr/lib64/libpcre2-8.so.0.15.0>, "\177ELF\2\1\1\0\0\0\0\0\0\0\0\0\3\0>\0\1\0\0\0\0\0\0\0\0\0\0\0"..., 832) = 832
27422<grep> 22:19:15 fstat(3</usr/lib64/libpcre2-8.so.0.15.0>, {st_mode=S_IFREG|0755, st_size=724280, ...}) = 0
27422<grep> 22:19:15 mmap(NULL, 8192, PROT_READ|PROT_WRITE, MAP_PRIVATE|MAP_ANONYMOUS, -1, 0) = 0x7f4735c38000
27422<grep> 22:19:15 mmap(NULL, 721368, PROT_READ|PROT_EXEC, MAP_PRIVATE|MAP_DENYWRITE, 3</usr/lib64/libpcre2-8.so.0.15.0>, 0) = 0x7f4735b87000
27422<grep> 22:19:15 mmap(0x7f4735c08000, 188416, PROT_READ, MAP_PRIVATE|MAP_FIXED|MAP_DENYWRITE, 3</usr/lib64/libpcre2-8.so.0.15.0>, 0x81000) = 0x7f4735c08000
27422<grep> 22:19:15 mmap(0x7f4735c36000, 8192, PROT_READ|PROT_WRITE, MAP_PRIVATE|MAP_FIXED|MAP_DENYWRITE, 3</usr/lib64/libpcre2-8.so.0.15.0>, 0xae000) = 0x7f4735c36000
27422<grep> 22:19:15 close(3</usr/lib64/libpcre2-8.so.0.15.0>) = 0
27422<grep> 22:19:15 openat(AT_FDCWD</home/catastor>, "/lib64/libc.so.6", O_RDONLY|O_CLOEXEC) = 3</usr/lib64/libc.so.6>
27422<grep> 22:19:15 read(3</usr/lib64/libc.so.6>, "\177ELF\2\1\1\3\0\0\0\0\0\0\0\0\3\0>\0\1\0\0\0\2408\0\0\0\0\0\0"..., 832) = 832
27422<grep> 22:19:15 pread64(3</usr/lib64/libc.so.6>, "\6\0\0\0\4\0\0\0@\0\0\0\0\0\0\0@\0\0\0\0\0\0\0@\0\0\0\0\0\0\0"..., 784, 64) = 784
27422<grep> 22:19:15 fstat(3</usr/lib64/libc.so.6>, {st_mode=S_IFREG|0755, st_size=2490288, ...}) = 0
27422<grep> 22:19:15 pread64(3</usr/lib64/libc.so.6>, "\6\0\0\0\4\0\0\0@\0\0\0\0\0\0\0@\0\0\0\0\0\0\0@\0\0\0\0\0\0\0"..., 784, 64) = 784
27422<grep> 22:19:15 mmap(NULL, 2075504, PROT_READ|PROT_EXEC, MAP_PRIVATE|MAP_DENYWRITE, 3</usr/lib64/libc.so.6>, 0) = 0x7f473598c000
27422<grep> 22:19:15 mmap(0x7f4735b00000, 495616, PROT_READ, MAP_PRIVATE|MAP_FIXED|MAP_DENYWRITE, 3</usr/lib64/libc.so.6>, 0x174000) = 0x7f4735b00000
27422<grep> 22:19:15 mmap(0x7f4735b79000, 24576, PROT_READ|PROT_WRITE, MAP_PRIVATE|MAP_FIXED|MAP_DENYWRITE, 3</usr/lib64/libc.so.6>, 0x1ed000) = 0x7f4735b79000
27422<grep> 22:19:15 mmap(0x7f4735b7f000, 31600, PROT_READ|PROT_WRITE, MAP_PRIVATE|MAP_FIXED|MAP_ANONYMOUS, -1, 0) = 0x7f4735b7f000
27422<grep> 22:19:15 close(3</usr/lib64/libc.so.6>) = 0
27422<grep> 22:19:15 mmap(NULL, 12288, PROT_READ|PROT_WRITE, MAP_PRIVATE|MAP_ANONYMOUS, -1, 0) = 0x7f4735989000
27422<grep> 22:19:15 arch_prctl(ARCH_SET_FS, 0x7f4735989740) = 0
27422<grep> 22:19:15 set_tid_address(0x7f4735989d68) = 27422<grep>
27422<grep> 22:19:15 set_robust_list(0x7f4735989a20, 24) = 0
27422<grep> 22:19:15 rseq({cpu_id_start=0, cpu_id=RSEQ_CPU_ID_UNINITIALIZED, rseq_cs=NULL, flags=0, node_id=0, mm_cid=0, slice_ctrl={request=0, granted=0, __reserved=0}, __reserved=0}, 32, 0, 0x53053053) = 0
27422<grep> 22:19:15 mprotect(0x7f4735b79000, 16384, PROT_READ) = 0
27422<grep> 22:19:15 mprotect(0x7f4735c36000, 4096, PROT_READ) = 0
27422<grep> 22:19:15 mprotect(0x560aaf7f8000, 8192, PROT_READ) = 0
27422<grep> 22:19:15 mprotect(0x7f4735c8b000, 8192, PROT_READ) = 0
27422<grep> 22:19:15 prlimit64(0, RLIMIT_STACK, NULL, {rlim_cur=8192*1024, rlim_max=RLIM64_INFINITY}) = 0
27422<grep> 22:19:15 getrandom("\xc3\x86\x1f\x35\xa8\x1a\xfd\x5f", 8, GRND_NONBLOCK) = 8
27422<grep> 22:19:15 munmap(0x7f4735c3a000, 74499) = 0
27422<grep> 22:19:15 brk(NULL)          = 0x560ad58c1000
27422<grep> 22:19:15 brk(0x560ad58e2000) = 0x560ad58e2000
27422<grep> 22:19:15 openat(AT_FDCWD</home/catastor>, "/proc/self/maps", O_RDONLY) = 3</proc/27422/maps>
27422<grep> 22:19:15 mmap(NULL, 8192, PROT_READ|PROT_WRITE, MAP_PRIVATE|MAP_ANONYMOUS, -1, 0) = 0x7f4735c4b000
27422<grep> 22:19:15 lseek(3</proc/27422/maps>, 0, SEEK_SET) = 0
27422<grep> 22:19:15 read(3</proc/27422/maps>, "560aaf7d2000-560aaf7f0000 r-xp 0"..., 8192) = 2350
27422<grep> 22:19:15 read(3</proc/27422/maps>, "", 5842) = 0
27422<grep> 22:19:15 close(3</proc/27422/maps>) = 0
27422<grep> 22:19:15 munmap(0x7f4735c4b000, 8192) = 0
27422<grep> 22:19:15 sigaltstack({ss_sp=0x560aaf7fa1c0, ss_flags=0, ss_size=65536}, NULL) = 0
27422<grep> 22:19:15 rt_sigaction(SIGSEGV, {sa_handler=0x560aaf7e44a0, sa_mask=[HUP INT QUIT USR1 USR2 PIPE ALRM TERM CHLD URG XCPU XFSZ VTALRM PROF WINCH IO PWR], sa_flags=SA_RESTORER|SA_ONSTACK|SA_SIGINFO, sa_restorer=0x7f47359a65b0}, NULL, 8) = 0
27422<grep> 22:19:15 rt_sigaction(SIGSEGV, {sa_handler=0x560aaf7e44a0, sa_mask=[HUP INT QUIT USR1 USR2 PIPE ALRM TERM CHLD URG XCPU XFSZ VTALRM PROF WINCH IO PWR], sa_flags=SA_RESTORER|SA_ONSTACK|SA_SIGINFO, sa_restorer=0x7f47359a65b0}, NULL, 8) = 0
27422<grep> 22:19:15 openat(AT_FDCWD</home/catastor>, "/etc/DIR_COLORS", O_RDONLY|O_NOCTTY) = 3</etc/DIR_COLORS>
27422<grep> 22:19:15 fstat(3</etc/DIR_COLORS>, {st_mode=S_IFREG|0644, st_size=5977, ...}) = 0
27422<grep> 22:19:15 read(3</etc/DIR_COLORS>, "# This file goes in the /etc dir"..., 98304) = 5977
27422<grep> 22:19:15 brk(0x560ad5903000) = 0x560ad5903000
27422<grep> 22:19:15 mmap(NULL, 200704, PROT_READ|PROT_WRITE, MAP_PRIVATE|MAP_ANONYMOUS, -1, 0) = 0x7f4735958000
27422<grep> 22:19:15 read(3</etc/DIR_COLORS>, "", 98304) = 0
27422<grep> 22:19:15 close(3</etc/DIR_COLORS>) = 0
27422<grep> 22:19:15 close(1</dev/null<char 1:3>>) = 0
27422<grep> 22:19:15 close(2</dev/null<char 1:3>>) = 0
27422<grep> 22:19:15 exit_group(1)      = ?
27422<grep> 22:19:15 +++ exited with 1 +++
27408<bash> 22:19:15 <... wait4 resumed>, [{WIFEXITED(s) && WEXITSTATUS(s) == 1}], 0, NULL) = 27422
27408<bash> 22:19:15 rt_sigaction(SIGINT, {sa_handler=0x55e6ca034cf0, sa_mask=[], sa_flags=SA_RESTORER, sa_restorer=0x7fa306ca35b0}, {sa_handler=0x55e6ca002d80, sa_mask=[], sa_flags=SA_RESTORER, sa_restorer=0x7fa306ca35b0}, 8) = 0
27408<bash> 22:19:15 ioctl(255</dev/pts/6<char 136:6>>, TCGETS2, {c_iflag=ICRNL|IXON|IUTF8, c_oflag=NL0|CR0|TAB0|BS0|VT0|FF0|OPOST|ONLCR, c_cflag=B38400|CS8|CREAD, c_lflag=ISIG|ICANON|ECHO|ECHOE|ECHOK|IEXTEN|ECHOCTL|ECHOKE, ...}) = 0
27408<bash> 22:19:15 ioctl(255</dev/pts/6<char 136:6>>, TIOCGWINSZ, {ws_row=39, ws_col=212, ws_xpixel=0, ws_ypixel=0}) = 0
27408<bash> 22:19:15 rt_sigprocmask(SIG_SETMASK, [], NULL, 8) = 0
27408<bash> 22:19:15 --- SIGCHLD {si_signo=SIGCHLD, si_code=CLD_EXITED, si_pid=27422, si_uid=1000, si_status=1, si_utime=0, si_stime=0} ---
27408<bash> 22:19:15 wait4(-1, 0x7ffee29a8bd4, WNOHANG, NULL) = -1 ECHILD (No child processes)
27408<bash> 22:19:15 rt_sigreturn({mask=[]}) = 0
27408<bash> 22:19:15 openat(AT_FDCWD</home/catastor>, "/dev/null", O_WRONLY|O_CREAT|O_TRUNC, 0666) = 3</dev/null<char 1:3>>
27408<bash> 22:19:15 fcntl(2</dev/pts/6<char 136:6>>, F_GETFD) = 0
27408<bash> 22:19:15 fcntl(2</dev/pts/6<char 136:6>>, F_DUPFD, 10) = 10</dev/pts/6<char 136:6>>
27408<bash> 22:19:15 fcntl(2</dev/pts/6<char 136:6>>, F_GETFD) = 0
27408<bash> 22:19:15 fcntl(10</dev/pts/6<char 136:6>>, F_SETFD, FD_CLOEXEC) = 0
27408<bash> 22:19:15 dup2(3</dev/null<char 1:3>>, 2</dev/pts/6<char 136:6>>) = 2</dev/null<char 1:3>>
27408<bash> 22:19:15 close(3</dev/null<char 1:3>>) = 0
27408<bash> 22:19:15 dup2(10</dev/pts/6<char 136:6>>, 2</dev/null<char 1:3>>) = 2</dev/pts/6<char 136:6>>
27408<bash> 22:19:15 fcntl(10</dev/pts/6<char 136:6>>, F_GETFD) = 0x1 (flags FD_CLOEXEC)
27408<bash> 22:19:15 close(10</dev/pts/6<char 136:6>>) = 0
27408<bash> 22:19:15 openat(AT_FDCWD</home/catastor>, "/dev/null", O_WRONLY|O_CREAT|O_TRUNC, 0666) = 3</dev/null<char 1:3>>
27408<bash> 22:19:15 fcntl(2</dev/pts/6<char 136:6>>, F_GETFD) = 0
27408<bash> 22:19:15 fcntl(2</dev/pts/6<char 136:6>>, F_DUPFD, 10) = 10</dev/pts/6<char 136:6>>
27408<bash> 22:19:15 fcntl(2</dev/pts/6<char 136:6>>, F_GETFD) = 0
27408<bash> 22:19:15 fcntl(10</dev/pts/6<char 136:6>>, F_SETFD, FD_CLOEXEC) = 0
27408<bash> 22:19:15 dup2(3</dev/null<char 1:3>>, 2</dev/pts/6<char 136:6>>) = 2</dev/null<char 1:3>>
27408<bash> 22:19:15 close(3</dev/null<char 1:3>>) = 0
27408<bash> 22:19:15 dup2(10</dev/pts/6<char 136:6>>, 2</dev/null<char 1:3>>) = 2</dev/pts/6<char 136:6>>
27408<bash> 22:19:15 fcntl(10</dev/pts/6<char 136:6>>, F_GETFD) = 0x1 (flags FD_CLOEXEC)
27408<bash> 22:19:15 close(10</dev/pts/6<char 136:6>>) = 0
27408<bash> 22:19:15 openat(AT_FDCWD</home/catastor>, "/dev/null", O_WRONLY|O_CREAT|O_TRUNC, 0666) = 3</dev/null<char 1:3>>
27408<bash> 22:19:15 fcntl(2</dev/pts/6<char 136:6>>, F_GETFD) = 0
27408<bash> 22:19:15 fcntl(2</dev/pts/6<char 136:6>>, F_DUPFD, 10) = 10</dev/pts/6<char 136:6>>
27408<bash> 22:19:15 fcntl(2</dev/pts/6<char 136:6>>, F_GETFD) = 0
27408<bash> 22:19:15 fcntl(10</dev/pts/6<char 136:6>>, F_SETFD, FD_CLOEXEC) = 0
27408<bash> 22:19:15 dup2(3</dev/null<char 1:3>>, 2</dev/pts/6<char 136:6>>) = 2</dev/null<char 1:3>>
27408<bash> 22:19:15 close(3</dev/null<char 1:3>>) = 0
27408<bash> 22:19:15 dup2(10</dev/pts/6<char 136:6>>, 2</dev/null<char 1:3>>) = 2</dev/pts/6<char 136:6>>
27408<bash> 22:19:15 fcntl(10</dev/pts/6<char 136:6>>, F_GETFD) = 0x1 (flags FD_CLOEXEC)
27408<bash> 22:19:15 close(10</dev/pts/6<char 136:6>>) = 0
27408<bash> 22:19:15 rt_sigprocmask(SIG_BLOCK, [CHLD], [], 8) = 0
27408<bash> 22:19:15 rt_sigprocmask(SIG_SETMASK, [], NULL, 8) = 0
27408<bash> 22:19:15 faccessat2(AT_FDCWD</home/catastor>, "/etc/profile.d/colorxzgrep.sh", R_OK, AT_EACCESS) = 0
27408<bash> 22:19:15 openat(AT_FDCWD</home/catastor>, "/etc/profile.d/colorxzgrep.sh", O_RDONLY) = 3</etc/profile.d/colorxzgrep.sh>
27408<bash> 22:19:15 fstat(3</etc/profile.d/colorxzgrep.sh>, {st_mode=S_IFREG|0644, st_size=205, ...}) = 0
27408<bash> 22:19:15 read(3</etc/profile.d/colorxzgrep.sh>, "# shellcheck shell=sh\n/usr/libex"..., 205) = 205
27408<bash> 22:19:15 close(3</etc/profile.d/colorxzgrep.sh>) = 0
27408<bash> 22:19:15 rt_sigprocmask(SIG_BLOCK, NULL, [], 8) = 0
27408<bash> 22:19:15 rt_sigprocmask(SIG_BLOCK, NULL, [], 8) = 0
27408<bash> 22:19:15 rt_sigprocmask(SIG_BLOCK, [INT TERM CHLD], [], 8) = 0
27408<bash> 22:19:15 rt_sigaction(SIGTERM, {sa_handler=SIG_DFL, sa_mask=[], sa_flags=SA_RESTORER, sa_restorer=0x7fa306ca35b0}, {sa_handler=SIG_IGN, sa_mask=[], sa_flags=SA_RESTORER, sa_restorer=0x7fa306ca35b0}, 8) = 0
27408<bash> 22:19:15 rt_sigprocmask(SIG_BLOCK, ~[], [INT TERM CHLD], 8) = 0
27408<bash> 22:19:15 clone(child_stack=NULL, flags=CLONE_CHILD_CLEARTID|CLONE_CHILD_SETTID|SIGCHLD, child_tidptr=0x7fa306c86a10) = 27423<bash>
27423<bash> 22:19:15 set_robust_list(0x7fa306c86a20, 24) = 0
27408<bash> 22:19:15 rt_sigprocmask(SIG_SETMASK, [INT TERM CHLD] <unfinished ...>
27423<bash> 22:19:15 rt_sigprocmask(SIG_SETMASK, [INT TERM CHLD] <unfinished ...>
27408<bash> 22:19:15 <... rt_sigprocmask resumed>, NULL, 8) = 0
27423<bash> 22:19:15 <... rt_sigprocmask resumed>, NULL, 8) = 0
27408<bash> 22:19:15 rt_sigaction(SIGTERM, {sa_handler=SIG_IGN, sa_mask=[], sa_flags=SA_RESTORER, sa_restorer=0x7fa306ca35b0} <unfinished ...>
27423<bash> 22:19:15 getpid( <unfinished ...>
27408<bash> 22:19:15 <... rt_sigaction resumed>, {sa_handler=SIG_DFL, sa_mask=[], sa_flags=SA_RESTORER, sa_restorer=0x7fa306ca35b0}, 8) = 0
27423<bash> 22:19:15 <... getpid resumed>) = 27423<bash>
27408<bash> 22:19:15 rt_sigprocmask(SIG_SETMASK, [] <unfinished ...>
27423<bash> 22:19:15 rt_sigprocmask(SIG_SETMASK, [] <unfinished ...>
27408<bash> 22:19:15 <... rt_sigprocmask resumed>, NULL, 8) = 0
27423<bash> 22:19:15 <... rt_sigprocmask resumed>, NULL, 8) = 0
27423<bash> 22:19:15 rt_sigaction(SIGTSTP, {sa_handler=SIG_DFL, sa_mask=[], sa_flags=SA_RESTORER, sa_restorer=0x7fa306ca35b0}, {sa_handler=SIG_IGN, sa_mask=[], sa_flags=SA_RESTORER, sa_restorer=0x7fa306ca35b0}, 8) = 0
27408<bash> 22:19:15 rt_sigprocmask(SIG_BLOCK, [CHLD] <unfinished ...>
27423<bash> 22:19:15 rt_sigaction(SIGTTIN, {sa_handler=SIG_DFL, sa_mask=[], sa_flags=SA_RESTORER, sa_restorer=0x7fa306ca35b0} <unfinished ...>
27408<bash> 22:19:15 <... rt_sigprocmask resumed>, [], 8) = 0
27423<bash> 22:19:15 <... rt_sigaction resumed>, {sa_handler=SIG_IGN, sa_mask=[], sa_flags=SA_RESTORER, sa_restorer=0x7fa306ca35b0}, 8) = 0
27408<bash> 22:19:15 rt_sigprocmask(SIG_SETMASK, [] <unfinished ...>
27423<bash> 22:19:15 rt_sigaction(SIGTTOU, {sa_handler=SIG_DFL, sa_mask=[], sa_flags=SA_RESTORER, sa_restorer=0x7fa306ca35b0} <unfinished ...>
27408<bash> 22:19:15 <... rt_sigprocmask resumed>, NULL, 8) = 0
27423<bash> 22:19:15 <... rt_sigaction resumed>, {sa_handler=SIG_IGN, sa_mask=[], sa_flags=SA_RESTORER, sa_restorer=0x7fa306ca35b0}, 8) = 0
27408<bash> 22:19:15 rt_sigprocmask(SIG_BLOCK, [CHLD] <unfinished ...>
27423<bash> 22:19:15 rt_sigaction(SIGHUP, {sa_handler=SIG_DFL, sa_mask=[], sa_flags=SA_RESTORER, sa_restorer=0x7fa306ca35b0} <unfinished ...>
27408<bash> 22:19:15 <... rt_sigprocmask resumed>, [], 8) = 0
27423<bash> 22:19:15 <... rt_sigaction resumed>, NULL, 8) = 0
27423<bash> 22:19:15 rt_sigaction(SIGILL, {sa_handler=SIG_DFL, sa_mask=[], sa_flags=SA_RESTORER, sa_restorer=0x7fa306ca35b0} <unfinished ...>
27408<bash> 22:19:15 rt_sigaction(SIGINT, {sa_handler=0x55e6ca002d80, sa_mask=[], sa_flags=SA_RESTORER, sa_restorer=0x7fa306ca35b0} <unfinished ...>
27423<bash> 22:19:15 <... rt_sigaction resumed>, NULL, 8) = 0
27423<bash> 22:19:15 rt_sigaction(SIGTRAP, {sa_handler=SIG_DFL, sa_mask=[], sa_flags=SA_RESTORER, sa_restorer=0x7fa306ca35b0} <unfinished ...>
27408<bash> 22:19:15 <... rt_sigaction resumed>, {sa_handler=0x55e6ca034cf0, sa_mask=[], sa_flags=SA_RESTORER, sa_restorer=0x7fa306ca35b0}, 8) = 0
27423<bash> 22:19:15 <... rt_sigaction resumed>, NULL, 8) = 0
27408<bash> 22:19:15 wait4(-1 <unfinished ...>
27423<bash> 22:19:15 rt_sigprocmask(SIG_BLOCK, ~[], [], 8) = 0
27423<bash> 22:19:15 rt_sigaction(SIGABRT, {sa_handler=SIG_DFL, sa_mask=[], sa_flags=SA_RESTORER, sa_restorer=0x7fa306ca35b0}, NULL, 8) = 0
27423<bash> 22:19:15 rt_sigprocmask(SIG_SETMASK, [], NULL, 8) = 0
27423<bash> 22:19:15 rt_sigaction(SIGFPE, {sa_handler=SIG_DFL, sa_mask=[], sa_flags=SA_RESTORER, sa_restorer=0x7fa306ca35b0}, NULL, 8) = 0
27423<bash> 22:19:15 rt_sigaction(SIGBUS, {sa_handler=SIG_DFL, sa_mask=[], sa_flags=SA_RESTORER, sa_restorer=0x7fa306ca35b0}, NULL, 8) = 0
27423<bash> 22:19:15 rt_sigaction(SIGSEGV, {sa_handler=SIG_DFL, sa_mask=[], sa_flags=SA_RESTORER, sa_restorer=0x7fa306ca35b0}, NULL, 8) = 0
27423<bash> 22:19:15 rt_sigaction(SIGSYS, {sa_handler=SIG_DFL, sa_mask=[], sa_flags=SA_RESTORER, sa_restorer=0x7fa306ca35b0}, NULL, 8) = 0
27423<bash> 22:19:15 rt_sigaction(SIGPIPE, {sa_handler=SIG_DFL, sa_mask=[], sa_flags=SA_RESTORER, sa_restorer=0x7fa306ca35b0}, NULL, 8) = 0
27423<bash> 22:19:15 rt_sigaction(SIGALRM, {sa_handler=SIG_DFL, sa_mask=[], sa_flags=SA_RESTORER, sa_restorer=0x7fa306ca35b0}, NULL, 8) = 0
27423<bash> 22:19:15 rt_sigaction(SIGXCPU, {sa_handler=SIG_DFL, sa_mask=[], sa_flags=SA_RESTORER, sa_restorer=0x7fa306ca35b0}, NULL, 8) = 0
27423<bash> 22:19:15 rt_sigaction(SIGXFSZ, {sa_handler=SIG_DFL, sa_mask=[], sa_flags=SA_RESTORER, sa_restorer=0x7fa306ca35b0}, NULL, 8) = 0
27423<bash> 22:19:15 rt_sigaction(SIGVTALRM, {sa_handler=SIG_DFL, sa_mask=[], sa_flags=SA_RESTORER, sa_restorer=0x7fa306ca35b0}, NULL, 8) = 0
27423<bash> 22:19:15 rt_sigaction(SIGUSR1, {sa_handler=SIG_DFL, sa_mask=[], sa_flags=SA_RESTORER, sa_restorer=0x7fa306ca35b0}, NULL, 8) = 0
27423<bash> 22:19:15 rt_sigaction(SIGUSR2, {sa_handler=SIG_DFL, sa_mask=[], sa_flags=SA_RESTORER, sa_restorer=0x7fa306ca35b0}, NULL, 8) = 0
27423<bash> 22:19:15 rt_sigaction(SIGINT, {sa_handler=SIG_DFL, sa_mask=[], sa_flags=SA_RESTORER, sa_restorer=0x7fa306ca35b0}, {sa_handler=0x55e6ca034cf0, sa_mask=[], sa_flags=SA_RESTORER, sa_restorer=0x7fa306ca35b0}, 8) = 0
27423<bash> 22:19:15 rt_sigaction(SIGQUIT, {sa_handler=SIG_DFL, sa_mask=[], sa_flags=SA_RESTORER, sa_restorer=0x7fa306ca35b0}, {sa_handler=SIG_IGN, sa_mask=[], sa_flags=SA_RESTORER, sa_restorer=0x7fa306ca35b0}, 8) = 0
27423<bash> 22:19:15 rt_sigaction(SIGTERM, {sa_handler=SIG_DFL, sa_mask=[], sa_flags=SA_RESTORER, sa_restorer=0x7fa306ca35b0}, {sa_handler=SIG_DFL, sa_mask=[], sa_flags=SA_RESTORER, sa_restorer=0x7fa306ca35b0}, 8) = 0
27423<bash> 22:19:15 rt_sigaction(SIGCHLD, {sa_handler=SIG_DFL, sa_mask=[], sa_flags=SA_RESTORER|SA_RESTART, sa_restorer=0x7fa306ca35b0}, {sa_handler=0x55e6ca0068d0, sa_mask=[], sa_flags=SA_RESTORER|SA_RESTART, sa_restorer=0x7fa306ca35b0}, 8) = 0
27423<bash> 22:19:15 execve("/usr/libexec/grepconf.sh", ["/usr/libexec/grepconf.sh", "-c"], 0x55e6cc5a87c0 /* 27 vars */) = 0
27423<grepconf.sh> 22:19:15 brk(NULL)   = 0x55e19414f000
27423<grepconf.sh> 22:19:15 access("/etc/ld.so.preload", R_OK) = -1 ENOENT (No such file or directory)
27423<grepconf.sh> 22:19:15 openat(AT_FDCWD</home/catastor>, "/etc/ld.so.cache", O_RDONLY|O_CLOEXEC) = 3</etc/ld.so.cache>
27423<grepconf.sh> 22:19:15 fstat(3</etc/ld.so.cache>, {st_mode=S_IFREG|0644, st_size=74499, ...}) = 0
27423<grepconf.sh> 22:19:15 mmap(NULL, 74499, PROT_READ, MAP_PRIVATE, 3</etc/ld.so.cache>, 0) = 0x7f6ba721b000
27423<grepconf.sh> 22:19:15 close(3</etc/ld.so.cache>) = 0
27423<grepconf.sh> 22:19:15 openat(AT_FDCWD</home/catastor>, "/lib64/libtinfo.so.6", O_RDONLY|O_CLOEXEC) = 3</usr/lib64/libtinfo.so.6.6>
27423<grepconf.sh> 22:19:15 read(3</usr/lib64/libtinfo.so.6.6>, "\177ELF\2\1\1\0\0\0\0\0\0\0\0\0\3\0>\0\1\0\0\0\0\0\0\0\0\0\0\0"..., 832) = 832
27423<grepconf.sh> 22:19:15 fstat(3</usr/lib64/libtinfo.so.6.6>, {st_mode=S_IFREG|0755, st_size=187232, ...}) = 0
27423<grepconf.sh> 22:19:15 mmap(NULL, 8192, PROT_READ|PROT_WRITE, MAP_PRIVATE|MAP_ANONYMOUS, -1, 0) = 0x7f6ba7219000
27423<grepconf.sh> 22:19:15 mmap(NULL, 182528, PROT_READ|PROT_EXEC, MAP_PRIVATE|MAP_DENYWRITE, 3</usr/lib64/libtinfo.so.6.6>, 0) = 0x7f6ba71ec000
27423<grepconf.sh> 22:19:15 mmap(0x7f6ba7201000, 77824, PROT_READ, MAP_PRIVATE|MAP_FIXED|MAP_DENYWRITE, 3</usr/lib64/libtinfo.so.6.6>, 0x15000) = 0x7f6ba7201000
27423<grepconf.sh> 22:19:15 mmap(0x7f6ba7214000, 20480, PROT_READ|PROT_WRITE, MAP_PRIVATE|MAP_FIXED|MAP_DENYWRITE, 3</usr/lib64/libtinfo.so.6.6>, 0x28000) = 0x7f6ba7214000
27423<grepconf.sh> 22:19:15 close(3</usr/lib64/libtinfo.so.6.6>) = 0
27423<grepconf.sh> 22:19:15 openat(AT_FDCWD</home/catastor>, "/lib64/libc.so.6", O_RDONLY|O_CLOEXEC) = 3</usr/lib64/libc.so.6>
27423<grepconf.sh> 22:19:15 read(3</usr/lib64/libc.so.6>, "\177ELF\2\1\1\3\0\0\0\0\0\0\0\0\3\0>\0\1\0\0\0\2408\0\0\0\0\0\0"..., 832) = 832
27423<grepconf.sh> 22:19:15 pread64(3</usr/lib64/libc.so.6>, "\6\0\0\0\4\0\0\0@\0\0\0\0\0\0\0@\0\0\0\0\0\0\0@\0\0\0\0\0\0\0"..., 784, 64) = 784
27423<grepconf.sh> 22:19:15 fstat(3</usr/lib64/libc.so.6>, {st_mode=S_IFREG|0755, st_size=2490288, ...}) = 0
27423<grepconf.sh> 22:19:15 pread64(3</usr/lib64/libc.so.6>, "\6\0\0\0\4\0\0\0@\0\0\0\0\0\0\0@\0\0\0\0\0\0\0@\0\0\0\0\0\0\0"..., 784, 64) = 784
27423<grepconf.sh> 22:19:15 mmap(NULL, 2075504, PROT_READ|PROT_EXEC, MAP_PRIVATE|MAP_DENYWRITE, 3</usr/lib64/libc.so.6>, 0) = 0x7f6ba6ff1000
27423<grepconf.sh> 22:19:15 mmap(0x7f6ba7165000, 495616, PROT_READ, MAP_PRIVATE|MAP_FIXED|MAP_DENYWRITE, 3</usr/lib64/libc.so.6>, 0x174000) = 0x7f6ba7165000
27423<grepconf.sh> 22:19:15 mmap(0x7f6ba71de000, 24576, PROT_READ|PROT_WRITE, MAP_PRIVATE|MAP_FIXED|MAP_DENYWRITE, 3</usr/lib64/libc.so.6>, 0x1ed000) = 0x7f6ba71de000
27423<grepconf.sh> 22:19:15 mmap(0x7f6ba71e4000, 31600, PROT_READ|PROT_WRITE, MAP_PRIVATE|MAP_FIXED|MAP_ANONYMOUS, -1, 0) = 0x7f6ba71e4000
27423<grepconf.sh> 22:19:15 close(3</usr/lib64/libc.so.6>) = 0
27423<grepconf.sh> 22:19:15 mmap(NULL, 12288, PROT_READ|PROT_WRITE, MAP_PRIVATE|MAP_ANONYMOUS, -1, 0) = 0x7f6ba6fee000
27423<grepconf.sh> 22:19:15 arch_prctl(ARCH_SET_FS, 0x7f6ba6fee740) = 0
27423<grepconf.sh> 22:19:15 set_tid_address(0x7f6ba6feed68) = 27423<grepconf.sh>
27423<grepconf.sh> 22:19:15 set_robust_list(0x7f6ba6feea20, 24) = 0
27423<grepconf.sh> 22:19:15 rseq({cpu_id_start=0, cpu_id=RSEQ_CPU_ID_UNINITIALIZED, rseq_cs=NULL, flags=0, node_id=0, mm_cid=0, slice_ctrl={request=0, granted=0, __reserved=0}, __reserved=0}, 32, 0, 0x53053053) = 0
27423<grepconf.sh> 22:19:15 mprotect(0x7f6ba71de000, 16384, PROT_READ) = 0
27423<grepconf.sh> 22:19:15 mprotect(0x7f6ba7214000, 16384, PROT_READ) = 0
27423<grepconf.sh> 22:19:15 mprotect(0x55e16fab8000, 16384, PROT_READ) = 0
27423<grepconf.sh> 22:19:15 mprotect(0x7f6ba726c000, 8192, PROT_READ) = 0
27423<grepconf.sh> 22:19:15 prlimit64(0, RLIMIT_STACK, NULL, {rlim_cur=8192*1024, rlim_max=RLIM64_INFINITY}) = 0
27423<grepconf.sh> 22:19:15 getrandom("\xd3\xc8\xd6\x3b\x99\x79\xae\xa9", 8, GRND_NONBLOCK) = 8
27423<grepconf.sh> 22:19:15 munmap(0x7f6ba721b000, 74499) = 0
27423<grepconf.sh> 22:19:15 openat(AT_FDCWD</home/catastor>, "/dev/tty", O_RDWR|O_NONBLOCK) = 3</dev/tty<char 5:0>>
27423<grepconf.sh> 22:19:15 close(3</dev/tty<char 5:0>>) = 0
27423<grepconf.sh> 22:19:15 brk(NULL)   = 0x55e19414f000
27423<grepconf.sh> 22:19:15 brk(0x55e194170000) = 0x55e194170000
27423<grepconf.sh> 22:19:15 getresuid([1000], [1000], [1000]) = 0
27423<grepconf.sh> 22:19:15 getresgid([1000], [1000], [1000]) = 0
27423<grepconf.sh> 22:19:15 rt_sigprocmask(SIG_BLOCK, NULL, [], 8) = 0
27423<grepconf.sh> 22:19:15 rt_sigaction(SIGCHLD, {sa_handler=SIG_DFL, sa_mask=[], sa_flags=SA_RESTORER|SA_RESTART, sa_restorer=0x7f6ba700b5b0}, {sa_handler=SIG_DFL, sa_mask=[], sa_flags=0}, 8) = 0
27423<grepconf.sh> 22:19:15 rt_sigaction(SIGCHLD, {sa_handler=SIG_DFL, sa_mask=[], sa_flags=SA_RESTORER|SA_RESTART, sa_restorer=0x7f6ba700b5b0}, {sa_handler=SIG_DFL, sa_mask=[], sa_flags=SA_RESTORER|SA_RESTART, sa_restorer=0x7f6ba700b5b0}, 8) = 0
27423<grepconf.sh> 22:19:15 rt_sigaction(SIGINT, {sa_handler=SIG_DFL, sa_mask=[], sa_flags=SA_RESTORER, sa_restorer=0x7f6ba700b5b0}, {sa_handler=SIG_DFL, sa_mask=[], sa_flags=0}, 8) = 0
27423<grepconf.sh> 22:19:15 rt_sigaction(SIGINT, {sa_handler=SIG_DFL, sa_mask=[], sa_flags=SA_RESTORER, sa_restorer=0x7f6ba700b5b0}, {sa_handler=SIG_DFL, sa_mask=[], sa_flags=SA_RESTORER, sa_restorer=0x7f6ba700b5b0}, 8) = 0
27423<grepconf.sh> 22:19:15 rt_sigaction(SIGQUIT, {sa_handler=SIG_DFL, sa_mask=[], sa_flags=SA_RESTORER, sa_restorer=0x7f6ba700b5b0}, {sa_handler=SIG_DFL, sa_mask=[], sa_flags=0}, 8) = 0
27423<grepconf.sh> 22:19:15 rt_sigaction(SIGQUIT, {sa_handler=SIG_DFL, sa_mask=[], sa_flags=SA_RESTORER, sa_restorer=0x7f6ba700b5b0}, {sa_handler=SIG_DFL, sa_mask=[], sa_flags=SA_RESTORER, sa_restorer=0x7f6ba700b5b0}, 8) = 0
27423<grepconf.sh> 22:19:15 rt_sigaction(SIGTSTP, {sa_handler=SIG_DFL, sa_mask=[], sa_flags=SA_RESTORER, sa_restorer=0x7f6ba700b5b0}, {sa_handler=SIG_DFL, sa_mask=[], sa_flags=0}, 8) = 0
27423<grepconf.sh> 22:19:15 rt_sigaction(SIGTSTP, {sa_handler=SIG_DFL, sa_mask=[], sa_flags=SA_RESTORER, sa_restorer=0x7f6ba700b5b0}, {sa_handler=SIG_DFL, sa_mask=[], sa_flags=SA_RESTORER, sa_restorer=0x7f6ba700b5b0}, 8) = 0
27423<grepconf.sh> 22:19:15 rt_sigaction(SIGTTIN, {sa_handler=SIG_DFL, sa_mask=[], sa_flags=SA_RESTORER, sa_restorer=0x7f6ba700b5b0}, {sa_handler=SIG_DFL, sa_mask=[], sa_flags=0}, 8) = 0
27423<grepconf.sh> 22:19:15 rt_sigaction(SIGTTIN, {sa_handler=SIG_DFL, sa_mask=[], sa_flags=SA_RESTORER, sa_restorer=0x7f6ba700b5b0}, {sa_handler=SIG_DFL, sa_mask=[], sa_flags=SA_RESTORER, sa_restorer=0x7f6ba700b5b0}, 8) = 0
27423<grepconf.sh> 22:19:15 rt_sigaction(SIGTTOU, {sa_handler=SIG_DFL, sa_mask=[], sa_flags=SA_RESTORER, sa_restorer=0x7f6ba700b5b0}, {sa_handler=SIG_DFL, sa_mask=[], sa_flags=0}, 8) = 0
27423<grepconf.sh> 22:19:15 rt_sigaction(SIGTTOU, {sa_handler=SIG_DFL, sa_mask=[], sa_flags=SA_RESTORER, sa_restorer=0x7f6ba700b5b0}, {sa_handler=SIG_DFL, sa_mask=[], sa_flags=SA_RESTORER, sa_restorer=0x7f6ba700b5b0}, 8) = 0
27423<grepconf.sh> 22:19:15 rt_sigprocmask(SIG_BLOCK, NULL, [], 8) = 0
27423<grepconf.sh> 22:19:15 rt_sigaction(SIGQUIT, {sa_handler=SIG_IGN, sa_mask=[], sa_flags=SA_RESTORER, sa_restorer=0x7f6ba700b5b0}, {sa_handler=SIG_DFL, sa_mask=[], sa_flags=SA_RESTORER, sa_restorer=0x7f6ba700b5b0}, 8) = 0
27423<grepconf.sh> 22:19:15 uname({sysname="Linux", nodename="fedora", ...}) = 0
27423<grepconf.sh> 22:19:15 newfstatat(AT_FDCWD</home/catastor>, "/home/catastor", {st_mode=S_IFDIR|0700, st_size=716, ...}, 0) = 0
27423<grepconf.sh> 22:19:15 newfstatat(AT_FDCWD</home/catastor>, ".", {st_mode=S_IFDIR|0700, st_size=716, ...}, 0) = 0
27423<grepconf.sh> 22:19:15 newfstatat(AT_FDCWD</home/catastor>, "/home", {st_mode=S_IFDIR|0755, st_size=16, ...}, 0) = 0
27423<grepconf.sh> 22:19:15 newfstatat(AT_FDCWD</home/catastor>, "/home/catastor", {st_mode=S_IFDIR|0700, st_size=716, ...}, 0) = 0
27423<grepconf.sh> 22:19:15 getpid()    = 27423<grepconf.sh>
27423<grepconf.sh> 22:19:15 getppid()   = 27408<bash>
27423<grepconf.sh> 22:19:15 getpid()    = 27423<grepconf.sh>
27423<grepconf.sh> 22:19:15 getppid()   = 27408<bash>
27423<grepconf.sh> 22:19:15 getpid()    = 27423<grepconf.sh>
27423<grepconf.sh> 22:19:15 getppid()   = 27408<bash>
27423<grepconf.sh> 22:19:15 getpgrp()   = 27408
27423<grepconf.sh> 22:19:15 ioctl(2</dev/pts/6<char 136:6>>, TIOCGPGRP, [27408]) = 0
27423<grepconf.sh> 22:19:15 rt_sigaction(SIGCHLD, {sa_handler=0x55e16f9968d0, sa_mask=[], sa_flags=SA_RESTORER|SA_RESTART, sa_restorer=0x7f6ba700b5b0}, {sa_handler=SIG_DFL, sa_mask=[], sa_flags=SA_RESTORER|SA_RESTART, sa_restorer=0x7f6ba700b5b0}, 8) = 0
27423<grepconf.sh> 22:19:15 prlimit64(0, RLIMIT_NPROC, NULL, {rlim_cur=15396, rlim_max=15396}) = 0
27423<grepconf.sh> 22:19:15 rt_sigprocmask(SIG_BLOCK, NULL, [], 8) = 0
27423<grepconf.sh> 22:19:15 openat(AT_FDCWD</home/catastor>, "/usr/libexec/grepconf.sh", O_RDONLY) = 3</usr/libexec/grepconf.sh>
27423<grepconf.sh> 22:19:15 newfstatat(AT_FDCWD</home/catastor>, "/usr/libexec/grepconf.sh", {st_mode=S_IFREG|0755, st_size=257, ...}, 0) = 0
27423<grepconf.sh> 22:19:15 ioctl(3</usr/libexec/grepconf.sh>, TCGETS2, 0x7ffe5dba50d0) = -1 ENOTTY (Inappropriate ioctl for device)
27423<grepconf.sh> 22:19:15 lseek(3</usr/libexec/grepconf.sh>, 0, SEEK_CUR) = 0
27423<grepconf.sh> 22:19:15 read(3</usr/libexec/grepconf.sh>, "#!/usr/bin/sh\n\ncase \"$1\" in\n    "..., 80) = 80
27423<grepconf.sh> 22:19:15 lseek(3</usr/libexec/grepconf.sh>, 0, SEEK_SET) = 0
27423<grepconf.sh> 22:19:15 prlimit64(0, RLIMIT_NOFILE, NULL, {rlim_cur=1024, rlim_max=512*1024}) = 0
27423<grepconf.sh> 22:19:15 fcntl(255, F_GETFD) = -1 EBADF (Bad file descriptor)
27423<grepconf.sh> 22:19:15 dup2(3</usr/libexec/grepconf.sh>, 255) = 255</usr/libexec/grepconf.sh>
27423<grepconf.sh> 22:19:15 close(3</usr/libexec/grepconf.sh>) = 0
27423<grepconf.sh> 22:19:15 fcntl(255</usr/libexec/grepconf.sh>, F_SETFD, FD_CLOEXEC) = 0
27423<grepconf.sh> 22:19:15 fcntl(255</usr/libexec/grepconf.sh>, F_GETFL) = 0x8000 (flags O_RDONLY|O_LARGEFILE)
27423<grepconf.sh> 22:19:15 fstat(255</usr/libexec/grepconf.sh>, {st_mode=S_IFREG|0755, st_size=257, ...}) = 0
27423<grepconf.sh> 22:19:15 lseek(255</usr/libexec/grepconf.sh>, 0, SEEK_CUR) = 0
27423<grepconf.sh> 22:19:15 read(255</usr/libexec/grepconf.sh>, "#!/usr/bin/sh\n\ncase \"$1\" in\n    "..., 257) = 257
27423<grepconf.sh> 22:19:15 newfstatat(AT_FDCWD</home/catastor>, ".", {st_mode=S_IFDIR|0700, st_size=716, ...}, 0) = 0
27423<grepconf.sh> 22:19:15 newfstatat(AT_FDCWD</home/catastor>, "/usr/local/bin/grep", 0x7ffe5dba4b50, 0) = -1 ENOENT (No such file or directory)
27423<grepconf.sh> 22:19:15 newfstatat(AT_FDCWD</home/catastor>, "/usr/bin/grep", {st_mode=S_IFREG|0755, st_size=165528, ...}, 0) = 0
27423<grepconf.sh> 22:19:15 newfstatat(AT_FDCWD</home/catastor>, "/usr/bin/grep", {st_mode=S_IFREG|0755, st_size=165528, ...}, 0) = 0
27423<grepconf.sh> 22:19:15 geteuid()   = 1000
27423<grepconf.sh> 22:19:15 getegid()   = 1000
27423<grepconf.sh> 22:19:15 getuid()    = 1000
27423<grepconf.sh> 22:19:15 getgid()    = 1000
27423<grepconf.sh> 22:19:15 access("/usr/bin/grep", X_OK) = 0
27423<grepconf.sh> 22:19:15 newfstatat(AT_FDCWD</home/catastor>, "/usr/bin/grep", {st_mode=S_IFREG|0755, st_size=165528, ...}, 0) = 0
27423<grepconf.sh> 22:19:15 geteuid()   = 1000
27423<grepconf.sh> 22:19:15 getegid()   = 1000
27423<grepconf.sh> 22:19:15 getuid()    = 1000
27423<grepconf.sh> 22:19:15 getgid()    = 1000
27423<grepconf.sh> 22:19:15 access("/usr/bin/grep", R_OK) = 0
27423<grepconf.sh> 22:19:15 rt_sigprocmask(SIG_BLOCK, NULL, [], 8) = 0
27423<grepconf.sh> 22:19:15 rt_sigprocmask(SIG_BLOCK, [INT TERM CHLD], [], 8) = 0
27423<grepconf.sh> 22:19:15 rt_sigprocmask(SIG_BLOCK, ~[], [INT TERM CHLD], 8) = 0
27423<grepconf.sh> 22:19:15 clone(child_stack=NULL, flags=CLONE_CHILD_CLEARTID|CLONE_CHILD_SETTID|SIGCHLD, child_tidptr=0x7f6ba6feea10) = 27424<grepconf.sh>
27424<grepconf.sh> 22:19:15 set_robust_list(0x7f6ba6feea20, 24 <unfinished ...>
27423<grepconf.sh> 22:19:15 rt_sigprocmask(SIG_SETMASK, [INT TERM CHLD] <unfinished ...>
27424<grepconf.sh> 22:19:15 <... set_robust_list resumed>) = 0
27423<grepconf.sh> 22:19:15 <... rt_sigprocmask resumed>, NULL, 8) = 0
27424<grepconf.sh> 22:19:15 rt_sigprocmask(SIG_SETMASK, [INT TERM CHLD] <unfinished ...>
27423<grepconf.sh> 22:19:15 rt_sigprocmask(SIG_SETMASK, [] <unfinished ...>
27424<grepconf.sh> 22:19:15 <... rt_sigprocmask resumed>, NULL, 8) = 0
27423<grepconf.sh> 22:19:15 <... rt_sigprocmask resumed>, NULL, 8) = 0
27424<grepconf.sh> 22:19:15 getpid( <unfinished ...>
27423<grepconf.sh> 22:19:15 rt_sigprocmask(SIG_BLOCK, [CHLD] <unfinished ...>
27424<grepconf.sh> 22:19:15 <... getpid resumed>) = 27424<grepconf.sh>
27423<grepconf.sh> 22:19:15 <... rt_sigprocmask resumed>, [], 8) = 0
27424<grepconf.sh> 22:19:15 close(255</usr/libexec/grepconf.sh> <unfinished ...>
27423<grepconf.sh> 22:19:15 rt_sigprocmask(SIG_SETMASK, [] <unfinished ...>
27424<grepconf.sh> 22:19:15 <... close resumed>) = 0
27423<grepconf.sh> 22:19:15 <... rt_sigprocmask resumed>, NULL, 8) = 0
27424<grepconf.sh> 22:19:15 rt_sigprocmask(SIG_SETMASK, [] <unfinished ...>
27423<grepconf.sh> 22:19:15 rt_sigprocmask(SIG_BLOCK, [CHLD] <unfinished ...>
27424<grepconf.sh> 22:19:15 <... rt_sigprocmask resumed>, NULL, 8) = 0
27423<grepconf.sh> 22:19:15 <... rt_sigprocmask resumed>, [], 8) = 0
27424<grepconf.sh> 22:19:15 rt_sigaction(SIGTSTP, {sa_handler=SIG_DFL, sa_mask=[], sa_flags=SA_RESTORER, sa_restorer=0x7f6ba700b5b0} <unfinished ...>
27423<grepconf.sh> 22:19:15 rt_sigaction(SIGINT, {sa_handler=0x55e16f992d80, sa_mask=[], sa_flags=SA_RESTORER, sa_restorer=0x7f6ba700b5b0} <unfinished ...>
27424<grepconf.sh> 22:19:15 <... rt_sigaction resumed>, {sa_handler=SIG_DFL, sa_mask=[], sa_flags=SA_RESTORER, sa_restorer=0x7f6ba700b5b0}, 8) = 0
27423<grepconf.sh> 22:19:15 <... rt_sigaction resumed>, {sa_handler=SIG_DFL, sa_mask=[], sa_flags=SA_RESTORER, sa_restorer=0x7f6ba700b5b0}, 8) = 0
27424<grepconf.sh> 22:19:15 rt_sigaction(SIGTTIN, {sa_handler=SIG_DFL, sa_mask=[], sa_flags=SA_RESTORER, sa_restorer=0x7f6ba700b5b0}, {sa_handler=SIG_DFL, sa_mask=[], sa_flags=SA_RESTORER, sa_restorer=0x7f6ba700b5b0}, 8) = 0
27423<grepconf.sh> 22:19:15 wait4(-1 <unfinished ...>
27424<grepconf.sh> 22:19:15 rt_sigaction(SIGTTOU, {sa_handler=SIG_DFL, sa_mask=[], sa_flags=SA_RESTORER, sa_restorer=0x7f6ba700b5b0}, {sa_handler=SIG_DFL, sa_mask=[], sa_flags=SA_RESTORER, sa_restorer=0x7f6ba700b5b0}, 8) = 0
27424<grepconf.sh> 22:19:15 rt_sigaction(SIGINT, {sa_handler=SIG_DFL, sa_mask=[], sa_flags=SA_RESTORER, sa_restorer=0x7f6ba700b5b0}, {sa_handler=SIG_DFL, sa_mask=[], sa_flags=SA_RESTORER, sa_restorer=0x7f6ba700b5b0}, 8) = 0
27424<grepconf.sh> 22:19:15 rt_sigaction(SIGQUIT, {sa_handler=SIG_DFL, sa_mask=[], sa_flags=SA_RESTORER, sa_restorer=0x7f6ba700b5b0}, {sa_handler=SIG_IGN, sa_mask=[], sa_flags=SA_RESTORER, sa_restorer=0x7f6ba700b5b0}, 8) = 0
27424<grepconf.sh> 22:19:15 rt_sigaction(SIGCHLD, {sa_handler=SIG_DFL, sa_mask=[], sa_flags=SA_RESTORER|SA_RESTART, sa_restorer=0x7f6ba700b5b0}, {sa_handler=0x55e16f9968d0, sa_mask=[], sa_flags=SA_RESTORER|SA_RESTART, sa_restorer=0x7f6ba700b5b0}, 8) = 0
27424<grepconf.sh> 22:19:15 execve("/usr/bin/grep", ["grep", "-qsi", "^COLOR.*none", "/etc/GREP_COLORS"], 0x55e19415c220 /* 27 vars */) = 0
27424<grep> 22:19:15 brk(NULL)          = 0x55fdc10e4000
27424<grep> 22:19:15 access("/etc/ld.so.preload", R_OK) = -1 ENOENT (No such file or directory)
27424<grep> 22:19:15 openat(AT_FDCWD</home/catastor>, "/etc/ld.so.cache", O_RDONLY|O_CLOEXEC) = 3</etc/ld.so.cache>
27424<grep> 22:19:15 fstat(3</etc/ld.so.cache>, {st_mode=S_IFREG|0644, st_size=74499, ...}) = 0
27424<grep> 22:19:15 mmap(NULL, 74499, PROT_READ, MAP_PRIVATE, 3</etc/ld.so.cache>, 0) = 0x7f7f6a26a000
27424<grep> 22:19:15 close(3</etc/ld.so.cache>) = 0
27424<grep> 22:19:15 openat(AT_FDCWD</home/catastor>, "/lib64/libpcre2-8.so.0", O_RDONLY|O_CLOEXEC) = 3</usr/lib64/libpcre2-8.so.0.15.0>
27424<grep> 22:19:15 read(3</usr/lib64/libpcre2-8.so.0.15.0>, "\177ELF\2\1\1\0\0\0\0\0\0\0\0\0\3\0>\0\1\0\0\0\0\0\0\0\0\0\0\0"..., 832) = 832
27424<grep> 22:19:15 fstat(3</usr/lib64/libpcre2-8.so.0.15.0>, {st_mode=S_IFREG|0755, st_size=724280, ...}) = 0
27424<grep> 22:19:15 mmap(NULL, 8192, PROT_READ|PROT_WRITE, MAP_PRIVATE|MAP_ANONYMOUS, -1, 0) = 0x7f7f6a268000
27424<grep> 22:19:15 mmap(NULL, 721368, PROT_READ|PROT_EXEC, MAP_PRIVATE|MAP_DENYWRITE, 3</usr/lib64/libpcre2-8.so.0.15.0>, 0) = 0x7f7f6a1b7000
27424<grep> 22:19:15 mmap(0x7f7f6a238000, 188416, PROT_READ, MAP_PRIVATE|MAP_FIXED|MAP_DENYWRITE, 3</usr/lib64/libpcre2-8.so.0.15.0>, 0x81000) = 0x7f7f6a238000
27424<grep> 22:19:15 mmap(0x7f7f6a266000, 8192, PROT_READ|PROT_WRITE, MAP_PRIVATE|MAP_FIXED|MAP_DENYWRITE, 3</usr/lib64/libpcre2-8.so.0.15.0>, 0xae000) = 0x7f7f6a266000
27424<grep> 22:19:15 close(3</usr/lib64/libpcre2-8.so.0.15.0>) = 0
27424<grep> 22:19:15 openat(AT_FDCWD</home/catastor>, "/lib64/libc.so.6", O_RDONLY|O_CLOEXEC) = 3</usr/lib64/libc.so.6>
27424<grep> 22:19:15 read(3</usr/lib64/libc.so.6>, "\177ELF\2\1\1\3\0\0\0\0\0\0\0\0\3\0>\0\1\0\0\0\2408\0\0\0\0\0\0"..., 832) = 832
27424<grep> 22:19:15 pread64(3</usr/lib64/libc.so.6>, "\6\0\0\0\4\0\0\0@\0\0\0\0\0\0\0@\0\0\0\0\0\0\0@\0\0\0\0\0\0\0"..., 784, 64) = 784
27424<grep> 22:19:15 fstat(3</usr/lib64/libc.so.6>, {st_mode=S_IFREG|0755, st_size=2490288, ...}) = 0
27424<grep> 22:19:15 pread64(3</usr/lib64/libc.so.6>, "\6\0\0\0\4\0\0\0@\0\0\0\0\0\0\0@\0\0\0\0\0\0\0@\0\0\0\0\0\0\0"..., 784, 64) = 784
27424<grep> 22:19:15 mmap(NULL, 2075504, PROT_READ|PROT_EXEC, MAP_PRIVATE|MAP_DENYWRITE, 3</usr/lib64/libc.so.6>, 0) = 0x7f7f69fbc000
27424<grep> 22:19:15 mmap(0x7f7f6a130000, 495616, PROT_READ, MAP_PRIVATE|MAP_FIXED|MAP_DENYWRITE, 3</usr/lib64/libc.so.6>, 0x174000) = 0x7f7f6a130000
27424<grep> 22:19:15 mmap(0x7f7f6a1a9000, 24576, PROT_READ|PROT_WRITE, MAP_PRIVATE|MAP_FIXED|MAP_DENYWRITE, 3</usr/lib64/libc.so.6>, 0x1ed000) = 0x7f7f6a1a9000
27424<grep> 22:19:15 mmap(0x7f7f6a1af000, 31600, PROT_READ|PROT_WRITE, MAP_PRIVATE|MAP_FIXED|MAP_ANONYMOUS, -1, 0) = 0x7f7f6a1af000
27424<grep> 22:19:15 close(3</usr/lib64/libc.so.6>) = 0
27424<grep> 22:19:15 mmap(NULL, 12288, PROT_READ|PROT_WRITE, MAP_PRIVATE|MAP_ANONYMOUS, -1, 0) = 0x7f7f69fb9000
27424<grep> 22:19:15 arch_prctl(ARCH_SET_FS, 0x7f7f69fb9740) = 0
27424<grep> 22:19:15 set_tid_address(0x7f7f69fb9d68) = 27424<grep>
27424<grep> 22:19:15 set_robust_list(0x7f7f69fb9a20, 24) = 0
27424<grep> 22:19:15 rseq({cpu_id_start=0, cpu_id=RSEQ_CPU_ID_UNINITIALIZED, rseq_cs=NULL, flags=0, node_id=0, mm_cid=0, slice_ctrl={request=0, granted=0, __reserved=0}, __reserved=0}, 32, 0, 0x53053053) = 0
27424<grep> 22:19:15 mprotect(0x7f7f6a1a9000, 16384, PROT_READ) = 0
27424<grep> 22:19:15 mprotect(0x7f7f6a266000, 4096, PROT_READ) = 0
27424<grep> 22:19:15 mprotect(0x55fdab59e000, 8192, PROT_READ) = 0
27424<grep> 22:19:15 mprotect(0x7f7f6a2bb000, 8192, PROT_READ) = 0
27424<grep> 22:19:15 prlimit64(0, RLIMIT_STACK, NULL, {rlim_cur=8192*1024, rlim_max=RLIM64_INFINITY}) = 0
27424<grep> 22:19:15 getrandom("\x94\x45\x64\x05\x98\x6f\x08\x6a", 8, GRND_NONBLOCK) = 8
27424<grep> 22:19:15 munmap(0x7f7f6a26a000, 74499) = 0
27424<grep> 22:19:15 brk(NULL)          = 0x55fdc10e4000
27424<grep> 22:19:15 brk(0x55fdc1105000) = 0x55fdc1105000
27424<grep> 22:19:15 openat(AT_FDCWD</home/catastor>, "/proc/self/maps", O_RDONLY) = 3</proc/27424/maps>
27424<grep> 22:19:15 mmap(NULL, 8192, PROT_READ|PROT_WRITE, MAP_PRIVATE|MAP_ANONYMOUS, -1, 0) = 0x7f7f6a27b000
27424<grep> 22:19:15 lseek(3</proc/27424/maps>, 0, SEEK_SET) = 0
27424<grep> 22:19:15 read(3</proc/27424/maps>, "55fdab578000-55fdab596000 r-xp 0"..., 8192) = 2350
27424<grep> 22:19:15 read(3</proc/27424/maps>, "", 5842) = 0
27424<grep> 22:19:15 close(3</proc/27424/maps>) = 0
27424<grep> 22:19:15 munmap(0x7f7f6a27b000, 8192) = 0
27424<grep> 22:19:15 sigaltstack({ss_sp=0x55fdab5a01c0, ss_flags=0, ss_size=65536}, NULL) = 0
27424<grep> 22:19:15 rt_sigaction(SIGSEGV, {sa_handler=0x55fdab58a4a0, sa_mask=[HUP INT QUIT USR1 USR2 PIPE ALRM TERM CHLD URG XCPU XFSZ VTALRM PROF WINCH IO PWR], sa_flags=SA_RESTORER|SA_ONSTACK|SA_SIGINFO, sa_restorer=0x7f7f69fd65b0}, NULL, 8) = 0
27424<grep> 22:19:15 rt_sigaction(SIGSEGV, {sa_handler=0x55fdab58a4a0, sa_mask=[HUP INT QUIT USR1 USR2 PIPE ALRM TERM CHLD URG XCPU XFSZ VTALRM PROF WINCH IO PWR], sa_flags=SA_RESTORER|SA_ONSTACK|SA_SIGINFO, sa_restorer=0x7f7f69fd65b0}, NULL, 8) = 0
27424<grep> 22:19:15 openat(AT_FDCWD</home/catastor>, "/etc/GREP_COLORS", O_RDONLY|O_NOCTTY) = 3</etc/GREP_COLORS>
27424<grep> 22:19:15 fstat(3</etc/GREP_COLORS>, {st_mode=S_IFREG|0644, st_size=94, ...}) = 0
27424<grep> 22:19:15 read(3</etc/GREP_COLORS>, "# Configuration file for the col"..., 98304) = 94
27424<grep> 22:19:15 read(3</etc/GREP_COLORS>, "", 98304) = 0
27424<grep> 22:19:15 close(3</etc/GREP_COLORS>) = 0
27424<grep> 22:19:15 close(1</dev/pts/6<char 136:6>>) = 0
27424<grep> 22:19:15 close(2</dev/pts/6<char 136:6>>) = 0
27424<grep> 22:19:15 exit_group(1)      = ?
27424<grep> 22:19:15 +++ exited with 1 +++
27423<grepconf.sh> 22:19:15 <... wait4 resumed>, [{WIFEXITED(s) && WEXITSTATUS(s) == 1}], 0, NULL) = 27424
27423<grepconf.sh> 22:19:15 rt_sigaction(SIGINT, {sa_handler=SIG_DFL, sa_mask=[], sa_flags=SA_RESTORER, sa_restorer=0x7f6ba700b5b0}, {sa_handler=0x55e16f992d80, sa_mask=[], sa_flags=SA_RESTORER, sa_restorer=0x7f6ba700b5b0}, 8) = 0
27423<grepconf.sh> 22:19:15 ioctl(2</dev/pts/6<char 136:6>>, TIOCGWINSZ, {ws_row=39, ws_col=212, ws_xpixel=0, ws_ypixel=0}) = 0
27423<grepconf.sh> 22:19:15 rt_sigprocmask(SIG_SETMASK, [], NULL, 8) = 0
27423<grepconf.sh> 22:19:15 --- SIGCHLD {si_signo=SIGCHLD, si_code=CLD_EXITED, si_pid=27424, si_uid=1000, si_status=1, si_utime=0, si_stime=0} ---
27423<grepconf.sh> 22:19:15 wait4(-1, 0x7ffe5dba46d4, WNOHANG, NULL) = -1 ECHILD (No child processes)
27423<grepconf.sh> 22:19:15 rt_sigreturn({mask=[]}) = 0
27423<grepconf.sh> 22:19:15 read(255</usr/libexec/grepconf.sh>, "", 257) = 0
27423<grepconf.sh> 22:19:15 exit_group(0) = ?
27423<grepconf.sh> 22:19:15 +++ exited with 0 +++
27408<bash> 22:19:15 <... wait4 resumed>, [{WIFEXITED(s) && WEXITSTATUS(s) == 0}], 0, NULL) = 27423
27408<bash> 22:19:15 rt_sigaction(SIGINT, {sa_handler=0x55e6ca034cf0, sa_mask=[], sa_flags=SA_RESTORER, sa_restorer=0x7fa306ca35b0}, {sa_handler=0x55e6ca002d80, sa_mask=[], sa_flags=SA_RESTORER, sa_restorer=0x7fa306ca35b0}, 8) = 0
27408<bash> 22:19:15 ioctl(255</dev/pts/6<char 136:6>>, TCGETS2, {c_iflag=ICRNL|IXON|IUTF8, c_oflag=NL0|CR0|TAB0|BS0|VT0|FF0|OPOST|ONLCR, c_cflag=B38400|CS8|CREAD, c_lflag=ISIG|ICANON|ECHO|ECHOE|ECHOK|IEXTEN|ECHOCTL|ECHOKE, ...}) = 0
27408<bash> 22:19:15 ioctl(255</dev/pts/6<char 136:6>>, TIOCGWINSZ, {ws_row=39, ws_col=212, ws_xpixel=0, ws_ypixel=0}) = 0
27408<bash> 22:19:15 rt_sigprocmask(SIG_SETMASK, [], NULL, 8) = 0
27408<bash> 22:19:15 --- SIGCHLD {si_signo=SIGCHLD, si_code=CLD_EXITED, si_pid=27423, si_uid=1000, si_status=0, si_utime=0, si_stime=0} ---
27408<bash> 22:19:15 wait4(-1, 0x7ffee29a8dd4, WNOHANG, NULL) = -1 ECHILD (No child processes)
27408<bash> 22:19:15 rt_sigreturn({mask=[]}) = 0
27408<bash> 22:19:15 openat(AT_FDCWD</home/catastor>, "/dev/null", O_WRONLY|O_CREAT|O_TRUNC, 0666) = 3</dev/null<char 1:3>>
27408<bash> 22:19:15 fcntl(2</dev/pts/6<char 136:6>>, F_GETFD) = 0
27408<bash> 22:19:15 fcntl(2</dev/pts/6<char 136:6>>, F_DUPFD, 10) = 10</dev/pts/6<char 136:6>>
27408<bash> 22:19:15 fcntl(2</dev/pts/6<char 136:6>>, F_GETFD) = 0
27408<bash> 22:19:15 fcntl(10</dev/pts/6<char 136:6>>, F_SETFD, FD_CLOEXEC) = 0
27408<bash> 22:19:15 dup2(3</dev/null<char 1:3>>, 2</dev/pts/6<char 136:6>>) = 2</dev/null<char 1:3>>
27408<bash> 22:19:15 close(3</dev/null<char 1:3>>) = 0
27408<bash> 22:19:15 dup2(10</dev/pts/6<char 136:6>>, 2</dev/null<char 1:3>>) = 2</dev/pts/6<char 136:6>>
27408<bash> 22:19:15 fcntl(10</dev/pts/6<char 136:6>>, F_GETFD) = 0x1 (flags FD_CLOEXEC)
27408<bash> 22:19:15 close(10</dev/pts/6<char 136:6>>) = 0
27408<bash> 22:19:15 openat(AT_FDCWD</home/catastor>, "/dev/null", O_WRONLY|O_CREAT|O_TRUNC, 0666) = 3</dev/null<char 1:3>>
27408<bash> 22:19:15 fcntl(2</dev/pts/6<char 136:6>>, F_GETFD) = 0
27408<bash> 22:19:15 fcntl(2</dev/pts/6<char 136:6>>, F_DUPFD, 10) = 10</dev/pts/6<char 136:6>>
27408<bash> 22:19:15 fcntl(2</dev/pts/6<char 136:6>>, F_GETFD) = 0
27408<bash> 22:19:15 fcntl(10</dev/pts/6<char 136:6>>, F_SETFD, FD_CLOEXEC) = 0
27408<bash> 22:19:15 dup2(3</dev/null<char 1:3>>, 2</dev/pts/6<char 136:6>>) = 2</dev/null<char 1:3>>
27408<bash> 22:19:15 close(3</dev/null<char 1:3>>) = 0
27408<bash> 22:19:15 dup2(10</dev/pts/6<char 136:6>>, 2</dev/null<char 1:3>>) = 2</dev/pts/6<char 136:6>>
27408<bash> 22:19:15 fcntl(10</dev/pts/6<char 136:6>>, F_GETFD) = 0x1 (flags FD_CLOEXEC)
27408<bash> 22:19:15 close(10</dev/pts/6<char 136:6>>) = 0
27408<bash> 22:19:15 openat(AT_FDCWD</home/catastor>, "/dev/null", O_WRONLY|O_CREAT|O_TRUNC, 0666) = 3</dev/null<char 1:3>>
27408<bash> 22:19:15 fcntl(2</dev/pts/6<char 136:6>>, F_GETFD) = 0
27408<bash> 22:19:15 fcntl(2</dev/pts/6<char 136:6>>, F_DUPFD, 10) = 10</dev/pts/6<char 136:6>>
27408<bash> 22:19:15 fcntl(2</dev/pts/6<char 136:6>>, F_GETFD) = 0
27408<bash> 22:19:15 fcntl(10</dev/pts/6<char 136:6>>, F_SETFD, FD_CLOEXEC) = 0
27408<bash> 22:19:15 dup2(3</dev/null<char 1:3>>, 2</dev/pts/6<char 136:6>>) = 2</dev/null<char 1:3>>
27408<bash> 22:19:15 close(3</dev/null<char 1:3>>) = 0
27408<bash> 22:19:15 dup2(10</dev/pts/6<char 136:6>>, 2</dev/null<char 1:3>>) = 2</dev/pts/6<char 136:6>>
27408<bash> 22:19:15 fcntl(10</dev/pts/6<char 136:6>>, F_GETFD) = 0x1 (flags FD_CLOEXEC)
27408<bash> 22:19:15 close(10</dev/pts/6<char 136:6>>) = 0
27408<bash> 22:19:15 rt_sigprocmask(SIG_BLOCK, [CHLD], [], 8) = 0
27408<bash> 22:19:15 rt_sigprocmask(SIG_SETMASK, [], NULL, 8) = 0
27408<bash> 22:19:15 faccessat2(AT_FDCWD</home/catastor>, "/etc/profile.d/colorzgrep.sh", R_OK, AT_EACCESS) = 0
27408<bash> 22:19:15 openat(AT_FDCWD</home/catastor>, "/etc/profile.d/colorzgrep.sh", O_RDONLY) = 3</etc/profile.d/colorzgrep.sh>
27408<bash> 22:19:15 fstat(3</etc/profile.d/colorzgrep.sh>, {st_mode=S_IFREG|0644, st_size=220, ...}) = 0
27408<bash> 22:19:15 read(3</etc/profile.d/colorzgrep.sh>, "[ -f /usr/libexec/grepconf.sh ] "..., 220) = 220
27408<bash> 22:19:15 close(3</etc/profile.d/colorzgrep.sh>) = 0
27408<bash> 22:19:15 rt_sigprocmask(SIG_BLOCK, NULL, [], 8) = 0
27408<bash> 22:19:15 newfstatat(AT_FDCWD</home/catastor>, "/usr/libexec/grepconf.sh", {st_mode=S_IFREG|0755, st_size=257, ...}, 0) = 0
27408<bash> 22:19:15 rt_sigprocmask(SIG_BLOCK, NULL, [], 8) = 0
27408<bash> 22:19:15 rt_sigprocmask(SIG_BLOCK, [INT TERM CHLD], [], 8) = 0
27408<bash> 22:19:15 rt_sigaction(SIGTERM, {sa_handler=SIG_DFL, sa_mask=[], sa_flags=SA_RESTORER, sa_restorer=0x7fa306ca35b0}, {sa_handler=SIG_IGN, sa_mask=[], sa_flags=SA_RESTORER, sa_restorer=0x7fa306ca35b0}, 8) = 0
27408<bash> 22:19:15 rt_sigprocmask(SIG_BLOCK, ~[], [INT TERM CHLD], 8) = 0
27408<bash> 22:19:15 clone(child_stack=NULL, flags=CLONE_CHILD_CLEARTID|CLONE_CHILD_SETTID|SIGCHLD, child_tidptr=0x7fa306c86a10) = 27425<bash>
27408<bash> 22:19:15 rt_sigprocmask(SIG_SETMASK, [INT TERM CHLD] <unfinished ...>
27425<bash> 22:19:15 set_robust_list(0x7fa306c86a20, 24 <unfinished ...>
27408<bash> 22:19:15 <... rt_sigprocmask resumed>, NULL, 8) = 0
27425<bash> 22:19:15 <... set_robust_list resumed>) = 0
27408<bash> 22:19:15 rt_sigaction(SIGTERM, {sa_handler=SIG_IGN, sa_mask=[], sa_flags=SA_RESTORER, sa_restorer=0x7fa306ca35b0} <unfinished ...>
27425<bash> 22:19:15 rt_sigprocmask(SIG_SETMASK, [INT TERM CHLD] <unfinished ...>
27408<bash> 22:19:15 <... rt_sigaction resumed>, {sa_handler=SIG_DFL, sa_mask=[], sa_flags=SA_RESTORER, sa_restorer=0x7fa306ca35b0}, 8) = 0
27425<bash> 22:19:15 <... rt_sigprocmask resumed>, NULL, 8) = 0
27408<bash> 22:19:15 rt_sigprocmask(SIG_SETMASK, [] <unfinished ...>
27425<bash> 22:19:15 getpid()           = 27425<bash>
27408<bash> 22:19:15 <... rt_sigprocmask resumed>, NULL, 8) = 0
27425<bash> 22:19:15 rt_sigprocmask(SIG_SETMASK, [], NULL, 8) = 0
27425<bash> 22:19:15 rt_sigaction(SIGTSTP, {sa_handler=SIG_DFL, sa_mask=[], sa_flags=SA_RESTORER, sa_restorer=0x7fa306ca35b0} <unfinished ...>
27408<bash> 22:19:15 rt_sigprocmask(SIG_BLOCK, [CHLD] <unfinished ...>
27425<bash> 22:19:15 <... rt_sigaction resumed>, {sa_handler=SIG_IGN, sa_mask=[], sa_flags=SA_RESTORER, sa_restorer=0x7fa306ca35b0}, 8) = 0
27408<bash> 22:19:15 <... rt_sigprocmask resumed>, [], 8) = 0
27425<bash> 22:19:15 rt_sigaction(SIGTTIN, {sa_handler=SIG_DFL, sa_mask=[], sa_flags=SA_RESTORER, sa_restorer=0x7fa306ca35b0} <unfinished ...>
27408<bash> 22:19:15 rt_sigprocmask(SIG_SETMASK, [] <unfinished ...>
27425<bash> 22:19:15 <... rt_sigaction resumed>, {sa_handler=SIG_IGN, sa_mask=[], sa_flags=SA_RESTORER, sa_restorer=0x7fa306ca35b0}, 8) = 0
27408<bash> 22:19:15 <... rt_sigprocmask resumed>, NULL, 8) = 0
27425<bash> 22:19:15 rt_sigaction(SIGTTOU, {sa_handler=SIG_DFL, sa_mask=[], sa_flags=SA_RESTORER, sa_restorer=0x7fa306ca35b0} <unfinished ...>
27408<bash> 22:19:15 rt_sigprocmask(SIG_BLOCK, [CHLD] <unfinished ...>
27425<bash> 22:19:15 <... rt_sigaction resumed>, {sa_handler=SIG_IGN, sa_mask=[], sa_flags=SA_RESTORER, sa_restorer=0x7fa306ca35b0}, 8) = 0
27408<bash> 22:19:15 <... rt_sigprocmask resumed>, [], 8) = 0
27425<bash> 22:19:15 rt_sigaction(SIGHUP, {sa_handler=SIG_DFL, sa_mask=[], sa_flags=SA_RESTORER, sa_restorer=0x7fa306ca35b0}, NULL, 8) = 0
27408<bash> 22:19:15 rt_sigaction(SIGINT, {sa_handler=0x55e6ca002d80, sa_mask=[], sa_flags=SA_RESTORER, sa_restorer=0x7fa306ca35b0} <unfinished ...>
27425<bash> 22:19:15 rt_sigaction(SIGILL, {sa_handler=SIG_DFL, sa_mask=[], sa_flags=SA_RESTORER, sa_restorer=0x7fa306ca35b0}, NULL, 8) = 0
27408<bash> 22:19:15 <... rt_sigaction resumed>, {sa_handler=0x55e6ca034cf0, sa_mask=[], sa_flags=SA_RESTORER, sa_restorer=0x7fa306ca35b0}, 8) = 0
27425<bash> 22:19:15 rt_sigaction(SIGTRAP, {sa_handler=SIG_DFL, sa_mask=[], sa_flags=SA_RESTORER, sa_restorer=0x7fa306ca35b0} <unfinished ...>
27408<bash> 22:19:15 wait4(-1 <unfinished ...>
27425<bash> 22:19:15 <... rt_sigaction resumed>, NULL, 8) = 0
27425<bash> 22:19:15 rt_sigprocmask(SIG_BLOCK, ~[], [], 8) = 0
27425<bash> 22:19:15 rt_sigaction(SIGABRT, {sa_handler=SIG_DFL, sa_mask=[], sa_flags=SA_RESTORER, sa_restorer=0x7fa306ca35b0}, NULL, 8) = 0
27425<bash> 22:19:15 rt_sigprocmask(SIG_SETMASK, [], NULL, 8) = 0
27425<bash> 22:19:15 rt_sigaction(SIGFPE, {sa_handler=SIG_DFL, sa_mask=[], sa_flags=SA_RESTORER, sa_restorer=0x7fa306ca35b0}, NULL, 8) = 0
27425<bash> 22:19:15 rt_sigaction(SIGBUS, {sa_handler=SIG_DFL, sa_mask=[], sa_flags=SA_RESTORER, sa_restorer=0x7fa306ca35b0}, NULL, 8) = 0
27425<bash> 22:19:15 rt_sigaction(SIGSEGV, {sa_handler=SIG_DFL, sa_mask=[], sa_flags=SA_RESTORER, sa_restorer=0x7fa306ca35b0}, NULL, 8) = 0
27425<bash> 22:19:15 rt_sigaction(SIGSYS, {sa_handler=SIG_DFL, sa_mask=[], sa_flags=SA_RESTORER, sa_restorer=0x7fa306ca35b0}, NULL, 8) = 0
27425<bash> 22:19:15 rt_sigaction(SIGPIPE, {sa_handler=SIG_DFL, sa_mask=[], sa_flags=SA_RESTORER, sa_restorer=0x7fa306ca35b0}, NULL, 8) = 0
27425<bash> 22:19:15 rt_sigaction(SIGALRM, {sa_handler=SIG_DFL, sa_mask=[], sa_flags=SA_RESTORER, sa_restorer=0x7fa306ca35b0}, NULL, 8) = 0
27425<bash> 22:19:15 rt_sigaction(SIGXCPU, {sa_handler=SIG_DFL, sa_mask=[], sa_flags=SA_RESTORER, sa_restorer=0x7fa306ca35b0}, NULL, 8) = 0
27425<bash> 22:19:15 rt_sigaction(SIGXFSZ, {sa_handler=SIG_DFL, sa_mask=[], sa_flags=SA_RESTORER, sa_restorer=0x7fa306ca35b0}, NULL, 8) = 0
27425<bash> 22:19:15 rt_sigaction(SIGVTALRM, {sa_handler=SIG_DFL, sa_mask=[], sa_flags=SA_RESTORER, sa_restorer=0x7fa306ca35b0}, NULL, 8) = 0
27425<bash> 22:19:15 rt_sigaction(SIGUSR1, {sa_handler=SIG_DFL, sa_mask=[], sa_flags=SA_RESTORER, sa_restorer=0x7fa306ca35b0}, NULL, 8) = 0
27425<bash> 22:19:15 rt_sigaction(SIGUSR2, {sa_handler=SIG_DFL, sa_mask=[], sa_flags=SA_RESTORER, sa_restorer=0x7fa306ca35b0}, NULL, 8) = 0
27425<bash> 22:19:15 rt_sigaction(SIGINT, {sa_handler=SIG_DFL, sa_mask=[], sa_flags=SA_RESTORER, sa_restorer=0x7fa306ca35b0}, {sa_handler=0x55e6ca034cf0, sa_mask=[], sa_flags=SA_RESTORER, sa_restorer=0x7fa306ca35b0}, 8) = 0
27425<bash> 22:19:15 rt_sigaction(SIGQUIT, {sa_handler=SIG_DFL, sa_mask=[], sa_flags=SA_RESTORER, sa_restorer=0x7fa306ca35b0}, {sa_handler=SIG_IGN, sa_mask=[], sa_flags=SA_RESTORER, sa_restorer=0x7fa306ca35b0}, 8) = 0
27425<bash> 22:19:15 rt_sigaction(SIGTERM, {sa_handler=SIG_DFL, sa_mask=[], sa_flags=SA_RESTORER, sa_restorer=0x7fa306ca35b0}, {sa_handler=SIG_DFL, sa_mask=[], sa_flags=SA_RESTORER, sa_restorer=0x7fa306ca35b0}, 8) = 0
27425<bash> 22:19:15 rt_sigaction(SIGCHLD, {sa_handler=SIG_DFL, sa_mask=[], sa_flags=SA_RESTORER|SA_RESTART, sa_restorer=0x7fa306ca35b0}, {sa_handler=0x55e6ca0068d0, sa_mask=[], sa_flags=SA_RESTORER|SA_RESTART, sa_restorer=0x7fa306ca35b0}, 8) = 0
27425<bash> 22:19:15 execve("/usr/libexec/grepconf.sh", ["/usr/libexec/grepconf.sh", "-c"], 0x55e6cc5a87c0 /* 27 vars */) = 0
27425<grepconf.sh> 22:19:15 brk(NULL)   = 0x55ff0b48a000
27425<grepconf.sh> 22:19:15 access("/etc/ld.so.preload", R_OK) = -1 ENOENT (No such file or directory)
27425<grepconf.sh> 22:19:15 openat(AT_FDCWD</home/catastor>, "/etc/ld.so.cache", O_RDONLY|O_CLOEXEC) = 3</etc/ld.so.cache>
27425<grepconf.sh> 22:19:15 fstat(3</etc/ld.so.cache>, {st_mode=S_IFREG|0644, st_size=74499, ...}) = 0
27425<grepconf.sh> 22:19:15 mmap(NULL, 74499, PROT_READ, MAP_PRIVATE, 3</etc/ld.so.cache>, 0) = 0x7f87f3ff2000
27425<grepconf.sh> 22:19:15 close(3</etc/ld.so.cache>) = 0
27425<grepconf.sh> 22:19:15 openat(AT_FDCWD</home/catastor>, "/lib64/libtinfo.so.6", O_RDONLY|O_CLOEXEC) = 3</usr/lib64/libtinfo.so.6.6>
27425<grepconf.sh> 22:19:15 read(3</usr/lib64/libtinfo.so.6.6>, "\177ELF\2\1\1\0\0\0\0\0\0\0\0\0\3\0>\0\1\0\0\0\0\0\0\0\0\0\0\0"..., 832) = 832
27425<grepconf.sh> 22:19:15 fstat(3</usr/lib64/libtinfo.so.6.6>, {st_mode=S_IFREG|0755, st_size=187232, ...}) = 0
27425<grepconf.sh> 22:19:15 mmap(NULL, 8192, PROT_READ|PROT_WRITE, MAP_PRIVATE|MAP_ANONYMOUS, -1, 0) = 0x7f87f3ff0000
27425<grepconf.sh> 22:19:15 mmap(NULL, 182528, PROT_READ|PROT_EXEC, MAP_PRIVATE|MAP_DENYWRITE, 3</usr/lib64/libtinfo.so.6.6>, 0) = 0x7f87f3fc3000
27425<grepconf.sh> 22:19:15 mmap(0x7f87f3fd8000, 77824, PROT_READ, MAP_PRIVATE|MAP_FIXED|MAP_DENYWRITE, 3</usr/lib64/libtinfo.so.6.6>, 0x15000) = 0x7f87f3fd8000
27425<grepconf.sh> 22:19:15 mmap(0x7f87f3feb000, 20480, PROT_READ|PROT_WRITE, MAP_PRIVATE|MAP_FIXED|MAP_DENYWRITE, 3</usr/lib64/libtinfo.so.6.6>, 0x28000) = 0x7f87f3feb000
27425<grepconf.sh> 22:19:15 close(3</usr/lib64/libtinfo.so.6.6>) = 0
27425<grepconf.sh> 22:19:15 openat(AT_FDCWD</home/catastor>, "/lib64/libc.so.6", O_RDONLY|O_CLOEXEC) = 3</usr/lib64/libc.so.6>
27425<grepconf.sh> 22:19:15 read(3</usr/lib64/libc.so.6>, "\177ELF\2\1\1\3\0\0\0\0\0\0\0\0\3\0>\0\1\0\0\0\2408\0\0\0\0\0\0"..., 832) = 832
27425<grepconf.sh> 22:19:15 pread64(3</usr/lib64/libc.so.6>, "\6\0\0\0\4\0\0\0@\0\0\0\0\0\0\0@\0\0\0\0\0\0\0@\0\0\0\0\0\0\0"..., 784, 64) = 784
27425<grepconf.sh> 22:19:15 fstat(3</usr/lib64/libc.so.6>, {st_mode=S_IFREG|0755, st_size=2490288, ...}) = 0
27425<grepconf.sh> 22:19:15 pread64(3</usr/lib64/libc.so.6>, "\6\0\0\0\4\0\0\0@\0\0\0\0\0\0\0@\0\0\0\0\0\0\0@\0\0\0\0\0\0\0"..., 784, 64) = 784
27425<grepconf.sh> 22:19:15 mmap(NULL, 2075504, PROT_READ|PROT_EXEC, MAP_PRIVATE|MAP_DENYWRITE, 3</usr/lib64/libc.so.6>, 0) = 0x7f87f3dc8000
27425<grepconf.sh> 22:19:15 mmap(0x7f87f3f3c000, 495616, PROT_READ, MAP_PRIVATE|MAP_FIXED|MAP_DENYWRITE, 3</usr/lib64/libc.so.6>, 0x174000) = 0x7f87f3f3c000
27425<grepconf.sh> 22:19:15 mmap(0x7f87f3fb5000, 24576, PROT_READ|PROT_WRITE, MAP_PRIVATE|MAP_FIXED|MAP_DENYWRITE, 3</usr/lib64/libc.so.6>, 0x1ed000) = 0x7f87f3fb5000
27425<grepconf.sh> 22:19:15 mmap(0x7f87f3fbb000, 31600, PROT_READ|PROT_WRITE, MAP_PRIVATE|MAP_FIXED|MAP_ANONYMOUS, -1, 0) = 0x7f87f3fbb000
27425<grepconf.sh> 22:19:15 close(3</usr/lib64/libc.so.6>) = 0
27425<grepconf.sh> 22:19:15 mmap(NULL, 12288, PROT_READ|PROT_WRITE, MAP_PRIVATE|MAP_ANONYMOUS, -1, 0) = 0x7f87f3dc5000
27425<grepconf.sh> 22:19:15 arch_prctl(ARCH_SET_FS, 0x7f87f3dc5740) = 0
27425<grepconf.sh> 22:19:15 set_tid_address(0x7f87f3dc5d68) = 27425<grepconf.sh>
27425<grepconf.sh> 22:19:15 set_robust_list(0x7f87f3dc5a20, 24) = 0
27425<grepconf.sh> 22:19:15 rseq({cpu_id_start=0, cpu_id=RSEQ_CPU_ID_UNINITIALIZED, rseq_cs=NULL, flags=0, node_id=0, mm_cid=0, slice_ctrl={request=0, granted=0, __reserved=0}, __reserved=0}, 32, 0, 0x53053053) = 0
27425<grepconf.sh> 22:19:15 mprotect(0x7f87f3fb5000, 16384, PROT_READ) = 0
27425<grepconf.sh> 22:19:15 mprotect(0x7f87f3feb000, 16384, PROT_READ) = 0
27425<grepconf.sh> 22:19:15 mprotect(0x55ff09d97000, 16384, PROT_READ) = 0
27425<grepconf.sh> 22:19:15 mprotect(0x7f87f4043000, 8192, PROT_READ) = 0
27425<grepconf.sh> 22:19:15 prlimit64(0, RLIMIT_STACK, NULL, {rlim_cur=8192*1024, rlim_max=RLIM64_INFINITY}) = 0
27425<grepconf.sh> 22:19:15 getrandom("\x0f\x2c\xcf\x57\x0d\x99\xb0\xef", 8, GRND_NONBLOCK) = 8
27425<grepconf.sh> 22:19:15 munmap(0x7f87f3ff2000, 74499) = 0
27425<grepconf.sh> 22:19:15 openat(AT_FDCWD</home/catastor>, "/dev/tty", O_RDWR|O_NONBLOCK) = 3</dev/tty<char 5:0>>
27425<grepconf.sh> 22:19:15 close(3</dev/tty<char 5:0>>) = 0
27425<grepconf.sh> 22:19:15 brk(NULL)   = 0x55ff0b48a000
27425<grepconf.sh> 22:19:15 brk(0x55ff0b4ab000) = 0x55ff0b4ab000
27425<grepconf.sh> 22:19:15 getresuid([1000], [1000], [1000]) = 0
27425<grepconf.sh> 22:19:15 getresgid([1000], [1000], [1000]) = 0
27425<grepconf.sh> 22:19:15 rt_sigprocmask(SIG_BLOCK, NULL, [], 8) = 0
27425<grepconf.sh> 22:19:15 rt_sigaction(SIGCHLD, {sa_handler=SIG_DFL, sa_mask=[], sa_flags=SA_RESTORER|SA_RESTART, sa_restorer=0x7f87f3de25b0}, {sa_handler=SIG_DFL, sa_mask=[], sa_flags=0}, 8) = 0
27425<grepconf.sh> 22:19:15 rt_sigaction(SIGCHLD, {sa_handler=SIG_DFL, sa_mask=[], sa_flags=SA_RESTORER|SA_RESTART, sa_restorer=0x7f87f3de25b0}, {sa_handler=SIG_DFL, sa_mask=[], sa_flags=SA_RESTORER|SA_RESTART, sa_restorer=0x7f87f3de25b0}, 8) = 0
27425<grepconf.sh> 22:19:15 rt_sigaction(SIGINT, {sa_handler=SIG_DFL, sa_mask=[], sa_flags=SA_RESTORER, sa_restorer=0x7f87f3de25b0}, {sa_handler=SIG_DFL, sa_mask=[], sa_flags=0}, 8) = 0
27425<grepconf.sh> 22:19:15 rt_sigaction(SIGINT, {sa_handler=SIG_DFL, sa_mask=[], sa_flags=SA_RESTORER, sa_restorer=0x7f87f3de25b0}, {sa_handler=SIG_DFL, sa_mask=[], sa_flags=SA_RESTORER, sa_restorer=0x7f87f3de25b0}, 8) = 0
27425<grepconf.sh> 22:19:15 rt_sigaction(SIGQUIT, {sa_handler=SIG_DFL, sa_mask=[], sa_flags=SA_RESTORER, sa_restorer=0x7f87f3de25b0}, {sa_handler=SIG_DFL, sa_mask=[], sa_flags=0}, 8) = 0
27425<grepconf.sh> 22:19:15 rt_sigaction(SIGQUIT, {sa_handler=SIG_DFL, sa_mask=[], sa_flags=SA_RESTORER, sa_restorer=0x7f87f3de25b0}, {sa_handler=SIG_DFL, sa_mask=[], sa_flags=SA_RESTORER, sa_restorer=0x7f87f3de25b0}, 8) = 0
27425<grepconf.sh> 22:19:15 rt_sigaction(SIGTSTP, {sa_handler=SIG_DFL, sa_mask=[], sa_flags=SA_RESTORER, sa_restorer=0x7f87f3de25b0}, {sa_handler=SIG_DFL, sa_mask=[], sa_flags=0}, 8) = 0
27425<grepconf.sh> 22:19:15 rt_sigaction(SIGTSTP, {sa_handler=SIG_DFL, sa_mask=[], sa_flags=SA_RESTORER, sa_restorer=0x7f87f3de25b0}, {sa_handler=SIG_DFL, sa_mask=[], sa_flags=SA_RESTORER, sa_restorer=0x7f87f3de25b0}, 8) = 0
27425<grepconf.sh> 22:19:15 rt_sigaction(SIGTTIN, {sa_handler=SIG_DFL, sa_mask=[], sa_flags=SA_RESTORER, sa_restorer=0x7f87f3de25b0}, {sa_handler=SIG_DFL, sa_mask=[], sa_flags=0}, 8) = 0
27425<grepconf.sh> 22:19:15 rt_sigaction(SIGTTIN, {sa_handler=SIG_DFL, sa_mask=[], sa_flags=SA_RESTORER, sa_restorer=0x7f87f3de25b0}, {sa_handler=SIG_DFL, sa_mask=[], sa_flags=SA_RESTORER, sa_restorer=0x7f87f3de25b0}, 8) = 0
27425<grepconf.sh> 22:19:15 rt_sigaction(SIGTTOU, {sa_handler=SIG_DFL, sa_mask=[], sa_flags=SA_RESTORER, sa_restorer=0x7f87f3de25b0}, {sa_handler=SIG_DFL, sa_mask=[], sa_flags=0}, 8) = 0
27425<grepconf.sh> 22:19:15 rt_sigaction(SIGTTOU, {sa_handler=SIG_DFL, sa_mask=[], sa_flags=SA_RESTORER, sa_restorer=0x7f87f3de25b0}, {sa_handler=SIG_DFL, sa_mask=[], sa_flags=SA_RESTORER, sa_restorer=0x7f87f3de25b0}, 8) = 0
27425<grepconf.sh> 22:19:15 rt_sigprocmask(SIG_BLOCK, NULL, [], 8) = 0
27425<grepconf.sh> 22:19:15 rt_sigaction(SIGQUIT, {sa_handler=SIG_IGN, sa_mask=[], sa_flags=SA_RESTORER, sa_restorer=0x7f87f3de25b0}, {sa_handler=SIG_DFL, sa_mask=[], sa_flags=SA_RESTORER, sa_restorer=0x7f87f3de25b0}, 8) = 0
27425<grepconf.sh> 22:19:15 uname({sysname="Linux", nodename="fedora", ...}) = 0
27425<grepconf.sh> 22:19:15 newfstatat(AT_FDCWD</home/catastor>, "/home/catastor", {st_mode=S_IFDIR|0700, st_size=716, ...}, 0) = 0
27425<grepconf.sh> 22:19:15 newfstatat(AT_FDCWD</home/catastor>, ".", {st_mode=S_IFDIR|0700, st_size=716, ...}, 0) = 0
27425<grepconf.sh> 22:19:15 newfstatat(AT_FDCWD</home/catastor>, "/home", {st_mode=S_IFDIR|0755, st_size=16, ...}, 0) = 0
27425<grepconf.sh> 22:19:15 newfstatat(AT_FDCWD</home/catastor>, "/home/catastor", {st_mode=S_IFDIR|0700, st_size=716, ...}, 0) = 0
27425<grepconf.sh> 22:19:15 getpid()    = 27425<grepconf.sh>
27425<grepconf.sh> 22:19:15 getppid()   = 27408<bash>
27425<grepconf.sh> 22:19:15 getpid()    = 27425<grepconf.sh>
27425<grepconf.sh> 22:19:15 getppid()   = 27408<bash>
27425<grepconf.sh> 22:19:15 getpid()    = 27425<grepconf.sh>
27425<grepconf.sh> 22:19:15 getppid()   = 27408<bash>
27425<grepconf.sh> 22:19:15 getpgrp()   = 27408
27425<grepconf.sh> 22:19:15 ioctl(2</dev/pts/6<char 136:6>>, TIOCGPGRP, [27408]) = 0
27425<grepconf.sh> 22:19:15 rt_sigaction(SIGCHLD, {sa_handler=0x55ff09c758d0, sa_mask=[], sa_flags=SA_RESTORER|SA_RESTART, sa_restorer=0x7f87f3de25b0}, {sa_handler=SIG_DFL, sa_mask=[], sa_flags=SA_RESTORER|SA_RESTART, sa_restorer=0x7f87f3de25b0}, 8) = 0
27425<grepconf.sh> 22:19:15 prlimit64(0, RLIMIT_NPROC, NULL, {rlim_cur=15396, rlim_max=15396}) = 0
27425<grepconf.sh> 22:19:15 rt_sigprocmask(SIG_BLOCK, NULL, [], 8) = 0
27425<grepconf.sh> 22:19:15 openat(AT_FDCWD</home/catastor>, "/usr/libexec/grepconf.sh", O_RDONLY) = 3</usr/libexec/grepconf.sh>
27425<grepconf.sh> 22:19:15 newfstatat(AT_FDCWD</home/catastor>, "/usr/libexec/grepconf.sh", {st_mode=S_IFREG|0755, st_size=257, ...}, 0) = 0
27425<grepconf.sh> 22:19:15 ioctl(3</usr/libexec/grepconf.sh>, TCGETS2, 0x7ffe6dfca9d0) = -1 ENOTTY (Inappropriate ioctl for device)
27425<grepconf.sh> 22:19:15 lseek(3</usr/libexec/grepconf.sh>, 0, SEEK_CUR) = 0
27425<grepconf.sh> 22:19:15 read(3</usr/libexec/grepconf.sh>, "#!/usr/bin/sh\n\ncase \"$1\" in\n    "..., 80) = 80
27425<grepconf.sh> 22:19:15 lseek(3</usr/libexec/grepconf.sh>, 0, SEEK_SET) = 0
27425<grepconf.sh> 22:19:15 prlimit64(0, RLIMIT_NOFILE, NULL, {rlim_cur=1024, rlim_max=512*1024}) = 0
27425<grepconf.sh> 22:19:15 fcntl(255, F_GETFD) = -1 EBADF (Bad file descriptor)
27425<grepconf.sh> 22:19:15 dup2(3</usr/libexec/grepconf.sh>, 255) = 255</usr/libexec/grepconf.sh>
27425<grepconf.sh> 22:19:15 close(3</usr/libexec/grepconf.sh>) = 0
27425<grepconf.sh> 22:19:15 fcntl(255</usr/libexec/grepconf.sh>, F_SETFD, FD_CLOEXEC) = 0
27425<grepconf.sh> 22:19:15 fcntl(255</usr/libexec/grepconf.sh>, F_GETFL) = 0x8000 (flags O_RDONLY|O_LARGEFILE)
27425<grepconf.sh> 22:19:15 fstat(255</usr/libexec/grepconf.sh>, {st_mode=S_IFREG|0755, st_size=257, ...}) = 0
27425<grepconf.sh> 22:19:15 lseek(255</usr/libexec/grepconf.sh>, 0, SEEK_CUR) = 0
27425<grepconf.sh> 22:19:15 read(255</usr/libexec/grepconf.sh>, "#!/usr/bin/sh\n\ncase \"$1\" in\n    "..., 257) = 257
27425<grepconf.sh> 22:19:15 newfstatat(AT_FDCWD</home/catastor>, ".", {st_mode=S_IFDIR|0700, st_size=716, ...}, 0) = 0
27425<grepconf.sh> 22:19:15 newfstatat(AT_FDCWD</home/catastor>, "/usr/local/bin/grep", 0x7ffe6dfca450, 0) = -1 ENOENT (No such file or directory)
27425<grepconf.sh> 22:19:15 newfstatat(AT_FDCWD</home/catastor>, "/usr/bin/grep", {st_mode=S_IFREG|0755, st_size=165528, ...}, 0) = 0
27425<grepconf.sh> 22:19:15 newfstatat(AT_FDCWD</home/catastor>, "/usr/bin/grep", {st_mode=S_IFREG|0755, st_size=165528, ...}, 0) = 0
27425<grepconf.sh> 22:19:15 geteuid()   = 1000
27425<grepconf.sh> 22:19:15 getegid()   = 1000
27425<grepconf.sh> 22:19:15 getuid()    = 1000
27425<grepconf.sh> 22:19:15 getgid()    = 1000
27425<grepconf.sh> 22:19:15 access("/usr/bin/grep", X_OK) = 0
27425<grepconf.sh> 22:19:15 newfstatat(AT_FDCWD</home/catastor>, "/usr/bin/grep", {st_mode=S_IFREG|0755, st_size=165528, ...}, 0) = 0
27425<grepconf.sh> 22:19:15 geteuid()   = 1000
27425<grepconf.sh> 22:19:15 getegid()   = 1000
27425<grepconf.sh> 22:19:15 getuid()    = 1000
27425<grepconf.sh> 22:19:15 getgid()    = 1000
27425<grepconf.sh> 22:19:15 access("/usr/bin/grep", R_OK) = 0
27425<grepconf.sh> 22:19:15 rt_sigprocmask(SIG_BLOCK, NULL, [], 8) = 0
27425<grepconf.sh> 22:19:15 rt_sigprocmask(SIG_BLOCK, [INT TERM CHLD], [], 8) = 0
27425<grepconf.sh> 22:19:15 rt_sigprocmask(SIG_BLOCK, ~[], [INT TERM CHLD], 8) = 0
27425<grepconf.sh> 22:19:15 clone(child_stack=NULL, flags=CLONE_CHILD_CLEARTID|CLONE_CHILD_SETTID|SIGCHLD <unfinished ...>
27426<grepconf.sh> 22:19:15 set_robust_list(0x7f87f3dc5a20, 24 <unfinished ...>
27425<grepconf.sh> 22:19:15 <... clone resumed>, child_tidptr=0x7f87f3dc5a10) = 27426<grepconf.sh>
27426<grepconf.sh> 22:19:15 <... set_robust_list resumed>) = 0
27425<grepconf.sh> 22:19:15 rt_sigprocmask(SIG_SETMASK, [INT TERM CHLD] <unfinished ...>
27426<grepconf.sh> 22:19:15 rt_sigprocmask(SIG_SETMASK, [INT TERM CHLD] <unfinished ...>
27425<grepconf.sh> 22:19:15 <... rt_sigprocmask resumed>, NULL, 8) = 0
27426<grepconf.sh> 22:19:15 <... rt_sigprocmask resumed>, NULL, 8) = 0
27425<grepconf.sh> 22:19:15 rt_sigprocmask(SIG_SETMASK, [] <unfinished ...>
27426<grepconf.sh> 22:19:15 getpid( <unfinished ...>
27425<grepconf.sh> 22:19:15 <... rt_sigprocmask resumed>, NULL, 8) = 0
27426<grepconf.sh> 22:19:15 <... getpid resumed>) = 27426<grepconf.sh>
27425<grepconf.sh> 22:19:15 rt_sigprocmask(SIG_BLOCK, [CHLD] <unfinished ...>
27426<grepconf.sh> 22:19:15 close(255</usr/libexec/grepconf.sh> <unfinished ...>
27425<grepconf.sh> 22:19:15 <... rt_sigprocmask resumed>, [], 8) = 0
27426<grepconf.sh> 22:19:15 <... close resumed>) = 0
27426<grepconf.sh> 22:19:15 rt_sigprocmask(SIG_SETMASK, [] <unfinished ...>
27425<grepconf.sh> 22:19:15 rt_sigprocmask(SIG_SETMASK, [] <unfinished ...>
27426<grepconf.sh> 22:19:15 <... rt_sigprocmask resumed>, NULL, 8) = 0
27425<grepconf.sh> 22:19:15 <... rt_sigprocmask resumed>, NULL, 8) = 0
27426<grepconf.sh> 22:19:15 rt_sigaction(SIGTSTP, {sa_handler=SIG_DFL, sa_mask=[], sa_flags=SA_RESTORER, sa_restorer=0x7f87f3de25b0} <unfinished ...>
27425<grepconf.sh> 22:19:15 rt_sigprocmask(SIG_BLOCK, [CHLD] <unfinished ...>
27426<grepconf.sh> 22:19:15 <... rt_sigaction resumed>, {sa_handler=SIG_DFL, sa_mask=[], sa_flags=SA_RESTORER, sa_restorer=0x7f87f3de25b0}, 8) = 0
27425<grepconf.sh> 22:19:15 <... rt_sigprocmask resumed>, [], 8) = 0
27426<grepconf.sh> 22:19:15 rt_sigaction(SIGTTIN, {sa_handler=SIG_DFL, sa_mask=[], sa_flags=SA_RESTORER, sa_restorer=0x7f87f3de25b0} <unfinished ...>
27425<grepconf.sh> 22:19:15 rt_sigaction(SIGINT, {sa_handler=0x55ff09c71d80, sa_mask=[], sa_flags=SA_RESTORER, sa_restorer=0x7f87f3de25b0} <unfinished ...>
27426<grepconf.sh> 22:19:15 <... rt_sigaction resumed>, {sa_handler=SIG_DFL, sa_mask=[], sa_flags=SA_RESTORER, sa_restorer=0x7f87f3de25b0}, 8) = 0
27425<grepconf.sh> 22:19:15 <... rt_sigaction resumed>, {sa_handler=SIG_DFL, sa_mask=[], sa_flags=SA_RESTORER, sa_restorer=0x7f87f3de25b0}, 8) = 0
27426<grepconf.sh> 22:19:15 rt_sigaction(SIGTTOU, {sa_handler=SIG_DFL, sa_mask=[], sa_flags=SA_RESTORER, sa_restorer=0x7f87f3de25b0} <unfinished ...>
27425<grepconf.sh> 22:19:15 wait4(-1 <unfinished ...>
27426<grepconf.sh> 22:19:15 <... rt_sigaction resumed>, {sa_handler=SIG_DFL, sa_mask=[], sa_flags=SA_RESTORER, sa_restorer=0x7f87f3de25b0}, 8) = 0
27426<grepconf.sh> 22:19:15 rt_sigaction(SIGINT, {sa_handler=SIG_DFL, sa_mask=[], sa_flags=SA_RESTORER, sa_restorer=0x7f87f3de25b0}, {sa_handler=SIG_DFL, sa_mask=[], sa_flags=SA_RESTORER, sa_restorer=0x7f87f3de25b0}, 8) = 0
27426<grepconf.sh> 22:19:15 rt_sigaction(SIGQUIT, {sa_handler=SIG_DFL, sa_mask=[], sa_flags=SA_RESTORER, sa_restorer=0x7f87f3de25b0}, {sa_handler=SIG_IGN, sa_mask=[], sa_flags=SA_RESTORER, sa_restorer=0x7f87f3de25b0}, 8) = 0
27426<grepconf.sh> 22:19:15 rt_sigaction(SIGCHLD, {sa_handler=SIG_DFL, sa_mask=[], sa_flags=SA_RESTORER|SA_RESTART, sa_restorer=0x7f87f3de25b0}, {sa_handler=0x55ff09c758d0, sa_mask=[], sa_flags=SA_RESTORER|SA_RESTART, sa_restorer=0x7f87f3de25b0}, 8) = 0
27426<grepconf.sh> 22:19:15 execve("/usr/bin/grep", ["grep", "-qsi", "^COLOR.*none", "/etc/GREP_COLORS"], 0x55ff0b497220 /* 27 vars */) = 0
27426<grep> 22:19:15 brk(NULL)          = 0x55aa27bf0000
27426<grep> 22:19:15 access("/etc/ld.so.preload", R_OK) = -1 ENOENT (No such file or directory)
27426<grep> 22:19:15 openat(AT_FDCWD</home/catastor>, "/etc/ld.so.cache", O_RDONLY|O_CLOEXEC) = 3</etc/ld.so.cache>
27426<grep> 22:19:15 fstat(3</etc/ld.so.cache>, {st_mode=S_IFREG|0644, st_size=74499, ...}) = 0
27426<grep> 22:19:15 mmap(NULL, 74499, PROT_READ, MAP_PRIVATE, 3</etc/ld.so.cache>, 0) = 0x7f6a55202000
27426<grep> 22:19:15 close(3</etc/ld.so.cache>) = 0
27426<grep> 22:19:15 openat(AT_FDCWD</home/catastor>, "/lib64/libpcre2-8.so.0", O_RDONLY|O_CLOEXEC) = 3</usr/lib64/libpcre2-8.so.0.15.0>
27426<grep> 22:19:15 read(3</usr/lib64/libpcre2-8.so.0.15.0>, "\177ELF\2\1\1\0\0\0\0\0\0\0\0\0\3\0>\0\1\0\0\0\0\0\0\0\0\0\0\0"..., 832) = 832
27426<grep> 22:19:15 fstat(3</usr/lib64/libpcre2-8.so.0.15.0>, {st_mode=S_IFREG|0755, st_size=724280, ...}) = 0
27426<grep> 22:19:15 mmap(NULL, 8192, PROT_READ|PROT_WRITE, MAP_PRIVATE|MAP_ANONYMOUS, -1, 0) = 0x7f6a55200000
27426<grep> 22:19:15 mmap(NULL, 721368, PROT_READ|PROT_EXEC, MAP_PRIVATE|MAP_DENYWRITE, 3</usr/lib64/libpcre2-8.so.0.15.0>, 0) = 0x7f6a5514f000
27426<grep> 22:19:15 mmap(0x7f6a551d0000, 188416, PROT_READ, MAP_PRIVATE|MAP_FIXED|MAP_DENYWRITE, 3</usr/lib64/libpcre2-8.so.0.15.0>, 0x81000) = 0x7f6a551d0000
27426<grep> 22:19:15 mmap(0x7f6a551fe000, 8192, PROT_READ|PROT_WRITE, MAP_PRIVATE|MAP_FIXED|MAP_DENYWRITE, 3</usr/lib64/libpcre2-8.so.0.15.0>, 0xae000) = 0x7f6a551fe000
27426<grep> 22:19:15 close(3</usr/lib64/libpcre2-8.so.0.15.0>) = 0
27426<grep> 22:19:15 openat(AT_FDCWD</home/catastor>, "/lib64/libc.so.6", O_RDONLY|O_CLOEXEC) = 3</usr/lib64/libc.so.6>
27426<grep> 22:19:15 read(3</usr/lib64/libc.so.6>, "\177ELF\2\1\1\3\0\0\0\0\0\0\0\0\3\0>\0\1\0\0\0\2408\0\0\0\0\0\0"..., 832) = 832
27426<grep> 22:19:15 pread64(3</usr/lib64/libc.so.6>, "\6\0\0\0\4\0\0\0@\0\0\0\0\0\0\0@\0\0\0\0\0\0\0@\0\0\0\0\0\0\0"..., 784, 64) = 784
27426<grep> 22:19:15 fstat(3</usr/lib64/libc.so.6>, {st_mode=S_IFREG|0755, st_size=2490288, ...}) = 0
27426<grep> 22:19:15 pread64(3</usr/lib64/libc.so.6>, "\6\0\0\0\4\0\0\0@\0\0\0\0\0\0\0@\0\0\0\0\0\0\0@\0\0\0\0\0\0\0"..., 784, 64) = 784
27426<grep> 22:19:15 mmap(NULL, 2075504, PROT_READ|PROT_EXEC, MAP_PRIVATE|MAP_DENYWRITE, 3</usr/lib64/libc.so.6>, 0) = 0x7f6a54f54000
27426<grep> 22:19:15 mmap(0x7f6a550c8000, 495616, PROT_READ, MAP_PRIVATE|MAP_FIXED|MAP_DENYWRITE, 3</usr/lib64/libc.so.6>, 0x174000) = 0x7f6a550c8000
27426<grep> 22:19:15 mmap(0x7f6a55141000, 24576, PROT_READ|PROT_WRITE, MAP_PRIVATE|MAP_FIXED|MAP_DENYWRITE, 3</usr/lib64/libc.so.6>, 0x1ed000) = 0x7f6a55141000
27426<grep> 22:19:15 mmap(0x7f6a55147000, 31600, PROT_READ|PROT_WRITE, MAP_PRIVATE|MAP_FIXED|MAP_ANONYMOUS, -1, 0) = 0x7f6a55147000
27426<grep> 22:19:15 close(3</usr/lib64/libc.so.6>) = 0
27426<grep> 22:19:15 mmap(NULL, 12288, PROT_READ|PROT_WRITE, MAP_PRIVATE|MAP_ANONYMOUS, -1, 0) = 0x7f6a54f51000
27426<grep> 22:19:15 arch_prctl(ARCH_SET_FS, 0x7f6a54f51740) = 0
27426<grep> 22:19:15 set_tid_address(0x7f6a54f51d68) = 27426<grep>
27426<grep> 22:19:15 set_robust_list(0x7f6a54f51a20, 24) = 0
27426<grep> 22:19:15 rseq({cpu_id_start=0, cpu_id=RSEQ_CPU_ID_UNINITIALIZED, rseq_cs=NULL, flags=0, node_id=0, mm_cid=0, slice_ctrl={request=0, granted=0, __reserved=0}, __reserved=0}, 32, 0, 0x53053053) = 0
27426<grep> 22:19:15 mprotect(0x7f6a55141000, 16384, PROT_READ) = 0
27426<grep> 22:19:15 mprotect(0x7f6a551fe000, 4096, PROT_READ) = 0
27426<grep> 22:19:15 mprotect(0x55aa08332000, 8192, PROT_READ) = 0
27426<grep> 22:19:15 mprotect(0x7f6a55253000, 8192, PROT_READ) = 0
27426<grep> 22:19:15 prlimit64(0, RLIMIT_STACK, NULL, {rlim_cur=8192*1024, rlim_max=RLIM64_INFINITY}) = 0
27426<grep> 22:19:15 getrandom("\xe5\x8f\xbe\x31\x01\x07\xb3\xe3", 8, GRND_NONBLOCK) = 8
27426<grep> 22:19:15 munmap(0x7f6a55202000, 74499) = 0
27426<grep> 22:19:15 brk(NULL)          = 0x55aa27bf0000
27426<grep> 22:19:15 brk(0x55aa27c11000) = 0x55aa27c11000
27426<grep> 22:19:15 openat(AT_FDCWD</home/catastor>, "/proc/self/maps", O_RDONLY) = 3</proc/27426/maps>
27426<grep> 22:19:15 mmap(NULL, 8192, PROT_READ|PROT_WRITE, MAP_PRIVATE|MAP_ANONYMOUS, -1, 0) = 0x7f6a55213000
27426<grep> 22:19:15 lseek(3</proc/27426/maps>, 0, SEEK_SET) = 0
27426<grep> 22:19:15 read(3</proc/27426/maps>, "55aa0830c000-55aa0832a000 r-xp 0"..., 8192) = 2350
27426<grep> 22:19:15 read(3</proc/27426/maps>, "", 5842) = 0
27426<grep> 22:19:15 close(3</proc/27426/maps>) = 0
27426<grep> 22:19:15 munmap(0x7f6a55213000, 8192) = 0
27426<grep> 22:19:15 sigaltstack({ss_sp=0x55aa083341c0, ss_flags=0, ss_size=65536}, NULL) = 0
27426<grep> 22:19:15 rt_sigaction(SIGSEGV, {sa_handler=0x55aa0831e4a0, sa_mask=[HUP INT QUIT USR1 USR2 PIPE ALRM TERM CHLD URG XCPU XFSZ VTALRM PROF WINCH IO PWR], sa_flags=SA_RESTORER|SA_ONSTACK|SA_SIGINFO, sa_restorer=0x7f6a54f6e5b0}, NULL, 8) = 0
27426<grep> 22:19:15 rt_sigaction(SIGSEGV, {sa_handler=0x55aa0831e4a0, sa_mask=[HUP INT QUIT USR1 USR2 PIPE ALRM TERM CHLD URG XCPU XFSZ VTALRM PROF WINCH IO PWR], sa_flags=SA_RESTORER|SA_ONSTACK|SA_SIGINFO, sa_restorer=0x7f6a54f6e5b0}, NULL, 8) = 0
27426<grep> 22:19:15 openat(AT_FDCWD</home/catastor>, "/etc/GREP_COLORS", O_RDONLY|O_NOCTTY) = 3</etc/GREP_COLORS>
27426<grep> 22:19:15 fstat(3</etc/GREP_COLORS>, {st_mode=S_IFREG|0644, st_size=94, ...}) = 0
27426<grep> 22:19:15 read(3</etc/GREP_COLORS>, "# Configuration file for the col"..., 98304) = 94
27426<grep> 22:19:15 read(3</etc/GREP_COLORS>, "", 98304) = 0
27426<grep> 22:19:15 close(3</etc/GREP_COLORS>) = 0
27426<grep> 22:19:15 close(1</dev/pts/6<char 136:6>>) = 0
27426<grep> 22:19:15 close(2</dev/pts/6<char 136:6>>) = 0
27426<grep> 22:19:15 exit_group(1)      = ?
27426<grep> 22:19:15 +++ exited with 1 +++
27425<grepconf.sh> 22:19:15 <... wait4 resumed>, [{WIFEXITED(s) && WEXITSTATUS(s) == 1}], 0, NULL) = 27426
27425<grepconf.sh> 22:19:15 rt_sigaction(SIGINT, {sa_handler=SIG_DFL, sa_mask=[], sa_flags=SA_RESTORER, sa_restorer=0x7f87f3de25b0}, {sa_handler=0x55ff09c71d80, sa_mask=[], sa_flags=SA_RESTORER, sa_restorer=0x7f87f3de25b0}, 8) = 0
27425<grepconf.sh> 22:19:15 ioctl(2</dev/pts/6<char 136:6>>, TIOCGWINSZ, {ws_row=39, ws_col=212, ws_xpixel=0, ws_ypixel=0}) = 0
27425<grepconf.sh> 22:19:15 rt_sigprocmask(SIG_SETMASK, [], NULL, 8) = 0
27425<grepconf.sh> 22:19:15 --- SIGCHLD {si_signo=SIGCHLD, si_code=CLD_EXITED, si_pid=27426, si_uid=1000, si_status=1, si_utime=0, si_stime=0} ---
27425<grepconf.sh> 22:19:15 wait4(-1, 0x7ffe6dfc9fd4, WNOHANG, NULL) = -1 ECHILD (No child processes)
27425<grepconf.sh> 22:19:15 rt_sigreturn({mask=[]}) = 0
27425<grepconf.sh> 22:19:15 read(255</usr/libexec/grepconf.sh>, "", 257) = 0
27425<grepconf.sh> 22:19:15 exit_group(0) = ?
27425<grepconf.sh> 22:19:15 +++ exited with 0 +++
27408<bash> 22:19:15 <... wait4 resumed>, [{WIFEXITED(s) && WEXITSTATUS(s) == 0}], 0, NULL) = 27425
27408<bash> 22:19:15 rt_sigaction(SIGINT, {sa_handler=0x55e6ca034cf0, sa_mask=[], sa_flags=SA_RESTORER, sa_restorer=0x7fa306ca35b0}, {sa_handler=0x55e6ca002d80, sa_mask=[], sa_flags=SA_RESTORER, sa_restorer=0x7fa306ca35b0}, 8) = 0
27408<bash> 22:19:15 ioctl(255</dev/pts/6<char 136:6>>, TCGETS2, {c_iflag=ICRNL|IXON|IUTF8, c_oflag=NL0|CR0|TAB0|BS0|VT0|FF0|OPOST|ONLCR, c_cflag=B38400|CS8|CREAD, c_lflag=ISIG|ICANON|ECHO|ECHOE|ECHOK|IEXTEN|ECHOCTL|ECHOKE, ...}) = 0
27408<bash> 22:19:15 ioctl(255</dev/pts/6<char 136:6>>, TIOCGWINSZ, {ws_row=39, ws_col=212, ws_xpixel=0, ws_ypixel=0}) = 0
27408<bash> 22:19:15 rt_sigprocmask(SIG_SETMASK, [], NULL, 8) = 0
27408<bash> 22:19:15 --- SIGCHLD {si_signo=SIGCHLD, si_code=CLD_EXITED, si_pid=27425, si_uid=1000, si_status=0, si_utime=0, si_stime=0} ---
27408<bash> 22:19:15 wait4(-1, 0x7ffee29a8dd4, WNOHANG, NULL) = -1 ECHILD (No child processes)
27408<bash> 22:19:15 rt_sigreturn({mask=[]}) = 0
27408<bash> 22:19:15 openat(AT_FDCWD</home/catastor>, "/dev/null", O_WRONLY|O_CREAT|O_TRUNC, 0666) = 3</dev/null<char 1:3>>
27408<bash> 22:19:15 fcntl(2</dev/pts/6<char 136:6>>, F_GETFD) = 0
27408<bash> 22:19:15 fcntl(2</dev/pts/6<char 136:6>>, F_DUPFD, 10) = 10</dev/pts/6<char 136:6>>
27408<bash> 22:19:15 fcntl(2</dev/pts/6<char 136:6>>, F_GETFD) = 0
27408<bash> 22:19:15 fcntl(10</dev/pts/6<char 136:6>>, F_SETFD, FD_CLOEXEC) = 0
27408<bash> 22:19:15 dup2(3</dev/null<char 1:3>>, 2</dev/pts/6<char 136:6>>) = 2</dev/null<char 1:3>>
27408<bash> 22:19:15 close(3</dev/null<char 1:3>>) = 0
27408<bash> 22:19:15 dup2(10</dev/pts/6<char 136:6>>, 2</dev/null<char 1:3>>) = 2</dev/pts/6<char 136:6>>
27408<bash> 22:19:15 fcntl(10</dev/pts/6<char 136:6>>, F_GETFD) = 0x1 (flags FD_CLOEXEC)
27408<bash> 22:19:15 close(10</dev/pts/6<char 136:6>>) = 0
27408<bash> 22:19:15 openat(AT_FDCWD</home/catastor>, "/dev/null", O_WRONLY|O_CREAT|O_TRUNC, 0666) = 3</dev/null<char 1:3>>
27408<bash> 22:19:15 fcntl(2</dev/pts/6<char 136:6>>, F_GETFD) = 0
27408<bash> 22:19:15 fcntl(2</dev/pts/6<char 136:6>>, F_DUPFD, 10) = 10</dev/pts/6<char 136:6>>
27408<bash> 22:19:15 fcntl(2</dev/pts/6<char 136:6>>, F_GETFD) = 0
27408<bash> 22:19:15 fcntl(10</dev/pts/6<char 136:6>>, F_SETFD, FD_CLOEXEC) = 0
27408<bash> 22:19:15 dup2(3</dev/null<char 1:3>>, 2</dev/pts/6<char 136:6>>) = 2</dev/null<char 1:3>>
27408<bash> 22:19:15 close(3</dev/null<char 1:3>>) = 0
27408<bash> 22:19:15 dup2(10</dev/pts/6<char 136:6>>, 2</dev/null<char 1:3>>) = 2</dev/pts/6<char 136:6>>
27408<bash> 22:19:15 fcntl(10</dev/pts/6<char 136:6>>, F_GETFD) = 0x1 (flags FD_CLOEXEC)
27408<bash> 22:19:15 close(10</dev/pts/6<char 136:6>>) = 0
27408<bash> 22:19:15 openat(AT_FDCWD</home/catastor>, "/dev/null", O_WRONLY|O_CREAT|O_TRUNC, 0666) = 3</dev/null<char 1:3>>
27408<bash> 22:19:15 fcntl(2</dev/pts/6<char 136:6>>, F_GETFD) = 0
27408<bash> 22:19:15 fcntl(2</dev/pts/6<char 136:6>>, F_DUPFD, 10) = 10</dev/pts/6<char 136:6>>
27408<bash> 22:19:15 fcntl(2</dev/pts/6<char 136:6>>, F_GETFD) = 0
27408<bash> 22:19:15 fcntl(10</dev/pts/6<char 136:6>>, F_SETFD, FD_CLOEXEC) = 0
27408<bash> 22:19:15 dup2(3</dev/null<char 1:3>>, 2</dev/pts/6<char 136:6>>) = 2</dev/null<char 1:3>>
27408<bash> 22:19:15 close(3</dev/null<char 1:3>>) = 0
27408<bash> 22:19:15 dup2(10</dev/pts/6<char 136:6>>, 2</dev/null<char 1:3>>) = 2</dev/pts/6<char 136:6>>
27408<bash> 22:19:15 fcntl(10</dev/pts/6<char 136:6>>, F_GETFD) = 0x1 (flags FD_CLOEXEC)
27408<bash> 22:19:15 close(10</dev/pts/6<char 136:6>>) = 0
27408<bash> 22:19:15 rt_sigprocmask(SIG_BLOCK, [CHLD], [], 8) = 0
27408<bash> 22:19:15 rt_sigprocmask(SIG_SETMASK, [], NULL, 8) = 0
27408<bash> 22:19:15 faccessat2(AT_FDCWD</home/catastor>, "/etc/profile.d/debuginfod.sh", R_OK, AT_EACCESS) = 0
27408<bash> 22:19:15 openat(AT_FDCWD</home/catastor>, "/etc/profile.d/debuginfod.sh", O_RDONLY) = 3</etc/profile.d/debuginfod.sh>
27408<bash> 22:19:15 fstat(3</etc/profile.d/debuginfod.sh>, {st_mode=S_IFREG|0644, st_size=923, ...}) = 0
27408<bash> 22:19:15 read(3</etc/profile.d/debuginfod.sh>, "# $HOME/.profile* or similar fil"..., 923) = 923
27408<bash> 22:19:15 close(3</etc/profile.d/debuginfod.sh>) = 0
27408<bash> 22:19:15 rt_sigprocmask(SIG_BLOCK, NULL, [], 8) = 0
27408<bash> 22:19:15 rt_sigprocmask(SIG_BLOCK, NULL, [], 8) = 0
27408<bash> 22:19:15 pipe2([3<pipe:[145925]>, 4<pipe:[145925]>], 0) = 0
27408<bash> 22:19:15 rt_sigprocmask(SIG_BLOCK, [CHLD], [], 8) = 0
27408<bash> 22:19:15 rt_sigprocmask(SIG_SETMASK, [], NULL, 8) = 0
27408<bash> 22:19:15 rt_sigprocmask(SIG_BLOCK, NULL, [], 8) = 0
27408<bash> 22:19:15 rt_sigprocmask(SIG_BLOCK, [INT TERM CHLD], [], 8) = 0
27408<bash> 22:19:15 rt_sigaction(SIGTERM, {sa_handler=SIG_DFL, sa_mask=[], sa_flags=SA_RESTORER, sa_restorer=0x7fa306ca35b0}, {sa_handler=SIG_IGN, sa_mask=[], sa_flags=SA_RESTORER, sa_restorer=0x7fa306ca35b0}, 8) = 0
27408<bash> 22:19:15 rt_sigprocmask(SIG_BLOCK, ~[], [INT TERM CHLD], 8) = 0
27408<bash> 22:19:15 clone(child_stack=NULL, flags=CLONE_CHILD_CLEARTID|CLONE_CHILD_SETTID|SIGCHLD, child_tidptr=0x7fa306c86a10) = 27427<bash>
27427<bash> 22:19:15 set_robust_list(0x7fa306c86a20, 24 <unfinished ...>
27408<bash> 22:19:15 rt_sigprocmask(SIG_SETMASK, [INT TERM CHLD] <unfinished ...>
27427<bash> 22:19:15 <... set_robust_list resumed>) = 0
27408<bash> 22:19:15 <... rt_sigprocmask resumed>, NULL, 8) = 0
27427<bash> 22:19:15 rt_sigprocmask(SIG_SETMASK, [INT TERM CHLD] <unfinished ...>
27408<bash> 22:19:15 rt_sigaction(SIGTERM, {sa_handler=SIG_IGN, sa_mask=[], sa_flags=SA_RESTORER, sa_restorer=0x7fa306ca35b0} <unfinished ...>
27427<bash> 22:19:15 <... rt_sigprocmask resumed>, NULL, 8) = 0
27408<bash> 22:19:15 <... rt_sigaction resumed>, {sa_handler=SIG_DFL, sa_mask=[], sa_flags=SA_RESTORER, sa_restorer=0x7fa306ca35b0}, 8) = 0
27427<bash> 22:19:15 getpid( <unfinished ...>
27408<bash> 22:19:15 rt_sigprocmask(SIG_SETMASK, [] <unfinished ...>
27427<bash> 22:19:15 <... getpid resumed>) = 27427<bash>
27408<bash> 22:19:15 <... rt_sigprocmask resumed>, NULL, 8) = 0
27427<bash> 22:19:15 rt_sigprocmask(SIG_SETMASK, [] <unfinished ...>
27408<bash> 22:19:15 rt_sigaction(SIGCHLD, {sa_handler=0x55e6ca0068d0, sa_mask=[], sa_flags=SA_RESTORER|SA_RESTART, sa_restorer=0x7fa306ca35b0} <unfinished ...>
27427<bash> 22:19:15 <... rt_sigprocmask resumed>, NULL, 8) = 0
27408<bash> 22:19:15 <... rt_sigaction resumed>, {sa_handler=0x55e6ca0068d0, sa_mask=[], sa_flags=SA_RESTORER|SA_RESTART, sa_restorer=0x7fa306ca35b0}, 8) = 0
27427<bash> 22:19:15 rt_sigaction(SIGTSTP, {sa_handler=SIG_DFL, sa_mask=[], sa_flags=SA_RESTORER, sa_restorer=0x7fa306ca35b0} <unfinished ...>
27408<bash> 22:19:15 close(4<pipe:[145925]> <unfinished ...>
27427<bash> 22:19:15 <... rt_sigaction resumed>, {sa_handler=SIG_IGN, sa_mask=[], sa_flags=SA_RESTORER, sa_restorer=0x7fa306ca35b0}, 8) = 0
27408<bash> 22:19:15 <... close resumed>) = 0
27427<bash> 22:19:15 rt_sigaction(SIGTTIN, {sa_handler=SIG_DFL, sa_mask=[], sa_flags=SA_RESTORER, sa_restorer=0x7fa306ca35b0}, {sa_handler=SIG_IGN, sa_mask=[], sa_flags=SA_RESTORER, sa_restorer=0x7fa306ca35b0}, 8) = 0
27408<bash> 22:19:15 rt_sigprocmask(SIG_BLOCK, [INT] <unfinished ...>
27427<bash> 22:19:15 rt_sigaction(SIGTTOU, {sa_handler=SIG_DFL, sa_mask=[], sa_flags=SA_RESTORER, sa_restorer=0x7fa306ca35b0} <unfinished ...>
27408<bash> 22:19:15 <... rt_sigprocmask resumed>, [], 8) = 0
27427<bash> 22:19:15 <... rt_sigaction resumed>, {sa_handler=SIG_IGN, sa_mask=[], sa_flags=SA_RESTORER, sa_restorer=0x7fa306ca35b0}, 8) = 0
27408<bash> 22:19:15 read(3<pipe:[145925]> <unfinished ...>
27427<bash> 22:19:15 rt_sigaction(SIGINT, {sa_handler=SIG_DFL, sa_mask=[], sa_flags=SA_RESTORER, sa_restorer=0x7fa306ca35b0}, {sa_handler=0x55e6ca034cf0, sa_mask=[], sa_flags=SA_RESTORER, sa_restorer=0x7fa306ca35b0}, 8) = 0
27427<bash> 22:19:15 rt_sigaction(SIGQUIT, {sa_handler=SIG_DFL, sa_mask=[], sa_flags=SA_RESTORER, sa_restorer=0x7fa306ca35b0}, {sa_handler=SIG_IGN, sa_mask=[], sa_flags=SA_RESTORER, sa_restorer=0x7fa306ca35b0}, 8) = 0
27427<bash> 22:19:15 rt_sigaction(SIGTERM, {sa_handler=SIG_DFL, sa_mask=[], sa_flags=SA_RESTORER, sa_restorer=0x7fa306ca35b0}, {sa_handler=SIG_DFL, sa_mask=[], sa_flags=SA_RESTORER, sa_restorer=0x7fa306ca35b0}, 8) = 0
27427<bash> 22:19:15 rt_sigaction(SIGCHLD, {sa_handler=SIG_DFL, sa_mask=[], sa_flags=SA_RESTORER|SA_RESTART, sa_restorer=0x7fa306ca35b0}, {sa_handler=0x55e6ca0068d0, sa_mask=[], sa_flags=SA_RESTORER|SA_RESTART, sa_restorer=0x7fa306ca35b0}, 8) = 0
27427<bash> 22:19:15 rt_sigaction(SIGCHLD, {sa_handler=0x55e6ca0068d0, sa_mask=[], sa_flags=SA_RESTORER|SA_RESTART, sa_restorer=0x7fa306ca35b0}, {sa_handler=SIG_DFL, sa_mask=[], sa_flags=SA_RESTORER|SA_RESTART, sa_restorer=0x7fa306ca35b0}, 8) = 0
27427<bash> 22:19:15 rt_sigaction(SIGINT, {sa_handler=0x55e6ca0352c0, sa_mask=[], sa_flags=SA_RESTORER, sa_restorer=0x7fa306ca35b0}, {sa_handler=SIG_DFL, sa_mask=[], sa_flags=SA_RESTORER, sa_restorer=0x7fa306ca35b0}, 8) = 0
27427<bash> 22:19:15 dup2(4<pipe:[145925]>, 1</dev/pts/6<char 136:6>>) = 1<pipe:[145925]>
27427<bash> 22:19:15 close(4<pipe:[145925]>) = 0
27427<bash> 22:19:15 close(3<pipe:[145925]>) = 0
27427<bash> 22:19:15 rt_sigprocmask(SIG_BLOCK, NULL, [], 8) = 0
27427<bash> 22:19:15 rt_sigprocmask(SIG_BLOCK, [CHLD], [], 8) = 0
27427<bash> 22:19:15 fcntl(0</dev/pts/6<char 136:6>>, F_GETFD) = 0
27427<bash> 22:19:15 pipe2([3<pipe:[145926]>, 4<pipe:[145926]>], 0) = 0
27427<bash> 22:19:15 rt_sigprocmask(SIG_BLOCK, NULL, [CHLD], 8) = 0
27427<bash> 22:19:15 rt_sigprocmask(SIG_BLOCK, [INT TERM CHLD], [CHLD], 8) = 0
27427<bash> 22:19:15 rt_sigaction(SIGTERM, {sa_handler=SIG_DFL, sa_mask=[], sa_flags=SA_RESTORER, sa_restorer=0x7fa306ca35b0}, {sa_handler=SIG_DFL, sa_mask=[], sa_flags=SA_RESTORER, sa_restorer=0x7fa306ca35b0}, 8) = 0
27427<bash> 22:19:15 rt_sigprocmask(SIG_BLOCK, ~[], [INT TERM CHLD], 8) = 0
27427<bash> 22:19:15 clone(child_stack=NULL, flags=CLONE_CHILD_CLEARTID|CLONE_CHILD_SETTID|SIGCHLD, child_tidptr=0x7fa306c86a10) = 27428<bash>
27428<bash> 22:19:15 set_robust_list(0x7fa306c86a20, 24 <unfinished ...>
27427<bash> 22:19:15 rt_sigprocmask(SIG_SETMASK, [INT TERM CHLD] <unfinished ...>
27428<bash> 22:19:15 <... set_robust_list resumed>) = 0
27427<bash> 22:19:15 <... rt_sigprocmask resumed>, NULL, 8) = 0
27428<bash> 22:19:15 rt_sigprocmask(SIG_SETMASK, [INT TERM CHLD], NULL, 8) = 0
27427<bash> 22:19:15 rt_sigaction(SIGTERM, {sa_handler=SIG_DFL, sa_mask=[], sa_flags=SA_RESTORER, sa_restorer=0x7fa306ca35b0} <unfinished ...>
27428<bash> 22:19:15 getpid( <unfinished ...>
27427<bash> 22:19:15 <... rt_sigaction resumed>, {sa_handler=SIG_DFL, sa_mask=[], sa_flags=SA_RESTORER, sa_restorer=0x7fa306ca35b0}, 8) = 0
27428<bash> 22:19:15 <... getpid resumed>) = 27428<bash>
27427<bash> 22:19:15 rt_sigprocmask(SIG_SETMASK, [CHLD] <unfinished ...>
27428<bash> 22:19:15 rt_sigprocmask(SIG_SETMASK, [] <unfinished ...>
27427<bash> 22:19:15 <... rt_sigprocmask resumed>, NULL, 8) = 0
27428<bash> 22:19:15 <... rt_sigprocmask resumed>, NULL, 8) = 0
27427<bash> 22:19:15 close(4<pipe:[145926]> <unfinished ...>
27428<bash> 22:19:15 rt_sigaction(SIGTSTP, {sa_handler=SIG_DFL, sa_mask=[], sa_flags=SA_RESTORER, sa_restorer=0x7fa306ca35b0} <unfinished ...>
27427<bash> 22:19:15 <... close resumed>) = 0
27428<bash> 22:19:15 <... rt_sigaction resumed>, {sa_handler=SIG_DFL, sa_mask=[], sa_flags=SA_RESTORER, sa_restorer=0x7fa306ca35b0}, 8) = 0
27428<bash> 22:19:15 rt_sigaction(SIGTTIN, {sa_handler=SIG_DFL, sa_mask=[], sa_flags=SA_RESTORER, sa_restorer=0x7fa306ca35b0} <unfinished ...>
27427<bash> 22:19:15 close(4 <unfinished ...>
27428<bash> 22:19:15 <... rt_sigaction resumed>, {sa_handler=SIG_DFL, sa_mask=[], sa_flags=SA_RESTORER, sa_restorer=0x7fa306ca35b0}, 8) = 0
27427<bash> 22:19:15 <... close resumed>) = -1 EBADF (Bad file descriptor)
27428<bash> 22:19:15 rt_sigaction(SIGTTOU, {sa_handler=SIG_DFL, sa_mask=[], sa_flags=SA_RESTORER, sa_restorer=0x7fa306ca35b0}, {sa_handler=SIG_DFL, sa_mask=[], sa_flags=SA_RESTORER, sa_restorer=0x7fa306ca35b0}, 8) = 0
27427<bash> 22:19:15 pipe2( <unfinished ...>
27428<bash> 22:19:15 close(3<pipe:[145926]> <unfinished ...>
27427<bash> 22:19:15 <... pipe2 resumed>[4<pipe:[146936]>, 5<pipe:[146936]>], 0) = 0
27428<bash> 22:19:15 <... close resumed>) = 0
27428<bash> 22:19:15 dup2(4<pipe:[145926]>, 1<pipe:[145925]> <unfinished ...>
27427<bash> 22:19:15 rt_sigprocmask(SIG_BLOCK, NULL <unfinished ...>
27428<bash> 22:19:15 <... dup2 resumed>) = 1<pipe:[145926]>
27427<bash> 22:19:15 <... rt_sigprocmask resumed>, [CHLD], 8) = 0
27428<bash> 22:19:15 close(4<pipe:[145926]> <unfinished ...>
27427<bash> 22:19:15 rt_sigprocmask(SIG_BLOCK, [INT TERM CHLD] <unfinished ...>
27428<bash> 22:19:15 <... close resumed>) = 0
27427<bash> 22:19:15 <... rt_sigprocmask resumed>, [CHLD], 8) = 0
27427<bash> 22:19:15 rt_sigaction(SIGTERM, {sa_handler=SIG_DFL, sa_mask=[], sa_flags=SA_RESTORER, sa_restorer=0x7fa306ca35b0}, {sa_handler=SIG_DFL, sa_mask=[], sa_flags=SA_RESTORER, sa_restorer=0x7fa306ca35b0}, 8) = 0
27428<bash> 22:19:15 newfstatat(AT_FDCWD</home/catastor>, "." <unfinished ...>
27427<bash> 22:19:15 rt_sigprocmask(SIG_BLOCK, ~[] <unfinished ...>
27428<bash> 22:19:15 <... newfstatat resumed>, {st_mode=S_IFDIR|0700, st_size=716, ...}, 0) = 0
27427<bash> 22:19:15 <... rt_sigprocmask resumed>, [INT TERM CHLD], 8) = 0
27428<bash> 22:19:15 newfstatat(AT_FDCWD</home/catastor>, "/usr/local/bin/find" <unfinished ...>
27427<bash> 22:19:15 clone(child_stack=NULL, flags=CLONE_CHILD_CLEARTID|CLONE_CHILD_SETTID|SIGCHLD <unfinished ...>
27428<bash> 22:19:15 <... newfstatat resumed>, 0x7ffee29a85d0, 0) = -1 ENOENT (No such file or directory)
27428<bash> 22:19:15 newfstatat(AT_FDCWD</home/catastor>, "/usr/bin/find", {st_mode=S_IFREG|0755, st_size=213448, ...}, 0) = 0
27428<bash> 22:19:15 newfstatat(AT_FDCWD</home/catastor>, "/usr/bin/find" <unfinished ...>
27427<bash> 22:19:15 <... clone resumed>, child_tidptr=0x7fa306c86a10) = 27429<bash>
27429<bash> 22:19:15 set_robust_list(0x7fa306c86a20, 24 <unfinished ...>
27428<bash> 22:19:15 <... newfstatat resumed>, {st_mode=S_IFREG|0755, st_size=213448, ...}, 0) = 0
27429<bash> 22:19:15 <... set_robust_list resumed>) = 0
27427<bash> 22:19:15 rt_sigprocmask(SIG_SETMASK, [INT TERM CHLD] <unfinished ...>
27428<bash> 22:19:15 geteuid( <unfinished ...>
27429<bash> 22:19:15 rt_sigprocmask(SIG_SETMASK, [INT TERM CHLD] <unfinished ...>
27427<bash> 22:19:15 <... rt_sigprocmask resumed>, NULL, 8) = 0
27429<bash> 22:19:15 <... rt_sigprocmask resumed>, NULL, 8) = 0
27428<bash> 22:19:15 <... geteuid resumed>) = 1000
27427<bash> 22:19:15 rt_sigaction(SIGTERM, {sa_handler=SIG_DFL, sa_mask=[], sa_flags=SA_RESTORER, sa_restorer=0x7fa306ca35b0} <unfinished ...>
27429<bash> 22:19:15 getpid( <unfinished ...>
27428<bash> 22:19:15 getegid( <unfinished ...>
27429<bash> 22:19:15 <... getpid resumed>) = 27429<bash>
27427<bash> 22:19:15 <... rt_sigaction resumed>, {sa_handler=SIG_DFL, sa_mask=[], sa_flags=SA_RESTORER, sa_restorer=0x7fa306ca35b0}, 8) = 0
27429<bash> 22:19:15 rt_sigprocmask(SIG_SETMASK, [] <unfinished ...>
27428<bash> 22:19:15 <... getegid resumed>) = 1000
27429<bash> 22:19:15 <... rt_sigprocmask resumed>, NULL, 8) = 0
27428<bash> 22:19:15 getuid( <unfinished ...>
27427<bash> 22:19:15 rt_sigprocmask(SIG_SETMASK, [CHLD] <unfinished ...>
27429<bash> 22:19:15 rt_sigaction(SIGTSTP, {sa_handler=SIG_DFL, sa_mask=[], sa_flags=SA_RESTORER, sa_restorer=0x7fa306ca35b0} <unfinished ...>
27428<bash> 22:19:15 <... getuid resumed>) = 1000
27429<bash> 22:19:15 <... rt_sigaction resumed>, {sa_handler=SIG_DFL, sa_mask=[], sa_flags=SA_RESTORER, sa_restorer=0x7fa306ca35b0}, 8) = 0
27427<bash> 22:19:15 <... rt_sigprocmask resumed>, NULL, 8) = 0
27429<bash> 22:19:15 rt_sigaction(SIGTTIN, {sa_handler=SIG_DFL, sa_mask=[], sa_flags=SA_RESTORER, sa_restorer=0x7fa306ca35b0} <unfinished ...>
27428<bash> 22:19:15 getgid( <unfinished ...>
27429<bash> 22:19:15 <... rt_sigaction resumed>, {sa_handler=SIG_DFL, sa_mask=[], sa_flags=SA_RESTORER, sa_restorer=0x7fa306ca35b0}, 8) = 0
27427<bash> 22:19:15 close(3<pipe:[145926]> <unfinished ...>
27429<bash> 22:19:15 rt_sigaction(SIGTTOU, {sa_handler=SIG_DFL, sa_mask=[], sa_flags=SA_RESTORER, sa_restorer=0x7fa306ca35b0} <unfinished ...>
27428<bash> 22:19:15 <... getgid resumed>) = 1000
27429<bash> 22:19:15 <... rt_sigaction resumed>, {sa_handler=SIG_DFL, sa_mask=[], sa_flags=SA_RESTORER, sa_restorer=0x7fa306ca35b0}, 8) = 0
27427<bash> 22:19:15 <... close resumed>) = 0
27428<bash> 22:19:15 access("/usr/bin/find", X_OK <unfinished ...>
27429<bash> 22:19:15 close(4<pipe:[146936]> <unfinished ...>
27427<bash> 22:19:15 close(5<pipe:[146936]> <unfinished ...>
27429<bash> 22:19:15 <... close resumed>) = 0
27428<bash> 22:19:15 <... access resumed>) = 0
27427<bash> 22:19:15 <... close resumed>) = 0
27429<bash> 22:19:15 dup2(3<pipe:[145926]>, 0</dev/pts/6<char 136:6>> <unfinished ...>
27428<bash> 22:19:15 newfstatat(AT_FDCWD</home/catastor>, "/usr/bin/find" <unfinished ...>
27429<bash> 22:19:15 <... dup2 resumed>) = 0<pipe:[145926]>
27427<bash> 22:19:15 close(3 <unfinished ...>
27429<bash> 22:19:15 close(3<pipe:[145926]> <unfinished ...>
27428<bash> 22:19:15 <... newfstatat resumed>, {st_mode=S_IFREG|0755, st_size=213448, ...}, 0) = 0
27427<bash> 22:19:15 <... close resumed>) = -1 EBADF (Bad file descriptor)
27429<bash> 22:19:15 <... close resumed>) = 0
27428<bash> 22:19:15 geteuid( <unfinished ...>
27429<bash> 22:19:15 dup2(5<pipe:[146936]>, 1<pipe:[145925]> <unfinished ...>
27427<bash> 22:19:15 close(5 <unfinished ...>
27429<bash> 22:19:15 <... dup2 resumed>) = 1<pipe:[146936]>
27428<bash> 22:19:15 <... geteuid resumed>) = 1000
27429<bash> 22:19:15 close(5<pipe:[146936]> <unfinished ...>
27427<bash> 22:19:15 <... close resumed>) = -1 EBADF (Bad file descriptor)
27428<bash> 22:19:15 getegid( <unfinished ...>
27429<bash> 22:19:15 <... close resumed>) = 0
27428<bash> 22:19:15 <... getegid resumed>) = 1000
27427<bash> 22:19:15 rt_sigprocmask(SIG_BLOCK, NULL <unfinished ...>
27428<bash> 22:19:15 getuid( <unfinished ...>
27427<bash> 22:19:15 <... rt_sigprocmask resumed>, [CHLD], 8) = 0
27428<bash> 22:19:15 <... getuid resumed>) = 1000
27427<bash> 22:19:15 rt_sigprocmask(SIG_BLOCK, [INT TERM CHLD] <unfinished ...>
27428<bash> 22:19:15 getgid( <unfinished ...>
27429<bash> 22:19:15 newfstatat(AT_FDCWD</home/catastor>, "." <unfinished ...>
27428<bash> 22:19:15 <... getgid resumed>) = 1000
27427<bash> 22:19:15 <... rt_sigprocmask resumed>, [CHLD], 8) = 0
27429<bash> 22:19:15 <... newfstatat resumed>, {st_mode=S_IFDIR|0700, st_size=716, ...}, 0) = 0
27428<bash> 22:19:15 access("/usr/bin/find", R_OK <unfinished ...>
27429<bash> 22:19:15 newfstatat(AT_FDCWD</home/catastor>, "/usr/local/bin/xargs" <unfinished ...>
27427<bash> 22:19:15 rt_sigaction(SIGTERM, {sa_handler=SIG_DFL, sa_mask=[], sa_flags=SA_RESTORER, sa_restorer=0x7fa306ca35b0} <unfinished ...>
27429<bash> 22:19:15 <... newfstatat resumed>, 0x7ffee29a85d0, 0) = -1 ENOENT (No such file or directory)
27428<bash> 22:19:15 <... access resumed>) = 0
27427<bash> 22:19:15 <... rt_sigaction resumed>, {sa_handler=SIG_DFL, sa_mask=[], sa_flags=SA_RESTORER, sa_restorer=0x7fa306ca35b0}, 8) = 0
27429<bash> 22:19:15 newfstatat(AT_FDCWD</home/catastor>, "/usr/bin/xargs" <unfinished ...>
27427<bash> 22:19:15 rt_sigprocmask(SIG_BLOCK, ~[] <unfinished ...>
27429<bash> 22:19:15 <... newfstatat resumed>, {st_mode=S_IFREG|0755, st_size=73832, ...}, 0) = 0
27428<bash> 22:19:15 rt_sigaction(SIGHUP, {sa_handler=SIG_DFL, sa_mask=[], sa_flags=SA_RESTORER, sa_restorer=0x7fa306ca35b0} <unfinished ...>
27429<bash> 22:19:15 newfstatat(AT_FDCWD</home/catastor>, "/usr/bin/xargs" <unfinished ...>
27427<bash> 22:19:15 <... rt_sigprocmask resumed>, [INT TERM CHLD], 8) = 0
27429<bash> 22:19:15 <... newfstatat resumed>, {st_mode=S_IFREG|0755, st_size=73832, ...}, 0) = 0
27428<bash> 22:19:15 <... rt_sigaction resumed>, NULL, 8) = 0
27429<bash> 22:19:15 geteuid( <unfinished ...>
27427<bash> 22:19:15 clone(child_stack=NULL, flags=CLONE_CHILD_CLEARTID|CLONE_CHILD_SETTID|SIGCHLD <unfinished ...>
27429<bash> 22:19:15 <... geteuid resumed>) = 1000
27428<bash> 22:19:15 rt_sigaction(SIGILL, {sa_handler=SIG_DFL, sa_mask=[], sa_flags=SA_RESTORER, sa_restorer=0x7fa306ca35b0} <unfinished ...>
27429<bash> 22:19:15 getegid( <unfinished ...>
27428<bash> 22:19:15 <... rt_sigaction resumed>, NULL, 8) = 0
27429<bash> 22:19:15 <... getegid resumed>) = 1000
27428<bash> 22:19:15 rt_sigaction(SIGTRAP, {sa_handler=SIG_DFL, sa_mask=[], sa_flags=SA_RESTORER, sa_restorer=0x7fa306ca35b0} <unfinished ...>
27429<bash> 22:19:15 getuid( <unfinished ...>
27428<bash> 22:19:15 <... rt_sigaction resumed>, NULL, 8) = 0
27429<bash> 22:19:15 <... getuid resumed>) = 1000
27429<bash> 22:19:15 getgid( <unfinished ...>
27428<bash> 22:19:15 rt_sigprocmask(SIG_BLOCK, ~[] <unfinished ...>
27427<bash> 22:19:15 <... clone resumed>, child_tidptr=0x7fa306c86a10) = 27430<bash>
27430<bash> 22:19:15 set_robust_list(0x7fa306c86a20, 24 <unfinished ...>
27429<bash> 22:19:15 <... getgid resumed>) = 1000
27428<bash> 22:19:15 <... rt_sigprocmask resumed>, [], 8) = 0
27430<bash> 22:19:15 <... set_robust_list resumed>) = 0
27429<bash> 22:19:15 access("/usr/bin/xargs", X_OK <unfinished ...>
27427<bash> 22:19:15 rt_sigprocmask(SIG_SETMASK, [INT TERM CHLD] <unfinished ...>
27430<bash> 22:19:15 rt_sigprocmask(SIG_SETMASK, [INT TERM CHLD] <unfinished ...>
27428<bash> 22:19:15 rt_sigaction(SIGABRT, {sa_handler=SIG_DFL, sa_mask=[], sa_flags=SA_RESTORER, sa_restorer=0x7fa306ca35b0} <unfinished ...>
27430<bash> 22:19:15 <... rt_sigprocmask resumed>, NULL, 8) = 0
27429<bash> 22:19:15 <... access resumed>) = 0
27427<bash> 22:19:15 <... rt_sigprocmask resumed>, NULL, 8) = 0
27428<bash> 22:19:15 <... rt_sigaction resumed>, NULL, 8) = 0
27430<bash> 22:19:15 getpid( <unfinished ...>
27429<bash> 22:19:15 newfstatat(AT_FDCWD</home/catastor>, "/usr/bin/xargs" <unfinished ...>
27427<bash> 22:19:15 rt_sigaction(SIGTERM, {sa_handler=SIG_DFL, sa_mask=[], sa_flags=SA_RESTORER, sa_restorer=0x7fa306ca35b0} <unfinished ...>
27430<bash> 22:19:15 <... getpid resumed>) = 27430<bash>
27428<bash> 22:19:15 rt_sigprocmask(SIG_SETMASK, [] <unfinished ...>
27430<bash> 22:19:15 rt_sigprocmask(SIG_SETMASK, [] <unfinished ...>
27429<bash> 22:19:15 <... newfstatat resumed>, {st_mode=S_IFREG|0755, st_size=73832, ...}, 0) = 0
27427<bash> 22:19:15 <... rt_sigaction resumed>, {sa_handler=SIG_DFL, sa_mask=[], sa_flags=SA_RESTORER, sa_restorer=0x7fa306ca35b0}, 8) = 0
27430<bash> 22:19:15 <... rt_sigprocmask resumed>, NULL, 8) = 0
27429<bash> 22:19:15 geteuid( <unfinished ...>
27428<bash> 22:19:15 <... rt_sigprocmask resumed>, NULL, 8) = 0
27430<bash> 22:19:15 rt_sigaction(SIGTSTP, {sa_handler=SIG_DFL, sa_mask=[], sa_flags=SA_RESTORER, sa_restorer=0x7fa306ca35b0} <unfinished ...>
27427<bash> 22:19:15 rt_sigprocmask(SIG_SETMASK, [CHLD] <unfinished ...>
27430<bash> 22:19:15 <... rt_sigaction resumed>, {sa_handler=SIG_DFL, sa_mask=[], sa_flags=SA_RESTORER, sa_restorer=0x7fa306ca35b0}, 8) = 0
27429<bash> 22:19:15 <... geteuid resumed>) = 1000
27428<bash> 22:19:15 rt_sigaction(SIGFPE, {sa_handler=SIG_DFL, sa_mask=[], sa_flags=SA_RESTORER, sa_restorer=0x7fa306ca35b0} <unfinished ...>
27430<bash> 22:19:15 rt_sigaction(SIGTTIN, {sa_handler=SIG_DFL, sa_mask=[], sa_flags=SA_RESTORER, sa_restorer=0x7fa306ca35b0} <unfinished ...>
27429<bash> 22:19:15 getegid( <unfinished ...>
27427<bash> 22:19:15 <... rt_sigprocmask resumed>, NULL, 8) = 0
27430<bash> 22:19:15 <... rt_sigaction resumed>, {sa_handler=SIG_DFL, sa_mask=[], sa_flags=SA_RESTORER, sa_restorer=0x7fa306ca35b0}, 8) = 0
27428<bash> 22:19:15 <... rt_sigaction resumed>, NULL, 8) = 0
27430<bash> 22:19:15 rt_sigaction(SIGTTOU, {sa_handler=SIG_DFL, sa_mask=[], sa_flags=SA_RESTORER, sa_restorer=0x7fa306ca35b0} <unfinished ...>
27429<bash> 22:19:15 <... getegid resumed>) = 1000
27427<bash> 22:19:15 close(4<pipe:[146936]> <unfinished ...>
27430<bash> 22:19:15 <... rt_sigaction resumed>, {sa_handler=SIG_DFL, sa_mask=[], sa_flags=SA_RESTORER, sa_restorer=0x7fa306ca35b0}, 8) = 0
27429<bash> 22:19:15 getuid( <unfinished ...>
27428<bash> 22:19:15 rt_sigaction(SIGBUS, {sa_handler=SIG_DFL, sa_mask=[], sa_flags=SA_RESTORER, sa_restorer=0x7fa306ca35b0} <unfinished ...>
27430<bash> 22:19:15 dup2(4<pipe:[146936]>, 0</dev/pts/6<char 136:6>> <unfinished ...>
27429<bash> 22:19:15 <... getuid resumed>) = 1000
27427<bash> 22:19:15 <... close resumed>) = 0
27430<bash> 22:19:15 <... dup2 resumed>) = 0<pipe:[146936]>
27428<bash> 22:19:15 <... rt_sigaction resumed>, NULL, 8) = 0
27429<bash> 22:19:15 getgid( <unfinished ...>
27427<bash> 22:19:15 rt_sigprocmask(SIG_BLOCK, [CHLD] <unfinished ...>
27430<bash> 22:19:15 close(4<pipe:[146936]> <unfinished ...>
27429<bash> 22:19:15 <... getgid resumed>) = 1000
27428<bash> 22:19:15 rt_sigaction(SIGSEGV, {sa_handler=SIG_DFL, sa_mask=[], sa_flags=SA_RESTORER, sa_restorer=0x7fa306ca35b0} <unfinished ...>
27430<bash> 22:19:15 <... close resumed>) = 0
27429<bash> 22:19:15 access("/usr/bin/xargs", R_OK <unfinished ...>
27427<bash> 22:19:15 <... rt_sigprocmask resumed>, [CHLD], 8) = 0
27429<bash> 22:19:15 <... access resumed>) = 0
27428<bash> 22:19:15 <... rt_sigaction resumed>, NULL, 8) = 0
27428<bash> 22:19:15 rt_sigaction(SIGSYS, {sa_handler=SIG_DFL, sa_mask=[], sa_flags=SA_RESTORER, sa_restorer=0x7fa306ca35b0} <unfinished ...>
27427<bash> 22:19:15 rt_sigprocmask(SIG_SETMASK, [CHLD] <unfinished ...>
27430<bash> 22:19:15 newfstatat(AT_FDCWD</home/catastor>, "." <unfinished ...>
27429<bash> 22:19:15 rt_sigaction(SIGHUP, {sa_handler=SIG_DFL, sa_mask=[], sa_flags=SA_RESTORER, sa_restorer=0x7fa306ca35b0} <unfinished ...>
27428<bash> 22:19:15 <... rt_sigaction resumed>, NULL, 8) = 0
27430<bash> 22:19:15 <... newfstatat resumed>, {st_mode=S_IFDIR|0700, st_size=716, ...}, 0) = 0
27429<bash> 22:19:15 <... rt_sigaction resumed>, NULL, 8) = 0
27427<bash> 22:19:15 <... rt_sigprocmask resumed>, NULL, 8) = 0
27430<bash> 22:19:15 newfstatat(AT_FDCWD</home/catastor>, "/usr/local/bin/tr" <unfinished ...>
27429<bash> 22:19:15 rt_sigaction(SIGILL, {sa_handler=SIG_DFL, sa_mask=[], sa_flags=SA_RESTORER, sa_restorer=0x7fa306ca35b0} <unfinished ...>
27428<bash> 22:19:15 rt_sigaction(SIGPIPE, {sa_handler=SIG_DFL, sa_mask=[], sa_flags=SA_RESTORER, sa_restorer=0x7fa306ca35b0} <unfinished ...>
27430<bash> 22:19:15 <... newfstatat resumed>, 0x7ffee29a85d0, 0) = -1 ENOENT (No such file or directory)
27429<bash> 22:19:15 <... rt_sigaction resumed>, NULL, 8) = 0
27427<bash> 22:19:15 rt_sigprocmask(SIG_BLOCK, [CHLD] <unfinished ...>
27430<bash> 22:19:15 newfstatat(AT_FDCWD</home/catastor>, "/usr/bin/tr" <unfinished ...>
27429<bash> 22:19:15 rt_sigaction(SIGTRAP, {sa_handler=SIG_DFL, sa_mask=[], sa_flags=SA_RESTORER, sa_restorer=0x7fa306ca35b0} <unfinished ...>
27428<bash> 22:19:15 <... rt_sigaction resumed>, NULL, 8) = 0
27430<bash> 22:19:15 <... newfstatat resumed>, {st_mode=S_IFREG|0755, st_size=49088, ...}, 0) = 0
27429<bash> 22:19:15 <... rt_sigaction resumed>, NULL, 8) = 0
27427<bash> 22:19:15 <... rt_sigprocmask resumed>, [CHLD], 8) = 0
27430<bash> 22:19:15 newfstatat(AT_FDCWD</home/catastor>, "/usr/bin/tr" <unfinished ...>
27428<bash> 22:19:15 rt_sigaction(SIGALRM, {sa_handler=SIG_DFL, sa_mask=[], sa_flags=SA_RESTORER, sa_restorer=0x7fa306ca35b0} <unfinished ...>
27429<bash> 22:19:15 rt_sigprocmask(SIG_BLOCK, ~[] <unfinished ...>
27427<bash> 22:19:15 rt_sigaction(SIGINT, {sa_handler=0x55e6ca002d80, sa_mask=[], sa_flags=SA_RESTORER, sa_restorer=0x7fa306ca35b0} <unfinished ...>
27430<bash> 22:19:15 <... newfstatat resumed>, {st_mode=S_IFREG|0755, st_size=49088, ...}, 0) = 0
27429<bash> 22:19:15 <... rt_sigprocmask resumed>, [], 8) = 0
27428<bash> 22:19:15 <... rt_sigaction resumed>, NULL, 8) = 0
27430<bash> 22:19:15 geteuid( <unfinished ...>
27429<bash> 22:19:15 rt_sigaction(SIGABRT, {sa_handler=SIG_DFL, sa_mask=[], sa_flags=SA_RESTORER, sa_restorer=0x7fa306ca35b0} <unfinished ...>
27427<bash> 22:19:15 <... rt_sigaction resumed>, {sa_handler=0x55e6ca0352c0, sa_mask=[], sa_flags=SA_RESTORER, sa_restorer=0x7fa306ca35b0}, 8) = 0
27430<bash> 22:19:15 <... geteuid resumed>) = 1000
27429<bash> 22:19:15 <... rt_sigaction resumed>, NULL, 8) = 0
27428<bash> 22:19:15 rt_sigaction(SIGXCPU, {sa_handler=SIG_DFL, sa_mask=[], sa_flags=SA_RESTORER, sa_restorer=0x7fa306ca35b0} <unfinished ...>
27430<bash> 22:19:15 getegid( <unfinished ...>
27429<bash> 22:19:15 rt_sigprocmask(SIG_SETMASK, [] <unfinished ...>
27427<bash> 22:19:15 wait4(-1 <unfinished ...>
27430<bash> 22:19:15 <... getegid resumed>) = 1000
27429<bash> 22:19:15 <... rt_sigprocmask resumed>, NULL, 8) = 0
27428<bash> 22:19:15 <... rt_sigaction resumed>, NULL, 8) = 0
27430<bash> 22:19:15 getuid( <unfinished ...>
27429<bash> 22:19:15 rt_sigaction(SIGFPE, {sa_handler=SIG_DFL, sa_mask=[], sa_flags=SA_RESTORER, sa_restorer=0x7fa306ca35b0} <unfinished ...>
27430<bash> 22:19:15 <... getuid resumed>) = 1000
27428<bash> 22:19:15 rt_sigaction(SIGXFSZ, {sa_handler=SIG_DFL, sa_mask=[], sa_flags=SA_RESTORER, sa_restorer=0x7fa306ca35b0} <unfinished ...>
27430<bash> 22:19:15 getgid( <unfinished ...>
27429<bash> 22:19:15 <... rt_sigaction resumed>, NULL, 8) = 0
27430<bash> 22:19:15 <... getgid resumed>) = 1000
27428<bash> 22:19:15 <... rt_sigaction resumed>, NULL, 8) = 0
27430<bash> 22:19:15 access("/usr/bin/tr", X_OK <unfinished ...>
27429<bash> 22:19:15 rt_sigaction(SIGBUS, {sa_handler=SIG_DFL, sa_mask=[], sa_flags=SA_RESTORER, sa_restorer=0x7fa306ca35b0} <unfinished ...>
27430<bash> 22:19:15 <... access resumed>) = 0
27428<bash> 22:19:15 rt_sigaction(SIGVTALRM, {sa_handler=SIG_DFL, sa_mask=[], sa_flags=SA_RESTORER, sa_restorer=0x7fa306ca35b0} <unfinished ...>
27430<bash> 22:19:15 newfstatat(AT_FDCWD</home/catastor>, "/usr/bin/tr" <unfinished ...>
27429<bash> 22:19:15 <... rt_sigaction resumed>, NULL, 8) = 0
27428<bash> 22:19:15 <... rt_sigaction resumed>, NULL, 8) = 0
27430<bash> 22:19:15 <... newfstatat resumed>, {st_mode=S_IFREG|0755, st_size=49088, ...}, 0) = 0
27429<bash> 22:19:15 rt_sigaction(SIGSEGV, {sa_handler=SIG_DFL, sa_mask=[], sa_flags=SA_RESTORER, sa_restorer=0x7fa306ca35b0} <unfinished ...>
27430<bash> 22:19:15 geteuid( <unfinished ...>
27428<bash> 22:19:15 rt_sigaction(SIGUSR1, {sa_handler=SIG_DFL, sa_mask=[], sa_flags=SA_RESTORER, sa_restorer=0x7fa306ca35b0} <unfinished ...>
27430<bash> 22:19:15 <... geteuid resumed>) = 1000
27429<bash> 22:19:15 <... rt_sigaction resumed>, NULL, 8) = 0
27428<bash> 22:19:15 <... rt_sigaction resumed>, NULL, 8) = 0
27430<bash> 22:19:15 getegid( <unfinished ...>
27429<bash> 22:19:15 rt_sigaction(SIGSYS, {sa_handler=SIG_DFL, sa_mask=[], sa_flags=SA_RESTORER, sa_restorer=0x7fa306ca35b0} <unfinished ...>
27430<bash> 22:19:15 <... getegid resumed>) = 1000
27428<bash> 22:19:15 rt_sigaction(SIGUSR2, {sa_handler=SIG_DFL, sa_mask=[], sa_flags=SA_RESTORER, sa_restorer=0x7fa306ca35b0} <unfinished ...>
27430<bash> 22:19:15 getuid( <unfinished ...>
27429<bash> 22:19:15 <... rt_sigaction resumed>, NULL, 8) = 0
27430<bash> 22:19:15 <... getuid resumed>) = 1000
27428<bash> 22:19:15 <... rt_sigaction resumed>, NULL, 8) = 0
27430<bash> 22:19:15 getgid( <unfinished ...>
27429<bash> 22:19:15 rt_sigaction(SIGPIPE, {sa_handler=SIG_DFL, sa_mask=[], sa_flags=SA_RESTORER, sa_restorer=0x7fa306ca35b0} <unfinished ...>
27430<bash> 22:19:15 <... getgid resumed>) = 1000
27428<bash> 22:19:15 rt_sigaction(SIGINT, {sa_handler=SIG_DFL, sa_mask=[], sa_flags=SA_RESTORER, sa_restorer=0x7fa306ca35b0} <unfinished ...>
27430<bash> 22:19:15 access("/usr/bin/tr", R_OK <unfinished ...>
27429<bash> 22:19:15 <... rt_sigaction resumed>, NULL, 8) = 0
27430<bash> 22:19:15 <... access resumed>) = 0
27428<bash> 22:19:15 <... rt_sigaction resumed>, {sa_handler=0x55e6ca0352c0, sa_mask=[], sa_flags=SA_RESTORER, sa_restorer=0x7fa306ca35b0}, 8) = 0
27429<bash> 22:19:15 rt_sigaction(SIGALRM, {sa_handler=SIG_DFL, sa_mask=[], sa_flags=SA_RESTORER, sa_restorer=0x7fa306ca35b0} <unfinished ...>
27428<bash> 22:19:15 rt_sigaction(SIGQUIT, {sa_handler=SIG_DFL, sa_mask=[], sa_flags=SA_RESTORER, sa_restorer=0x7fa306ca35b0} <unfinished ...>
27430<bash> 22:19:15 rt_sigaction(SIGHUP, {sa_handler=SIG_DFL, sa_mask=[], sa_flags=SA_RESTORER, sa_restorer=0x7fa306ca35b0} <unfinished ...>
27429<bash> 22:19:15 <... rt_sigaction resumed>, NULL, 8) = 0
27430<bash> 22:19:15 <... rt_sigaction resumed>, NULL, 8) = 0
27428<bash> 22:19:15 <... rt_sigaction resumed>, {sa_handler=SIG_DFL, sa_mask=[], sa_flags=SA_RESTORER, sa_restorer=0x7fa306ca35b0}, 8) = 0
27430<bash> 22:19:15 rt_sigaction(SIGILL, {sa_handler=SIG_DFL, sa_mask=[], sa_flags=SA_RESTORER, sa_restorer=0x7fa306ca35b0} <unfinished ...>
27429<bash> 22:19:15 rt_sigaction(SIGXCPU, {sa_handler=SIG_DFL, sa_mask=[], sa_flags=SA_RESTORER, sa_restorer=0x7fa306ca35b0} <unfinished ...>
27428<bash> 22:19:15 rt_sigaction(SIGTERM, {sa_handler=SIG_DFL, sa_mask=[], sa_flags=SA_RESTORER, sa_restorer=0x7fa306ca35b0} <unfinished ...>
27430<bash> 22:19:15 <... rt_sigaction resumed>, NULL, 8) = 0
27429<bash> 22:19:15 <... rt_sigaction resumed>, NULL, 8) = 0
27430<bash> 22:19:15 rt_sigaction(SIGTRAP, {sa_handler=SIG_DFL, sa_mask=[], sa_flags=SA_RESTORER, sa_restorer=0x7fa306ca35b0} <unfinished ...>
27428<bash> 22:19:15 <... rt_sigaction resumed>, {sa_handler=SIG_DFL, sa_mask=[], sa_flags=SA_RESTORER, sa_restorer=0x7fa306ca35b0}, 8) = 0
27430<bash> 22:19:15 <... rt_sigaction resumed>, NULL, 8) = 0
27429<bash> 22:19:15 rt_sigaction(SIGXFSZ, {sa_handler=SIG_DFL, sa_mask=[], sa_flags=SA_RESTORER, sa_restorer=0x7fa306ca35b0} <unfinished ...>
27428<bash> 22:19:15 rt_sigaction(SIGCHLD, {sa_handler=SIG_DFL, sa_mask=[], sa_flags=SA_RESTORER|SA_RESTART, sa_restorer=0x7fa306ca35b0} <unfinished ...>
27430<bash> 22:19:15 rt_sigprocmask(SIG_BLOCK, ~[] <unfinished ...>
27429<bash> 22:19:15 <... rt_sigaction resumed>, NULL, 8) = 0
27428<bash> 22:19:15 <... rt_sigaction resumed>, {sa_handler=0x55e6ca0068d0, sa_mask=[], sa_flags=SA_RESTORER|SA_RESTART, sa_restorer=0x7fa306ca35b0}, 8) = 0
27430<bash> 22:19:15 <... rt_sigprocmask resumed>, [], 8) = 0
27429<bash> 22:19:15 rt_sigaction(SIGVTALRM, {sa_handler=SIG_DFL, sa_mask=[], sa_flags=SA_RESTORER, sa_restorer=0x7fa306ca35b0} <unfinished ...>
27430<bash> 22:19:15 rt_sigaction(SIGABRT, {sa_handler=SIG_DFL, sa_mask=[], sa_flags=SA_RESTORER, sa_restorer=0x7fa306ca35b0} <unfinished ...>
27428<bash> 22:19:15 openat(AT_FDCWD</home/catastor>, "/dev/null", O_WRONLY|O_CREAT|O_TRUNC, 0666 <unfinished ...>
27430<bash> 22:19:15 <... rt_sigaction resumed>, NULL, 8) = 0
27429<bash> 22:19:15 <... rt_sigaction resumed>, NULL, 8) = 0
27430<bash> 22:19:15 rt_sigprocmask(SIG_SETMASK, [] <unfinished ...>
27428<bash> 22:19:15 <... openat resumed>) = 3</dev/null<char 1:3>>
27430<bash> 22:19:15 <... rt_sigprocmask resumed>, NULL, 8) = 0
27429<bash> 22:19:15 rt_sigaction(SIGUSR1, {sa_handler=SIG_DFL, sa_mask=[], sa_flags=SA_RESTORER, sa_restorer=0x7fa306ca35b0} <unfinished ...>
27430<bash> 22:19:15 rt_sigaction(SIGFPE, {sa_handler=SIG_DFL, sa_mask=[], sa_flags=SA_RESTORER, sa_restorer=0x7fa306ca35b0} <unfinished ...>
27428<bash> 22:19:15 dup2(3</dev/null<char 1:3>>, 2</dev/pts/6<char 136:6>> <unfinished ...>
27430<bash> 22:19:15 <... rt_sigaction resumed>, NULL, 8) = 0
27429<bash> 22:19:15 <... rt_sigaction resumed>, NULL, 8) = 0
27430<bash> 22:19:15 rt_sigaction(SIGBUS, {sa_handler=SIG_DFL, sa_mask=[], sa_flags=SA_RESTORER, sa_restorer=0x7fa306ca35b0} <unfinished ...>
27428<bash> 22:19:15 <... dup2 resumed>) = 2</dev/null<char 1:3>>
27430<bash> 22:19:15 <... rt_sigaction resumed>, NULL, 8) = 0
27429<bash> 22:19:15 rt_sigaction(SIGUSR2, {sa_handler=SIG_DFL, sa_mask=[], sa_flags=SA_RESTORER, sa_restorer=0x7fa306ca35b0} <unfinished ...>
27430<bash> 22:19:15 rt_sigaction(SIGSEGV, {sa_handler=SIG_DFL, sa_mask=[], sa_flags=SA_RESTORER, sa_restorer=0x7fa306ca35b0} <unfinished ...>
27428<bash> 22:19:15 close(3</dev/null<char 1:3>> <unfinished ...>
27430<bash> 22:19:15 <... rt_sigaction resumed>, NULL, 8) = 0
27429<bash> 22:19:15 <... rt_sigaction resumed>, NULL, 8) = 0
27430<bash> 22:19:15 rt_sigaction(SIGSYS, {sa_handler=SIG_DFL, sa_mask=[], sa_flags=SA_RESTORER, sa_restorer=0x7fa306ca35b0} <unfinished ...>
27428<bash> 22:19:15 <... close resumed>) = 0
27429<bash> 22:19:15 rt_sigaction(SIGINT, {sa_handler=SIG_DFL, sa_mask=[], sa_flags=SA_RESTORER, sa_restorer=0x7fa306ca35b0} <unfinished ...>
27430<bash> 22:19:15 <... rt_sigaction resumed>, NULL, 8) = 0
27429<bash> 22:19:15 <... rt_sigaction resumed>, {sa_handler=0x55e6ca0352c0, sa_mask=[], sa_flags=SA_RESTORER, sa_restorer=0x7fa306ca35b0}, 8) = 0
27428<bash> 22:19:15 execve("/usr/bin/find", ["find", "/etc/debuginfod", "-name", "*.urls", "-print0"], 0x55e6cc5a87c0 /* 27 vars */ <unfinished ...>
27430<bash> 22:19:15 rt_sigaction(SIGPIPE, {sa_handler=SIG_DFL, sa_mask=[], sa_flags=SA_RESTORER, sa_restorer=0x7fa306ca35b0} <unfinished ...>
27429<bash> 22:19:15 rt_sigaction(SIGQUIT, {sa_handler=SIG_DFL, sa_mask=[], sa_flags=SA_RESTORER, sa_restorer=0x7fa306ca35b0} <unfinished ...>
27430<bash> 22:19:15 <... rt_sigaction resumed>, NULL, 8) = 0
27429<bash> 22:19:15 <... rt_sigaction resumed>, {sa_handler=SIG_DFL, sa_mask=[], sa_flags=SA_RESTORER, sa_restorer=0x7fa306ca35b0}, 8) = 0
27430<bash> 22:19:15 rt_sigaction(SIGALRM, {sa_handler=SIG_DFL, sa_mask=[], sa_flags=SA_RESTORER, sa_restorer=0x7fa306ca35b0} <unfinished ...>
27429<bash> 22:19:15 rt_sigaction(SIGTERM, {sa_handler=SIG_DFL, sa_mask=[], sa_flags=SA_RESTORER, sa_restorer=0x7fa306ca35b0} <unfinished ...>
27430<bash> 22:19:15 <... rt_sigaction resumed>, NULL, 8) = 0
27429<bash> 22:19:15 <... rt_sigaction resumed>, {sa_handler=SIG_DFL, sa_mask=[], sa_flags=SA_RESTORER, sa_restorer=0x7fa306ca35b0}, 8) = 0
27430<bash> 22:19:15 rt_sigaction(SIGXCPU, {sa_handler=SIG_DFL, sa_mask=[], sa_flags=SA_RESTORER, sa_restorer=0x7fa306ca35b0} <unfinished ...>
27429<bash> 22:19:15 rt_sigaction(SIGCHLD, {sa_handler=SIG_DFL, sa_mask=[], sa_flags=SA_RESTORER|SA_RESTART, sa_restorer=0x7fa306ca35b0} <unfinished ...>
27430<bash> 22:19:15 <... rt_sigaction resumed>, NULL, 8) = 0
27429<bash> 22:19:15 <... rt_sigaction resumed>, {sa_handler=0x55e6ca0068d0, sa_mask=[], sa_flags=SA_RESTORER|SA_RESTART, sa_restorer=0x7fa306ca35b0}, 8) = 0
27430<bash> 22:19:15 rt_sigaction(SIGXFSZ, {sa_handler=SIG_DFL, sa_mask=[], sa_flags=SA_RESTORER, sa_restorer=0x7fa306ca35b0}, NULL, 8) = 0
27429<bash> 22:19:15 openat(AT_FDCWD</home/catastor>, "/dev/null", O_WRONLY|O_CREAT|O_TRUNC, 0666 <unfinished ...>
27430<bash> 22:19:15 rt_sigaction(SIGVTALRM, {sa_handler=SIG_DFL, sa_mask=[], sa_flags=SA_RESTORER, sa_restorer=0x7fa306ca35b0} <unfinished ...>
27428<find> 22:19:15 <... execve resumed>) = 0
27430<bash> 22:19:15 <... rt_sigaction resumed>, NULL, 8) = 0
27429<bash> 22:19:15 <... openat resumed>) = 3</dev/null<char 1:3>>
27430<bash> 22:19:15 rt_sigaction(SIGUSR1, {sa_handler=SIG_DFL, sa_mask=[], sa_flags=SA_RESTORER, sa_restorer=0x7fa306ca35b0} <unfinished ...>
27429<bash> 22:19:15 dup2(3</dev/null<char 1:3>>, 2</dev/pts/6<char 136:6>> <unfinished ...>
27428<find> 22:19:15 brk(NULL <unfinished ...>
27430<bash> 22:19:15 <... rt_sigaction resumed>, NULL, 8) = 0
27429<bash> 22:19:15 <... dup2 resumed>) = 2</dev/null<char 1:3>>
27430<bash> 22:19:15 rt_sigaction(SIGUSR2, {sa_handler=SIG_DFL, sa_mask=[], sa_flags=SA_RESTORER, sa_restorer=0x7fa306ca35b0} <unfinished ...>
27428<find> 22:19:15 <... brk resumed>) = 0x55886ba35000
27430<bash> 22:19:15 <... rt_sigaction resumed>, NULL, 8) = 0
27429<bash> 22:19:15 close(3</dev/null<char 1:3>> <unfinished ...>
27430<bash> 22:19:15 rt_sigaction(SIGINT, {sa_handler=SIG_DFL, sa_mask=[], sa_flags=SA_RESTORER, sa_restorer=0x7fa306ca35b0} <unfinished ...>
27429<bash> 22:19:15 <... close resumed>) = 0
27430<bash> 22:19:15 <... rt_sigaction resumed>, {sa_handler=0x55e6ca0352c0, sa_mask=[], sa_flags=SA_RESTORER, sa_restorer=0x7fa306ca35b0}, 8) = 0
27428<find> 22:19:15 access("/etc/ld.so.preload", R_OK <unfinished ...>
27430<bash> 22:19:15 rt_sigaction(SIGQUIT, {sa_handler=SIG_DFL, sa_mask=[], sa_flags=SA_RESTORER, sa_restorer=0x7fa306ca35b0} <unfinished ...>
27429<bash> 22:19:15 execve("/usr/bin/xargs", ["xargs", "-0", "cat"], 0x55e6cc5a87c0 /* 27 vars */ <unfinished ...>
27430<bash> 22:19:15 <... rt_sigaction resumed>, {sa_handler=SIG_DFL, sa_mask=[], sa_flags=SA_RESTORER, sa_restorer=0x7fa306ca35b0}, 8) = 0
27428<find> 22:19:15 <... access resumed>) = -1 ENOENT (No such file or directory)
27430<bash> 22:19:15 rt_sigaction(SIGTERM, {sa_handler=SIG_DFL, sa_mask=[], sa_flags=SA_RESTORER, sa_restorer=0x7fa306ca35b0}, {sa_handler=SIG_DFL, sa_mask=[], sa_flags=SA_RESTORER, sa_restorer=0x7fa306ca35b0}, 8) = 0
27428<find> 22:19:15 openat(AT_FDCWD</home/catastor>, "/etc/ld.so.cache", O_RDONLY|O_CLOEXEC <unfinished ...>
27430<bash> 22:19:15 rt_sigaction(SIGCHLD, {sa_handler=SIG_DFL, sa_mask=[], sa_flags=SA_RESTORER|SA_RESTART, sa_restorer=0x7fa306ca35b0} <unfinished ...>
27428<find> 22:19:15 <... openat resumed>) = 3</etc/ld.so.cache>
27430<bash> 22:19:15 <... rt_sigaction resumed>, {sa_handler=0x55e6ca0068d0, sa_mask=[], sa_flags=SA_RESTORER|SA_RESTART, sa_restorer=0x7fa306ca35b0}, 8) = 0
27430<bash> 22:19:15 execve("/usr/bin/tr", ["tr", "\\n", " "], 0x55e6cc5a87c0 /* 27 vars */ <unfinished ...>
27428<find> 22:19:15 fstat(3</etc/ld.so.cache>, {st_mode=S_IFREG|0644, st_size=74499, ...}) = 0
27429<xargs> 22:19:15 <... execve resumed>) = 0
27428<find> 22:19:15 mmap(NULL, 74499, PROT_READ, MAP_PRIVATE, 3</etc/ld.so.cache>, 0 <unfinished ...>
27429<xargs> 22:19:15 brk(NULL <unfinished ...>
27428<find> 22:19:15 <... mmap resumed>) = 0x7f9f3611e000
27429<xargs> 22:19:15 <... brk resumed>) = 0x556b390d7000
27428<find> 22:19:15 close(3</etc/ld.so.cache>) = 0
27429<xargs> 22:19:15 access("/etc/ld.so.preload", R_OK <unfinished ...>
27430<tr> 22:19:15 <... execve resumed>) = 0
27429<xargs> 22:19:15 <... access resumed>) = -1 ENOENT (No such file or directory)
27428<find> 22:19:15 openat(AT_FDCWD</home/catastor>, "/lib64/libselinux.so.1", O_RDONLY|O_CLOEXEC <unfinished ...>
27430<tr> 22:19:15 brk(NULL <unfinished ...>
27429<xargs> 22:19:15 openat(AT_FDCWD</home/catastor>, "/etc/ld.so.cache", O_RDONLY|O_CLOEXEC <unfinished ...>
27430<tr> 22:19:15 <... brk resumed>)   = 0x55dce2a86000
27428<find> 22:19:15 <... openat resumed>) = 3</usr/lib64/libselinux.so.1>
27429<xargs> 22:19:15 <... openat resumed>) = 3</etc/ld.so.cache>
27428<find> 22:19:15 read(3</usr/lib64/libselinux.so.1> <unfinished ...>
27430<tr> 22:19:15 access("/etc/ld.so.preload", R_OK <unfinished ...>
27429<xargs> 22:19:15 fstat(3</etc/ld.so.cache> <unfinished ...>
27430<tr> 22:19:15 <... access resumed>) = -1 ENOENT (No such file or directory)
27428<find> 22:19:15 <... read resumed>, "\177ELF\2\1\1\0\0\0\0\0\0\0\0\0\3\0>\0\1\0\0\0\0\0\0\0\0\0\0\0"..., 832) = 832
27430<tr> 22:19:15 openat(AT_FDCWD</home/catastor>, "/etc/ld.so.cache", O_RDONLY|O_CLOEXEC <unfinished ...>
27429<xargs> 22:19:15 <... fstat resumed>, {st_mode=S_IFREG|0644, st_size=74499, ...}) = 0
27430<tr> 22:19:15 <... openat resumed>) = 3</etc/ld.so.cache>
27428<find> 22:19:15 fstat(3</usr/lib64/libselinux.so.1> <unfinished ...>
27430<tr> 22:19:15 fstat(3</etc/ld.so.cache> <unfinished ...>
27429<xargs> 22:19:15 mmap(NULL, 74499, PROT_READ, MAP_PRIVATE, 3</etc/ld.so.cache>, 0 <unfinished ...>
27430<tr> 22:19:15 <... fstat resumed>, {st_mode=S_IFREG|0644, st_size=74499, ...}) = 0
27428<find> 22:19:15 <... fstat resumed>, {st_mode=S_IFREG|0755, st_size=204752, ...}) = 0
27430<tr> 22:19:15 mmap(NULL, 74499, PROT_READ, MAP_PRIVATE, 3</etc/ld.so.cache>, 0 <unfinished ...>
27429<xargs> 22:19:15 <... mmap resumed>) = 0x7f655c6a7000
27428<find> 22:19:15 mmap(NULL, 8192, PROT_READ|PROT_WRITE, MAP_PRIVATE|MAP_ANONYMOUS, -1, 0 <unfinished ...>
27430<tr> 22:19:15 <... mmap resumed>)  = 0x7fefd92ac000
27429<xargs> 22:19:15 close(3</etc/ld.so.cache> <unfinished ...>
27430<tr> 22:19:15 close(3</etc/ld.so.cache> <unfinished ...>
27428<find> 22:19:15 <... mmap resumed>) = 0x7f9f3611c000
27430<tr> 22:19:15 <... close resumed>) = 0
27429<xargs> 22:19:15 <... close resumed>) = 0
27428<find> 22:19:15 mmap(NULL, 206288, PROT_READ|PROT_EXEC, MAP_PRIVATE|MAP_DENYWRITE, 3</usr/lib64/libselinux.so.1>, 0 <unfinished ...>
27430<tr> 22:19:15 openat(AT_FDCWD</home/catastor>, "/lib64/libc.so.6", O_RDONLY|O_CLOEXEC <unfinished ...>
27429<xargs> 22:19:15 openat(AT_FDCWD</home/catastor>, "/lib64/libc.so.6", O_RDONLY|O_CLOEXEC <unfinished ...>
27430<tr> 22:19:15 <... openat resumed>) = 3</usr/lib64/libc.so.6>
27428<find> 22:19:15 <... mmap resumed>) = 0x7f9f360e9000
27429<xargs> 22:19:15 <... openat resumed>) = 3</usr/lib64/libc.so.6>
27430<tr> 22:19:15 read(3</usr/lib64/libc.so.6> <unfinished ...>
27428<find> 22:19:15 mmap(0x7f9f3610a000, 57344, PROT_READ, MAP_PRIVATE|MAP_FIXED|MAP_DENYWRITE, 3</usr/lib64/libselinux.so.1>, 0x21000 <unfinished ...>
27430<tr> 22:19:15 <... read resumed>, "\177ELF\2\1\1\3\0\0\0\0\0\0\0\0\3\0>\0\1\0\0\0\2408\0\0\0\0\0\0"..., 832) = 832
27429<xargs> 22:19:15 read(3</usr/lib64/libc.so.6> <unfinished ...>
27430<tr> 22:19:15 pread64(3</usr/lib64/libc.so.6> <unfinished ...>
27428<find> 22:19:15 <... mmap resumed>) = 0x7f9f3610a000
27430<tr> 22:19:15 <... pread64 resumed>, "\6\0\0\0\4\0\0\0@\0\0\0\0\0\0\0@\0\0\0\0\0\0\0@\0\0\0\0\0\0\0"..., 784, 64) = 784
27429<xargs> 22:19:15 <... read resumed>, "\177ELF\2\1\1\3\0\0\0\0\0\0\0\0\3\0>\0\1\0\0\0\2408\0\0\0\0\0\0"..., 832) = 832
27430<tr> 22:19:15 fstat(3</usr/lib64/libc.so.6> <unfinished ...>
27428<find> 22:19:15 mmap(0x7f9f36118000, 8192, PROT_READ|PROT_WRITE, MAP_PRIVATE|MAP_FIXED|MAP_DENYWRITE, 3</usr/lib64/libselinux.so.1>, 0x2f000 <unfinished ...>
27430<tr> 22:19:15 <... fstat resumed>, {st_mode=S_IFREG|0755, st_size=2490288, ...}) = 0
27429<xargs> 22:19:15 pread64(3</usr/lib64/libc.so.6> <unfinished ...>
27430<tr> 22:19:15 mmap(NULL, 8192, PROT_READ|PROT_WRITE, MAP_PRIVATE|MAP_ANONYMOUS, -1, 0 <unfinished ...>
27428<find> 22:19:15 <... mmap resumed>) = 0x7f9f36118000
27430<tr> 22:19:15 <... mmap resumed>)  = 0x7fefd92aa000
27429<xargs> 22:19:15 <... pread64 resumed>, "\6\0\0\0\4\0\0\0@\0\0\0\0\0\0\0@\0\0\0\0\0\0\0@\0\0\0\0\0\0\0"..., 784, 64) = 784
27428<find> 22:19:15 mmap(0x7f9f3611a000, 5584, PROT_READ|PROT_WRITE, MAP_PRIVATE|MAP_FIXED|MAP_ANONYMOUS, -1, 0 <unfinished ...>
27430<tr> 22:19:15 pread64(3</usr/lib64/libc.so.6> <unfinished ...>
27429<xargs> 22:19:15 fstat(3</usr/lib64/libc.so.6> <unfinished ...>
27430<tr> 22:19:15 <... pread64 resumed>, "\6\0\0\0\4\0\0\0@\0\0\0\0\0\0\0@\0\0\0\0\0\0\0@\0\0\0\0\0\0\0"..., 784, 64) = 784
27428<find> 22:19:15 <... mmap resumed>) = 0x7f9f3611a000
27429<xargs> 22:19:15 <... fstat resumed>, {st_mode=S_IFREG|0755, st_size=2490288, ...}) = 0
27430<tr> 22:19:15 mmap(NULL, 2075504, PROT_READ|PROT_EXEC, MAP_PRIVATE|MAP_DENYWRITE, 3</usr/lib64/libc.so.6>, 0 <unfinished ...>
27429<xargs> 22:19:15 mmap(NULL, 8192, PROT_READ|PROT_WRITE, MAP_PRIVATE|MAP_ANONYMOUS, -1, 0 <unfinished ...>
27428<find> 22:19:15 close(3</usr/lib64/libselinux.so.1> <unfinished ...>
27430<tr> 22:19:15 <... mmap resumed>)  = 0x7fefd90af000
27429<xargs> 22:19:15 <... mmap resumed>) = 0x7f655c6a5000
27428<find> 22:19:15 <... close resumed>) = 0
27430<tr> 22:19:15 mmap(0x7fefd9223000, 495616, PROT_READ, MAP_PRIVATE|MAP_FIXED|MAP_DENYWRITE, 3</usr/lib64/libc.so.6>, 0x174000 <unfinished ...>
27429<xargs> 22:19:15 pread64(3</usr/lib64/libc.so.6> <unfinished ...>
27428<find> 22:19:15 openat(AT_FDCWD</home/catastor>, "/lib64/libm.so.6", O_RDONLY|O_CLOEXEC <unfinished ...>
27430<tr> 22:19:15 <... mmap resumed>)  = 0x7fefd9223000
27429<xargs> 22:19:15 <... pread64 resumed>, "\6\0\0\0\4\0\0\0@\0\0\0\0\0\0\0@\0\0\0\0\0\0\0@\0\0\0\0\0\0\0"..., 784, 64) = 784
27430<tr> 22:19:15 mmap(0x7fefd929c000, 24576, PROT_READ|PROT_WRITE, MAP_PRIVATE|MAP_FIXED|MAP_DENYWRITE, 3</usr/lib64/libc.so.6>, 0x1ed000 <unfinished ...>
27428<find> 22:19:15 <... openat resumed>) = 3</usr/lib64/libm.so.6>
27430<tr> 22:19:15 <... mmap resumed>)  = 0x7fefd929c000
27429<xargs> 22:19:15 mmap(NULL, 2075504, PROT_READ|PROT_EXEC, MAP_PRIVATE|MAP_DENYWRITE, 3</usr/lib64/libc.so.6>, 0 <unfinished ...>
27430<tr> 22:19:15 mmap(0x7fefd92a2000, 31600, PROT_READ|PROT_WRITE, MAP_PRIVATE|MAP_FIXED|MAP_ANONYMOUS, -1, 0 <unfinished ...>
27428<find> 22:19:15 read(3</usr/lib64/libm.so.6> <unfinished ...>
27430<tr> 22:19:15 <... mmap resumed>)  = 0x7fefd92a2000
27429<xargs> 22:19:15 <... mmap resumed>) = 0x7f655c4aa000
27428<find> 22:19:15 <... read resumed>, "\177ELF\2\1\1\3\0\0\0\0\0\0\0\0\3\0>\0\1\0\0\0\0\0\0\0\0\0\0\0"..., 832) = 832
27430<tr> 22:19:15 close(3</usr/lib64/libc.so.6> <unfinished ...>
27429<xargs> 22:19:15 mmap(0x7f655c61e000, 495616, PROT_READ, MAP_PRIVATE|MAP_FIXED|MAP_DENYWRITE, 3</usr/lib64/libc.so.6>, 0x174000 <unfinished ...>
27430<tr> 22:19:15 <... close resumed>) = 0
27428<find> 22:19:15 fstat(3</usr/lib64/libm.so.6> <unfinished ...>
27429<xargs> 22:19:15 <... mmap resumed>) = 0x7f655c61e000
27430<tr> 22:19:15 mmap(NULL, 12288, PROT_READ|PROT_WRITE, MAP_PRIVATE|MAP_ANONYMOUS, -1, 0 <unfinished ...>
27428<find> 22:19:15 <... fstat resumed>, {st_mode=S_IFREG|0755, st_size=1153848, ...}) = 0
27430<tr> 22:19:15 <... mmap resumed>)  = 0x7fefd90ac000
27429<xargs> 22:19:15 mmap(0x7f655c697000, 24576, PROT_READ|PROT_WRITE, MAP_PRIVATE|MAP_FIXED|MAP_DENYWRITE, 3</usr/lib64/libc.so.6>, 0x1ed000 <unfinished ...>
27430<tr> 22:19:15 arch_prctl(ARCH_SET_FS, 0x7fefd90ac740 <unfinished ...>
27428<find> 22:19:15 mmap(NULL, 1138704, PROT_READ|PROT_EXEC, MAP_PRIVATE|MAP_DENYWRITE, 3</usr/lib64/libm.so.6>, 0 <unfinished ...>
27430<tr> 22:19:15 <... arch_prctl resumed>) = 0
27429<xargs> 22:19:15 <... mmap resumed>) = 0x7f655c697000
27430<tr> 22:19:15 set_tid_address(0x7fefd90acd68 <unfinished ...>
27428<find> 22:19:15 <... mmap resumed>) = 0x7f9f35fd2000
27430<tr> 22:19:15 <... set_tid_address resumed>) = 27430<tr>
27429<xargs> 22:19:15 mmap(0x7f655c69d000, 31600, PROT_READ|PROT_WRITE, MAP_PRIVATE|MAP_FIXED|MAP_ANONYMOUS, -1, 0 <unfinished ...>
27430<tr> 22:19:15 set_robust_list(0x7fefd90aca20, 24 <unfinished ...>
27428<find> 22:19:15 mmap(0x7f9f36061000, 548864, PROT_READ, MAP_PRIVATE|MAP_FIXED|MAP_DENYWRITE, 3</usr/lib64/libm.so.6>, 0x8f000 <unfinished ...>
27430<tr> 22:19:15 <... set_robust_list resumed>) = 0
27429<xargs> 22:19:15 <... mmap resumed>) = 0x7f655c69d000
27430<tr> 22:19:15 rseq({cpu_id_start=0, cpu_id=RSEQ_CPU_ID_UNINITIALIZED, rseq_cs=NULL, flags=0, node_id=0, mm_cid=0, slice_ctrl={request=0, granted=0, __reserved=0}, __reserved=0}, 32, 0, 0x53053053 <unfinished ...>
27428<find> 22:19:15 <... mmap resumed>) = 0x7f9f36061000
27429<xargs> 22:19:15 close(3</usr/lib64/libc.so.6> <unfinished ...>
27430<tr> 22:19:15 <... rseq resumed>)  = 0
27428<find> 22:19:15 mmap(0x7f9f360e7000, 8192, PROT_READ|PROT_WRITE, MAP_PRIVATE|MAP_FIXED|MAP_DENYWRITE, 3</usr/lib64/libm.so.6>, 0x114000 <unfinished ...>
27429<xargs> 22:19:15 <... close resumed>) = 0
27428<find> 22:19:15 <... mmap resumed>) = 0x7f9f360e7000
27430<tr> 22:19:15 mprotect(0x7fefd929c000, 16384, PROT_READ <unfinished ...>
27429<xargs> 22:19:15 mmap(NULL, 12288, PROT_READ|PROT_WRITE, MAP_PRIVATE|MAP_ANONYMOUS, -1, 0 <unfinished ...>
27430<tr> 22:19:15 <... mprotect resumed>) = 0
27428<find> 22:19:15 close(3</usr/lib64/libm.so.6> <unfinished ...>
27429<xargs> 22:19:15 <... mmap resumed>) = 0x7f655c4a7000
27430<tr> 22:19:15 mprotect(0x55dcc65be000, 4096, PROT_READ <unfinished ...>
27428<find> 22:19:15 <... close resumed>) = 0
27430<tr> 22:19:15 <... mprotect resumed>) = 0
27429<xargs> 22:19:15 arch_prctl(ARCH_SET_FS, 0x7f655c4a7740 <unfinished ...>
27430<tr> 22:19:15 mprotect(0x7fefd92fd000, 8192, PROT_READ <unfinished ...>
27428<find> 22:19:15 openat(AT_FDCWD</home/catastor>, "/lib64/libc.so.6", O_RDONLY|O_CLOEXEC <unfinished ...>
27430<tr> 22:19:15 <... mprotect resumed>) = 0
27429<xargs> 22:19:15 <... arch_prctl resumed>) = 0
27428<find> 22:19:15 <... openat resumed>) = 3</usr/lib64/libc.so.6>
27430<tr> 22:19:15 prlimit64(0, RLIMIT_STACK, NULL <unfinished ...>
27429<xargs> 22:19:15 set_tid_address(0x7f655c4a7d68 <unfinished ...>
27428<find> 22:19:15 read(3</usr/lib64/libc.so.6> <unfinished ...>
27430<tr> 22:19:15 <... prlimit64 resumed>, {rlim_cur=8192*1024, rlim_max=RLIM64_INFINITY}) = 0
27429<xargs> 22:19:15 <... set_tid_address resumed>) = 27429<xargs>
27428<find> 22:19:15 <... read resumed>, "\177ELF\2\1\1\3\0\0\0\0\0\0\0\0\3\0>\0\1\0\0\0\2408\0\0\0\0\0\0"..., 832) = 832
27430<tr> 22:19:15 getrandom( <unfinished ...>
27429<xargs> 22:19:15 set_robust_list(0x7f655c4a7a20, 24 <unfinished ...>
27430<tr> 22:19:15 <... getrandom resumed>"\x82\xb7\xbc\x5e\xb1\xa8\x67\x68", 8, GRND_NONBLOCK) = 8
27428<find> 22:19:15 pread64(3</usr/lib64/libc.so.6> <unfinished ...>
27430<tr> 22:19:15 munmap(0x7fefd92ac000, 74499 <unfinished ...>
27429<xargs> 22:19:15 <... set_robust_list resumed>) = 0
27428<find> 22:19:15 <... pread64 resumed>, "\6\0\0\0\4\0\0\0@\0\0\0\0\0\0\0@\0\0\0\0\0\0\0@\0\0\0\0\0\0\0"..., 784, 64) = 784
27430<tr> 22:19:15 <... munmap resumed>) = 0
27429<xargs> 22:19:15 rseq({cpu_id_start=0, cpu_id=RSEQ_CPU_ID_UNINITIALIZED, rseq_cs=NULL, flags=0, node_id=0, mm_cid=0, slice_ctrl={request=0, granted=0, __reserved=0}, __reserved=0}, 32, 0, 0x53053053 <unfinished ...>
27428<find> 22:19:15 fstat(3</usr/lib64/libc.so.6> <unfinished ...>
27430<tr> 22:19:15 brk(NULL <unfinished ...>
27429<xargs> 22:19:15 <... rseq resumed>) = 0
27430<tr> 22:19:15 <... brk resumed>)   = 0x55dce2a86000
27428<find> 22:19:15 <... fstat resumed>, {st_mode=S_IFREG|0755, st_size=2490288, ...}) = 0
27430<tr> 22:19:15 brk(0x55dce2aa7000 <unfinished ...>
27429<xargs> 22:19:15 mprotect(0x7f655c697000, 16384, PROT_READ <unfinished ...>
27428<find> 22:19:15 pread64(3</usr/lib64/libc.so.6> <unfinished ...>
27430<tr> 22:19:15 <... brk resumed>)   = 0x55dce2aa7000
27429<xargs> 22:19:15 <... mprotect resumed>) = 0
27428<find> 22:19:15 <... pread64 resumed>, "\6\0\0\0\4\0\0\0@\0\0\0\0\0\0\0@\0\0\0\0\0\0\0@\0\0\0\0\0\0\0"..., 784, 64) = 784
27430<tr> 22:19:15 fadvise64(0<pipe:[146936]>, 0, 0, POSIX_FADV_SEQUENTIAL <unfinished ...>
27429<xargs> 22:19:15 mprotect(0x556b258bf000, 4096, PROT_READ <unfinished ...>
27428<find> 22:19:15 mmap(NULL, 2075504, PROT_READ|PROT_EXEC, MAP_PRIVATE|MAP_DENYWRITE, 3</usr/lib64/libc.so.6>, 0 <unfinished ...>
27430<tr> 22:19:15 <... fadvise64 resumed>) = -1 ESPIPE (Illegal seek)
27429<xargs> 22:19:15 <... mprotect resumed>) = 0
27428<find> 22:19:15 <... mmap resumed>) = 0x7f9f35dd7000
27430<tr> 22:19:15 read(0<pipe:[146936]> <unfinished ...>
27429<xargs> 22:19:15 mprotect(0x7f655c6f8000, 8192, PROT_READ <unfinished ...>
27428<find> 22:19:15 mmap(0x7f9f35f4b000, 495616, PROT_READ, MAP_PRIVATE|MAP_FIXED|MAP_DENYWRITE, 3</usr/lib64/libc.so.6>, 0x174000 <unfinished ...>
27429<xargs> 22:19:15 <... mprotect resumed>) = 0
27428<find> 22:19:15 <... mmap resumed>) = 0x7f9f35f4b000
27429<xargs> 22:19:15 prlimit64(0, RLIMIT_STACK, NULL <unfinished ...>
27428<find> 22:19:15 mmap(0x7f9f35fc4000, 24576, PROT_READ|PROT_WRITE, MAP_PRIVATE|MAP_FIXED|MAP_DENYWRITE, 3</usr/lib64/libc.so.6>, 0x1ed000 <unfinished ...>
27429<xargs> 22:19:15 <... prlimit64 resumed>, {rlim_cur=8192*1024, rlim_max=RLIM64_INFINITY}) = 0
27428<find> 22:19:15 <... mmap resumed>) = 0x7f9f35fc4000
27429<xargs> 22:19:15 getrandom( <unfinished ...>
27428<find> 22:19:15 mmap(0x7f9f35fca000, 31600, PROT_READ|PROT_WRITE, MAP_PRIVATE|MAP_FIXED|MAP_ANONYMOUS, -1, 0 <unfinished ...>
27429<xargs> 22:19:15 <... getrandom resumed>"\x3d\x99\x1e\xe3\x30\xd1\xcd\x92", 8, GRND_NONBLOCK) = 8
27428<find> 22:19:15 <... mmap resumed>) = 0x7f9f35fca000
27429<xargs> 22:19:15 munmap(0x7f655c6a7000, 74499) = 0
27428<find> 22:19:15 close(3</usr/lib64/libc.so.6> <unfinished ...>
27429<xargs> 22:19:15 openat(AT_FDCWD</home/catastor>, "/proc/self/fd", O_RDONLY|O_NONBLOCK|O_CLOEXEC|O_DIRECTORY <unfinished ...>
27428<find> 22:19:15 <... close resumed>) = 0
27429<xargs> 22:19:15 <... openat resumed>) = 3</proc/27429/fd>
27428<find> 22:19:15 openat(AT_FDCWD</home/catastor>, "/lib64/libpcre2-8.so.0", O_RDONLY|O_CLOEXEC <unfinished ...>
27429<xargs> 22:19:15 fstat(3</proc/27429/fd> <unfinished ...>
27428<find> 22:19:15 <... openat resumed>) = 3</usr/lib64/libpcre2-8.so.0.15.0>
27429<xargs> 22:19:15 <... fstat resumed>, {st_mode=S_IFDIR|0500, st_size=4, ...}) = 0
27428<find> 22:19:15 read(3</usr/lib64/libpcre2-8.so.0.15.0> <unfinished ...>
27429<xargs> 22:19:15 brk(NULL <unfinished ...>
27428<find> 22:19:15 <... read resumed>, "\177ELF\2\1\1\0\0\0\0\0\0\0\0\0\3\0>\0\1\0\0\0\0\0\0\0\0\0\0\0"..., 832) = 832
27429<xargs> 22:19:15 <... brk resumed>) = 0x556b390d7000
27428<find> 22:19:15 fstat(3</usr/lib64/libpcre2-8.so.0.15.0> <unfinished ...>
27429<xargs> 22:19:15 brk(0x556b39100000 <unfinished ...>
27428<find> 22:19:15 <... fstat resumed>, {st_mode=S_IFREG|0755, st_size=724280, ...}) = 0
27429<xargs> 22:19:15 <... brk resumed>) = 0x556b39100000
27428<find> 22:19:15 mmap(NULL, 721368, PROT_READ|PROT_EXEC, MAP_PRIVATE|MAP_DENYWRITE, 3</usr/lib64/libpcre2-8.so.0.15.0>, 0 <unfinished ...>
27429<xargs> 22:19:15 getdents64(3</proc/27429/fd> <unfinished ...>
27428<find> 22:19:15 <... mmap resumed>) = 0x7f9f35d26000
27429<xargs> 22:19:15 <... getdents64 resumed>, 0x556b390d7040 /* 6 entries */, 32768) = 144
27428<find> 22:19:15 mmap(0x7f9f35da7000, 188416, PROT_READ, MAP_PRIVATE|MAP_FIXED|MAP_DENYWRITE, 3</usr/lib64/libpcre2-8.so.0.15.0>, 0x81000 <unfinished ...>
27429<xargs> 22:19:15 getdents64(3</proc/27429/fd> <unfinished ...>
27428<find> 22:19:15 <... mmap resumed>) = 0x7f9f35da7000
27429<xargs> 22:19:15 <... getdents64 resumed>, 0x556b390d7040 /* 0 entries */, 32768) = 0
27428<find> 22:19:15 mmap(0x7f9f35dd5000, 8192, PROT_READ|PROT_WRITE, MAP_PRIVATE|MAP_FIXED|MAP_DENYWRITE, 3</usr/lib64/libpcre2-8.so.0.15.0>, 0xae000 <unfinished ...>
27429<xargs> 22:19:15 brk(0x556b390f8000) = 0x556b390f8000
27428<find> 22:19:15 <... mmap resumed>) = 0x7f9f35dd5000
27429<xargs> 22:19:15 close(3</proc/27429/fd> <unfinished ...>
27428<find> 22:19:15 close(3</usr/lib64/libpcre2-8.so.0.15.0> <unfinished ...>
27429<xargs> 22:19:15 <... close resumed>) = 0
27428<find> 22:19:15 <... close resumed>) = 0
27429<xargs> 22:19:15 poll([{fd=0<pipe:[145926]>, events=POLLIN|POLLOUT}, {fd=1<pipe:[146936]>, events=POLLIN|POLLOUT}, {fd=2</dev/null<char 1:3>>, events=POLLIN|POLLOUT}, {fd=3, events=POLLIN|POLLOUT}], 4, 0 <unfinished ...>
27428<find> 22:19:15 mmap(NULL, 8192, PROT_READ|PROT_WRITE, MAP_PRIVATE|MAP_ANONYMOUS, -1, 0 <unfinished ...>
27429<xargs> 22:19:15 <... poll resumed>) = 3 ([{fd=1, revents=POLLOUT}, {fd=2, revents=POLLIN|POLLOUT}, {fd=3, revents=POLLNVAL}])
27428<find> 22:19:15 <... mmap resumed>) = 0x7f9f35d24000
27429<xargs> 22:19:15 fcntl(0<pipe:[145926]>, F_GETFD <unfinished ...>
27428<find> 22:19:15 arch_prctl(ARCH_SET_FS, 0x7f9f35d25300 <unfinished ...>
27429<xargs> 22:19:15 <... fcntl resumed>) = 0
27428<find> 22:19:15 <... arch_prctl resumed>) = 0
27429<xargs> 22:19:15 fcntl(1<pipe:[146936]>, F_GETFD <unfinished ...>
27428<find> 22:19:15 set_tid_address(0x7f9f35d25928 <unfinished ...>
27429<xargs> 22:19:15 <... fcntl resumed>) = 0
27428<find> 22:19:15 <... set_tid_address resumed>) = 27428<find>
27429<xargs> 22:19:15 fcntl(2</dev/null<char 1:3>>, F_GETFD <unfinished ...>
27428<find> 22:19:15 set_robust_list(0x7f9f35d255e0, 24 <unfinished ...>
27429<xargs> 22:19:15 <... fcntl resumed>) = 0
27428<find> 22:19:15 <... set_robust_list resumed>) = 0
27429<xargs> 22:19:15 getpid( <unfinished ...>
27428<find> 22:19:15 rseq({cpu_id_start=0, cpu_id=RSEQ_CPU_ID_UNINITIALIZED, rseq_cs=NULL, flags=0, node_id=0, mm_cid=0, slice_ctrl={request=0, granted=0, __reserved=0}, __reserved=0}, 32, 0, 0x53053053 <unfinished ...>
27429<xargs> 22:19:15 <... getpid resumed>) = 27429<xargs>
27428<find> 22:19:15 <... rseq resumed>) = 0
27429<xargs> 22:19:15 prlimit64(0, RLIMIT_STACK, NULL, {rlim_cur=8192*1024, rlim_max=RLIM64_INFINITY}) = 0
27428<find> 22:19:15 mprotect(0x7f9f35fc4000, 16384, PROT_READ <unfinished ...>
27429<xargs> 22:19:15 prlimit64(0, RLIMIT_STACK, NULL <unfinished ...>
27428<find> 22:19:15 <... mprotect resumed>) = 0
27429<xargs> 22:19:15 <... prlimit64 resumed>, {rlim_cur=8192*1024, rlim_max=RLIM64_INFINITY}) = 0
27428<find> 22:19:15 mprotect(0x7f9f35dd5000, 4096, PROT_READ <unfinished ...>
27429<xargs> 22:19:15 mmap(NULL, 135168, PROT_READ|PROT_WRITE, MAP_PRIVATE|MAP_ANONYMOUS, -1, 0) = 0x7f655c486000
27428<find> 22:19:15 <... mprotect resumed>) = 0
27429<xargs> 22:19:15 rt_sigaction(SIGCHLD, {sa_handler=SIG_DFL, sa_mask=[CHLD], sa_flags=SA_RESTORER|SA_RESTART, sa_restorer=0x7f655c4c45b0} <unfinished ...>
27428<find> 22:19:15 mprotect(0x7f9f360e7000, 4096, PROT_READ <unfinished ...>
27429<xargs> 22:19:15 <... rt_sigaction resumed>, {sa_handler=SIG_DFL, sa_mask=[], sa_flags=0}, 8) = 0
27428<find> 22:19:15 <... mprotect resumed>) = 0
27429<xargs> 22:19:15 fstat(0<pipe:[145926]>, {st_mode=S_IFIFO|0600, st_size=0, ...}) = 0
27428<find> 22:19:15 mprotect(0x7f9f36118000, 4096, PROT_READ <unfinished ...>
27429<xargs> 22:19:15 brk(0x556b39119000 <unfinished ...>
27428<find> 22:19:15 <... mprotect resumed>) = 0
27429<xargs> 22:19:15 <... brk resumed>) = 0x556b39119000
27429<xargs> 22:19:15 read(0<pipe:[145926]> <unfinished ...>
27428<find> 22:19:15 mprotect(0x5588636f8000, 8192, PROT_READ) = 0
27428<find> 22:19:15 mprotect(0x7f9f3616f000, 8192, PROT_READ) = 0
27428<find> 22:19:15 prlimit64(0, RLIMIT_STACK, NULL, {rlim_cur=8192*1024, rlim_max=RLIM64_INFINITY}) = 0
27428<find> 22:19:15 getrandom("\x7f\x67\xe0\x80\x1b\xca\x0b\x83", 8, GRND_NONBLOCK) = 8
27428<find> 22:19:15 munmap(0x7f9f3611e000, 74499) = 0
27428<find> 22:19:15 statfs("/sys/fs/selinux", {f_type=SELINUX_MAGIC, f_bsize=4096, f_blocks=0, f_bfree=0, f_bavail=0, f_files=0, f_ffree=0, f_fsid={val=[0x15, 0]}, f_namelen=255, f_frsize=4096, f_flags=ST_VALID|ST_NOSUID|ST_NOEXEC|ST_RELATIME}) = 0
27428<find> 22:19:15 statfs("/sys/fs/selinux", {f_type=SELINUX_MAGIC, f_bsize=4096, f_blocks=0, f_bfree=0, f_bavail=0, f_files=0, f_ffree=0, f_fsid={val=[0x15, 0]}, f_namelen=255, f_frsize=4096, f_flags=ST_VALID|ST_NOSUID|ST_NOEXEC|ST_RELATIME}) = 0
27428<find> 22:19:15 brk(NULL)          = 0x55886ba35000
27428<find> 22:19:15 brk(0x55886ba56000) = 0x55886ba56000
27428<find> 22:19:15 access("/etc/selinux/config", F_OK) = 0
27428<find> 22:19:15 openat(AT_FDCWD</home/catastor>, ".", O_RDONLY|O_CLOEXEC) = 3</home/catastor>
27428<find> 22:19:15 uname({sysname="Linux", nodename="fedora", ...}) = 0
27428<find> 22:19:15 ioctl(0</dev/pts/6<char 136:6>>, TCGETS2, {c_iflag=ICRNL|IXON|IUTF8, c_oflag=NL0|CR0|TAB0|BS0|VT0|FF0|OPOST|ONLCR, c_cflag=B38400|CS8|CREAD, c_lflag=ISIG|ICANON|ECHO|ECHOE|ECHOK|IEXTEN|ECHOCTL|ECHOKE, ...}) = 0
27428<find> 22:19:15 ioctl(1<pipe:[145926]>, TCGETS2, 0x7ffd579a9f70) = -1 ENOTTY (Inappropriate ioctl for device)
27428<find> 22:19:15 newfstatat(AT_FDCWD</home/catastor>, "/etc/debuginfod", {st_mode=S_IFDIR|0755, st_size=60, ...}, AT_SYMLINK_NOFOLLOW) = 0
27428<find> 22:19:15 openat(AT_FDCWD</home/catastor>, "/etc/debuginfod", O_RDONLY|O_NOCTTY|O_NONBLOCK|O_NOFOLLOW|O_CLOEXEC|O_DIRECTORY) = 4</etc/debuginfod>
27428<find> 22:19:15 fstat(4</etc/debuginfod>, {st_mode=S_IFDIR|0755, st_size=60, ...}) = 0
27428<find> 22:19:15 fcntl(4</etc/debuginfod>, F_GETFL) = 0x38800 (flags O_RDONLY|O_NONBLOCK|O_LARGEFILE|O_NOFOLLOW|O_DIRECTORY)
27428<find> 22:19:15 fcntl(4</etc/debuginfod>, F_SETFD, FD_CLOEXEC) = 0
27428<find> 22:19:15 fstat(4</etc/debuginfod>, {st_mode=S_IFDIR|0755, st_size=60, ...}) = 0
27428<find> 22:19:15 fcntl(4</etc/debuginfod>, F_DUPFD_CLOEXEC, 3) = 5</etc/debuginfod>
27428<find> 22:19:15 getdents64(4</etc/debuginfod>, 0x55886ba37320 /* 4 entries */, 32768) = 128
27428<find> 22:19:15 getdents64(4</etc/debuginfod>, 0x55886ba37320 /* 0 entries */, 32768) = 0
27428<find> 22:19:15 close(4</etc/debuginfod>) = 0
27428<find> 22:19:15 fcntl(5</etc/debuginfod>, F_DUPFD_CLOEXEC, 0) = 4</etc/debuginfod>
27428<find> 22:19:15 fstat(1<pipe:[145926]>, {st_mode=S_IFIFO|0600, st_size=0, ...}) = 0
27428<find> 22:19:15 close(5</etc/debuginfod>) = 0
27428<find> 22:19:15 close(4</etc/debuginfod>) = 0
27428<find> 22:19:15 fchdir(3</home/catastor>) = 0
27428<find> 22:19:15 close(3</home/catastor>) = 0
27428<find> 22:19:15 write(1<pipe:[145926]>, "/etc/debuginfod/elfutils.urls\0", 30) = 30
27429<xargs> 22:19:15 <... read resumed>, "/etc/debuginfod/elfutils.urls\0", 4096) = 30
27428<find> 22:19:15 close(1<pipe:[145926]> <unfinished ...>
27429<xargs> 22:19:15 read(0<pipe:[145926]> <unfinished ...>
27428<find> 22:19:15 <... close resumed>) = 0
27429<xargs> 22:19:15 <... read resumed>, "", 4096) = 0
27428<find> 22:19:15 close(2</dev/null<char 1:3>> <unfinished ...>
27429<xargs> 22:19:15 pipe2( <unfinished ...>
27428<find> 22:19:15 <... close resumed>) = 0
27429<xargs> 22:19:15 <... pipe2 resumed>[3<pipe:[145390]>, 4<pipe:[145390]>], 0) = 0
27428<find> 22:19:15 exit_group(0 <unfinished ...>
27429<xargs> 22:19:15 fcntl(4<pipe:[145390]>, F_SETFD, FD_CLOEXEC <unfinished ...>
27428<find> 22:19:15 <... exit_group resumed>) = ?
27429<xargs> 22:19:15 <... fcntl resumed>) = 0
27429<xargs> 22:19:15 rt_sigprocmask(SIG_BLOCK, ~[], [], 8) = 0
27429<xargs> 22:19:15 clone(child_stack=NULL, flags=CLONE_CHILD_CLEARTID|CLONE_CHILD_SETTID|SIGCHLD <unfinished ...>
27428<find> 22:19:15 +++ exited with 0 +++
27427<bash> 22:19:15 <... wait4 resumed>, [{WIFEXITED(s) && WEXITSTATUS(s) == 0}], 0, NULL) = 27428
27427<bash> 22:19:15 wait4(-1 <unfinished ...>
27431<xargs> 22:19:15 set_robust_list(0x7f655c4a7a20, 24 <unfinished ...>
27429<xargs> 22:19:15 <... clone resumed>, child_tidptr=0x7f655c4a7a10) = 27431<xargs>
27431<xargs> 22:19:15 <... set_robust_list resumed>) = 0
27429<xargs> 22:19:15 rt_sigprocmask(SIG_SETMASK, [] <unfinished ...>
27431<xargs> 22:19:15 rt_sigprocmask(SIG_SETMASK, [] <unfinished ...>
27429<xargs> 22:19:15 <... rt_sigprocmask resumed>, NULL, 8) = 0
27431<xargs> 22:19:15 <... rt_sigprocmask resumed>, NULL, 8) = 0
27429<xargs> 22:19:15 close(4<pipe:[145390]> <unfinished ...>
27431<xargs> 22:19:15 close(3<pipe:[145390]> <unfinished ...>
27429<xargs> 22:19:15 <... close resumed>) = 0
27431<xargs> 22:19:15 <... close resumed>) = 0
27429<xargs> 22:19:15 read(3<pipe:[145390]> <unfinished ...>
27431<xargs> 22:19:15 close(0<pipe:[145926]>) = 0
27431<xargs> 22:19:15 openat(AT_FDCWD</home/catastor>, "/dev/null", O_RDONLY) = 0</dev/null<char 1:3>>
27431<xargs> 22:19:15 fcntl(0</dev/null<char 1:3>>, F_DUPFD, 3) = 3</dev/null<char 1:3>>
27431<xargs> 22:19:15 close(0</dev/null<char 1:3>>) = 0
27431<xargs> 22:19:15 dup2(3</dev/null<char 1:3>>, 0) = 0</dev/null<char 1:3>>
27431<xargs> 22:19:15 close(3</dev/null<char 1:3>>) = 0
27431<xargs> 22:19:15 execve("/usr/local/bin/cat", ["cat", "/etc/debuginfod/elfutils.urls"], 0x7ffd6701ebc8 /* 27 vars */) = -1 ENOENT (No such file or directory)
27431<xargs> 22:19:15 execve("/usr/bin/cat", ["cat", "/etc/debuginfod/elfutils.urls"], 0x7ffd6701ebc8 /* 27 vars */ <unfinished ...>
27429<xargs> 22:19:15 <... read resumed>, "", 4) = 0
27431<xargs> 22:19:15 <... execve resumed>) = 0
27429<xargs> 22:19:15 close(3<pipe:[145390]> <unfinished ...>
27431<xargs> 22:19:15 brk(NULL <unfinished ...>
27429<xargs> 22:19:15 <... close resumed>) = 0
27431<xargs> 22:19:15 <... brk resumed>) = 0x55e39f81b000
27429<xargs> 22:19:15 getpid()          = 27429<xargs>
27431<xargs> 22:19:15 access("/etc/ld.so.preload", R_OK <unfinished ...>
27429<xargs> 22:19:15 wait4(-1 <unfinished ...>
27431<xargs> 22:19:15 <... access resumed>) = -1 ENOENT (No such file or directory)
27431<xargs> 22:19:15 openat(AT_FDCWD</home/catastor>, "/etc/ld.so.cache", O_RDONLY|O_CLOEXEC) = 3</etc/ld.so.cache>
27431<xargs> 22:19:15 fstat(3</etc/ld.so.cache>, {st_mode=S_IFREG|0644, st_size=74499, ...}) = 0
27431<xargs> 22:19:15 mmap(NULL, 74499, PROT_READ, MAP_PRIVATE, 3</etc/ld.so.cache>, 0) = 0x7fbe4cd65000
27431<xargs> 22:19:15 close(3</etc/ld.so.cache>) = 0
27431<xargs> 22:19:15 openat(AT_FDCWD</home/catastor>, "/lib64/libc.so.6", O_RDONLY|O_CLOEXEC) = 3</usr/lib64/libc.so.6>
27431<xargs> 22:19:15 read(3</usr/lib64/libc.so.6>, "\177ELF\2\1\1\3\0\0\0\0\0\0\0\0\3\0>\0\1\0\0\0\2408\0\0\0\0\0\0"..., 832) = 832
27431<xargs> 22:19:15 pread64(3</usr/lib64/libc.so.6>, "\6\0\0\0\4\0\0\0@\0\0\0\0\0\0\0@\0\0\0\0\0\0\0@\0\0\0\0\0\0\0"..., 784, 64) = 784
27431<xargs> 22:19:15 fstat(3</usr/lib64/libc.so.6>, {st_mode=S_IFREG|0755, st_size=2490288, ...}) = 0
27431<xargs> 22:19:15 mmap(NULL, 8192, PROT_READ|PROT_WRITE, MAP_PRIVATE|MAP_ANONYMOUS, -1, 0) = 0x7fbe4cd63000
27431<xargs> 22:19:15 pread64(3</usr/lib64/libc.so.6>, "\6\0\0\0\4\0\0\0@\0\0\0\0\0\0\0@\0\0\0\0\0\0\0@\0\0\0\0\0\0\0"..., 784, 64) = 784
27431<xargs> 22:19:15 mmap(NULL, 2075504, PROT_READ|PROT_EXEC, MAP_PRIVATE|MAP_DENYWRITE, 3</usr/lib64/libc.so.6>, 0) = 0x7fbe4cb68000
27431<xargs> 22:19:15 mmap(0x7fbe4ccdc000, 495616, PROT_READ, MAP_PRIVATE|MAP_FIXED|MAP_DENYWRITE, 3</usr/lib64/libc.so.6>, 0x174000) = 0x7fbe4ccdc000
27431<xargs> 22:19:15 mmap(0x7fbe4cd55000, 24576, PROT_READ|PROT_WRITE, MAP_PRIVATE|MAP_FIXED|MAP_DENYWRITE, 3</usr/lib64/libc.so.6>, 0x1ed000) = 0x7fbe4cd55000
27431<xargs> 22:19:15 mmap(0x7fbe4cd5b000, 31600, PROT_READ|PROT_WRITE, MAP_PRIVATE|MAP_FIXED|MAP_ANONYMOUS, -1, 0) = 0x7fbe4cd5b000
27431<xargs> 22:19:15 close(3</usr/lib64/libc.so.6>) = 0
27431<xargs> 22:19:15 mmap(NULL, 12288, PROT_READ|PROT_WRITE, MAP_PRIVATE|MAP_ANONYMOUS, -1, 0) = 0x7fbe4cb65000
27431<xargs> 22:19:15 arch_prctl(ARCH_SET_FS, 0x7fbe4cb65740) = 0
27431<xargs> 22:19:15 set_tid_address(0x7fbe4cb65d68) = 27431<cat>
27431<xargs> 22:19:15 set_robust_list(0x7fbe4cb65a20, 24) = 0
27431<xargs> 22:19:15 rseq({cpu_id_start=0, cpu_id=RSEQ_CPU_ID_UNINITIALIZED, rseq_cs=NULL, flags=0, node_id=0, mm_cid=0, slice_ctrl={request=0, granted=0, __reserved=0}, __reserved=0}, 32, 0, 0x53053053) = 0
27431<xargs> 22:19:15 mprotect(0x7fbe4cd55000, 16384, PROT_READ) = 0
27431<xargs> 22:19:15 mprotect(0x55e36ba16000, 4096, PROT_READ) = 0
27431<xargs> 22:19:15 mprotect(0x7fbe4cdb6000, 8192, PROT_READ) = 0
27431<xargs> 22:19:15 prlimit64(0, RLIMIT_STACK, NULL, {rlim_cur=8192*1024, rlim_max=RLIM64_INFINITY}) = 0
27431<xargs> 22:19:15 getrandom("\x4f\x46\xde\x4d\x0e\x32\x76\x72", 8, GRND_NONBLOCK) = 8
27431<xargs> 22:19:15 munmap(0x7fbe4cd65000, 74499) = 0
27431<xargs> 22:19:15 brk(NULL)         = 0x55e39f81b000
27431<xargs> 22:19:15 brk(0x55e39f83c000) = 0x55e39f83c000
27431<xargs> 22:19:15 fstat(1<pipe:[146936]>, {st_mode=S_IFIFO|0600, st_size=0, ...}) = 0
27431<xargs> 22:19:15 openat(AT_FDCWD</home/catastor>, "/etc/debuginfod/elfutils.urls", O_RDONLY) = 3</etc/debuginfod/elfutils.urls>
27431<xargs> 22:19:15 fstat(3</etc/debuginfod/elfutils.urls>, {st_mode=S_IFREG|0644, st_size=63, ...}) = 0
27431<xargs> 22:19:15 fadvise64(3</etc/debuginfod/elfutils.urls>, 0, 0, POSIX_FADV_SEQUENTIAL) = 0
27431<xargs> 22:19:15 mmap(NULL, 270336, PROT_READ|PROT_WRITE, MAP_PRIVATE|MAP_ANONYMOUS, -1, 0) = 0x7fbe4cb23000
27431<xargs> 22:19:15 read(3</etc/debuginfod/elfutils.urls>, "ima:enforcing https://debuginfod"..., 262144) = 63
27431<xargs> 22:19:15 write(1<pipe:[146936]>, "ima:enforcing https://debuginfod"..., 63) = 63
27430<tr> 22:19:15 <... read resumed>, "ima:enforcing https://debuginfod"..., 8192) = 63
27431<xargs> 22:19:15 read(3</etc/debuginfod/elfutils.urls> <unfinished ...>
27430<tr> 22:19:15 fstat(1<pipe:[145925]> <unfinished ...>
27431<xargs> 22:19:15 <... read resumed>, "", 262144) = 0
27430<tr> 22:19:15 <... fstat resumed>, {st_mode=S_IFIFO|0600, st_size=0, ...}) = 0
27431<xargs> 22:19:15 munmap(0x7fbe4cb23000, 270336 <unfinished ...>
27430<tr> 22:19:15 read(0<pipe:[146936]> <unfinished ...>
27431<xargs> 22:19:15 <... munmap resumed>) = 0
27431<xargs> 22:19:15 close(3</etc/debuginfod/elfutils.urls>) = 0
27431<xargs> 22:19:15 close(1<pipe:[146936]>) = 0
27431<xargs> 22:19:15 close(2</dev/null<char 1:3>>) = 0
27431<xargs> 22:19:15 exit_group(0)     = ?
27431<xargs> 22:19:15 +++ exited with 0 +++
27429<xargs> 22:19:15 <... wait4 resumed>, [{WIFEXITED(s) && WEXITSTATUS(s) == 0}], 0, NULL) = 27431
27429<xargs> 22:19:15 --- SIGCHLD {si_signo=SIGCHLD, si_code=CLD_EXITED, si_pid=27431, si_uid=1000, si_status=0, si_utime=0, si_stime=0} ---
27429<xargs> 22:19:15 close(0<pipe:[145926]>) = 0
27429<xargs> 22:19:15 close(1<pipe:[146936]> <unfinished ...>
27430<tr> 22:19:15 <... read resumed>, "", 8192) = 0
27429<xargs> 22:19:15 <... close resumed>) = 0
27430<tr> 22:19:15 close(0<pipe:[146936]> <unfinished ...>
27429<xargs> 22:19:15 close(2</dev/null<char 1:3>> <unfinished ...>
27430<tr> 22:19:15 <... close resumed>) = 0
27429<xargs> 22:19:15 <... close resumed>) = 0
27430<tr> 22:19:15 write(1<pipe:[145925]>, "ima:enforcing https://debuginfod"..., 63 <unfinished ...>
27429<xargs> 22:19:15 exit_group(0 <unfinished ...>
27430<tr> 22:19:15 <... write resumed>) = 63
27408<bash> 22:19:15 <... read resumed>, "ima:enforcing https://debuginfod"..., 4096) = 63
27430<tr> 22:19:15 close(1<pipe:[145925]> <unfinished ...>
27429<xargs> 22:19:15 <... exit_group resumed>) = ?
27430<tr> 22:19:15 <... close resumed>) = 0
27408<bash> 22:19:15 read(3<pipe:[145925]> <unfinished ...>
27430<tr> 22:19:15 close(2</dev/pts/6<char 136:6>>) = 0
27429<xargs> 22:19:15 +++ exited with 0 +++
27430<tr> 22:19:15 exit_group(0 <unfinished ...>
27427<bash> 22:19:15 <... wait4 resumed>, [{WIFEXITED(s) && WEXITSTATUS(s) == 0}], 0, NULL) = 27429
27430<tr> 22:19:15 <... exit_group resumed>) = ?
27427<bash> 22:19:15 wait4(-1 <unfinished ...>
27430<tr> 22:19:15 +++ exited with 0 +++
27427<bash> 22:19:15 <... wait4 resumed>, [{WIFEXITED(s) && WEXITSTATUS(s) == 0}], 0, NULL) = 27430
27427<bash> 22:19:15 rt_sigaction(SIGINT, {sa_handler=0x55e6ca0352c0, sa_mask=[], sa_flags=SA_RESTORER, sa_restorer=0x7fa306ca35b0}, {sa_handler=0x55e6ca002d80, sa_mask=[], sa_flags=SA_RESTORER, sa_restorer=0x7fa306ca35b0}, 8) = 0
27427<bash> 22:19:15 rt_sigprocmask(SIG_SETMASK, [CHLD], NULL, 8) = 0
27427<bash> 22:19:15 close(4)           = -1 EBADF (Bad file descriptor)
27427<bash> 22:19:15 rt_sigprocmask(SIG_SETMASK, [], NULL, 8) = 0
27427<bash> 22:19:15 --- SIGCHLD {si_signo=SIGCHLD, si_code=CLD_EXITED, si_pid=27428, si_uid=1000, si_status=0, si_utime=0, si_stime=0} ---
27427<bash> 22:19:15 wait4(-1, 0x7ffee29a8494, WNOHANG, NULL) = -1 ECHILD (No child processes)
27427<bash> 22:19:15 rt_sigreturn({mask=[]}) = 0
27427<bash> 22:19:15 exit_group(0)      = ?
27427<bash> 22:19:15 +++ exited with 0 +++
27408<bash> 22:19:15 <... read resumed>, "", 4096) = 0
27408<bash> 22:19:15 --- SIGCHLD {si_signo=SIGCHLD, si_code=CLD_EXITED, si_pid=27427<bash>, si_uid=1000, si_status=0, si_utime=0, si_stime=0} ---
27408<bash> 22:19:15 wait4(-1, [{WIFEXITED(s) && WEXITSTATUS(s) == 0}], WNOHANG, NULL) = 27427
27408<bash> 22:19:15 wait4(-1, 0x7ffee29a7894, WNOHANG, NULL) = -1 ECHILD (No child processes)
27408<bash> 22:19:15 rt_sigreturn({mask=[INT]}) = 0
27408<bash> 22:19:15 close(3<pipe:[145925]>) = 0
27408<bash> 22:19:15 rt_sigprocmask(SIG_SETMASK, [], NULL, 8) = 0
27408<bash> 22:19:15 rt_sigprocmask(SIG_BLOCK, [CHLD], [], 8) = 0
27408<bash> 22:19:15 rt_sigaction(SIGINT, {sa_handler=0x55e6ca002d80, sa_mask=[], sa_flags=SA_RESTORER, sa_restorer=0x7fa306ca35b0}, {sa_handler=0x55e6ca034cf0, sa_mask=[], sa_flags=SA_RESTORER, sa_restorer=0x7fa306ca35b0}, 8) = 0
27408<bash> 22:19:15 rt_sigaction(SIGINT, {sa_handler=0x55e6ca034cf0, sa_mask=[], sa_flags=SA_RESTORER, sa_restorer=0x7fa306ca35b0}, {sa_handler=0x55e6ca002d80, sa_mask=[], sa_flags=SA_RESTORER, sa_restorer=0x7fa306ca35b0}, 8) = 0
27408<bash> 22:19:15 rt_sigprocmask(SIG_SETMASK, [], NULL, 8) = 0
27408<bash> 22:19:15 rt_sigprocmask(SIG_BLOCK, [CHLD], [], 8) = 0
27408<bash> 22:19:15 rt_sigprocmask(SIG_SETMASK, [], NULL, 8) = 0
27408<bash> 22:19:15 rt_sigprocmask(SIG_BLOCK, NULL, [], 8) = 0
27408<bash> 22:19:15 pipe2([3<pipe:[145391]>, 4<pipe:[145391]>], 0) = 0
27408<bash> 22:19:15 rt_sigprocmask(SIG_BLOCK, [CHLD], [], 8) = 0
27408<bash> 22:19:15 rt_sigprocmask(SIG_SETMASK, [], NULL, 8) = 0
27408<bash> 22:19:15 rt_sigprocmask(SIG_BLOCK, NULL, [], 8) = 0
27408<bash> 22:19:15 rt_sigprocmask(SIG_BLOCK, [INT TERM CHLD], [], 8) = 0
27408<bash> 22:19:15 rt_sigaction(SIGTERM, {sa_handler=SIG_DFL, sa_mask=[], sa_flags=SA_RESTORER, sa_restorer=0x7fa306ca35b0}, {sa_handler=SIG_IGN, sa_mask=[], sa_flags=SA_RESTORER, sa_restorer=0x7fa306ca35b0}, 8) = 0
27408<bash> 22:19:15 rt_sigprocmask(SIG_BLOCK, ~[], [INT TERM CHLD], 8) = 0
27408<bash> 22:19:15 clone(child_stack=NULL, flags=CLONE_CHILD_CLEARTID|CLONE_CHILD_SETTID|SIGCHLD, child_tidptr=0x7fa306c86a10) = 27432<bash>
27432<bash> 22:19:15 set_robust_list(0x7fa306c86a20, 24) = 0
27408<bash> 22:19:15 rt_sigprocmask(SIG_SETMASK, [INT TERM CHLD] <unfinished ...>
27432<bash> 22:19:15 rt_sigprocmask(SIG_SETMASK, [INT TERM CHLD] <unfinished ...>
27408<bash> 22:19:15 <... rt_sigprocmask resumed>, NULL, 8) = 0
27432<bash> 22:19:15 <... rt_sigprocmask resumed>, NULL, 8) = 0
27408<bash> 22:19:15 rt_sigaction(SIGTERM, {sa_handler=SIG_IGN, sa_mask=[], sa_flags=SA_RESTORER, sa_restorer=0x7fa306ca35b0} <unfinished ...>
27432<bash> 22:19:15 getpid( <unfinished ...>
27408<bash> 22:19:15 <... rt_sigaction resumed>, {sa_handler=SIG_DFL, sa_mask=[], sa_flags=SA_RESTORER, sa_restorer=0x7fa306ca35b0}, 8) = 0
27432<bash> 22:19:15 <... getpid resumed>) = 27432<bash>
27408<bash> 22:19:15 rt_sigprocmask(SIG_SETMASK, [] <unfinished ...>
27432<bash> 22:19:15 rt_sigprocmask(SIG_SETMASK, [] <unfinished ...>
27408<bash> 22:19:15 <... rt_sigprocmask resumed>, NULL, 8) = 0
27432<bash> 22:19:15 <... rt_sigprocmask resumed>, NULL, 8) = 0
27408<bash> 22:19:15 rt_sigaction(SIGCHLD, {sa_handler=0x55e6ca0068d0, sa_mask=[], sa_flags=SA_RESTORER|SA_RESTART, sa_restorer=0x7fa306ca35b0} <unfinished ...>
27432<bash> 22:19:15 rt_sigaction(SIGTSTP, {sa_handler=SIG_DFL, sa_mask=[], sa_flags=SA_RESTORER, sa_restorer=0x7fa306ca35b0} <unfinished ...>
27408<bash> 22:19:15 <... rt_sigaction resumed>, {sa_handler=0x55e6ca0068d0, sa_mask=[], sa_flags=SA_RESTORER|SA_RESTART, sa_restorer=0x7fa306ca35b0}, 8) = 0
27432<bash> 22:19:15 <... rt_sigaction resumed>, {sa_handler=SIG_IGN, sa_mask=[], sa_flags=SA_RESTORER, sa_restorer=0x7fa306ca35b0}, 8) = 0
27408<bash> 22:19:15 close(4<pipe:[145391]> <unfinished ...>
27432<bash> 22:19:15 rt_sigaction(SIGTTIN, {sa_handler=SIG_DFL, sa_mask=[], sa_flags=SA_RESTORER, sa_restorer=0x7fa306ca35b0} <unfinished ...>
27408<bash> 22:19:15 <... close resumed>) = 0
27432<bash> 22:19:15 <... rt_sigaction resumed>, {sa_handler=SIG_IGN, sa_mask=[], sa_flags=SA_RESTORER, sa_restorer=0x7fa306ca35b0}, 8) = 0
27408<bash> 22:19:15 rt_sigprocmask(SIG_BLOCK, [INT] <unfinished ...>
27432<bash> 22:19:15 rt_sigaction(SIGTTOU, {sa_handler=SIG_DFL, sa_mask=[], sa_flags=SA_RESTORER, sa_restorer=0x7fa306ca35b0} <unfinished ...>
27408<bash> 22:19:15 <... rt_sigprocmask resumed>, [], 8) = 0
27432<bash> 22:19:15 <... rt_sigaction resumed>, {sa_handler=SIG_IGN, sa_mask=[], sa_flags=SA_RESTORER, sa_restorer=0x7fa306ca35b0}, 8) = 0
27408<bash> 22:19:15 read(3<pipe:[145391]> <unfinished ...>
27432<bash> 22:19:15 rt_sigaction(SIGINT, {sa_handler=SIG_DFL, sa_mask=[], sa_flags=SA_RESTORER, sa_restorer=0x7fa306ca35b0}, {sa_handler=0x55e6ca034cf0, sa_mask=[], sa_flags=SA_RESTORER, sa_restorer=0x7fa306ca35b0}, 8) = 0
27432<bash> 22:19:15 rt_sigaction(SIGQUIT, {sa_handler=SIG_DFL, sa_mask=[], sa_flags=SA_RESTORER, sa_restorer=0x7fa306ca35b0}, {sa_handler=SIG_IGN, sa_mask=[], sa_flags=SA_RESTORER, sa_restorer=0x7fa306ca35b0}, 8) = 0
27432<bash> 22:19:15 rt_sigaction(SIGTERM, {sa_handler=SIG_DFL, sa_mask=[], sa_flags=SA_RESTORER, sa_restorer=0x7fa306ca35b0}, {sa_handler=SIG_DFL, sa_mask=[], sa_flags=SA_RESTORER, sa_restorer=0x7fa306ca35b0}, 8) = 0
27432<bash> 22:19:15 rt_sigaction(SIGCHLD, {sa_handler=SIG_DFL, sa_mask=[], sa_flags=SA_RESTORER|SA_RESTART, sa_restorer=0x7fa306ca35b0}, {sa_handler=0x55e6ca0068d0, sa_mask=[], sa_flags=SA_RESTORER|SA_RESTART, sa_restorer=0x7fa306ca35b0}, 8) = 0
27432<bash> 22:19:15 rt_sigaction(SIGCHLD, {sa_handler=0x55e6ca0068d0, sa_mask=[], sa_flags=SA_RESTORER|SA_RESTART, sa_restorer=0x7fa306ca35b0}, {sa_handler=SIG_DFL, sa_mask=[], sa_flags=SA_RESTORER|SA_RESTART, sa_restorer=0x7fa306ca35b0}, 8) = 0
27432<bash> 22:19:15 rt_sigaction(SIGINT, {sa_handler=0x55e6ca0352c0, sa_mask=[], sa_flags=SA_RESTORER, sa_restorer=0x7fa306ca35b0}, {sa_handler=SIG_DFL, sa_mask=[], sa_flags=SA_RESTORER, sa_restorer=0x7fa306ca35b0}, 8) = 0
27432<bash> 22:19:15 dup2(4<pipe:[145391]>, 1</dev/pts/6<char 136:6>>) = 1<pipe:[145391]>
27432<bash> 22:19:15 close(4<pipe:[145391]>) = 0
27432<bash> 22:19:15 close(3<pipe:[145391]>) = 0
27432<bash> 22:19:15 rt_sigprocmask(SIG_BLOCK, NULL, [], 8) = 0
27432<bash> 22:19:15 rt_sigprocmask(SIG_BLOCK, [CHLD], [], 8) = 0
27432<bash> 22:19:15 fcntl(0</dev/pts/6<char 136:6>>, F_GETFD) = 0
27432<bash> 22:19:15 pipe2([3<pipe:[145927]>, 4<pipe:[145927]>], 0) = 0
27432<bash> 22:19:15 rt_sigprocmask(SIG_BLOCK, NULL, [CHLD], 8) = 0
27432<bash> 22:19:15 rt_sigprocmask(SIG_BLOCK, [INT TERM CHLD], [CHLD], 8) = 0
27432<bash> 22:19:15 rt_sigaction(SIGTERM, {sa_handler=SIG_DFL, sa_mask=[], sa_flags=SA_RESTORER, sa_restorer=0x7fa306ca35b0}, {sa_handler=SIG_DFL, sa_mask=[], sa_flags=SA_RESTORER, sa_restorer=0x7fa306ca35b0}, 8) = 0
27432<bash> 22:19:15 rt_sigprocmask(SIG_BLOCK, ~[], [INT TERM CHLD], 8) = 0
27432<bash> 22:19:15 clone(child_stack=NULL, flags=CLONE_CHILD_CLEARTID|CLONE_CHILD_SETTID|SIGCHLD, child_tidptr=0x7fa306c86a10) = 27433<bash>
27433<bash> 22:19:15 set_robust_list(0x7fa306c86a20, 24 <unfinished ...>
27432<bash> 22:19:15 rt_sigprocmask(SIG_SETMASK, [INT TERM CHLD] <unfinished ...>
27433<bash> 22:19:15 <... set_robust_list resumed>) = 0
27432<bash> 22:19:15 <... rt_sigprocmask resumed>, NULL, 8) = 0
27433<bash> 22:19:15 rt_sigprocmask(SIG_SETMASK, [INT TERM CHLD] <unfinished ...>
27432<bash> 22:19:15 rt_sigaction(SIGTERM, {sa_handler=SIG_DFL, sa_mask=[], sa_flags=SA_RESTORER, sa_restorer=0x7fa306ca35b0} <unfinished ...>
27433<bash> 22:19:15 <... rt_sigprocmask resumed>, NULL, 8) = 0
27432<bash> 22:19:15 <... rt_sigaction resumed>, {sa_handler=SIG_DFL, sa_mask=[], sa_flags=SA_RESTORER, sa_restorer=0x7fa306ca35b0}, 8) = 0
27433<bash> 22:19:15 getpid( <unfinished ...>
27432<bash> 22:19:15 rt_sigprocmask(SIG_SETMASK, [CHLD] <unfinished ...>
27433<bash> 22:19:15 <... getpid resumed>) = 27433<bash>
27432<bash> 22:19:15 <... rt_sigprocmask resumed>, NULL, 8) = 0
27433<bash> 22:19:15 rt_sigprocmask(SIG_SETMASK, [] <unfinished ...>
27432<bash> 22:19:15 close(4<pipe:[145927]> <unfinished ...>
27433<bash> 22:19:15 <... rt_sigprocmask resumed>, NULL, 8) = 0
27432<bash> 22:19:15 <... close resumed>) = 0
27433<bash> 22:19:15 rt_sigaction(SIGTSTP, {sa_handler=SIG_DFL, sa_mask=[], sa_flags=SA_RESTORER, sa_restorer=0x7fa306ca35b0} <unfinished ...>
27432<bash> 22:19:15 close(4 <unfinished ...>
27433<bash> 22:19:15 <... rt_sigaction resumed>, {sa_handler=SIG_DFL, sa_mask=[], sa_flags=SA_RESTORER, sa_restorer=0x7fa306ca35b0}, 8) = 0
27432<bash> 22:19:15 <... close resumed>) = -1 EBADF (Bad file descriptor)
27433<bash> 22:19:15 rt_sigaction(SIGTTIN, {sa_handler=SIG_DFL, sa_mask=[], sa_flags=SA_RESTORER, sa_restorer=0x7fa306ca35b0} <unfinished ...>
27432<bash> 22:19:15 pipe2( <unfinished ...>
27433<bash> 22:19:15 <... rt_sigaction resumed>, {sa_handler=SIG_DFL, sa_mask=[], sa_flags=SA_RESTORER, sa_restorer=0x7fa306ca35b0}, 8) = 0
27432<bash> 22:19:15 <... pipe2 resumed>[4<pipe:[147740]>, 5<pipe:[147740]>], 0) = 0
27433<bash> 22:19:15 rt_sigaction(SIGTTOU, {sa_handler=SIG_DFL, sa_mask=[], sa_flags=SA_RESTORER, sa_restorer=0x7fa306ca35b0}, {sa_handler=SIG_DFL, sa_mask=[], sa_flags=SA_RESTORER, sa_restorer=0x7fa306ca35b0}, 8) = 0
27432<bash> 22:19:15 rt_sigprocmask(SIG_BLOCK, NULL <unfinished ...>
27433<bash> 22:19:15 close(3<pipe:[145927]> <unfinished ...>
27432<bash> 22:19:15 <... rt_sigprocmask resumed>, [CHLD], 8) = 0
27433<bash> 22:19:15 <... close resumed>) = 0
27432<bash> 22:19:15 rt_sigprocmask(SIG_BLOCK, [INT TERM CHLD] <unfinished ...>
27433<bash> 22:19:15 dup2(4<pipe:[145927]>, 1<pipe:[145391]> <unfinished ...>
27432<bash> 22:19:15 <... rt_sigprocmask resumed>, [CHLD], 8) = 0
27433<bash> 22:19:15 <... dup2 resumed>) = 1<pipe:[145927]>
27432<bash> 22:19:15 rt_sigaction(SIGTERM, {sa_handler=SIG_DFL, sa_mask=[], sa_flags=SA_RESTORER, sa_restorer=0x7fa306ca35b0} <unfinished ...>
27433<bash> 22:19:15 close(4<pipe:[145927]> <unfinished ...>
27432<bash> 22:19:15 <... rt_sigaction resumed>, {sa_handler=SIG_DFL, sa_mask=[], sa_flags=SA_RESTORER, sa_restorer=0x7fa306ca35b0}, 8) = 0
27433<bash> 22:19:15 <... close resumed>) = 0
27432<bash> 22:19:15 rt_sigprocmask(SIG_BLOCK, ~[], [INT TERM CHLD], 8) = 0
27432<bash> 22:19:15 clone(child_stack=NULL, flags=CLONE_CHILD_CLEARTID|CLONE_CHILD_SETTID|SIGCHLD <unfinished ...>
27433<bash> 22:19:15 newfstatat(AT_FDCWD</home/catastor>, ".", {st_mode=S_IFDIR|0700, st_size=716, ...}, 0) = 0
27433<bash> 22:19:15 newfstatat(AT_FDCWD</home/catastor>, "/usr/local/bin/find", 0x7ffee29a85d0, 0) = -1 ENOENT (No such file or directory)
27432<bash> 22:19:15 <... clone resumed>, child_tidptr=0x7fa306c86a10) = 27434<bash>
27434<bash> 22:19:15 set_robust_list(0x7fa306c86a20, 24 <unfinished ...>
27433<bash> 22:19:15 newfstatat(AT_FDCWD</home/catastor>, "/usr/bin/find" <unfinished ...>
27432<bash> 22:19:15 rt_sigprocmask(SIG_SETMASK, [INT TERM CHLD] <unfinished ...>
27434<bash> 22:19:15 <... set_robust_list resumed>) = 0
27433<bash> 22:19:15 <... newfstatat resumed>, {st_mode=S_IFREG|0755, st_size=213448, ...}, 0) = 0
27432<bash> 22:19:15 <... rt_sigprocmask resumed>, NULL, 8) = 0
27433<bash> 22:19:15 newfstatat(AT_FDCWD</home/catastor>, "/usr/bin/find" <unfinished ...>
27434<bash> 22:19:15 rt_sigprocmask(SIG_SETMASK, [INT TERM CHLD] <unfinished ...>
27432<bash> 22:19:15 rt_sigaction(SIGTERM, {sa_handler=SIG_DFL, sa_mask=[], sa_flags=SA_RESTORER, sa_restorer=0x7fa306ca35b0} <unfinished ...>
27434<bash> 22:19:15 <... rt_sigprocmask resumed>, NULL, 8) = 0
27433<bash> 22:19:15 <... newfstatat resumed>, {st_mode=S_IFREG|0755, st_size=213448, ...}, 0) = 0
27432<bash> 22:19:15 <... rt_sigaction resumed>, {sa_handler=SIG_DFL, sa_mask=[], sa_flags=SA_RESTORER, sa_restorer=0x7fa306ca35b0}, 8) = 0
27433<bash> 22:19:15 geteuid( <unfinished ...>
27434<bash> 22:19:15 getpid()           = 27434<bash>
27433<bash> 22:19:15 <... geteuid resumed>) = 1000
27432<bash> 22:19:15 rt_sigprocmask(SIG_SETMASK, [CHLD] <unfinished ...>
27434<bash> 22:19:15 rt_sigprocmask(SIG_SETMASK, [] <unfinished ...>
27433<bash> 22:19:15 getegid( <unfinished ...>
27434<bash> 22:19:15 <... rt_sigprocmask resumed>, NULL, 8) = 0
27432<bash> 22:19:15 <... rt_sigprocmask resumed>, NULL, 8) = 0
27433<bash> 22:19:15 <... getegid resumed>) = 1000
27434<bash> 22:19:15 rt_sigaction(SIGTSTP, {sa_handler=SIG_DFL, sa_mask=[], sa_flags=SA_RESTORER, sa_restorer=0x7fa306ca35b0} <unfinished ...>
27433<bash> 22:19:15 getuid( <unfinished ...>
27432<bash> 22:19:15 close(3<pipe:[145927]> <unfinished ...>
27434<bash> 22:19:15 <... rt_sigaction resumed>, {sa_handler=SIG_DFL, sa_mask=[], sa_flags=SA_RESTORER, sa_restorer=0x7fa306ca35b0}, 8) = 0
27433<bash> 22:19:15 <... getuid resumed>) = 1000
27434<bash> 22:19:15 rt_sigaction(SIGTTIN, {sa_handler=SIG_DFL, sa_mask=[], sa_flags=SA_RESTORER, sa_restorer=0x7fa306ca35b0} <unfinished ...>
27432<bash> 22:19:15 <... close resumed>) = 0
27433<bash> 22:19:15 getgid( <unfinished ...>
27434<bash> 22:19:15 <... rt_sigaction resumed>, {sa_handler=SIG_DFL, sa_mask=[], sa_flags=SA_RESTORER, sa_restorer=0x7fa306ca35b0}, 8) = 0
27432<bash> 22:19:15 close(5<pipe:[147740]> <unfinished ...>
27434<bash> 22:19:15 rt_sigaction(SIGTTOU, {sa_handler=SIG_DFL, sa_mask=[], sa_flags=SA_RESTORER, sa_restorer=0x7fa306ca35b0} <unfinished ...>
27433<bash> 22:19:15 <... getgid resumed>) = 1000
27432<bash> 22:19:15 <... close resumed>) = 0
27434<bash> 22:19:15 <... rt_sigaction resumed>, {sa_handler=SIG_DFL, sa_mask=[], sa_flags=SA_RESTORER, sa_restorer=0x7fa306ca35b0}, 8) = 0
27433<bash> 22:19:15 access("/usr/bin/find", X_OK <unfinished ...>
27432<bash> 22:19:15 close(3 <unfinished ...>
27434<bash> 22:19:15 close(4<pipe:[147740]> <unfinished ...>
27433<bash> 22:19:15 <... access resumed>) = 0
27434<bash> 22:19:15 <... close resumed>) = 0
27432<bash> 22:19:15 <... close resumed>) = -1 EBADF (Bad file descriptor)
27433<bash> 22:19:15 newfstatat(AT_FDCWD</home/catastor>, "/usr/bin/find" <unfinished ...>
27434<bash> 22:19:15 dup2(3<pipe:[145927]>, 0</dev/pts/6<char 136:6>> <unfinished ...>
27432<bash> 22:19:15 close(5 <unfinished ...>
27434<bash> 22:19:15 <... dup2 resumed>) = 0<pipe:[145927]>
27433<bash> 22:19:15 <... newfstatat resumed>, {st_mode=S_IFREG|0755, st_size=213448, ...}, 0) = 0
27434<bash> 22:19:15 close(3<pipe:[145927]> <unfinished ...>
27432<bash> 22:19:15 <... close resumed>) = -1 EBADF (Bad file descriptor)
27434<bash> 22:19:15 <... close resumed>) = 0
27433<bash> 22:19:15 geteuid( <unfinished ...>
27434<bash> 22:19:15 dup2(5<pipe:[147740]>, 1<pipe:[145391]> <unfinished ...>
27432<bash> 22:19:15 rt_sigprocmask(SIG_BLOCK, NULL <unfinished ...>
27434<bash> 22:19:15 <... dup2 resumed>) = 1<pipe:[147740]>
27433<bash> 22:19:15 <... geteuid resumed>) = 1000
27434<bash> 22:19:15 close(5<pipe:[147740]> <unfinished ...>
27432<bash> 22:19:15 <... rt_sigprocmask resumed>, [CHLD], 8) = 0
27434<bash> 22:19:15 <... close resumed>) = 0
27433<bash> 22:19:15 getegid( <unfinished ...>
27432<bash> 22:19:15 rt_sigprocmask(SIG_BLOCK, [INT TERM CHLD] <unfinished ...>
27433<bash> 22:19:15 <... getegid resumed>) = 1000
27432<bash> 22:19:15 <... rt_sigprocmask resumed>, [CHLD], 8) = 0
27433<bash> 22:19:15 getuid( <unfinished ...>
27432<bash> 22:19:15 rt_sigaction(SIGTERM, {sa_handler=SIG_DFL, sa_mask=[], sa_flags=SA_RESTORER, sa_restorer=0x7fa306ca35b0} <unfinished ...>
27433<bash> 22:19:15 <... getuid resumed>) = 1000
27434<bash> 22:19:15 newfstatat(AT_FDCWD</home/catastor>, "." <unfinished ...>
27433<bash> 22:19:15 getgid( <unfinished ...>
27432<bash> 22:19:15 <... rt_sigaction resumed>, {sa_handler=SIG_DFL, sa_mask=[], sa_flags=SA_RESTORER, sa_restorer=0x7fa306ca35b0}, 8) = 0
27434<bash> 22:19:15 <... newfstatat resumed>, {st_mode=S_IFDIR|0700, st_size=716, ...}, 0) = 0
27433<bash> 22:19:15 <... getgid resumed>) = 1000
27432<bash> 22:19:15 rt_sigprocmask(SIG_BLOCK, ~[] <unfinished ...>
27434<bash> 22:19:15 newfstatat(AT_FDCWD</home/catastor>, "/usr/local/bin/xargs" <unfinished ...>
27433<bash> 22:19:15 access("/usr/bin/find", R_OK <unfinished ...>
27434<bash> 22:19:15 <... newfstatat resumed>, 0x7ffee29a85d0, 0) = -1 ENOENT (No such file or directory)
27432<bash> 22:19:15 <... rt_sigprocmask resumed>, [INT TERM CHLD], 8) = 0
27434<bash> 22:19:15 newfstatat(AT_FDCWD</home/catastor>, "/usr/bin/xargs" <unfinished ...>
27433<bash> 22:19:15 <... access resumed>) = 0
27434<bash> 22:19:15 <... newfstatat resumed>, {st_mode=S_IFREG|0755, st_size=73832, ...}, 0) = 0
27432<bash> 22:19:15 clone(child_stack=NULL, flags=CLONE_CHILD_CLEARTID|CLONE_CHILD_SETTID|SIGCHLD <unfinished ...>
27434<bash> 22:19:15 newfstatat(AT_FDCWD</home/catastor>, "/usr/bin/xargs" <unfinished ...>
27433<bash> 22:19:15 rt_sigaction(SIGHUP, {sa_handler=SIG_DFL, sa_mask=[], sa_flags=SA_RESTORER, sa_restorer=0x7fa306ca35b0} <unfinished ...>
27434<bash> 22:19:15 <... newfstatat resumed>, {st_mode=S_IFREG|0755, st_size=73832, ...}, 0) = 0
27433<bash> 22:19:15 <... rt_sigaction resumed>, NULL, 8) = 0
27434<bash> 22:19:15 geteuid( <unfinished ...>
27433<bash> 22:19:15 rt_sigaction(SIGILL, {sa_handler=SIG_DFL, sa_mask=[], sa_flags=SA_RESTORER, sa_restorer=0x7fa306ca35b0} <unfinished ...>
27434<bash> 22:19:15 <... geteuid resumed>) = 1000
27433<bash> 22:19:15 <... rt_sigaction resumed>, NULL, 8) = 0
27434<bash> 22:19:15 getegid( <unfinished ...>
27433<bash> 22:19:15 rt_sigaction(SIGTRAP, {sa_handler=SIG_DFL, sa_mask=[], sa_flags=SA_RESTORER, sa_restorer=0x7fa306ca35b0} <unfinished ...>
27435<bash> 22:19:15 set_robust_list(0x7fa306c86a20, 24 <unfinished ...>
27434<bash> 22:19:15 <... getegid resumed>) = 1000
27433<bash> 22:19:15 <... rt_sigaction resumed>, NULL, 8) = 0
27432<bash> 22:19:15 <... clone resumed>, child_tidptr=0x7fa306c86a10) = 27435<bash>
27435<bash> 22:19:15 <... set_robust_list resumed>) = 0
27434<bash> 22:19:15 getuid( <unfinished ...>
27433<bash> 22:19:15 rt_sigprocmask(SIG_BLOCK, ~[] <unfinished ...>
27435<bash> 22:19:15 rt_sigprocmask(SIG_SETMASK, [INT TERM CHLD] <unfinished ...>
27432<bash> 22:19:15 rt_sigprocmask(SIG_SETMASK, [INT TERM CHLD] <unfinished ...>
27435<bash> 22:19:15 <... rt_sigprocmask resumed>, NULL, 8) = 0
27434<bash> 22:19:15 <... getuid resumed>) = 1000
27433<bash> 22:19:15 <... rt_sigprocmask resumed>, [], 8) = 0
27434<bash> 22:19:15 getgid( <unfinished ...>
27432<bash> 22:19:15 <... rt_sigprocmask resumed>, NULL, 8) = 0
27435<bash> 22:19:15 getpid( <unfinished ...>
27434<bash> 22:19:15 <... getgid resumed>) = 1000
27433<bash> 22:19:15 rt_sigaction(SIGABRT, {sa_handler=SIG_DFL, sa_mask=[], sa_flags=SA_RESTORER, sa_restorer=0x7fa306ca35b0} <unfinished ...>
27435<bash> 22:19:15 <... getpid resumed>) = 27435<bash>
27434<bash> 22:19:15 access("/usr/bin/xargs", X_OK <unfinished ...>
27432<bash> 22:19:15 rt_sigaction(SIGTERM, {sa_handler=SIG_DFL, sa_mask=[], sa_flags=SA_RESTORER, sa_restorer=0x7fa306ca35b0} <unfinished ...>
27435<bash> 22:19:15 rt_sigprocmask(SIG_SETMASK, [] <unfinished ...>
27434<bash> 22:19:15 <... access resumed>) = 0
27433<bash> 22:19:15 <... rt_sigaction resumed>, NULL, 8) = 0
27435<bash> 22:19:15 <... rt_sigprocmask resumed>, NULL, 8) = 0
27434<bash> 22:19:15 newfstatat(AT_FDCWD</home/catastor>, "/usr/bin/xargs" <unfinished ...>
27432<bash> 22:19:15 <... rt_sigaction resumed>, {sa_handler=SIG_DFL, sa_mask=[], sa_flags=SA_RESTORER, sa_restorer=0x7fa306ca35b0}, 8) = 0
27435<bash> 22:19:15 rt_sigaction(SIGTSTP, {sa_handler=SIG_DFL, sa_mask=[], sa_flags=SA_RESTORER, sa_restorer=0x7fa306ca35b0} <unfinished ...>
27434<bash> 22:19:15 <... newfstatat resumed>, {st_mode=S_IFREG|0755, st_size=73832, ...}, 0) = 0
27433<bash> 22:19:15 rt_sigprocmask(SIG_SETMASK, [] <unfinished ...>
27435<bash> 22:19:15 <... rt_sigaction resumed>, {sa_handler=SIG_DFL, sa_mask=[], sa_flags=SA_RESTORER, sa_restorer=0x7fa306ca35b0}, 8) = 0
27434<bash> 22:19:15 geteuid( <unfinished ...>
27433<bash> 22:19:15 <... rt_sigprocmask resumed>, NULL, 8) = 0
27432<bash> 22:19:15 rt_sigprocmask(SIG_SETMASK, [CHLD] <unfinished ...>
27435<bash> 22:19:15 rt_sigaction(SIGTTIN, {sa_handler=SIG_DFL, sa_mask=[], sa_flags=SA_RESTORER, sa_restorer=0x7fa306ca35b0} <unfinished ...>
27434<bash> 22:19:15 <... geteuid resumed>) = 1000
27433<bash> 22:19:15 rt_sigaction(SIGFPE, {sa_handler=SIG_DFL, sa_mask=[], sa_flags=SA_RESTORER, sa_restorer=0x7fa306ca35b0} <unfinished ...>
27432<bash> 22:19:15 <... rt_sigprocmask resumed>, NULL, 8) = 0
27435<bash> 22:19:15 <... rt_sigaction resumed>, {sa_handler=SIG_DFL, sa_mask=[], sa_flags=SA_RESTORER, sa_restorer=0x7fa306ca35b0}, 8) = 0
27434<bash> 22:19:15 getegid( <unfinished ...>
27433<bash> 22:19:15 <... rt_sigaction resumed>, NULL, 8) = 0
27435<bash> 22:19:15 rt_sigaction(SIGTTOU, {sa_handler=SIG_DFL, sa_mask=[], sa_flags=SA_RESTORER, sa_restorer=0x7fa306ca35b0} <unfinished ...>
27434<bash> 22:19:15 <... getegid resumed>) = 1000
27432<bash> 22:19:15 close(4<pipe:[147740]> <unfinished ...>
27435<bash> 22:19:15 <... rt_sigaction resumed>, {sa_handler=SIG_DFL, sa_mask=[], sa_flags=SA_RESTORER, sa_restorer=0x7fa306ca35b0}, 8) = 0
27434<bash> 22:19:15 getuid( <unfinished ...>
27433<bash> 22:19:15 rt_sigaction(SIGBUS, {sa_handler=SIG_DFL, sa_mask=[], sa_flags=SA_RESTORER, sa_restorer=0x7fa306ca35b0} <unfinished ...>
27435<bash> 22:19:15 dup2(4<pipe:[147740]>, 0</dev/pts/6<char 136:6>> <unfinished ...>
27434<bash> 22:19:15 <... getuid resumed>) = 1000
27432<bash> 22:19:15 <... close resumed>) = 0
27435<bash> 22:19:15 <... dup2 resumed>) = 0<pipe:[147740]>
27434<bash> 22:19:15 getgid( <unfinished ...>
27433<bash> 22:19:15 <... rt_sigaction resumed>, NULL, 8) = 0
27435<bash> 22:19:15 close(4<pipe:[147740]> <unfinished ...>
27434<bash> 22:19:15 <... getgid resumed>) = 1000
27432<bash> 22:19:15 rt_sigprocmask(SIG_BLOCK, [CHLD] <unfinished ...>
27435<bash> 22:19:15 <... close resumed>) = 0
27434<bash> 22:19:15 access("/usr/bin/xargs", R_OK <unfinished ...>
27433<bash> 22:19:15 rt_sigaction(SIGSEGV, {sa_handler=SIG_DFL, sa_mask=[], sa_flags=SA_RESTORER, sa_restorer=0x7fa306ca35b0} <unfinished ...>
27434<bash> 22:19:15 <... access resumed>) = 0
27432<bash> 22:19:15 <... rt_sigprocmask resumed>, [CHLD], 8) = 0
27434<bash> 22:19:15 rt_sigaction(SIGHUP, {sa_handler=SIG_DFL, sa_mask=[], sa_flags=SA_RESTORER, sa_restorer=0x7fa306ca35b0} <unfinished ...>
27433<bash> 22:19:15 <... rt_sigaction resumed>, NULL, 8) = 0
27435<bash> 22:19:15 newfstatat(AT_FDCWD</home/catastor>, "." <unfinished ...>
27434<bash> 22:19:15 <... rt_sigaction resumed>, NULL, 8) = 0
27432<bash> 22:19:15 rt_sigprocmask(SIG_SETMASK, [CHLD] <unfinished ...>
27435<bash> 22:19:15 <... newfstatat resumed>, {st_mode=S_IFDIR|0700, st_size=716, ...}, 0) = 0
27434<bash> 22:19:15 rt_sigaction(SIGILL, {sa_handler=SIG_DFL, sa_mask=[], sa_flags=SA_RESTORER, sa_restorer=0x7fa306ca35b0} <unfinished ...>
27433<bash> 22:19:15 rt_sigaction(SIGSYS, {sa_handler=SIG_DFL, sa_mask=[], sa_flags=SA_RESTORER, sa_restorer=0x7fa306ca35b0} <unfinished ...>
27435<bash> 22:19:15 newfstatat(AT_FDCWD</home/catastor>, "/usr/local/bin/tr" <unfinished ...>
27434<bash> 22:19:15 <... rt_sigaction resumed>, NULL, 8) = 0
27432<bash> 22:19:15 <... rt_sigprocmask resumed>, NULL, 8) = 0
27435<bash> 22:19:15 <... newfstatat resumed>, 0x7ffee29a85d0, 0) = -1 ENOENT (No such file or directory)
27434<bash> 22:19:15 rt_sigaction(SIGTRAP, {sa_handler=SIG_DFL, sa_mask=[], sa_flags=SA_RESTORER, sa_restorer=0x7fa306ca35b0} <unfinished ...>
27433<bash> 22:19:15 <... rt_sigaction resumed>, NULL, 8) = 0
27435<bash> 22:19:15 newfstatat(AT_FDCWD</home/catastor>, "/usr/bin/tr" <unfinished ...>
27434<bash> 22:19:15 <... rt_sigaction resumed>, NULL, 8) = 0
27432<bash> 22:19:15 rt_sigprocmask(SIG_BLOCK, [CHLD] <unfinished ...>
27435<bash> 22:19:15 <... newfstatat resumed>, {st_mode=S_IFREG|0755, st_size=49088, ...}, 0) = 0
27434<bash> 22:19:15 rt_sigprocmask(SIG_BLOCK, ~[] <unfinished ...>
27433<bash> 22:19:15 rt_sigaction(SIGPIPE, {sa_handler=SIG_DFL, sa_mask=[], sa_flags=SA_RESTORER, sa_restorer=0x7fa306ca35b0} <unfinished ...>
27435<bash> 22:19:15 newfstatat(AT_FDCWD</home/catastor>, "/usr/bin/tr" <unfinished ...>
27434<bash> 22:19:15 <... rt_sigprocmask resumed>, [], 8) = 0
27432<bash> 22:19:15 <... rt_sigprocmask resumed>, [CHLD], 8) = 0
27435<bash> 22:19:15 <... newfstatat resumed>, {st_mode=S_IFREG|0755, st_size=49088, ...}, 0) = 0
27434<bash> 22:19:15 rt_sigaction(SIGABRT, {sa_handler=SIG_DFL, sa_mask=[], sa_flags=SA_RESTORER, sa_restorer=0x7fa306ca35b0} <unfinished ...>
27433<bash> 22:19:15 <... rt_sigaction resumed>, NULL, 8) = 0
27435<bash> 22:19:15 geteuid( <unfinished ...>
27434<bash> 22:19:15 <... rt_sigaction resumed>, NULL, 8) = 0
27432<bash> 22:19:15 rt_sigaction(SIGINT, {sa_handler=0x55e6ca002d80, sa_mask=[], sa_flags=SA_RESTORER, sa_restorer=0x7fa306ca35b0} <unfinished ...>
27435<bash> 22:19:15 <... geteuid resumed>) = 1000
27434<bash> 22:19:15 rt_sigprocmask(SIG_SETMASK, [] <unfinished ...>
27433<bash> 22:19:15 rt_sigaction(SIGALRM, {sa_handler=SIG_DFL, sa_mask=[], sa_flags=SA_RESTORER, sa_restorer=0x7fa306ca35b0} <unfinished ...>
27435<bash> 22:19:15 getegid( <unfinished ...>
27434<bash> 22:19:15 <... rt_sigprocmask resumed>, NULL, 8) = 0
27432<bash> 22:19:15 <... rt_sigaction resumed>, {sa_handler=0x55e6ca0352c0, sa_mask=[], sa_flags=SA_RESTORER, sa_restorer=0x7fa306ca35b0}, 8) = 0
27435<bash> 22:19:15 <... getegid resumed>) = 1000
27434<bash> 22:19:15 rt_sigaction(SIGFPE, {sa_handler=SIG_DFL, sa_mask=[], sa_flags=SA_RESTORER, sa_restorer=0x7fa306ca35b0} <unfinished ...>
27433<bash> 22:19:15 <... rt_sigaction resumed>, NULL, 8) = 0
27435<bash> 22:19:15 getuid( <unfinished ...>
27434<bash> 22:19:15 <... rt_sigaction resumed>, NULL, 8) = 0
27432<bash> 22:19:15 wait4(-1 <unfinished ...>
27435<bash> 22:19:15 <... getuid resumed>) = 1000
27434<bash> 22:19:15 rt_sigaction(SIGBUS, {sa_handler=SIG_DFL, sa_mask=[], sa_flags=SA_RESTORER, sa_restorer=0x7fa306ca35b0} <unfinished ...>
27433<bash> 22:19:15 rt_sigaction(SIGXCPU, {sa_handler=SIG_DFL, sa_mask=[], sa_flags=SA_RESTORER, sa_restorer=0x7fa306ca35b0} <unfinished ...>
27435<bash> 22:19:15 getgid( <unfinished ...>
27434<bash> 22:19:15 <... rt_sigaction resumed>, NULL, 8) = 0
27435<bash> 22:19:15 <... getgid resumed>) = 1000
27433<bash> 22:19:15 <... rt_sigaction resumed>, NULL, 8) = 0
27435<bash> 22:19:15 access("/usr/bin/tr", X_OK <unfinished ...>
27434<bash> 22:19:15 rt_sigaction(SIGSEGV, {sa_handler=SIG_DFL, sa_mask=[], sa_flags=SA_RESTORER, sa_restorer=0x7fa306ca35b0} <unfinished ...>
27435<bash> 22:19:15 <... access resumed>) = 0
27433<bash> 22:19:15 rt_sigaction(SIGXFSZ, {sa_handler=SIG_DFL, sa_mask=[], sa_flags=SA_RESTORER, sa_restorer=0x7fa306ca35b0} <unfinished ...>
27435<bash> 22:19:15 newfstatat(AT_FDCWD</home/catastor>, "/usr/bin/tr" <unfinished ...>
27434<bash> 22:19:15 <... rt_sigaction resumed>, NULL, 8) = 0
27435<bash> 22:19:15 <... newfstatat resumed>, {st_mode=S_IFREG|0755, st_size=49088, ...}, 0) = 0
27433<bash> 22:19:15 <... rt_sigaction resumed>, NULL, 8) = 0
27434<bash> 22:19:15 rt_sigaction(SIGSYS, {sa_handler=SIG_DFL, sa_mask=[], sa_flags=SA_RESTORER, sa_restorer=0x7fa306ca35b0} <unfinished ...>
27435<bash> 22:19:15 geteuid( <unfinished ...>
27433<bash> 22:19:15 rt_sigaction(SIGVTALRM, {sa_handler=SIG_DFL, sa_mask=[], sa_flags=SA_RESTORER, sa_restorer=0x7fa306ca35b0} <unfinished ...>
27435<bash> 22:19:15 <... geteuid resumed>) = 1000
27434<bash> 22:19:15 <... rt_sigaction resumed>, NULL, 8) = 0
27435<bash> 22:19:15 getegid( <unfinished ...>
27433<bash> 22:19:15 <... rt_sigaction resumed>, NULL, 8) = 0
27434<bash> 22:19:15 rt_sigaction(SIGPIPE, {sa_handler=SIG_DFL, sa_mask=[], sa_flags=SA_RESTORER, sa_restorer=0x7fa306ca35b0} <unfinished ...>
27435<bash> 22:19:15 <... getegid resumed>) = 1000
27433<bash> 22:19:15 rt_sigaction(SIGUSR1, {sa_handler=SIG_DFL, sa_mask=[], sa_flags=SA_RESTORER, sa_restorer=0x7fa306ca35b0} <unfinished ...>
27435<bash> 22:19:15 getuid( <unfinished ...>
27434<bash> 22:19:15 <... rt_sigaction resumed>, NULL, 8) = 0
27435<bash> 22:19:15 <... getuid resumed>) = 1000
27433<bash> 22:19:15 <... rt_sigaction resumed>, NULL, 8) = 0
27435<bash> 22:19:15 getgid( <unfinished ...>
27434<bash> 22:19:15 rt_sigaction(SIGALRM, {sa_handler=SIG_DFL, sa_mask=[], sa_flags=SA_RESTORER, sa_restorer=0x7fa306ca35b0} <unfinished ...>
27435<bash> 22:19:15 <... getgid resumed>) = 1000
27433<bash> 22:19:15 rt_sigaction(SIGUSR2, {sa_handler=SIG_DFL, sa_mask=[], sa_flags=SA_RESTORER, sa_restorer=0x7fa306ca35b0} <unfinished ...>
27435<bash> 22:19:15 access("/usr/bin/tr", R_OK <unfinished ...>
27434<bash> 22:19:15 <... rt_sigaction resumed>, NULL, 8) = 0
27435<bash> 22:19:15 <... access resumed>) = 0
27433<bash> 22:19:15 <... rt_sigaction resumed>, NULL, 8) = 0
27434<bash> 22:19:15 rt_sigaction(SIGXCPU, {sa_handler=SIG_DFL, sa_mask=[], sa_flags=SA_RESTORER, sa_restorer=0x7fa306ca35b0} <unfinished ...>
27435<bash> 22:19:15 rt_sigaction(SIGHUP, {sa_handler=SIG_DFL, sa_mask=[], sa_flags=SA_RESTORER, sa_restorer=0x7fa306ca35b0} <unfinished ...>
27433<bash> 22:19:15 rt_sigaction(SIGINT, {sa_handler=SIG_DFL, sa_mask=[], sa_flags=SA_RESTORER, sa_restorer=0x7fa306ca35b0} <unfinished ...>
27435<bash> 22:19:15 <... rt_sigaction resumed>, NULL, 8) = 0
27434<bash> 22:19:15 <... rt_sigaction resumed>, NULL, 8) = 0
27435<bash> 22:19:15 rt_sigaction(SIGILL, {sa_handler=SIG_DFL, sa_mask=[], sa_flags=SA_RESTORER, sa_restorer=0x7fa306ca35b0} <unfinished ...>
27433<bash> 22:19:15 <... rt_sigaction resumed>, {sa_handler=0x55e6ca0352c0, sa_mask=[], sa_flags=SA_RESTORER, sa_restorer=0x7fa306ca35b0}, 8) = 0
27435<bash> 22:19:15 <... rt_sigaction resumed>, NULL, 8) = 0
27434<bash> 22:19:15 rt_sigaction(SIGXFSZ, {sa_handler=SIG_DFL, sa_mask=[], sa_flags=SA_RESTORER, sa_restorer=0x7fa306ca35b0} <unfinished ...>
27435<bash> 22:19:15 rt_sigaction(SIGTRAP, {sa_handler=SIG_DFL, sa_mask=[], sa_flags=SA_RESTORER, sa_restorer=0x7fa306ca35b0} <unfinished ...>
27433<bash> 22:19:15 rt_sigaction(SIGQUIT, {sa_handler=SIG_DFL, sa_mask=[], sa_flags=SA_RESTORER, sa_restorer=0x7fa306ca35b0} <unfinished ...>
27435<bash> 22:19:15 <... rt_sigaction resumed>, NULL, 8) = 0
27434<bash> 22:19:15 <... rt_sigaction resumed>, NULL, 8) = 0
27435<bash> 22:19:15 rt_sigprocmask(SIG_BLOCK, ~[] <unfinished ...>
27433<bash> 22:19:15 <... rt_sigaction resumed>, {sa_handler=SIG_DFL, sa_mask=[], sa_flags=SA_RESTORER, sa_restorer=0x7fa306ca35b0}, 8) = 0
27435<bash> 22:19:15 <... rt_sigprocmask resumed>, [], 8) = 0
27434<bash> 22:19:15 rt_sigaction(SIGVTALRM, {sa_handler=SIG_DFL, sa_mask=[], sa_flags=SA_RESTORER, sa_restorer=0x7fa306ca35b0} <unfinished ...>
27435<bash> 22:19:15 rt_sigaction(SIGABRT, {sa_handler=SIG_DFL, sa_mask=[], sa_flags=SA_RESTORER, sa_restorer=0x7fa306ca35b0} <unfinished ...>
27433<bash> 22:19:15 rt_sigaction(SIGTERM, {sa_handler=SIG_DFL, sa_mask=[], sa_flags=SA_RESTORER, sa_restorer=0x7fa306ca35b0} <unfinished ...>
27435<bash> 22:19:15 <... rt_sigaction resumed>, NULL, 8) = 0
27434<bash> 22:19:15 <... rt_sigaction resumed>, NULL, 8) = 0
27435<bash> 22:19:15 rt_sigprocmask(SIG_SETMASK, [] <unfinished ...>
27433<bash> 22:19:15 <... rt_sigaction resumed>, {sa_handler=SIG_DFL, sa_mask=[], sa_flags=SA_RESTORER, sa_restorer=0x7fa306ca35b0}, 8) = 0
27435<bash> 22:19:15 <... rt_sigprocmask resumed>, NULL, 8) = 0
27434<bash> 22:19:15 rt_sigaction(SIGUSR1, {sa_handler=SIG_DFL, sa_mask=[], sa_flags=SA_RESTORER, sa_restorer=0x7fa306ca35b0} <unfinished ...>
27435<bash> 22:19:15 rt_sigaction(SIGFPE, {sa_handler=SIG_DFL, sa_mask=[], sa_flags=SA_RESTORER, sa_restorer=0x7fa306ca35b0} <unfinished ...>
27433<bash> 22:19:15 rt_sigaction(SIGCHLD, {sa_handler=SIG_DFL, sa_mask=[], sa_flags=SA_RESTORER|SA_RESTART, sa_restorer=0x7fa306ca35b0} <unfinished ...>
27435<bash> 22:19:15 <... rt_sigaction resumed>, NULL, 8) = 0
27434<bash> 22:19:15 <... rt_sigaction resumed>, NULL, 8) = 0
27435<bash> 22:19:15 rt_sigaction(SIGBUS, {sa_handler=SIG_DFL, sa_mask=[], sa_flags=SA_RESTORER, sa_restorer=0x7fa306ca35b0} <unfinished ...>
27433<bash> 22:19:15 <... rt_sigaction resumed>, {sa_handler=0x55e6ca0068d0, sa_mask=[], sa_flags=SA_RESTORER|SA_RESTART, sa_restorer=0x7fa306ca35b0}, 8) = 0
27435<bash> 22:19:15 <... rt_sigaction resumed>, NULL, 8) = 0
27434<bash> 22:19:15 rt_sigaction(SIGUSR2, {sa_handler=SIG_DFL, sa_mask=[], sa_flags=SA_RESTORER, sa_restorer=0x7fa306ca35b0} <unfinished ...>
27435<bash> 22:19:15 rt_sigaction(SIGSEGV, {sa_handler=SIG_DFL, sa_mask=[], sa_flags=SA_RESTORER, sa_restorer=0x7fa306ca35b0} <unfinished ...>
27433<bash> 22:19:15 openat(AT_FDCWD</home/catastor>, "/dev/null", O_WRONLY|O_CREAT|O_TRUNC, 0666 <unfinished ...>
27435<bash> 22:19:15 <... rt_sigaction resumed>, NULL, 8) = 0
27434<bash> 22:19:15 <... rt_sigaction resumed>, NULL, 8) = 0
27435<bash> 22:19:15 rt_sigaction(SIGSYS, {sa_handler=SIG_DFL, sa_mask=[], sa_flags=SA_RESTORER, sa_restorer=0x7fa306ca35b0} <unfinished ...>
27433<bash> 22:19:15 <... openat resumed>) = 3</dev/null<char 1:3>>
27435<bash> 22:19:15 <... rt_sigaction resumed>, NULL, 8) = 0
27434<bash> 22:19:15 rt_sigaction(SIGINT, {sa_handler=SIG_DFL, sa_mask=[], sa_flags=SA_RESTORER, sa_restorer=0x7fa306ca35b0} <unfinished ...>
27435<bash> 22:19:15 rt_sigaction(SIGPIPE, {sa_handler=SIG_DFL, sa_mask=[], sa_flags=SA_RESTORER, sa_restorer=0x7fa306ca35b0} <unfinished ...>
27433<bash> 22:19:15 dup2(3</dev/null<char 1:3>>, 2</dev/pts/6<char 136:6>> <unfinished ...>
27435<bash> 22:19:15 <... rt_sigaction resumed>, NULL, 8) = 0
27434<bash> 22:19:15 <... rt_sigaction resumed>, {sa_handler=0x55e6ca0352c0, sa_mask=[], sa_flags=SA_RESTORER, sa_restorer=0x7fa306ca35b0}, 8) = 0
27435<bash> 22:19:15 rt_sigaction(SIGALRM, {sa_handler=SIG_DFL, sa_mask=[], sa_flags=SA_RESTORER, sa_restorer=0x7fa306ca35b0} <unfinished ...>
27433<bash> 22:19:15 <... dup2 resumed>) = 2</dev/null<char 1:3>>
27435<bash> 22:19:15 <... rt_sigaction resumed>, NULL, 8) = 0
27434<bash> 22:19:15 rt_sigaction(SIGQUIT, {sa_handler=SIG_DFL, sa_mask=[], sa_flags=SA_RESTORER, sa_restorer=0x7fa306ca35b0} <unfinished ...>
27435<bash> 22:19:15 rt_sigaction(SIGXCPU, {sa_handler=SIG_DFL, sa_mask=[], sa_flags=SA_RESTORER, sa_restorer=0x7fa306ca35b0} <unfinished ...>
27433<bash> 22:19:15 close(3</dev/null<char 1:3>> <unfinished ...>
27435<bash> 22:19:15 <... rt_sigaction resumed>, NULL, 8) = 0
27434<bash> 22:19:15 <... rt_sigaction resumed>, {sa_handler=SIG_DFL, sa_mask=[], sa_flags=SA_RESTORER, sa_restorer=0x7fa306ca35b0}, 8) = 0
27435<bash> 22:19:15 rt_sigaction(SIGXFSZ, {sa_handler=SIG_DFL, sa_mask=[], sa_flags=SA_RESTORER, sa_restorer=0x7fa306ca35b0} <unfinished ...>
27433<bash> 22:19:15 <... close resumed>) = 0
27435<bash> 22:19:15 <... rt_sigaction resumed>, NULL, 8) = 0
27434<bash> 22:19:15 rt_sigaction(SIGTERM, {sa_handler=SIG_DFL, sa_mask=[], sa_flags=SA_RESTORER, sa_restorer=0x7fa306ca35b0} <unfinished ...>
27435<bash> 22:19:15 rt_sigaction(SIGVTALRM, {sa_handler=SIG_DFL, sa_mask=[], sa_flags=SA_RESTORER, sa_restorer=0x7fa306ca35b0} <unfinished ...>
27433<bash> 22:19:15 execve("/usr/bin/find", ["find", "/etc/debuginfod", "-name", "*.certpath", "-print0"], 0x55e6cc5a87c0 /* 28 vars */ <unfinished ...>
27435<bash> 22:19:15 <... rt_sigaction resumed>, NULL, 8) = 0
27434<bash> 22:19:15 <... rt_sigaction resumed>, {sa_handler=SIG_DFL, sa_mask=[], sa_flags=SA_RESTORER, sa_restorer=0x7fa306ca35b0}, 8) = 0
27435<bash> 22:19:15 rt_sigaction(SIGUSR1, {sa_handler=SIG_DFL, sa_mask=[], sa_flags=SA_RESTORER, sa_restorer=0x7fa306ca35b0} <unfinished ...>
27434<bash> 22:19:15 rt_sigaction(SIGCHLD, {sa_handler=SIG_DFL, sa_mask=[], sa_flags=SA_RESTORER|SA_RESTART, sa_restorer=0x7fa306ca35b0} <unfinished ...>
27435<bash> 22:19:15 <... rt_sigaction resumed>, NULL, 8) = 0
27434<bash> 22:19:15 <... rt_sigaction resumed>, {sa_handler=0x55e6ca0068d0, sa_mask=[], sa_flags=SA_RESTORER|SA_RESTART, sa_restorer=0x7fa306ca35b0}, 8) = 0
27435<bash> 22:19:15 rt_sigaction(SIGUSR2, {sa_handler=SIG_DFL, sa_mask=[], sa_flags=SA_RESTORER, sa_restorer=0x7fa306ca35b0} <unfinished ...>
27434<bash> 22:19:15 openat(AT_FDCWD</home/catastor>, "/dev/null", O_WRONLY|O_CREAT|O_TRUNC, 0666 <unfinished ...>
27435<bash> 22:19:15 <... rt_sigaction resumed>, NULL, 8) = 0
27435<bash> 22:19:15 rt_sigaction(SIGINT, {sa_handler=SIG_DFL, sa_mask=[], sa_flags=SA_RESTORER, sa_restorer=0x7fa306ca35b0} <unfinished ...>
27434<bash> 22:19:15 <... openat resumed>) = 3</dev/null<char 1:3>>
27435<bash> 22:19:15 <... rt_sigaction resumed>, {sa_handler=0x55e6ca0352c0, sa_mask=[], sa_flags=SA_RESTORER, sa_restorer=0x7fa306ca35b0}, 8) = 0
27434<bash> 22:19:15 dup2(3</dev/null<char 1:3>>, 2</dev/pts/6<char 136:6>> <unfinished ...>
27435<bash> 22:19:15 rt_sigaction(SIGQUIT, {sa_handler=SIG_DFL, sa_mask=[], sa_flags=SA_RESTORER, sa_restorer=0x7fa306ca35b0} <unfinished ...>
27434<bash> 22:19:15 <... dup2 resumed>) = 2</dev/null<char 1:3>>
27435<bash> 22:19:15 <... rt_sigaction resumed>, {sa_handler=SIG_DFL, sa_mask=[], sa_flags=SA_RESTORER, sa_restorer=0x7fa306ca35b0}, 8) = 0
27433<find> 22:19:15 <... execve resumed>) = 0
27435<bash> 22:19:15 rt_sigaction(SIGTERM, {sa_handler=SIG_DFL, sa_mask=[], sa_flags=SA_RESTORER, sa_restorer=0x7fa306ca35b0} <unfinished ...>
27434<bash> 22:19:15 close(3</dev/null<char 1:3>> <unfinished ...>
27435<bash> 22:19:15 <... rt_sigaction resumed>, {sa_handler=SIG_DFL, sa_mask=[], sa_flags=SA_RESTORER, sa_restorer=0x7fa306ca35b0}, 8) = 0
27434<bash> 22:19:15 <... close resumed>) = 0
27433<find> 22:19:15 brk(NULL <unfinished ...>
27435<bash> 22:19:15 rt_sigaction(SIGCHLD, {sa_handler=SIG_DFL, sa_mask=[], sa_flags=SA_RESTORER|SA_RESTART, sa_restorer=0x7fa306ca35b0} <unfinished ...>
27434<bash> 22:19:15 execve("/usr/bin/xargs", ["xargs", "-0", "cat"], 0x55e6cc5a87c0 /* 28 vars */ <unfinished ...>
27435<bash> 22:19:15 <... rt_sigaction resumed>, {sa_handler=0x55e6ca0068d0, sa_mask=[], sa_flags=SA_RESTORER|SA_RESTART, sa_restorer=0x7fa306ca35b0}, 8) = 0
27433<find> 22:19:15 <... brk resumed>) = 0x563f9048c000
27435<bash> 22:19:15 execve("/usr/bin/tr", ["tr", "\\n", ":"], 0x55e6cc5a87c0 /* 28 vars */ <unfinished ...>
27433<find> 22:19:15 access("/etc/ld.so.preload", R_OK) = -1 ENOENT (No such file or directory)
27433<find> 22:19:15 openat(AT_FDCWD</home/catastor>, "/etc/ld.so.cache", O_RDONLY|O_CLOEXEC <unfinished ...>
27434<xargs> 22:19:15 <... execve resumed>) = 0
27433<find> 22:19:15 <... openat resumed>) = 3</etc/ld.so.cache>
27435<tr> 22:19:15 <... execve resumed>) = 0
27434<xargs> 22:19:15 brk(NULL <unfinished ...>
27433<find> 22:19:15 fstat(3</etc/ld.so.cache> <unfinished ...>
27434<xargs> 22:19:15 <... brk resumed>) = 0x560202c15000
27435<tr> 22:19:15 brk(NULL <unfinished ...>
27433<find> 22:19:15 <... fstat resumed>, {st_mode=S_IFREG|0644, st_size=74499, ...}) = 0
27435<tr> 22:19:15 <... brk resumed>)   = 0x556d17912000
27434<xargs> 22:19:15 access("/etc/ld.so.preload", R_OK <unfinished ...>
27433<find> 22:19:15 mmap(NULL, 74499, PROT_READ, MAP_PRIVATE, 3</etc/ld.so.cache>, 0 <unfinished ...>
27434<xargs> 22:19:15 <... access resumed>) = -1 ENOENT (No such file or directory)
27435<tr> 22:19:15 access("/etc/ld.so.preload", R_OK <unfinished ...>
27434<xargs> 22:19:15 openat(AT_FDCWD</home/catastor>, "/etc/ld.so.cache", O_RDONLY|O_CLOEXEC <unfinished ...>
27435<tr> 22:19:15 <... access resumed>) = -1 ENOENT (No such file or directory)
27433<find> 22:19:15 <... mmap resumed>) = 0x7fbba3aa4000
27435<tr> 22:19:15 openat(AT_FDCWD</home/catastor>, "/etc/ld.so.cache", O_RDONLY|O_CLOEXEC <unfinished ...>
27434<xargs> 22:19:15 <... openat resumed>) = 3</etc/ld.so.cache>
27435<tr> 22:19:15 <... openat resumed>) = 3</etc/ld.so.cache>
27433<find> 22:19:15 close(3</etc/ld.so.cache> <unfinished ...>
27435<tr> 22:19:15 fstat(3</etc/ld.so.cache> <unfinished ...>
27434<xargs> 22:19:15 fstat(3</etc/ld.so.cache> <unfinished ...>
27435<tr> 22:19:15 <... fstat resumed>, {st_mode=S_IFREG|0644, st_size=74499, ...}) = 0
27433<find> 22:19:15 <... close resumed>) = 0
27435<tr> 22:19:15 mmap(NULL, 74499, PROT_READ, MAP_PRIVATE, 3</etc/ld.so.cache>, 0 <unfinished ...>
27434<xargs> 22:19:15 <... fstat resumed>, {st_mode=S_IFREG|0644, st_size=74499, ...}) = 0
27433<find> 22:19:15 openat(AT_FDCWD</home/catastor>, "/lib64/libselinux.so.1", O_RDONLY|O_CLOEXEC <unfinished ...>
27435<tr> 22:19:15 <... mmap resumed>)  = 0x7f6688b9a000
27434<xargs> 22:19:15 mmap(NULL, 74499, PROT_READ, MAP_PRIVATE, 3</etc/ld.so.cache>, 0 <unfinished ...>
27435<tr> 22:19:15 close(3</etc/ld.so.cache> <unfinished ...>
27433<find> 22:19:15 <... openat resumed>) = 3</usr/lib64/libselinux.so.1>
27435<tr> 22:19:15 <... close resumed>) = 0
27434<xargs> 22:19:15 <... mmap resumed>) = 0x7f10cc3c2000
27435<tr> 22:19:15 openat(AT_FDCWD</home/catastor>, "/lib64/libc.so.6", O_RDONLY|O_CLOEXEC <unfinished ...>
27433<find> 22:19:15 read(3</usr/lib64/libselinux.so.1> <unfinished ...>
27435<tr> 22:19:15 <... openat resumed>) = 3</usr/lib64/libc.so.6>
27434<xargs> 22:19:15 close(3</etc/ld.so.cache> <unfinished ...>
27435<tr> 22:19:15 read(3</usr/lib64/libc.so.6> <unfinished ...>
27433<find> 22:19:15 <... read resumed>, "\177ELF\2\1\1\0\0\0\0\0\0\0\0\0\3\0>\0\1\0\0\0\0\0\0\0\0\0\0\0"..., 832) = 832
27434<xargs> 22:19:15 <... close resumed>) = 0
27435<tr> 22:19:15 <... read resumed>, "\177ELF\2\1\1\3\0\0\0\0\0\0\0\0\3\0>\0\1\0\0\0\2408\0\0\0\0\0\0"..., 832) = 832
27433<find> 22:19:15 fstat(3</usr/lib64/libselinux.so.1> <unfinished ...>
27435<tr> 22:19:15 pread64(3</usr/lib64/libc.so.6> <unfinished ...>
27434<xargs> 22:19:15 openat(AT_FDCWD</home/catastor>, "/lib64/libc.so.6", O_RDONLY|O_CLOEXEC <unfinished ...>
27435<tr> 22:19:15 <... pread64 resumed>, "\6\0\0\0\4\0\0\0@\0\0\0\0\0\0\0@\0\0\0\0\0\0\0@\0\0\0\0\0\0\0"..., 784, 64) = 784
27433<find> 22:19:15 <... fstat resumed>, {st_mode=S_IFREG|0755, st_size=204752, ...}) = 0
27435<tr> 22:19:15 fstat(3</usr/lib64/libc.so.6> <unfinished ...>
27434<xargs> 22:19:15 <... openat resumed>) = 3</usr/lib64/libc.so.6>
27435<tr> 22:19:15 <... fstat resumed>, {st_mode=S_IFREG|0755, st_size=2490288, ...}) = 0
27433<find> 22:19:15 mmap(NULL, 8192, PROT_READ|PROT_WRITE, MAP_PRIVATE|MAP_ANONYMOUS, -1, 0 <unfinished ...>
27435<tr> 22:19:15 mmap(NULL, 8192, PROT_READ|PROT_WRITE, MAP_PRIVATE|MAP_ANONYMOUS, -1, 0 <unfinished ...>
27434<xargs> 22:19:15 read(3</usr/lib64/libc.so.6> <unfinished ...>
27435<tr> 22:19:15 <... mmap resumed>)  = 0x7f6688b98000
27433<find> 22:19:15 <... mmap resumed>) = 0x7fbba3aa2000
27434<xargs> 22:19:15 <... read resumed>, "\177ELF\2\1\1\3\0\0\0\0\0\0\0\0\3\0>\0\1\0\0\0\2408\0\0\0\0\0\0"..., 832) = 832
27435<tr> 22:19:15 pread64(3</usr/lib64/libc.so.6> <unfinished ...>
27433<find> 22:19:15 mmap(NULL, 206288, PROT_READ|PROT_EXEC, MAP_PRIVATE|MAP_DENYWRITE, 3</usr/lib64/libselinux.so.1>, 0 <unfinished ...>
27435<tr> 22:19:15 <... pread64 resumed>, "\6\0\0\0\4\0\0\0@\0\0\0\0\0\0\0@\0\0\0\0\0\0\0@\0\0\0\0\0\0\0"..., 784, 64) = 784
27434<xargs> 22:19:15 pread64(3</usr/lib64/libc.so.6> <unfinished ...>
27435<tr> 22:19:15 mmap(NULL, 2075504, PROT_READ|PROT_EXEC, MAP_PRIVATE|MAP_DENYWRITE, 3</usr/lib64/libc.so.6>, 0 <unfinished ...>
27433<find> 22:19:15 <... mmap resumed>) = 0x7fbba3a6f000
27435<tr> 22:19:15 <... mmap resumed>)  = 0x7f668899d000
27434<xargs> 22:19:15 <... pread64 resumed>, "\6\0\0\0\4\0\0\0@\0\0\0\0\0\0\0@\0\0\0\0\0\0\0@\0\0\0\0\0\0\0"..., 784, 64) = 784
27435<tr> 22:19:15 mmap(0x7f6688b11000, 495616, PROT_READ, MAP_PRIVATE|MAP_FIXED|MAP_DENYWRITE, 3</usr/lib64/libc.so.6>, 0x174000 <unfinished ...>
27433<find> 22:19:15 mmap(0x7fbba3a90000, 57344, PROT_READ, MAP_PRIVATE|MAP_FIXED|MAP_DENYWRITE, 3</usr/lib64/libselinux.so.1>, 0x21000 <unfinished ...>
27434<xargs> 22:19:15 fstat(3</usr/lib64/libc.so.6> <unfinished ...>
27435<tr> 22:19:15 <... mmap resumed>)  = 0x7f6688b11000
27434<xargs> 22:19:15 <... fstat resumed>, {st_mode=S_IFREG|0755, st_size=2490288, ...}) = 0
27433<find> 22:19:15 <... mmap resumed>) = 0x7fbba3a90000
27435<tr> 22:19:15 mmap(0x7f6688b8a000, 24576, PROT_READ|PROT_WRITE, MAP_PRIVATE|MAP_FIXED|MAP_DENYWRITE, 3</usr/lib64/libc.so.6>, 0x1ed000 <unfinished ...>
27434<xargs> 22:19:15 mmap(NULL, 8192, PROT_READ|PROT_WRITE, MAP_PRIVATE|MAP_ANONYMOUS, -1, 0 <unfinished ...>
27433<find> 22:19:15 mmap(0x7fbba3a9e000, 8192, PROT_READ|PROT_WRITE, MAP_PRIVATE|MAP_FIXED|MAP_DENYWRITE, 3</usr/lib64/libselinux.so.1>, 0x2f000 <unfinished ...>
27435<tr> 22:19:15 <... mmap resumed>)  = 0x7f6688b8a000
27434<xargs> 22:19:15 <... mmap resumed>) = 0x7f10cc3c0000
27433<find> 22:19:15 <... mmap resumed>) = 0x7fbba3a9e000
27434<xargs> 22:19:15 pread64(3</usr/lib64/libc.so.6> <unfinished ...>
27435<tr> 22:19:15 mmap(0x7f6688b90000, 31600, PROT_READ|PROT_WRITE, MAP_PRIVATE|MAP_FIXED|MAP_ANONYMOUS, -1, 0 <unfinished ...>
27433<find> 22:19:15 mmap(0x7fbba3aa0000, 5584, PROT_READ|PROT_WRITE, MAP_PRIVATE|MAP_FIXED|MAP_ANONYMOUS, -1, 0 <unfinished ...>
27435<tr> 22:19:15 <... mmap resumed>)  = 0x7f6688b90000
27434<xargs> 22:19:15 <... pread64 resumed>, "\6\0\0\0\4\0\0\0@\0\0\0\0\0\0\0@\0\0\0\0\0\0\0@\0\0\0\0\0\0\0"..., 784, 64) = 784
27433<find> 22:19:15 <... mmap resumed>) = 0x7fbba3aa0000
27435<tr> 22:19:15 close(3</usr/lib64/libc.so.6> <unfinished ...>
27434<xargs> 22:19:15 mmap(NULL, 2075504, PROT_READ|PROT_EXEC, MAP_PRIVATE|MAP_DENYWRITE, 3</usr/lib64/libc.so.6>, 0 <unfinished ...>
27435<tr> 22:19:15 <... close resumed>) = 0
27433<find> 22:19:15 close(3</usr/lib64/libselinux.so.1> <unfinished ...>
27434<xargs> 22:19:15 <... mmap resumed>) = 0x7f10cc1c5000
27435<tr> 22:19:15 mmap(NULL, 12288, PROT_READ|PROT_WRITE, MAP_PRIVATE|MAP_ANONYMOUS, -1, 0 <unfinished ...>
27434<xargs> 22:19:15 mmap(0x7f10cc339000, 495616, PROT_READ, MAP_PRIVATE|MAP_FIXED|MAP_DENYWRITE, 3</usr/lib64/libc.so.6>, 0x174000 <unfinished ...>
27433<find> 22:19:15 <... close resumed>) = 0
27435<tr> 22:19:15 <... mmap resumed>)  = 0x7f668899a000
27434<xargs> 22:19:15 <... mmap resumed>) = 0x7f10cc339000
27433<find> 22:19:15 openat(AT_FDCWD</home/catastor>, "/lib64/libm.so.6", O_RDONLY|O_CLOEXEC <unfinished ...>
27435<tr> 22:19:15 arch_prctl(ARCH_SET_FS, 0x7f668899a740 <unfinished ...>
27434<xargs> 22:19:15 mmap(0x7f10cc3b2000, 24576, PROT_READ|PROT_WRITE, MAP_PRIVATE|MAP_FIXED|MAP_DENYWRITE, 3</usr/lib64/libc.so.6>, 0x1ed000 <unfinished ...>
27435<tr> 22:19:15 <... arch_prctl resumed>) = 0
27433<find> 22:19:15 <... openat resumed>) = 3</usr/lib64/libm.so.6>
27435<tr> 22:19:15 set_tid_address(0x7f668899ad68 <unfinished ...>
27434<xargs> 22:19:15 <... mmap resumed>) = 0x7f10cc3b2000
27435<tr> 22:19:15 <... set_tid_address resumed>) = 27435<tr>
27433<find> 22:19:15 read(3</usr/lib64/libm.so.6> <unfinished ...>
27435<tr> 22:19:15 set_robust_list(0x7f668899aa20, 24 <unfinished ...>
27434<xargs> 22:19:15 mmap(0x7f10cc3b8000, 31600, PROT_READ|PROT_WRITE, MAP_PRIVATE|MAP_FIXED|MAP_ANONYMOUS, -1, 0 <unfinished ...>
27435<tr> 22:19:15 <... set_robust_list resumed>) = 0
27433<find> 22:19:15 <... read resumed>, "\177ELF\2\1\1\3\0\0\0\0\0\0\0\0\3\0>\0\1\0\0\0\0\0\0\0\0\0\0\0"..., 832) = 832
27434<xargs> 22:19:15 <... mmap resumed>) = 0x7f10cc3b8000
27435<tr> 22:19:15 rseq({cpu_id_start=0, cpu_id=RSEQ_CPU_ID_UNINITIALIZED, rseq_cs=NULL, flags=0, node_id=0, mm_cid=0, slice_ctrl={request=0, granted=0, __reserved=0}, __reserved=0}, 32, 0, 0x53053053 <unfinished ...>
27433<find> 22:19:15 fstat(3</usr/lib64/libm.so.6> <unfinished ...>
27435<tr> 22:19:15 <... rseq resumed>)  = 0
27434<xargs> 22:19:15 close(3</usr/lib64/libc.so.6> <unfinished ...>
27433<find> 22:19:15 <... fstat resumed>, {st_mode=S_IFREG|0755, st_size=1153848, ...}) = 0
27434<xargs> 22:19:15 <... close resumed>) = 0
27433<find> 22:19:15 mmap(NULL, 1138704, PROT_READ|PROT_EXEC, MAP_PRIVATE|MAP_DENYWRITE, 3</usr/lib64/libm.so.6>, 0 <unfinished ...>
27434<xargs> 22:19:15 mmap(NULL, 12288, PROT_READ|PROT_WRITE, MAP_PRIVATE|MAP_ANONYMOUS, -1, 0 <unfinished ...>
27435<tr> 22:19:15 mprotect(0x7f6688b8a000, 16384, PROT_READ <unfinished ...>
27433<find> 22:19:15 <... mmap resumed>) = 0x7fbba3958000
27434<xargs> 22:19:15 <... mmap resumed>) = 0x7f10cc1c2000
27435<tr> 22:19:15 <... mprotect resumed>) = 0
27433<find> 22:19:15 mmap(0x7fbba39e7000, 548864, PROT_READ, MAP_PRIVATE|MAP_FIXED|MAP_DENYWRITE, 3</usr/lib64/libm.so.6>, 0x8f000 <unfinished ...>
27434<xargs> 22:19:15 arch_prctl(ARCH_SET_FS, 0x7f10cc1c2740 <unfinished ...>
27435<tr> 22:19:15 mprotect(0x556d10644000, 4096, PROT_READ <unfinished ...>
27434<xargs> 22:19:15 <... arch_prctl resumed>) = 0
27433<find> 22:19:15 <... mmap resumed>) = 0x7fbba39e7000
27435<tr> 22:19:15 <... mprotect resumed>) = 0
27434<xargs> 22:19:15 set_tid_address(0x7f10cc1c2d68 <unfinished ...>
27433<find> 22:19:15 mmap(0x7fbba3a6d000, 8192, PROT_READ|PROT_WRITE, MAP_PRIVATE|MAP_FIXED|MAP_DENYWRITE, 3</usr/lib64/libm.so.6>, 0x114000 <unfinished ...>
27435<tr> 22:19:15 mprotect(0x7f6688beb000, 8192, PROT_READ <unfinished ...>
27434<xargs> 22:19:15 <... set_tid_address resumed>) = 27434<xargs>
27435<tr> 22:19:15 <... mprotect resumed>) = 0
27433<find> 22:19:15 <... mmap resumed>) = 0x7fbba3a6d000
27434<xargs> 22:19:15 set_robust_list(0x7f10cc1c2a20, 24 <unfinished ...>
27435<tr> 22:19:15 prlimit64(0, RLIMIT_STACK, NULL <unfinished ...>
27434<xargs> 22:19:15 <... set_robust_list resumed>) = 0
27433<find> 22:19:15 close(3</usr/lib64/libm.so.6> <unfinished ...>
27435<tr> 22:19:15 <... prlimit64 resumed>, {rlim_cur=8192*1024, rlim_max=RLIM64_INFINITY}) = 0
27434<xargs> 22:19:15 rseq({cpu_id_start=0, cpu_id=RSEQ_CPU_ID_UNINITIALIZED, rseq_cs=NULL, flags=0, node_id=0, mm_cid=0, slice_ctrl={request=0, granted=0, __reserved=0}, __reserved=0}, 32, 0, 0x53053053 <unfinished ...>
27433<find> 22:19:15 <... close resumed>) = 0
27435<tr> 22:19:15 getrandom( <unfinished ...>
27434<xargs> 22:19:15 <... rseq resumed>) = 0
27435<tr> 22:19:15 <... getrandom resumed>"\x89\xd7\x65\x31\xb0\xe1\x6a\xc3", 8, GRND_NONBLOCK) = 8
27433<find> 22:19:15 openat(AT_FDCWD</home/catastor>, "/lib64/libc.so.6", O_RDONLY|O_CLOEXEC <unfinished ...>
27435<tr> 22:19:15 munmap(0x7f6688b9a000, 74499 <unfinished ...>
27434<xargs> 22:19:15 mprotect(0x7f10cc3b2000, 16384, PROT_READ <unfinished ...>
27433<find> 22:19:15 <... openat resumed>) = 3</usr/lib64/libc.so.6>
27435<tr> 22:19:15 <... munmap resumed>) = 0
27434<xargs> 22:19:15 <... mprotect resumed>) = 0
27433<find> 22:19:15 read(3</usr/lib64/libc.so.6> <unfinished ...>
27435<tr> 22:19:15 brk(NULL <unfinished ...>
27434<xargs> 22:19:15 mprotect(0x5601ee9e1000, 4096, PROT_READ <unfinished ...>
27433<find> 22:19:15 <... read resumed>, "\177ELF\2\1\1\3\0\0\0\0\0\0\0\0\3\0>\0\1\0\0\0\2408\0\0\0\0\0\0"..., 832) = 832
27435<tr> 22:19:15 <... brk resumed>)   = 0x556d17912000
27434<xargs> 22:19:15 <... mprotect resumed>) = 0
27433<find> 22:19:15 pread64(3</usr/lib64/libc.so.6> <unfinished ...>
27435<tr> 22:19:15 brk(0x556d17933000 <unfinished ...>
27434<xargs> 22:19:15 mprotect(0x7f10cc413000, 8192, PROT_READ <unfinished ...>
27435<tr> 22:19:15 <... brk resumed>)   = 0x556d17933000
27433<find> 22:19:15 <... pread64 resumed>, "\6\0\0\0\4\0\0\0@\0\0\0\0\0\0\0@\0\0\0\0\0\0\0@\0\0\0\0\0\0\0"..., 784, 64) = 784
27434<xargs> 22:19:15 <... mprotect resumed>) = 0
27435<tr> 22:19:15 fadvise64(0<pipe:[147740]>, 0, 0, POSIX_FADV_SEQUENTIAL <unfinished ...>
27433<find> 22:19:15 fstat(3</usr/lib64/libc.so.6> <unfinished ...>
27435<tr> 22:19:15 <... fadvise64 resumed>) = -1 ESPIPE (Illegal seek)
27434<xargs> 22:19:15 prlimit64(0, RLIMIT_STACK, NULL <unfinished ...>
27435<tr> 22:19:15 read(0<pipe:[147740]> <unfinished ...>
27433<find> 22:19:15 <... fstat resumed>, {st_mode=S_IFREG|0755, st_size=2490288, ...}) = 0
27434<xargs> 22:19:15 <... prlimit64 resumed>, {rlim_cur=8192*1024, rlim_max=RLIM64_INFINITY}) = 0
27433<find> 22:19:15 pread64(3</usr/lib64/libc.so.6> <unfinished ...>
27434<xargs> 22:19:15 getrandom( <unfinished ...>
27433<find> 22:19:15 <... pread64 resumed>, "\6\0\0\0\4\0\0\0@\0\0\0\0\0\0\0@\0\0\0\0\0\0\0@\0\0\0\0\0\0\0"..., 784, 64) = 784
27434<xargs> 22:19:15 <... getrandom resumed>"\x56\x10\xc9\x5f\x26\x20\x27\x77", 8, GRND_NONBLOCK) = 8
27433<find> 22:19:15 mmap(NULL, 2075504, PROT_READ|PROT_EXEC, MAP_PRIVATE|MAP_DENYWRITE, 3</usr/lib64/libc.so.6>, 0 <unfinished ...>
27434<xargs> 22:19:15 munmap(0x7f10cc3c2000, 74499 <unfinished ...>
27433<find> 22:19:15 <... mmap resumed>) = 0x7fbba375d000
27434<xargs> 22:19:15 <... munmap resumed>) = 0
27433<find> 22:19:15 mmap(0x7fbba38d1000, 495616, PROT_READ, MAP_PRIVATE|MAP_FIXED|MAP_DENYWRITE, 3</usr/lib64/libc.so.6>, 0x174000 <unfinished ...>
27434<xargs> 22:19:15 openat(AT_FDCWD</home/catastor>, "/proc/self/fd", O_RDONLY|O_NONBLOCK|O_CLOEXEC|O_DIRECTORY) = 3</proc/27434/fd>
27433<find> 22:19:15 <... mmap resumed>) = 0x7fbba38d1000
27434<xargs> 22:19:15 fstat(3</proc/27434/fd> <unfinished ...>
27433<find> 22:19:15 mmap(0x7fbba394a000, 24576, PROT_READ|PROT_WRITE, MAP_PRIVATE|MAP_FIXED|MAP_DENYWRITE, 3</usr/lib64/libc.so.6>, 0x1ed000 <unfinished ...>
27434<xargs> 22:19:15 <... fstat resumed>, {st_mode=S_IFDIR|0500, st_size=4, ...}) = 0
27433<find> 22:19:15 <... mmap resumed>) = 0x7fbba394a000
27434<xargs> 22:19:15 brk(NULL)         = 0x560202c15000
27433<find> 22:19:15 mmap(0x7fbba3950000, 31600, PROT_READ|PROT_WRITE, MAP_PRIVATE|MAP_FIXED|MAP_ANONYMOUS, -1, 0 <unfinished ...>
27434<xargs> 22:19:15 brk(0x560202c3e000) = 0x560202c3e000
27433<find> 22:19:15 <... mmap resumed>) = 0x7fbba3950000
27434<xargs> 22:19:15 getdents64(3</proc/27434/fd> <unfinished ...>
27433<find> 22:19:15 close(3</usr/lib64/libc.so.6> <unfinished ...>
27434<xargs> 22:19:15 <... getdents64 resumed>, 0x560202c15040 /* 6 entries */, 32768) = 144
27433<find> 22:19:15 <... close resumed>) = 0
27434<xargs> 22:19:15 getdents64(3</proc/27434/fd> <unfinished ...>
27433<find> 22:19:15 openat(AT_FDCWD</home/catastor>, "/lib64/libpcre2-8.so.0", O_RDONLY|O_CLOEXEC <unfinished ...>
27434<xargs> 22:19:15 <... getdents64 resumed>, 0x560202c15040 /* 0 entries */, 32768) = 0
27434<xargs> 22:19:15 brk(0x560202c36000 <unfinished ...>
27433<find> 22:19:15 <... openat resumed>) = 3</usr/lib64/libpcre2-8.so.0.15.0>
27434<xargs> 22:19:15 <... brk resumed>) = 0x560202c36000
27433<find> 22:19:15 read(3</usr/lib64/libpcre2-8.so.0.15.0> <unfinished ...>
27434<xargs> 22:19:15 close(3</proc/27434/fd> <unfinished ...>
27433<find> 22:19:15 <... read resumed>, "\177ELF\2\1\1\0\0\0\0\0\0\0\0\0\3\0>\0\1\0\0\0\0\0\0\0\0\0\0\0"..., 832) = 832
27434<xargs> 22:19:15 <... close resumed>) = 0
27433<find> 22:19:15 fstat(3</usr/lib64/libpcre2-8.so.0.15.0> <unfinished ...>
27434<xargs> 22:19:15 poll([{fd=0<pipe:[145927]>, events=POLLIN|POLLOUT}, {fd=1<pipe:[147740]>, events=POLLIN|POLLOUT}, {fd=2</dev/null<char 1:3>>, events=POLLIN|POLLOUT}, {fd=3, events=POLLIN|POLLOUT}], 4, 0 <unfinished ...>
27433<find> 22:19:15 <... fstat resumed>, {st_mode=S_IFREG|0755, st_size=724280, ...}) = 0
27434<xargs> 22:19:15 <... poll resumed>) = 3 ([{fd=1, revents=POLLOUT}, {fd=2, revents=POLLIN|POLLOUT}, {fd=3, revents=POLLNVAL}])
27433<find> 22:19:15 mmap(NULL, 721368, PROT_READ|PROT_EXEC, MAP_PRIVATE|MAP_DENYWRITE, 3</usr/lib64/libpcre2-8.so.0.15.0>, 0 <unfinished ...>
27434<xargs> 22:19:15 fcntl(0<pipe:[145927]>, F_GETFD <unfinished ...>
27433<find> 22:19:15 <... mmap resumed>) = 0x7fbba36ac000
27434<xargs> 22:19:15 <... fcntl resumed>) = 0
27434<xargs> 22:19:15 fcntl(1<pipe:[147740]>, F_GETFD <unfinished ...>
27433<find> 22:19:15 mmap(0x7fbba372d000, 188416, PROT_READ, MAP_PRIVATE|MAP_FIXED|MAP_DENYWRITE, 3</usr/lib64/libpcre2-8.so.0.15.0>, 0x81000 <unfinished ...>
27434<xargs> 22:19:15 <... fcntl resumed>) = 0
27434<xargs> 22:19:15 fcntl(2</dev/null<char 1:3>>, F_GETFD <unfinished ...>
27433<find> 22:19:15 <... mmap resumed>) = 0x7fbba372d000
27434<xargs> 22:19:15 <... fcntl resumed>) = 0
27433<find> 22:19:15 mmap(0x7fbba375b000, 8192, PROT_READ|PROT_WRITE, MAP_PRIVATE|MAP_FIXED|MAP_DENYWRITE, 3</usr/lib64/libpcre2-8.so.0.15.0>, 0xae000 <unfinished ...>
27434<xargs> 22:19:15 getpid()          = 27434<xargs>
27433<find> 22:19:15 <... mmap resumed>) = 0x7fbba375b000
27434<xargs> 22:19:15 prlimit64(0, RLIMIT_STACK, NULL <unfinished ...>
27433<find> 22:19:15 close(3</usr/lib64/libpcre2-8.so.0.15.0> <unfinished ...>
27434<xargs> 22:19:15 <... prlimit64 resumed>, {rlim_cur=8192*1024, rlim_max=RLIM64_INFINITY}) = 0
27433<find> 22:19:15 <... close resumed>) = 0
27434<xargs> 22:19:15 prlimit64(0, RLIMIT_STACK, NULL, {rlim_cur=8192*1024, rlim_max=RLIM64_INFINITY}) = 0
27433<find> 22:19:15 mmap(NULL, 8192, PROT_READ|PROT_WRITE, MAP_PRIVATE|MAP_ANONYMOUS, -1, 0 <unfinished ...>
27434<xargs> 22:19:15 mmap(NULL, 135168, PROT_READ|PROT_WRITE, MAP_PRIVATE|MAP_ANONYMOUS, -1, 0 <unfinished ...>
27433<find> 22:19:15 <... mmap resumed>) = 0x7fbba36aa000
27434<xargs> 22:19:15 <... mmap resumed>) = 0x7f10cc1a1000
27434<xargs> 22:19:15 rt_sigaction(SIGCHLD, {sa_handler=SIG_DFL, sa_mask=[CHLD], sa_flags=SA_RESTORER|SA_RESTART, sa_restorer=0x7f10cc1df5b0} <unfinished ...>
27433<find> 22:19:15 arch_prctl(ARCH_SET_FS, 0x7fbba36ab300 <unfinished ...>
27434<xargs> 22:19:15 <... rt_sigaction resumed>, {sa_handler=SIG_DFL, sa_mask=[], sa_flags=0}, 8) = 0
27433<find> 22:19:15 <... arch_prctl resumed>) = 0
27434<xargs> 22:19:15 fstat(0<pipe:[145927]> <unfinished ...>
27433<find> 22:19:15 set_tid_address(0x7fbba36ab928 <unfinished ...>
27434<xargs> 22:19:15 <... fstat resumed>, {st_mode=S_IFIFO|0600, st_size=0, ...}) = 0
27433<find> 22:19:15 <... set_tid_address resumed>) = 27433<find>
27434<xargs> 22:19:15 brk(0x560202c57000 <unfinished ...>
27433<find> 22:19:15 set_robust_list(0x7fbba36ab5e0, 24 <unfinished ...>
27434<xargs> 22:19:15 <... brk resumed>) = 0x560202c57000
27433<find> 22:19:15 <... set_robust_list resumed>) = 0
27434<xargs> 22:19:15 read(0<pipe:[145927]> <unfinished ...>
27433<find> 22:19:15 rseq({cpu_id_start=0, cpu_id=RSEQ_CPU_ID_UNINITIALIZED, rseq_cs=NULL, flags=0, node_id=0, mm_cid=0, slice_ctrl={request=0, granted=0, __reserved=0}, __reserved=0}, 32, 0, 0x53053053) = 0
27433<find> 22:19:15 mprotect(0x7fbba394a000, 16384, PROT_READ) = 0
27433<find> 22:19:15 mprotect(0x7fbba375b000, 4096, PROT_READ) = 0
27433<find> 22:19:15 mprotect(0x7fbba3a6d000, 4096, PROT_READ) = 0
27433<find> 22:19:15 mprotect(0x7fbba3a9e000, 4096, PROT_READ) = 0
27433<find> 22:19:15 mprotect(0x563f7ae84000, 8192, PROT_READ) = 0
27433<find> 22:19:15 mprotect(0x7fbba3af5000, 8192, PROT_READ) = 0
27433<find> 22:19:15 prlimit64(0, RLIMIT_STACK, NULL, {rlim_cur=8192*1024, rlim_max=RLIM64_INFINITY}) = 0
27433<find> 22:19:15 getrandom("\x74\xa0\xf9\x51\x51\xc1\xb3\x37", 8, GRND_NONBLOCK) = 8
27433<find> 22:19:15 munmap(0x7fbba3aa4000, 74499) = 0
27433<find> 22:19:15 statfs("/sys/fs/selinux", {f_type=SELINUX_MAGIC, f_bsize=4096, f_blocks=0, f_bfree=0, f_bavail=0, f_files=0, f_ffree=0, f_fsid={val=[0x15, 0]}, f_namelen=255, f_frsize=4096, f_flags=ST_VALID|ST_NOSUID|ST_NOEXEC|ST_RELATIME}) = 0
27433<find> 22:19:15 statfs("/sys/fs/selinux", {f_type=SELINUX_MAGIC, f_bsize=4096, f_blocks=0, f_bfree=0, f_bavail=0, f_files=0, f_ffree=0, f_fsid={val=[0x15, 0]}, f_namelen=255, f_frsize=4096, f_flags=ST_VALID|ST_NOSUID|ST_NOEXEC|ST_RELATIME}) = 0
27433<find> 22:19:15 brk(NULL)          = 0x563f9048c000
27433<find> 22:19:15 brk(0x563f904ad000) = 0x563f904ad000
27433<find> 22:19:15 access("/etc/selinux/config", F_OK) = 0
27433<find> 22:19:15 openat(AT_FDCWD</home/catastor>, ".", O_RDONLY|O_CLOEXEC) = 3</home/catastor>
27433<find> 22:19:15 uname({sysname="Linux", nodename="fedora", ...}) = 0
27433<find> 22:19:15 ioctl(0</dev/pts/6<char 136:6>>, TCGETS2, {c_iflag=ICRNL|IXON|IUTF8, c_oflag=NL0|CR0|TAB0|BS0|VT0|FF0|OPOST|ONLCR, c_cflag=B38400|CS8|CREAD, c_lflag=ISIG|ICANON|ECHO|ECHOE|ECHOK|IEXTEN|ECHOCTL|ECHOKE, ...}) = 0
27433<find> 22:19:15 ioctl(1<pipe:[145927]>, TCGETS2, 0x7ffe8b463e40) = -1 ENOTTY (Inappropriate ioctl for device)
27433<find> 22:19:15 newfstatat(AT_FDCWD</home/catastor>, "/etc/debuginfod", {st_mode=S_IFDIR|0755, st_size=60, ...}, AT_SYMLINK_NOFOLLOW) = 0
27433<find> 22:19:15 openat(AT_FDCWD</home/catastor>, "/etc/debuginfod", O_RDONLY|O_NOCTTY|O_NONBLOCK|O_NOFOLLOW|O_CLOEXEC|O_DIRECTORY) = 4</etc/debuginfod>
27433<find> 22:19:15 fstat(4</etc/debuginfod>, {st_mode=S_IFDIR|0755, st_size=60, ...}) = 0
27433<find> 22:19:15 fcntl(4</etc/debuginfod>, F_GETFL) = 0x38800 (flags O_RDONLY|O_NONBLOCK|O_LARGEFILE|O_NOFOLLOW|O_DIRECTORY)
27433<find> 22:19:15 fcntl(4</etc/debuginfod>, F_SETFD, FD_CLOEXEC) = 0
27433<find> 22:19:15 fstat(4</etc/debuginfod>, {st_mode=S_IFDIR|0755, st_size=60, ...}) = 0
27433<find> 22:19:15 fcntl(4</etc/debuginfod>, F_DUPFD_CLOEXEC, 3) = 5</etc/debuginfod>
27433<find> 22:19:15 getdents64(4</etc/debuginfod>, 0x563f9048e320 /* 4 entries */, 32768) = 128
27433<find> 22:19:15 getdents64(4</etc/debuginfod>, 0x563f9048e320 /* 0 entries */, 32768) = 0
27433<find> 22:19:15 close(4</etc/debuginfod>) = 0
27433<find> 22:19:15 fcntl(5</etc/debuginfod>, F_DUPFD_CLOEXEC, 0) = 4</etc/debuginfod>
27433<find> 22:19:15 fstat(1<pipe:[145927]>, {st_mode=S_IFIFO|0600, st_size=0, ...}) = 0
27433<find> 22:19:15 close(5</etc/debuginfod>) = 0
27433<find> 22:19:15 close(4</etc/debuginfod>) = 0
27433<find> 22:19:15 fchdir(3</home/catastor>) = 0
27433<find> 22:19:15 close(3</home/catastor>) = 0
27433<find> 22:19:15 write(1<pipe:[145927]>, "/etc/debuginfod/elfutils.certpat"..., 34) = 34
27434<xargs> 22:19:15 <... read resumed>, "/etc/debuginfod/elfutils.certpat"..., 4096) = 34
27433<find> 22:19:15 close(1<pipe:[145927]> <unfinished ...>
27434<xargs> 22:19:15 read(0<pipe:[145927]> <unfinished ...>
27433<find> 22:19:15 <... close resumed>) = 0
27434<xargs> 22:19:15 <... read resumed>, "", 4096) = 0
27433<find> 22:19:15 close(2</dev/null<char 1:3>> <unfinished ...>
27434<xargs> 22:19:15 pipe2( <unfinished ...>
27433<find> 22:19:15 <... close resumed>) = 0
27434<xargs> 22:19:15 <... pipe2 resumed>[3<pipe:[145928]>, 4<pipe:[145928]>], 0) = 0
27433<find> 22:19:15 exit_group(0 <unfinished ...>
27434<xargs> 22:19:15 fcntl(4<pipe:[145928]>, F_SETFD, FD_CLOEXEC <unfinished ...>
27433<find> 22:19:15 <... exit_group resumed>) = ?
27434<xargs> 22:19:15 <... fcntl resumed>) = 0
27434<xargs> 22:19:15 rt_sigprocmask(SIG_BLOCK, ~[], [], 8) = 0
27434<xargs> 22:19:15 clone(child_stack=NULL, flags=CLONE_CHILD_CLEARTID|CLONE_CHILD_SETTID|SIGCHLD <unfinished ...>
27433<find> 22:19:15 +++ exited with 0 +++
27432<bash> 22:19:15 <... wait4 resumed>, [{WIFEXITED(s) && WEXITSTATUS(s) == 0}], 0, NULL) = 27433
27432<bash> 22:19:15 wait4(-1 <unfinished ...>
27434<xargs> 22:19:15 <... clone resumed>, child_tidptr=0x7f10cc1c2a10) = 27436<xargs>
27436<xargs> 22:19:15 set_robust_list(0x7f10cc1c2a20, 24 <unfinished ...>
27434<xargs> 22:19:15 rt_sigprocmask(SIG_SETMASK, [] <unfinished ...>
27436<xargs> 22:19:15 <... set_robust_list resumed>) = 0
27434<xargs> 22:19:15 <... rt_sigprocmask resumed>, NULL, 8) = 0
27436<xargs> 22:19:15 rt_sigprocmask(SIG_SETMASK, [] <unfinished ...>
27434<xargs> 22:19:15 close(4<pipe:[145928]> <unfinished ...>
27436<xargs> 22:19:15 <... rt_sigprocmask resumed>, NULL, 8) = 0
27434<xargs> 22:19:15 <... close resumed>) = 0
27436<xargs> 22:19:15 close(3<pipe:[145928]> <unfinished ...>
27434<xargs> 22:19:15 read(3<pipe:[145928]> <unfinished ...>
27436<xargs> 22:19:15 <... close resumed>) = 0
27436<xargs> 22:19:15 close(0<pipe:[145927]>) = 0
27436<xargs> 22:19:15 openat(AT_FDCWD</home/catastor>, "/dev/null", O_RDONLY) = 0</dev/null<char 1:3>>
27436<xargs> 22:19:15 fcntl(0</dev/null<char 1:3>>, F_DUPFD, 3) = 3</dev/null<char 1:3>>
27436<xargs> 22:19:15 close(0</dev/null<char 1:3>>) = 0
27436<xargs> 22:19:15 dup2(3</dev/null<char 1:3>>, 0) = 0</dev/null<char 1:3>>
27436<xargs> 22:19:15 close(3</dev/null<char 1:3>>) = 0
27436<xargs> 22:19:15 execve("/usr/local/bin/cat", ["cat", "/etc/debuginfod/elfutils.certpat"...], 0x7ffea1048d28 /* 28 vars */) = -1 ENOENT (No such file or directory)
27436<xargs> 22:19:15 execve("/usr/bin/cat", ["cat", "/etc/debuginfod/elfutils.certpat"...], 0x7ffea1048d28 /* 28 vars */ <unfinished ...>
27434<xargs> 22:19:15 <... read resumed>, "", 4) = 0
27436<xargs> 22:19:15 <... execve resumed>) = 0
27434<xargs> 22:19:15 close(3<pipe:[145928]> <unfinished ...>
27436<xargs> 22:19:15 brk(NULL <unfinished ...>
27434<xargs> 22:19:15 <... close resumed>) = 0
27436<xargs> 22:19:15 <... brk resumed>) = 0x55b3dc4b3000
27434<xargs> 22:19:15 getpid( <unfinished ...>
27436<xargs> 22:19:15 access("/etc/ld.so.preload", R_OK <unfinished ...>
27434<xargs> 22:19:15 <... getpid resumed>) = 27434<xargs>
27436<xargs> 22:19:15 <... access resumed>) = -1 ENOENT (No such file or directory)
27434<xargs> 22:19:15 wait4(-1 <unfinished ...>
27436<xargs> 22:19:15 openat(AT_FDCWD</home/catastor>, "/etc/ld.so.cache", O_RDONLY|O_CLOEXEC) = 3</etc/ld.so.cache>
27436<xargs> 22:19:15 fstat(3</etc/ld.so.cache>, {st_mode=S_IFREG|0644, st_size=74499, ...}) = 0
27436<xargs> 22:19:15 mmap(NULL, 74499, PROT_READ, MAP_PRIVATE, 3</etc/ld.so.cache>, 0) = 0x7f369e87f000
27436<xargs> 22:19:15 close(3</etc/ld.so.cache>) = 0
27436<xargs> 22:19:15 openat(AT_FDCWD</home/catastor>, "/lib64/libc.so.6", O_RDONLY|O_CLOEXEC) = 3</usr/lib64/libc.so.6>
27436<xargs> 22:19:15 read(3</usr/lib64/libc.so.6>, "\177ELF\2\1\1\3\0\0\0\0\0\0\0\0\3\0>\0\1\0\0\0\2408\0\0\0\0\0\0"..., 832) = 832
27436<xargs> 22:19:15 pread64(3</usr/lib64/libc.so.6>, "\6\0\0\0\4\0\0\0@\0\0\0\0\0\0\0@\0\0\0\0\0\0\0@\0\0\0\0\0\0\0"..., 784, 64) = 784
27436<xargs> 22:19:15 fstat(3</usr/lib64/libc.so.6>, {st_mode=S_IFREG|0755, st_size=2490288, ...}) = 0
27436<xargs> 22:19:15 mmap(NULL, 8192, PROT_READ|PROT_WRITE, MAP_PRIVATE|MAP_ANONYMOUS, -1, 0) = 0x7f369e87d000
27436<xargs> 22:19:15 pread64(3</usr/lib64/libc.so.6>, "\6\0\0\0\4\0\0\0@\0\0\0\0\0\0\0@\0\0\0\0\0\0\0@\0\0\0\0\0\0\0"..., 784, 64) = 784
27436<xargs> 22:19:15 mmap(NULL, 2075504, PROT_READ|PROT_EXEC, MAP_PRIVATE|MAP_DENYWRITE, 3</usr/lib64/libc.so.6>, 0) = 0x7f369e682000
27436<xargs> 22:19:15 mmap(0x7f369e7f6000, 495616, PROT_READ, MAP_PRIVATE|MAP_FIXED|MAP_DENYWRITE, 3</usr/lib64/libc.so.6>, 0x174000) = 0x7f369e7f6000
27436<xargs> 22:19:15 mmap(0x7f369e86f000, 24576, PROT_READ|PROT_WRITE, MAP_PRIVATE|MAP_FIXED|MAP_DENYWRITE, 3</usr/lib64/libc.so.6>, 0x1ed000) = 0x7f369e86f000
27436<xargs> 22:19:15 mmap(0x7f369e875000, 31600, PROT_READ|PROT_WRITE, MAP_PRIVATE|MAP_FIXED|MAP_ANONYMOUS, -1, 0) = 0x7f369e875000
27436<xargs> 22:19:15 close(3</usr/lib64/libc.so.6>) = 0
27436<xargs> 22:19:15 mmap(NULL, 12288, PROT_READ|PROT_WRITE, MAP_PRIVATE|MAP_ANONYMOUS, -1, 0) = 0x7f369e67f000
27436<xargs> 22:19:15 arch_prctl(ARCH_SET_FS, 0x7f369e67f740) = 0
27436<xargs> 22:19:15 set_tid_address(0x7f369e67fd68) = 27436<cat>
27436<xargs> 22:19:15 set_robust_list(0x7f369e67fa20, 24) = 0
27436<xargs> 22:19:15 rseq({cpu_id_start=0, cpu_id=RSEQ_CPU_ID_UNINITIALIZED, rseq_cs=NULL, flags=0, node_id=0, mm_cid=0, slice_ctrl={request=0, granted=0, __reserved=0}, __reserved=0}, 32, 0, 0x53053053) = 0
27436<xargs> 22:19:15 mprotect(0x7f369e86f000, 16384, PROT_READ) = 0
27436<xargs> 22:19:15 mprotect(0x55b39f77c000, 4096, PROT_READ) = 0
27436<xargs> 22:19:15 mprotect(0x7f369e8d0000, 8192, PROT_READ) = 0
27436<xargs> 22:19:15 prlimit64(0, RLIMIT_STACK, NULL, {rlim_cur=8192*1024, rlim_max=RLIM64_INFINITY}) = 0
27436<xargs> 22:19:15 getrandom("\xaa\x90\x82\xb1\x23\x08\x4c\xeb", 8, GRND_NONBLOCK) = 8
27436<xargs> 22:19:15 munmap(0x7f369e87f000, 74499) = 0
27436<xargs> 22:19:15 brk(NULL)         = 0x55b3dc4b3000
27436<xargs> 22:19:15 brk(0x55b3dc4d4000) = 0x55b3dc4d4000
27436<xargs> 22:19:15 fstat(1<pipe:[147740]>, {st_mode=S_IFIFO|0600, st_size=0, ...}) = 0
27436<xargs> 22:19:15 openat(AT_FDCWD</home/catastor>, "/etc/debuginfod/elfutils.certpath", O_RDONLY) = 3</etc/debuginfod/elfutils.certpath>
27436<xargs> 22:19:15 fstat(3</etc/debuginfod/elfutils.certpath>, {st_mode=S_IFREG|0644, st_size=14, ...}) = 0
27436<xargs> 22:19:15 fadvise64(3</etc/debuginfod/elfutils.certpath>, 0, 0, POSIX_FADV_SEQUENTIAL) = 0
27436<xargs> 22:19:15 mmap(NULL, 270336, PROT_READ|PROT_WRITE, MAP_PRIVATE|MAP_ANONYMOUS, -1, 0) = 0x7f369e63d000
27436<xargs> 22:19:15 read(3</etc/debuginfod/elfutils.certpath>, "/etc/keys/ima\n", 262144) = 14
27436<xargs> 22:19:15 write(1<pipe:[147740]>, "/etc/keys/ima\n", 14) = 14
27435<tr> 22:19:15 <... read resumed>, "/etc/keys/ima\n", 8192) = 14
27436<xargs> 22:19:15 read(3</etc/debuginfod/elfutils.certpath> <unfinished ...>
27435<tr> 22:19:15 fstat(1<pipe:[145391]> <unfinished ...>
27436<xargs> 22:19:15 <... read resumed>, "", 262144) = 0
27435<tr> 22:19:15 <... fstat resumed>, {st_mode=S_IFIFO|0600, st_size=0, ...}) = 0
27436<xargs> 22:19:15 munmap(0x7f369e63d000, 270336 <unfinished ...>
27435<tr> 22:19:15 read(0<pipe:[147740]> <unfinished ...>
27436<xargs> 22:19:15 <... munmap resumed>) = 0
27436<xargs> 22:19:15 close(3</etc/debuginfod/elfutils.certpath>) = 0
27436<xargs> 22:19:15 close(1<pipe:[147740]>) = 0
27436<xargs> 22:19:15 close(2</dev/null<char 1:3>>) = 0
27436<xargs> 22:19:15 exit_group(0)     = ?
27436<xargs> 22:19:15 +++ exited with 0 +++
27434<xargs> 22:19:15 <... wait4 resumed>, [{WIFEXITED(s) && WEXITSTATUS(s) == 0}], 0, NULL) = 27436
27434<xargs> 22:19:15 --- SIGCHLD {si_signo=SIGCHLD, si_code=CLD_EXITED, si_pid=27436, si_uid=1000, si_status=0, si_utime=0, si_stime=0} ---
27434<xargs> 22:19:15 close(0<pipe:[145927]>) = 0
27434<xargs> 22:19:15 close(1<pipe:[147740]> <unfinished ...>
27435<tr> 22:19:15 <... read resumed>, "", 8192) = 0
27434<xargs> 22:19:15 <... close resumed>) = 0
27435<tr> 22:19:15 close(0<pipe:[147740]> <unfinished ...>
27434<xargs> 22:19:15 close(2</dev/null<char 1:3>> <unfinished ...>
27435<tr> 22:19:15 <... close resumed>) = 0
27434<xargs> 22:19:15 <... close resumed>) = 0
27435<tr> 22:19:15 write(1<pipe:[145391]>, "/etc/keys/ima:", 14 <unfinished ...>
27434<xargs> 22:19:15 exit_group(0 <unfinished ...>
27435<tr> 22:19:15 <... write resumed>) = 14
27434<xargs> 22:19:15 <... exit_group resumed>) = ?
27408<bash> 22:19:15 <... read resumed>, "/etc/keys/ima:", 4096) = 14
27435<tr> 22:19:15 close(1<pipe:[145391]> <unfinished ...>
27408<bash> 22:19:15 read(3<pipe:[145391]> <unfinished ...>
27435<tr> 22:19:15 <... close resumed>) = 0
27435<tr> 22:19:15 close(2</dev/pts/6<char 136:6>> <unfinished ...>
27434<xargs> 22:19:15 +++ exited with 0 +++
27435<tr> 22:19:15 <... close resumed>) = 0
27435<tr> 22:19:15 exit_group(0 <unfinished ...>
27432<bash> 22:19:15 <... wait4 resumed>, [{WIFEXITED(s) && WEXITSTATUS(s) == 0}], 0, NULL) = 27434
27435<tr> 22:19:15 <... exit_group resumed>) = ?
27432<bash> 22:19:15 wait4(-1 <unfinished ...>
27435<tr> 22:19:15 +++ exited with 0 +++
27432<bash> 22:19:15 <... wait4 resumed>, [{WIFEXITED(s) && WEXITSTATUS(s) == 0}], 0, NULL) = 27435
27432<bash> 22:19:15 rt_sigaction(SIGINT, {sa_handler=0x55e6ca0352c0, sa_mask=[], sa_flags=SA_RESTORER, sa_restorer=0x7fa306ca35b0}, {sa_handler=0x55e6ca002d80, sa_mask=[], sa_flags=SA_RESTORER, sa_restorer=0x7fa306ca35b0}, 8) = 0
27432<bash> 22:19:15 rt_sigprocmask(SIG_SETMASK, [CHLD], NULL, 8) = 0
27432<bash> 22:19:15 close(4)           = -1 EBADF (Bad file descriptor)
27432<bash> 22:19:15 rt_sigprocmask(SIG_SETMASK, [], NULL, 8) = 0
27432<bash> 22:19:15 --- SIGCHLD {si_signo=SIGCHLD, si_code=CLD_EXITED, si_pid=27433, si_uid=1000, si_status=0, si_utime=0, si_stime=0} ---
27432<bash> 22:19:15 wait4(-1, 0x7ffee29a8494, WNOHANG, NULL) = -1 ECHILD (No child processes)
27432<bash> 22:19:15 rt_sigreturn({mask=[]}) = 0
27432<bash> 22:19:15 exit_group(0)      = ?
27432<bash> 22:19:15 +++ exited with 0 +++
27408<bash> 22:19:15 <... read resumed>, "", 4096) = 0
27408<bash> 22:19:15 --- SIGCHLD {si_signo=SIGCHLD, si_code=CLD_EXITED, si_pid=27432<bash>, si_uid=1000, si_status=0, si_utime=0, si_stime=0} ---
27408<bash> 22:19:15 wait4(-1, [{WIFEXITED(s) && WEXITSTATUS(s) == 0}], WNOHANG, NULL) = 27432
27408<bash> 22:19:15 wait4(-1, 0x7ffee29a7894, WNOHANG, NULL) = -1 ECHILD (No child processes)
27408<bash> 22:19:15 rt_sigreturn({mask=[INT]}) = 0
27408<bash> 22:19:15 close(3<pipe:[145391]>) = 0
27408<bash> 22:19:15 rt_sigprocmask(SIG_SETMASK, [], NULL, 8) = 0
27408<bash> 22:19:15 rt_sigprocmask(SIG_BLOCK, [CHLD], [], 8) = 0
27408<bash> 22:19:15 rt_sigaction(SIGINT, {sa_handler=0x55e6ca002d80, sa_mask=[], sa_flags=SA_RESTORER, sa_restorer=0x7fa306ca35b0}, {sa_handler=0x55e6ca034cf0, sa_mask=[], sa_flags=SA_RESTORER, sa_restorer=0x7fa306ca35b0}, 8) = 0
27408<bash> 22:19:15 rt_sigaction(SIGINT, {sa_handler=0x55e6ca034cf0, sa_mask=[], sa_flags=SA_RESTORER, sa_restorer=0x7fa306ca35b0}, {sa_handler=0x55e6ca002d80, sa_mask=[], sa_flags=SA_RESTORER, sa_restorer=0x7fa306ca35b0}, 8) = 0
27408<bash> 22:19:15 rt_sigprocmask(SIG_SETMASK, [], NULL, 8) = 0
27408<bash> 22:19:15 rt_sigprocmask(SIG_BLOCK, [CHLD], [], 8) = 0
27408<bash> 22:19:15 rt_sigprocmask(SIG_SETMASK, [], NULL, 8) = 0
27408<bash> 22:19:15 rt_sigprocmask(SIG_BLOCK, [CHLD], [], 8) = 0
27408<bash> 22:19:15 rt_sigprocmask(SIG_SETMASK, [], NULL, 8) = 0
27408<bash> 22:19:15 faccessat2(AT_FDCWD</home/catastor>, "/etc/profile.d/flatpak.sh", R_OK, AT_EACCESS) = 0
27408<bash> 22:19:15 openat(AT_FDCWD</home/catastor>, "/etc/profile.d/flatpak.sh", O_RDONLY) = 3</etc/profile.d/flatpak.sh>
27408<bash> 22:19:15 fstat(3</etc/profile.d/flatpak.sh>, {st_mode=S_IFREG|0644, st_size=873, ...}) = 0
27408<bash> 22:19:15 read(3</etc/profile.d/flatpak.sh>, "# shellcheck shell=sh\nif command"..., 873) = 873
27408<bash> 22:19:15 close(3</etc/profile.d/flatpak.sh>) = 0
27408<bash> 22:19:15 rt_sigprocmask(SIG_BLOCK, NULL, [], 8) = 0
27408<bash> 22:19:15 openat(AT_FDCWD</home/catastor>, "/dev/null", O_WRONLY|O_CREAT|O_TRUNC, 0666) = 3</dev/null<char 1:3>>
27408<bash> 22:19:15 fcntl(1</dev/pts/6<char 136:6>>, F_GETFD) = 0
27408<bash> 22:19:15 fcntl(1</dev/pts/6<char 136:6>>, F_DUPFD, 10) = 10</dev/pts/6<char 136:6>>
27408<bash> 22:19:15 fcntl(1</dev/pts/6<char 136:6>>, F_GETFD) = 0
27408<bash> 22:19:15 fcntl(10</dev/pts/6<char 136:6>>, F_SETFD, FD_CLOEXEC) = 0
27408<bash> 22:19:15 dup2(3</dev/null<char 1:3>>, 1</dev/pts/6<char 136:6>>) = 1</dev/null<char 1:3>>
27408<bash> 22:19:15 close(3</dev/null<char 1:3>>) = 0
27408<bash> 22:19:15 newfstatat(AT_FDCWD</home/catastor>, ".", {st_mode=S_IFDIR|0700, st_size=716, ...}, 0) = 0
27408<bash> 22:19:15 newfstatat(AT_FDCWD</home/catastor>, "/usr/local/bin/flatpak", 0x7ffee29a9200, 0) = -1 ENOENT (No such file or directory)
27408<bash> 22:19:15 newfstatat(AT_FDCWD</home/catastor>, "/usr/bin/flatpak", {st_mode=S_IFREG|0755, st_size=1692696, ...}, 0) = 0
27408<bash> 22:19:15 newfstatat(AT_FDCWD</home/catastor>, "/usr/bin/flatpak", {st_mode=S_IFREG|0755, st_size=1692696, ...}, 0) = 0
27408<bash> 22:19:15 geteuid()          = 1000
27408<bash> 22:19:15 getegid()          = 1000
27408<bash> 22:19:15 getuid()           = 1000
27408<bash> 22:19:15 getgid()           = 1000
27408<bash> 22:19:15 access("/usr/bin/flatpak", X_OK) = 0
27408<bash> 22:19:15 newfstatat(AT_FDCWD</home/catastor>, "/usr/bin/flatpak", {st_mode=S_IFREG|0755, st_size=1692696, ...}, 0) = 0
27408<bash> 22:19:15 geteuid()          = 1000
27408<bash> 22:19:15 getegid()          = 1000
27408<bash> 22:19:15 getuid()           = 1000
27408<bash> 22:19:15 getgid()           = 1000
27408<bash> 22:19:15 access("/usr/bin/flatpak", R_OK) = 0
27408<bash> 22:19:15 fstat(1</dev/null<char 1:3>>, {st_mode=S_IFCHR|0666, st_rdev=makedev(0x1, 0x3), ...}) = 0
27408<bash> 22:19:15 ioctl(1</dev/null<char 1:3>>, TCGETS2, 0x7ffee29a92b0) = -1 ENOTTY (Inappropriate ioctl for device)
27408<bash> 22:19:15 write(1</dev/null<char 1:3>>, "/usr/bin/flatpak\n", 17) = 17
27408<bash> 22:19:15 dup2(10</dev/pts/6<char 136:6>>, 1</dev/null<char 1:3>>) = 1</dev/pts/6<char 136:6>>
27408<bash> 22:19:15 fcntl(10</dev/pts/6<char 136:6>>, F_GETFD) = 0x1 (flags FD_CLOEXEC)
27408<bash> 22:19:15 close(10</dev/pts/6<char 136:6>>) = 0
27408<bash> 22:19:15 rt_sigprocmask(SIG_BLOCK, NULL, [], 8) = 0
27408<bash> 22:19:15 pipe2([3<pipe:[146980]>, 4<pipe:[146980]>], 0) = 0
27408<bash> 22:19:15 rt_sigprocmask(SIG_BLOCK, [CHLD], [], 8) = 0
27408<bash> 22:19:15 rt_sigprocmask(SIG_SETMASK, [], NULL, 8) = 0
27408<bash> 22:19:15 rt_sigprocmask(SIG_BLOCK, NULL, [], 8) = 0
27408<bash> 22:19:15 rt_sigprocmask(SIG_BLOCK, [INT TERM CHLD], [], 8) = 0
27408<bash> 22:19:15 rt_sigaction(SIGTERM, {sa_handler=SIG_DFL, sa_mask=[], sa_flags=SA_RESTORER, sa_restorer=0x7fa306ca35b0}, {sa_handler=SIG_IGN, sa_mask=[], sa_flags=SA_RESTORER, sa_restorer=0x7fa306ca35b0}, 8) = 0
27408<bash> 22:19:15 rt_sigprocmask(SIG_BLOCK, ~[], [INT TERM CHLD], 8) = 0
27408<bash> 22:19:15 clone(child_stack=NULL, flags=CLONE_CHILD_CLEARTID|CLONE_CHILD_SETTID|SIGCHLD, child_tidptr=0x7fa306c86a10) = 27437<bash>
27437<bash> 22:19:15 set_robust_list(0x7fa306c86a20, 24 <unfinished ...>
27408<bash> 22:19:15 rt_sigprocmask(SIG_SETMASK, [INT TERM CHLD] <unfinished ...>
27437<bash> 22:19:15 <... set_robust_list resumed>) = 0
27408<bash> 22:19:15 <... rt_sigprocmask resumed>, NULL, 8) = 0
27437<bash> 22:19:15 rt_sigprocmask(SIG_SETMASK, [INT TERM CHLD] <unfinished ...>
27408<bash> 22:19:15 rt_sigaction(SIGTERM, {sa_handler=SIG_IGN, sa_mask=[], sa_flags=SA_RESTORER, sa_restorer=0x7fa306ca35b0} <unfinished ...>
27437<bash> 22:19:15 <... rt_sigprocmask resumed>, NULL, 8) = 0
27408<bash> 22:19:15 <... rt_sigaction resumed>, {sa_handler=SIG_DFL, sa_mask=[], sa_flags=SA_RESTORER, sa_restorer=0x7fa306ca35b0}, 8) = 0
27437<bash> 22:19:15 getpid( <unfinished ...>
27408<bash> 22:19:15 rt_sigprocmask(SIG_SETMASK, [] <unfinished ...>
27437<bash> 22:19:15 <... getpid resumed>) = 27437<bash>
27408<bash> 22:19:15 <... rt_sigprocmask resumed>, NULL, 8) = 0
27437<bash> 22:19:15 rt_sigprocmask(SIG_SETMASK, [] <unfinished ...>
27408<bash> 22:19:15 rt_sigaction(SIGCHLD, {sa_handler=0x55e6ca0068d0, sa_mask=[], sa_flags=SA_RESTORER|SA_RESTART, sa_restorer=0x7fa306ca35b0} <unfinished ...>
27437<bash> 22:19:15 <... rt_sigprocmask resumed>, NULL, 8) = 0
27408<bash> 22:19:15 <... rt_sigaction resumed>, {sa_handler=0x55e6ca0068d0, sa_mask=[], sa_flags=SA_RESTORER|SA_RESTART, sa_restorer=0x7fa306ca35b0}, 8) = 0
27437<bash> 22:19:15 rt_sigaction(SIGTSTP, {sa_handler=SIG_DFL, sa_mask=[], sa_flags=SA_RESTORER, sa_restorer=0x7fa306ca35b0} <unfinished ...>
27408<bash> 22:19:15 close(4<pipe:[146980]> <unfinished ...>
27437<bash> 22:19:15 <... rt_sigaction resumed>, {sa_handler=SIG_IGN, sa_mask=[], sa_flags=SA_RESTORER, sa_restorer=0x7fa306ca35b0}, 8) = 0
27408<bash> 22:19:15 <... close resumed>) = 0
27437<bash> 22:19:15 rt_sigaction(SIGTTIN, {sa_handler=SIG_DFL, sa_mask=[], sa_flags=SA_RESTORER, sa_restorer=0x7fa306ca35b0} <unfinished ...>
27408<bash> 22:19:15 rt_sigprocmask(SIG_BLOCK, [INT] <unfinished ...>
27437<bash> 22:19:15 <... rt_sigaction resumed>, {sa_handler=SIG_IGN, sa_mask=[], sa_flags=SA_RESTORER, sa_restorer=0x7fa306ca35b0}, 8) = 0
27408<bash> 22:19:15 <... rt_sigprocmask resumed>, [], 8) = 0
27437<bash> 22:19:15 rt_sigaction(SIGTTOU, {sa_handler=SIG_DFL, sa_mask=[], sa_flags=SA_RESTORER, sa_restorer=0x7fa306ca35b0} <unfinished ...>
27408<bash> 22:19:15 read(3<pipe:[146980]> <unfinished ...>
27437<bash> 22:19:15 <... rt_sigaction resumed>, {sa_handler=SIG_IGN, sa_mask=[], sa_flags=SA_RESTORER, sa_restorer=0x7fa306ca35b0}, 8) = 0
27437<bash> 22:19:15 rt_sigaction(SIGINT, {sa_handler=SIG_DFL, sa_mask=[], sa_flags=SA_RESTORER, sa_restorer=0x7fa306ca35b0}, {sa_handler=0x55e6ca034cf0, sa_mask=[], sa_flags=SA_RESTORER, sa_restorer=0x7fa306ca35b0}, 8) = 0
27437<bash> 22:19:15 rt_sigaction(SIGQUIT, {sa_handler=SIG_DFL, sa_mask=[], sa_flags=SA_RESTORER, sa_restorer=0x7fa306ca35b0}, {sa_handler=SIG_IGN, sa_mask=[], sa_flags=SA_RESTORER, sa_restorer=0x7fa306ca35b0}, 8) = 0
27437<bash> 22:19:15 rt_sigaction(SIGTERM, {sa_handler=SIG_DFL, sa_mask=[], sa_flags=SA_RESTORER, sa_restorer=0x7fa306ca35b0}, {sa_handler=SIG_DFL, sa_mask=[], sa_flags=SA_RESTORER, sa_restorer=0x7fa306ca35b0}, 8) = 0
27437<bash> 22:19:15 rt_sigaction(SIGCHLD, {sa_handler=SIG_DFL, sa_mask=[], sa_flags=SA_RESTORER|SA_RESTART, sa_restorer=0x7fa306ca35b0}, {sa_handler=0x55e6ca0068d0, sa_mask=[], sa_flags=SA_RESTORER|SA_RESTART, sa_restorer=0x7fa306ca35b0}, 8) = 0
27437<bash> 22:19:15 rt_sigaction(SIGCHLD, {sa_handler=0x55e6ca0068d0, sa_mask=[], sa_flags=SA_RESTORER|SA_RESTART, sa_restorer=0x7fa306ca35b0}, {sa_handler=SIG_DFL, sa_mask=[], sa_flags=SA_RESTORER|SA_RESTART, sa_restorer=0x7fa306ca35b0}, 8) = 0
27437<bash> 22:19:15 rt_sigaction(SIGINT, {sa_handler=0x55e6ca0352c0, sa_mask=[], sa_flags=SA_RESTORER, sa_restorer=0x7fa306ca35b0}, {sa_handler=SIG_DFL, sa_mask=[], sa_flags=SA_RESTORER, sa_restorer=0x7fa306ca35b0}, 8) = 0
27437<bash> 22:19:15 dup2(4<pipe:[146980]>, 1</dev/pts/6<char 136:6>>) = 1<pipe:[146980]>
27437<bash> 22:19:15 close(4<pipe:[146980]>) = 0
27437<bash> 22:19:15 close(3<pipe:[146980]>) = 0
27437<bash> 22:19:15 rt_sigprocmask(SIG_BLOCK, NULL, [], 8) = 0
27437<bash> 22:19:15 rt_sigprocmask(SIG_BLOCK, [CHLD], [], 8) = 0
27437<bash> 22:19:15 fcntl(0</dev/pts/6<char 136:6>>, F_GETFD) = 0
27437<bash> 22:19:15 pipe2([3<pipe:[146981]>, 4<pipe:[146981]>], 0) = 0
27437<bash> 22:19:15 rt_sigprocmask(SIG_BLOCK, NULL, [CHLD], 8) = 0
27437<bash> 22:19:15 rt_sigprocmask(SIG_BLOCK, [INT TERM CHLD], [CHLD], 8) = 0
27437<bash> 22:19:15 rt_sigaction(SIGTERM, {sa_handler=SIG_DFL, sa_mask=[], sa_flags=SA_RESTORER, sa_restorer=0x7fa306ca35b0}, {sa_handler=SIG_DFL, sa_mask=[], sa_flags=SA_RESTORER, sa_restorer=0x7fa306ca35b0}, 8) = 0
27437<bash> 22:19:15 rt_sigprocmask(SIG_BLOCK, ~[], [INT TERM CHLD], 8) = 0
27437<bash> 22:19:15 clone(child_stack=NULL, flags=CLONE_CHILD_CLEARTID|CLONE_CHILD_SETTID|SIGCHLD, child_tidptr=0x7fa306c86a10) = 27438<bash>
27438<bash> 22:19:15 set_robust_list(0x7fa306c86a20, 24 <unfinished ...>
27437<bash> 22:19:15 rt_sigprocmask(SIG_SETMASK, [INT TERM CHLD] <unfinished ...>
27438<bash> 22:19:15 <... set_robust_list resumed>) = 0
27437<bash> 22:19:15 <... rt_sigprocmask resumed>, NULL, 8) = 0
27438<bash> 22:19:15 rt_sigprocmask(SIG_SETMASK, [INT TERM CHLD] <unfinished ...>
27437<bash> 22:19:15 rt_sigaction(SIGTERM, {sa_handler=SIG_DFL, sa_mask=[], sa_flags=SA_RESTORER, sa_restorer=0x7fa306ca35b0} <unfinished ...>
27438<bash> 22:19:15 <... rt_sigprocmask resumed>, NULL, 8) = 0
27437<bash> 22:19:15 <... rt_sigaction resumed>, {sa_handler=SIG_DFL, sa_mask=[], sa_flags=SA_RESTORER, sa_restorer=0x7fa306ca35b0}, 8) = 0
27438<bash> 22:19:15 getpid( <unfinished ...>
27437<bash> 22:19:15 rt_sigprocmask(SIG_SETMASK, [CHLD] <unfinished ...>
27438<bash> 22:19:15 <... getpid resumed>) = 27438<bash>
27437<bash> 22:19:15 <... rt_sigprocmask resumed>, NULL, 8) = 0
27438<bash> 22:19:15 rt_sigprocmask(SIG_SETMASK, [] <unfinished ...>
27437<bash> 22:19:15 close(4<pipe:[146981]> <unfinished ...>
27438<bash> 22:19:15 <... rt_sigprocmask resumed>, NULL, 8) = 0
27437<bash> 22:19:15 <... close resumed>) = 0
27438<bash> 22:19:15 rt_sigaction(SIGTSTP, {sa_handler=SIG_DFL, sa_mask=[], sa_flags=SA_RESTORER, sa_restorer=0x7fa306ca35b0} <unfinished ...>
27437<bash> 22:19:15 close(4 <unfinished ...>
27438<bash> 22:19:15 <... rt_sigaction resumed>, {sa_handler=SIG_DFL, sa_mask=[], sa_flags=SA_RESTORER, sa_restorer=0x7fa306ca35b0}, 8) = 0
27437<bash> 22:19:15 <... close resumed>) = -1 EBADF (Bad file descriptor)
27438<bash> 22:19:15 rt_sigaction(SIGTTIN, {sa_handler=SIG_DFL, sa_mask=[], sa_flags=SA_RESTORER, sa_restorer=0x7fa306ca35b0}, {sa_handler=SIG_DFL, sa_mask=[], sa_flags=SA_RESTORER, sa_restorer=0x7fa306ca35b0}, 8) = 0
27437<bash> 22:19:15 rt_sigprocmask(SIG_BLOCK, NULL <unfinished ...>
27438<bash> 22:19:15 rt_sigaction(SIGTTOU, {sa_handler=SIG_DFL, sa_mask=[], sa_flags=SA_RESTORER, sa_restorer=0x7fa306ca35b0} <unfinished ...>
27437<bash> 22:19:15 <... rt_sigprocmask resumed>, [CHLD], 8) = 0
27438<bash> 22:19:15 <... rt_sigaction resumed>, {sa_handler=SIG_DFL, sa_mask=[], sa_flags=SA_RESTORER, sa_restorer=0x7fa306ca35b0}, 8) = 0
27437<bash> 22:19:15 rt_sigprocmask(SIG_BLOCK, [INT TERM CHLD] <unfinished ...>
27438<bash> 22:19:15 rt_sigaction(SIGHUP, {sa_handler=SIG_DFL, sa_mask=[], sa_flags=SA_RESTORER, sa_restorer=0x7fa306ca35b0} <unfinished ...>
27437<bash> 22:19:15 <... rt_sigprocmask resumed>, [CHLD], 8) = 0
27438<bash> 22:19:15 <... rt_sigaction resumed>, NULL, 8) = 0
27437<bash> 22:19:15 rt_sigaction(SIGTERM, {sa_handler=SIG_DFL, sa_mask=[], sa_flags=SA_RESTORER, sa_restorer=0x7fa306ca35b0} <unfinished ...>
27438<bash> 22:19:15 rt_sigaction(SIGILL, {sa_handler=SIG_DFL, sa_mask=[], sa_flags=SA_RESTORER, sa_restorer=0x7fa306ca35b0} <unfinished ...>
27437<bash> 22:19:15 <... rt_sigaction resumed>, {sa_handler=SIG_DFL, sa_mask=[], sa_flags=SA_RESTORER, sa_restorer=0x7fa306ca35b0}, 8) = 0
27438<bash> 22:19:15 <... rt_sigaction resumed>, NULL, 8) = 0
27437<bash> 22:19:15 rt_sigprocmask(SIG_BLOCK, ~[] <unfinished ...>
27438<bash> 22:19:15 rt_sigaction(SIGTRAP, {sa_handler=SIG_DFL, sa_mask=[], sa_flags=SA_RESTORER, sa_restorer=0x7fa306ca35b0} <unfinished ...>
27437<bash> 22:19:15 <... rt_sigprocmask resumed>, [INT TERM CHLD], 8) = 0
27438<bash> 22:19:15 <... rt_sigaction resumed>, NULL, 8) = 0
27437<bash> 22:19:15 clone(child_stack=NULL, flags=CLONE_CHILD_CLEARTID|CLONE_CHILD_SETTID|SIGCHLD <unfinished ...>
27438<bash> 22:19:15 rt_sigprocmask(SIG_BLOCK, ~[], [], 8) = 0
27438<bash> 22:19:15 rt_sigaction(SIGABRT, {sa_handler=SIG_DFL, sa_mask=[], sa_flags=SA_RESTORER, sa_restorer=0x7fa306ca35b0}, NULL, 8) = 0
27437<bash> 22:19:15 <... clone resumed>, child_tidptr=0x7fa306c86a10) = 27439<bash>
27439<bash> 22:19:15 set_robust_list(0x7fa306c86a20, 24 <unfinished ...>
27438<bash> 22:19:15 rt_sigprocmask(SIG_SETMASK, [] <unfinished ...>
27439<bash> 22:19:15 <... set_robust_list resumed>) = 0
27437<bash> 22:19:15 rt_sigprocmask(SIG_SETMASK, [INT TERM CHLD] <unfinished ...>
27438<bash> 22:19:15 <... rt_sigprocmask resumed>, NULL, 8) = 0
27439<bash> 22:19:15 rt_sigprocmask(SIG_SETMASK, [INT TERM CHLD] <unfinished ...>
27437<bash> 22:19:15 <... rt_sigprocmask resumed>, NULL, 8) = 0
27439<bash> 22:19:15 <... rt_sigprocmask resumed>, NULL, 8) = 0
27438<bash> 22:19:15 rt_sigaction(SIGFPE, {sa_handler=SIG_DFL, sa_mask=[], sa_flags=SA_RESTORER, sa_restorer=0x7fa306ca35b0} <unfinished ...>
27437<bash> 22:19:15 rt_sigaction(SIGTERM, {sa_handler=SIG_DFL, sa_mask=[], sa_flags=SA_RESTORER, sa_restorer=0x7fa306ca35b0} <unfinished ...>
27439<bash> 22:19:15 getpid( <unfinished ...>
27438<bash> 22:19:15 <... rt_sigaction resumed>, NULL, 8) = 0
27439<bash> 22:19:15 <... getpid resumed>) = 27439<bash>
27437<bash> 22:19:15 <... rt_sigaction resumed>, {sa_handler=SIG_DFL, sa_mask=[], sa_flags=SA_RESTORER, sa_restorer=0x7fa306ca35b0}, 8) = 0
27439<bash> 22:19:15 rt_sigprocmask(SIG_SETMASK, [] <unfinished ...>
27438<bash> 22:19:15 rt_sigaction(SIGBUS, {sa_handler=SIG_DFL, sa_mask=[], sa_flags=SA_RESTORER, sa_restorer=0x7fa306ca35b0} <unfinished ...>
27439<bash> 22:19:15 <... rt_sigprocmask resumed>, NULL, 8) = 0
27437<bash> 22:19:15 rt_sigprocmask(SIG_SETMASK, [CHLD] <unfinished ...>
27438<bash> 22:19:15 <... rt_sigaction resumed>, NULL, 8) = 0
27439<bash> 22:19:15 rt_sigaction(SIGTSTP, {sa_handler=SIG_DFL, sa_mask=[], sa_flags=SA_RESTORER, sa_restorer=0x7fa306ca35b0} <unfinished ...>
27437<bash> 22:19:15 <... rt_sigprocmask resumed>, NULL, 8) = 0
27439<bash> 22:19:15 <... rt_sigaction resumed>, {sa_handler=SIG_DFL, sa_mask=[], sa_flags=SA_RESTORER, sa_restorer=0x7fa306ca35b0}, 8) = 0
27438<bash> 22:19:15 rt_sigaction(SIGSEGV, {sa_handler=SIG_DFL, sa_mask=[], sa_flags=SA_RESTORER, sa_restorer=0x7fa306ca35b0} <unfinished ...>
27439<bash> 22:19:15 rt_sigaction(SIGTTIN, {sa_handler=SIG_DFL, sa_mask=[], sa_flags=SA_RESTORER, sa_restorer=0x7fa306ca35b0} <unfinished ...>
27437<bash> 22:19:15 close(3<pipe:[146981]> <unfinished ...>
27439<bash> 22:19:15 <... rt_sigaction resumed>, {sa_handler=SIG_DFL, sa_mask=[], sa_flags=SA_RESTORER, sa_restorer=0x7fa306ca35b0}, 8) = 0
27438<bash> 22:19:15 <... rt_sigaction resumed>, NULL, 8) = 0
27439<bash> 22:19:15 rt_sigaction(SIGTTOU, {sa_handler=SIG_DFL, sa_mask=[], sa_flags=SA_RESTORER, sa_restorer=0x7fa306ca35b0} <unfinished ...>
27437<bash> 22:19:15 <... close resumed>) = 0
27439<bash> 22:19:15 <... rt_sigaction resumed>, {sa_handler=SIG_DFL, sa_mask=[], sa_flags=SA_RESTORER, sa_restorer=0x7fa306ca35b0}, 8) = 0
27438<bash> 22:19:15 rt_sigaction(SIGSYS, {sa_handler=SIG_DFL, sa_mask=[], sa_flags=SA_RESTORER, sa_restorer=0x7fa306ca35b0} <unfinished ...>
27437<bash> 22:19:15 rt_sigprocmask(SIG_BLOCK, [CHLD] <unfinished ...>
27439<bash> 22:19:15 rt_sigaction(SIGHUP, {sa_handler=SIG_DFL, sa_mask=[], sa_flags=SA_RESTORER, sa_restorer=0x7fa306ca35b0} <unfinished ...>
27438<bash> 22:19:15 <... rt_sigaction resumed>, NULL, 8) = 0
27439<bash> 22:19:15 <... rt_sigaction resumed>, NULL, 8) = 0
27437<bash> 22:19:15 <... rt_sigprocmask resumed>, [CHLD], 8) = 0
27439<bash> 22:19:15 rt_sigaction(SIGILL, {sa_handler=SIG_DFL, sa_mask=[], sa_flags=SA_RESTORER, sa_restorer=0x7fa306ca35b0} <unfinished ...>
27438<bash> 22:19:15 rt_sigaction(SIGPIPE, {sa_handler=SIG_DFL, sa_mask=[], sa_flags=SA_RESTORER, sa_restorer=0x7fa306ca35b0} <unfinished ...>
27437<bash> 22:19:15 rt_sigprocmask(SIG_SETMASK, [CHLD] <unfinished ...>
27439<bash> 22:19:15 <... rt_sigaction resumed>, NULL, 8) = 0
27438<bash> 22:19:15 <... rt_sigaction resumed>, NULL, 8) = 0
27439<bash> 22:19:15 rt_sigaction(SIGTRAP, {sa_handler=SIG_DFL, sa_mask=[], sa_flags=SA_RESTORER, sa_restorer=0x7fa306ca35b0} <unfinished ...>
27437<bash> 22:19:15 <... rt_sigprocmask resumed>, NULL, 8) = 0
27439<bash> 22:19:15 <... rt_sigaction resumed>, NULL, 8) = 0
27438<bash> 22:19:15 rt_sigaction(SIGALRM, {sa_handler=SIG_DFL, sa_mask=[], sa_flags=SA_RESTORER, sa_restorer=0x7fa306ca35b0} <unfinished ...>
27439<bash> 22:19:15 rt_sigprocmask(SIG_BLOCK, ~[] <unfinished ...>
27437<bash> 22:19:15 rt_sigprocmask(SIG_BLOCK, [CHLD] <unfinished ...>
27439<bash> 22:19:15 <... rt_sigprocmask resumed>, [], 8) = 0
27438<bash> 22:19:15 <... rt_sigaction resumed>, NULL, 8) = 0
27439<bash> 22:19:15 rt_sigaction(SIGABRT, {sa_handler=SIG_DFL, sa_mask=[], sa_flags=SA_RESTORER, sa_restorer=0x7fa306ca35b0} <unfinished ...>
27437<bash> 22:19:15 <... rt_sigprocmask resumed>, [CHLD], 8) = 0
27439<bash> 22:19:15 <... rt_sigaction resumed>, NULL, 8) = 0
27438<bash> 22:19:15 rt_sigaction(SIGXCPU, {sa_handler=SIG_DFL, sa_mask=[], sa_flags=SA_RESTORER, sa_restorer=0x7fa306ca35b0} <unfinished ...>
27439<bash> 22:19:15 rt_sigprocmask(SIG_SETMASK, [] <unfinished ...>
27437<bash> 22:19:15 rt_sigaction(SIGINT, {sa_handler=0x55e6ca002d80, sa_mask=[], sa_flags=SA_RESTORER, sa_restorer=0x7fa306ca35b0} <unfinished ...>
27439<bash> 22:19:15 <... rt_sigprocmask resumed>, NULL, 8) = 0
27438<bash> 22:19:15 <... rt_sigaction resumed>, NULL, 8) = 0
27437<bash> 22:19:15 <... rt_sigaction resumed>, {sa_handler=0x55e6ca0352c0, sa_mask=[], sa_flags=SA_RESTORER, sa_restorer=0x7fa306ca35b0}, 8) = 0
27439<bash> 22:19:15 rt_sigaction(SIGFPE, {sa_handler=SIG_DFL, sa_mask=[], sa_flags=SA_RESTORER, sa_restorer=0x7fa306ca35b0} <unfinished ...>
27438<bash> 22:19:15 rt_sigaction(SIGXFSZ, {sa_handler=SIG_DFL, sa_mask=[], sa_flags=SA_RESTORER, sa_restorer=0x7fa306ca35b0} <unfinished ...>
27437<bash> 22:19:15 wait4(-1 <unfinished ...>
27439<bash> 22:19:15 <... rt_sigaction resumed>, NULL, 8) = 0
27438<bash> 22:19:15 <... rt_sigaction resumed>, NULL, 8) = 0
27439<bash> 22:19:15 rt_sigaction(SIGBUS, {sa_handler=SIG_DFL, sa_mask=[], sa_flags=SA_RESTORER, sa_restorer=0x7fa306ca35b0} <unfinished ...>
27438<bash> 22:19:15 rt_sigaction(SIGVTALRM, {sa_handler=SIG_DFL, sa_mask=[], sa_flags=SA_RESTORER, sa_restorer=0x7fa306ca35b0} <unfinished ...>
27439<bash> 22:19:15 <... rt_sigaction resumed>, NULL, 8) = 0
27438<bash> 22:19:15 <... rt_sigaction resumed>, NULL, 8) = 0
27439<bash> 22:19:15 rt_sigaction(SIGSEGV, {sa_handler=SIG_DFL, sa_mask=[], sa_flags=SA_RESTORER, sa_restorer=0x7fa306ca35b0} <unfinished ...>
27438<bash> 22:19:15 rt_sigaction(SIGUSR1, {sa_handler=SIG_DFL, sa_mask=[], sa_flags=SA_RESTORER, sa_restorer=0x7fa306ca35b0} <unfinished ...>
27439<bash> 22:19:15 <... rt_sigaction resumed>, NULL, 8) = 0
27438<bash> 22:19:15 <... rt_sigaction resumed>, NULL, 8) = 0
27439<bash> 22:19:15 rt_sigaction(SIGSYS, {sa_handler=SIG_DFL, sa_mask=[], sa_flags=SA_RESTORER, sa_restorer=0x7fa306ca35b0} <unfinished ...>
27438<bash> 22:19:15 rt_sigaction(SIGUSR2, {sa_handler=SIG_DFL, sa_mask=[], sa_flags=SA_RESTORER, sa_restorer=0x7fa306ca35b0} <unfinished ...>
27439<bash> 22:19:15 <... rt_sigaction resumed>, NULL, 8) = 0
27438<bash> 22:19:15 <... rt_sigaction resumed>, NULL, 8) = 0
27439<bash> 22:19:15 rt_sigaction(SIGPIPE, {sa_handler=SIG_DFL, sa_mask=[], sa_flags=SA_RESTORER, sa_restorer=0x7fa306ca35b0} <unfinished ...>
27438<bash> 22:19:15 rt_sigaction(SIGINT, {sa_handler=SIG_DFL, sa_mask=[], sa_flags=SA_RESTORER, sa_restorer=0x7fa306ca35b0} <unfinished ...>
27439<bash> 22:19:15 <... rt_sigaction resumed>, NULL, 8) = 0
27438<bash> 22:19:15 <... rt_sigaction resumed>, {sa_handler=0x55e6ca0352c0, sa_mask=[], sa_flags=SA_RESTORER, sa_restorer=0x7fa306ca35b0}, 8) = 0
27439<bash> 22:19:15 rt_sigaction(SIGALRM, {sa_handler=SIG_DFL, sa_mask=[], sa_flags=SA_RESTORER, sa_restorer=0x7fa306ca35b0} <unfinished ...>
27438<bash> 22:19:15 rt_sigaction(SIGQUIT, {sa_handler=SIG_DFL, sa_mask=[], sa_flags=SA_RESTORER, sa_restorer=0x7fa306ca35b0} <unfinished ...>
27439<bash> 22:19:15 <... rt_sigaction resumed>, NULL, 8) = 0
27438<bash> 22:19:15 <... rt_sigaction resumed>, {sa_handler=SIG_DFL, sa_mask=[], sa_flags=SA_RESTORER, sa_restorer=0x7fa306ca35b0}, 8) = 0
27439<bash> 22:19:15 rt_sigaction(SIGXCPU, {sa_handler=SIG_DFL, sa_mask=[], sa_flags=SA_RESTORER, sa_restorer=0x7fa306ca35b0} <unfinished ...>
27438<bash> 22:19:15 rt_sigaction(SIGTERM, {sa_handler=SIG_DFL, sa_mask=[], sa_flags=SA_RESTORER, sa_restorer=0x7fa306ca35b0} <unfinished ...>
27439<bash> 22:19:15 <... rt_sigaction resumed>, NULL, 8) = 0
27438<bash> 22:19:15 <... rt_sigaction resumed>, {sa_handler=SIG_DFL, sa_mask=[], sa_flags=SA_RESTORER, sa_restorer=0x7fa306ca35b0}, 8) = 0
27439<bash> 22:19:15 rt_sigaction(SIGXFSZ, {sa_handler=SIG_DFL, sa_mask=[], sa_flags=SA_RESTORER, sa_restorer=0x7fa306ca35b0} <unfinished ...>
27438<bash> 22:19:15 rt_sigaction(SIGCHLD, {sa_handler=SIG_DFL, sa_mask=[], sa_flags=SA_RESTORER|SA_RESTART, sa_restorer=0x7fa306ca35b0} <unfinished ...>
27439<bash> 22:19:15 <... rt_sigaction resumed>, NULL, 8) = 0
27438<bash> 22:19:15 <... rt_sigaction resumed>, {sa_handler=0x55e6ca0068d0, sa_mask=[], sa_flags=SA_RESTORER|SA_RESTART, sa_restorer=0x7fa306ca35b0}, 8) = 0
27439<bash> 22:19:15 rt_sigaction(SIGVTALRM, {sa_handler=SIG_DFL, sa_mask=[], sa_flags=SA_RESTORER, sa_restorer=0x7fa306ca35b0} <unfinished ...>
27438<bash> 22:19:15 rt_sigaction(SIGINT, {sa_handler=0x55e6ca0352c0, sa_mask=[], sa_flags=SA_RESTORER, sa_restorer=0x7fa306ca35b0} <unfinished ...>
27439<bash> 22:19:15 <... rt_sigaction resumed>, NULL, 8) = 0
27438<bash> 22:19:15 <... rt_sigaction resumed>, {sa_handler=SIG_DFL, sa_mask=[], sa_flags=SA_RESTORER, sa_restorer=0x7fa306ca35b0}, 8) = 0
27439<bash> 22:19:15 rt_sigaction(SIGUSR1, {sa_handler=SIG_DFL, sa_mask=[], sa_flags=SA_RESTORER, sa_restorer=0x7fa306ca35b0} <unfinished ...>
27438<bash> 22:19:15 rt_sigaction(SIGCHLD, {sa_handler=0x55e6ca0068d0, sa_mask=[], sa_flags=SA_RESTORER|SA_RESTART, sa_restorer=0x7fa306ca35b0} <unfinished ...>
27439<bash> 22:19:15 <... rt_sigaction resumed>, NULL, 8) = 0
27438<bash> 22:19:15 <... rt_sigaction resumed>, {sa_handler=SIG_DFL, sa_mask=[], sa_flags=SA_RESTORER|SA_RESTART, sa_restorer=0x7fa306ca35b0}, 8) = 0
27439<bash> 22:19:15 rt_sigaction(SIGUSR2, {sa_handler=SIG_DFL, sa_mask=[], sa_flags=SA_RESTORER, sa_restorer=0x7fa306ca35b0} <unfinished ...>
27438<bash> 22:19:15 rt_sigprocmask(SIG_BLOCK, [CHLD] <unfinished ...>
27439<bash> 22:19:15 <... rt_sigaction resumed>, NULL, 8) = 0
27438<bash> 22:19:15 <... rt_sigprocmask resumed>, [], 8) = 0
27439<bash> 22:19:15 rt_sigaction(SIGINT, {sa_handler=SIG_DFL, sa_mask=[], sa_flags=SA_RESTORER, sa_restorer=0x7fa306ca35b0} <unfinished ...>
27438<bash> 22:19:15 rt_sigprocmask(SIG_SETMASK, [] <unfinished ...>
27439<bash> 22:19:15 <... rt_sigaction resumed>, {sa_handler=0x55e6ca0352c0, sa_mask=[], sa_flags=SA_RESTORER, sa_restorer=0x7fa306ca35b0}, 8) = 0
27438<bash> 22:19:15 <... rt_sigprocmask resumed>, NULL, 8) = 0
27439<bash> 22:19:15 rt_sigaction(SIGQUIT, {sa_handler=SIG_DFL, sa_mask=[], sa_flags=SA_RESTORER, sa_restorer=0x7fa306ca35b0} <unfinished ...>
27438<bash> 22:19:15 close(3<pipe:[146981]> <unfinished ...>
27439<bash> 22:19:15 <... rt_sigaction resumed>, {sa_handler=SIG_DFL, sa_mask=[], sa_flags=SA_RESTORER, sa_restorer=0x7fa306ca35b0}, 8) = 0
27438<bash> 22:19:15 <... close resumed>) = 0
27439<bash> 22:19:15 rt_sigaction(SIGTERM, {sa_handler=SIG_DFL, sa_mask=[], sa_flags=SA_RESTORER, sa_restorer=0x7fa306ca35b0} <unfinished ...>
27438<bash> 22:19:15 dup2(4<pipe:[146981]>, 1<pipe:[146980]> <unfinished ...>
27439<bash> 22:19:15 <... rt_sigaction resumed>, {sa_handler=SIG_DFL, sa_mask=[], sa_flags=SA_RESTORER, sa_restorer=0x7fa306ca35b0}, 8) = 0
27438<bash> 22:19:15 <... dup2 resumed>) = 1<pipe:[146981]>
27439<bash> 22:19:15 rt_sigaction(SIGCHLD, {sa_handler=SIG_DFL, sa_mask=[], sa_flags=SA_RESTORER|SA_RESTART, sa_restorer=0x7fa306ca35b0} <unfinished ...>
27438<bash> 22:19:15 close(4<pipe:[146981]> <unfinished ...>
27439<bash> 22:19:15 <... rt_sigaction resumed>, {sa_handler=0x55e6ca0068d0, sa_mask=[], sa_flags=SA_RESTORER|SA_RESTART, sa_restorer=0x7fa306ca35b0}, 8) = 0
27438<bash> 22:19:15 <... close resumed>) = 0
27439<bash> 22:19:15 rt_sigaction(SIGINT, {sa_handler=0x55e6ca0352c0, sa_mask=[], sa_flags=SA_RESTORER, sa_restorer=0x7fa306ca35b0} <unfinished ...>
27438<bash> 22:19:15 rt_sigprocmask(SIG_BLOCK, [CHLD] <unfinished ...>
27439<bash> 22:19:15 <... rt_sigaction resumed>, {sa_handler=SIG_DFL, sa_mask=[], sa_flags=SA_RESTORER, sa_restorer=0x7fa306ca35b0}, 8) = 0
27438<bash> 22:19:15 <... rt_sigprocmask resumed>, [], 8) = 0
27439<bash> 22:19:15 rt_sigaction(SIGCHLD, {sa_handler=0x55e6ca0068d0, sa_mask=[], sa_flags=SA_RESTORER|SA_RESTART, sa_restorer=0x7fa306ca35b0} <unfinished ...>
27438<bash> 22:19:15 rt_sigprocmask(SIG_SETMASK, [] <unfinished ...>
27439<bash> 22:19:15 <... rt_sigaction resumed>, {sa_handler=SIG_DFL, sa_mask=[], sa_flags=SA_RESTORER|SA_RESTART, sa_restorer=0x7fa306ca35b0}, 8) = 0
27438<bash> 22:19:15 <... rt_sigprocmask resumed>, NULL, 8) = 0
27439<bash> 22:19:15 rt_sigprocmask(SIG_BLOCK, [CHLD], [], 8) = 0
27439<bash> 22:19:15 rt_sigprocmask(SIG_SETMASK, [], NULL, 8) = 0
27439<bash> 22:19:15 rt_sigprocmask(SIG_BLOCK, [CHLD] <unfinished ...>
27438<bash> 22:19:15 write(1<pipe:[146981]>, "/home/catastor/.local/share/flat"..., 36 <unfinished ...>
27439<bash> 22:19:15 <... rt_sigprocmask resumed>, [], 8) = 0
27438<bash> 22:19:15 <... write resumed>) = 36
27439<bash> 22:19:15 rt_sigprocmask(SIG_SETMASK, [], NULL, 8) = 0
27438<bash> 22:19:15 newfstatat(AT_FDCWD</home/catastor>, "." <unfinished ...>
27439<bash> 22:19:15 dup2(3<pipe:[146981]>, 0</dev/pts/6<char 136:6>> <unfinished ...>
27438<bash> 22:19:15 <... newfstatat resumed>, {st_mode=S_IFDIR|0700, st_size=716, ...}, 0) = 0
27439<bash> 22:19:15 <... dup2 resumed>) = 0<pipe:[146981]>
27438<bash> 22:19:15 newfstatat(AT_FDCWD</home/catastor>, "/usr/local/bin/flatpak" <unfinished ...>
27439<bash> 22:19:15 close(3<pipe:[146981]> <unfinished ...>
27438<bash> 22:19:15 <... newfstatat resumed>, 0x7ffee29a82c0, 0) = -1 ENOENT (No such file or directory)
27439<bash> 22:19:15 <... close resumed>) = 0
27438<bash> 22:19:15 newfstatat(AT_FDCWD</home/catastor>, "/usr/bin/flatpak" <unfinished ...>
27439<bash> 22:19:15 rt_sigprocmask(SIG_BLOCK, [CHLD] <unfinished ...>
27438<bash> 22:19:15 <... newfstatat resumed>, {st_mode=S_IFREG|0755, st_size=1692696, ...}, 0) = 0
27439<bash> 22:19:15 <... rt_sigprocmask resumed>, [], 8) = 0
27438<bash> 22:19:15 newfstatat(AT_FDCWD</home/catastor>, "/usr/bin/flatpak" <unfinished ...>
27439<bash> 22:19:15 rt_sigprocmask(SIG_SETMASK, [] <unfinished ...>
27438<bash> 22:19:15 <... newfstatat resumed>, {st_mode=S_IFREG|0755, st_size=1692696, ...}, 0) = 0
27439<bash> 22:19:15 <... rt_sigprocmask resumed>, NULL, 8) = 0
27438<bash> 22:19:15 geteuid()          = 1000
27438<bash> 22:19:15 getegid()          = 1000
27439<bash> 22:19:15 rt_sigprocmask(SIG_BLOCK, NULL <unfinished ...>
27438<bash> 22:19:15 getuid( <unfinished ...>
27439<bash> 22:19:15 <... rt_sigprocmask resumed>, [], 8) = 0
27438<bash> 22:19:15 <... getuid resumed>) = 1000
27439<bash> 22:19:15 rt_sigprocmask(SIG_SETMASK, NULL <unfinished ...>
27438<bash> 22:19:15 getgid( <unfinished ...>
27439<bash> 22:19:15 <... rt_sigprocmask resumed>, [], 8) = 0
27438<bash> 22:19:15 <... getgid resumed>) = 1000
27439<bash> 22:19:15 ioctl(0<pipe:[146981]>, TCGETS2 <unfinished ...>
27438<bash> 22:19:15 access("/usr/bin/flatpak", X_OK <unfinished ...>
27439<bash> 22:19:15 <... ioctl resumed>, 0x7ffee29a7f50) = -1 ENOTTY (Inappropriate ioctl for device)
27438<bash> 22:19:15 <... access resumed>) = 0
27439<bash> 22:19:15 lseek(0<pipe:[146981]>, 0, SEEK_CUR <unfinished ...>
27438<bash> 22:19:15 newfstatat(AT_FDCWD</home/catastor>, "/usr/bin/flatpak" <unfinished ...>
27439<bash> 22:19:15 <... lseek resumed>) = -1 ESPIPE (Illegal seek)
27438<bash> 22:19:15 <... newfstatat resumed>, {st_mode=S_IFREG|0755, st_size=1692696, ...}, 0) = 0
27439<bash> 22:19:15 read(0<pipe:[146981]> <unfinished ...>
27438<bash> 22:19:15 geteuid( <unfinished ...>
27439<bash> 22:19:15 <... read resumed>, "/", 1) = 1
27438<bash> 22:19:15 <... geteuid resumed>) = 1000
27439<bash> 22:19:15 read(0<pipe:[146981]> <unfinished ...>
27438<bash> 22:19:15 getegid( <unfinished ...>
27439<bash> 22:19:15 <... read resumed>, "h", 1) = 1
27438<bash> 22:19:15 <... getegid resumed>) = 1000
27439<bash> 22:19:15 read(0<pipe:[146981]> <unfinished ...>
27438<bash> 22:19:15 getuid( <unfinished ...>
27439<bash> 22:19:15 <... read resumed>, "o", 1) = 1
27438<bash> 22:19:15 <... getuid resumed>) = 1000
27439<bash> 22:19:15 read(0<pipe:[146981]> <unfinished ...>
27438<bash> 22:19:15 getgid( <unfinished ...>
27439<bash> 22:19:15 <... read resumed>, "m", 1) = 1
27438<bash> 22:19:15 <... getgid resumed>) = 1000
27439<bash> 22:19:15 read(0<pipe:[146981]> <unfinished ...>
27438<bash> 22:19:15 access("/usr/bin/flatpak", R_OK <unfinished ...>
27439<bash> 22:19:15 <... read resumed>, "e", 1) = 1
27438<bash> 22:19:15 <... access resumed>) = 0
27439<bash> 22:19:15 read(0<pipe:[146981]>, "/", 1) = 1
27439<bash> 22:19:15 read(0<pipe:[146981]> <unfinished ...>
27438<bash> 22:19:15 rt_sigaction(SIGINT, {sa_handler=SIG_DFL, sa_mask=[], sa_flags=SA_RESTORER, sa_restorer=0x7fa306ca35b0} <unfinished ...>
27439<bash> 22:19:15 <... read resumed>, "c", 1) = 1
27438<bash> 22:19:15 <... rt_sigaction resumed>, {sa_handler=0x55e6ca0352c0, sa_mask=[], sa_flags=SA_RESTORER, sa_restorer=0x7fa306ca35b0}, 8) = 0
27439<bash> 22:19:15 read(0<pipe:[146981]> <unfinished ...>
27438<bash> 22:19:15 rt_sigaction(SIGQUIT, {sa_handler=SIG_DFL, sa_mask=[], sa_flags=SA_RESTORER, sa_restorer=0x7fa306ca35b0} <unfinished ...>
27439<bash> 22:19:15 <... read resumed>, "a", 1) = 1
27438<bash> 22:19:15 <... rt_sigaction resumed>, {sa_handler=SIG_DFL, sa_mask=[], sa_flags=SA_RESTORER, sa_restorer=0x7fa306ca35b0}, 8) = 0
27439<bash> 22:19:15 read(0<pipe:[146981]> <unfinished ...>
27438<bash> 22:19:15 rt_sigaction(SIGTERM, {sa_handler=SIG_DFL, sa_mask=[], sa_flags=SA_RESTORER, sa_restorer=0x7fa306ca35b0} <unfinished ...>
27439<bash> 22:19:15 <... read resumed>, "t", 1) = 1
27438<bash> 22:19:15 <... rt_sigaction resumed>, {sa_handler=SIG_DFL, sa_mask=[], sa_flags=SA_RESTORER, sa_restorer=0x7fa306ca35b0}, 8) = 0
27439<bash> 22:19:15 read(0<pipe:[146981]> <unfinished ...>
27438<bash> 22:19:15 rt_sigaction(SIGCHLD, {sa_handler=SIG_DFL, sa_mask=[], sa_flags=SA_RESTORER|SA_RESTART, sa_restorer=0x7fa306ca35b0} <unfinished ...>
27439<bash> 22:19:15 <... read resumed>, "a", 1) = 1
27438<bash> 22:19:15 <... rt_sigaction resumed>, {sa_handler=0x55e6ca0068d0, sa_mask=[], sa_flags=SA_RESTORER|SA_RESTART, sa_restorer=0x7fa306ca35b0}, 8) = 0
27439<bash> 22:19:15 read(0<pipe:[146981]> <unfinished ...>
27438<bash> 22:19:15 execve("/usr/bin/flatpak", ["flatpak", "--installations"], 0x55e6cc5a87c0 /* 30 vars */ <unfinished ...>
27439<bash> 22:19:15 <... read resumed>, "s", 1) = 1
27439<bash> 22:19:15 read(0<pipe:[146981]>, "t", 1) = 1
27439<bash> 22:19:15 read(0<pipe:[146981]>, "o", 1) = 1
27439<bash> 22:19:15 read(0<pipe:[146981]>, "r", 1) = 1
27438<flatpak> 22:19:15 <... execve resumed>) = 0
27439<bash> 22:19:15 read(0<pipe:[146981]>, "/", 1) = 1
27438<flatpak> 22:19:15 brk(NULL <unfinished ...>
27439<bash> 22:19:15 read(0<pipe:[146981]> <unfinished ...>
27438<flatpak> 22:19:15 <... brk resumed>) = 0x563542fdc000
27439<bash> 22:19:15 <... read resumed>, ".", 1) = 1
27439<bash> 22:19:15 read(0<pipe:[146981]> <unfinished ...>
27438<flatpak> 22:19:15 access("/etc/ld.so.preload", R_OK <unfinished ...>
27439<bash> 22:19:15 <... read resumed>, "l", 1) = 1
27438<flatpak> 22:19:15 <... access resumed>) = -1 ENOENT (No such file or directory)
27439<bash> 22:19:15 read(0<pipe:[146981]> <unfinished ...>
27438<flatpak> 22:19:15 openat(AT_FDCWD</home/catastor>, "/etc/ld.so.cache", O_RDONLY|O_CLOEXEC <unfinished ...>
27439<bash> 22:19:15 <... read resumed>, "o", 1) = 1
27438<flatpak> 22:19:15 <... openat resumed>) = 3</etc/ld.so.cache>
27439<bash> 22:19:15 read(0<pipe:[146981]> <unfinished ...>
27438<flatpak> 22:19:15 fstat(3</etc/ld.so.cache> <unfinished ...>
27439<bash> 22:19:15 <... read resumed>, "c", 1) = 1
27438<flatpak> 22:19:15 <... fstat resumed>, {st_mode=S_IFREG|0644, st_size=74499, ...}) = 0
27439<bash> 22:19:15 read(0<pipe:[146981]> <unfinished ...>
27438<flatpak> 22:19:15 mmap(NULL, 74499, PROT_READ, MAP_PRIVATE, 3</etc/ld.so.cache>, 0 <unfinished ...>
27439<bash> 22:19:15 <... read resumed>, "a", 1) = 1
27438<flatpak> 22:19:15 <... mmap resumed>) = 0x7f673ae18000
27439<bash> 22:19:15 read(0<pipe:[146981]> <unfinished ...>
27438<flatpak> 22:19:15 close(3</etc/ld.so.cache> <unfinished ...>
27439<bash> 22:19:15 <... read resumed>, "l", 1) = 1
27438<flatpak> 22:19:15 <... close resumed>) = 0
27439<bash> 22:19:15 read(0<pipe:[146981]> <unfinished ...>
27438<flatpak> 22:19:15 openat(AT_FDCWD</home/catastor>, "/lib64/libglib-2.0.so.0", O_RDONLY|O_CLOEXEC <unfinished ...>
27439<bash> 22:19:15 <... read resumed>, "/", 1) = 1
27438<flatpak> 22:19:15 <... openat resumed>) = 3</usr/lib64/libglib-2.0.so.0.8800.0>
27439<bash> 22:19:15 read(0<pipe:[146981]> <unfinished ...>
27438<flatpak> 22:19:15 read(3</usr/lib64/libglib-2.0.so.0.8800.0> <unfinished ...>
27439<bash> 22:19:15 <... read resumed>, "s", 1) = 1
27438<flatpak> 22:19:15 <... read resumed>, "\177ELF\2\1\1\0\0\0\0\0\0\0\0\0\3\0>\0\1\0\0\0\0\0\0\0\0\0\0\0"..., 832) = 832
27439<bash> 22:19:15 read(0<pipe:[146981]> <unfinished ...>
27438<flatpak> 22:19:15 fstat(3</usr/lib64/libglib-2.0.so.0.8800.0> <unfinished ...>
27439<bash> 22:19:15 <... read resumed>, "h", 1) = 1
27438<flatpak> 22:19:15 <... fstat resumed>, {st_mode=S_IFREG|0755, st_size=1469656, ...}) = 0
27439<bash> 22:19:15 read(0<pipe:[146981]> <unfinished ...>
27438<flatpak> 22:19:15 mmap(NULL, 8192, PROT_READ|PROT_WRITE, MAP_PRIVATE|MAP_ANONYMOUS, -1, 0 <unfinished ...>
27439<bash> 22:19:15 <... read resumed>, "a", 1) = 1
27438<flatpak> 22:19:15 <... mmap resumed>) = 0x7f673ae16000
27439<bash> 22:19:15 read(0<pipe:[146981]> <unfinished ...>
27438<flatpak> 22:19:15 mmap(NULL, 1446568, PROT_READ|PROT_EXEC, MAP_PRIVATE|MAP_DENYWRITE, 3</usr/lib64/libglib-2.0.so.0.8800.0>, 0 <unfinished ...>
27439<bash> 22:19:15 <... read resumed>, "r", 1) = 1
27438<flatpak> 22:19:15 <... mmap resumed>) = 0x7f673acb4000
27439<bash> 22:19:15 read(0<pipe:[146981]> <unfinished ...>
27438<flatpak> 22:19:15 mmap(0x7f673ad61000, 729088, PROT_READ, MAP_PRIVATE|MAP_FIXED|MAP_DENYWRITE, 3</usr/lib64/libglib-2.0.so.0.8800.0>, 0xad000 <unfinished ...>
27439<bash> 22:19:15 <... read resumed>, "e", 1) = 1
27439<bash> 22:19:15 read(0<pipe:[146981]> <unfinished ...>
27438<flatpak> 22:19:15 <... mmap resumed>) = 0x7f673ad61000
27439<bash> 22:19:15 <... read resumed>, "/", 1) = 1
27438<flatpak> 22:19:15 mmap(0x7f673ae13000, 8192, PROT_READ|PROT_WRITE, MAP_PRIVATE|MAP_FIXED|MAP_DENYWRITE, 3</usr/lib64/libglib-2.0.so.0.8800.0>, 0x15f000 <unfinished ...>
27439<bash> 22:19:15 read(0<pipe:[146981]> <unfinished ...>
27438<flatpak> 22:19:15 <... mmap resumed>) = 0x7f673ae13000
27439<bash> 22:19:15 <... read resumed>, "f", 1) = 1
27438<flatpak> 22:19:15 mmap(0x7f673ae15000, 680, PROT_READ|PROT_WRITE, MAP_PRIVATE|MAP_FIXED|MAP_ANONYMOUS, -1, 0 <unfinished ...>
27439<bash> 22:19:15 read(0<pipe:[146981]> <unfinished ...>
27438<flatpak> 22:19:15 <... mmap resumed>) = 0x7f673ae15000
27439<bash> 22:19:15 <... read resumed>, "l", 1) = 1
27438<flatpak> 22:19:15 close(3</usr/lib64/libglib-2.0.so.0.8800.0> <unfinished ...>
27439<bash> 22:19:15 read(0<pipe:[146981]> <unfinished ...>
27438<flatpak> 22:19:15 <... close resumed>) = 0
27439<bash> 22:19:15 <... read resumed>, "a", 1) = 1
27438<flatpak> 22:19:15 openat(AT_FDCWD</home/catastor>, "/lib64/libgio-2.0.so.0", O_RDONLY|O_CLOEXEC <unfinished ...>
27439<bash> 22:19:15 read(0<pipe:[146981]> <unfinished ...>
27438<flatpak> 22:19:15 <... openat resumed>) = 3</usr/lib64/libgio-2.0.so.0.8800.0>
27439<bash> 22:19:15 <... read resumed>, "t", 1) = 1
27438<flatpak> 22:19:15 read(3</usr/lib64/libgio-2.0.so.0.8800.0> <unfinished ...>
27439<bash> 22:19:15 read(0<pipe:[146981]> <unfinished ...>
27438<flatpak> 22:19:15 <... read resumed>, "\177ELF\2\1\1\0\0\0\0\0\0\0\0\0\3\0>\0\1\0\0\0\0\0\0\0\0\0\0\0"..., 832) = 832
27439<bash> 22:19:15 <... read resumed>, "p", 1) = 1
27438<flatpak> 22:19:15 fstat(3</usr/lib64/libgio-2.0.so.0.8800.0> <unfinished ...>
27439<bash> 22:19:15 read(0<pipe:[146981]> <unfinished ...>
27438<flatpak> 22:19:15 <... fstat resumed>, {st_mode=S_IFREG|0755, st_size=2049680, ...}) = 0
27439<bash> 22:19:15 <... read resumed>, "a", 1) = 1
27438<flatpak> 22:19:15 mmap(NULL, 2020648, PROT_READ|PROT_EXEC, MAP_PRIVATE|MAP_DENYWRITE, 3</usr/lib64/libgio-2.0.so.0.8800.0>, 0 <unfinished ...>
27439<bash> 22:19:15 read(0<pipe:[146981]> <unfinished ...>
27438<flatpak> 22:19:15 <... mmap resumed>) = 0x7f673aac6000
27439<bash> 22:19:15 <... read resumed>, "k", 1) = 1
27438<flatpak> 22:19:15 mmap(0x7f673abf5000, 733184, PROT_READ, MAP_PRIVATE|MAP_FIXED|MAP_DENYWRITE, 3</usr/lib64/libgio-2.0.so.0.8800.0>, 0x12f000 <unfinished ...>
27439<bash> 22:19:15 read(0<pipe:[146981]> <unfinished ...>
27438<flatpak> 22:19:15 <... mmap resumed>) = 0x7f673abf5000
27439<bash> 22:19:15 <... read resumed>, "\n", 1) = 1
27438<flatpak> 22:19:15 mmap(0x7f673aca8000, 40960, PROT_READ|PROT_WRITE, MAP_PRIVATE|MAP_FIXED|MAP_DENYWRITE, 3</usr/lib64/libgio-2.0.so.0.8800.0>, 0x1e2000) = 0x7f673aca8000
27439<bash> 22:19:15 rt_sigprocmask(SIG_BLOCK, NULL <unfinished ...>
27438<flatpak> 22:19:15 mmap(0x7f673acb2000, 5416, PROT_READ|PROT_WRITE, MAP_PRIVATE|MAP_FIXED|MAP_ANONYMOUS, -1, 0 <unfinished ...>
27439<bash> 22:19:15 <... rt_sigprocmask resumed>, [], 8) = 0
27438<flatpak> 22:19:15 <... mmap resumed>) = 0x7f673acb2000
27439<bash> 22:19:15 rt_sigprocmask(SIG_SETMASK, NULL <unfinished ...>
27438<flatpak> 22:19:15 close(3</usr/lib64/libgio-2.0.so.0.8800.0> <unfinished ...>
27439<bash> 22:19:15 <... rt_sigprocmask resumed>, [], 8) = 0
27438<flatpak> 22:19:15 <... close resumed>) = 0
27439<bash> 22:19:15 ioctl(0<pipe:[146981]>, TCGETS2 <unfinished ...>
27438<flatpak> 22:19:15 openat(AT_FDCWD</home/catastor>, "/lib64/libgobject-2.0.so.0", O_RDONLY|O_CLOEXEC <unfinished ...>
27439<bash> 22:19:15 <... ioctl resumed>, 0x7ffee29a7f50) = -1 ENOTTY (Inappropriate ioctl for device)
27439<bash> 22:19:15 lseek(0<pipe:[146981]>, 0, SEEK_CUR <unfinished ...>
27438<flatpak> 22:19:15 <... openat resumed>) = 3</usr/lib64/libgobject-2.0.so.0.8800.0>
27439<bash> 22:19:15 <... lseek resumed>) = -1 ESPIPE (Illegal seek)
27438<flatpak> 22:19:15 read(3</usr/lib64/libgobject-2.0.so.0.8800.0> <unfinished ...>
27439<bash> 22:19:15 read(0<pipe:[146981]> <unfinished ...>
27438<flatpak> 22:19:15 <... read resumed>, "\177ELF\2\1\1\0\0\0\0\0\0\0\0\0\3\0>\0\1\0\0\0\0\0\0\0\0\0\0\0"..., 832) = 832
27438<flatpak> 22:19:15 fstat(3</usr/lib64/libgobject-2.0.so.0.8800.0>, {st_mode=S_IFREG|0755, st_size=405072, ...}) = 0
27438<flatpak> 22:19:15 mmap(NULL, 396320, PROT_READ|PROT_EXEC, MAP_PRIVATE|MAP_DENYWRITE, 3</usr/lib64/libgobject-2.0.so.0.8800.0>, 0) = 0x7f673aa65000
27438<flatpak> 22:19:15 mmap(0x7f673aa9e000, 147456, PROT_READ, MAP_PRIVATE|MAP_FIXED|MAP_DENYWRITE, 3</usr/lib64/libgobject-2.0.so.0.8800.0>, 0x39000) = 0x7f673aa9e000
27438<flatpak> 22:19:15 mmap(0x7f673aac2000, 16384, PROT_READ|PROT_WRITE, MAP_PRIVATE|MAP_FIXED|MAP_DENYWRITE, 3</usr/lib64/libgobject-2.0.so.0.8800.0>, 0x5d000) = 0x7f673aac2000
27438<flatpak> 22:19:15 close(3</usr/lib64/libgobject-2.0.so.0.8800.0>) = 0
27438<flatpak> 22:19:15 openat(AT_FDCWD</home/catastor>, "/lib64/libappstream.so.5", O_RDONLY|O_CLOEXEC) = 3</usr/lib64/libappstream.so.1.1.0>
27438<flatpak> 22:19:15 read(3</usr/lib64/libappstream.so.1.1.0>, "\177ELF\2\1\1\0\0\0\0\0\0\0\0\0\3\0>\0\1\0\0\0\0\0\0\0\0\0\0\0"..., 832) = 832
27438<flatpak> 22:19:15 fstat(3</usr/lib64/libappstream.so.1.1.0>, {st_mode=S_IFREG|0755, st_size=760456, ...}) = 0
27438<flatpak> 22:19:15 mmap(NULL, 754464, PROT_READ|PROT_EXEC, MAP_PRIVATE|MAP_DENYWRITE, 3</usr/lib64/libappstream.so.1.1.0>, 0) = 0x7f673a9ac000
27438<flatpak> 22:19:15 mmap(0x7f673aa08000, 315392, PROT_READ, MAP_PRIVATE|MAP_FIXED|MAP_DENYWRITE, 3</usr/lib64/libappstream.so.1.1.0>, 0x5c000) = 0x7f673aa08000
27438<flatpak> 22:19:15 mmap(0x7f673aa55000, 61440, PROT_READ|PROT_WRITE, MAP_PRIVATE|MAP_FIXED|MAP_DENYWRITE, 3</usr/lib64/libappstream.so.1.1.0>, 0xa8000) = 0x7f673aa55000
27438<flatpak> 22:19:15 mmap(0x7f673aa64000, 800, PROT_READ|PROT_WRITE, MAP_PRIVATE|MAP_FIXED|MAP_ANONYMOUS, -1, 0) = 0x7f673aa64000
27438<flatpak> 22:19:15 close(3</usr/lib64/libappstream.so.1.1.0>) = 0
27438<flatpak> 22:19:15 openat(AT_FDCWD</home/catastor>, "/lib64/libjson-glib-1.0.so.0", O_RDONLY|O_CLOEXEC) = 3</usr/lib64/libjson-glib-1.0.so.0.1000.8>
27438<flatpak> 22:19:15 read(3</usr/lib64/libjson-glib-1.0.so.0.1000.8>, "\177ELF\2\1\1\0\0\0\0\0\0\0\0\0\3\0>\0\1\0\0\0\0\0\0\0\0\0\0\0"..., 832) = 832
27438<flatpak> 22:19:15 fstat(3</usr/lib64/libjson-glib-1.0.so.0.1000.8>, {st_mode=S_IFREG|0755, st_size=182536, ...}) = 0
27438<flatpak> 22:19:15 mmap(NULL, 176608, PROT_READ|PROT_EXEC, MAP_PRIVATE|MAP_DENYWRITE, 3</usr/lib64/libjson-glib-1.0.so.0.1000.8>, 0) = 0x7f673a980000
27438<flatpak> 22:19:15 mmap(0x7f673a999000, 69632, PROT_READ, MAP_PRIVATE|MAP_FIXED|MAP_DENYWRITE, 3</usr/lib64/libjson-glib-1.0.so.0.1000.8>, 0x19000) = 0x7f673a999000
27438<flatpak> 22:19:15 mmap(0x7f673a9aa000, 4096, PROT_READ|PROT_WRITE, MAP_PRIVATE|MAP_FIXED|MAP_DENYWRITE, 3</usr/lib64/libjson-glib-1.0.so.0.1000.8>, 0x2a000) = 0x7f673a9aa000
27438<flatpak> 22:19:15 mmap(0x7f673a9ab000, 480, PROT_READ|PROT_WRITE, MAP_PRIVATE|MAP_FIXED|MAP_ANONYMOUS, -1, 0) = 0x7f673a9ab000
27438<flatpak> 22:19:15 close(3</usr/lib64/libjson-glib-1.0.so.0.1000.8>) = 0
27438<flatpak> 22:19:15 openat(AT_FDCWD</home/catastor>, "/lib64/libostree-1.so.1", O_RDONLY|O_CLOEXEC) = 3</usr/lib64/libostree-1.so.1.0.0>
27438<flatpak> 22:19:15 read(3</usr/lib64/libostree-1.so.1.0.0>, "\177ELF\2\1\1\0\0\0\0\0\0\0\0\0\3\0>\0\1\0\0\0\0\0\0\0\0\0\0\0"..., 832) = 832
27438<flatpak> 22:19:15 fstat(3</usr/lib64/libostree-1.so.1.0.0>, {st_mode=S_IFREG|0755, st_size=1145808, ...}) = 0
27438<flatpak> 22:19:15 mmap(NULL, 1123808, PROT_READ|PROT_EXEC, MAP_PRIVATE|MAP_DENYWRITE, 3</usr/lib64/libostree-1.so.1.0.0>, 0) = 0x7f673a86d000
27438<flatpak> 22:19:15 mmap(0x7f673a928000, 344064, PROT_READ, MAP_PRIVATE|MAP_FIXED|MAP_DENYWRITE, 3</usr/lib64/libostree-1.so.1.0.0>, 0xbb000) = 0x7f673a928000
27438<flatpak> 22:19:15 mmap(0x7f673a97c000, 16384, PROT_READ|PROT_WRITE, MAP_PRIVATE|MAP_FIXED|MAP_DENYWRITE, 3</usr/lib64/libostree-1.so.1.0.0>, 0x10f000) = 0x7f673a97c000
27438<flatpak> 22:19:15 close(3</usr/lib64/libostree-1.so.1.0.0>) = 0
27438<flatpak> 22:19:15 openat(AT_FDCWD</home/catastor>, "/lib64/libsystemd.so.0", O_RDONLY|O_CLOEXEC) = 3</usr/lib64/libsystemd.so.0.42.0>
27438<flatpak> 22:19:15 read(3</usr/lib64/libsystemd.so.0.42.0>, "\177ELF\2\1\1\0\0\0\0\0\0\0\0\0\3\0>\0\1\0\0\0\0\0\0\0\0\0\0\0"..., 832) = 832
27438<flatpak> 22:19:15 fstat(3</usr/lib64/libsystemd.so.0.42.0>, {st_mode=S_IFREG|0755, st_size=1300528, ...}) = 0
27438<flatpak> 22:19:15 mmap(NULL, 8192, PROT_READ|PROT_WRITE, MAP_PRIVATE|MAP_ANONYMOUS, -1, 0) = 0x7f673a86b000
27438<flatpak> 22:19:15 mmap(NULL, 1275984, PROT_READ|PROT_EXEC, MAP_PRIVATE|MAP_DENYWRITE, 3</usr/lib64/libsystemd.so.0.42.0>, 0) = 0x7f673a733000
27438<flatpak> 22:19:15 mmap(0x7f673a803000, 380928, PROT_READ, MAP_PRIVATE|MAP_FIXED|MAP_DENYWRITE, 3</usr/lib64/libsystemd.so.0.42.0>, 0xd0000) = 0x7f673a803000
27438<flatpak> 22:19:15 mmap(0x7f673a860000, 40960, PROT_READ|PROT_WRITE, MAP_PRIVATE|MAP_FIXED|MAP_DENYWRITE, 3</usr/lib64/libsystemd.so.0.42.0>, 0x12d000) = 0x7f673a860000
27438<flatpak> 22:19:15 mmap(0x7f673a86a000, 2128, PROT_READ|PROT_WRITE, MAP_PRIVATE|MAP_FIXED|MAP_ANONYMOUS, -1, 0) = 0x7f673a86a000
27438<flatpak> 22:19:15 close(3</usr/lib64/libsystemd.so.0.42.0>) = 0
27438<flatpak> 22:19:15 openat(AT_FDCWD</home/catastor>, "/lib64/libpolkit-agent-1.so.0", O_RDONLY|O_CLOEXEC) = 3</usr/lib64/libpolkit-agent-1.so.0.0.0>
27438<flatpak> 22:19:15 read(3</usr/lib64/libpolkit-agent-1.so.0.0.0>, "\177ELF\2\1\1\0\0\0\0\0\0\0\0\0\3\0>\0\1\0\0\0\0\0\0\0\0\0\0\0"..., 832) = 832
27438<flatpak> 22:19:15 fstat(3</usr/lib64/libpolkit-agent-1.so.0.0.0>, {st_mode=S_IFREG|0755, st_size=52776, ...}) = 0
27438<flatpak> 22:19:15 mmap(NULL, 53344, PROT_READ|PROT_EXEC, MAP_PRIVATE|MAP_DENYWRITE, 3</usr/lib64/libpolkit-agent-1.so.0.0.0>, 0) = 0x7f673a725000
27438<flatpak> 22:19:15 mmap(0x7f673a72b000, 24576, PROT_READ, MAP_PRIVATE|MAP_FIXED|MAP_DENYWRITE, 3</usr/lib64/libpolkit-agent-1.so.0.0.0>, 0x6000) = 0x7f673a72b000
27438<flatpak> 22:19:15 mmap(0x7f673a731000, 4096, PROT_READ|PROT_WRITE, MAP_PRIVATE|MAP_FIXED|MAP_DENYWRITE, 3</usr/lib64/libpolkit-agent-1.so.0.0.0>, 0xb000) = 0x7f673a731000
27438<flatpak> 22:19:15 mmap(0x7f673a732000, 96, PROT_READ|PROT_WRITE, MAP_PRIVATE|MAP_FIXED|MAP_ANONYMOUS, -1, 0) = 0x7f673a732000
27438<flatpak> 22:19:15 close(3</usr/lib64/libpolkit-agent-1.so.0.0.0>) = 0
27438<flatpak> 22:19:15 openat(AT_FDCWD</home/catastor>, "/lib64/libpolkit-gobject-1.so.0", O_RDONLY|O_CLOEXEC) = 3</usr/lib64/libpolkit-gobject-1.so.0.0.0>
27438<flatpak> 22:19:15 read(3</usr/lib64/libpolkit-gobject-1.so.0.0.0>, "\177ELF\2\1\1\0\0\0\0\0\0\0\0\0\3\0>\0\1\0\0\0\0\0\0\0\0\0\0\0"..., 832) = 832
27438<flatpak> 22:19:15 fstat(3</usr/lib64/libpolkit-gobject-1.so.0.0.0>, {st_mode=S_IFREG|0755, st_size=147928, ...}) = 0
27438<flatpak> 22:19:15 mmap(NULL, 147840, PROT_READ|PROT_EXEC, MAP_PRIVATE|MAP_DENYWRITE, 3</usr/lib64/libpolkit-gobject-1.so.0.0.0>, 0) = 0x7f673a700000
27438<flatpak> 22:19:15 mmap(0x7f673a712000, 65536, PROT_READ, MAP_PRIVATE|MAP_FIXED|MAP_DENYWRITE, 3</usr/lib64/libpolkit-gobject-1.so.0.0.0>, 0x12000) = 0x7f673a712000
27438<flatpak> 22:19:15 mmap(0x7f673a722000, 8192, PROT_READ|PROT_WRITE, MAP_PRIVATE|MAP_FIXED|MAP_DENYWRITE, 3</usr/lib64/libpolkit-gobject-1.so.0.0.0>, 0x21000) = 0x7f673a722000
27438<flatpak> 22:19:15 mmap(0x7f673a724000, 384, PROT_READ|PROT_WRITE, MAP_PRIVATE|MAP_FIXED|MAP_ANONYMOUS, -1, 0) = 0x7f673a724000
27438<flatpak> 22:19:15 close(3</usr/lib64/libpolkit-gobject-1.so.0.0.0>) = 0
27438<flatpak> 22:19:15 openat(AT_FDCWD</home/catastor>, "/lib64/libdconf.so.1", O_RDONLY|O_CLOEXEC) = 3</usr/lib64/libdconf.so.1.0.0>
27438<flatpak> 22:19:15 read(3</usr/lib64/libdconf.so.1.0.0>, "\177ELF\2\1\1\0\0\0\0\0\0\0\0\0\3\0>\0\1\0\0\0\0\0\0\0\0\0\0\0"..., 832) = 832
27438<flatpak> 22:19:15 fstat(3</usr/lib64/libdconf.so.1.0.0>, {st_mode=S_IFREG|0755, st_size=69920, ...}) = 0
27438<flatpak> 22:19:15 mmap(NULL, 69872, PROT_READ|PROT_EXEC, MAP_PRIVATE|MAP_DENYWRITE, 3</usr/lib64/libdconf.so.1.0.0>, 0) = 0x7f673a6ee000
27438<flatpak> 22:19:15 mmap(0x7f673a6f7000, 28672, PROT_READ, MAP_PRIVATE|MAP_FIXED|MAP_DENYWRITE, 3</usr/lib64/libdconf.so.1.0.0>, 0x9000) = 0x7f673a6f7000
27438<flatpak> 22:19:15 mmap(0x7f673a6fe000, 8192, PROT_READ|PROT_WRITE, MAP_PRIVATE|MAP_FIXED|MAP_DENYWRITE, 3</usr/lib64/libdconf.so.1.0.0>, 0xf000) = 0x7f673a6fe000
27438<flatpak> 22:19:15 close(3</usr/lib64/libdconf.so.1.0.0>) = 0
27438<flatpak> 22:19:15 openat(AT_FDCWD</home/catastor>, "/lib64/libgpgme.so.45", O_RDONLY|O_CLOEXEC) = 3</usr/lib64/libgpgme.so.45.0.1>
27438<flatpak> 22:19:15 read(3</usr/lib64/libgpgme.so.45.0.1>, "\177ELF\2\1\1\0\0\0\0\0\0\0\0\0\3\0>\0\1\0\0\0\0\0\0\0\0\0\0\0"..., 832) = 832
27438<flatpak> 22:19:15 fstat(3</usr/lib64/libgpgme.so.45.0.1>, {st_mode=S_IFREG|0755, st_size=359256, ...}) = 0
27438<flatpak> 22:19:15 mmap(NULL, 353928, PROT_READ|PROT_EXEC, MAP_PRIVATE|MAP_DENYWRITE, 3</usr/lib64/libgpgme.so.45.0.1>, 0) = 0x7f673a697000
27438<flatpak> 22:19:15 mmap(0x7f673a6d7000, 81920, PROT_READ, MAP_PRIVATE|MAP_FIXED|MAP_DENYWRITE, 3</usr/lib64/libgpgme.so.45.0.1>, 0x40000) = 0x7f673a6d7000
27438<flatpak> 22:19:15 mmap(0x7f673a6eb000, 12288, PROT_READ|PROT_WRITE, MAP_PRIVATE|MAP_FIXED|MAP_DENYWRITE, 3</usr/lib64/libgpgme.so.45.0.1>, 0x53000) = 0x7f673a6eb000
27438<flatpak> 22:19:15 close(3</usr/lib64/libgpgme.so.45.0.1>) = 0
27438<flatpak> 22:19:15 openat(AT_FDCWD</home/catastor>, "/lib64/libarchive.so.13", O_RDONLY|O_CLOEXEC) = 3</usr/lib64/libarchive.so.13.8.7>
27438<flatpak> 22:19:15 read(3</usr/lib64/libarchive.so.13.8.7>, "\177ELF\2\1\1\0\0\0\0\0\0\0\0\0\3\0>\0\1\0\0\0\0\0\0\0\0\0\0\0"..., 832) = 832
27438<flatpak> 22:19:15 fstat(3</usr/lib64/libarchive.so.13.8.7>, {st_mode=S_IFREG|0755, st_size=956160, ...}) = 0
27438<flatpak> 22:19:15 mmap(NULL, 943368, PROT_READ|PROT_EXEC, MAP_PRIVATE|MAP_DENYWRITE, 3</usr/lib64/libarchive.so.13.8.7>, 0) = 0x7f673a5b0000
27438<flatpak> 22:19:15 mmap(0x7f673a65b000, 225280, PROT_READ, MAP_PRIVATE|MAP_FIXED|MAP_DENYWRITE, 3</usr/lib64/libarchive.so.13.8.7>, 0xab000) = 0x7f673a65b000
27438<flatpak> 22:19:15 mmap(0x7f673a692000, 20480, PROT_READ|PROT_WRITE, MAP_PRIVATE|MAP_FIXED|MAP_DENYWRITE, 3</usr/lib64/libarchive.so.13.8.7>, 0xe2000) = 0x7f673a692000
27438<flatpak> 22:19:15 close(3</usr/lib64/libarchive.so.13.8.7>) = 0
27438<flatpak> 22:19:15 openat(AT_FDCWD</home/catastor>, "/lib64/libcurl.so.4", O_RDONLY|O_CLOEXEC) = 3</usr/lib64/libcurl.so.4.8.0>
27438<flatpak> 22:19:15 read(3</usr/lib64/libcurl.so.4.8.0>, "\177ELF\2\1\1\0\0\0\0\0\0\0\0\0\3\0>\0\1\0\0\0\0\0\0\0\0\0\0\0"..., 832) = 832
27438<flatpak> 22:19:15 fstat(3</usr/lib64/libcurl.so.4.8.0>, {st_mode=S_IFREG|0755, st_size=1044248, ...}) = 0
27438<flatpak> 22:19:15 mmap(NULL, 8192, PROT_READ|PROT_WRITE, MAP_PRIVATE|MAP_ANONYMOUS, -1, 0) = 0x7f673a5ae000
27438<flatpak> 22:19:15 mmap(NULL, 1032464, PROT_READ|PROT_EXEC, MAP_PRIVATE|MAP_DENYWRITE, 3</usr/lib64/libcurl.so.4.8.0>, 0) = 0x7f673a4b1000
27438<flatpak> 22:19:15 mmap(0x7f673a56f000, 221184, PROT_READ, MAP_PRIVATE|MAP_FIXED|MAP_DENYWRITE, 3</usr/lib64/libcurl.so.4.8.0>, 0xbe000) = 0x7f673a56f000
27438<flatpak> 22:19:15 mmap(0x7f673a5a5000, 32768, PROT_READ|PROT_WRITE, MAP_PRIVATE|MAP_FIXED|MAP_DENYWRITE, 3</usr/lib64/libcurl.so.4.8.0>, 0xf3000) = 0x7f673a5a5000
27438<flatpak> 22:19:15 mmap(0x7f673a5ad000, 272, PROT_READ|PROT_WRITE, MAP_PRIVATE|MAP_FIXED|MAP_ANONYMOUS, -1, 0) = 0x7f673a5ad000
27438<flatpak> 22:19:15 close(3</usr/lib64/libcurl.so.4.8.0>) = 0
27438<flatpak> 22:19:15 openat(AT_FDCWD</home/catastor>, "/lib64/libseccomp.so.2", O_RDONLY|O_CLOEXEC) = 3</usr/lib64/libseccomp.so.2.6.0>
27438<flatpak> 22:19:15 read(3</usr/lib64/libseccomp.so.2.6.0>, "\177ELF\2\1\1\0\0\0\0\0\0\0\0\0\3\0>\0\1\0\0\0\0\0\0\0\0\0\0\0"..., 832) = 832
27438<flatpak> 22:19:15 fstat(3</usr/lib64/libseccomp.so.2.6.0>, {st_mode=S_IFREG|0755, st_size=180824, ...}) = 0
27438<flatpak> 22:19:15 mmap(NULL, 176192, PROT_READ|PROT_EXEC, MAP_PRIVATE|MAP_DENYWRITE, 3</usr/lib64/libseccomp.so.2.6.0>, 0) = 0x7f673a485000
27438<flatpak> 22:19:15 mmap(0x7f673a495000, 106496, PROT_READ, MAP_PRIVATE|MAP_FIXED|MAP_DENYWRITE, 3</usr/lib64/libseccomp.so.2.6.0>, 0x10000) = 0x7f673a495000
27438<flatpak> 22:19:15 mmap(0x7f673a4af000, 8192, PROT_READ|PROT_WRITE, MAP_PRIVATE|MAP_FIXED|MAP_DENYWRITE, 3</usr/lib64/libseccomp.so.2.6.0>, 0x2a000) = 0x7f673a4af000
27438<flatpak> 22:19:15 close(3</usr/lib64/libseccomp.so.2.6.0>) = 0
27438<flatpak> 22:19:15 openat(AT_FDCWD</home/catastor>, "/lib64/libxml2.so.2", O_RDONLY|O_CLOEXEC) = 3</usr/lib64/libxml2.so.2.12.10>
27438<flatpak> 22:19:15 read(3</usr/lib64/libxml2.so.2.12.10>, "\177ELF\2\1\1\0\0\0\0\0\0\0\0\0\3\0>\0\1\0\0\0\0\0\0\0\0\0\0\0"..., 832) = 832
27438<flatpak> 22:19:15 fstat(3</usr/lib64/libxml2.so.2.12.10>, {st_mode=S_IFREG|0755, st_size=1523128, ...}) = 0
27438<flatpak> 22:19:15 mmap(NULL, 1501256, PROT_READ|PROT_EXEC, MAP_PRIVATE|MAP_DENYWRITE, 3</usr/lib64/libxml2.so.2.12.10>, 0) = 0x7f673a316000
27438<flatpak> 22:19:15 mmap(0x7f673a412000, 417792, PROT_READ, MAP_PRIVATE|MAP_FIXED|MAP_DENYWRITE, 3</usr/lib64/libxml2.so.2.12.10>, 0xfc000) = 0x7f673a412000
27438<flatpak> 22:19:15 mmap(0x7f673a478000, 49152, PROT_READ|PROT_WRITE, MAP_PRIVATE|MAP_FIXED|MAP_DENYWRITE, 3</usr/lib64/libxml2.so.2.12.10>, 0x161000) = 0x7f673a478000
27438<flatpak> 22:19:15 mmap(0x7f673a484000, 2120, PROT_READ|PROT_WRITE, MAP_PRIVATE|MAP_FIXED|MAP_ANONYMOUS, -1, 0) = 0x7f673a484000
27438<flatpak> 22:19:15 close(3</usr/lib64/libxml2.so.2.12.10>) = 0
27438<flatpak> 22:19:15 openat(AT_FDCWD</home/catastor>, "/lib64/libzstd.so.1", O_RDONLY|O_CLOEXEC) = 3</usr/lib64/libzstd.so.1.5.7>
27438<flatpak> 22:19:15 read(3</usr/lib64/libzstd.so.1.5.7>, "\177ELF\2\1\1\0\0\0\0\0\0\0\0\0\3\0>\0\1\0\0\0\0\0\0\0\0\0\0\0"..., 832) = 832
27438<flatpak> 22:19:15 fstat(3</usr/lib64/libzstd.so.1.5.7>, {st_mode=S_IFREG|0755, st_size=959384, ...}) = 0
27438<flatpak> 22:19:15 mmap(NULL, 954416, PROT_READ|PROT_EXEC, MAP_PRIVATE|MAP_DENYWRITE, 3</usr/lib64/libzstd.so.1.5.7>, 0) = 0x7f673a22c000
27438<flatpak> 22:19:15 mmap(0x7f673a2f5000, 122880, PROT_READ, MAP_PRIVATE|MAP_FIXED|MAP_DENYWRITE, 3</usr/lib64/libzstd.so.1.5.7>, 0xc9000) = 0x7f673a2f5000
27438<flatpak> 22:19:15 mmap(0x7f673a313000, 8192, PROT_READ|PROT_WRITE, MAP_PRIVATE|MAP_FIXED|MAP_DENYWRITE, 3</usr/lib64/libzstd.so.1.5.7>, 0xe6000) = 0x7f673a313000
27438<flatpak> 22:19:15 mmap(0x7f673a315000, 48, PROT_READ|PROT_WRITE, MAP_PRIVATE|MAP_FIXED|MAP_ANONYMOUS, -1, 0) = 0x7f673a315000
27438<flatpak> 22:19:15 close(3</usr/lib64/libzstd.so.1.5.7>) = 0
27438<flatpak> 22:19:15 openat(AT_FDCWD</home/catastor>, "/lib64/libmalcontent-0.so.0", O_RDONLY|O_CLOEXEC) = 3</usr/lib64/libmalcontent-0.so.0.14.0>
27438<flatpak> 22:19:15 read(3</usr/lib64/libmalcontent-0.so.0.14.0>, "\177ELF\2\1\1\0\0\0\0\0\0\0\0\0\3\0>\0\1\0\0\0\0\0\0\0\0\0\0\0"..., 832) = 832
27438<flatpak> 22:19:15 fstat(3</usr/lib64/libmalcontent-0.so.0.14.0>, {st_mode=S_IFREG|0755, st_size=131792, ...}) = 0
27438<flatpak> 22:19:15 mmap(NULL, 127368, PROT_READ|PROT_EXEC, MAP_PRIVATE|MAP_DENYWRITE, 3</usr/lib64/libmalcontent-0.so.0.14.0>, 0) = 0x7f673a20c000
27438<flatpak> 22:19:15 mmap(0x7f673a21c000, 57344, PROT_READ, MAP_PRIVATE|MAP_FIXED|MAP_DENYWRITE, 3</usr/lib64/libmalcontent-0.so.0.14.0>, 0x10000) = 0x7f673a21c000
27438<flatpak> 22:19:15 mmap(0x7f673a22a000, 8192, PROT_READ|PROT_WRITE, MAP_PRIVATE|MAP_FIXED|MAP_DENYWRITE, 3</usr/lib64/libmalcontent-0.so.0.14.0>, 0x1e000) = 0x7f673a22a000
27438<flatpak> 22:19:15 close(3</usr/lib64/libmalcontent-0.so.0.14.0>) = 0
27438<flatpak> 22:19:15 openat(AT_FDCWD</home/catastor>, "/lib64/libXau.so.6", O_RDONLY|O_CLOEXEC) = 3</usr/lib64/libXau.so.6.0.0>
27438<flatpak> 22:19:15 read(3</usr/lib64/libXau.so.6.0.0>, "\177ELF\2\1\1\0\0\0\0\0\0\0\0\0\3\0>\0\1\0\0\0\0\0\0\0\0\0\0\0"..., 832) = 832
27438<flatpak> 22:19:15 fstat(3</usr/lib64/libXau.so.6.0.0>, {st_mode=S_IFREG|0755, st_size=19640, ...}) = 0
27438<flatpak> 22:19:15 mmap(NULL, 16416, PROT_READ|PROT_EXEC, MAP_PRIVATE|MAP_DENYWRITE, 3</usr/lib64/libXau.so.6.0.0>, 0) = 0x7f673a207000
27438<flatpak> 22:19:15 mmap(0x7f673a209000, 4096, PROT_READ, MAP_PRIVATE|MAP_FIXED|MAP_DENYWRITE, 3</usr/lib64/libXau.so.6.0.0>, 0x2000) = 0x7f673a209000
27438<flatpak> 22:19:15 mmap(0x7f673a20a000, 4096, PROT_READ|PROT_WRITE, MAP_PRIVATE|MAP_FIXED|MAP_DENYWRITE, 3</usr/lib64/libXau.so.6.0.0>, 0x3000) = 0x7f673a20a000
27438<flatpak> 22:19:15 mmap(0x7f673a20b000, 32, PROT_READ|PROT_WRITE, MAP_PRIVATE|MAP_FIXED|MAP_ANONYMOUS, -1, 0) = 0x7f673a20b000
27438<flatpak> 22:19:15 close(3</usr/lib64/libXau.so.6.0.0>) = 0
27438<flatpak> 22:19:15 openat(AT_FDCWD</home/catastor>, "/lib64/libwayland-client.so.0", O_RDONLY|O_CLOEXEC) = 3</usr/lib64/libwayland-client.so.0.24.0>
27438<flatpak> 22:19:15 read(3</usr/lib64/libwayland-client.so.0.24.0>, "\177ELF\2\1\1\0\0\0\0\0\0\0\0\0\3\0>\0\1\0\0\0\0\0\0\0\0\0\0\0"..., 832) = 832
27438<flatpak> 22:19:15 fstat(3</usr/lib64/libwayland-client.so.0.24.0>, {st_mode=S_IFREG|0755, st_size=62000, ...}) = 0
27438<flatpak> 22:19:15 mmap(NULL, 8192, PROT_READ|PROT_WRITE, MAP_PRIVATE|MAP_ANONYMOUS, -1, 0) = 0x7f673a205000
27438<flatpak> 22:19:15 mmap(NULL, 58128, PROT_READ|PROT_EXEC, MAP_PRIVATE|MAP_DENYWRITE, 3</usr/lib64/libwayland-client.so.0.24.0>, 0) = 0x7f673a1f6000
27438<flatpak> 22:19:15 mmap(0x7f673a1fd000, 20480, PROT_READ, MAP_PRIVATE|MAP_FIXED|MAP_DENYWRITE, 3</usr/lib64/libwayland-client.so.0.24.0>, 0x7000) = 0x7f673a1fd000
27438<flatpak> 22:19:15 mmap(0x7f673a202000, 12288, PROT_READ|PROT_WRITE, MAP_PRIVATE|MAP_FIXED|MAP_DENYWRITE, 3</usr/lib64/libwayland-client.so.0.24.0>, 0xc000) = 0x7f673a202000
27438<flatpak> 22:19:15 close(3</usr/lib64/libwayland-client.so.0.24.0>) = 0
27438<flatpak> 22:19:15 openat(AT_FDCWD</home/catastor>, "/lib64/libgcc_s.so.1", O_RDONLY|O_CLOEXEC) = 3</usr/lib64/libgcc_s-16-20260321.so.1>
27438<flatpak> 22:19:15 read(3</usr/lib64/libgcc_s-16-20260321.so.1>, "\177ELF\2\1\1\0\0\0\0\0\0\0\0\0\3\0>\0\1\0\0\0\0\0\0\0\0\0\0\0"..., 832) = 832
27438<flatpak> 22:19:15 fstat(3</usr/lib64/libgcc_s-16-20260321.so.1>, {st_mode=S_IFREG|0755, st_size=186544, ...}) = 0
27438<flatpak> 22:19:15 mmap(NULL, 180680, PROT_READ|PROT_EXEC, MAP_PRIVATE|MAP_DENYWRITE, 3</usr/lib64/libgcc_s-16-20260321.so.1>, 0) = 0x7f673a1c9000
27438<flatpak> 22:19:15 mmap(0x7f673a1ed000, 28672, PROT_READ, MAP_PRIVATE|MAP_FIXED|MAP_DENYWRITE, 3</usr/lib64/libgcc_s-16-20260321.so.1>, 0x24000) = 0x7f673a1ed000
27438<flatpak> 22:19:15 mmap(0x7f673a1f4000, 4096, PROT_READ|PROT_WRITE, MAP_PRIVATE|MAP_FIXED|MAP_DENYWRITE, 3</usr/lib64/libgcc_s-16-20260321.so.1>, 0x2b000) = 0x7f673a1f4000
27438<flatpak> 22:19:15 mmap(0x7f673a1f5000, 456, PROT_READ|PROT_WRITE, MAP_PRIVATE|MAP_FIXED|MAP_ANONYMOUS, -1, 0) = 0x7f673a1f5000
27438<flatpak> 22:19:15 close(3</usr/lib64/libgcc_s-16-20260321.so.1>) = 0
27438<flatpak> 22:19:15 openat(AT_FDCWD</home/catastor>, "/lib64/libc.so.6", O_RDONLY|O_CLOEXEC) = 3</usr/lib64/libc.so.6>
27438<flatpak> 22:19:15 read(3</usr/lib64/libc.so.6>, "\177ELF\2\1\1\3\0\0\0\0\0\0\0\0\3\0>\0\1\0\0\0\2408\0\0\0\0\0\0"..., 832) = 832
27438<flatpak> 22:19:15 pread64(3</usr/lib64/libc.so.6>, "\6\0\0\0\4\0\0\0@\0\0\0\0\0\0\0@\0\0\0\0\0\0\0@\0\0\0\0\0\0\0"..., 784, 64) = 784
27438<flatpak> 22:19:15 fstat(3</usr/lib64/libc.so.6>, {st_mode=S_IFREG|0755, st_size=2490288, ...}) = 0
27438<flatpak> 22:19:15 pread64(3</usr/lib64/libc.so.6>, "\6\0\0\0\4\0\0\0@\0\0\0\0\0\0\0@\0\0\0\0\0\0\0@\0\0\0\0\0\0\0"..., 784, 64) = 784
27438<flatpak> 22:19:15 mmap(NULL, 2075504, PROT_READ|PROT_EXEC, MAP_PRIVATE|MAP_DENYWRITE, 3</usr/lib64/libc.so.6>, 0) = 0x7f6739fce000
27438<flatpak> 22:19:15 mmap(0x7f673a142000, 495616, PROT_READ, MAP_PRIVATE|MAP_FIXED|MAP_DENYWRITE, 3</usr/lib64/libc.so.6>, 0x174000) = 0x7f673a142000
27438<flatpak> 22:19:15 mmap(0x7f673a1bb000, 24576, PROT_READ|PROT_WRITE, MAP_PRIVATE|MAP_FIXED|MAP_DENYWRITE, 3</usr/lib64/libc.so.6>, 0x1ed000) = 0x7f673a1bb000
27438<flatpak> 22:19:15 mmap(0x7f673a1c1000, 31600, PROT_READ|PROT_WRITE, MAP_PRIVATE|MAP_FIXED|MAP_ANONYMOUS, -1, 0) = 0x7f673a1c1000
27438<flatpak> 22:19:15 close(3</usr/lib64/libc.so.6>) = 0
27438<flatpak> 22:19:15 openat(AT_FDCWD</home/catastor>, "/lib64/libpcre2-8.so.0", O_RDONLY|O_CLOEXEC) = 3</usr/lib64/libpcre2-8.so.0.15.0>
27438<flatpak> 22:19:15 read(3</usr/lib64/libpcre2-8.so.0.15.0>, "\177ELF\2\1\1\0\0\0\0\0\0\0\0\0\3\0>\0\1\0\0\0\0\0\0\0\0\0\0\0"..., 832) = 832
27438<flatpak> 22:19:15 fstat(3</usr/lib64/libpcre2-8.so.0.15.0>, {st_mode=S_IFREG|0755, st_size=724280, ...}) = 0
27438<flatpak> 22:19:15 mmap(NULL, 721368, PROT_READ|PROT_EXEC, MAP_PRIVATE|MAP_DENYWRITE, 3</usr/lib64/libpcre2-8.so.0.15.0>, 0) = 0x7f6739f1d000
27438<flatpak> 22:19:15 mmap(0x7f6739f9e000, 188416, PROT_READ, MAP_PRIVATE|MAP_FIXED|MAP_DENYWRITE, 3</usr/lib64/libpcre2-8.so.0.15.0>, 0x81000) = 0x7f6739f9e000
27438<flatpak> 22:19:15 mmap(0x7f6739fcc000, 8192, PROT_READ|PROT_WRITE, MAP_PRIVATE|MAP_FIXED|MAP_DENYWRITE, 3</usr/lib64/libpcre2-8.so.0.15.0>, 0xae000) = 0x7f6739fcc000
27438<flatpak> 22:19:15 close(3</usr/lib64/libpcre2-8.so.0.15.0>) = 0
27438<flatpak> 22:19:15 openat(AT_FDCWD</home/catastor>, "/lib64/libgmodule-2.0.so.0", O_RDONLY|O_CLOEXEC) = 3</usr/lib64/libgmodule-2.0.so.0.8800.0>
27438<flatpak> 22:19:15 read(3</usr/lib64/libgmodule-2.0.so.0.8800.0>, "\177ELF\2\1\1\0\0\0\0\0\0\0\0\0\3\0>\0\1\0\0\0\0\0\0\0\0\0\0\0"..., 832) = 832
27438<flatpak> 22:19:15 fstat(3</usr/lib64/libgmodule-2.0.so.0.8800.0>, {st_mode=S_IFREG|0755, st_size=19688, ...}) = 0
27438<flatpak> 22:19:15 mmap(NULL, 20584, PROT_READ|PROT_EXEC, MAP_PRIVATE|MAP_DENYWRITE, 3</usr/lib64/libgmodule-2.0.so.0.8800.0>, 0) = 0x7f6739f17000
27438<flatpak> 22:19:15 mmap(0x7f6739f19000, 8192, PROT_READ, MAP_PRIVATE|MAP_FIXED|MAP_DENYWRITE, 3</usr/lib64/libgmodule-2.0.so.0.8800.0>, 0x2000) = 0x7f6739f19000
27438<flatpak> 22:19:15 mmap(0x7f6739f1b000, 8192, PROT_READ|PROT_WRITE, MAP_PRIVATE|MAP_FIXED|MAP_DENYWRITE, 3</usr/lib64/libgmodule-2.0.so.0.8800.0>, 0x3000) = 0x7f6739f1b000
27438<flatpak> 22:19:15 close(3</usr/lib64/libgmodule-2.0.so.0.8800.0>) = 0
27438<flatpak> 22:19:15 openat(AT_FDCWD</home/catastor>, "/lib64/libz.so.1", O_RDONLY|O_CLOEXEC) = 3</usr/lib64/libz.so.1.3.1.zlib-ng>
27438<flatpak> 22:19:15 read(3</usr/lib64/libz.so.1.3.1.zlib-ng>, "\177ELF\2\1\1\0\0\0\0\0\0\0\0\0\3\0>\0\1\0\0\0\0\0\0\0\0\0\0\0"..., 832) = 832
27438<flatpak> 22:19:15 fstat(3</usr/lib64/libz.so.1.3.1.zlib-ng>, {st_mode=S_IFREG|0755, st_size=169544, ...}) = 0
27438<flatpak> 22:19:15 mmap(NULL, 168056, PROT_READ|PROT_EXEC, MAP_PRIVATE|MAP_DENYWRITE, 3</usr/lib64/libz.so.1.3.1.zlib-ng>, 0) = 0x7f6739eed000
27438<flatpak> 22:19:15 mmap(0x7f6739f0a000, 45056, PROT_READ, MAP_PRIVATE|MAP_FIXED|MAP_DENYWRITE, 3</usr/lib64/libz.so.1.3.1.zlib-ng>, 0x1d000) = 0x7f6739f0a000
27438<flatpak> 22:19:15 mmap(0x7f6739f15000, 8192, PROT_READ|PROT_WRITE, MAP_PRIVATE|MAP_FIXED|MAP_DENYWRITE, 3</usr/lib64/libz.so.1.3.1.zlib-ng>, 0x27000) = 0x7f6739f15000
27438<flatpak> 22:19:15 close(3</usr/lib64/libz.so.1.3.1.zlib-ng>) = 0
27438<flatpak> 22:19:15 openat(AT_FDCWD</home/catastor>, "/lib64/libmount.so.1", O_RDONLY|O_CLOEXEC) = 3</usr/lib64/libmount.so.1.1.0>
27438<flatpak> 22:19:15 read(3</usr/lib64/libmount.so.1.1.0>, "\177ELF\2\1\1\0\0\0\0\0\0\0\0\0\3\0>\0\1\0\0\0\0\0\0\0\0\0\0\0"..., 832) = 832
27438<flatpak> 22:19:15 fstat(3</usr/lib64/libmount.so.1.1.0>, {st_mode=S_IFREG|0755, st_size=371304, ...}) = 0
27438<flatpak> 22:19:15 mmap(NULL, 8192, PROT_READ|PROT_WRITE, MAP_PRIVATE|MAP_ANONYMOUS, -1, 0) = 0x7f6739eeb000
27438<flatpak> 22:19:15 mmap(NULL, 361032, PROT_READ|PROT_EXEC, MAP_PRIVATE|MAP_DENYWRITE, 3</usr/lib64/libmount.so.1.1.0>, 0) = 0x7f6739e92000
27438<flatpak> 22:19:15 mmap(0x7f6739ecf000, 102400, PROT_READ, MAP_PRIVATE|MAP_FIXED|MAP_DENYWRITE, 3</usr/lib64/libmount.so.1.1.0>, 0x3d000) = 0x7f6739ecf000
27438<flatpak> 22:19:15 mmap(0x7f6739ee8000, 12288, PROT_READ|PROT_WRITE, MAP_PRIVATE|MAP_FIXED|MAP_DENYWRITE, 3</usr/lib64/libmount.so.1.1.0>, 0x56000) = 0x7f6739ee8000
27438<flatpak> 22:19:15 close(3</usr/lib64/libmount.so.1.1.0>) = 0
27438<flatpak> 22:19:15 openat(AT_FDCWD</home/catastor>, "/lib64/libselinux.so.1", O_RDONLY|O_CLOEXEC) = 3</usr/lib64/libselinux.so.1>
27438<flatpak> 22:19:15 read(3</usr/lib64/libselinux.so.1>, "\177ELF\2\1\1\0\0\0\0\0\0\0\0\0\3\0>\0\1\0\0\0\0\0\0\0\0\0\0\0"..., 832) = 832
27438<flatpak> 22:19:15 fstat(3</usr/lib64/libselinux.so.1>, {st_mode=S_IFREG|0755, st_size=204752, ...}) = 0
27438<flatpak> 22:19:15 mmap(NULL, 206288, PROT_READ|PROT_EXEC, MAP_PRIVATE|MAP_DENYWRITE, 3</usr/lib64/libselinux.so.1>, 0) = 0x7f6739e5f000
27438<flatpak> 22:19:15 mmap(0x7f6739e80000, 57344, PROT_READ, MAP_PRIVATE|MAP_FIXED|MAP_DENYWRITE, 3</usr/lib64/libselinux.so.1>, 0x21000) = 0x7f6739e80000
27438<flatpak> 22:19:15 mmap(0x7f6739e8e000, 8192, PROT_READ|PROT_WRITE, MAP_PRIVATE|MAP_FIXED|MAP_DENYWRITE, 3</usr/lib64/libselinux.so.1>, 0x2f000) = 0x7f6739e8e000
27438<flatpak> 22:19:15 mmap(0x7f6739e90000, 5584, PROT_READ|PROT_WRITE, MAP_PRIVATE|MAP_FIXED|MAP_ANONYMOUS, -1, 0) = 0x7f6739e90000
27438<flatpak> 22:19:15 close(3</usr/lib64/libselinux.so.1>) = 0
27438<flatpak> 22:19:15 openat(AT_FDCWD</home/catastor>, "/lib64/libffi.so.8", O_RDONLY|O_CLOEXEC) = 3</usr/lib64/libffi.so.8.2.0>
27438<flatpak> 22:19:15 read(3</usr/lib64/libffi.so.8.2.0>, "\177ELF\2\1\1\0\0\0\0\0\0\0\0\0\3\0>\0\1\0\0\0\0\0\0\0\0\0\0\0"..., 832) = 832
27438<flatpak> 22:19:15 fstat(3</usr/lib64/libffi.so.8.2.0>, {st_mode=S_IFREG|0755, st_size=65584, ...}) = 0
27438<flatpak> 22:19:15 mmap(NULL, 62800, PROT_READ|PROT_EXEC, MAP_PRIVATE|MAP_DENYWRITE, 3</usr/lib64/libffi.so.8.2.0>, 0) = 0x7f6739e4f000
27438<flatpak> 22:19:15 mmap(0x7f6739e5a000, 12288, PROT_READ, MAP_PRIVATE|MAP_FIXED|MAP_DENYWRITE, 3</usr/lib64/libffi.so.8.2.0>, 0xb000) = 0x7f6739e5a000
27438<flatpak> 22:19:15 mmap(0x7f6739e5d000, 8192, PROT_READ|PROT_WRITE, MAP_PRIVATE|MAP_FIXED|MAP_DENYWRITE, 3</usr/lib64/libffi.so.8.2.0>, 0xe000) = 0x7f6739e5d000
27438<flatpak> 22:19:15 close(3</usr/lib64/libffi.so.8.2.0>) = 0
27438<flatpak> 22:19:15 openat(AT_FDCWD</home/catastor>, "/lib64/libxmlb.so.2", O_RDONLY|O_CLOEXEC) = 3</usr/lib64/libxmlb.so.2.0.0>
27438<flatpak> 22:19:15 read(3</usr/lib64/libxmlb.so.2.0.0>, "\177ELF\2\1\1\0\0\0\0\0\0\0\0\0\3\0>\0\1\0\0\0\0\0\0\0\0\0\0\0"..., 832) = 832
27438<flatpak> 22:19:15 fstat(3</usr/lib64/libxmlb.so.2.0.0>, {st_mode=S_IFREG|0755, st_size=204568, ...}) = 0
27438<flatpak> 22:19:15 mmap(NULL, 196984, PROT_READ|PROT_EXEC, MAP_PRIVATE|MAP_DENYWRITE, 3</usr/lib64/libxmlb.so.2.0.0>, 0) = 0x7f6739e1e000
27438<flatpak> 22:19:15 mmap(0x7f6739e3c000, 69632, PROT_READ, MAP_PRIVATE|MAP_FIXED|MAP_DENYWRITE, 3</usr/lib64/libxmlb.so.2.0.0>, 0x1e000) = 0x7f6739e3c000
27438<flatpak> 22:19:15 mmap(0x7f6739e4d000, 8192, PROT_READ|PROT_WRITE, MAP_PRIVATE|MAP_FIXED|MAP_DENYWRITE, 3</usr/lib64/libxmlb.so.2.0.0>, 0x2f000) = 0x7f6739e4d000
27438<flatpak> 22:19:15 close(3</usr/lib64/libxmlb.so.2.0.0>) = 0
27438<flatpak> 22:19:15 openat(AT_FDCWD</home/catastor>, "/lib64/libfyaml.so.0", O_RDONLY|O_CLOEXEC) = 3</usr/lib64/libfyaml.so.0.0.0>
27438<flatpak> 22:19:15 read(3</usr/lib64/libfyaml.so.0.0.0>, "\177ELF\2\1\1\0\0\0\0\0\0\0\0\0\3\0>\0\1\0\0\0\0\0\0\0\0\0\0\0"..., 832) = 832
27438<flatpak> 22:19:15 fstat(3</usr/lib64/libfyaml.so.0.0.0>, {st_mode=S_IFREG|0755, st_size=467296, ...}) = 0
27438<flatpak> 22:19:15 mmap(NULL, 458840, PROT_READ|PROT_EXEC, MAP_PRIVATE|MAP_DENYWRITE, 3</usr/lib64/libfyaml.so.0.0.0>, 0) = 0x7f6739dad000
27438<flatpak> 22:19:15 mmap(0x7f6739e06000, 90112, PROT_READ, MAP_PRIVATE|MAP_FIXED|MAP_DENYWRITE, 3</usr/lib64/libfyaml.so.0.0.0>, 0x59000) = 0x7f6739e06000
27438<flatpak> 22:19:15 mmap(0x7f6739e1c000, 8192, PROT_READ|PROT_WRITE, MAP_PRIVATE|MAP_FIXED|MAP_DENYWRITE, 3</usr/lib64/libfyaml.so.0.0.0>, 0x6f000) = 0x7f6739e1c000
27438<flatpak> 22:19:15 close(3</usr/lib64/libfyaml.so.0.0.0>) = 0
27438<flatpak> 22:19:15 openat(AT_FDCWD</home/catastor>, "/lib64/libstemmer.so.0", O_RDONLY|O_CLOEXEC) = 3</usr/lib64/libstemmer.so.0.0.0>
27438<flatpak> 22:19:15 read(3</usr/lib64/libstemmer.so.0.0.0>, "\177ELF\2\1\1\0\0\0\0\0\0\0\0\0\3\0>\0\1\0\0\0\0\0\0\0\0\0\0\0"..., 832) = 832
27438<flatpak> 22:19:15 fstat(3</usr/lib64/libstemmer.so.0.0.0>, {st_mode=S_IFREG|0755, st_size=639808, ...}) = 0
27438<flatpak> 22:19:15 mmap(NULL, 635152, PROT_READ|PROT_EXEC, MAP_PRIVATE|MAP_DENYWRITE, 3</usr/lib64/libstemmer.so.0.0.0>, 0) = 0x7f6739d11000
27438<flatpak> 22:19:15 mmap(0x7f6739d39000, 114688, PROT_READ, MAP_PRIVATE|MAP_FIXED|MAP_DENYWRITE, 3</usr/lib64/libstemmer.so.0.0.0>, 0x28000) = 0x7f6739d39000
27438<flatpak> 22:19:15 mmap(0x7f6739d55000, 360448, PROT_READ|PROT_WRITE, MAP_PRIVATE|MAP_FIXED|MAP_DENYWRITE, 3</usr/lib64/libstemmer.so.0.0.0>, 0x44000) = 0x7f6739d55000
27438<flatpak> 22:19:15 close(3</usr/lib64/libstemmer.so.0.0.0>) = 0
27438<flatpak> 22:19:15 mmap(NULL, 8192, PROT_READ|PROT_WRITE, MAP_PRIVATE|MAP_ANONYMOUS, -1, 0) = 0x7f6739d0f000
27438<flatpak> 22:19:15 openat(AT_FDCWD</home/catastor>, "/lib64/libgpg-error.so.0", O_RDONLY|O_CLOEXEC) = 3</usr/lib64/libgpg-error.so.0.41.1>
27438<flatpak> 22:19:15 read(3</usr/lib64/libgpg-error.so.0.41.1>, "\177ELF\2\1\1\0\0\0\0\0\0\0\0\0\3\0>\0\1\0\0\0\0\0\0\0\0\0\0\0"..., 832) = 832
27438<flatpak> 22:19:15 fstat(3</usr/lib64/libgpg-error.so.0.41.1>, {st_mode=S_IFREG|0755, st_size=183008, ...}) = 0
27438<flatpak> 22:19:15 mmap(NULL, 180632, PROT_READ|PROT_EXEC, MAP_PRIVATE|MAP_DENYWRITE, 3</usr/lib64/libgpg-error.so.0.41.1>, 0) = 0x7f6739ce2000
27438<flatpak> 22:19:15 mmap(0x7f6739cfe000, 61440, PROT_READ, MAP_PRIVATE|MAP_FIXED|MAP_DENYWRITE, 3</usr/lib64/libgpg-error.so.0.41.1>, 0x1c000) = 0x7f6739cfe000
27438<flatpak> 22:19:15 mmap(0x7f6739d0d000, 8192, PROT_READ|PROT_WRITE, MAP_PRIVATE|MAP_FIXED|MAP_DENYWRITE, 3</usr/lib64/libgpg-error.so.0.41.1>, 0x2a000) = 0x7f6739d0d000
27438<flatpak> 22:19:15 close(3</usr/lib64/libgpg-error.so.0.41.1>) = 0
27438<flatpak> 22:19:15 openat(AT_FDCWD</home/catastor>, "/lib64/liblzma.so.5", O_RDONLY|O_CLOEXEC) = 3</usr/lib64/liblzma.so.5.8.2>
27438<flatpak> 22:19:15 read(3</usr/lib64/liblzma.so.5.8.2>, "\177ELF\2\1\1\0\0\0\0\0\0\0\0\0\3\0>\0\1\0\0\0\0\0\0\0\0\0\0\0"..., 832) = 832
27438<flatpak> 22:19:15 fstat(3</usr/lib64/liblzma.so.5.8.2>, {st_mode=S_IFREG|0755, st_size=219768, ...}) = 0
27438<flatpak> 22:19:15 mmap(NULL, 217240, PROT_READ|PROT_EXEC, MAP_PRIVATE|MAP_DENYWRITE, 3</usr/lib64/liblzma.so.5.8.2>, 0) = 0x7f6739cac000
27438<flatpak> 22:19:15 mmap(0x7f6739cd1000, 61440, PROT_READ, MAP_PRIVATE|MAP_FIXED|MAP_DENYWRITE, 3</usr/lib64/liblzma.so.5.8.2>, 0x25000) = 0x7f6739cd1000
27438<flatpak> 22:19:15 mmap(0x7f6739ce0000, 8192, PROT_READ|PROT_WRITE, MAP_PRIVATE|MAP_FIXED|MAP_DENYWRITE, 3</usr/lib64/liblzma.so.5.8.2>, 0x33000) = 0x7f6739ce0000
27438<flatpak> 22:19:15 close(3</usr/lib64/liblzma.so.5.8.2>) = 0
27438<flatpak> 22:19:15 openat(AT_FDCWD</home/catastor>, "/lib64/libcrypto.so.3", O_RDONLY|O_CLOEXEC) = 3</usr/lib64/libcrypto.so.3.5.5>
27438<flatpak> 22:19:15 read(3</usr/lib64/libcrypto.so.3.5.5>, "\177ELF\2\1\1\0\0\0\0\0\0\0\0\0\3\0>\0\1\0\0\0\0\0\0\0\0\0\0\0"..., 832) = 832
27438<flatpak> 22:19:15 fstat(3</usr/lib64/libcrypto.so.3.5.5>, {st_mode=S_IFREG|0755, st_size=5774096, ...}) = 0
27438<flatpak> 22:19:15 mmap(NULL, 5663248, PROT_READ|PROT_EXEC, MAP_PRIVATE|MAP_DENYWRITE, 3</usr/lib64/libcrypto.so.3.5.5>, 0) = 0x7f6739600000
27438<flatpak> 22:19:15 mmap(0x7f6739980000, 1482752, PROT_READ, MAP_PRIVATE|MAP_FIXED|MAP_DENYWRITE, 3</usr/lib64/libcrypto.so.3.5.5>, 0x380000) = 0x7f6739980000
27438<flatpak> 22:19:15 mmap(0x7f6739aea000, 499712, PROT_READ|PROT_WRITE, MAP_PRIVATE|MAP_FIXED|MAP_DENYWRITE, 3</usr/lib64/libcrypto.so.3.5.5>, 0x4ea000) = 0x7f6739aea000
27438<flatpak> 22:19:15 mmap(0x7f6739b64000, 10768, PROT_READ|PROT_WRITE, MAP_PRIVATE|MAP_FIXED|MAP_ANONYMOUS, -1, 0) = 0x7f6739b64000
27438<flatpak> 22:19:15 close(3</usr/lib64/libcrypto.so.3.5.5>) = 0
27438<flatpak> 22:19:15 openat(AT_FDCWD</home/catastor>, "/lib64/libcomposefs.so.1", O_RDONLY|O_CLOEXEC) = 3</usr/lib64/libcomposefs.so.1.4.0>
27438<flatpak> 22:19:15 read(3</usr/lib64/libcomposefs.so.1.4.0>, "\177ELF\2\1\1\0\0\0\0\0\0\0\0\0\3\0>\0\1\0\0\0\0\0\0\0\0\0\0\0"..., 832) = 832
27438<flatpak> 22:19:15 fstat(3</usr/lib64/libcomposefs.so.1.4.0>, {st_mode=S_IFREG|0755, st_size=70032, ...}) = 0
27438<flatpak> 22:19:15 mmap(NULL, 69648, PROT_READ|PROT_EXEC, MAP_PRIVATE|MAP_DENYWRITE, 3</usr/lib64/libcomposefs.so.1.4.0>, 0) = 0x7f6739c9a000
27438<flatpak> 22:19:15 mmap(0x7f6739ca5000, 20480, PROT_READ, MAP_PRIVATE|MAP_FIXED|MAP_DENYWRITE, 3</usr/lib64/libcomposefs.so.1.4.0>, 0xb000) = 0x7f6739ca5000
27438<flatpak> 22:19:15 mmap(0x7f6739caa000, 8192, PROT_READ|PROT_WRITE, MAP_PRIVATE|MAP_FIXED|MAP_DENYWRITE, 3</usr/lib64/libcomposefs.so.1.4.0>, 0xf000) = 0x7f6739caa000
27438<flatpak> 22:19:15 close(3</usr/lib64/libcomposefs.so.1.4.0>) = 0
27438<flatpak> 22:19:15 openat(AT_FDCWD</home/catastor>, "/lib64/libm.so.6", O_RDONLY|O_CLOEXEC) = 3</usr/lib64/libm.so.6>
27438<flatpak> 22:19:15 read(3</usr/lib64/libm.so.6>, "\177ELF\2\1\1\3\0\0\0\0\0\0\0\0\3\0>\0\1\0\0\0\0\0\0\0\0\0\0\0"..., 832) = 832
27438<flatpak> 22:19:15 fstat(3</usr/lib64/libm.so.6>, {st_mode=S_IFREG|0755, st_size=1153848, ...}) = 0
27438<flatpak> 22:19:15 mmap(NULL, 1138704, PROT_READ|PROT_EXEC, MAP_PRIVATE|MAP_DENYWRITE, 3</usr/lib64/libm.so.6>, 0) = 0x7f6739b83000
27438<flatpak> 22:19:15 mmap(0x7f6739c12000, 548864, PROT_READ, MAP_PRIVATE|MAP_FIXED|MAP_DENYWRITE, 3</usr/lib64/libm.so.6>, 0x8f000) = 0x7f6739c12000
27438<flatpak> 22:19:15 mmap(0x7f6739c98000, 8192, PROT_READ|PROT_WRITE, MAP_PRIVATE|MAP_FIXED|MAP_DENYWRITE, 3</usr/lib64/libm.so.6>, 0x114000) = 0x7f6739c98000
27438<flatpak> 22:19:15 close(3</usr/lib64/libm.so.6>) = 0
27438<flatpak> 22:19:15 openat(AT_FDCWD</home/catastor>, "/lib64/libassuan.so.0", O_RDONLY|O_CLOEXEC) = 3</usr/lib64/libassuan.so.0.8.7>
27438<flatpak> 22:19:15 read(3</usr/lib64/libassuan.so.0.8.7>, "\177ELF\2\1\1\0\0\0\0\0\0\0\0\0\3\0>\0\1\0\0\0\0\0\0\0\0\0\0\0"..., 832) = 832
27438<flatpak> 22:19:15 fstat(3</usr/lib64/libassuan.so.0.8.7>, {st_mode=S_IFREG|0755, st_size=82864, ...}) = 0
27438<flatpak> 22:19:15 mmap(NULL, 8192, PROT_READ|PROT_WRITE, MAP_PRIVATE|MAP_ANONYMOUS, -1, 0) = 0x7f6739b81000
27438<flatpak> 22:19:15 mmap(NULL, 82256, PROT_READ|PROT_EXEC, MAP_PRIVATE|MAP_DENYWRITE, 3</usr/lib64/libassuan.so.0.8.7>, 0) = 0x7f6739b6c000
27438<flatpak> 22:19:15 mmap(0x7f6739b78000, 28672, PROT_READ, MAP_PRIVATE|MAP_FIXED|MAP_DENYWRITE, 3</usr/lib64/libassuan.so.0.8.7>, 0xc000) = 0x7f6739b78000
27438<flatpak> 22:19:15 mmap(0x7f6739b7f000, 8192, PROT_READ|PROT_WRITE, MAP_PRIVATE|MAP_FIXED|MAP_DENYWRITE, 3</usr/lib64/libassuan.so.0.8.7>, 0x12000) = 0x7f6739b7f000
27438<flatpak> 22:19:15 close(3</usr/lib64/libassuan.so.0.8.7>) = 0
27438<flatpak> 22:19:15 openat(AT_FDCWD</home/catastor>, "/lib64/libacl.so.1", O_RDONLY|O_CLOEXEC) = 3</usr/lib64/libacl.so.1.1.2302>
27438<flatpak> 22:19:15 read(3</usr/lib64/libacl.so.1.1.2302>, "\177ELF\2\1\1\0\0\0\0\0\0\0\0\0\3\0>\0\1\0\0\0\0\0\0\0\0\0\0\0"..., 832) = 832
27438<flatpak> 22:19:15 fstat(3</usr/lib64/libacl.so.1.1.2302>, {st_mode=S_IFREG|0755, st_size=36600, ...}) = 0
27438<flatpak> 22:19:15 mmap(NULL, 36888, PROT_READ|PROT_EXEC, MAP_PRIVATE|MAP_DENYWRITE, 3</usr/lib64/libacl.so.1.1.2302>, 0) = 0x7f67395f6000
27438<flatpak> 22:19:15 mmap(0x7f67395fb000, 12288, PROT_READ, MAP_PRIVATE|MAP_FIXED|MAP_DENYWRITE, 3</usr/lib64/libacl.so.1.1.2302>, 0x5000) = 0x7f67395fb000
27438<flatpak> 22:19:15 mmap(0x7f67395fe000, 4096, PROT_READ|PROT_WRITE, MAP_PRIVATE|MAP_FIXED|MAP_DENYWRITE, 3</usr/lib64/libacl.so.1.1.2302>, 0x7000) = 0x7f67395fe000
27438<flatpak> 22:19:15 mmap(0x7f67395ff000, 24, PROT_READ|PROT_WRITE, MAP_PRIVATE|MAP_FIXED|MAP_ANONYMOUS, -1, 0) = 0x7f67395ff000
27438<flatpak> 22:19:15 close(3</usr/lib64/libacl.so.1.1.2302>) = 0
27438<flatpak> 22:19:15 openat(AT_FDCWD</home/catastor>, "/lib64/liblz4.so.1", O_RDONLY|O_CLOEXEC) = 3</usr/lib64/liblz4.so.1.10.0>
27438<flatpak> 22:19:15 read(3</usr/lib64/liblz4.so.1.10.0>, "\177ELF\2\1\1\0\0\0\0\0\0\0\0\0\3\0>\0\1\0\0\0\0\0\0\0\0\0\0\0"..., 832) = 832
27438<flatpak> 22:19:15 fstat(3</usr/lib64/liblz4.so.1.10.0>, {st_mode=S_IFREG|0755, st_size=159664, ...}) = 0
27438<flatpak> 22:19:15 mmap(NULL, 155656, PROT_READ|PROT_EXEC, MAP_PRIVATE|MAP_DENYWRITE, 3</usr/lib64/liblz4.so.1.10.0>, 0) = 0x7f67395cf000
27438<flatpak> 22:19:15 mmap(0x7f67395f0000, 16384, PROT_READ, MAP_PRIVATE|MAP_FIXED|MAP_DENYWRITE, 3</usr/lib64/liblz4.so.1.10.0>, 0x21000) = 0x7f67395f0000
27438<flatpak> 22:19:15 mmap(0x7f67395f4000, 4096, PROT_READ|PROT_WRITE, MAP_PRIVATE|MAP_FIXED|MAP_DENYWRITE, 3</usr/lib64/liblz4.so.1.10.0>, 0x25000) = 0x7f67395f4000
27438<flatpak> 22:19:15 mmap(0x7f67395f5000, 8, PROT_READ|PROT_WRITE, MAP_PRIVATE|MAP_FIXED|MAP_ANONYMOUS, -1, 0) = 0x7f67395f5000
27438<flatpak> 22:19:15 close(3</usr/lib64/liblz4.so.1.10.0>) = 0
27438<flatpak> 22:19:15 openat(AT_FDCWD</home/catastor>, "/lib64/libbz2.so.1", O_RDONLY|O_CLOEXEC) = 3</usr/lib64/libbz2.so.1.0.8>
27438<flatpak> 22:19:15 read(3</usr/lib64/libbz2.so.1.0.8>, "\177ELF\2\1\1\0\0\0\0\0\0\0\0\0\3\0>\0\1\0\0\0\0\0\0\0\0\0\0\0"..., 832) = 832
27438<flatpak> 22:19:15 fstat(3</usr/lib64/libbz2.so.1.0.8>, {st_mode=S_IFREG|0755, st_size=80464, ...}) = 0
27438<flatpak> 22:19:15 mmap(NULL, 80904, PROT_READ|PROT_EXEC, MAP_PRIVATE|MAP_DENYWRITE, 3</usr/lib64/libbz2.so.1.0.8>, 0) = 0x7f67395bb000
27438<flatpak> 22:19:15 mmap(0x7f67395ca000, 12288, PROT_READ, MAP_PRIVATE|MAP_FIXED|MAP_DENYWRITE, 3</usr/lib64/libbz2.so.1.0.8>, 0xf000) = 0x7f67395ca000
27438<flatpak> 22:19:15 mmap(0x7f67395cd000, 8192, PROT_READ|PROT_WRITE, MAP_PRIVATE|MAP_FIXED|MAP_DENYWRITE, 3</usr/lib64/libbz2.so.1.0.8>, 0x11000) = 0x7f67395cd000
27438<flatpak> 22:19:15 close(3</usr/lib64/libbz2.so.1.0.8>) = 0
27438<flatpak> 22:19:15 openat(AT_FDCWD</home/catastor>, "/lib64/libnghttp3.so.9", O_RDONLY|O_CLOEXEC) = 3</usr/lib64/libnghttp3.so.9.6.1>
27438<flatpak> 22:19:15 read(3</usr/lib64/libnghttp3.so.9.6.1>, "\177ELF\2\1\1\0\0\0\0\0\0\0\0\0\3\0>\0\1\0\0\0\0\0\0\0\0\0\0\0"..., 832) = 832
27438<flatpak> 22:19:15 fstat(3</usr/lib64/libnghttp3.so.9.6.1>, {st_mode=S_IFREG|0755, st_size=159936, ...}) = 0
27438<flatpak> 22:19:15 mmap(NULL, 154976, PROT_READ|PROT_EXEC, MAP_PRIVATE|MAP_DENYWRITE, 3</usr/lib64/libnghttp3.so.9.6.1>, 0) = 0x7f6739595000
27438<flatpak> 22:19:15 mmap(0x7f67395aa000, 57344, PROT_READ, MAP_PRIVATE|MAP_FIXED|MAP_DENYWRITE, 3</usr/lib64/libnghttp3.so.9.6.1>, 0x15000) = 0x7f67395aa000
27438<flatpak> 22:19:15 mmap(0x7f67395b8000, 12288, PROT_READ|PROT_WRITE, MAP_PRIVATE|MAP_FIXED|MAP_DENYWRITE, 3</usr/lib64/libnghttp3.so.9.6.1>, 0x23000) = 0x7f67395b8000
27438<flatpak> 22:19:15 close(3</usr/lib64/libnghttp3.so.9.6.1>) = 0
27438<flatpak> 22:19:15 openat(AT_FDCWD</home/catastor>, "/lib64/libngtcp2_crypto_ossl.so.0", O_RDONLY|O_CLOEXEC) = 3</usr/lib64/libngtcp2_crypto_ossl.so.0.2.0>
27438<flatpak> 22:19:15 read(3</usr/lib64/libngtcp2_crypto_ossl.so.0.2.0>, "\177ELF\2\1\1\0\0\0\0\0\0\0\0\0\3\0>\0\1\0\0\0\0\0\0\0\0\0\0\0"..., 832) = 832
27438<flatpak> 22:19:15 fstat(3</usr/lib64/libngtcp2_crypto_ossl.so.0.2.0>, {st_mode=S_IFREG|0755, st_size=52776, ...}) = 0
27438<flatpak> 22:19:15 mmap(NULL, 8192, PROT_READ|PROT_WRITE, MAP_PRIVATE|MAP_ANONYMOUS, -1, 0) = 0x7f6739b6a000
27438<flatpak> 22:19:15 mmap(NULL, 53336, PROT_READ|PROT_EXEC, MAP_PRIVATE|MAP_DENYWRITE, 3</usr/lib64/libngtcp2_crypto_ossl.so.0.2.0>, 0) = 0x7f6739587000
27438<flatpak> 22:19:15 mmap(0x7f673958e000, 20480, PROT_READ, MAP_PRIVATE|MAP_FIXED|MAP_DENYWRITE, 3</usr/lib64/libngtcp2_crypto_ossl.so.0.2.0>, 0x7000) = 0x7f673958e000
27438<flatpak> 22:19:15 mmap(0x7f6739593000, 4096, PROT_READ|PROT_WRITE, MAP_PRIVATE|MAP_FIXED|MAP_DENYWRITE, 3</usr/lib64/libngtcp2_crypto_ossl.so.0.2.0>, 0xb000) = 0x7f6739593000
27438<flatpak> 22:19:15 mmap(0x7f6739594000, 88, PROT_READ|PROT_WRITE, MAP_PRIVATE|MAP_FIXED|MAP_ANONYMOUS, -1, 0) = 0x7f6739594000
27438<flatpak> 22:19:15 close(3</usr/lib64/libngtcp2_crypto_ossl.so.0.2.0>) = 0
27438<flatpak> 22:19:15 openat(AT_FDCWD</home/catastor>, "/lib64/libngtcp2.so.16", O_RDONLY|O_CLOEXEC) = 3</usr/lib64/libngtcp2.so.16.8.1>
27438<flatpak> 22:19:15 read(3</usr/lib64/libngtcp2.so.16.8.1>, "\177ELF\2\1\1\0\0\0\0\0\0\0\0\0\3\0>\0\1\0\0\0\0\0\0\0\0\0\0\0"..., 832) = 832
27438<flatpak> 22:19:15 fstat(3</usr/lib64/libngtcp2.so.16.8.1>, {st_mode=S_IFREG|0755, st_size=331632, ...}) = 0
27438<flatpak> 22:19:15 mmap(NULL, 323936, PROT_READ|PROT_EXEC, MAP_PRIVATE|MAP_DENYWRITE, 3</usr/lib64/libngtcp2.so.16.8.1>, 0) = 0x7f6739537000
27438<flatpak> 22:19:15 mmap(0x7f6739573000, 73728, PROT_READ, MAP_PRIVATE|MAP_FIXED|MAP_DENYWRITE, 3</usr/lib64/libngtcp2.so.16.8.1>, 0x3c000) = 0x7f6739573000
27438<flatpak> 22:19:15 mmap(0x7f6739585000, 8192, PROT_READ|PROT_WRITE, MAP_PRIVATE|MAP_FIXED|MAP_DENYWRITE, 3</usr/lib64/libngtcp2.so.16.8.1>, 0x4e000) = 0x7f6739585000
27438<flatpak> 22:19:15 close(3</usr/lib64/libngtcp2.so.16.8.1>) = 0
27438<flatpak> 22:19:15 openat(AT_FDCWD</home/catastor>, "/lib64/libnghttp2.so.14", O_RDONLY|O_CLOEXEC) = 3</usr/lib64/libnghttp2.so.14.29.2>
27438<flatpak> 22:19:15 read(3</usr/lib64/libnghttp2.so.14.29.2>, "\177ELF\2\1\1\0\0\0\0\0\0\0\0\0\3\0>\0\1\0\0\0\0\0\0\0\0\0\0\0"..., 832) = 832
27438<flatpak> 22:19:15 fstat(3</usr/lib64/libnghttp2.so.14.29.2>, {st_mode=S_IFREG|0755, st_size=168904, ...}) = 0
27438<flatpak> 22:19:15 mmap(NULL, 168192, PROT_READ|PROT_EXEC, MAP_PRIVATE|MAP_DENYWRITE, 3</usr/lib64/libnghttp2.so.14.29.2>, 0) = 0x7f673950d000
27438<flatpak> 22:19:15 mmap(0x7f6739523000, 65536, PROT_READ, MAP_PRIVATE|MAP_FIXED|MAP_DENYWRITE, 3</usr/lib64/libnghttp2.so.14.29.2>, 0x16000) = 0x7f6739523000
27438<flatpak> 22:19:15 mmap(0x7f6739533000, 16384, PROT_READ|PROT_WRITE, MAP_PRIVATE|MAP_FIXED|MAP_DENYWRITE, 3</usr/lib64/libnghttp2.so.14.29.2>, 0x25000) = 0x7f6739533000
27438<flatpak> 22:19:15 close(3</usr/lib64/libnghttp2.so.14.29.2>) = 0
27438<flatpak> 22:19:15 openat(AT_FDCWD</home/catastor>, "/lib64/libidn2.so.0", O_RDONLY|O_CLOEXEC) = 3</usr/lib64/libidn2.so.0.4.0>
27438<flatpak> 22:19:15 read(3</usr/lib64/libidn2.so.0.4.0>, "\177ELF\2\1\1\0\0\0\0\0\0\0\0\0\3\0>\0\1\0\0\0\0\0\0\0\0\0\0\0"..., 832) = 832
27438<flatpak> 22:19:15 fstat(3</usr/lib64/libidn2.so.0.4.0>, {st_mode=S_IFREG|0755, st_size=327296, ...}) = 0
27438<flatpak> 22:19:15 mmap(NULL, 327688, PROT_READ|PROT_EXEC, MAP_PRIVATE|MAP_DENYWRITE, 3</usr/lib64/libidn2.so.0.4.0>, 0) = 0x7f67394bc000
27438<flatpak> 22:19:15 mmap(0x7f67394c2000, 294912, PROT_READ, MAP_PRIVATE|MAP_FIXED|MAP_DENYWRITE, 3</usr/lib64/libidn2.so.0.4.0>, 0x6000) = 0x7f67394c2000
27438<flatpak> 22:19:15 mmap(0x7f673950a000, 8192, PROT_READ|PROT_WRITE, MAP_PRIVATE|MAP_FIXED|MAP_DENYWRITE, 3</usr/lib64/libidn2.so.0.4.0>, 0x4d000) = 0x7f673950a000
27438<flatpak> 22:19:15 mmap(0x7f673950c000, 8, PROT_READ|PROT_WRITE, MAP_PRIVATE|MAP_FIXED|MAP_ANONYMOUS, -1, 0) = 0x7f673950c000
27438<flatpak> 22:19:15 close(3</usr/lib64/libidn2.so.0.4.0>) = 0
27438<flatpak> 22:19:15 openat(AT_FDCWD</home/catastor>, "/lib64/libldap.so.2", O_RDONLY|O_CLOEXEC) = 3</usr/lib64/libldap.so.2.0.200>
27438<flatpak> 22:19:15 read(3</usr/lib64/libldap.so.2.0.200>, "\177ELF\2\1\1\0\0\0\0\0\0\0\0\0\3\0>\0\1\0\0\0\0\0\0\0\0\0\0\0"..., 832) = 832
27438<flatpak> 22:19:15 fstat(3</usr/lib64/libldap.so.2.0.200>, {st_mode=S_IFREG|0755, st_size=430632, ...}) = 0
27438<flatpak> 22:19:15 mmap(NULL, 432504, PROT_READ|PROT_EXEC, MAP_PRIVATE|MAP_DENYWRITE, 3</usr/lib64/libldap.so.2.0.200>, 0) = 0x7f6739452000
27438<flatpak> 22:19:15 mmap(0x7f6739495000, 135168, PROT_READ, MAP_PRIVATE|MAP_FIXED|MAP_DENYWRITE, 3</usr/lib64/libldap.so.2.0.200>, 0x43000) = 0x7f6739495000
27438<flatpak> 22:19:15 mmap(0x7f67394b6000, 16384, PROT_READ|PROT_WRITE, MAP_PRIVATE|MAP_FIXED|MAP_DENYWRITE, 3</usr/lib64/libldap.so.2.0.200>, 0x63000) = 0x7f67394b6000
27438<flatpak> 22:19:15 mmap(0x7f67394ba000, 6520, PROT_READ|PROT_WRITE, MAP_PRIVATE|MAP_FIXED|MAP_ANONYMOUS, -1, 0) = 0x7f67394ba000
27438<flatpak> 22:19:15 close(3</usr/lib64/libldap.so.2.0.200>) = 0
27438<flatpak> 22:19:15 openat(AT_FDCWD</home/catastor>, "/lib64/liblber.so.2", O_RDONLY|O_CLOEXEC) = 3</usr/lib64/liblber.so.2.0.200>
27438<flatpak> 22:19:15 read(3</usr/lib64/liblber.so.2.0.200>, "\177ELF\2\1\1\0\0\0\0\0\0\0\0\0\3\0>\0\1\0\0\0\0\0\0\0\0\0\0\0"..., 832) = 832
27438<flatpak> 22:19:15 fstat(3</usr/lib64/liblber.so.2.0.200>, {st_mode=S_IFREG|0755, st_size=70800, ...}) = 0
27438<flatpak> 22:19:15 mmap(NULL, 70088, PROT_READ|PROT_EXEC, MAP_PRIVATE|MAP_DENYWRITE, 3</usr/lib64/liblber.so.2.0.200>, 0) = 0x7f6739440000
27438<flatpak> 22:19:15 mmap(0x7f6739449000, 28672, PROT_READ, MAP_PRIVATE|MAP_FIXED|MAP_DENYWRITE, 3</usr/lib64/liblber.so.2.0.200>, 0x9000) = 0x7f6739449000
27438<flatpak> 22:19:15 mmap(0x7f6739450000, 8192, PROT_READ|PROT_WRITE, MAP_PRIVATE|MAP_FIXED|MAP_DENYWRITE, 3</usr/lib64/liblber.so.2.0.200>, 0xf000) = 0x7f6739450000
27438<flatpak> 22:19:15 close(3</usr/lib64/liblber.so.2.0.200>) = 0
27438<flatpak> 22:19:15 openat(AT_FDCWD</home/catastor>, "/lib64/libssh.so.4", O_RDONLY|O_CLOEXEC) = 3</usr/lib64/libssh.so.4.11.0>
27438<flatpak> 22:19:15 read(3</usr/lib64/libssh.so.4.11.0>, "\177ELF\2\1\1\0\0\0\0\0\0\0\0\0\3\0>\0\1\0\0\0\0\0\0\0\0\0\0\0"..., 832) = 832
27438<flatpak> 22:19:15 fstat(3</usr/lib64/libssh.so.4.11.0>, {st_mode=S_IFREG|0755, st_size=674656, ...}) = 0
27438<flatpak> 22:19:15 mmap(NULL, 665600, PROT_READ|PROT_EXEC, MAP_PRIVATE|MAP_DENYWRITE, 3</usr/lib64/libssh.so.4.11.0>, 0) = 0x7f673939d000
27438<flatpak> 22:19:15 mmap(0x7f6739408000, 208896, PROT_READ, MAP_PRIVATE|MAP_FIXED|MAP_DENYWRITE, 3</usr/lib64/libssh.so.4.11.0>, 0x6b000) = 0x7f6739408000
27438<flatpak> 22:19:15 mmap(0x7f673943b000, 20480, PROT_READ|PROT_WRITE, MAP_PRIVATE|MAP_FIXED|MAP_DENYWRITE, 3</usr/lib64/libssh.so.4.11.0>, 0x9d000) = 0x7f673943b000
27438<flatpak> 22:19:15 close(3</usr/lib64/libssh.so.4.11.0>) = 0
27438<flatpak> 22:19:15 openat(AT_FDCWD</home/catastor>, "/lib64/libpsl.so.5", O_RDONLY|O_CLOEXEC) = 3</usr/lib64/libpsl.so.5.3.5>
27438<flatpak> 22:19:15 read(3</usr/lib64/libpsl.so.5.3.5>, "\177ELF\2\1\1\0\0\0\0\0\0\0\0\0\3\0>\0\1\0\0\0\0\0\0\0\0\0\0\0"..., 832) = 832
27438<flatpak> 22:19:15 fstat(3</usr/lib64/libpsl.so.5.3.5>, {st_mode=S_IFREG|0755, st_size=77048, ...}) = 0
27438<flatpak> 22:19:15 mmap(NULL, 8192, PROT_READ|PROT_WRITE, MAP_PRIVATE|MAP_ANONYMOUS, -1, 0) = 0x7f6739b68000
27438<flatpak> 22:19:15 mmap(NULL, 77832, PROT_READ|PROT_EXEC, MAP_PRIVATE|MAP_DENYWRITE, 3</usr/lib64/libpsl.so.5.3.5>, 0) = 0x7f6739389000
27438<flatpak> 22:19:15 mmap(0x7f673938c000, 61440, PROT_READ, MAP_PRIVATE|MAP_FIXED|MAP_DENYWRITE, 3</usr/lib64/libpsl.so.5.3.5>, 0x3000) = 0x7f673938c000
27438<flatpak> 22:19:15 mmap(0x7f673939b000, 4096, PROT_READ|PROT_WRITE, MAP_PRIVATE|MAP_FIXED|MAP_DENYWRITE, 3</usr/lib64/libpsl.so.5.3.5>, 0x11000) = 0x7f673939b000
27438<flatpak> 22:19:15 mmap(0x7f673939c000, 8, PROT_READ|PROT_WRITE, MAP_PRIVATE|MAP_FIXED|MAP_ANONYMOUS, -1, 0) = 0x7f673939c000
27438<flatpak> 22:19:15 close(3</usr/lib64/libpsl.so.5.3.5>) = 0
27438<flatpak> 22:19:15 openat(AT_FDCWD</home/catastor>, "/lib64/libssl.so.3", O_RDONLY|O_CLOEXEC) = 3</usr/lib64/libssl.so.3.5.5>
27438<flatpak> 22:19:15 read(3</usr/lib64/libssl.so.3.5.5>, "\177ELF\2\1\1\0\0\0\0\0\0\0\0\0\3\0>\0\1\0\0\0\0\0\0\0\0\0\0\0"..., 832) = 832
27438<flatpak> 22:19:15 fstat(3</usr/lib64/libssl.so.3.5.5>, {st_mode=S_IFREG|0755, st_size=1035816, ...}) = 0
27438<flatpak> 22:19:15 mmap(NULL, 1017832, PROT_READ|PROT_EXEC, MAP_PRIVATE|MAP_DENYWRITE, 3</usr/lib64/libssl.so.3.5.5>, 0) = 0x7f6739290000
27438<flatpak> 22:19:15 mmap(0x7f673933f000, 245760, PROT_READ, MAP_PRIVATE|MAP_FIXED|MAP_DENYWRITE, 3</usr/lib64/libssl.so.3.5.5>, 0xaf000) = 0x7f673933f000
27438<flatpak> 22:19:15 mmap(0x7f673937b000, 57344, PROT_READ|PROT_WRITE, MAP_PRIVATE|MAP_FIXED|MAP_DENYWRITE, 3</usr/lib64/libssl.so.3.5.5>, 0xea000) = 0x7f673937b000
27438<flatpak> 22:19:15 close(3</usr/lib64/libssl.so.3.5.5>) = 0
27438<flatpak> 22:19:15 openat(AT_FDCWD</home/catastor>, "/lib64/libgssapi_krb5.so.2", O_RDONLY|O_CLOEXEC) = 3</usr/lib64/libgssapi_krb5.so.2.2>
27438<flatpak> 22:19:15 read(3</usr/lib64/libgssapi_krb5.so.2.2>, "\177ELF\2\1\1\0\0\0\0\0\0\0\0\0\3\0>\0\1\0\0\0\0\0\0\0\0\0\0\0"..., 832) = 832
27438<flatpak> 22:19:15 fstat(3</usr/lib64/libgssapi_krb5.so.2.2>, {st_mode=S_IFREG|0755, st_size=375584, ...}) = 0
27438<flatpak> 22:19:15 mmap(NULL, 371464, PROT_READ|PROT_EXEC, MAP_PRIVATE|MAP_DENYWRITE, 3</usr/lib64/libgssapi_krb5.so.2.2>, 0) = 0x7f6739235000
27438<flatpak> 22:19:15 mmap(0x7f6739277000, 86016, PROT_READ, MAP_PRIVATE|MAP_FIXED|MAP_DENYWRITE, 3</usr/lib64/libgssapi_krb5.so.2.2>, 0x42000) = 0x7f6739277000
27438<flatpak> 22:19:15 mmap(0x7f673928c000, 16384, PROT_READ|PROT_WRITE, MAP_PRIVATE|MAP_FIXED|MAP_DENYWRITE, 3</usr/lib64/libgssapi_krb5.so.2.2>, 0x56000) = 0x7f673928c000
27438<flatpak> 22:19:15 close(3</usr/lib64/libgssapi_krb5.so.2.2>) = 0
27438<flatpak> 22:19:15 openat(AT_FDCWD</home/catastor>, "/lib64/libbrotlidec.so.1", O_RDONLY|O_CLOEXEC) = 3</usr/lib64/libbrotlidec.so.1.2.0>
27438<flatpak> 22:19:15 read(3</usr/lib64/libbrotlidec.so.1.2.0>, "\177ELF\2\1\1\0\0\0\0\0\0\0\0\0\3\0>\0\1\0\0\0\0\0\0\0\0\0\0\0"..., 832) = 832
27438<flatpak> 22:19:15 fstat(3</usr/lib64/libbrotlidec.so.1.2.0>, {st_mode=S_IFREG|0755, st_size=56784, ...}) = 0
27438<flatpak> 22:19:15 mmap(NULL, 57352, PROT_READ|PROT_EXEC, MAP_PRIVATE|MAP_DENYWRITE, 3</usr/lib64/libbrotlidec.so.1.2.0>, 0) = 0x7f6739226000
27438<flatpak> 22:19:15 mmap(0x7f673922f000, 16384, PROT_READ, MAP_PRIVATE|MAP_FIXED|MAP_DENYWRITE, 3</usr/lib64/libbrotlidec.so.1.2.0>, 0x9000) = 0x7f673922f000
27438<flatpak> 22:19:15 mmap(0x7f6739233000, 4096, PROT_READ|PROT_WRITE, MAP_PRIVATE|MAP_FIXED|MAP_DENYWRITE, 3</usr/lib64/libbrotlidec.so.1.2.0>, 0xc000) = 0x7f6739233000
27438<flatpak> 22:19:15 mmap(0x7f6739234000, 8, PROT_READ|PROT_WRITE, MAP_PRIVATE|MAP_FIXED|MAP_ANONYMOUS, -1, 0) = 0x7f6739234000
27438<flatpak> 22:19:15 close(3</usr/lib64/libbrotlidec.so.1.2.0>) = 0
27438<flatpak> 22:19:15 openat(AT_FDCWD</home/catastor>, "/lib64/libbrotlicommon.so.1", O_RDONLY|O_CLOEXEC) = 3</usr/lib64/libbrotlicommon.so.1.2.0>
27438<flatpak> 22:19:15 read(3</usr/lib64/libbrotlicommon.so.1.2.0>, "\177ELF\2\1\1\0\0\0\0\0\0\0\0\0\3\0>\0\1\0\0\0\0\0\0\0\0\0\0\0"..., 832) = 832
27438<flatpak> 22:19:15 fstat(3</usr/lib64/libbrotlicommon.so.1.2.0>, {st_mode=S_IFREG|0755, st_size=138280, ...}) = 0
27438<flatpak> 22:19:15 mmap(NULL, 139272, PROT_READ|PROT_EXEC, MAP_PRIVATE|MAP_DENYWRITE, 3</usr/lib64/libbrotlicommon.so.1.2.0>, 0) = 0x7f6739203000
27438<flatpak> 22:19:15 mmap(0x7f6739204000, 131072, PROT_READ, MAP_PRIVATE|MAP_FIXED|MAP_DENYWRITE, 3</usr/lib64/libbrotlicommon.so.1.2.0>, 0x1000) = 0x7f6739204000
27438<flatpak> 22:19:15 mmap(0x7f6739224000, 4096, PROT_READ|PROT_WRITE, MAP_PRIVATE|MAP_FIXED|MAP_DENYWRITE, 3</usr/lib64/libbrotlicommon.so.1.2.0>, 0x20000) = 0x7f6739224000
27438<flatpak> 22:19:15 mmap(0x7f6739225000, 8, PROT_READ|PROT_WRITE, MAP_PRIVATE|MAP_FIXED|MAP_ANONYMOUS, -1, 0) = 0x7f6739225000
27438<flatpak> 22:19:15 close(3</usr/lib64/libbrotlicommon.so.1.2.0>) = 0
27438<flatpak> 22:19:15 openat(AT_FDCWD</home/catastor>, "/lib64/libaccountsservice.so.0", O_RDONLY|O_CLOEXEC) = 3</usr/lib64/libaccountsservice.so.0.0.0>
27438<flatpak> 22:19:15 read(3</usr/lib64/libaccountsservice.so.0.0.0>, "\177ELF\2\1\1\0\0\0\0\0\0\0\0\0\3\0>\0\1\0\0\0\0\0\0\0\0\0\0\0"..., 832) = 832
27438<flatpak> 22:19:15 fstat(3</usr/lib64/libaccountsservice.so.0.0.0>, {st_mode=S_IFREG|0755, st_size=206576, ...}) = 0
27438<flatpak> 22:19:15 mmap(NULL, 8192, PROT_READ|PROT_WRITE, MAP_PRIVATE|MAP_ANONYMOUS, -1, 0) = 0x7f6739201000
27438<flatpak> 22:19:15 mmap(NULL, 200984, PROT_READ|PROT_EXEC, MAP_PRIVATE|MAP_DENYWRITE, 3</usr/lib64/libaccountsservice.so.0.0.0>, 0) = 0x7f67391cf000
27438<flatpak> 22:19:15 mmap(0x7f67391e7000, 86016, PROT_READ, MAP_PRIVATE|MAP_FIXED|MAP_DENYWRITE, 3</usr/lib64/libaccountsservice.so.0.0.0>, 0x18000) = 0x7f67391e7000
27438<flatpak> 22:19:15 mmap(0x7f67391fc000, 20480, PROT_READ|PROT_WRITE, MAP_PRIVATE|MAP_FIXED|MAP_DENYWRITE, 3</usr/lib64/libaccountsservice.so.0.0.0>, 0x2d000) = 0x7f67391fc000
27438<flatpak> 22:19:15 close(3</usr/lib64/libaccountsservice.so.0.0.0>) = 0
27438<flatpak> 22:19:15 openat(AT_FDCWD</home/catastor>, "/lib64/libblkid.so.1", O_RDONLY|O_CLOEXEC) = 3</usr/lib64/libblkid.so.1.1.0>
27438<flatpak> 22:19:15 read(3</usr/lib64/libblkid.so.1.1.0>, "\177ELF\2\1\1\0\0\0\0\0\0\0\0\0\3\0>\0\1\0\0\0\0\0\0\0\0\0\0\0"..., 832) = 832
27438<flatpak> 22:19:15 fstat(3</usr/lib64/libblkid.so.1.1.0>, {st_mode=S_IFREG|0755, st_size=254280, ...}) = 0
27438<flatpak> 22:19:15 mmap(NULL, 246616, PROT_READ|PROT_EXEC, MAP_PRIVATE|MAP_DENYWRITE, 3</usr/lib64/libblkid.so.1.1.0>, 0) = 0x7f6739192000
27438<flatpak> 22:19:15 mmap(0x7f67391ba000, 57344, PROT_READ, MAP_PRIVATE|MAP_FIXED|MAP_DENYWRITE, 3</usr/lib64/libblkid.so.1.1.0>, 0x28000) = 0x7f67391ba000
27438<flatpak> 22:19:15 mmap(0x7f67391c8000, 28672, PROT_READ|PROT_WRITE, MAP_PRIVATE|MAP_FIXED|MAP_DENYWRITE, 3</usr/lib64/libblkid.so.1.1.0>, 0x36000) = 0x7f67391c8000
27438<flatpak> 22:19:15 close(3</usr/lib64/libblkid.so.1.1.0>) = 0
27438<flatpak> 22:19:15 openat(AT_FDCWD</home/catastor>, "/lib64/libattr.so.1", O_RDONLY|O_CLOEXEC) = 3</usr/lib64/libattr.so.1.1.2502>
27438<flatpak> 22:19:15 read(3</usr/lib64/libattr.so.1.1.2502>, "\177ELF\2\1\1\0\0\0\0\0\0\0\0\0\3\0>\0\1\0\0\0\0\0\0\0\0\0\0\0"..., 832) = 832
27438<flatpak> 22:19:15 fstat(3</usr/lib64/libattr.so.1.1.2502>, {st_mode=S_IFREG|0755, st_size=24000, ...}) = 0
27438<flatpak> 22:19:15 mmap(NULL, 24592, PROT_READ|PROT_EXEC, MAP_PRIVATE|MAP_DENYWRITE, 3</usr/lib64/libattr.so.1.1.2502>, 0) = 0x7f673918b000
27438<flatpak> 22:19:15 mmap(0x7f673918e000, 8192, PROT_READ, MAP_PRIVATE|MAP_FIXED|MAP_DENYWRITE, 3</usr/lib64/libattr.so.1.1.2502>, 0x3000) = 0x7f673918e000
27438<flatpak> 22:19:15 mmap(0x7f6739190000, 4096, PROT_READ|PROT_WRITE, MAP_PRIVATE|MAP_FIXED|MAP_DENYWRITE, 3</usr/lib64/libattr.so.1.1.2502>, 0x4000) = 0x7f6739190000
27438<flatpak> 22:19:15 mmap(0x7f6739191000, 16, PROT_READ|PROT_WRITE, MAP_PRIVATE|MAP_FIXED|MAP_ANONYMOUS, -1, 0) = 0x7f6739191000
27438<flatpak> 22:19:15 close(3</usr/lib64/libattr.so.1.1.2502>) = 0
27438<flatpak> 22:19:15 openat(AT_FDCWD</home/catastor>, "/lib64/libunistring.so.5", O_RDONLY|O_CLOEXEC) = 3</usr/lib64/libunistring.so.5.0.0>
27438<flatpak> 22:19:15 read(3</usr/lib64/libunistring.so.5.0.0>, "\177ELF\2\1\1\0\0\0\0\0\0\0\0\0\3\0>\0\1\0\0\0\0\0\0\0\0\0\0\0"..., 832) = 832
27438<flatpak> 22:19:15 fstat(3</usr/lib64/libunistring.so.5.0.0>, {st_mode=S_IFREG|0755, st_size=1764096, ...}) = 0
27438<flatpak> 22:19:15 mmap(NULL, 1759432, PROT_READ|PROT_EXEC, MAP_PRIVATE|MAP_DENYWRITE, 3</usr/lib64/libunistring.so.5.0.0>, 0) = 0x7f6738fdd000
27438<flatpak> 22:19:15 mmap(0x7f6739018000, 1499136, PROT_READ, MAP_PRIVATE|MAP_FIXED|MAP_DENYWRITE, 3</usr/lib64/libunistring.so.5.0.0>, 0x3b000) = 0x7f6739018000
27438<flatpak> 22:19:15 mmap(0x7f6739186000, 20480, PROT_READ|PROT_WRITE, MAP_PRIVATE|MAP_FIXED|MAP_DENYWRITE, 3</usr/lib64/libunistring.so.5.0.0>, 0x1a9000) = 0x7f6739186000
27438<flatpak> 22:19:15 close(3</usr/lib64/libunistring.so.5.0.0>) = 0
27438<flatpak> 22:19:15 openat(AT_FDCWD</home/catastor>, "/lib64/libevent-2.1.so.7", O_RDONLY|O_CLOEXEC) = 3</usr/lib64/libevent-2.1.so.7.0.1>
27438<flatpak> 22:19:15 read(3</usr/lib64/libevent-2.1.so.7.0.1>, "\177ELF\2\1\1\0\0\0\0\0\0\0\0\0\3\0>\0\1\0\0\0\0\0\0\0\0\0\0\0"..., 832) = 832
27438<flatpak> 22:19:15 fstat(3</usr/lib64/libevent-2.1.so.7.0.1>, {st_mode=S_IFREG|0755, st_size=410472, ...}) = 0
27438<flatpak> 22:19:15 mmap(NULL, 8192, PROT_READ|PROT_WRITE, MAP_PRIVATE|MAP_ANONYMOUS, -1, 0) = 0x7f6738fdb000
27438<flatpak> 22:19:15 mmap(NULL, 407504, PROT_READ|PROT_EXEC, MAP_PRIVATE|MAP_DENYWRITE, 3</usr/lib64/libevent-2.1.so.7.0.1>, 0) = 0x7f6738f77000
27438<flatpak> 22:19:15 mmap(0x7f6738fb8000, 131072, PROT_READ, MAP_PRIVATE|MAP_FIXED|MAP_DENYWRITE, 3</usr/lib64/libevent-2.1.so.7.0.1>, 0x41000) = 0x7f6738fb8000
27438<flatpak> 22:19:15 mmap(0x7f6738fd8000, 12288, PROT_READ|PROT_WRITE, MAP_PRIVATE|MAP_FIXED|MAP_DENYWRITE, 3</usr/lib64/libevent-2.1.so.7.0.1>, 0x60000) = 0x7f6738fd8000
27438<flatpak> 22:19:15 close(3</usr/lib64/libevent-2.1.so.7.0.1>) = 0
27438<flatpak> 22:19:15 openat(AT_FDCWD</home/catastor>, "/lib64/libsasl2.so.3", O_RDONLY|O_CLOEXEC) = 3</usr/lib64/libsasl2.so.3.0.0>
27438<flatpak> 22:19:15 read(3</usr/lib64/libsasl2.so.3.0.0>, "\177ELF\2\1\1\0\0\0\0\0\0\0\0\0\3\0>\0\1\0\0\0\0\0\0\0\0\0\0\0"..., 832) = 832
27438<flatpak> 22:19:15 fstat(3</usr/lib64/libsasl2.so.3.0.0>, {st_mode=S_IFREG|0755, st_size=132712, ...}) = 0
27438<flatpak> 22:19:15 mmap(NULL, 132072, PROT_READ|PROT_EXEC, MAP_PRIVATE|MAP_DENYWRITE, 3</usr/lib64/libsasl2.so.3.0.0>, 0) = 0x7f6738f56000
27438<flatpak> 22:19:15 mmap(0x7f6738f6b000, 40960, PROT_READ, MAP_PRIVATE|MAP_FIXED|MAP_DENYWRITE, 3</usr/lib64/libsasl2.so.3.0.0>, 0x15000) = 0x7f6738f6b000
27438<flatpak> 22:19:15 mmap(0x7f6738f75000, 8192, PROT_READ|PROT_WRITE, MAP_PRIVATE|MAP_FIXED|MAP_DENYWRITE, 3</usr/lib64/libsasl2.so.3.0.0>, 0x1e000) = 0x7f6738f75000
27438<flatpak> 22:19:15 close(3</usr/lib64/libsasl2.so.3.0.0>) = 0
27438<flatpak> 22:19:15 openat(AT_FDCWD</home/catastor>, "/lib64/libfido2.so.1", O_RDONLY|O_CLOEXEC) = 3</usr/lib64/libfido2.so.1.16.0>
27438<flatpak> 22:19:15 read(3</usr/lib64/libfido2.so.1.16.0>, "\177ELF\2\1\1\0\0\0\0\0\0\0\0\0\3\0>\0\1\0\0\0\0\0\0\0\0\0\0\0"..., 832) = 832
27438<flatpak> 22:19:15 fstat(3</usr/lib64/libfido2.so.1.16.0>, {st_mode=S_IFREG|0755, st_size=235256, ...}) = 0
27438<flatpak> 22:19:15 mmap(NULL, 229384, PROT_READ|PROT_EXEC, MAP_PRIVATE|MAP_DENYWRITE, 3</usr/lib64/libfido2.so.1.16.0>, 0) = 0x7f6738f1d000
27438<flatpak> 22:19:15 mmap(0x7f6738f42000, 73728, PROT_READ, MAP_PRIVATE|MAP_FIXED|MAP_DENYWRITE, 3</usr/lib64/libfido2.so.1.16.0>, 0x25000) = 0x7f6738f42000
27438<flatpak> 22:19:15 mmap(0x7f6738f54000, 4096, PROT_READ|PROT_WRITE, MAP_PRIVATE|MAP_FIXED|MAP_DENYWRITE, 3</usr/lib64/libfido2.so.1.16.0>, 0x37000) = 0x7f6738f54000
27438<flatpak> 22:19:15 mmap(0x7f6738f55000, 8, PROT_READ|PROT_WRITE, MAP_PRIVATE|MAP_FIXED|MAP_ANONYMOUS, -1, 0) = 0x7f6738f55000
27438<flatpak> 22:19:15 close(3</usr/lib64/libfido2.so.1.16.0>) = 0
27438<flatpak> 22:19:15 openat(AT_FDCWD</home/catastor>, "/lib64/libkrb5.so.3", O_RDONLY|O_CLOEXEC) = 3</usr/lib64/libkrb5.so.3.3>
27438<flatpak> 22:19:15 read(3</usr/lib64/libkrb5.so.3.3>, "\177ELF\2\1\1\0\0\0\0\0\0\0\0\0\3\0>\0\1\0\0\0\0\0\0\0\0\0\0\0"..., 832) = 832
27438<flatpak> 22:19:15 fstat(3</usr/lib64/libkrb5.so.3.3>, {st_mode=S_IFREG|0755, st_size=874144, ...}) = 0
27438<flatpak> 22:19:15 mmap(NULL, 856888, PROT_READ|PROT_EXEC, MAP_PRIVATE|MAP_DENYWRITE, 3</usr/lib64/libkrb5.so.3.3>, 0) = 0x7f6738e4b000
27438<flatpak> 22:19:15 mmap(0x7f6738ebf000, 319488, PROT_READ, MAP_PRIVATE|MAP_FIXED|MAP_DENYWRITE, 3</usr/lib64/libkrb5.so.3.3>, 0x74000) = 0x7f6738ebf000
27438<flatpak> 22:19:15 mmap(0x7f6738f0d000, 65536, PROT_READ|PROT_WRITE, MAP_PRIVATE|MAP_FIXED|MAP_DENYWRITE, 3</usr/lib64/libkrb5.so.3.3>, 0xc2000) = 0x7f6738f0d000
27438<flatpak> 22:19:15 close(3</usr/lib64/libkrb5.so.3.3>) = 0
27438<flatpak> 22:19:15 openat(AT_FDCWD</home/catastor>, "/lib64/libk5crypto.so.3", O_RDONLY|O_CLOEXEC) = 3</usr/lib64/libk5crypto.so.3.1>
27438<flatpak> 22:19:15 read(3</usr/lib64/libk5crypto.so.3.1>, "\177ELF\2\1\1\0\0\0\0\0\0\0\0\0\3\0>\0\1\0\0\0\0\0\0\0\0\0\0\0"..., 832) = 832
27438<flatpak> 22:19:15 fstat(3</usr/lib64/libk5crypto.so.3.1>, {st_mode=S_IFREG|0755, st_size=95176, ...}) = 0
27438<flatpak> 22:19:15 mmap(NULL, 94256, PROT_READ|PROT_EXEC, MAP_PRIVATE|MAP_DENYWRITE, 3</usr/lib64/libk5crypto.so.3.1>, 0) = 0x7f6738e33000
27438<flatpak> 22:19:15 mmap(0x7f6738e41000, 28672, PROT_READ, MAP_PRIVATE|MAP_FIXED|MAP_DENYWRITE, 3</usr/lib64/libk5crypto.so.3.1>, 0xe000) = 0x7f6738e41000
27438<flatpak> 22:19:15 mmap(0x7f6738e48000, 8192, PROT_READ|PROT_WRITE, MAP_PRIVATE|MAP_FIXED|MAP_DENYWRITE, 3</usr/lib64/libk5crypto.so.3.1>, 0x14000) = 0x7f6738e48000
27438<flatpak> 22:19:15 mmap(0x7f6738e4a000, 48, PROT_READ|PROT_WRITE, MAP_PRIVATE|MAP_FIXED|MAP_ANONYMOUS, -1, 0) = 0x7f6738e4a000
27438<flatpak> 22:19:15 close(3</usr/lib64/libk5crypto.so.3.1>) = 0
27438<flatpak> 22:19:15 openat(AT_FDCWD</home/catastor>, "/lib64/libcom_err.so.2", O_RDONLY|O_CLOEXEC) = 3</usr/lib64/libcom_err.so.2.1>
27438<flatpak> 22:19:15 read(3</usr/lib64/libcom_err.so.2.1>, "\177ELF\2\1\1\0\0\0\0\0\0\0\0\0\3\0>\0\1\0\0\0\0\0\0\0\0\0\0\0"..., 832) = 832
27438<flatpak> 22:19:15 fstat(3</usr/lib64/libcom_err.so.2.1>, {st_mode=S_IFREG|0755, st_size=19872, ...}) = 0
27438<flatpak> 22:19:15 mmap(NULL, 8192, PROT_READ|PROT_WRITE, MAP_PRIVATE|MAP_ANONYMOUS, -1, 0) = 0x7f6738e31000
27438<flatpak> 22:19:15 mmap(NULL, 20544, PROT_READ|PROT_EXEC, MAP_PRIVATE|MAP_DENYWRITE, 3</usr/lib64/libcom_err.so.2.1>, 0) = 0x7f6738e2b000
27438<flatpak> 22:19:15 mmap(0x7f6738e2d000, 8192, PROT_READ, MAP_PRIVATE|MAP_FIXED|MAP_DENYWRITE, 3</usr/lib64/libcom_err.so.2.1>, 0x2000) = 0x7f6738e2d000
27438<flatpak> 22:19:15 mmap(0x7f6738e2f000, 8192, PROT_READ|PROT_WRITE, MAP_PRIVATE|MAP_FIXED|MAP_DENYWRITE, 3</usr/lib64/libcom_err.so.2.1>, 0x3000) = 0x7f6738e2f000
27438<flatpak> 22:19:15 close(3</usr/lib64/libcom_err.so.2.1>) = 0
27438<flatpak> 22:19:15 openat(AT_FDCWD</home/catastor>, "/lib64/libkrb5support.so.0", O_RDONLY|O_CLOEXEC) = 3</usr/lib64/libkrb5support.so.0.1>
27438<flatpak> 22:19:15 read(3</usr/lib64/libkrb5support.so.0.1>, "\177ELF\2\1\1\0\0\0\0\0\0\0\0\0\3\0>\0\1\0\0\0\0\0\0\0\0\0\0\0"..., 832) = 832
27438<flatpak> 22:19:15 fstat(3</usr/lib64/libkrb5support.so.0.1>, {st_mode=S_IFREG|0755, st_size=66368, ...}) = 0
27438<flatpak> 22:19:15 mmap(NULL, 66160, PROT_READ|PROT_EXEC, MAP_PRIVATE|MAP_DENYWRITE, 3</usr/lib64/libkrb5support.so.0.1>, 0) = 0x7f6738e1a000
27438<flatpak> 22:19:15 mmap(0x7f6738e23000, 24576, PROT_READ, MAP_PRIVATE|MAP_FIXED|MAP_DENYWRITE, 3</usr/lib64/libkrb5support.so.0.1>, 0x9000) = 0x7f6738e23000
27438<flatpak> 22:19:15 mmap(0x7f6738e29000, 8192, PROT_READ|PROT_WRITE, MAP_PRIVATE|MAP_FIXED|MAP_DENYWRITE, 3</usr/lib64/libkrb5support.so.0.1>, 0xe000) = 0x7f6738e29000
27438<flatpak> 22:19:15 close(3</usr/lib64/libkrb5support.so.0.1>) = 0
27438<flatpak> 22:19:15 openat(AT_FDCWD</home/catastor>, "/lib64/libkeyutils.so.1", O_RDONLY|O_CLOEXEC) = 3</usr/lib64/libkeyutils.so.1.10>
27438<flatpak> 22:19:15 read(3</usr/lib64/libkeyutils.so.1.10>, "\177ELF\2\1\1\0\0\0\0\0\0\0\0\0\3\0>\0\1\0\0\0\0\0\0\0\0\0\0\0"..., 832) = 832
27438<flatpak> 22:19:15 fstat(3</usr/lib64/libkeyutils.so.1.10>, {st_mode=S_IFREG|0755, st_size=24192, ...}) = 0
27438<flatpak> 22:19:15 mmap(NULL, 20488, PROT_READ|PROT_EXEC, MAP_PRIVATE|MAP_DENYWRITE, 3</usr/lib64/libkeyutils.so.1.10>, 0) = 0x7f6738e14000
27438<flatpak> 22:19:15 mmap(0x7f6738e16000, 8192, PROT_READ, MAP_PRIVATE|MAP_FIXED|MAP_DENYWRITE, 3</usr/lib64/libkeyutils.so.1.10>, 0x2000) = 0x7f6738e16000
27438<flatpak> 22:19:15 mmap(0x7f6738e18000, 4096, PROT_READ|PROT_WRITE, MAP_PRIVATE|MAP_FIXED|MAP_DENYWRITE, 3</usr/lib64/libkeyutils.so.1.10>, 0x4000) = 0x7f6738e18000
27438<flatpak> 22:19:15 mmap(0x7f6738e19000, 8, PROT_READ|PROT_WRITE, MAP_PRIVATE|MAP_FIXED|MAP_ANONYMOUS, -1, 0) = 0x7f6738e19000
27438<flatpak> 22:19:15 close(3</usr/lib64/libkeyutils.so.1.10>) = 0
27438<flatpak> 22:19:15 openat(AT_FDCWD</home/catastor>, "/lib64/libresolv.so.2", O_RDONLY|O_CLOEXEC) = 3</usr/lib64/libresolv.so.2>
27438<flatpak> 22:19:15 read(3</usr/lib64/libresolv.so.2>, "\177ELF\2\1\1\0\0\0\0\0\0\0\0\0\3\0>\0\1\0\0\0\0\0\0\0\0\0\0\0"..., 832) = 832
27438<flatpak> 22:19:15 fstat(3</usr/lib64/libresolv.so.2>, {st_mode=S_IFREG|0755, st_size=69992, ...}) = 0
27438<flatpak> 22:19:15 mmap(NULL, 75912, PROT_READ|PROT_EXEC, MAP_PRIVATE|MAP_DENYWRITE, 3</usr/lib64/libresolv.so.2>, 0) = 0x7f6738e01000
27438<flatpak> 22:19:15 mmap(0x7f6738e0b000, 20480, PROT_READ, MAP_PRIVATE|MAP_FIXED|MAP_DENYWRITE, 3</usr/lib64/libresolv.so.2>, 0xa000) = 0x7f6738e0b000
27438<flatpak> 22:19:15 mmap(0x7f6738e10000, 8192, PROT_READ|PROT_WRITE, MAP_PRIVATE|MAP_FIXED|MAP_DENYWRITE, 3</usr/lib64/libresolv.so.2>, 0xf000) = 0x7f6738e10000
27438<flatpak> 22:19:15 mmap(0x7f6738e12000, 6280, PROT_READ|PROT_WRITE, MAP_PRIVATE|MAP_FIXED|MAP_ANONYMOUS, -1, 0) = 0x7f6738e12000
27438<flatpak> 22:19:15 close(3</usr/lib64/libresolv.so.2>) = 0
27438<flatpak> 22:19:15 openat(AT_FDCWD</home/catastor>, "/lib64/libcrypt.so.2", O_RDONLY|O_CLOEXEC) = 3</usr/lib64/libcrypt.so.2.0.0>
27438<flatpak> 22:19:15 read(3</usr/lib64/libcrypt.so.2.0.0>, "\177ELF\2\1\1\0\0\0\0\0\0\0\0\0\3\0>\0\1\0\0\0\0\0\0\0\0\0\0\0"..., 832) = 832
27438<flatpak> 22:19:15 fstat(3</usr/lib64/libcrypt.so.2.0.0>, {st_mode=S_IFREG|0755, st_size=221624, ...}) = 0
27438<flatpak> 22:19:15 mmap(NULL, 217096, PROT_READ|PROT_EXEC, MAP_PRIVATE|MAP_DENYWRITE, 3</usr/lib64/libcrypt.so.2.0.0>, 0) = 0x7f6738dcb000
27438<flatpak> 22:19:15 mmap(0x7f6738de5000, 106496, PROT_READ, MAP_PRIVATE|MAP_FIXED|MAP_DENYWRITE, 3</usr/lib64/libcrypt.so.2.0.0>, 0x1a000) = 0x7f6738de5000
27438<flatpak> 22:19:15 mmap(0x7f6738dff000, 4096, PROT_READ|PROT_WRITE, MAP_PRIVATE|MAP_FIXED|MAP_DENYWRITE, 3</usr/lib64/libcrypt.so.2.0.0>, 0x34000) = 0x7f6738dff000
27438<flatpak> 22:19:15 mmap(0x7f6738e00000, 8, PROT_READ|PROT_WRITE, MAP_PRIVATE|MAP_FIXED|MAP_ANONYMOUS, -1, 0) = 0x7f6738e00000
27438<flatpak> 22:19:15 close(3</usr/lib64/libcrypt.so.2.0.0>) = 0
27438<flatpak> 22:19:15 openat(AT_FDCWD</home/catastor>, "/lib64/libcbor.so.0.13", O_RDONLY|O_CLOEXEC) = 3</usr/lib64/libcbor.so.0.13.0>
27438<flatpak> 22:19:15 read(3</usr/lib64/libcbor.so.0.13.0>, "\177ELF\2\1\1\0\0\0\0\0\0\0\0\0\3\0>\0\1\0\0\0\0\0\0\0\0\0\0\0"..., 832) = 832
27438<flatpak> 22:19:15 fstat(3</usr/lib64/libcbor.so.0.13.0>, {st_mode=S_IFREG|0755, st_size=74464, ...}) = 0
27438<flatpak> 22:19:15 mmap(NULL, 8192, PROT_READ|PROT_WRITE, MAP_PRIVATE|MAP_ANONYMOUS, -1, 0) = 0x7f6738dc9000
27438<flatpak> 22:19:15 mmap(NULL, 69864, PROT_READ|PROT_EXEC, MAP_PRIVATE|MAP_DENYWRITE, 3</usr/lib64/libcbor.so.0.13.0>, 0) = 0x7f6738db7000
27438<flatpak> 22:19:15 mmap(0x7f6738dbf000, 32768, PROT_READ, MAP_PRIVATE|MAP_FIXED|MAP_DENYWRITE, 3</usr/lib64/libcbor.so.0.13.0>, 0x8000) = 0x7f6738dbf000
27438<flatpak> 22:19:15 mmap(0x7f6738dc7000, 8192, PROT_READ|PROT_WRITE, MAP_PRIVATE|MAP_FIXED|MAP_DENYWRITE, 3</usr/lib64/libcbor.so.0.13.0>, 0x10000) = 0x7f6738dc7000
27438<flatpak> 22:19:15 close(3</usr/lib64/libcbor.so.0.13.0>) = 0
27438<flatpak> 22:19:15 openat(AT_FDCWD</home/catastor>, "/lib64/libudev.so.1", O_RDONLY|O_CLOEXEC) = 3</usr/lib64/libudev.so.1.7.12>
27438<flatpak> 22:19:15 read(3</usr/lib64/libudev.so.1.7.12>, "\177ELF\2\1\1\0\0\0\0\0\0\0\0\0\3\0>\0\1\0\0\0\0\0\0\0\0\0\0\0"..., 832) = 832
27438<flatpak> 22:19:15 fstat(3</usr/lib64/libudev.so.1.7.12>, {st_mode=S_IFREG|0755, st_size=315960, ...}) = 0
27438<flatpak> 22:19:15 mmap(NULL, 309536, PROT_READ|PROT_EXEC, MAP_PRIVATE|MAP_DENYWRITE, 3</usr/lib64/libudev.so.1.7.12>, 0) = 0x7f6738d6b000
27438<flatpak> 22:19:15 mmap(0x7f6738d97000, 106496, PROT_READ, MAP_PRIVATE|MAP_FIXED|MAP_DENYWRITE, 3</usr/lib64/libudev.so.1.7.12>, 0x2c000) = 0x7f6738d97000
27438<flatpak> 22:19:15 mmap(0x7f6738db1000, 24576, PROT_READ|PROT_WRITE, MAP_PRIVATE|MAP_FIXED|MAP_DENYWRITE, 3</usr/lib64/libudev.so.1.7.12>, 0x46000) = 0x7f6738db1000
27438<flatpak> 22:19:15 close(3</usr/lib64/libudev.so.1.7.12>) = 0
27438<flatpak> 22:19:15 mmap(NULL, 8192, PROT_READ|PROT_WRITE, MAP_PRIVATE|MAP_ANONYMOUS, -1, 0) = 0x7f6738d69000
27438<flatpak> 22:19:15 mmap(NULL, 8192, PROT_READ|PROT_WRITE, MAP_PRIVATE|MAP_ANONYMOUS, -1, 0) = 0x7f6738d67000
27438<flatpak> 22:19:15 mmap(NULL, 8192, PROT_READ|PROT_WRITE, MAP_PRIVATE|MAP_ANONYMOUS, -1, 0) = 0x7f6738d65000
27438<flatpak> 22:19:15 mmap(NULL, 8192, PROT_READ|PROT_WRITE, MAP_PRIVATE|MAP_ANONYMOUS, -1, 0) = 0x7f6738d63000
27438<flatpak> 22:19:15 mmap(NULL, 12288, PROT_READ|PROT_WRITE, MAP_PRIVATE|MAP_ANONYMOUS, -1, 0) = 0x7f6738d60000
27438<flatpak> 22:19:15 arch_prctl(ARCH_SET_FS, 0x7f6738d60c00) = 0
27438<flatpak> 22:19:15 set_tid_address(0x7f6738d61228) = 27438<flatpak>
27438<flatpak> 22:19:15 set_robust_list(0x7f6738d60ee0, 24) = 0
27438<flatpak> 22:19:15 rseq({cpu_id_start=0, cpu_id=RSEQ_CPU_ID_UNINITIALIZED, rseq_cs=NULL, flags=0, node_id=0, mm_cid=0, slice_ctrl={request=0, granted=0, __reserved=0}, __reserved=0}, 32, 0, 0x53053053) = 0
27438<flatpak> 22:19:15 mprotect(0x7f673a1bb000, 16384, PROT_READ) = 0
27438<flatpak> 22:19:15 mprotect(0x7f673a1f4000, 4096, PROT_READ) = 0
27438<flatpak> 22:19:15 mprotect(0x7f6738db1000, 20480, PROT_READ) = 0
27438<flatpak> 22:19:15 mprotect(0x7f6738dc7000, 4096, PROT_READ) = 0
27438<flatpak> 22:19:15 mprotect(0x7f6738dff000, 4096, PROT_READ) = 0
27438<flatpak> 22:19:15 mprotect(0x7f6738e10000, 4096, PROT_READ) = 0
27438<flatpak> 22:19:15 mprotect(0x7f6738e18000, 4096, PROT_READ) = 0
27438<flatpak> 22:19:15 mprotect(0x7f6739f15000, 4096, PROT_READ) = 0
27438<flatpak> 22:19:15 mprotect(0x7f6739aea000, 487424, PROT_READ) = 0
27438<flatpak> 22:19:15 mprotect(0x7f6739fcc000, 4096, PROT_READ) = 0
27438<flatpak> 22:19:15 mprotect(0x7f6739e8e000, 4096, PROT_READ) = 0
27438<flatpak> 22:19:15 mprotect(0x7f6738e29000, 4096, PROT_READ) = 0
27438<flatpak> 22:19:15 mprotect(0x7f6738e2f000, 4096, PROT_READ) = 0
27438<flatpak> 22:19:15 mprotect(0x7f6738e48000, 8192, PROT_READ) = 0
27438<flatpak> 22:19:15 mprotect(0x7f6738f0d000, 57344, PROT_READ) = 0
27438<flatpak> 22:19:15 mprotect(0x7f6738f54000, 4096, PROT_READ) = 0
27438<flatpak> 22:19:15 mprotect(0x7f6738f75000, 4096, PROT_READ) = 0
27438<flatpak> 22:19:15 mprotect(0x7f6738fd8000, 8192, PROT_READ) = 0
27438<flatpak> 22:19:15 mprotect(0x7f6739186000, 16384, PROT_READ) = 0
27438<flatpak> 22:19:15 mprotect(0x7f6739190000, 4096, PROT_READ) = 0
27438<flatpak> 22:19:15 mprotect(0x7f67391c8000, 24576, PROT_READ) = 0
27438<flatpak> 22:19:15 mprotect(0x7f673ae13000, 4096, PROT_READ) = 0
27438<flatpak> 22:19:15 mprotect(0x7f6739e5d000, 4096, PROT_READ) = 0
27438<flatpak> 22:19:15 mprotect(0x7f673aac2000, 12288, PROT_READ) = 0
27438<flatpak> 22:19:15 mprotect(0x7f6739f1b000, 4096, PROT_READ) = 0
27438<flatpak> 22:19:15 mprotect(0x7f6739ee8000, 8192, PROT_READ) = 0
27438<flatpak> 22:19:15 mprotect(0x7f673aca8000, 36864, PROT_READ) = 0
27438<flatpak> 22:19:15 mprotect(0x7f6739c98000, 4096, PROT_READ) = 0
27438<flatpak> 22:19:15 mprotect(0x7f673a860000, 36864, PROT_READ) = 0
27438<flatpak> 22:19:15 mprotect(0x7f67391fc000, 16384, PROT_READ) = 0
27438<flatpak> 22:19:15 mprotect(0x7f6739224000, 4096, PROT_READ) = 0
27438<flatpak> 22:19:15 mprotect(0x7f6739233000, 4096, PROT_READ) = 0
27438<flatpak> 22:19:15 mprotect(0x7f673928c000, 12288, PROT_READ) = 0
27438<flatpak> 22:19:15 mprotect(0x7f673937b000, 40960, PROT_READ) = 0
27438<flatpak> 22:19:15 mprotect(0x7f673950a000, 8192, PROT_READ) = 0
27438<flatpak> 22:19:15 mprotect(0x7f673939b000, 4096, PROT_READ) = 0
27438<flatpak> 22:19:15 mprotect(0x7f673943b000, 12288, PROT_READ) = 0
27438<flatpak> 22:19:15 mprotect(0x7f6739450000, 4096, PROT_READ) = 0
27438<flatpak> 22:19:15 mprotect(0x7f67394b6000, 12288, PROT_READ) = 0
27438<flatpak> 22:19:15 mprotect(0x7f6739533000, 12288, PROT_READ) = 0
27438<flatpak> 22:19:15 mprotect(0x7f6739585000, 4096, PROT_READ) = 0
27438<flatpak> 22:19:15 mprotect(0x7f6739593000, 4096, PROT_READ) = 0
27438<flatpak> 22:19:15 mprotect(0x7f67395b8000, 4096, PROT_READ) = 0
27438<flatpak> 22:19:15 mprotect(0x7f67395cd000, 4096, PROT_READ) = 0
27438<flatpak> 22:19:15 mprotect(0x7f67395f4000, 4096, PROT_READ) = 0
27438<flatpak> 22:19:15 mprotect(0x7f67395fe000, 4096, PROT_READ) = 0
27438<flatpak> 22:19:15 mprotect(0x7f6739d0d000, 4096, PROT_READ) = 0
27438<flatpak> 22:19:15 mprotect(0x7f6739b7f000, 4096, PROT_READ) = 0
27438<flatpak> 22:19:15 mprotect(0x7f6739caa000, 4096, PROT_READ) = 0
27438<flatpak> 22:19:15 mprotect(0x7f6739ce0000, 4096, PROT_READ) = 0
27438<flatpak> 22:19:15 mprotect(0x7f6739d55000, 356352, PROT_READ) = 0
27438<flatpak> 22:19:15 mprotect(0x7f6739e1c000, 4096, PROT_READ) = 0
27438<flatpak> 22:19:15 mprotect(0x7f673a313000, 8192, PROT_READ) = 0
27438<flatpak> 22:19:15 mprotect(0x7f6739e4d000, 4096, PROT_READ) = 0
27438<flatpak> 22:19:15 mprotect(0x7f673a202000, 8192, PROT_READ) = 0
27438<flatpak> 22:19:15 mprotect(0x7f673a20a000, 4096, PROT_READ) = 0
27438<flatpak> 22:19:15 mprotect(0x7f673a22a000, 4096, PROT_READ) = 0
27438<flatpak> 22:19:15 mprotect(0x7f673a478000, 45056, PROT_READ) = 0
27438<flatpak> 22:19:15 mprotect(0x7f673a4af000, 4096, PROT_READ) = 0
27438<flatpak> 22:19:15 mprotect(0x7f673a5a5000, 28672, PROT_READ) = 0
27438<flatpak> 22:19:15 mprotect(0x7f673a692000, 16384, PROT_READ) = 0
27438<flatpak> 22:19:15 mprotect(0x7f673a6eb000, 4096, PROT_READ) = 0
27438<flatpak> 22:19:15 mprotect(0x7f673a6fe000, 4096, PROT_READ) = 0
27438<flatpak> 22:19:15 mprotect(0x7f673a722000, 8192, PROT_READ) = 0
27438<flatpak> 22:19:15 mprotect(0x7f673a731000, 4096, PROT_READ) = 0
27438<flatpak> 22:19:15 mprotect(0x7f673a97c000, 12288, PROT_READ) = 0
27438<flatpak> 22:19:15 mprotect(0x7f673a9aa000, 4096, PROT_READ) = 0
27438<flatpak> 22:19:15 mprotect(0x7f673aa55000, 53248, PROT_READ) = 0
27438<flatpak> 22:19:15 mprotect(0x563516d41000, 28672, PROT_READ) = 0
27438<flatpak> 22:19:15 mprotect(0x7f673ae69000, 8192, PROT_READ) = 0
27438<flatpak> 22:19:15 prlimit64(0, RLIMIT_STACK, NULL, {rlim_cur=8192*1024, rlim_max=RLIM64_INFINITY}) = 0
27438<flatpak> 22:19:15 getrandom("\xfc\x91\x57\xbe\xbf\x89\x68\x75", 8, GRND_NONBLOCK) = 8
27438<flatpak> 22:19:15 munmap(0x7f673ae18000, 74499) = 0
27438<flatpak> 22:19:15 statfs("/sys/fs/selinux", {f_type=SELINUX_MAGIC, f_bsize=4096, f_blocks=0, f_bfree=0, f_bavail=0, f_files=0, f_ffree=0, f_fsid={val=[0x15, 0]}, f_namelen=255, f_frsize=4096, f_flags=ST_VALID|ST_NOSUID|ST_NOEXEC|ST_RELATIME}) = 0
27438<flatpak> 22:19:15 statfs("/sys/fs/selinux", {f_type=SELINUX_MAGIC, f_bsize=4096, f_blocks=0, f_bfree=0, f_bavail=0, f_files=0, f_ffree=0, f_fsid={val=[0x15, 0]}, f_namelen=255, f_frsize=4096, f_flags=ST_VALID|ST_NOSUID|ST_NOEXEC|ST_RELATIME}) = 0
27438<flatpak> 22:19:15 brk(NULL)       = 0x563542fdc000
27438<flatpak> 22:19:15 brk(0x563542ffd000) = 0x563542ffd000
27438<flatpak> 22:19:15 access("/etc/selinux/config", F_OK) = 0
27438<flatpak> 22:19:15 futex(0x7f673ae15008, FUTEX_WAKE_PRIVATE, 2147483647) = 0
27438<flatpak> 22:19:15 futex(0x7f673ae15008, FUTEX_WAKE_PRIVATE, 2147483647) = 0
27438<flatpak> 22:19:15 umask(022)      = 022
27438<flatpak> 22:19:15 rt_sigaction(SIGTERM, {sa_handler=0x563516c2e2d0, sa_mask=[], sa_flags=SA_RESTORER, sa_restorer=0x7f6739fe85b0}, NULL, 8) = 0
27438<flatpak> 22:19:15 rt_sigaction(SIGHUP, {sa_handler=0x563516c2e2d0, sa_mask=[], sa_flags=SA_RESTORER, sa_restorer=0x7f6739fe85b0}, NULL, 8) = 0
27438<flatpak> 22:19:15 rt_sigaction(SIGINT, {sa_handler=0x563516c2e2d0, sa_mask=[], sa_flags=SA_RESTORER, sa_restorer=0x7f6739fe85b0}, NULL, 8) = 0
27438<flatpak> 22:19:15 futex(0x7f673ae15008, FUTEX_WAKE_PRIVATE, 2147483647) = 0
27438<flatpak> 22:19:15 newfstatat(AT_FDCWD</home/catastor>, "/etc/flatpak/installations.d", {st_mode=S_IFDIR|0755, st_size=0, ...}, 0) = 0
27438<flatpak> 22:19:15 futex(0x7f673ae15008, FUTEX_WAKE_PRIVATE, 2147483647) = 0
27438<flatpak> 22:19:15 futex(0x7f673ae15008, FUTEX_WAKE_PRIVATE, 2147483647) = 0
27438<flatpak> 22:19:15 futex(0x7f673ae15008, FUTEX_WAKE_PRIVATE, 2147483647) = 0
27438<flatpak> 22:19:15 futex(0x7f673ae15008, FUTEX_WAKE_PRIVATE, 2147483647) = 0
27438<flatpak> 22:19:15 futex(0x7f673ae15008, FUTEX_WAKE_PRIVATE, 2147483647) = 0
27438<flatpak> 22:19:15 futex(0x7f673ae15008, FUTEX_WAKE_PRIVATE, 2147483647) = 0
27438<flatpak> 22:19:15 futex(0x7f673ae15008, FUTEX_WAKE_PRIVATE, 2147483647) = 0
27438<flatpak> 22:19:15 futex(0x7f673ae15008, FUTEX_WAKE_PRIVATE, 2147483647) = 0
27438<flatpak> 22:19:15 futex(0x7f673ae15008, FUTEX_WAKE_PRIVATE, 2147483647) = 0
27438<flatpak> 22:19:15 futex(0x7f673ae15008, FUTEX_WAKE_PRIVATE, 2147483647) = 0
27438<flatpak> 22:19:15 futex(0x7f673ae15008, FUTEX_WAKE_PRIVATE, 2147483647) = 0
27438<flatpak> 22:19:15 futex(0x7f673ae15008, FUTEX_WAKE_PRIVATE, 2147483647) = 0
27438<flatpak> 22:19:15 futex(0x7f673ae15008, FUTEX_WAKE_PRIVATE, 2147483647) = 0
27438<flatpak> 22:19:15 futex(0x7f673ae15008, FUTEX_WAKE_PRIVATE, 2147483647) = 0
27438<flatpak> 22:19:15 futex(0x7f673ae15008, FUTEX_WAKE_PRIVATE, 2147483647) = 0
27438<flatpak> 22:19:15 futex(0x7f673ae15008, FUTEX_WAKE_PRIVATE, 2147483647) = 0
27438<flatpak> 22:19:15 openat(AT_FDCWD</home/catastor>, "/usr/lib64/gio/modules", O_RDONLY|O_NONBLOCK|O_CLOEXEC|O_DIRECTORY) = 3</usr/lib64/gio/modules>
27438<flatpak> 22:19:15 fstat(3</usr/lib64/gio/modules>, {st_mode=S_IFDIR|0755, st_size=258, ...}) = 0
27438<flatpak> 22:19:15 newfstatat(AT_FDCWD</home/catastor>, "/usr/lib64/gio/modules/giomodule.cache", {st_mode=S_IFREG|0644, st_size=270, ...}, 0) = 0
27438<flatpak> 22:19:15 openat(AT_FDCWD</home/catastor>, "/usr/lib64/gio/modules/giomodule.cache", O_RDONLY|O_CLOEXEC) = 4</usr/lib64/gio/modules/giomodule.cache>
27438<flatpak> 22:19:15 fstat(4</usr/lib64/gio/modules/giomodule.cache>, {st_mode=S_IFREG|0644, st_size=270, ...}) = 0
27438<flatpak> 22:19:15 read(4</usr/lib64/gio/modules/giomodule.cache>, "libdconfsettings.so: gsettings-b"..., 270) = 270
27438<flatpak> 22:19:15 close(4</usr/lib64/gio/modules/giomodule.cache>) = 0
27438<flatpak> 22:19:15 getdents64(3</usr/lib64/gio/modules>, 0x563542fea950 /* 9 entries */, 32768) = 344
27438<flatpak> 22:19:15 futex(0x7f673ae15008, FUTEX_WAKE_PRIVATE, 2147483647) = 0
27438<flatpak> 22:19:15 newfstatat(AT_FDCWD</home/catastor>, "/usr/lib64/gio/modules/libdconfsettings.so", {st_mode=S_IFREG|0755, st_size=61696, ...}, 0) = 0
27438<flatpak> 22:19:15 newfstatat(AT_FDCWD</home/catastor>, "/usr/lib64/gio/modules/libgiognomeproxy.so", {st_mode=S_IFREG|0755, st_size=23744, ...}, 0) = 0
27438<flatpak> 22:19:15 newfstatat(AT_FDCWD</home/catastor>, "/usr/lib64/gio/modules/libgiognutls.so", {st_mode=S_IFREG|0755, st_size=136848, ...}, 0) = 0
27438<flatpak> 22:19:15 newfstatat(AT_FDCWD</home/catastor>, "/usr/lib64/gio/modules/libgiolibproxy.so", {st_mode=S_IFREG|0755, st_size=19640, ...}, 0) = 0
27438<flatpak> 22:19:15 newfstatat(AT_FDCWD</home/catastor>, "/usr/lib64/gio/modules/libgioremote-volume-monitor.so", {st_mode=S_IFREG|0755, st_size=99768, ...}, 0) = 0
27438<flatpak> 22:19:15 newfstatat(AT_FDCWD</home/catastor>, "/usr/lib64/gio/modules/libgvfsdbus.so", {st_mode=S_IFREG|0755, st_size=217016, ...}, 0) = 0
27438<flatpak> 22:19:15 getdents64(3</usr/lib64/gio/modules>, 0x563542fea950 /* 0 entries */, 32768) = 0
27438<flatpak> 22:19:15 close(3</usr/lib64/gio/modules>) = 0
27438<flatpak> 22:19:15 futex(0x7f673ae15008, FUTEX_WAKE_PRIVATE, 2147483647) = 0
27438<flatpak> 22:19:15 futex(0x7f673ae15008, FUTEX_WAKE_PRIVATE, 2147483647) = 0
27438<flatpak> 22:19:15 futex(0x7f673ae15008, FUTEX_WAKE_PRIVATE, 2147483647) = 0
27438<flatpak> 22:19:15 access("/.flatpak-info", F_OK) = -1 ENOENT (No such file or directory)
27438<flatpak> 22:19:15 futex(0x7f673ae15008, FUTEX_WAKE_PRIVATE, 2147483647) = 0
27438<flatpak> 22:19:15 futex(0x7f673ae15008, FUTEX_WAKE_PRIVATE, 2147483647) = 0
27438<flatpak> 22:19:15 futex(0x7f673ae15008, FUTEX_WAKE_PRIVATE, 2147483647) = 0
27438<flatpak> 22:19:15 futex(0x7f673ae15008, FUTEX_WAKE_PRIVATE, 2147483647) = 0
27438<flatpak> 22:19:15 futex(0x7f673ae15008, FUTEX_WAKE_PRIVATE, 2147483647) = 0
27438<flatpak> 22:19:15 futex(0x7f673ae15008, FUTEX_WAKE_PRIVATE, 2147483647) = 0
27438<flatpak> 22:19:15 futex(0x7f673ae15008, FUTEX_WAKE_PRIVATE, 2147483647) = 0
27438<flatpak> 22:19:15 futex(0x7f673ae15008, FUTEX_WAKE_PRIVATE, 2147483647) = 0
27438<flatpak> 22:19:15 futex(0x7f673ae15008, FUTEX_WAKE_PRIVATE, 2147483647) = 0
27438<flatpak> 22:19:15 futex(0x7f673ae15008, FUTEX_WAKE_PRIVATE, 2147483647) = 0
27438<flatpak> 22:19:15 futex(0x7f673ae15008, FUTEX_WAKE_PRIVATE, 2147483647) = 0
27438<flatpak> 22:19:15 futex(0x7f673ae15008, FUTEX_WAKE_PRIVATE, 2147483647) = 0
27438<flatpak> 22:19:15 futex(0x7f673ae15008, FUTEX_WAKE_PRIVATE, 2147483647) = 0
27438<flatpak> 22:19:15 futex(0x7f673ae15008, FUTEX_WAKE_PRIVATE, 2147483647) = 0
27438<flatpak> 22:19:15 futex(0x7f673ae15008, FUTEX_WAKE_PRIVATE, 2147483647) = 0
27438<flatpak> 22:19:15 futex(0x7f673ae15008, FUTEX_WAKE_PRIVATE, 2147483647) = 0
27438<flatpak> 22:19:15 futex(0x7f673ae15008, FUTEX_WAKE_PRIVATE, 2147483647) = 0
27438<flatpak> 22:19:15 futex(0x7f673ae15008, FUTEX_WAKE_PRIVATE, 2147483647) = 0
27438<flatpak> 22:19:15 futex(0x7f673ae15008, FUTEX_WAKE_PRIVATE, 2147483647) = 0
27438<flatpak> 22:19:15 futex(0x7f673ae15008, FUTEX_WAKE_PRIVATE, 2147483647) = 0
27438<flatpak> 22:19:15 futex(0x7f673ae15008, FUTEX_WAKE_PRIVATE, 2147483647) = 0
27438<flatpak> 22:19:15 futex(0x7f673ae15008, FUTEX_WAKE_PRIVATE, 2147483647) = 0
27438<flatpak> 22:19:15 futex(0x7f673ae15008, FUTEX_WAKE_PRIVATE, 2147483647) = 0
27438<flatpak> 22:19:15 futex(0x7f673ae15008, FUTEX_WAKE_PRIVATE, 2147483647) = 0
27438<flatpak> 22:19:15 futex(0x7f673ae15008, FUTEX_WAKE_PRIVATE, 2147483647) = 0
27438<flatpak> 22:19:15 futex(0x7f673ae15008, FUTEX_WAKE_PRIVATE, 2147483647) = 0
27438<flatpak> 22:19:15 futex(0x7f673ae15008, FUTEX_WAKE_PRIVATE, 2147483647) = 0
27438<flatpak> 22:19:15 futex(0x7f673ae15008, FUTEX_WAKE_PRIVATE, 2147483647) = 0
27438<flatpak> 22:19:15 futex(0x7f673ae15008, FUTEX_WAKE_PRIVATE, 2147483647) = 0
27438<flatpak> 22:19:15 newfstatat(AT_FDCWD</home/catastor>, "/usr/lib64/gio/modules/libgvfsdbus.so", {st_mode=S_IFREG|0755, st_size=217016, ...}, 0) = 0
27438<flatpak> 22:19:15 openat(AT_FDCWD</home/catastor>, "/usr/lib64/gio/modules/libgvfsdbus.so", O_RDONLY|O_CLOEXEC) = 3</usr/lib64/gio/modules/libgvfsdbus.so>
27438<flatpak> 22:19:15 read(3</usr/lib64/gio/modules/libgvfsdbus.so>, "\177ELF\2\1\1\0\0\0\0\0\0\0\0\0\3\0>\0\1\0\0\0\0\0\0\0\0\0\0\0"..., 832) = 832
27438<flatpak> 22:19:15 fstat(3</usr/lib64/gio/modules/libgvfsdbus.so>, {st_mode=S_IFREG|0755, st_size=217016, ...}) = 0
27438<flatpak> 22:19:15 mmap(NULL, 209672, PROT_READ|PROT_EXEC, MAP_PRIVATE|MAP_DENYWRITE, 3</usr/lib64/gio/modules/libgvfsdbus.so>, 0) = 0x7f6738d2c000
27438<flatpak> 22:19:15 mmap(0x7f6738d4b000, 73728, PROT_READ, MAP_PRIVATE|MAP_FIXED|MAP_DENYWRITE, 3</usr/lib64/gio/modules/libgvfsdbus.so>, 0x1f000) = 0x7f6738d4b000
27438<flatpak> 22:19:15 mmap(0x7f6738d5d000, 12288, PROT_READ|PROT_WRITE, MAP_PRIVATE|MAP_FIXED|MAP_DENYWRITE, 3</usr/lib64/gio/modules/libgvfsdbus.so>, 0x31000) = 0x7f6738d5d000
27438<flatpak> 22:19:15 close(3</usr/lib64/gio/modules/libgvfsdbus.so>) = 0
27438<flatpak> 22:19:15 openat(AT_FDCWD</home/catastor>, "/usr/lib64/gvfs/glibc-hwcaps/x86-64-v3/libgvfscommon.so", O_RDONLY|O_CLOEXEC) = -1 ENOENT (No such file or directory)
27438<flatpak> 22:19:15 newfstatat(AT_FDCWD</home/catastor>, "/usr/lib64/gvfs/glibc-hwcaps/x86-64-v3/", 0x7ffd423fdb00, 0) = -1 ENOENT (No such file or directory)
27438<flatpak> 22:19:15 openat(AT_FDCWD</home/catastor>, "/usr/lib64/gvfs/glibc-hwcaps/x86-64-v2/libgvfscommon.so", O_RDONLY|O_CLOEXEC) = -1 ENOENT (No such file or directory)
27438<flatpak> 22:19:15 newfstatat(AT_FDCWD</home/catastor>, "/usr/lib64/gvfs/glibc-hwcaps/x86-64-v2/", 0x7ffd423fdb00, 0) = -1 ENOENT (No such file or directory)
27438<flatpak> 22:19:15 openat(AT_FDCWD</home/catastor>, "/usr/lib64/gvfs/libgvfscommon.so", O_RDONLY|O_CLOEXEC) = 3</usr/lib64/gvfs/libgvfscommon.so>
27438<flatpak> 22:19:15 read(3</usr/lib64/gvfs/libgvfscommon.so>, "\177ELF\2\1\1\0\0\0\0\0\0\0\0\0\3\0>\0\1\0\0\0\0\0\0\0\0\0\0\0"..., 832) = 832
27438<flatpak> 22:19:15 fstat(3</usr/lib64/gvfs/libgvfscommon.so>, {st_mode=S_IFREG|0755, st_size=252192, ...}) = 0
27438<flatpak> 22:19:15 mmap(NULL, 246456, PROT_READ|PROT_EXEC, MAP_PRIVATE|MAP_DENYWRITE, 3</usr/lib64/gvfs/libgvfscommon.so>, 0) = 0x7f6738cef000
27438<flatpak> 22:19:15 mmap(0x7f6738d0c000, 102400, PROT_READ, MAP_PRIVATE|MAP_FIXED|MAP_DENYWRITE, 3</usr/lib64/gvfs/libgvfscommon.so>, 0x1d000) = 0x7f6738d0c000
27438<flatpak> 22:19:15 mmap(0x7f6738d25000, 24576, PROT_READ|PROT_WRITE, MAP_PRIVATE|MAP_FIXED|MAP_DENYWRITE, 3</usr/lib64/gvfs/libgvfscommon.so>, 0x36000) = 0x7f6738d25000
27438<flatpak> 22:19:15 mmap(0x7f6738d2b000, 696, PROT_READ|PROT_WRITE, MAP_PRIVATE|MAP_FIXED|MAP_ANONYMOUS, -1, 0) = 0x7f6738d2b000
27438<flatpak> 22:19:15 close(3</usr/lib64/gvfs/libgvfscommon.so>) = 0
27438<flatpak> 22:19:15 mprotect(0x7f6738d25000, 24576, PROT_READ) = 0
27438<flatpak> 22:19:15 mprotect(0x7f6738d5d000, 8192, PROT_READ) = 0
27438<flatpak> 22:19:15 futex(0x7f673ae15008, FUTEX_WAKE_PRIVATE, 2147483647) = 0
27438<flatpak> 22:19:15 futex(0x7f673ae15008, FUTEX_WAKE_PRIVATE, 2147483647) = 0
27438<flatpak> 22:19:15 futex(0x7f673ae15008, FUTEX_WAKE_PRIVATE, 2147483647) = 0
27438<flatpak> 22:19:15 futex(0x7f673ae15008, FUTEX_WAKE_PRIVATE, 2147483647) = 0
27438<flatpak> 22:19:15 futex(0x7f673ae15008, FUTEX_WAKE_PRIVATE, 2147483647) = 0
27438<flatpak> 22:19:15 futex(0x7f673ae15008, FUTEX_WAKE_PRIVATE, 2147483647) = 0
27438<flatpak> 22:19:15 openat(AT_FDCWD</home/catastor>, "/etc/flatpak/installations.d", O_RDONLY|O_NONBLOCK|O_CLOEXEC|O_DIRECTORY) = 3</etc/flatpak/installations.d>
27438<flatpak> 22:19:15 fstat(3</etc/flatpak/installations.d>, {st_mode=S_IFDIR|0755, st_size=0, ...}) = 0
27438<flatpak> 22:19:15 futex(0x7f673ae15008, FUTEX_WAKE_PRIVATE, 2147483647) = 0
27438<flatpak> 22:19:15 futex(0x7f673ae15008, FUTEX_WAKE_PRIVATE, 2147483647) = 0
27438<flatpak> 22:19:15 brk(0x56354301e000) = 0x56354301e000
27438<flatpak> 22:19:15 futex(0x7f673ae15008, FUTEX_WAKE_PRIVATE, 2147483647) = 0
27438<flatpak> 22:19:15 getdents64(3</etc/flatpak/installations.d>, 0x563542ff3b30 /* 2 entries */, 32768) = 48
27438<flatpak> 22:19:15 getdents64(3</etc/flatpak/installations.d>, 0x563542ff3b30 /* 0 entries */, 32768) = 0
27438<flatpak> 22:19:15 close(3</etc/flatpak/installations.d>) = 0
27438<flatpak> 22:19:15 futex(0x7f673ae15008, FUTEX_WAKE_PRIVATE, 2147483647) = 0
27438<flatpak> 22:19:15 futex(0x7f673ae15008, FUTEX_WAKE_PRIVATE, 2147483647) = 0
27438<flatpak> 22:19:15 futex(0x7f673ae15008, FUTEX_WAKE_PRIVATE, 2147483647) = 0
27438<flatpak> 22:19:15 ioctl(1<pipe:[146981]>, TCGETS2, 0x7ffd423feee0) = -1 ENOTTY (Inappropriate ioctl for device)
27438<flatpak> 22:19:15 fstat(1<pipe:[146981]>, {st_mode=S_IFIFO|0600, st_size=0, ...}) = 0
27438<flatpak> 22:19:15 write(1<pipe:[146981]>, "/var/lib/flatpak\n", 17) = 17
27439<bash> 22:19:15 <... read resumed>, "/", 1) = 1
27439<bash> 22:19:15 read(0<pipe:[146981]>, "v", 1) = 1
27439<bash> 22:19:15 read(0<pipe:[146981]>, "a", 1) = 1
27439<bash> 22:19:15 read(0<pipe:[146981]> <unfinished ...>
27438<flatpak> 22:19:15 exit_group(0 <unfinished ...>
27439<bash> 22:19:15 <... read resumed>, "r", 1) = 1
27438<flatpak> 22:19:15 <... exit_group resumed>) = ?
27439<bash> 22:19:15 read(0<pipe:[146981]>, "/", 1) = 1
27439<bash> 22:19:15 read(0<pipe:[146981]>, "l", 1) = 1
27439<bash> 22:19:15 read(0<pipe:[146981]>, "i", 1) = 1
27439<bash> 22:19:15 read(0<pipe:[146981]>, "b", 1) = 1
27439<bash> 22:19:15 read(0<pipe:[146981]>, "/", 1) = 1
27439<bash> 22:19:15 read(0<pipe:[146981]>, "f", 1) = 1
27439<bash> 22:19:15 read(0<pipe:[146981]>, "l", 1) = 1
27439<bash> 22:19:15 read(0<pipe:[146981]>, "a", 1) = 1
27439<bash> 22:19:15 read(0<pipe:[146981]>, "t", 1) = 1
27438<flatpak> 22:19:15 +++ exited with 0 +++
27439<bash> 22:19:15 read(0<pipe:[146981]> <unfinished ...>
27437<bash> 22:19:15 <... wait4 resumed>, [{WIFEXITED(s) && WEXITSTATUS(s) == 0}], 0, NULL) = 27438
27439<bash> 22:19:15 <... read resumed>, "p", 1) = 1
27437<bash> 22:19:15 wait4(-1 <unfinished ...>
27439<bash> 22:19:15 read(0<pipe:[146981]>, "a", 1) = 1
27439<bash> 22:19:15 read(0<pipe:[146981]>, "k", 1) = 1
27439<bash> 22:19:15 read(0<pipe:[146981]>, "\n", 1) = 1
27439<bash> 22:19:15 rt_sigprocmask(SIG_BLOCK, NULL, [], 8) = 0
27439<bash> 22:19:15 rt_sigprocmask(SIG_SETMASK, NULL, [], 8) = 0
27439<bash> 22:19:15 ioctl(0<pipe:[146981]>, TCGETS2, 0x7ffee29a7f50) = -1 ENOTTY (Inappropriate ioctl for device)
27439<bash> 22:19:15 lseek(0<pipe:[146981]>, 0, SEEK_CUR) = -1 ESPIPE (Illegal seek)
27439<bash> 22:19:15 read(0<pipe:[146981]>, "", 1) = 0
27439<bash> 22:19:15 write(1<pipe:[146980]>, "/home/catastor/.local/share/flat"..., 81) = 81
27408<bash> 22:19:15 <... read resumed>, "/home/catastor/.local/share/flat"..., 4096) = 81
27408<bash> 22:19:15 read(3<pipe:[146980]> <unfinished ...>
27439<bash> 22:19:15 exit_group(0)      = ?
27439<bash> 22:19:15 +++ exited with 0 +++
27437<bash> 22:19:15 <... wait4 resumed>, [{WIFEXITED(s) && WEXITSTATUS(s) == 0}], 0, NULL) = 27439
27437<bash> 22:19:15 rt_sigaction(SIGINT, {sa_handler=0x55e6ca0352c0, sa_mask=[], sa_flags=SA_RESTORER, sa_restorer=0x7fa306ca35b0}, {sa_handler=0x55e6ca002d80, sa_mask=[], sa_flags=SA_RESTORER, sa_restorer=0x7fa306ca35b0}, 8) = 0
27437<bash> 22:19:15 rt_sigprocmask(SIG_SETMASK, [CHLD], NULL, 8) = 0
27437<bash> 22:19:15 close(3)           = -1 EBADF (Bad file descriptor)
27437<bash> 22:19:15 rt_sigprocmask(SIG_SETMASK, [], NULL, 8) = 0
27437<bash> 22:19:15 --- SIGCHLD {si_signo=SIGCHLD, si_code=CLD_EXITED, si_pid=27438, si_uid=1000, si_status=0, si_utime=1 /* 0.01 s */, si_stime=1 /* 0.01 s */} ---
27437<bash> 22:19:15 wait4(-1, 0x7ffee29a8394, WNOHANG, NULL) = -1 ECHILD (No child processes)
27437<bash> 22:19:15 rt_sigreturn({mask=[]}) = 0
27437<bash> 22:19:15 exit_group(0)      = ?
27437<bash> 22:19:15 +++ exited with 0 +++
27408<bash> 22:19:15 <... read resumed>, "", 4096) = 0
27408<bash> 22:19:15 --- SIGCHLD {si_signo=SIGCHLD, si_code=CLD_EXITED, si_pid=27437<bash>, si_uid=1000, si_status=0, si_utime=0, si_stime=0} ---
27408<bash> 22:19:15 wait4(-1, [{WIFEXITED(s) && WEXITSTATUS(s) == 0}], WNOHANG, NULL) = 27437
27408<bash> 22:19:15 wait4(-1, 0x7ffee29a7694, WNOHANG, NULL) = -1 ECHILD (No child processes)
27408<bash> 22:19:15 rt_sigreturn({mask=[INT]}) = 0
27408<bash> 22:19:15 close(3<pipe:[146980]>) = 0
27408<bash> 22:19:15 rt_sigprocmask(SIG_SETMASK, [], NULL, 8) = 0
27408<bash> 22:19:15 rt_sigprocmask(SIG_BLOCK, [CHLD], [], 8) = 0
27408<bash> 22:19:15 rt_sigaction(SIGINT, {sa_handler=0x55e6ca002d80, sa_mask=[], sa_flags=SA_RESTORER, sa_restorer=0x7fa306ca35b0}, {sa_handler=0x55e6ca034cf0, sa_mask=[], sa_flags=SA_RESTORER, sa_restorer=0x7fa306ca35b0}, 8) = 0
27408<bash> 22:19:15 rt_sigaction(SIGINT, {sa_handler=0x55e6ca034cf0, sa_mask=[], sa_flags=SA_RESTORER, sa_restorer=0x7fa306ca35b0}, {sa_handler=0x55e6ca002d80, sa_mask=[], sa_flags=SA_RESTORER, sa_restorer=0x7fa306ca35b0}, 8) = 0
27408<bash> 22:19:15 rt_sigprocmask(SIG_SETMASK, [], NULL, 8) = 0
27408<bash> 22:19:15 rt_sigprocmask(SIG_BLOCK, [CHLD], [], 8) = 0
27408<bash> 22:19:15 rt_sigprocmask(SIG_SETMASK, [], NULL, 8) = 0
27408<bash> 22:19:15 rt_sigprocmask(SIG_BLOCK, [CHLD], [], 8) = 0
27408<bash> 22:19:15 rt_sigprocmask(SIG_SETMASK, [], NULL, 8) = 0
27408<bash> 22:19:15 faccessat2(AT_FDCWD</home/catastor>, "/etc/profile.d/gawk.sh", R_OK, AT_EACCESS) = 0
27408<bash> 22:19:15 openat(AT_FDCWD</home/catastor>, "/etc/profile.d/gawk.sh", O_RDONLY) = 3</etc/profile.d/gawk.sh>
27408<bash> 22:19:15 fstat(3</etc/profile.d/gawk.sh>, {st_mode=S_IFREG|0644, st_size=757, ...}) = 0
27408<bash> 22:19:15 read(3</etc/profile.d/gawk.sh>, "gawkpath_default () {\n\tunset AWK"..., 757) = 757
27408<bash> 22:19:15 close(3</etc/profile.d/gawk.sh>) = 0
27408<bash> 22:19:15 rt_sigprocmask(SIG_BLOCK, NULL, [], 8) = 0
27408<bash> 22:19:15 rt_sigprocmask(SIG_BLOCK, [CHLD], [], 8) = 0
27408<bash> 22:19:15 rt_sigprocmask(SIG_SETMASK, [], NULL, 8) = 0
27408<bash> 22:19:15 faccessat2(AT_FDCWD</home/catastor>, "/etc/profile.d/gmpopenh264.sh", R_OK, AT_EACCESS) = 0
27408<bash> 22:19:15 openat(AT_FDCWD</home/catastor>, "/etc/profile.d/gmpopenh264.sh", O_RDONLY) = 3</etc/profile.d/gmpopenh264.sh>
27408<bash> 22:19:15 fstat(3</etc/profile.d/gmpopenh264.sh>, {st_mode=S_IFREG|0644, st_size=241, ...}) = 0
27408<bash> 22:19:15 read(3</etc/profile.d/gmpopenh264.sh>, "if [[ \":$MOZ_GMP_PATH:\" != *\":/u"..., 241) = 241
27408<bash> 22:19:15 close(3</etc/profile.d/gmpopenh264.sh>) = 0
27408<bash> 22:19:15 rt_sigprocmask(SIG_BLOCK, NULL, [], 8) = 0
27408<bash> 22:19:15 rt_sigprocmask(SIG_BLOCK, [CHLD], [], 8) = 0
27408<bash> 22:19:15 rt_sigprocmask(SIG_SETMASK, [], NULL, 8) = 0
27408<bash> 22:19:15 faccessat2(AT_FDCWD</home/catastor>, "/etc/profile.d/gnupg2.sh", R_OK, AT_EACCESS) = 0
27408<bash> 22:19:15 openat(AT_FDCWD</home/catastor>, "/etc/profile.d/gnupg2.sh", O_RDONLY) = 3</etc/profile.d/gnupg2.sh>
27408<bash> 22:19:15 fstat(3</etc/profile.d/gnupg2.sh>, {st_mode=S_IFREG|0644, st_size=54, ...}) = 0
27408<bash> 22:19:15 read(3</etc/profile.d/gnupg2.sh>, "if [[ $- == *i* ]]; then\n    exp"..., 54) = 54
27408<bash> 22:19:15 close(3</etc/profile.d/gnupg2.sh>) = 0
27408<bash> 22:19:15 rt_sigprocmask(SIG_BLOCK, NULL, [], 8) = 0
27408<bash> 22:19:15 rt_sigprocmask(SIG_BLOCK, NULL, [], 8) = 0
27408<bash> 22:19:15 pipe2([3<pipe:[146982]>, 4<pipe:[146982]>], 0) = 0
27408<bash> 22:19:15 rt_sigprocmask(SIG_BLOCK, [CHLD], [], 8) = 0
27408<bash> 22:19:15 rt_sigprocmask(SIG_SETMASK, [], NULL, 8) = 0
27408<bash> 22:19:15 rt_sigprocmask(SIG_BLOCK, NULL, [], 8) = 0
27408<bash> 22:19:15 rt_sigprocmask(SIG_BLOCK, [INT TERM CHLD], [], 8) = 0
27408<bash> 22:19:15 rt_sigaction(SIGTERM, {sa_handler=SIG_DFL, sa_mask=[], sa_flags=SA_RESTORER, sa_restorer=0x7fa306ca35b0}, {sa_handler=SIG_IGN, sa_mask=[], sa_flags=SA_RESTORER, sa_restorer=0x7fa306ca35b0}, 8) = 0
27408<bash> 22:19:15 rt_sigprocmask(SIG_BLOCK, ~[], [INT TERM CHLD], 8) = 0
27408<bash> 22:19:15 clone(child_stack=NULL, flags=CLONE_CHILD_CLEARTID|CLONE_CHILD_SETTID|SIGCHLD, child_tidptr=0x7fa306c86a10) = 27440<bash>
27440<bash> 22:19:15 set_robust_list(0x7fa306c86a20, 24) = 0
27408<bash> 22:19:15 rt_sigprocmask(SIG_SETMASK, [INT TERM CHLD] <unfinished ...>
27440<bash> 22:19:15 rt_sigprocmask(SIG_SETMASK, [INT TERM CHLD] <unfinished ...>
27408<bash> 22:19:15 <... rt_sigprocmask resumed>, NULL, 8) = 0
27440<bash> 22:19:15 <... rt_sigprocmask resumed>, NULL, 8) = 0
27408<bash> 22:19:15 rt_sigaction(SIGTERM, {sa_handler=SIG_IGN, sa_mask=[], sa_flags=SA_RESTORER, sa_restorer=0x7fa306ca35b0} <unfinished ...>
27440<bash> 22:19:15 getpid( <unfinished ...>
27408<bash> 22:19:15 <... rt_sigaction resumed>, {sa_handler=SIG_DFL, sa_mask=[], sa_flags=SA_RESTORER, sa_restorer=0x7fa306ca35b0}, 8) = 0
27440<bash> 22:19:15 <... getpid resumed>) = 27440<bash>
27408<bash> 22:19:15 rt_sigprocmask(SIG_SETMASK, [] <unfinished ...>
27440<bash> 22:19:15 rt_sigprocmask(SIG_SETMASK, [] <unfinished ...>
27408<bash> 22:19:15 <... rt_sigprocmask resumed>, NULL, 8) = 0
27440<bash> 22:19:15 <... rt_sigprocmask resumed>, NULL, 8) = 0
27408<bash> 22:19:15 rt_sigaction(SIGCHLD, {sa_handler=0x55e6ca0068d0, sa_mask=[], sa_flags=SA_RESTORER|SA_RESTART, sa_restorer=0x7fa306ca35b0} <unfinished ...>
27440<bash> 22:19:15 rt_sigaction(SIGTSTP, {sa_handler=SIG_DFL, sa_mask=[], sa_flags=SA_RESTORER, sa_restorer=0x7fa306ca35b0} <unfinished ...>
27408<bash> 22:19:15 <... rt_sigaction resumed>, {sa_handler=0x55e6ca0068d0, sa_mask=[], sa_flags=SA_RESTORER|SA_RESTART, sa_restorer=0x7fa306ca35b0}, 8) = 0
27440<bash> 22:19:15 <... rt_sigaction resumed>, {sa_handler=SIG_IGN, sa_mask=[], sa_flags=SA_RESTORER, sa_restorer=0x7fa306ca35b0}, 8) = 0
27408<bash> 22:19:15 close(4<pipe:[146982]> <unfinished ...>
27440<bash> 22:19:15 rt_sigaction(SIGTTIN, {sa_handler=SIG_DFL, sa_mask=[], sa_flags=SA_RESTORER, sa_restorer=0x7fa306ca35b0} <unfinished ...>
27408<bash> 22:19:15 <... close resumed>) = 0
27440<bash> 22:19:15 <... rt_sigaction resumed>, {sa_handler=SIG_IGN, sa_mask=[], sa_flags=SA_RESTORER, sa_restorer=0x7fa306ca35b0}, 8) = 0
27408<bash> 22:19:15 rt_sigprocmask(SIG_BLOCK, [INT] <unfinished ...>
27440<bash> 22:19:15 rt_sigaction(SIGTTOU, {sa_handler=SIG_DFL, sa_mask=[], sa_flags=SA_RESTORER, sa_restorer=0x7fa306ca35b0} <unfinished ...>
27408<bash> 22:19:15 <... rt_sigprocmask resumed>, [], 8) = 0
27440<bash> 22:19:15 <... rt_sigaction resumed>, {sa_handler=SIG_IGN, sa_mask=[], sa_flags=SA_RESTORER, sa_restorer=0x7fa306ca35b0}, 8) = 0
27408<bash> 22:19:15 read(3<pipe:[146982]> <unfinished ...>
27440<bash> 22:19:15 rt_sigaction(SIGINT, {sa_handler=SIG_DFL, sa_mask=[], sa_flags=SA_RESTORER, sa_restorer=0x7fa306ca35b0}, {sa_handler=0x55e6ca034cf0, sa_mask=[], sa_flags=SA_RESTORER, sa_restorer=0x7fa306ca35b0}, 8) = 0
27440<bash> 22:19:15 rt_sigaction(SIGQUIT, {sa_handler=SIG_DFL, sa_mask=[], sa_flags=SA_RESTORER, sa_restorer=0x7fa306ca35b0}, {sa_handler=SIG_IGN, sa_mask=[], sa_flags=SA_RESTORER, sa_restorer=0x7fa306ca35b0}, 8) = 0
27440<bash> 22:19:15 rt_sigaction(SIGTERM, {sa_handler=SIG_DFL, sa_mask=[], sa_flags=SA_RESTORER, sa_restorer=0x7fa306ca35b0}, {sa_handler=SIG_DFL, sa_mask=[], sa_flags=SA_RESTORER, sa_restorer=0x7fa306ca35b0}, 8) = 0
27440<bash> 22:19:15 rt_sigaction(SIGCHLD, {sa_handler=SIG_DFL, sa_mask=[], sa_flags=SA_RESTORER|SA_RESTART, sa_restorer=0x7fa306ca35b0}, {sa_handler=0x55e6ca0068d0, sa_mask=[], sa_flags=SA_RESTORER|SA_RESTART, sa_restorer=0x7fa306ca35b0}, 8) = 0
27440<bash> 22:19:15 rt_sigaction(SIGCHLD, {sa_handler=0x55e6ca0068d0, sa_mask=[], sa_flags=SA_RESTORER|SA_RESTART, sa_restorer=0x7fa306ca35b0}, {sa_handler=SIG_DFL, sa_mask=[], sa_flags=SA_RESTORER|SA_RESTART, sa_restorer=0x7fa306ca35b0}, 8) = 0
27440<bash> 22:19:15 rt_sigaction(SIGINT, {sa_handler=0x55e6ca0352c0, sa_mask=[], sa_flags=SA_RESTORER, sa_restorer=0x7fa306ca35b0}, {sa_handler=SIG_DFL, sa_mask=[], sa_flags=SA_RESTORER, sa_restorer=0x7fa306ca35b0}, 8) = 0
27440<bash> 22:19:15 dup2(4<pipe:[146982]>, 1</dev/pts/6<char 136:6>>) = 1<pipe:[146982]>
27440<bash> 22:19:15 close(4<pipe:[146982]>) = 0
27440<bash> 22:19:15 close(3<pipe:[146982]>) = 0
27440<bash> 22:19:15 rt_sigprocmask(SIG_BLOCK, NULL, [], 8) = 0
27440<bash> 22:19:15 newfstatat(AT_FDCWD</home/catastor>, ".", {st_mode=S_IFDIR|0700, st_size=716, ...}, 0) = 0
27440<bash> 22:19:15 newfstatat(AT_FDCWD</home/catastor>, "/usr/local/bin/tty", 0x7ffee29a8a30, 0) = -1 ENOENT (No such file or directory)
27440<bash> 22:19:15 newfstatat(AT_FDCWD</home/catastor>, "/usr/bin/tty", {st_mode=S_IFREG|0755, st_size=36576, ...}, 0) = 0
27440<bash> 22:19:15 newfstatat(AT_FDCWD</home/catastor>, "/usr/bin/tty", {st_mode=S_IFREG|0755, st_size=36576, ...}, 0) = 0
27440<bash> 22:19:15 geteuid()          = 1000
27440<bash> 22:19:15 getegid()          = 1000
27440<bash> 22:19:15 getuid()           = 1000
27440<bash> 22:19:15 getgid()           = 1000
27440<bash> 22:19:15 access("/usr/bin/tty", X_OK) = 0
27440<bash> 22:19:15 newfstatat(AT_FDCWD</home/catastor>, "/usr/bin/tty", {st_mode=S_IFREG|0755, st_size=36576, ...}, 0) = 0
27440<bash> 22:19:15 geteuid()          = 1000
27440<bash> 22:19:15 getegid()          = 1000
27440<bash> 22:19:15 getuid()           = 1000
27440<bash> 22:19:15 getgid()           = 1000
27440<bash> 22:19:15 access("/usr/bin/tty", R_OK) = 0
27440<bash> 22:19:15 rt_sigaction(SIGHUP, {sa_handler=SIG_DFL, sa_mask=[], sa_flags=SA_RESTORER, sa_restorer=0x7fa306ca35b0}, NULL, 8) = 0
27440<bash> 22:19:15 rt_sigaction(SIGILL, {sa_handler=SIG_DFL, sa_mask=[], sa_flags=SA_RESTORER, sa_restorer=0x7fa306ca35b0}, NULL, 8) = 0
27440<bash> 22:19:15 rt_sigaction(SIGTRAP, {sa_handler=SIG_DFL, sa_mask=[], sa_flags=SA_RESTORER, sa_restorer=0x7fa306ca35b0}, NULL, 8) = 0
27440<bash> 22:19:15 rt_sigprocmask(SIG_BLOCK, ~[], [], 8) = 0
27440<bash> 22:19:15 rt_sigaction(SIGABRT, {sa_handler=SIG_DFL, sa_mask=[], sa_flags=SA_RESTORER, sa_restorer=0x7fa306ca35b0}, NULL, 8) = 0
27440<bash> 22:19:15 rt_sigprocmask(SIG_SETMASK, [], NULL, 8) = 0
27440<bash> 22:19:15 rt_sigaction(SIGFPE, {sa_handler=SIG_DFL, sa_mask=[], sa_flags=SA_RESTORER, sa_restorer=0x7fa306ca35b0}, NULL, 8) = 0
27440<bash> 22:19:15 rt_sigaction(SIGBUS, {sa_handler=SIG_DFL, sa_mask=[], sa_flags=SA_RESTORER, sa_restorer=0x7fa306ca35b0}, NULL, 8) = 0
27440<bash> 22:19:15 rt_sigaction(SIGSEGV, {sa_handler=SIG_DFL, sa_mask=[], sa_flags=SA_RESTORER, sa_restorer=0x7fa306ca35b0}, NULL, 8) = 0
27440<bash> 22:19:15 rt_sigaction(SIGSYS, {sa_handler=SIG_DFL, sa_mask=[], sa_flags=SA_RESTORER, sa_restorer=0x7fa306ca35b0}, NULL, 8) = 0
27440<bash> 22:19:15 rt_sigaction(SIGPIPE, {sa_handler=SIG_DFL, sa_mask=[], sa_flags=SA_RESTORER, sa_restorer=0x7fa306ca35b0}, NULL, 8) = 0
27440<bash> 22:19:15 rt_sigaction(SIGALRM, {sa_handler=SIG_DFL, sa_mask=[], sa_flags=SA_RESTORER, sa_restorer=0x7fa306ca35b0}, NULL, 8) = 0
27440<bash> 22:19:15 rt_sigaction(SIGXCPU, {sa_handler=SIG_DFL, sa_mask=[], sa_flags=SA_RESTORER, sa_restorer=0x7fa306ca35b0}, NULL, 8) = 0
27440<bash> 22:19:15 rt_sigaction(SIGXFSZ, {sa_handler=SIG_DFL, sa_mask=[], sa_flags=SA_RESTORER, sa_restorer=0x7fa306ca35b0}, NULL, 8) = 0
27440<bash> 22:19:15 rt_sigaction(SIGVTALRM, {sa_handler=SIG_DFL, sa_mask=[], sa_flags=SA_RESTORER, sa_restorer=0x7fa306ca35b0}, NULL, 8) = 0
27440<bash> 22:19:15 rt_sigaction(SIGUSR1, {sa_handler=SIG_DFL, sa_mask=[], sa_flags=SA_RESTORER, sa_restorer=0x7fa306ca35b0}, NULL, 8) = 0
27440<bash> 22:19:15 rt_sigaction(SIGUSR2, {sa_handler=SIG_DFL, sa_mask=[], sa_flags=SA_RESTORER, sa_restorer=0x7fa306ca35b0}, NULL, 8) = 0
27440<bash> 22:19:15 rt_sigaction(SIGINT, {sa_handler=SIG_DFL, sa_mask=[], sa_flags=SA_RESTORER, sa_restorer=0x7fa306ca35b0}, {sa_handler=0x55e6ca0352c0, sa_mask=[], sa_flags=SA_RESTORER, sa_restorer=0x7fa306ca35b0}, 8) = 0
27440<bash> 22:19:15 rt_sigaction(SIGQUIT, {sa_handler=SIG_DFL, sa_mask=[], sa_flags=SA_RESTORER, sa_restorer=0x7fa306ca35b0}, {sa_handler=SIG_DFL, sa_mask=[], sa_flags=SA_RESTORER, sa_restorer=0x7fa306ca35b0}, 8) = 0
27440<bash> 22:19:15 rt_sigaction(SIGTERM, {sa_handler=SIG_DFL, sa_mask=[], sa_flags=SA_RESTORER, sa_restorer=0x7fa306ca35b0}, {sa_handler=SIG_DFL, sa_mask=[], sa_flags=SA_RESTORER, sa_restorer=0x7fa306ca35b0}, 8) = 0
27440<bash> 22:19:15 rt_sigaction(SIGCHLD, {sa_handler=SIG_DFL, sa_mask=[], sa_flags=SA_RESTORER|SA_RESTART, sa_restorer=0x7fa306ca35b0}, {sa_handler=0x55e6ca0068d0, sa_mask=[], sa_flags=SA_RESTORER|SA_RESTART, sa_restorer=0x7fa306ca35b0}, 8) = 0
27440<bash> 22:19:15 execve("/usr/bin/tty", ["tty"], 0x55e6cc5a87c0 /* 31 vars */) = 0
27440<tty> 22:19:15 brk(NULL)           = 0x5650e8d8e000
27440<tty> 22:19:15 access("/etc/ld.so.preload", R_OK) = -1 ENOENT (No such file or directory)
27440<tty> 22:19:15 openat(AT_FDCWD</home/catastor>, "/etc/ld.so.cache", O_RDONLY|O_CLOEXEC) = 3</etc/ld.so.cache>
27440<tty> 22:19:15 fstat(3</etc/ld.so.cache>, {st_mode=S_IFREG|0644, st_size=74499, ...}) = 0
27440<tty> 22:19:15 mmap(NULL, 74499, PROT_READ, MAP_PRIVATE, 3</etc/ld.so.cache>, 0) = 0x7f230b650000
27440<tty> 22:19:15 close(3</etc/ld.so.cache>) = 0
27440<tty> 22:19:15 openat(AT_FDCWD</home/catastor>, "/lib64/libc.so.6", O_RDONLY|O_CLOEXEC) = 3</usr/lib64/libc.so.6>
27440<tty> 22:19:15 read(3</usr/lib64/libc.so.6>, "\177ELF\2\1\1\3\0\0\0\0\0\0\0\0\3\0>\0\1\0\0\0\2408\0\0\0\0\0\0"..., 832) = 832
27440<tty> 22:19:15 pread64(3</usr/lib64/libc.so.6>, "\6\0\0\0\4\0\0\0@\0\0\0\0\0\0\0@\0\0\0\0\0\0\0@\0\0\0\0\0\0\0"..., 784, 64) = 784
27440<tty> 22:19:15 fstat(3</usr/lib64/libc.so.6>, {st_mode=S_IFREG|0755, st_size=2490288, ...}) = 0
27440<tty> 22:19:15 mmap(NULL, 8192, PROT_READ|PROT_WRITE, MAP_PRIVATE|MAP_ANONYMOUS, -1, 0) = 0x7f230b64e000
27440<tty> 22:19:15 pread64(3</usr/lib64/libc.so.6>, "\6\0\0\0\4\0\0\0@\0\0\0\0\0\0\0@\0\0\0\0\0\0\0@\0\0\0\0\0\0\0"..., 784, 64) = 784
27440<tty> 22:19:15 mmap(NULL, 2075504, PROT_READ|PROT_EXEC, MAP_PRIVATE|MAP_DENYWRITE, 3</usr/lib64/libc.so.6>, 0) = 0x7f230b453000
27440<tty> 22:19:15 mmap(0x7f230b5c7000, 495616, PROT_READ, MAP_PRIVATE|MAP_FIXED|MAP_DENYWRITE, 3</usr/lib64/libc.so.6>, 0x174000) = 0x7f230b5c7000
27440<tty> 22:19:15 mmap(0x7f230b640000, 24576, PROT_READ|PROT_WRITE, MAP_PRIVATE|MAP_FIXED|MAP_DENYWRITE, 3</usr/lib64/libc.so.6>, 0x1ed000) = 0x7f230b640000
27440<tty> 22:19:15 mmap(0x7f230b646000, 31600, PROT_READ|PROT_WRITE, MAP_PRIVATE|MAP_FIXED|MAP_ANONYMOUS, -1, 0) = 0x7f230b646000
27440<tty> 22:19:15 close(3</usr/lib64/libc.so.6>) = 0
27440<tty> 22:19:15 mmap(NULL, 12288, PROT_READ|PROT_WRITE, MAP_PRIVATE|MAP_ANONYMOUS, -1, 0) = 0x7f230b450000
27440<tty> 22:19:15 arch_prctl(ARCH_SET_FS, 0x7f230b450740) = 0
27440<tty> 22:19:15 set_tid_address(0x7f230b450d68) = 27440<tty>
27440<tty> 22:19:15 set_robust_list(0x7f230b450a20, 24) = 0
27440<tty> 22:19:15 rseq({cpu_id_start=0, cpu_id=RSEQ_CPU_ID_UNINITIALIZED, rseq_cs=NULL, flags=0, node_id=0, mm_cid=0, slice_ctrl={request=0, granted=0, __reserved=0}, __reserved=0}, 32, 0, 0x53053053) = 0
27440<tty> 22:19:15 mprotect(0x7f230b640000, 16384, PROT_READ) = 0
27440<tty> 22:19:15 mprotect(0x5650d9893000, 4096, PROT_READ) = 0
27440<tty> 22:19:15 mprotect(0x7f230b6a1000, 8192, PROT_READ) = 0
27440<tty> 22:19:15 prlimit64(0, RLIMIT_STACK, NULL, {rlim_cur=8192*1024, rlim_max=RLIM64_INFINITY}) = 0
27440<tty> 22:19:15 getrandom("\x5f\xb1\xbc\xf9\x61\xb1\x1f\x9d", 8, GRND_NONBLOCK) = 8
27440<tty> 22:19:15 munmap(0x7f230b650000, 74499) = 0
27440<tty> 22:19:15 brk(NULL)           = 0x5650e8d8e000
27440<tty> 22:19:15 brk(0x5650e8daf000) = 0x5650e8daf000
27440<tty> 22:19:15 ioctl(0</dev/pts/6<char 136:6>>, TCGETS2, {c_iflag=ICRNL|IXON|IUTF8, c_oflag=NL0|CR0|TAB0|BS0|VT0|FF0|OPOST|ONLCR, c_cflag=B38400|CS8|CREAD, c_lflag=ISIG|ICANON|ECHO|ECHOE|ECHOK|IEXTEN|ECHOCTL|ECHOKE, ...}) = 0
27440<tty> 22:19:15 ioctl(0</dev/pts/6<char 136:6>>, TCGETS2, {c_iflag=ICRNL|IXON|IUTF8, c_oflag=NL0|CR0|TAB0|BS0|VT0|FF0|OPOST|ONLCR, c_cflag=B38400|CS8|CREAD, c_lflag=ISIG|ICANON|ECHO|ECHOE|ECHOK|IEXTEN|ECHOCTL|ECHOKE, ...}) = 0
27440<tty> 22:19:15 fstat(0</dev/pts/6<char 136:6>>, {st_mode=S_IFCHR|0620, st_rdev=makedev(0x88, 0x6), ...}) = 0
27440<tty> 22:19:15 readlink("/proc/self/fd/0", "/dev/pts/6", 4095) = 10
27440<tty> 22:19:15 newfstatat(AT_FDCWD</home/catastor>, "/dev/pts/6", {st_mode=S_IFCHR|0620, st_rdev=makedev(0x88, 0x6), ...}, 0) = 0
27440<tty> 22:19:15 fstat(1<pipe:[146982]>, {st_mode=S_IFIFO|0600, st_size=0, ...}) = 0
27440<tty> 22:19:15 write(1<pipe:[146982]>, "/dev/pts/6\n", 11) = 11
27408<bash> 22:19:15 <... read resumed>, "/dev/pts/6\n", 4096) = 11
27440<tty> 22:19:15 close(1<pipe:[146982]>) = 0
27408<bash> 22:19:15 read(3<pipe:[146982]> <unfinished ...>
27440<tty> 22:19:15 close(2</dev/pts/6<char 136:6>> <unfinished ...>
27408<bash> 22:19:15 <... read resumed>, "", 4096) = 0
27440<tty> 22:19:15 <... close resumed>) = 0
27440<tty> 22:19:15 exit_group(0 <unfinished ...>
27408<bash> 22:19:15 close(3<pipe:[146982]> <unfinished ...>
27440<tty> 22:19:15 <... exit_group resumed>) = ?
27408<bash> 22:19:15 <... close resumed>) = 0
27408<bash> 22:19:15 rt_sigprocmask(SIG_SETMASK, [], NULL, 8) = 0
27440<tty> 22:19:15 +++ exited with 0 +++
27408<bash> 22:19:15 --- SIGCHLD {si_signo=SIGCHLD, si_code=CLD_EXITED, si_pid=27440<tty>, si_uid=1000, si_status=0, si_utime=0, si_stime=0} ---
27408<bash> 22:19:15 wait4(-1, [{WIFEXITED(s) && WEXITSTATUS(s) == 0}], WNOHANG, NULL) = 27440
27408<bash> 22:19:15 wait4(-1, 0x7ffee29a8a14, WNOHANG, NULL) = -1 ECHILD (No child processes)
27408<bash> 22:19:15 rt_sigreturn({mask=[]}) = 0
27408<bash> 22:19:15 rt_sigprocmask(SIG_BLOCK, [CHLD], [], 8) = 0
27408<bash> 22:19:15 rt_sigaction(SIGINT, {sa_handler=0x55e6ca002d80, sa_mask=[], sa_flags=SA_RESTORER, sa_restorer=0x7fa306ca35b0}, {sa_handler=0x55e6ca034cf0, sa_mask=[], sa_flags=SA_RESTORER, sa_restorer=0x7fa306ca35b0}, 8) = 0
27408<bash> 22:19:15 rt_sigaction(SIGINT, {sa_handler=0x55e6ca034cf0, sa_mask=[], sa_flags=SA_RESTORER, sa_restorer=0x7fa306ca35b0}, {sa_handler=0x55e6ca002d80, sa_mask=[], sa_flags=SA_RESTORER, sa_restorer=0x7fa306ca35b0}, 8) = 0
27408<bash> 22:19:15 rt_sigprocmask(SIG_SETMASK, [], NULL, 8) = 0
27408<bash> 22:19:15 rt_sigprocmask(SIG_BLOCK, [CHLD], [], 8) = 0
27408<bash> 22:19:15 rt_sigprocmask(SIG_SETMASK, [], NULL, 8) = 0
27408<bash> 22:19:15 rt_sigprocmask(SIG_BLOCK, [CHLD], [], 8) = 0
27408<bash> 22:19:15 rt_sigprocmask(SIG_SETMASK, [], NULL, 8) = 0
27408<bash> 22:19:15 faccessat2(AT_FDCWD</home/catastor>, "/etc/profile.d/lang.sh", R_OK, AT_EACCESS) = 0
27408<bash> 22:19:15 openat(AT_FDCWD</home/catastor>, "/etc/profile.d/lang.sh", O_RDONLY) = 3</etc/profile.d/lang.sh>
27408<bash> 22:19:15 fstat(3</etc/profile.d/lang.sh>, {st_mode=S_IFREG|0644, st_size=3187, ...}) = 0
27408<bash> 22:19:15 read(3</etc/profile.d/lang.sh>, "# /etc/profile.d/lang.sh - expor"..., 3187) = 3187
27408<bash> 22:19:15 close(3</etc/profile.d/lang.sh>) = 0
27408<bash> 22:19:15 rt_sigprocmask(SIG_BLOCK, NULL, [], 8) = 0
27408<bash> 22:19:15 rt_sigprocmask(SIG_BLOCK, NULL, [], 8) = 0
27408<bash> 22:19:15 rt_sigprocmask(SIG_BLOCK, NULL, [], 8) = 0
27408<bash> 22:19:15 pipe2([3<pipe:[146983]>, 4<pipe:[146983]>], 0) = 0
27408<bash> 22:19:15 rt_sigprocmask(SIG_BLOCK, [CHLD], [], 8) = 0
27408<bash> 22:19:15 rt_sigprocmask(SIG_SETMASK, [], NULL, 8) = 0
27408<bash> 22:19:15 rt_sigprocmask(SIG_BLOCK, NULL, [], 8) = 0
27408<bash> 22:19:15 rt_sigprocmask(SIG_BLOCK, [INT TERM CHLD], [], 8) = 0
27408<bash> 22:19:15 rt_sigaction(SIGTERM, {sa_handler=SIG_DFL, sa_mask=[], sa_flags=SA_RESTORER, sa_restorer=0x7fa306ca35b0}, {sa_handler=SIG_IGN, sa_mask=[], sa_flags=SA_RESTORER, sa_restorer=0x7fa306ca35b0}, 8) = 0
27408<bash> 22:19:15 rt_sigprocmask(SIG_BLOCK, ~[], [INT TERM CHLD], 8) = 0
27408<bash> 22:19:15 clone(child_stack=NULL, flags=CLONE_CHILD_CLEARTID|CLONE_CHILD_SETTID|SIGCHLD <unfinished ...>
27441<bash> 22:19:15 set_robust_list(0x7fa306c86a20, 24 <unfinished ...>
27408<bash> 22:19:15 <... clone resumed>, child_tidptr=0x7fa306c86a10) = 27441<bash>
27441<bash> 22:19:15 <... set_robust_list resumed>) = 0
27441<bash> 22:19:15 rt_sigprocmask(SIG_SETMASK, [INT TERM CHLD] <unfinished ...>
27408<bash> 22:19:15 rt_sigprocmask(SIG_SETMASK, [INT TERM CHLD] <unfinished ...>
27441<bash> 22:19:15 <... rt_sigprocmask resumed>, NULL, 8) = 0
27408<bash> 22:19:15 <... rt_sigprocmask resumed>, NULL, 8) = 0
27441<bash> 22:19:15 getpid( <unfinished ...>
27408<bash> 22:19:15 rt_sigaction(SIGTERM, {sa_handler=SIG_IGN, sa_mask=[], sa_flags=SA_RESTORER, sa_restorer=0x7fa306ca35b0} <unfinished ...>
27441<bash> 22:19:15 <... getpid resumed>) = 27441<bash>
27408<bash> 22:19:15 <... rt_sigaction resumed>, {sa_handler=SIG_DFL, sa_mask=[], sa_flags=SA_RESTORER, sa_restorer=0x7fa306ca35b0}, 8) = 0
27441<bash> 22:19:15 rt_sigprocmask(SIG_SETMASK, [], NULL, 8) = 0
27408<bash> 22:19:15 rt_sigprocmask(SIG_SETMASK, [] <unfinished ...>
27441<bash> 22:19:15 rt_sigaction(SIGTSTP, {sa_handler=SIG_DFL, sa_mask=[], sa_flags=SA_RESTORER, sa_restorer=0x7fa306ca35b0} <unfinished ...>
27408<bash> 22:19:15 <... rt_sigprocmask resumed>, NULL, 8) = 0
27441<bash> 22:19:15 <... rt_sigaction resumed>, {sa_handler=SIG_IGN, sa_mask=[], sa_flags=SA_RESTORER, sa_restorer=0x7fa306ca35b0}, 8) = 0
27408<bash> 22:19:15 rt_sigaction(SIGCHLD, {sa_handler=0x55e6ca0068d0, sa_mask=[], sa_flags=SA_RESTORER|SA_RESTART, sa_restorer=0x7fa306ca35b0} <unfinished ...>
27441<bash> 22:19:15 rt_sigaction(SIGTTIN, {sa_handler=SIG_DFL, sa_mask=[], sa_flags=SA_RESTORER, sa_restorer=0x7fa306ca35b0} <unfinished ...>
27408<bash> 22:19:15 <... rt_sigaction resumed>, {sa_handler=0x55e6ca0068d0, sa_mask=[], sa_flags=SA_RESTORER|SA_RESTART, sa_restorer=0x7fa306ca35b0}, 8) = 0
27441<bash> 22:19:15 <... rt_sigaction resumed>, {sa_handler=SIG_IGN, sa_mask=[], sa_flags=SA_RESTORER, sa_restorer=0x7fa306ca35b0}, 8) = 0
27408<bash> 22:19:15 close(4<pipe:[146983]> <unfinished ...>
27441<bash> 22:19:15 rt_sigaction(SIGTTOU, {sa_handler=SIG_DFL, sa_mask=[], sa_flags=SA_RESTORER, sa_restorer=0x7fa306ca35b0} <unfinished ...>
27408<bash> 22:19:15 <... close resumed>) = 0
27441<bash> 22:19:15 <... rt_sigaction resumed>, {sa_handler=SIG_IGN, sa_mask=[], sa_flags=SA_RESTORER, sa_restorer=0x7fa306ca35b0}, 8) = 0
27408<bash> 22:19:15 rt_sigprocmask(SIG_BLOCK, [INT] <unfinished ...>
27441<bash> 22:19:15 rt_sigaction(SIGINT, {sa_handler=SIG_DFL, sa_mask=[], sa_flags=SA_RESTORER, sa_restorer=0x7fa306ca35b0} <unfinished ...>
27408<bash> 22:19:15 <... rt_sigprocmask resumed>, [], 8) = 0
27441<bash> 22:19:15 <... rt_sigaction resumed>, {sa_handler=0x55e6ca034cf0, sa_mask=[], sa_flags=SA_RESTORER, sa_restorer=0x7fa306ca35b0}, 8) = 0
27408<bash> 22:19:15 read(3<pipe:[146983]> <unfinished ...>
27441<bash> 22:19:15 rt_sigaction(SIGQUIT, {sa_handler=SIG_DFL, sa_mask=[], sa_flags=SA_RESTORER, sa_restorer=0x7fa306ca35b0}, {sa_handler=SIG_IGN, sa_mask=[], sa_flags=SA_RESTORER, sa_restorer=0x7fa306ca35b0}, 8) = 0
27441<bash> 22:19:15 rt_sigaction(SIGTERM, {sa_handler=SIG_DFL, sa_mask=[], sa_flags=SA_RESTORER, sa_restorer=0x7fa306ca35b0}, {sa_handler=SIG_DFL, sa_mask=[], sa_flags=SA_RESTORER, sa_restorer=0x7fa306ca35b0}, 8) = 0
27441<bash> 22:19:15 rt_sigaction(SIGCHLD, {sa_handler=SIG_DFL, sa_mask=[], sa_flags=SA_RESTORER|SA_RESTART, sa_restorer=0x7fa306ca35b0}, {sa_handler=0x55e6ca0068d0, sa_mask=[], sa_flags=SA_RESTORER|SA_RESTART, sa_restorer=0x7fa306ca35b0}, 8) = 0
27441<bash> 22:19:15 rt_sigaction(SIGCHLD, {sa_handler=0x55e6ca0068d0, sa_mask=[], sa_flags=SA_RESTORER|SA_RESTART, sa_restorer=0x7fa306ca35b0}, {sa_handler=SIG_DFL, sa_mask=[], sa_flags=SA_RESTORER|SA_RESTART, sa_restorer=0x7fa306ca35b0}, 8) = 0
27441<bash> 22:19:15 rt_sigaction(SIGINT, {sa_handler=0x55e6ca0352c0, sa_mask=[], sa_flags=SA_RESTORER, sa_restorer=0x7fa306ca35b0}, {sa_handler=SIG_DFL, sa_mask=[], sa_flags=SA_RESTORER, sa_restorer=0x7fa306ca35b0}, 8) = 0
27441<bash> 22:19:15 dup2(4<pipe:[146983]>, 1</dev/pts/6<char 136:6>>) = 1<pipe:[146983]>
27441<bash> 22:19:15 close(4<pipe:[146983]>) = 0
27441<bash> 22:19:15 close(3<pipe:[146983]>) = 0
27441<bash> 22:19:15 rt_sigprocmask(SIG_BLOCK, NULL, [], 8) = 0
27441<bash> 22:19:15 rt_sigprocmask(SIG_BLOCK, NULL, [], 8) = 0
27441<bash> 22:19:15 rt_sigprocmask(SIG_BLOCK, [INT TERM CHLD], [], 8) = 0
27441<bash> 22:19:15 rt_sigaction(SIGTERM, {sa_handler=SIG_DFL, sa_mask=[], sa_flags=SA_RESTORER, sa_restorer=0x7fa306ca35b0}, {sa_handler=SIG_DFL, sa_mask=[], sa_flags=SA_RESTORER, sa_restorer=0x7fa306ca35b0}, 8) = 0
27441<bash> 22:19:15 rt_sigprocmask(SIG_BLOCK, ~[], [INT TERM CHLD], 8) = 0
27441<bash> 22:19:15 clone(child_stack=NULL, flags=CLONE_CHILD_CLEARTID|CLONE_CHILD_SETTID|SIGCHLD, child_tidptr=0x7fa306c86a10) = 27442<bash>
27442<bash> 22:19:15 set_robust_list(0x7fa306c86a20, 24) = 0
27441<bash> 22:19:15 rt_sigprocmask(SIG_SETMASK, [INT TERM CHLD] <unfinished ...>
27442<bash> 22:19:15 rt_sigprocmask(SIG_SETMASK, [INT TERM CHLD] <unfinished ...>
27441<bash> 22:19:15 <... rt_sigprocmask resumed>, NULL, 8) = 0
27442<bash> 22:19:15 <... rt_sigprocmask resumed>, NULL, 8) = 0
27441<bash> 22:19:15 rt_sigaction(SIGTERM, {sa_handler=SIG_DFL, sa_mask=[], sa_flags=SA_RESTORER, sa_restorer=0x7fa306ca35b0} <unfinished ...>
27442<bash> 22:19:15 getpid( <unfinished ...>
27441<bash> 22:19:15 <... rt_sigaction resumed>, {sa_handler=SIG_DFL, sa_mask=[], sa_flags=SA_RESTORER, sa_restorer=0x7fa306ca35b0}, 8) = 0
27442<bash> 22:19:15 <... getpid resumed>) = 27442<bash>
27441<bash> 22:19:15 rt_sigprocmask(SIG_SETMASK, [] <unfinished ...>
27442<bash> 22:19:15 rt_sigprocmask(SIG_SETMASK, [] <unfinished ...>
27441<bash> 22:19:15 <... rt_sigprocmask resumed>, NULL, 8) = 0
27442<bash> 22:19:15 <... rt_sigprocmask resumed>, NULL, 8) = 0
27441<bash> 22:19:15 rt_sigprocmask(SIG_BLOCK, [CHLD] <unfinished ...>
27442<bash> 22:19:15 rt_sigaction(SIGTSTP, {sa_handler=SIG_DFL, sa_mask=[], sa_flags=SA_RESTORER, sa_restorer=0x7fa306ca35b0} <unfinished ...>
27441<bash> 22:19:15 <... rt_sigprocmask resumed>, [], 8) = 0
27442<bash> 22:19:15 <... rt_sigaction resumed>, {sa_handler=SIG_DFL, sa_mask=[], sa_flags=SA_RESTORER, sa_restorer=0x7fa306ca35b0}, 8) = 0
27442<bash> 22:19:15 rt_sigaction(SIGTTIN, {sa_handler=SIG_DFL, sa_mask=[], sa_flags=SA_RESTORER, sa_restorer=0x7fa306ca35b0} <unfinished ...>
27441<bash> 22:19:15 rt_sigprocmask(SIG_SETMASK, [] <unfinished ...>
27442<bash> 22:19:15 <... rt_sigaction resumed>, {sa_handler=SIG_DFL, sa_mask=[], sa_flags=SA_RESTORER, sa_restorer=0x7fa306ca35b0}, 8) = 0
27441<bash> 22:19:15 <... rt_sigprocmask resumed>, NULL, 8) = 0
27442<bash> 22:19:15 rt_sigaction(SIGTTOU, {sa_handler=SIG_DFL, sa_mask=[], sa_flags=SA_RESTORER, sa_restorer=0x7fa306ca35b0} <unfinished ...>
27441<bash> 22:19:15 rt_sigprocmask(SIG_BLOCK, [CHLD] <unfinished ...>
27442<bash> 22:19:15 <... rt_sigaction resumed>, {sa_handler=SIG_DFL, sa_mask=[], sa_flags=SA_RESTORER, sa_restorer=0x7fa306ca35b0}, 8) = 0
27441<bash> 22:19:15 <... rt_sigprocmask resumed>, [], 8) = 0
27442<bash> 22:19:15 rt_sigaction(SIGHUP, {sa_handler=SIG_DFL, sa_mask=[], sa_flags=SA_RESTORER, sa_restorer=0x7fa306ca35b0}, NULL, 8) = 0
27441<bash> 22:19:15 rt_sigaction(SIGINT, {sa_handler=0x55e6ca002d80, sa_mask=[], sa_flags=SA_RESTORER, sa_restorer=0x7fa306ca35b0} <unfinished ...>
27442<bash> 22:19:15 rt_sigaction(SIGILL, {sa_handler=SIG_DFL, sa_mask=[], sa_flags=SA_RESTORER, sa_restorer=0x7fa306ca35b0} <unfinished ...>
27441<bash> 22:19:15 <... rt_sigaction resumed>, {sa_handler=0x55e6ca0352c0, sa_mask=[], sa_flags=SA_RESTORER, sa_restorer=0x7fa306ca35b0}, 8) = 0
27442<bash> 22:19:15 <... rt_sigaction resumed>, NULL, 8) = 0
27441<bash> 22:19:15 wait4(-1 <unfinished ...>
27442<bash> 22:19:15 rt_sigaction(SIGTRAP, {sa_handler=SIG_DFL, sa_mask=[], sa_flags=SA_RESTORER, sa_restorer=0x7fa306ca35b0}, NULL, 8) = 0
27442<bash> 22:19:15 rt_sigprocmask(SIG_BLOCK, ~[], [], 8) = 0
27442<bash> 22:19:15 rt_sigaction(SIGABRT, {sa_handler=SIG_DFL, sa_mask=[], sa_flags=SA_RESTORER, sa_restorer=0x7fa306ca35b0}, NULL, 8) = 0
27442<bash> 22:19:15 rt_sigprocmask(SIG_SETMASK, [], NULL, 8) = 0
27442<bash> 22:19:15 rt_sigaction(SIGFPE, {sa_handler=SIG_DFL, sa_mask=[], sa_flags=SA_RESTORER, sa_restorer=0x7fa306ca35b0}, NULL, 8) = 0
27442<bash> 22:19:15 rt_sigaction(SIGBUS, {sa_handler=SIG_DFL, sa_mask=[], sa_flags=SA_RESTORER, sa_restorer=0x7fa306ca35b0}, NULL, 8) = 0
27442<bash> 22:19:15 rt_sigaction(SIGSEGV, {sa_handler=SIG_DFL, sa_mask=[], sa_flags=SA_RESTORER, sa_restorer=0x7fa306ca35b0}, NULL, 8) = 0
27442<bash> 22:19:15 rt_sigaction(SIGSYS, {sa_handler=SIG_DFL, sa_mask=[], sa_flags=SA_RESTORER, sa_restorer=0x7fa306ca35b0}, NULL, 8) = 0
27442<bash> 22:19:15 rt_sigaction(SIGPIPE, {sa_handler=SIG_DFL, sa_mask=[], sa_flags=SA_RESTORER, sa_restorer=0x7fa306ca35b0}, NULL, 8) = 0
27442<bash> 22:19:15 rt_sigaction(SIGALRM, {sa_handler=SIG_DFL, sa_mask=[], sa_flags=SA_RESTORER, sa_restorer=0x7fa306ca35b0}, NULL, 8) = 0
27442<bash> 22:19:15 rt_sigaction(SIGXCPU, {sa_handler=SIG_DFL, sa_mask=[], sa_flags=SA_RESTORER, sa_restorer=0x7fa306ca35b0}, NULL, 8) = 0
27442<bash> 22:19:15 rt_sigaction(SIGXFSZ, {sa_handler=SIG_DFL, sa_mask=[], sa_flags=SA_RESTORER, sa_restorer=0x7fa306ca35b0}, NULL, 8) = 0
27442<bash> 22:19:15 rt_sigaction(SIGVTALRM, {sa_handler=SIG_DFL, sa_mask=[], sa_flags=SA_RESTORER, sa_restorer=0x7fa306ca35b0}, NULL, 8) = 0
27442<bash> 22:19:15 rt_sigaction(SIGUSR1, {sa_handler=SIG_DFL, sa_mask=[], sa_flags=SA_RESTORER, sa_restorer=0x7fa306ca35b0}, NULL, 8) = 0
27442<bash> 22:19:15 rt_sigaction(SIGUSR2, {sa_handler=SIG_DFL, sa_mask=[], sa_flags=SA_RESTORER, sa_restorer=0x7fa306ca35b0}, NULL, 8) = 0
27442<bash> 22:19:15 rt_sigaction(SIGINT, {sa_handler=SIG_DFL, sa_mask=[], sa_flags=SA_RESTORER, sa_restorer=0x7fa306ca35b0}, {sa_handler=0x55e6ca0352c0, sa_mask=[], sa_flags=SA_RESTORER, sa_restorer=0x7fa306ca35b0}, 8) = 0
27442<bash> 22:19:15 rt_sigaction(SIGQUIT, {sa_handler=SIG_DFL, sa_mask=[], sa_flags=SA_RESTORER, sa_restorer=0x7fa306ca35b0}, {sa_handler=SIG_DFL, sa_mask=[], sa_flags=SA_RESTORER, sa_restorer=0x7fa306ca35b0}, 8) = 0
27442<bash> 22:19:15 rt_sigaction(SIGTERM, {sa_handler=SIG_DFL, sa_mask=[], sa_flags=SA_RESTORER, sa_restorer=0x7fa306ca35b0}, {sa_handler=SIG_DFL, sa_mask=[], sa_flags=SA_RESTORER, sa_restorer=0x7fa306ca35b0}, 8) = 0
27442<bash> 22:19:15 rt_sigaction(SIGCHLD, {sa_handler=SIG_DFL, sa_mask=[], sa_flags=SA_RESTORER|SA_RESTART, sa_restorer=0x7fa306ca35b0}, {sa_handler=0x55e6ca0068d0, sa_mask=[], sa_flags=SA_RESTORER|SA_RESTART, sa_restorer=0x7fa306ca35b0}, 8) = 0
27442<bash> 22:19:15 dup2(1<pipe:[146983]>, 2</dev/pts/6<char 136:6>>) = 2<pipe:[146983]>
27442<bash> 22:19:15 fcntl(1<pipe:[146983]>, F_GETFD) = 0
27442<bash> 22:19:15 openat(AT_FDCWD</home/catastor>, "/dev/null", O_WRONLY|O_CREAT|O_TRUNC, 0666) = 3</dev/null<char 1:3>>
27442<bash> 22:19:15 dup2(3</dev/null<char 1:3>>, 1<pipe:[146983]>) = 1</dev/null<char 1:3>>
27442<bash> 22:19:15 close(3</dev/null<char 1:3>>) = 0
27442<bash> 22:19:15 execve("/usr/bin/locale", ["/usr/bin/locale"], 0x55e6cc5a87c0 /* 32 vars */) = 0
27442<locale> 22:19:15 brk(NULL)        = 0x555df7df9000
27442<locale> 22:19:15 access("/etc/ld.so.preload", R_OK) = -1 ENOENT (No such file or directory)
27442<locale> 22:19:15 openat(AT_FDCWD</home/catastor>, "/etc/ld.so.cache", O_RDONLY|O_CLOEXEC) = 3</etc/ld.so.cache>
27442<locale> 22:19:15 fstat(3</etc/ld.so.cache>, {st_mode=S_IFREG|0644, st_size=74499, ...}) = 0
27442<locale> 22:19:15 mmap(NULL, 74499, PROT_READ, MAP_PRIVATE, 3</etc/ld.so.cache>, 0) = 0x7fa54c0cb000
27442<locale> 22:19:15 close(3</etc/ld.so.cache>) = 0
27442<locale> 22:19:15 openat(AT_FDCWD</home/catastor>, "/lib64/libc.so.6", O_RDONLY|O_CLOEXEC) = 3</usr/lib64/libc.so.6>
27442<locale> 22:19:15 read(3</usr/lib64/libc.so.6>, "\177ELF\2\1\1\3\0\0\0\0\0\0\0\0\3\0>\0\1\0\0\0\2408\0\0\0\0\0\0"..., 832) = 832
27442<locale> 22:19:15 pread64(3</usr/lib64/libc.so.6>, "\6\0\0\0\4\0\0\0@\0\0\0\0\0\0\0@\0\0\0\0\0\0\0@\0\0\0\0\0\0\0"..., 784, 64) = 784
27442<locale> 22:19:15 fstat(3</usr/lib64/libc.so.6>, {st_mode=S_IFREG|0755, st_size=2490288, ...}) = 0
27442<locale> 22:19:15 mmap(NULL, 8192, PROT_READ|PROT_WRITE, MAP_PRIVATE|MAP_ANONYMOUS, -1, 0) = 0x7fa54c0c9000
27442<locale> 22:19:15 pread64(3</usr/lib64/libc.so.6>, "\6\0\0\0\4\0\0\0@\0\0\0\0\0\0\0@\0\0\0\0\0\0\0@\0\0\0\0\0\0\0"..., 784, 64) = 784
27442<locale> 22:19:15 mmap(NULL, 2075504, PROT_READ|PROT_EXEC, MAP_PRIVATE|MAP_DENYWRITE, 3</usr/lib64/libc.so.6>, 0) = 0x7fa54bece000
27442<locale> 22:19:15 mmap(0x7fa54c042000, 495616, PROT_READ, MAP_PRIVATE|MAP_FIXED|MAP_DENYWRITE, 3</usr/lib64/libc.so.6>, 0x174000) = 0x7fa54c042000
27442<locale> 22:19:15 mmap(0x7fa54c0bb000, 24576, PROT_READ|PROT_WRITE, MAP_PRIVATE|MAP_FIXED|MAP_DENYWRITE, 3</usr/lib64/libc.so.6>, 0x1ed000) = 0x7fa54c0bb000
27442<locale> 22:19:15 mmap(0x7fa54c0c1000, 31600, PROT_READ|PROT_WRITE, MAP_PRIVATE|MAP_FIXED|MAP_ANONYMOUS, -1, 0) = 0x7fa54c0c1000
27442<locale> 22:19:15 close(3</usr/lib64/libc.so.6>) = 0
27442<locale> 22:19:15 mmap(NULL, 12288, PROT_READ|PROT_WRITE, MAP_PRIVATE|MAP_ANONYMOUS, -1, 0) = 0x7fa54becb000
27442<locale> 22:19:15 arch_prctl(ARCH_SET_FS, 0x7fa54becb740) = 0
27442<locale> 22:19:15 set_tid_address(0x7fa54becbd68) = 27442<locale>
27442<locale> 22:19:15 set_robust_list(0x7fa54becba20, 24) = 0
27442<locale> 22:19:15 rseq({cpu_id_start=0, cpu_id=RSEQ_CPU_ID_UNINITIALIZED, rseq_cs=NULL, flags=0, node_id=0, mm_cid=0, slice_ctrl={request=0, granted=0, __reserved=0}, __reserved=0}, 32, 0, 0x53053053) = 0
27442<locale> 22:19:15 mprotect(0x7fa54c0bb000, 16384, PROT_READ) = 0
27442<locale> 22:19:15 mprotect(0x555dc5661000, 4096, PROT_READ) = 0
27442<locale> 22:19:15 mprotect(0x7fa54c11c000, 8192, PROT_READ) = 0
27442<locale> 22:19:15 prlimit64(0, RLIMIT_STACK, NULL, {rlim_cur=8192*1024, rlim_max=RLIM64_INFINITY}) = 0
27442<locale> 22:19:15 getrandom("\x22\x5e\xae\xcf\x60\x45\x2d\x81", 8, GRND_NONBLOCK) = 8
27442<locale> 22:19:15 munmap(0x7fa54c0cb000, 74499) = 0
27442<locale> 22:19:15 brk(NULL)        = 0x555df7df9000
27442<locale> 22:19:15 brk(0x555df7e1a000) = 0x555df7e1a000
27442<locale> 22:19:15 fstat(1</dev/null<char 1:3>>, {st_mode=S_IFCHR|0666, st_rdev=makedev(0x1, 0x3), ...}) = 0
27442<locale> 22:19:15 ioctl(1</dev/null<char 1:3>>, TCGETS2, 0x7ffff2411e50) = -1 ENOTTY (Inappropriate ioctl for device)
27442<locale> 22:19:15 write(1</dev/null<char 1:3>>, "LANG=\nLC_CTYPE=\"POSIX\"\nLC_NUMERI"..., 247) = 247
27442<locale> 22:19:15 exit_group(0)    = ?
27442<locale> 22:19:15 +++ exited with 0 +++
27441<bash> 22:19:15 <... wait4 resumed>, [{WIFEXITED(s) && WEXITSTATUS(s) == 0}], 0, NULL) = 27442
27441<bash> 22:19:15 rt_sigaction(SIGINT, {sa_handler=0x55e6ca0352c0, sa_mask=[], sa_flags=SA_RESTORER, sa_restorer=0x7fa306ca35b0}, {sa_handler=0x55e6ca002d80, sa_mask=[], sa_flags=SA_RESTORER, sa_restorer=0x7fa306ca35b0}, 8) = 0
27441<bash> 22:19:15 rt_sigprocmask(SIG_SETMASK, [], NULL, 8) = 0
27441<bash> 22:19:15 --- SIGCHLD {si_signo=SIGCHLD, si_code=CLD_EXITED, si_pid=27442, si_uid=1000, si_status=0, si_utime=0, si_stime=0} ---
27441<bash> 22:19:15 wait4(-1, 0x7ffee29a8494, WNOHANG, NULL) = -1 ECHILD (No child processes)
27441<bash> 22:19:15 rt_sigreturn({mask=[]}) = 0
27441<bash> 22:19:15 exit_group(0)      = ?
27441<bash> 22:19:15 +++ exited with 0 +++
27408<bash> 22:19:15 <... read resumed>, "", 4096) = 0
27408<bash> 22:19:15 --- SIGCHLD {si_signo=SIGCHLD, si_code=CLD_EXITED, si_pid=27441<bash>, si_uid=1000, si_status=0, si_utime=0, si_stime=0} ---
27408<bash> 22:19:15 wait4(-1, [{WIFEXITED(s) && WEXITSTATUS(s) == 0}], WNOHANG, NULL) = 27441
27408<bash> 22:19:15 wait4(-1, 0x7ffee29a7894, WNOHANG, NULL) = -1 ECHILD (No child processes)
27408<bash> 22:19:15 rt_sigreturn({mask=[INT]}) = 0
27408<bash> 22:19:15 close(3<pipe:[146983]>) = 0
27408<bash> 22:19:15 rt_sigprocmask(SIG_SETMASK, [], NULL, 8) = 0
27408<bash> 22:19:15 rt_sigprocmask(SIG_BLOCK, [CHLD], [], 8) = 0
27408<bash> 22:19:15 rt_sigaction(SIGINT, {sa_handler=0x55e6ca002d80, sa_mask=[], sa_flags=SA_RESTORER, sa_restorer=0x7fa306ca35b0}, {sa_handler=0x55e6ca034cf0, sa_mask=[], sa_flags=SA_RESTORER, sa_restorer=0x7fa306ca35b0}, 8) = 0
27408<bash> 22:19:15 rt_sigaction(SIGINT, {sa_handler=0x55e6ca034cf0, sa_mask=[], sa_flags=SA_RESTORER, sa_restorer=0x7fa306ca35b0}, {sa_handler=0x55e6ca002d80, sa_mask=[], sa_flags=SA_RESTORER, sa_restorer=0x7fa306ca35b0}, 8) = 0
27408<bash> 22:19:15 rt_sigprocmask(SIG_SETMASK, [], NULL, 8) = 0
27408<bash> 22:19:15 rt_sigprocmask(SIG_BLOCK, [CHLD], [], 8) = 0
27408<bash> 22:19:15 rt_sigprocmask(SIG_SETMASK, [], NULL, 8) = 0
27408<bash> 22:19:15 newfstatat(AT_FDCWD</home/catastor>, "/etc/locale.conf", {st_mode=S_IFREG|0644, st_size=19, ...}, 0) = 0
27408<bash> 22:19:15 faccessat2(AT_FDCWD</home/catastor>, "/usr/bin/sed", X_OK, AT_EACCESS) = 0
27408<bash> 22:19:15 rt_sigprocmask(SIG_BLOCK, NULL, [], 8) = 0
27408<bash> 22:19:15 rt_sigprocmask(SIG_BLOCK, NULL, [], 8) = 0
27408<bash> 22:19:15 pipe2([3<pipe:[145930]>, 4<pipe:[145930]>], 0) = 0
27408<bash> 22:19:15 rt_sigprocmask(SIG_BLOCK, [CHLD], [], 8) = 0
27408<bash> 22:19:15 rt_sigprocmask(SIG_SETMASK, [], NULL, 8) = 0
27408<bash> 22:19:15 rt_sigprocmask(SIG_BLOCK, NULL, [], 8) = 0
27408<bash> 22:19:15 rt_sigprocmask(SIG_BLOCK, [INT TERM CHLD], [], 8) = 0
27408<bash> 22:19:15 rt_sigaction(SIGTERM, {sa_handler=SIG_DFL, sa_mask=[], sa_flags=SA_RESTORER, sa_restorer=0x7fa306ca35b0}, {sa_handler=SIG_IGN, sa_mask=[], sa_flags=SA_RESTORER, sa_restorer=0x7fa306ca35b0}, 8) = 0
27408<bash> 22:19:15 rt_sigprocmask(SIG_BLOCK, ~[], [INT TERM CHLD], 8) = 0
27408<bash> 22:19:15 clone(child_stack=NULL, flags=CLONE_CHILD_CLEARTID|CLONE_CHILD_SETTID|SIGCHLD, child_tidptr=0x7fa306c86a10) = 27443<bash>
27443<bash> 22:19:15 set_robust_list(0x7fa306c86a20, 24) = 0
27408<bash> 22:19:15 rt_sigprocmask(SIG_SETMASK, [INT TERM CHLD] <unfinished ...>
27443<bash> 22:19:15 rt_sigprocmask(SIG_SETMASK, [INT TERM CHLD] <unfinished ...>
27408<bash> 22:19:15 <... rt_sigprocmask resumed>, NULL, 8) = 0
27443<bash> 22:19:15 <... rt_sigprocmask resumed>, NULL, 8) = 0
27408<bash> 22:19:15 rt_sigaction(SIGTERM, {sa_handler=SIG_IGN, sa_mask=[], sa_flags=SA_RESTORER, sa_restorer=0x7fa306ca35b0} <unfinished ...>
27443<bash> 22:19:15 getpid( <unfinished ...>
27408<bash> 22:19:15 <... rt_sigaction resumed>, {sa_handler=SIG_DFL, sa_mask=[], sa_flags=SA_RESTORER, sa_restorer=0x7fa306ca35b0}, 8) = 0
27443<bash> 22:19:15 <... getpid resumed>) = 27443<bash>
27408<bash> 22:19:15 rt_sigprocmask(SIG_SETMASK, [] <unfinished ...>
27443<bash> 22:19:15 rt_sigprocmask(SIG_SETMASK, [] <unfinished ...>
27408<bash> 22:19:15 <... rt_sigprocmask resumed>, NULL, 8) = 0
27443<bash> 22:19:15 <... rt_sigprocmask resumed>, NULL, 8) = 0
27408<bash> 22:19:15 rt_sigaction(SIGCHLD, {sa_handler=0x55e6ca0068d0, sa_mask=[], sa_flags=SA_RESTORER|SA_RESTART, sa_restorer=0x7fa306ca35b0} <unfinished ...>
27443<bash> 22:19:15 rt_sigaction(SIGTSTP, {sa_handler=SIG_DFL, sa_mask=[], sa_flags=SA_RESTORER, sa_restorer=0x7fa306ca35b0} <unfinished ...>
27408<bash> 22:19:15 <... rt_sigaction resumed>, {sa_handler=0x55e6ca0068d0, sa_mask=[], sa_flags=SA_RESTORER|SA_RESTART, sa_restorer=0x7fa306ca35b0}, 8) = 0
27443<bash> 22:19:15 <... rt_sigaction resumed>, {sa_handler=SIG_IGN, sa_mask=[], sa_flags=SA_RESTORER, sa_restorer=0x7fa306ca35b0}, 8) = 0
27408<bash> 22:19:15 close(4<pipe:[145930]> <unfinished ...>
27443<bash> 22:19:15 rt_sigaction(SIGTTIN, {sa_handler=SIG_DFL, sa_mask=[], sa_flags=SA_RESTORER, sa_restorer=0x7fa306ca35b0} <unfinished ...>
27408<bash> 22:19:15 <... close resumed>) = 0
27443<bash> 22:19:15 <... rt_sigaction resumed>, {sa_handler=SIG_IGN, sa_mask=[], sa_flags=SA_RESTORER, sa_restorer=0x7fa306ca35b0}, 8) = 0
27408<bash> 22:19:15 rt_sigprocmask(SIG_BLOCK, [INT] <unfinished ...>
27443<bash> 22:19:15 rt_sigaction(SIGTTOU, {sa_handler=SIG_DFL, sa_mask=[], sa_flags=SA_RESTORER, sa_restorer=0x7fa306ca35b0} <unfinished ...>
27408<bash> 22:19:15 <... rt_sigprocmask resumed>, [], 8) = 0
27443<bash> 22:19:15 <... rt_sigaction resumed>, {sa_handler=SIG_IGN, sa_mask=[], sa_flags=SA_RESTORER, sa_restorer=0x7fa306ca35b0}, 8) = 0
27408<bash> 22:19:15 read(3<pipe:[145930]> <unfinished ...>
27443<bash> 22:19:15 rt_sigaction(SIGINT, {sa_handler=SIG_DFL, sa_mask=[], sa_flags=SA_RESTORER, sa_restorer=0x7fa306ca35b0}, {sa_handler=0x55e6ca034cf0, sa_mask=[], sa_flags=SA_RESTORER, sa_restorer=0x7fa306ca35b0}, 8) = 0
27443<bash> 22:19:15 rt_sigaction(SIGQUIT, {sa_handler=SIG_DFL, sa_mask=[], sa_flags=SA_RESTORER, sa_restorer=0x7fa306ca35b0}, {sa_handler=SIG_IGN, sa_mask=[], sa_flags=SA_RESTORER, sa_restorer=0x7fa306ca35b0}, 8) = 0
27443<bash> 22:19:15 rt_sigaction(SIGTERM, {sa_handler=SIG_DFL, sa_mask=[], sa_flags=SA_RESTORER, sa_restorer=0x7fa306ca35b0}, {sa_handler=SIG_DFL, sa_mask=[], sa_flags=SA_RESTORER, sa_restorer=0x7fa306ca35b0}, 8) = 0
27443<bash> 22:19:15 rt_sigaction(SIGCHLD, {sa_handler=SIG_DFL, sa_mask=[], sa_flags=SA_RESTORER|SA_RESTART, sa_restorer=0x7fa306ca35b0}, {sa_handler=0x55e6ca0068d0, sa_mask=[], sa_flags=SA_RESTORER|SA_RESTART, sa_restorer=0x7fa306ca35b0}, 8) = 0
27443<bash> 22:19:15 rt_sigaction(SIGCHLD, {sa_handler=0x55e6ca0068d0, sa_mask=[], sa_flags=SA_RESTORER|SA_RESTART, sa_restorer=0x7fa306ca35b0}, {sa_handler=SIG_DFL, sa_mask=[], sa_flags=SA_RESTORER|SA_RESTART, sa_restorer=0x7fa306ca35b0}, 8) = 0
27443<bash> 22:19:15 rt_sigaction(SIGINT, {sa_handler=0x55e6ca0352c0, sa_mask=[], sa_flags=SA_RESTORER, sa_restorer=0x7fa306ca35b0}, {sa_handler=SIG_DFL, sa_mask=[], sa_flags=SA_RESTORER, sa_restorer=0x7fa306ca35b0}, 8) = 0
27443<bash> 22:19:15 dup2(4<pipe:[145930]>, 1</dev/pts/6<char 136:6>>) = 1<pipe:[145930]>
27443<bash> 22:19:15 close(4<pipe:[145930]>) = 0
27443<bash> 22:19:15 close(3<pipe:[145930]>) = 0
27443<bash> 22:19:15 rt_sigprocmask(SIG_BLOCK, NULL, [], 8) = 0
27443<bash> 22:19:15 rt_sigaction(SIGHUP, {sa_handler=SIG_DFL, sa_mask=[], sa_flags=SA_RESTORER, sa_restorer=0x7fa306ca35b0}, NULL, 8) = 0
27443<bash> 22:19:15 rt_sigaction(SIGILL, {sa_handler=SIG_DFL, sa_mask=[], sa_flags=SA_RESTORER, sa_restorer=0x7fa306ca35b0}, NULL, 8) = 0
27443<bash> 22:19:15 rt_sigaction(SIGTRAP, {sa_handler=SIG_DFL, sa_mask=[], sa_flags=SA_RESTORER, sa_restorer=0x7fa306ca35b0}, NULL, 8) = 0
27443<bash> 22:19:15 rt_sigprocmask(SIG_BLOCK, ~[], [], 8) = 0
27443<bash> 22:19:15 rt_sigaction(SIGABRT, {sa_handler=SIG_DFL, sa_mask=[], sa_flags=SA_RESTORER, sa_restorer=0x7fa306ca35b0}, NULL, 8) = 0
27443<bash> 22:19:15 rt_sigprocmask(SIG_SETMASK, [], NULL, 8) = 0
27443<bash> 22:19:15 rt_sigaction(SIGFPE, {sa_handler=SIG_DFL, sa_mask=[], sa_flags=SA_RESTORER, sa_restorer=0x7fa306ca35b0}, NULL, 8) = 0
27443<bash> 22:19:15 rt_sigaction(SIGBUS, {sa_handler=SIG_DFL, sa_mask=[], sa_flags=SA_RESTORER, sa_restorer=0x7fa306ca35b0}, NULL, 8) = 0
27443<bash> 22:19:15 rt_sigaction(SIGSEGV, {sa_handler=SIG_DFL, sa_mask=[], sa_flags=SA_RESTORER, sa_restorer=0x7fa306ca35b0}, NULL, 8) = 0
27443<bash> 22:19:15 rt_sigaction(SIGSYS, {sa_handler=SIG_DFL, sa_mask=[], sa_flags=SA_RESTORER, sa_restorer=0x7fa306ca35b0}, NULL, 8) = 0
27443<bash> 22:19:15 rt_sigaction(SIGPIPE, {sa_handler=SIG_DFL, sa_mask=[], sa_flags=SA_RESTORER, sa_restorer=0x7fa306ca35b0}, NULL, 8) = 0
27443<bash> 22:19:15 rt_sigaction(SIGALRM, {sa_handler=SIG_DFL, sa_mask=[], sa_flags=SA_RESTORER, sa_restorer=0x7fa306ca35b0}, NULL, 8) = 0
27443<bash> 22:19:15 rt_sigaction(SIGXCPU, {sa_handler=SIG_DFL, sa_mask=[], sa_flags=SA_RESTORER, sa_restorer=0x7fa306ca35b0}, NULL, 8) = 0
27443<bash> 22:19:15 rt_sigaction(SIGXFSZ, {sa_handler=SIG_DFL, sa_mask=[], sa_flags=SA_RESTORER, sa_restorer=0x7fa306ca35b0}, NULL, 8) = 0
27443<bash> 22:19:15 rt_sigaction(SIGVTALRM, {sa_handler=SIG_DFL, sa_mask=[], sa_flags=SA_RESTORER, sa_restorer=0x7fa306ca35b0}, NULL, 8) = 0
27443<bash> 22:19:15 rt_sigaction(SIGUSR1, {sa_handler=SIG_DFL, sa_mask=[], sa_flags=SA_RESTORER, sa_restorer=0x7fa306ca35b0}, NULL, 8) = 0
27443<bash> 22:19:15 rt_sigaction(SIGUSR2, {sa_handler=SIG_DFL, sa_mask=[], sa_flags=SA_RESTORER, sa_restorer=0x7fa306ca35b0}, NULL, 8) = 0
27443<bash> 22:19:15 rt_sigaction(SIGINT, {sa_handler=SIG_DFL, sa_mask=[], sa_flags=SA_RESTORER, sa_restorer=0x7fa306ca35b0}, {sa_handler=0x55e6ca0352c0, sa_mask=[], sa_flags=SA_RESTORER, sa_restorer=0x7fa306ca35b0}, 8) = 0
27443<bash> 22:19:15 rt_sigaction(SIGQUIT, {sa_handler=SIG_DFL, sa_mask=[], sa_flags=SA_RESTORER, sa_restorer=0x7fa306ca35b0}, {sa_handler=SIG_DFL, sa_mask=[], sa_flags=SA_RESTORER, sa_restorer=0x7fa306ca35b0}, 8) = 0
27443<bash> 22:19:15 rt_sigaction(SIGTERM, {sa_handler=SIG_DFL, sa_mask=[], sa_flags=SA_RESTORER, sa_restorer=0x7fa306ca35b0}, {sa_handler=SIG_DFL, sa_mask=[], sa_flags=SA_RESTORER, sa_restorer=0x7fa306ca35b0}, 8) = 0
27443<bash> 22:19:15 rt_sigaction(SIGCHLD, {sa_handler=SIG_DFL, sa_mask=[], sa_flags=SA_RESTORER|SA_RESTART, sa_restorer=0x7fa306ca35b0}, {sa_handler=0x55e6ca0068d0, sa_mask=[], sa_flags=SA_RESTORER|SA_RESTART, sa_restorer=0x7fa306ca35b0}, 8) = 0
27443<bash> 22:19:15 execve("/usr/bin/sed", ["/usr/bin/sed", "-r", "-e", "s/^[[:blank:]]*([[:upper:]_]+)=("..., "/etc/locale.conf"], 0x55e6cc5a87c0 /* 32 vars */) = 0
27443<sed> 22:19:15 brk(NULL)           = 0x563bda8ba000
27443<sed> 22:19:15 access("/etc/ld.so.preload", R_OK) = -1 ENOENT (No such file or directory)
27443<sed> 22:19:15 openat(AT_FDCWD</home/catastor>, "/etc/ld.so.cache", O_RDONLY|O_CLOEXEC) = 3</etc/ld.so.cache>
27443<sed> 22:19:15 fstat(3</etc/ld.so.cache>, {st_mode=S_IFREG|0644, st_size=74499, ...}) = 0
27443<sed> 22:19:15 mmap(NULL, 74499, PROT_READ, MAP_PRIVATE, 3</etc/ld.so.cache>, 0) = 0x7f13050c4000
27443<sed> 22:19:15 close(3</etc/ld.so.cache>) = 0
27443<sed> 22:19:15 openat(AT_FDCWD</home/catastor>, "/lib64/libacl.so.1", O_RDONLY|O_CLOEXEC) = 3</usr/lib64/libacl.so.1.1.2302>
27443<sed> 22:19:15 read(3</usr/lib64/libacl.so.1.1.2302>, "\177ELF\2\1\1\0\0\0\0\0\0\0\0\0\3\0>\0\1\0\0\0\0\0\0\0\0\0\0\0"..., 832) = 832
27443<sed> 22:19:15 fstat(3</usr/lib64/libacl.so.1.1.2302>, {st_mode=S_IFREG|0755, st_size=36600, ...}) = 0
27443<sed> 22:19:15 mmap(NULL, 8192, PROT_READ|PROT_WRITE, MAP_PRIVATE|MAP_ANONYMOUS, -1, 0) = 0x7f13050c2000
27443<sed> 22:19:15 mmap(NULL, 36888, PROT_READ|PROT_EXEC, MAP_PRIVATE|MAP_DENYWRITE, 3</usr/lib64/libacl.so.1.1.2302>, 0) = 0x7f13050b8000
27443<sed> 22:19:15 mmap(0x7f13050bd000, 12288, PROT_READ, MAP_PRIVATE|MAP_FIXED|MAP_DENYWRITE, 3</usr/lib64/libacl.so.1.1.2302>, 0x5000) = 0x7f13050bd000
27443<sed> 22:19:15 mmap(0x7f13050c0000, 4096, PROT_READ|PROT_WRITE, MAP_PRIVATE|MAP_FIXED|MAP_DENYWRITE, 3</usr/lib64/libacl.so.1.1.2302>, 0x7000) = 0x7f13050c0000
27443<sed> 22:19:15 mmap(0x7f13050c1000, 24, PROT_READ|PROT_WRITE, MAP_PRIVATE|MAP_FIXED|MAP_ANONYMOUS, -1, 0) = 0x7f13050c1000
27443<sed> 22:19:15 close(3</usr/lib64/libacl.so.1.1.2302>) = 0
27443<sed> 22:19:15 openat(AT_FDCWD</home/catastor>, "/lib64/libselinux.so.1", O_RDONLY|O_CLOEXEC) = 3</usr/lib64/libselinux.so.1>
27443<sed> 22:19:15 read(3</usr/lib64/libselinux.so.1>, "\177ELF\2\1\1\0\0\0\0\0\0\0\0\0\3\0>\0\1\0\0\0\0\0\0\0\0\0\0\0"..., 832) = 832
27443<sed> 22:19:15 fstat(3</usr/lib64/libselinux.so.1>, {st_mode=S_IFREG|0755, st_size=204752, ...}) = 0
27443<sed> 22:19:15 mmap(NULL, 206288, PROT_READ|PROT_EXEC, MAP_PRIVATE|MAP_DENYWRITE, 3</usr/lib64/libselinux.so.1>, 0) = 0x7f1305085000
27443<sed> 22:19:15 mmap(0x7f13050a6000, 57344, PROT_READ, MAP_PRIVATE|MAP_FIXED|MAP_DENYWRITE, 3</usr/lib64/libselinux.so.1>, 0x21000) = 0x7f13050a6000
27443<sed> 22:19:15 mmap(0x7f13050b4000, 8192, PROT_READ|PROT_WRITE, MAP_PRIVATE|MAP_FIXED|MAP_DENYWRITE, 3</usr/lib64/libselinux.so.1>, 0x2f000) = 0x7f13050b4000
27443<sed> 22:19:15 mmap(0x7f13050b6000, 5584, PROT_READ|PROT_WRITE, MAP_PRIVATE|MAP_FIXED|MAP_ANONYMOUS, -1, 0) = 0x7f13050b6000
27443<sed> 22:19:15 close(3</usr/lib64/libselinux.so.1>) = 0
27443<sed> 22:19:15 openat(AT_FDCWD</home/catastor>, "/lib64/libc.so.6", O_RDONLY|O_CLOEXEC) = 3</usr/lib64/libc.so.6>
27443<sed> 22:19:15 read(3</usr/lib64/libc.so.6>, "\177ELF\2\1\1\3\0\0\0\0\0\0\0\0\3\0>\0\1\0\0\0\2408\0\0\0\0\0\0"..., 832) = 832
27443<sed> 22:19:15 pread64(3</usr/lib64/libc.so.6>, "\6\0\0\0\4\0\0\0@\0\0\0\0\0\0\0@\0\0\0\0\0\0\0@\0\0\0\0\0\0\0"..., 784, 64) = 784
27443<sed> 22:19:15 fstat(3</usr/lib64/libc.so.6>, {st_mode=S_IFREG|0755, st_size=2490288, ...}) = 0
27443<sed> 22:19:15 pread64(3</usr/lib64/libc.so.6>, "\6\0\0\0\4\0\0\0@\0\0\0\0\0\0\0@\0\0\0\0\0\0\0@\0\0\0\0\0\0\0"..., 784, 64) = 784
27443<sed> 22:19:15 mmap(NULL, 2075504, PROT_READ|PROT_EXEC, MAP_PRIVATE|MAP_DENYWRITE, 3</usr/lib64/libc.so.6>, 0) = 0x7f1304e8a000
27443<sed> 22:19:15 mmap(0x7f1304ffe000, 495616, PROT_READ, MAP_PRIVATE|MAP_FIXED|MAP_DENYWRITE, 3</usr/lib64/libc.so.6>, 0x174000) = 0x7f1304ffe000
27443<sed> 22:19:15 mmap(0x7f1305077000, 24576, PROT_READ|PROT_WRITE, MAP_PRIVATE|MAP_FIXED|MAP_DENYWRITE, 3</usr/lib64/libc.so.6>, 0x1ed000) = 0x7f1305077000
27443<sed> 22:19:15 mmap(0x7f130507d000, 31600, PROT_READ|PROT_WRITE, MAP_PRIVATE|MAP_FIXED|MAP_ANONYMOUS, -1, 0) = 0x7f130507d000
27443<sed> 22:19:15 close(3</usr/lib64/libc.so.6>) = 0
27443<sed> 22:19:15 openat(AT_FDCWD</home/catastor>, "/lib64/libattr.so.1", O_RDONLY|O_CLOEXEC) = 3</usr/lib64/libattr.so.1.1.2502>
27443<sed> 22:19:15 read(3</usr/lib64/libattr.so.1.1.2502>, "\177ELF\2\1\1\0\0\0\0\0\0\0\0\0\3\0>\0\1\0\0\0\0\0\0\0\0\0\0\0"..., 832) = 832
27443<sed> 22:19:15 fstat(3</usr/lib64/libattr.so.1.1.2502>, {st_mode=S_IFREG|0755, st_size=24000, ...}) = 0
27443<sed> 22:19:15 mmap(NULL, 24592, PROT_READ|PROT_EXEC, MAP_PRIVATE|MAP_DENYWRITE, 3</usr/lib64/libattr.so.1.1.2502>, 0) = 0x7f1304e83000
27443<sed> 22:19:15 mmap(0x7f1304e86000, 8192, PROT_READ, MAP_PRIVATE|MAP_FIXED|MAP_DENYWRITE, 3</usr/lib64/libattr.so.1.1.2502>, 0x3000) = 0x7f1304e86000
27443<sed> 22:19:15 mmap(0x7f1304e88000, 4096, PROT_READ|PROT_WRITE, MAP_PRIVATE|MAP_FIXED|MAP_DENYWRITE, 3</usr/lib64/libattr.so.1.1.2502>, 0x4000) = 0x7f1304e88000
27443<sed> 22:19:15 mmap(0x7f1304e89000, 16, PROT_READ|PROT_WRITE, MAP_PRIVATE|MAP_FIXED|MAP_ANONYMOUS, -1, 0) = 0x7f1304e89000
27443<sed> 22:19:15 close(3</usr/lib64/libattr.so.1.1.2502>) = 0
27443<sed> 22:19:15 openat(AT_FDCWD</home/catastor>, "/lib64/libpcre2-8.so.0", O_RDONLY|O_CLOEXEC) = 3</usr/lib64/libpcre2-8.so.0.15.0>
27443<sed> 22:19:15 read(3</usr/lib64/libpcre2-8.so.0.15.0>, "\177ELF\2\1\1\0\0\0\0\0\0\0\0\0\3\0>\0\1\0\0\0\0\0\0\0\0\0\0\0"..., 832) = 832
27443<sed> 22:19:15 fstat(3</usr/lib64/libpcre2-8.so.0.15.0>, {st_mode=S_IFREG|0755, st_size=724280, ...}) = 0
27443<sed> 22:19:15 mmap(NULL, 721368, PROT_READ|PROT_EXEC, MAP_PRIVATE|MAP_DENYWRITE, 3</usr/lib64/libpcre2-8.so.0.15.0>, 0) = 0x7f1304dd2000
27443<sed> 22:19:15 mmap(0x7f1304e53000, 188416, PROT_READ, MAP_PRIVATE|MAP_FIXED|MAP_DENYWRITE, 3</usr/lib64/libpcre2-8.so.0.15.0>, 0x81000) = 0x7f1304e53000
27443<sed> 22:19:15 mmap(0x7f1304e81000, 8192, PROT_READ|PROT_WRITE, MAP_PRIVATE|MAP_FIXED|MAP_DENYWRITE, 3</usr/lib64/libpcre2-8.so.0.15.0>, 0xae000) = 0x7f1304e81000
27443<sed> 22:19:15 close(3</usr/lib64/libpcre2-8.so.0.15.0>) = 0
27443<sed> 22:19:15 mmap(NULL, 8192, PROT_READ|PROT_WRITE, MAP_PRIVATE|MAP_ANONYMOUS, -1, 0) = 0x7f1304dd0000
27443<sed> 22:19:15 mmap(NULL, 8192, PROT_READ|PROT_WRITE, MAP_PRIVATE|MAP_ANONYMOUS, -1, 0) = 0x7f1304dce000
27443<sed> 22:19:15 arch_prctl(ARCH_SET_FS, 0x7f1304dd1640) = 0
27443<sed> 22:19:15 set_tid_address(0x7f1304dd1c68) = 27443<sed>
27443<sed> 22:19:15 set_robust_list(0x7f1304dd1920, 24) = 0
27443<sed> 22:19:15 rseq({cpu_id_start=0, cpu_id=RSEQ_CPU_ID_UNINITIALIZED, rseq_cs=NULL, flags=0, node_id=0, mm_cid=0, slice_ctrl={request=0, granted=0, __reserved=0}, __reserved=0}, 32, 0, 0x53053053) = 0
27443<sed> 22:19:15 mprotect(0x7f1305077000, 16384, PROT_READ) = 0
27443<sed> 22:19:15 mprotect(0x7f1304e81000, 4096, PROT_READ) = 0
27443<sed> 22:19:15 mprotect(0x7f1304e88000, 4096, PROT_READ) = 0
27443<sed> 22:19:15 mprotect(0x7f13050b4000, 4096, PROT_READ) = 0
27443<sed> 22:19:15 mprotect(0x7f13050c0000, 4096, PROT_READ) = 0
27443<sed> 22:19:15 mprotect(0x563bbbde9000, 4096, PROT_READ) = 0
27443<sed> 22:19:15 mprotect(0x7f1305115000, 8192, PROT_READ) = 0
27443<sed> 22:19:15 prlimit64(0, RLIMIT_STACK, NULL, {rlim_cur=8192*1024, rlim_max=RLIM64_INFINITY}) = 0
27443<sed> 22:19:15 getrandom("\xae\x74\x32\xd1\x05\x0b\xc0\xaa", 8, GRND_NONBLOCK) = 8
27443<sed> 22:19:15 munmap(0x7f13050c4000, 74499) = 0
27443<sed> 22:19:15 statfs("/sys/fs/selinux", {f_type=SELINUX_MAGIC, f_bsize=4096, f_blocks=0, f_bfree=0, f_bavail=0, f_files=0, f_ffree=0, f_fsid={val=[0x15, 0]}, f_namelen=255, f_frsize=4096, f_flags=ST_VALID|ST_NOSUID|ST_NOEXEC|ST_RELATIME}) = 0
27443<sed> 22:19:15 statfs("/sys/fs/selinux", {f_type=SELINUX_MAGIC, f_bsize=4096, f_blocks=0, f_bfree=0, f_bavail=0, f_files=0, f_ffree=0, f_fsid={val=[0x15, 0]}, f_namelen=255, f_frsize=4096, f_flags=ST_VALID|ST_NOSUID|ST_NOEXEC|ST_RELATIME}) = 0
27443<sed> 22:19:15 brk(NULL)           = 0x563bda8ba000
27443<sed> 22:19:15 brk(0x563bda8db000) = 0x563bda8db000
27443<sed> 22:19:15 access("/etc/selinux/config", F_OK) = 0
27443<sed> 22:19:15 openat(AT_FDCWD</home/catastor>, "/etc/locale.conf", O_RDONLY) = 3</etc/locale.conf>
27443<sed> 22:19:15 fstat(3</etc/locale.conf>, {st_mode=S_IFREG|0644, st_size=19, ...}) = 0
27443<sed> 22:19:15 read(3</etc/locale.conf>, "LANG=\"en_US.UTF-8\"\n", 4096) = 19
27443<sed> 22:19:15 fstat(1<pipe:[145930]>, {st_mode=S_IFIFO|0600, st_size=0, ...}) = 0
27443<sed> 22:19:15 read(3</etc/locale.conf>, "", 4096) = 0
27443<sed> 22:19:15 close(3</etc/locale.conf>) = 0
27443<sed> 22:19:15 write(1<pipe:[145930]>, "export LANG=\"en_US.UTF-8\"\n", 26) = 26
27408<bash> 22:19:15 <... read resumed>, "export LANG=\"en_US.UTF-8\"\n", 4096) = 26
27443<sed> 22:19:15 close(1<pipe:[145930]>) = 0
27408<bash> 22:19:15 read(3<pipe:[145930]> <unfinished ...>
27443<sed> 22:19:15 exit_group(0 <unfinished ...>
27408<bash> 22:19:15 <... read resumed>, "", 4096) = 0
27443<sed> 22:19:15 <... exit_group resumed>) = ?
27408<bash> 22:19:15 close(3<pipe:[145930]>) = 0
27408<bash> 22:19:15 rt_sigprocmask(SIG_SETMASK, [] <unfinished ...>
27443<sed> 22:19:15 +++ exited with 0 +++
27408<bash> 22:19:15 <... rt_sigprocmask resumed>, NULL, 8) = 0
27408<bash> 22:19:15 --- SIGCHLD {si_signo=SIGCHLD, si_code=CLD_EXITED, si_pid=27443<sed>, si_uid=1000, si_status=0, si_utime=0, si_stime=0} ---
27408<bash> 22:19:15 wait4(-1, [{WIFEXITED(s) && WEXITSTATUS(s) == 0}], WNOHANG, NULL) = 27443
27408<bash> 22:19:15 wait4(-1, 0x7ffee29a8814, WNOHANG, NULL) = -1 ECHILD (No child processes)
27408<bash> 22:19:15 rt_sigreturn({mask=[]}) = 0
27408<bash> 22:19:15 rt_sigprocmask(SIG_BLOCK, [CHLD], [], 8) = 0
27408<bash> 22:19:15 rt_sigaction(SIGINT, {sa_handler=0x55e6ca002d80, sa_mask=[], sa_flags=SA_RESTORER, sa_restorer=0x7fa306ca35b0}, {sa_handler=0x55e6ca034cf0, sa_mask=[], sa_flags=SA_RESTORER, sa_restorer=0x7fa306ca35b0}, 8) = 0
27408<bash> 22:19:15 rt_sigaction(SIGINT, {sa_handler=0x55e6ca034cf0, sa_mask=[], sa_flags=SA_RESTORER, sa_restorer=0x7fa306ca35b0}, {sa_handler=0x55e6ca002d80, sa_mask=[], sa_flags=SA_RESTORER, sa_restorer=0x7fa306ca35b0}, 8) = 0
27408<bash> 22:19:15 rt_sigprocmask(SIG_SETMASK, [], NULL, 8) = 0
27408<bash> 22:19:15 rt_sigprocmask(SIG_BLOCK, [CHLD], [], 8) = 0
27408<bash> 22:19:15 rt_sigprocmask(SIG_SETMASK, [], NULL, 8) = 0
27408<bash> 22:19:15 rt_sigprocmask(SIG_BLOCK, NULL, [], 8) = 0
27408<bash> 22:19:15 openat(AT_FDCWD</home/catastor>, "/usr/lib/locale/locale-archive", O_RDONLY|O_CLOEXEC) = 3</usr/lib/locale/locale-archive>
27408<bash> 22:19:15 fstat(3</usr/lib/locale/locale-archive>, {st_mode=S_IFREG|0644, st_size=233380912, ...}) = 0
27408<bash> 22:19:15 mmap(NULL, 233380912, PROT_READ, MAP_PRIVATE, 3</usr/lib/locale/locale-archive>, 0) = 0x7fa2f8c00000
27408<bash> 22:19:15 close(3</usr/lib/locale/locale-archive>) = 0
27408<bash> 22:19:15 openat(AT_FDCWD</home/catastor>, "/usr/lib64/gconv/gconv-modules.cache", O_RDONLY|O_CLOEXEC) = 3</usr/lib64/gconv/gconv-modules.cache>
27408<bash> 22:19:15 fstat(3</usr/lib64/gconv/gconv-modules.cache>, {st_mode=S_IFREG|0644, st_size=27012, ...}) = 0
27408<bash> 22:19:15 mmap(NULL, 27012, PROT_READ, MAP_SHARED, 3</usr/lib64/gconv/gconv-modules.cache>, 0) = 0x7fa306ebf000
27408<bash> 22:19:15 close(3</usr/lib64/gconv/gconv-modules.cache>) = 0
27408<bash> 22:19:15 futex(0x7fa306e7b6ec, FUTEX_WAKE_PRIVATE, 2147483647) = 0
27408<bash> 22:19:15 rt_sigprocmask(SIG_BLOCK, [CHLD], [], 8) = 0
27408<bash> 22:19:15 rt_sigprocmask(SIG_SETMASK, [], NULL, 8) = 0
27408<bash> 22:19:15 newfstatat(AT_FDCWD</home/catastor>, "/home/catastor/.i18n", 0x7ffee29a9340, 0) = -1 ENOENT (No such file or directory)
27408<bash> 22:19:15 rt_sigprocmask(SIG_BLOCK, [CHLD], [], 8) = 0
27408<bash> 22:19:15 rt_sigprocmask(SIG_SETMASK, [], NULL, 8) = 0
27408<bash> 22:19:15 rt_sigprocmask(SIG_BLOCK, [CHLD], [], 8) = 0
27408<bash> 22:19:15 rt_sigprocmask(SIG_SETMASK, [], NULL, 8) = 0
27408<bash> 22:19:15 faccessat2(AT_FDCWD</home/catastor>, "/etc/profile.d/less.sh", R_OK, AT_EACCESS) = 0
27408<bash> 22:19:15 openat(AT_FDCWD</home/catastor>, "/etc/profile.d/less.sh", O_RDONLY) = 3</etc/profile.d/less.sh>
27408<bash> 22:19:15 fstat(3</etc/profile.d/less.sh>, {st_mode=S_IFREG|0644, st_size=253, ...}) = 0
27408<bash> 22:19:15 read(3</etc/profile.d/less.sh>, "# less initialization script (sh"..., 253) = 253
27408<bash> 22:19:15 close(3</etc/profile.d/less.sh>) = 0
27408<bash> 22:19:15 rt_sigprocmask(SIG_BLOCK, NULL, [], 8) = 0
27408<bash> 22:19:15 faccessat2(AT_FDCWD</home/catastor>, "/usr/bin/lesspipe.sh", X_OK, AT_EACCESS) = 0
27408<bash> 22:19:15 rt_sigprocmask(SIG_BLOCK, [CHLD], [], 8) = 0
27408<bash> 22:19:15 rt_sigprocmask(SIG_SETMASK, [], NULL, 8) = 0
27408<bash> 22:19:15 faccessat2(AT_FDCWD</home/catastor>, "/etc/profile.d/nano-default-editor.sh", R_OK, AT_EACCESS) = 0
27408<bash> 22:19:15 openat(AT_FDCWD</home/catastor>, "/etc/profile.d/nano-default-editor.sh", O_RDONLY) = 3</etc/profile.d/nano-default-editor.sh>
27408<bash> 22:19:15 fstat(3</etc/profile.d/nano-default-editor.sh>, {st_mode=S_IFREG|0644, st_size=120, ...}) = 0
27408<bash> 22:19:15 read(3</etc/profile.d/nano-default-editor.sh>, "# Ensure GNU nano is set as EDIT"..., 120) = 120
27408<bash> 22:19:15 close(3</etc/profile.d/nano-default-editor.sh>) = 0
27408<bash> 22:19:15 rt_sigprocmask(SIG_BLOCK, NULL, [], 8) = 0
27408<bash> 22:19:15 rt_sigprocmask(SIG_BLOCK, [CHLD], [], 8) = 0
27408<bash> 22:19:15 rt_sigprocmask(SIG_SETMASK, [], NULL, 8) = 0
27408<bash> 22:19:15 faccessat2(AT_FDCWD</home/catastor>, "/etc/profile.d/toolbox.sh", R_OK, AT_EACCESS) = 0
27408<bash> 22:19:15 openat(AT_FDCWD</home/catastor>, "/etc/profile.d/toolbox.sh", O_RDONLY) = 3</etc/profile.d/toolbox.sh>
27408<bash> 22:19:15 fstat(3</etc/profile.d/toolbox.sh>, {st_mode=S_IFREG|0644, st_size=3675, ...}) = 0
27408<bash> 22:19:15 read(3</etc/profile.d/toolbox.sh>, "# shellcheck shell=sh\n\n# shellch"..., 3675) = 3675
27408<bash> 22:19:15 close(3</etc/profile.d/toolbox.sh>) = 0
27408<bash> 22:19:15 rt_sigprocmask(SIG_BLOCK, NULL, [], 8) = 0
27408<bash> 22:19:15 rt_sigprocmask(SIG_BLOCK, NULL, [], 8) = 0
27408<bash> 22:19:15 pipe2([3<pipe:[145931]>, 4<pipe:[145931]>], 0) = 0
27408<bash> 22:19:15 rt_sigprocmask(SIG_BLOCK, [CHLD], [], 8) = 0
27408<bash> 22:19:15 rt_sigprocmask(SIG_SETMASK, [], NULL, 8) = 0
27408<bash> 22:19:15 rt_sigprocmask(SIG_BLOCK, NULL, [], 8) = 0
27408<bash> 22:19:15 rt_sigprocmask(SIG_BLOCK, [INT TERM CHLD], [], 8) = 0
27408<bash> 22:19:15 rt_sigaction(SIGTERM, {sa_handler=SIG_DFL, sa_mask=[], sa_flags=SA_RESTORER, sa_restorer=0x7fa306ca35b0}, {sa_handler=SIG_IGN, sa_mask=[], sa_flags=SA_RESTORER, sa_restorer=0x7fa306ca35b0}, 8) = 0
27408<bash> 22:19:15 rt_sigprocmask(SIG_BLOCK, ~[], [INT TERM CHLD], 8) = 0
27408<bash> 22:19:15 clone(child_stack=NULL, flags=CLONE_CHILD_CLEARTID|CLONE_CHILD_SETTID|SIGCHLD, child_tidptr=0x7fa306c86a10) = 27444<bash>
27444<bash> 22:19:15 set_robust_list(0x7fa306c86a20, 24) = 0
27408<bash> 22:19:15 rt_sigprocmask(SIG_SETMASK, [INT TERM CHLD] <unfinished ...>
27444<bash> 22:19:15 rt_sigprocmask(SIG_SETMASK, [INT TERM CHLD] <unfinished ...>
27408<bash> 22:19:15 <... rt_sigprocmask resumed>, NULL, 8) = 0
27444<bash> 22:19:15 <... rt_sigprocmask resumed>, NULL, 8) = 0
27408<bash> 22:19:15 rt_sigaction(SIGTERM, {sa_handler=SIG_IGN, sa_mask=[], sa_flags=SA_RESTORER, sa_restorer=0x7fa306ca35b0} <unfinished ...>
27444<bash> 22:19:15 getpid( <unfinished ...>
27408<bash> 22:19:15 <... rt_sigaction resumed>, {sa_handler=SIG_DFL, sa_mask=[], sa_flags=SA_RESTORER, sa_restorer=0x7fa306ca35b0}, 8) = 0
27444<bash> 22:19:15 <... getpid resumed>) = 27444<bash>
27408<bash> 22:19:15 rt_sigprocmask(SIG_SETMASK, [] <unfinished ...>
27444<bash> 22:19:15 rt_sigprocmask(SIG_SETMASK, [] <unfinished ...>
27408<bash> 22:19:15 <... rt_sigprocmask resumed>, NULL, 8) = 0
27444<bash> 22:19:15 <... rt_sigprocmask resumed>, NULL, 8) = 0
27444<bash> 22:19:15 rt_sigaction(SIGTSTP, {sa_handler=SIG_DFL, sa_mask=[], sa_flags=SA_RESTORER, sa_restorer=0x7fa306ca35b0} <unfinished ...>
27408<bash> 22:19:15 rt_sigaction(SIGCHLD, {sa_handler=0x55e6ca0068d0, sa_mask=[], sa_flags=SA_RESTORER|SA_RESTART, sa_restorer=0x7fa306ca35b0} <unfinished ...>
27444<bash> 22:19:15 <... rt_sigaction resumed>, {sa_handler=SIG_IGN, sa_mask=[], sa_flags=SA_RESTORER, sa_restorer=0x7fa306ca35b0}, 8) = 0
27408<bash> 22:19:15 <... rt_sigaction resumed>, {sa_handler=0x55e6ca0068d0, sa_mask=[], sa_flags=SA_RESTORER|SA_RESTART, sa_restorer=0x7fa306ca35b0}, 8) = 0
27444<bash> 22:19:15 rt_sigaction(SIGTTIN, {sa_handler=SIG_DFL, sa_mask=[], sa_flags=SA_RESTORER, sa_restorer=0x7fa306ca35b0} <unfinished ...>
27408<bash> 22:19:15 close(4<pipe:[145931]> <unfinished ...>
27444<bash> 22:19:15 <... rt_sigaction resumed>, {sa_handler=SIG_IGN, sa_mask=[], sa_flags=SA_RESTORER, sa_restorer=0x7fa306ca35b0}, 8) = 0
27408<bash> 22:19:15 <... close resumed>) = 0
27444<bash> 22:19:15 rt_sigaction(SIGTTOU, {sa_handler=SIG_DFL, sa_mask=[], sa_flags=SA_RESTORER, sa_restorer=0x7fa306ca35b0}, {sa_handler=SIG_IGN, sa_mask=[], sa_flags=SA_RESTORER, sa_restorer=0x7fa306ca35b0}, 8) = 0
27408<bash> 22:19:15 rt_sigprocmask(SIG_BLOCK, [INT] <unfinished ...>
27444<bash> 22:19:15 rt_sigaction(SIGINT, {sa_handler=SIG_DFL, sa_mask=[], sa_flags=SA_RESTORER, sa_restorer=0x7fa306ca35b0} <unfinished ...>
27408<bash> 22:19:15 <... rt_sigprocmask resumed>, [], 8) = 0
27444<bash> 22:19:15 <... rt_sigaction resumed>, {sa_handler=0x55e6ca034cf0, sa_mask=[], sa_flags=SA_RESTORER, sa_restorer=0x7fa306ca35b0}, 8) = 0
27408<bash> 22:19:15 read(3<pipe:[145931]> <unfinished ...>
27444<bash> 22:19:15 rt_sigaction(SIGQUIT, {sa_handler=SIG_DFL, sa_mask=[], sa_flags=SA_RESTORER, sa_restorer=0x7fa306ca35b0}, {sa_handler=SIG_IGN, sa_mask=[], sa_flags=SA_RESTORER, sa_restorer=0x7fa306ca35b0}, 8) = 0
27444<bash> 22:19:15 rt_sigaction(SIGTERM, {sa_handler=SIG_DFL, sa_mask=[], sa_flags=SA_RESTORER, sa_restorer=0x7fa306ca35b0}, {sa_handler=SIG_DFL, sa_mask=[], sa_flags=SA_RESTORER, sa_restorer=0x7fa306ca35b0}, 8) = 0
27444<bash> 22:19:15 rt_sigaction(SIGCHLD, {sa_handler=SIG_DFL, sa_mask=[], sa_flags=SA_RESTORER|SA_RESTART, sa_restorer=0x7fa306ca35b0}, {sa_handler=0x55e6ca0068d0, sa_mask=[], sa_flags=SA_RESTORER|SA_RESTART, sa_restorer=0x7fa306ca35b0}, 8) = 0
27444<bash> 22:19:15 rt_sigaction(SIGCHLD, {sa_handler=0x55e6ca0068d0, sa_mask=[], sa_flags=SA_RESTORER|SA_RESTART, sa_restorer=0x7fa306ca35b0}, {sa_handler=SIG_DFL, sa_mask=[], sa_flags=SA_RESTORER|SA_RESTART, sa_restorer=0x7fa306ca35b0}, 8) = 0
27444<bash> 22:19:15 rt_sigaction(SIGINT, {sa_handler=0x55e6ca0352c0, sa_mask=[], sa_flags=SA_RESTORER, sa_restorer=0x7fa306ca35b0}, {sa_handler=SIG_DFL, sa_mask=[], sa_flags=SA_RESTORER, sa_restorer=0x7fa306ca35b0}, 8) = 0
27444<bash> 22:19:15 dup2(4<pipe:[145931]>, 1</dev/pts/6<char 136:6>>) = 1<pipe:[145931]>
27444<bash> 22:19:15 close(4<pipe:[145931]>) = 0
27444<bash> 22:19:15 close(3<pipe:[145931]>) = 0
27444<bash> 22:19:15 rt_sigprocmask(SIG_BLOCK, NULL, [], 8) = 0
27444<bash> 22:19:15 newfstatat(AT_FDCWD</home/catastor>, "/etc/os-release", {st_mode=S_IFREG|0644, st_size=700, ...}, 0) = 0
27444<bash> 22:19:15 openat(AT_FDCWD</home/catastor>, "/etc/os-release", O_RDONLY) = 3</usr/lib/os-release>
27444<bash> 22:19:15 fstat(3</usr/lib/os-release>, {st_mode=S_IFREG|0644, st_size=700, ...}) = 0
27444<bash> 22:19:15 read(3</usr/lib/os-release>, "NAME=\"Fedora Linux\"\nVERSION=\"44 "..., 700) = 700
27444<bash> 22:19:15 close(3</usr/lib/os-release>) = 0
27444<bash> 22:19:15 rt_sigprocmask(SIG_BLOCK, NULL, [], 8) = 0
27444<bash> 22:19:15 write(1<pipe:[145931]>, "ID=fedora\n", 10) = 10
27408<bash> 22:19:15 <... read resumed>, "ID=fedora\n", 4096) = 10
27444<bash> 22:19:15 write(1<pipe:[145931]>, "PRETTY_NAME=\"Fedora Linux 44 (Wo"..., 52 <unfinished ...>
27408<bash> 22:19:15 read(3<pipe:[145931]> <unfinished ...>
27444<bash> 22:19:15 <... write resumed>) = 52
27408<bash> 22:19:15 <... read resumed>, "PRETTY_NAME=\"Fedora Linux 44 (Wo"..., 4096) = 52
27444<bash> 22:19:15 write(1<pipe:[145931]>, "VARIANT_ID=workstation\n", 23) = 23
27408<bash> 22:19:15 read(3<pipe:[145931]>, "VARIANT_ID=workstation\n", 4096) = 23
27444<bash> 22:19:15 exit_group(0 <unfinished ...>
27408<bash> 22:19:15 read(3<pipe:[145931]> <unfinished ...>
27444<bash> 22:19:15 <... exit_group resumed>) = ?
27444<bash> 22:19:15 +++ exited with 0 +++
27408<bash> 22:19:15 <... read resumed>, "", 4096) = 0
27408<bash> 22:19:15 --- SIGCHLD {si_signo=SIGCHLD, si_code=CLD_EXITED, si_pid=27444<bash>, si_uid=1000, si_status=0, si_utime=0, si_stime=0} ---
27408<bash> 22:19:15 wait4(-1, [{WIFEXITED(s) && WEXITSTATUS(s) == 0}], WNOHANG, NULL) = 27444
27408<bash> 22:19:15 wait4(-1, 0x7ffee29a7a94, WNOHANG, NULL) = -1 ECHILD (No child processes)
27408<bash> 22:19:15 rt_sigreturn({mask=[INT]}) = 0
27408<bash> 22:19:15 close(3<pipe:[145931]>) = 0
27408<bash> 22:19:15 rt_sigprocmask(SIG_SETMASK, [], NULL, 8) = 0
27408<bash> 22:19:15 rt_sigprocmask(SIG_BLOCK, [CHLD], [], 8) = 0
27408<bash> 22:19:15 rt_sigaction(SIGINT, {sa_handler=0x55e6ca002d80, sa_mask=[], sa_flags=SA_RESTORER, sa_restorer=0x7fa306ca35b0}, {sa_handler=0x55e6ca034cf0, sa_mask=[], sa_flags=SA_RESTORER, sa_restorer=0x7fa306ca35b0}, 8) = 0
27408<bash> 22:19:15 rt_sigaction(SIGINT, {sa_handler=0x55e6ca034cf0, sa_mask=[], sa_flags=SA_RESTORER, sa_restorer=0x7fa306ca35b0}, {sa_handler=0x55e6ca002d80, sa_mask=[], sa_flags=SA_RESTORER, sa_restorer=0x7fa306ca35b0}, 8) = 0
27408<bash> 22:19:15 rt_sigprocmask(SIG_SETMASK, [], NULL, 8) = 0
27408<bash> 22:19:15 rt_sigprocmask(SIG_BLOCK, [CHLD], [], 8) = 0
27408<bash> 22:19:15 rt_sigprocmask(SIG_SETMASK, [], NULL, 8) = 0
27408<bash> 22:19:15 rt_sigprocmask(SIG_BLOCK, NULL, [], 8) = 0
27408<bash> 22:19:15 newfstatat(AT_FDCWD</home/catastor>, "/run/ostree-booted", 0x7ffee29a9140, 0) = -1 ENOENT (No such file or directory)
27408<bash> 22:19:15 newfstatat(AT_FDCWD</home/catastor>, "/run/.containerenv", 0x7ffee29a9340, 0) = -1 ENOENT (No such file or directory)
27408<bash> 22:19:15 rt_sigprocmask(SIG_BLOCK, [CHLD], [], 8) = 0
27408<bash> 22:19:15 rt_sigprocmask(SIG_SETMASK, [], NULL, 8) = 0
27408<bash> 22:19:15 faccessat2(AT_FDCWD</home/catastor>, "/etc/profile.d/vim.sh", R_OK, AT_EACCESS) = 0
27408<bash> 22:19:15 openat(AT_FDCWD</home/catastor>, "/etc/profile.d/vim.sh", O_RDONLY) = 3</etc/profile.d/vim.sh>
27408<bash> 22:19:15 fstat(3</etc/profile.d/vim.sh>, {st_mode=S_IFREG|0644, st_size=369, ...}) = 0
27408<bash> 22:19:15 read(3</etc/profile.d/vim.sh>, "if [ -n \"${BASH_VERSION-}\" -o -n"..., 369) = 369
27408<bash> 22:19:15 close(3</etc/profile.d/vim.sh>) = 0
27408<bash> 22:19:15 rt_sigprocmask(SIG_BLOCK, NULL, [], 8) = 0
27408<bash> 22:19:15 rt_sigprocmask(SIG_BLOCK, NULL, [], 8) = 0
27408<bash> 22:19:15 rt_sigprocmask(SIG_BLOCK, NULL, [], 8) = 0
27408<bash> 22:19:15 rt_sigprocmask(SIG_BLOCK, NULL, [], 8) = 0
27408<bash> 22:19:15 pipe2([3<pipe:[145932]>, 4<pipe:[145932]>], 0) = 0
27408<bash> 22:19:15 rt_sigprocmask(SIG_BLOCK, [CHLD], [], 8) = 0
27408<bash> 22:19:15 rt_sigprocmask(SIG_SETMASK, [], NULL, 8) = 0
27408<bash> 22:19:15 rt_sigprocmask(SIG_BLOCK, NULL, [], 8) = 0
27408<bash> 22:19:15 rt_sigprocmask(SIG_BLOCK, [INT TERM CHLD], [], 8) = 0
27408<bash> 22:19:15 rt_sigaction(SIGTERM, {sa_handler=SIG_DFL, sa_mask=[], sa_flags=SA_RESTORER, sa_restorer=0x7fa306ca35b0}, {sa_handler=SIG_IGN, sa_mask=[], sa_flags=SA_RESTORER, sa_restorer=0x7fa306ca35b0}, 8) = 0
27408<bash> 22:19:15 rt_sigprocmask(SIG_BLOCK, ~[], [INT TERM CHLD], 8) = 0
27408<bash> 22:19:15 clone(child_stack=NULL, flags=CLONE_CHILD_CLEARTID|CLONE_CHILD_SETTID|SIGCHLD, child_tidptr=0x7fa306c86a10) = 27445<bash>
27445<bash> 22:19:15 set_robust_list(0x7fa306c86a20, 24) = 0
27408<bash> 22:19:15 rt_sigprocmask(SIG_SETMASK, [INT TERM CHLD] <unfinished ...>
27445<bash> 22:19:15 rt_sigprocmask(SIG_SETMASK, [INT TERM CHLD] <unfinished ...>
27408<bash> 22:19:15 <... rt_sigprocmask resumed>, NULL, 8) = 0
27445<bash> 22:19:15 <... rt_sigprocmask resumed>, NULL, 8) = 0
27408<bash> 22:19:15 rt_sigaction(SIGTERM, {sa_handler=SIG_IGN, sa_mask=[], sa_flags=SA_RESTORER, sa_restorer=0x7fa306ca35b0}, {sa_handler=SIG_DFL, sa_mask=[], sa_flags=SA_RESTORER, sa_restorer=0x7fa306ca35b0}, 8) = 0
27445<bash> 22:19:15 getpid( <unfinished ...>
27408<bash> 22:19:15 rt_sigprocmask(SIG_SETMASK, [] <unfinished ...>
27445<bash> 22:19:15 <... getpid resumed>) = 27445<bash>
27408<bash> 22:19:15 <... rt_sigprocmask resumed>, NULL, 8) = 0
27445<bash> 22:19:15 rt_sigprocmask(SIG_SETMASK, [] <unfinished ...>
27408<bash> 22:19:15 rt_sigaction(SIGCHLD, {sa_handler=0x55e6ca0068d0, sa_mask=[], sa_flags=SA_RESTORER|SA_RESTART, sa_restorer=0x7fa306ca35b0} <unfinished ...>
27445<bash> 22:19:15 <... rt_sigprocmask resumed>, NULL, 8) = 0
27408<bash> 22:19:15 <... rt_sigaction resumed>, {sa_handler=0x55e6ca0068d0, sa_mask=[], sa_flags=SA_RESTORER|SA_RESTART, sa_restorer=0x7fa306ca35b0}, 8) = 0
27445<bash> 22:19:15 rt_sigaction(SIGTSTP, {sa_handler=SIG_DFL, sa_mask=[], sa_flags=SA_RESTORER, sa_restorer=0x7fa306ca35b0} <unfinished ...>
27408<bash> 22:19:15 close(4<pipe:[145932]> <unfinished ...>
27445<bash> 22:19:15 <... rt_sigaction resumed>, {sa_handler=SIG_IGN, sa_mask=[], sa_flags=SA_RESTORER, sa_restorer=0x7fa306ca35b0}, 8) = 0
27408<bash> 22:19:15 <... close resumed>) = 0
27445<bash> 22:19:15 rt_sigaction(SIGTTIN, {sa_handler=SIG_DFL, sa_mask=[], sa_flags=SA_RESTORER, sa_restorer=0x7fa306ca35b0} <unfinished ...>
27408<bash> 22:19:15 rt_sigprocmask(SIG_BLOCK, [INT] <unfinished ...>
27445<bash> 22:19:15 <... rt_sigaction resumed>, {sa_handler=SIG_IGN, sa_mask=[], sa_flags=SA_RESTORER, sa_restorer=0x7fa306ca35b0}, 8) = 0
27408<bash> 22:19:15 <... rt_sigprocmask resumed>, [], 8) = 0
27445<bash> 22:19:15 rt_sigaction(SIGTTOU, {sa_handler=SIG_DFL, sa_mask=[], sa_flags=SA_RESTORER, sa_restorer=0x7fa306ca35b0} <unfinished ...>
27408<bash> 22:19:15 read(3<pipe:[145932]> <unfinished ...>
27445<bash> 22:19:15 <... rt_sigaction resumed>, {sa_handler=SIG_IGN, sa_mask=[], sa_flags=SA_RESTORER, sa_restorer=0x7fa306ca35b0}, 8) = 0
27445<bash> 22:19:15 rt_sigaction(SIGINT, {sa_handler=SIG_DFL, sa_mask=[], sa_flags=SA_RESTORER, sa_restorer=0x7fa306ca35b0}, {sa_handler=0x55e6ca034cf0, sa_mask=[], sa_flags=SA_RESTORER, sa_restorer=0x7fa306ca35b0}, 8) = 0
27445<bash> 22:19:15 rt_sigaction(SIGQUIT, {sa_handler=SIG_DFL, sa_mask=[], sa_flags=SA_RESTORER, sa_restorer=0x7fa306ca35b0}, {sa_handler=SIG_IGN, sa_mask=[], sa_flags=SA_RESTORER, sa_restorer=0x7fa306ca35b0}, 8) = 0
27445<bash> 22:19:15 rt_sigaction(SIGTERM, {sa_handler=SIG_DFL, sa_mask=[], sa_flags=SA_RESTORER, sa_restorer=0x7fa306ca35b0}, {sa_handler=SIG_DFL, sa_mask=[], sa_flags=SA_RESTORER, sa_restorer=0x7fa306ca35b0}, 8) = 0
27445<bash> 22:19:15 rt_sigaction(SIGCHLD, {sa_handler=SIG_DFL, sa_mask=[], sa_flags=SA_RESTORER|SA_RESTART, sa_restorer=0x7fa306ca35b0}, {sa_handler=0x55e6ca0068d0, sa_mask=[], sa_flags=SA_RESTORER|SA_RESTART, sa_restorer=0x7fa306ca35b0}, 8) = 0
27445<bash> 22:19:15 rt_sigaction(SIGCHLD, {sa_handler=0x55e6ca0068d0, sa_mask=[], sa_flags=SA_RESTORER|SA_RESTART, sa_restorer=0x7fa306ca35b0}, {sa_handler=SIG_DFL, sa_mask=[], sa_flags=SA_RESTORER|SA_RESTART, sa_restorer=0x7fa306ca35b0}, 8) = 0
27445<bash> 22:19:15 rt_sigaction(SIGINT, {sa_handler=0x55e6ca0352c0, sa_mask=[], sa_flags=SA_RESTORER, sa_restorer=0x7fa306ca35b0}, {sa_handler=SIG_DFL, sa_mask=[], sa_flags=SA_RESTORER, sa_restorer=0x7fa306ca35b0}, 8) = 0
27445<bash> 22:19:15 dup2(4<pipe:[145932]>, 1</dev/pts/6<char 136:6>>) = 1<pipe:[145932]>
27445<bash> 22:19:15 close(4<pipe:[145932]>) = 0
27445<bash> 22:19:15 close(3<pipe:[145932]>) = 0
27445<bash> 22:19:15 rt_sigprocmask(SIG_BLOCK, NULL, [], 8) = 0
27445<bash> 22:19:15 newfstatat(AT_FDCWD</home/catastor>, ".", {st_mode=S_IFDIR|0700, st_size=716, ...}, 0) = 0
27445<bash> 22:19:15 newfstatat(AT_FDCWD</home/catastor>, "/usr/local/bin/vim", 0x7ffee29a8ba0, 0) = -1 ENOENT (No such file or directory)
27445<bash> 22:19:15 newfstatat(AT_FDCWD</home/catastor>, "/usr/bin/vim", {st_mode=S_IFREG|0755, st_size=4657504, ...}, 0) = 0
27445<bash> 22:19:15 newfstatat(AT_FDCWD</home/catastor>, "/usr/bin/vim", {st_mode=S_IFREG|0755, st_size=4657504, ...}, 0) = 0
27445<bash> 22:19:15 geteuid()          = 1000
27445<bash> 22:19:15 getegid()          = 1000
27445<bash> 22:19:15 getuid()           = 1000
27445<bash> 22:19:15 getgid()           = 1000
27445<bash> 22:19:15 access("/usr/bin/vim", X_OK) = 0
27445<bash> 22:19:15 newfstatat(AT_FDCWD</home/catastor>, "/usr/bin/vim", {st_mode=S_IFREG|0755, st_size=4657504, ...}, 0) = 0
27445<bash> 22:19:15 geteuid()          = 1000
27445<bash> 22:19:15 getegid()          = 1000
27445<bash> 22:19:15 getuid()           = 1000
27445<bash> 22:19:15 getgid()           = 1000
27445<bash> 22:19:15 access("/usr/bin/vim", R_OK) = 0
27445<bash> 22:19:15 write(1<pipe:[145932]>, "/usr/bin/vim\n", 13) = 13
27408<bash> 22:19:15 <... read resumed>, "/usr/bin/vim\n", 4096) = 13
27408<bash> 22:19:15 read(3<pipe:[145932]> <unfinished ...>
27445<bash> 22:19:15 exit_group(0)      = ?
27445<bash> 22:19:15 +++ exited with 0 +++
27408<bash> 22:19:15 <... read resumed>, "", 4096) = 0
27408<bash> 22:19:15 --- SIGCHLD {si_signo=SIGCHLD, si_code=CLD_EXITED, si_pid=27445<bash>, si_uid=1000, si_status=0, si_utime=0, si_stime=0} ---
27408<bash> 22:19:15 wait4(-1, [{WIFEXITED(s) && WEXITSTATUS(s) == 0}], WNOHANG, NULL) = 27445
27408<bash> 22:19:15 wait4(-1, 0x7ffee29a7b54, WNOHANG, NULL) = -1 ECHILD (No child processes)
27408<bash> 22:19:15 rt_sigreturn({mask=[INT]}) = 0
27408<bash> 22:19:15 close(3<pipe:[145932]>) = 0
27408<bash> 22:19:15 rt_sigprocmask(SIG_SETMASK, [], NULL, 8) = 0
27408<bash> 22:19:15 rt_sigprocmask(SIG_BLOCK, [CHLD], [], 8) = 0
27408<bash> 22:19:15 rt_sigaction(SIGINT, {sa_handler=0x55e6ca002d80, sa_mask=[], sa_flags=SA_RESTORER, sa_restorer=0x7fa306ca35b0}, {sa_handler=0x55e6ca034cf0, sa_mask=[], sa_flags=SA_RESTORER, sa_restorer=0x7fa306ca35b0}, 8) = 0
27408<bash> 22:19:15 rt_sigaction(SIGINT, {sa_handler=0x55e6ca034cf0, sa_mask=[], sa_flags=SA_RESTORER, sa_restorer=0x7fa306ca35b0}, {sa_handler=0x55e6ca002d80, sa_mask=[], sa_flags=SA_RESTORER, sa_restorer=0x7fa306ca35b0}, 8) = 0
27408<bash> 22:19:15 rt_sigprocmask(SIG_SETMASK, [], NULL, 8) = 0
27408<bash> 22:19:15 rt_sigprocmask(SIG_BLOCK, [CHLD], [], 8) = 0
27408<bash> 22:19:15 rt_sigprocmask(SIG_SETMASK, [], NULL, 8) = 0
27408<bash> 22:19:15 rt_sigprocmask(SIG_BLOCK, NULL, [], 8) = 0
27408<bash> 22:19:15 pipe2([3<pipe:[145933]>, 4<pipe:[145933]>], 0) = 0
27408<bash> 22:19:15 rt_sigprocmask(SIG_BLOCK, [CHLD], [], 8) = 0
27408<bash> 22:19:15 rt_sigprocmask(SIG_SETMASK, [], NULL, 8) = 0
27408<bash> 22:19:15 rt_sigprocmask(SIG_BLOCK, NULL, [], 8) = 0
27408<bash> 22:19:15 rt_sigprocmask(SIG_BLOCK, [INT TERM CHLD], [], 8) = 0
27408<bash> 22:19:15 rt_sigaction(SIGTERM, {sa_handler=SIG_DFL, sa_mask=[], sa_flags=SA_RESTORER, sa_restorer=0x7fa306ca35b0}, {sa_handler=SIG_IGN, sa_mask=[], sa_flags=SA_RESTORER, sa_restorer=0x7fa306ca35b0}, 8) = 0
27408<bash> 22:19:15 rt_sigprocmask(SIG_BLOCK, ~[], [INT TERM CHLD], 8) = 0
27408<bash> 22:19:15 clone(child_stack=NULL, flags=CLONE_CHILD_CLEARTID|CLONE_CHILD_SETTID|SIGCHLD, child_tidptr=0x7fa306c86a10) = 27446<bash>
27446<bash> 22:19:15 set_robust_list(0x7fa306c86a20, 24 <unfinished ...>
27408<bash> 22:19:15 rt_sigprocmask(SIG_SETMASK, [INT TERM CHLD] <unfinished ...>
27446<bash> 22:19:15 <... set_robust_list resumed>) = 0
27408<bash> 22:19:15 <... rt_sigprocmask resumed>, NULL, 8) = 0
27446<bash> 22:19:15 rt_sigprocmask(SIG_SETMASK, [INT TERM CHLD] <unfinished ...>
27408<bash> 22:19:15 rt_sigaction(SIGTERM, {sa_handler=SIG_IGN, sa_mask=[], sa_flags=SA_RESTORER, sa_restorer=0x7fa306ca35b0} <unfinished ...>
27446<bash> 22:19:15 <... rt_sigprocmask resumed>, NULL, 8) = 0
27408<bash> 22:19:15 <... rt_sigaction resumed>, {sa_handler=SIG_DFL, sa_mask=[], sa_flags=SA_RESTORER, sa_restorer=0x7fa306ca35b0}, 8) = 0
27446<bash> 22:19:15 getpid( <unfinished ...>
27408<bash> 22:19:15 rt_sigprocmask(SIG_SETMASK, [] <unfinished ...>
27446<bash> 22:19:15 <... getpid resumed>) = 27446<bash>
27408<bash> 22:19:15 <... rt_sigprocmask resumed>, NULL, 8) = 0
27446<bash> 22:19:15 rt_sigprocmask(SIG_SETMASK, [] <unfinished ...>
27408<bash> 22:19:15 rt_sigaction(SIGCHLD, {sa_handler=0x55e6ca0068d0, sa_mask=[], sa_flags=SA_RESTORER|SA_RESTART, sa_restorer=0x7fa306ca35b0} <unfinished ...>
27446<bash> 22:19:15 <... rt_sigprocmask resumed>, NULL, 8) = 0
27408<bash> 22:19:15 <... rt_sigaction resumed>, {sa_handler=0x55e6ca0068d0, sa_mask=[], sa_flags=SA_RESTORER|SA_RESTART, sa_restorer=0x7fa306ca35b0}, 8) = 0
27446<bash> 22:19:15 rt_sigaction(SIGTSTP, {sa_handler=SIG_DFL, sa_mask=[], sa_flags=SA_RESTORER, sa_restorer=0x7fa306ca35b0} <unfinished ...>
27408<bash> 22:19:15 close(4<pipe:[145933]> <unfinished ...>
27446<bash> 22:19:15 <... rt_sigaction resumed>, {sa_handler=SIG_IGN, sa_mask=[], sa_flags=SA_RESTORER, sa_restorer=0x7fa306ca35b0}, 8) = 0
27408<bash> 22:19:15 <... close resumed>) = 0
27446<bash> 22:19:15 rt_sigaction(SIGTTIN, {sa_handler=SIG_DFL, sa_mask=[], sa_flags=SA_RESTORER, sa_restorer=0x7fa306ca35b0} <unfinished ...>
27408<bash> 22:19:15 rt_sigprocmask(SIG_BLOCK, [INT] <unfinished ...>
27446<bash> 22:19:15 <... rt_sigaction resumed>, {sa_handler=SIG_IGN, sa_mask=[], sa_flags=SA_RESTORER, sa_restorer=0x7fa306ca35b0}, 8) = 0
27408<bash> 22:19:15 <... rt_sigprocmask resumed>, [], 8) = 0
27446<bash> 22:19:15 rt_sigaction(SIGTTOU, {sa_handler=SIG_DFL, sa_mask=[], sa_flags=SA_RESTORER, sa_restorer=0x7fa306ca35b0} <unfinished ...>
27408<bash> 22:19:15 read(3<pipe:[145933]> <unfinished ...>
27446<bash> 22:19:15 <... rt_sigaction resumed>, {sa_handler=SIG_IGN, sa_mask=[], sa_flags=SA_RESTORER, sa_restorer=0x7fa306ca35b0}, 8) = 0
27446<bash> 22:19:15 rt_sigaction(SIGINT, {sa_handler=SIG_DFL, sa_mask=[], sa_flags=SA_RESTORER, sa_restorer=0x7fa306ca35b0}, {sa_handler=0x55e6ca034cf0, sa_mask=[], sa_flags=SA_RESTORER, sa_restorer=0x7fa306ca35b0}, 8) = 0
27446<bash> 22:19:15 rt_sigaction(SIGQUIT, {sa_handler=SIG_DFL, sa_mask=[], sa_flags=SA_RESTORER, sa_restorer=0x7fa306ca35b0}, {sa_handler=SIG_IGN, sa_mask=[], sa_flags=SA_RESTORER, sa_restorer=0x7fa306ca35b0}, 8) = 0
27446<bash> 22:19:15 rt_sigaction(SIGTERM, {sa_handler=SIG_DFL, sa_mask=[], sa_flags=SA_RESTORER, sa_restorer=0x7fa306ca35b0}, {sa_handler=SIG_DFL, sa_mask=[], sa_flags=SA_RESTORER, sa_restorer=0x7fa306ca35b0}, 8) = 0
27446<bash> 22:19:15 rt_sigaction(SIGCHLD, {sa_handler=SIG_DFL, sa_mask=[], sa_flags=SA_RESTORER|SA_RESTART, sa_restorer=0x7fa306ca35b0}, {sa_handler=0x55e6ca0068d0, sa_mask=[], sa_flags=SA_RESTORER|SA_RESTART, sa_restorer=0x7fa306ca35b0}, 8) = 0
27446<bash> 22:19:15 rt_sigaction(SIGCHLD, {sa_handler=0x55e6ca0068d0, sa_mask=[], sa_flags=SA_RESTORER|SA_RESTART, sa_restorer=0x7fa306ca35b0}, {sa_handler=SIG_DFL, sa_mask=[], sa_flags=SA_RESTORER|SA_RESTART, sa_restorer=0x7fa306ca35b0}, 8) = 0
27446<bash> 22:19:15 rt_sigaction(SIGINT, {sa_handler=0x55e6ca0352c0, sa_mask=[], sa_flags=SA_RESTORER, sa_restorer=0x7fa306ca35b0}, {sa_handler=SIG_DFL, sa_mask=[], sa_flags=SA_RESTORER, sa_restorer=0x7fa306ca35b0}, 8) = 0
27446<bash> 22:19:15 dup2(4<pipe:[145933]>, 1</dev/pts/6<char 136:6>>) = 1<pipe:[145933]>
27446<bash> 22:19:15 close(4<pipe:[145933]>) = 0
27446<bash> 22:19:15 close(3<pipe:[145933]>) = 0
27446<bash> 22:19:15 rt_sigprocmask(SIG_BLOCK, NULL, [], 8) = 0
27446<bash> 22:19:15 newfstatat(AT_FDCWD</home/catastor>, ".", {st_mode=S_IFDIR|0700, st_size=716, ...}, 0) = 0
27446<bash> 22:19:15 newfstatat(AT_FDCWD</home/catastor>, "/usr/local/bin/vi", 0x7ffee29a8ba0, 0) = -1 ENOENT (No such file or directory)
27446<bash> 22:19:15 newfstatat(AT_FDCWD</home/catastor>, "/usr/bin/vi", {st_mode=S_IFREG|0755, st_size=1854912, ...}, 0) = 0
27446<bash> 22:19:15 newfstatat(AT_FDCWD</home/catastor>, "/usr/bin/vi", {st_mode=S_IFREG|0755, st_size=1854912, ...}, 0) = 0
27446<bash> 22:19:15 geteuid()          = 1000
27446<bash> 22:19:15 getegid()          = 1000
27446<bash> 22:19:15 getuid()           = 1000
27446<bash> 22:19:15 getgid()           = 1000
27446<bash> 22:19:15 access("/usr/bin/vi", X_OK) = 0
27446<bash> 22:19:15 newfstatat(AT_FDCWD</home/catastor>, "/usr/bin/vi", {st_mode=S_IFREG|0755, st_size=1854912, ...}, 0) = 0
27446<bash> 22:19:15 geteuid()          = 1000
27446<bash> 22:19:15 getegid()          = 1000
27446<bash> 22:19:15 getuid()           = 1000
27446<bash> 22:19:15 getgid()           = 1000
27446<bash> 22:19:15 access("/usr/bin/vi", R_OK) = 0
27446<bash> 22:19:15 write(1<pipe:[145933]>, "/usr/bin/vi\n", 12) = 12
27408<bash> 22:19:15 <... read resumed>, "/usr/bin/vi\n", 4096) = 12
27446<bash> 22:19:15 exit_group(0 <unfinished ...>
27408<bash> 22:19:15 read(3<pipe:[145933]> <unfinished ...>
27446<bash> 22:19:15 <... exit_group resumed>) = ?
27446<bash> 22:19:15 +++ exited with 0 +++
27408<bash> 22:19:15 <... read resumed>, "", 4096) = 0
27408<bash> 22:19:15 --- SIGCHLD {si_signo=SIGCHLD, si_code=CLD_EXITED, si_pid=27446<bash>, si_uid=1000, si_status=0, si_utime=0, si_stime=0} ---
27408<bash> 22:19:15 wait4(-1, [{WIFEXITED(s) && WEXITSTATUS(s) == 0}], WNOHANG, NULL) = 27446
27408<bash> 22:19:15 wait4(-1, 0x7ffee29a7b54, WNOHANG, NULL) = -1 ECHILD (No child processes)
27408<bash> 22:19:15 rt_sigreturn({mask=[INT]}) = 0
27408<bash> 22:19:15 close(3<pipe:[145933]>) = 0
27408<bash> 22:19:15 rt_sigprocmask(SIG_SETMASK, [], NULL, 8) = 0
27408<bash> 22:19:15 rt_sigprocmask(SIG_BLOCK, [CHLD], [], 8) = 0
27408<bash> 22:19:15 rt_sigaction(SIGINT, {sa_handler=0x55e6ca002d80, sa_mask=[], sa_flags=SA_RESTORER, sa_restorer=0x7fa306ca35b0}, {sa_handler=0x55e6ca034cf0, sa_mask=[], sa_flags=SA_RESTORER, sa_restorer=0x7fa306ca35b0}, 8) = 0
27408<bash> 22:19:15 rt_sigaction(SIGINT, {sa_handler=0x55e6ca034cf0, sa_mask=[], sa_flags=SA_RESTORER, sa_restorer=0x7fa306ca35b0}, {sa_handler=0x55e6ca002d80, sa_mask=[], sa_flags=SA_RESTORER, sa_restorer=0x7fa306ca35b0}, 8) = 0
27408<bash> 22:19:15 rt_sigprocmask(SIG_SETMASK, [], NULL, 8) = 0
27408<bash> 22:19:15 rt_sigprocmask(SIG_BLOCK, [CHLD], [], 8) = 0
27408<bash> 22:19:15 rt_sigprocmask(SIG_SETMASK, [], NULL, 8) = 0
27408<bash> 22:19:15 rt_sigprocmask(SIG_BLOCK, [CHLD], [], 8) = 0
27408<bash> 22:19:15 rt_sigprocmask(SIG_SETMASK, [], NULL, 8) = 0
27408<bash> 22:19:15 faccessat2(AT_FDCWD</home/catastor>, "/etc/profile.d/vte.sh", R_OK, AT_EACCESS) = 0
27408<bash> 22:19:15 openat(AT_FDCWD</home/catastor>, "/etc/profile.d/vte.sh", O_RDONLY) = 3</etc/profile.d/vte.sh>
27408<bash> 22:19:15 fstat(3</etc/profile.d/vte.sh>, {st_mode=S_IFREG|0644, st_size=5062, ...}) = 0
27408<bash> 22:19:15 read(3</etc/profile.d/vte.sh>, "# Copyright \302\251 2012 Christian Pe"..., 5062) = 5062
27408<bash> 22:19:15 close(3</etc/profile.d/vte.sh>) = 0
27408<bash> 22:19:15 rt_sigprocmask(SIG_BLOCK, NULL, [], 8) = 0
27408<bash> 22:19:15 rt_sigprocmask(SIG_BLOCK, [CHLD], [], 8) = 0
27408<bash> 22:19:15 rt_sigprocmask(SIG_SETMASK, [], NULL, 8) = 0
27408<bash> 22:19:15 faccessat2(AT_FDCWD</home/catastor>, "/etc/profile.d/which2.sh", R_OK, AT_EACCESS) = 0
27408<bash> 22:19:15 openat(AT_FDCWD</home/catastor>, "/etc/profile.d/which2.sh", O_RDONLY) = 3</etc/profile.d/which2.sh>
27408<bash> 22:19:15 fstat(3</etc/profile.d/which2.sh>, {st_mode=S_IFREG|0644, st_size=465, ...}) = 0
27408<bash> 22:19:15 read(3</etc/profile.d/which2.sh>, "# shellcheck shell=sh\n# Initiali"..., 465) = 465
27408<bash> 22:19:15 close(3</etc/profile.d/which2.sh>) = 0
27408<bash> 22:19:15 rt_sigprocmask(SIG_BLOCK, NULL, [], 8) = 0
27408<bash> 22:19:15 faccessat2(AT_FDCWD</home/catastor>, "/proc/27408/exe", R_OK, AT_EACCESS) = 0
27408<bash> 22:19:15 rt_sigprocmask(SIG_BLOCK, NULL, [], 8) = 0
27408<bash> 22:19:15 pipe2([3<pipe:[147771]>, 4<pipe:[147771]>], 0) = 0
27408<bash> 22:19:15 rt_sigprocmask(SIG_BLOCK, [CHLD], [], 8) = 0
27408<bash> 22:19:15 rt_sigprocmask(SIG_SETMASK, [], NULL, 8) = 0
27408<bash> 22:19:15 rt_sigprocmask(SIG_BLOCK, NULL, [], 8) = 0
27408<bash> 22:19:15 rt_sigprocmask(SIG_BLOCK, [INT TERM CHLD], [], 8) = 0
27408<bash> 22:19:15 rt_sigaction(SIGTERM, {sa_handler=SIG_DFL, sa_mask=[], sa_flags=SA_RESTORER, sa_restorer=0x7fa306ca35b0}, {sa_handler=SIG_IGN, sa_mask=[], sa_flags=SA_RESTORER, sa_restorer=0x7fa306ca35b0}, 8) = 0
27408<bash> 22:19:15 rt_sigprocmask(SIG_BLOCK, ~[], [INT TERM CHLD], 8) = 0
27408<bash> 22:19:15 clone(child_stack=NULL, flags=CLONE_CHILD_CLEARTID|CLONE_CHILD_SETTID|SIGCHLD, child_tidptr=0x7fa306c86a10) = 27447<bash>
27447<bash> 22:19:15 set_robust_list(0x7fa306c86a20, 24 <unfinished ...>
27408<bash> 22:19:15 rt_sigprocmask(SIG_SETMASK, [INT TERM CHLD] <unfinished ...>
27447<bash> 22:19:15 <... set_robust_list resumed>) = 0
27408<bash> 22:19:15 <... rt_sigprocmask resumed>, NULL, 8) = 0
27447<bash> 22:19:15 rt_sigprocmask(SIG_SETMASK, [INT TERM CHLD] <unfinished ...>
27408<bash> 22:19:15 rt_sigaction(SIGTERM, {sa_handler=SIG_IGN, sa_mask=[], sa_flags=SA_RESTORER, sa_restorer=0x7fa306ca35b0} <unfinished ...>
27447<bash> 22:19:15 <... rt_sigprocmask resumed>, NULL, 8) = 0
27408<bash> 22:19:15 <... rt_sigaction resumed>, {sa_handler=SIG_DFL, sa_mask=[], sa_flags=SA_RESTORER, sa_restorer=0x7fa306ca35b0}, 8) = 0
27447<bash> 22:19:15 getpid( <unfinished ...>
27408<bash> 22:19:15 rt_sigprocmask(SIG_SETMASK, [] <unfinished ...>
27447<bash> 22:19:15 <... getpid resumed>) = 27447<bash>
27408<bash> 22:19:15 <... rt_sigprocmask resumed>, NULL, 8) = 0
27447<bash> 22:19:15 rt_sigprocmask(SIG_SETMASK, [] <unfinished ...>
27408<bash> 22:19:15 rt_sigaction(SIGCHLD, {sa_handler=0x55e6ca0068d0, sa_mask=[], sa_flags=SA_RESTORER|SA_RESTART, sa_restorer=0x7fa306ca35b0} <unfinished ...>
27447<bash> 22:19:15 <... rt_sigprocmask resumed>, NULL, 8) = 0
27408<bash> 22:19:15 <... rt_sigaction resumed>, {sa_handler=0x55e6ca0068d0, sa_mask=[], sa_flags=SA_RESTORER|SA_RESTART, sa_restorer=0x7fa306ca35b0}, 8) = 0
27447<bash> 22:19:15 rt_sigaction(SIGTSTP, {sa_handler=SIG_DFL, sa_mask=[], sa_flags=SA_RESTORER, sa_restorer=0x7fa306ca35b0} <unfinished ...>
27408<bash> 22:19:15 close(4<pipe:[147771]> <unfinished ...>
27447<bash> 22:19:15 <... rt_sigaction resumed>, {sa_handler=SIG_IGN, sa_mask=[], sa_flags=SA_RESTORER, sa_restorer=0x7fa306ca35b0}, 8) = 0
27408<bash> 22:19:15 <... close resumed>) = 0
27447<bash> 22:19:15 rt_sigaction(SIGTTIN, {sa_handler=SIG_DFL, sa_mask=[], sa_flags=SA_RESTORER, sa_restorer=0x7fa306ca35b0} <unfinished ...>
27408<bash> 22:19:15 rt_sigprocmask(SIG_BLOCK, [INT] <unfinished ...>
27447<bash> 22:19:15 <... rt_sigaction resumed>, {sa_handler=SIG_IGN, sa_mask=[], sa_flags=SA_RESTORER, sa_restorer=0x7fa306ca35b0}, 8) = 0
27408<bash> 22:19:15 <... rt_sigprocmask resumed>, [], 8) = 0
27447<bash> 22:19:15 rt_sigaction(SIGTTOU, {sa_handler=SIG_DFL, sa_mask=[], sa_flags=SA_RESTORER, sa_restorer=0x7fa306ca35b0} <unfinished ...>
27408<bash> 22:19:15 read(3<pipe:[147771]> <unfinished ...>
27447<bash> 22:19:15 <... rt_sigaction resumed>, {sa_handler=SIG_IGN, sa_mask=[], sa_flags=SA_RESTORER, sa_restorer=0x7fa306ca35b0}, 8) = 0
27447<bash> 22:19:15 rt_sigaction(SIGINT, {sa_handler=SIG_DFL, sa_mask=[], sa_flags=SA_RESTORER, sa_restorer=0x7fa306ca35b0}, {sa_handler=0x55e6ca034cf0, sa_mask=[], sa_flags=SA_RESTORER, sa_restorer=0x7fa306ca35b0}, 8) = 0
27447<bash> 22:19:15 rt_sigaction(SIGQUIT, {sa_handler=SIG_DFL, sa_mask=[], sa_flags=SA_RESTORER, sa_restorer=0x7fa306ca35b0}, {sa_handler=SIG_IGN, sa_mask=[], sa_flags=SA_RESTORER, sa_restorer=0x7fa306ca35b0}, 8) = 0
27447<bash> 22:19:15 rt_sigaction(SIGTERM, {sa_handler=SIG_DFL, sa_mask=[], sa_flags=SA_RESTORER, sa_restorer=0x7fa306ca35b0}, {sa_handler=SIG_DFL, sa_mask=[], sa_flags=SA_RESTORER, sa_restorer=0x7fa306ca35b0}, 8) = 0
27447<bash> 22:19:15 rt_sigaction(SIGCHLD, {sa_handler=SIG_DFL, sa_mask=[], sa_flags=SA_RESTORER|SA_RESTART, sa_restorer=0x7fa306ca35b0}, {sa_handler=0x55e6ca0068d0, sa_mask=[], sa_flags=SA_RESTORER|SA_RESTART, sa_restorer=0x7fa306ca35b0}, 8) = 0
27447<bash> 22:19:15 rt_sigaction(SIGCHLD, {sa_handler=0x55e6ca0068d0, sa_mask=[], sa_flags=SA_RESTORER|SA_RESTART, sa_restorer=0x7fa306ca35b0}, {sa_handler=SIG_DFL, sa_mask=[], sa_flags=SA_RESTORER|SA_RESTART, sa_restorer=0x7fa306ca35b0}, 8) = 0
27447<bash> 22:19:15 rt_sigaction(SIGINT, {sa_handler=0x55e6ca0352c0, sa_mask=[], sa_flags=SA_RESTORER, sa_restorer=0x7fa306ca35b0}, {sa_handler=SIG_DFL, sa_mask=[], sa_flags=SA_RESTORER, sa_restorer=0x7fa306ca35b0}, 8) = 0
27447<bash> 22:19:15 dup2(4<pipe:[147771]>, 1</dev/pts/6<char 136:6>>) = 1<pipe:[147771]>
27447<bash> 22:19:15 close(4<pipe:[147771]>) = 0
27447<bash> 22:19:15 close(3<pipe:[147771]>) = 0
27447<bash> 22:19:15 rt_sigprocmask(SIG_BLOCK, NULL, [], 8) = 0
27447<bash> 22:19:15 rt_sigprocmask(SIG_BLOCK, NULL, [], 8) = 0
27447<bash> 22:19:15 pipe2([3<pipe:[148496]>, 4<pipe:[148496]>], 0) = 0
27447<bash> 22:19:15 rt_sigprocmask(SIG_BLOCK, [CHLD], [], 8) = 0
27447<bash> 22:19:15 rt_sigprocmask(SIG_SETMASK, [], NULL, 8) = 0
27447<bash> 22:19:15 rt_sigprocmask(SIG_BLOCK, NULL, [], 8) = 0
27447<bash> 22:19:15 rt_sigprocmask(SIG_BLOCK, [INT TERM CHLD], [], 8) = 0
27447<bash> 22:19:15 rt_sigaction(SIGTERM, {sa_handler=SIG_DFL, sa_mask=[], sa_flags=SA_RESTORER, sa_restorer=0x7fa306ca35b0}, {sa_handler=SIG_DFL, sa_mask=[], sa_flags=SA_RESTORER, sa_restorer=0x7fa306ca35b0}, 8) = 0
27447<bash> 22:19:15 rt_sigprocmask(SIG_BLOCK, ~[], [INT TERM CHLD], 8) = 0
27447<bash> 22:19:15 clone(child_stack=NULL, flags=CLONE_CHILD_CLEARTID|CLONE_CHILD_SETTID|SIGCHLD <unfinished ...>
27448<bash> 22:19:15 set_robust_list(0x7fa306c86a20, 24 <unfinished ...>
27447<bash> 22:19:15 <... clone resumed>, child_tidptr=0x7fa306c86a10) = 27448<bash>
27448<bash> 22:19:15 <... set_robust_list resumed>) = 0
27448<bash> 22:19:15 rt_sigprocmask(SIG_SETMASK, [INT TERM CHLD] <unfinished ...>
27447<bash> 22:19:15 rt_sigprocmask(SIG_SETMASK, [INT TERM CHLD] <unfinished ...>
27448<bash> 22:19:15 <... rt_sigprocmask resumed>, NULL, 8) = 0
27447<bash> 22:19:15 <... rt_sigprocmask resumed>, NULL, 8) = 0
27447<bash> 22:19:15 rt_sigaction(SIGTERM, {sa_handler=SIG_DFL, sa_mask=[], sa_flags=SA_RESTORER, sa_restorer=0x7fa306ca35b0} <unfinished ...>
27448<bash> 22:19:15 getpid( <unfinished ...>
27447<bash> 22:19:15 <... rt_sigaction resumed>, {sa_handler=SIG_DFL, sa_mask=[], sa_flags=SA_RESTORER, sa_restorer=0x7fa306ca35b0}, 8) = 0
27448<bash> 22:19:15 <... getpid resumed>) = 27448<bash>
27447<bash> 22:19:15 rt_sigprocmask(SIG_SETMASK, [] <unfinished ...>
27448<bash> 22:19:15 rt_sigprocmask(SIG_SETMASK, [] <unfinished ...>
27447<bash> 22:19:15 <... rt_sigprocmask resumed>, NULL, 8) = 0
27448<bash> 22:19:15 <... rt_sigprocmask resumed>, NULL, 8) = 0
27447<bash> 22:19:15 rt_sigaction(SIGCHLD, {sa_handler=0x55e6ca0068d0, sa_mask=[], sa_flags=SA_RESTORER|SA_RESTART, sa_restorer=0x7fa306ca35b0} <unfinished ...>
27448<bash> 22:19:15 rt_sigaction(SIGTSTP, {sa_handler=SIG_DFL, sa_mask=[], sa_flags=SA_RESTORER, sa_restorer=0x7fa306ca35b0} <unfinished ...>
27447<bash> 22:19:15 <... rt_sigaction resumed>, {sa_handler=0x55e6ca0068d0, sa_mask=[], sa_flags=SA_RESTORER|SA_RESTART, sa_restorer=0x7fa306ca35b0}, 8) = 0
27448<bash> 22:19:15 <... rt_sigaction resumed>, {sa_handler=SIG_DFL, sa_mask=[], sa_flags=SA_RESTORER, sa_restorer=0x7fa306ca35b0}, 8) = 0
27447<bash> 22:19:15 close(4<pipe:[148496]> <unfinished ...>
27448<bash> 22:19:15 rt_sigaction(SIGTTIN, {sa_handler=SIG_DFL, sa_mask=[], sa_flags=SA_RESTORER, sa_restorer=0x7fa306ca35b0} <unfinished ...>
27447<bash> 22:19:15 <... close resumed>) = 0
27448<bash> 22:19:15 <... rt_sigaction resumed>, {sa_handler=SIG_DFL, sa_mask=[], sa_flags=SA_RESTORER, sa_restorer=0x7fa306ca35b0}, 8) = 0
27448<bash> 22:19:15 rt_sigaction(SIGTTOU, {sa_handler=SIG_DFL, sa_mask=[], sa_flags=SA_RESTORER, sa_restorer=0x7fa306ca35b0} <unfinished ...>
27447<bash> 22:19:15 rt_sigprocmask(SIG_BLOCK, [INT] <unfinished ...>
27448<bash> 22:19:15 <... rt_sigaction resumed>, {sa_handler=SIG_DFL, sa_mask=[], sa_flags=SA_RESTORER, sa_restorer=0x7fa306ca35b0}, 8) = 0
27447<bash> 22:19:15 <... rt_sigprocmask resumed>, [], 8) = 0
27448<bash> 22:19:15 rt_sigaction(SIGINT, {sa_handler=SIG_DFL, sa_mask=[], sa_flags=SA_RESTORER, sa_restorer=0x7fa306ca35b0} <unfinished ...>
27447<bash> 22:19:15 read(3<pipe:[148496]> <unfinished ...>
27448<bash> 22:19:15 <... rt_sigaction resumed>, {sa_handler=0x55e6ca0352c0, sa_mask=[], sa_flags=SA_RESTORER, sa_restorer=0x7fa306ca35b0}, 8) = 0
27448<bash> 22:19:15 rt_sigaction(SIGQUIT, {sa_handler=SIG_DFL, sa_mask=[], sa_flags=SA_RESTORER, sa_restorer=0x7fa306ca35b0}, {sa_handler=SIG_DFL, sa_mask=[], sa_flags=SA_RESTORER, sa_restorer=0x7fa306ca35b0}, 8) = 0
27448<bash> 22:19:15 rt_sigaction(SIGTERM, {sa_handler=SIG_DFL, sa_mask=[], sa_flags=SA_RESTORER, sa_restorer=0x7fa306ca35b0}, {sa_handler=SIG_DFL, sa_mask=[], sa_flags=SA_RESTORER, sa_restorer=0x7fa306ca35b0}, 8) = 0
27448<bash> 22:19:15 rt_sigaction(SIGCHLD, {sa_handler=SIG_DFL, sa_mask=[], sa_flags=SA_RESTORER|SA_RESTART, sa_restorer=0x7fa306ca35b0}, {sa_handler=0x55e6ca0068d0, sa_mask=[], sa_flags=SA_RESTORER|SA_RESTART, sa_restorer=0x7fa306ca35b0}, 8) = 0
27448<bash> 22:19:15 rt_sigaction(SIGCHLD, {sa_handler=0x55e6ca0068d0, sa_mask=[], sa_flags=SA_RESTORER|SA_RESTART, sa_restorer=0x7fa306ca35b0}, {sa_handler=SIG_DFL, sa_mask=[], sa_flags=SA_RESTORER|SA_RESTART, sa_restorer=0x7fa306ca35b0}, 8) = 0
27448<bash> 22:19:15 rt_sigaction(SIGINT, {sa_handler=0x55e6ca0352c0, sa_mask=[], sa_flags=SA_RESTORER, sa_restorer=0x7fa306ca35b0}, {sa_handler=SIG_DFL, sa_mask=[], sa_flags=SA_RESTORER, sa_restorer=0x7fa306ca35b0}, 8) = 0
27448<bash> 22:19:15 dup2(4<pipe:[148496]>, 1<pipe:[147771]>) = 1<pipe:[148496]>
27448<bash> 22:19:15 close(4<pipe:[148496]>) = 0
27448<bash> 22:19:15 close(3<pipe:[148496]>) = 0
27448<bash> 22:19:15 rt_sigprocmask(SIG_BLOCK, NULL, [], 8) = 0
27448<bash> 22:19:15 newfstatat(AT_FDCWD</home/catastor>, ".", {st_mode=S_IFDIR|0700, st_size=716, ...}, 0) = 0
27448<bash> 22:19:15 newfstatat(AT_FDCWD</home/catastor>, "/usr/local/bin/readlink", 0x7ffee29a8220, 0) = -1 ENOENT (No such file or directory)
27448<bash> 22:19:15 newfstatat(AT_FDCWD</home/catastor>, "/usr/bin/readlink", {st_mode=S_IFREG|0755, st_size=40784, ...}, 0) = 0
27448<bash> 22:19:15 newfstatat(AT_FDCWD</home/catastor>, "/usr/bin/readlink", {st_mode=S_IFREG|0755, st_size=40784, ...}, 0) = 0
27448<bash> 22:19:15 geteuid()          = 1000
27448<bash> 22:19:15 getegid()          = 1000
27448<bash> 22:19:15 getuid()           = 1000
27448<bash> 22:19:15 getgid()           = 1000
27448<bash> 22:19:15 access("/usr/bin/readlink", X_OK) = 0
27448<bash> 22:19:15 newfstatat(AT_FDCWD</home/catastor>, "/usr/bin/readlink", {st_mode=S_IFREG|0755, st_size=40784, ...}, 0) = 0
27448<bash> 22:19:15 geteuid()          = 1000
27448<bash> 22:19:15 getegid()          = 1000
27448<bash> 22:19:15 getuid()           = 1000
27448<bash> 22:19:15 getgid()           = 1000
27448<bash> 22:19:15 access("/usr/bin/readlink", R_OK) = 0
27448<bash> 22:19:15 rt_sigaction(SIGHUP, {sa_handler=SIG_DFL, sa_mask=[], sa_flags=SA_RESTORER, sa_restorer=0x7fa306ca35b0}, NULL, 8) = 0
27448<bash> 22:19:15 rt_sigaction(SIGILL, {sa_handler=SIG_DFL, sa_mask=[], sa_flags=SA_RESTORER, sa_restorer=0x7fa306ca35b0}, NULL, 8) = 0
27448<bash> 22:19:15 rt_sigaction(SIGTRAP, {sa_handler=SIG_DFL, sa_mask=[], sa_flags=SA_RESTORER, sa_restorer=0x7fa306ca35b0}, NULL, 8) = 0
27448<bash> 22:19:15 rt_sigprocmask(SIG_BLOCK, ~[], [], 8) = 0
27448<bash> 22:19:15 rt_sigaction(SIGABRT, {sa_handler=SIG_DFL, sa_mask=[], sa_flags=SA_RESTORER, sa_restorer=0x7fa306ca35b0}, NULL, 8) = 0
27448<bash> 22:19:15 rt_sigprocmask(SIG_SETMASK, [], NULL, 8) = 0
27448<bash> 22:19:15 rt_sigaction(SIGFPE, {sa_handler=SIG_DFL, sa_mask=[], sa_flags=SA_RESTORER, sa_restorer=0x7fa306ca35b0}, NULL, 8) = 0
27448<bash> 22:19:15 rt_sigaction(SIGBUS, {sa_handler=SIG_DFL, sa_mask=[], sa_flags=SA_RESTORER, sa_restorer=0x7fa306ca35b0}, NULL, 8) = 0
27448<bash> 22:19:15 rt_sigaction(SIGSEGV, {sa_handler=SIG_DFL, sa_mask=[], sa_flags=SA_RESTORER, sa_restorer=0x7fa306ca35b0}, NULL, 8) = 0
27448<bash> 22:19:15 rt_sigaction(SIGSYS, {sa_handler=SIG_DFL, sa_mask=[], sa_flags=SA_RESTORER, sa_restorer=0x7fa306ca35b0}, NULL, 8) = 0
27448<bash> 22:19:15 rt_sigaction(SIGPIPE, {sa_handler=SIG_DFL, sa_mask=[], sa_flags=SA_RESTORER, sa_restorer=0x7fa306ca35b0}, NULL, 8) = 0
27448<bash> 22:19:15 rt_sigaction(SIGALRM, {sa_handler=SIG_DFL, sa_mask=[], sa_flags=SA_RESTORER, sa_restorer=0x7fa306ca35b0}, NULL, 8) = 0
27448<bash> 22:19:15 rt_sigaction(SIGXCPU, {sa_handler=SIG_DFL, sa_mask=[], sa_flags=SA_RESTORER, sa_restorer=0x7fa306ca35b0}, NULL, 8) = 0
27448<bash> 22:19:15 rt_sigaction(SIGXFSZ, {sa_handler=SIG_DFL, sa_mask=[], sa_flags=SA_RESTORER, sa_restorer=0x7fa306ca35b0}, NULL, 8) = 0
27448<bash> 22:19:15 rt_sigaction(SIGVTALRM, {sa_handler=SIG_DFL, sa_mask=[], sa_flags=SA_RESTORER, sa_restorer=0x7fa306ca35b0}, NULL, 8) = 0
27448<bash> 22:19:15 rt_sigaction(SIGUSR1, {sa_handler=SIG_DFL, sa_mask=[], sa_flags=SA_RESTORER, sa_restorer=0x7fa306ca35b0}, NULL, 8) = 0
27448<bash> 22:19:15 rt_sigaction(SIGUSR2, {sa_handler=SIG_DFL, sa_mask=[], sa_flags=SA_RESTORER, sa_restorer=0x7fa306ca35b0}, NULL, 8) = 0
27448<bash> 22:19:15 rt_sigaction(SIGINT, {sa_handler=SIG_DFL, sa_mask=[], sa_flags=SA_RESTORER, sa_restorer=0x7fa306ca35b0}, {sa_handler=0x55e6ca0352c0, sa_mask=[], sa_flags=SA_RESTORER, sa_restorer=0x7fa306ca35b0}, 8) = 0
27448<bash> 22:19:15 rt_sigaction(SIGQUIT, {sa_handler=SIG_DFL, sa_mask=[], sa_flags=SA_RESTORER, sa_restorer=0x7fa306ca35b0}, {sa_handler=SIG_DFL, sa_mask=[], sa_flags=SA_RESTORER, sa_restorer=0x7fa306ca35b0}, 8) = 0
27448<bash> 22:19:15 rt_sigaction(SIGTERM, {sa_handler=SIG_DFL, sa_mask=[], sa_flags=SA_RESTORER, sa_restorer=0x7fa306ca35b0}, {sa_handler=SIG_DFL, sa_mask=[], sa_flags=SA_RESTORER, sa_restorer=0x7fa306ca35b0}, 8) = 0
27448<bash> 22:19:15 rt_sigaction(SIGCHLD, {sa_handler=SIG_DFL, sa_mask=[], sa_flags=SA_RESTORER|SA_RESTART, sa_restorer=0x7fa306ca35b0}, {sa_handler=0x55e6ca0068d0, sa_mask=[], sa_flags=SA_RESTORER|SA_RESTART, sa_restorer=0x7fa306ca35b0}, 8) = 0
27448<bash> 22:19:15 execve("/usr/bin/readlink", ["readlink", "/proc/27408/exe"], 0x55e6cc5a87c0 /* 35 vars */) = 0
27448<readlink> 22:19:15 brk(NULL)      = 0x5567e4ee7000
27448<readlink> 22:19:15 access("/etc/ld.so.preload", R_OK) = -1 ENOENT (No such file or directory)
27448<readlink> 22:19:15 openat(AT_FDCWD</home/catastor>, "/etc/ld.so.cache", O_RDONLY|O_CLOEXEC) = 3</etc/ld.so.cache>
27448<readlink> 22:19:15 fstat(3</etc/ld.so.cache>, {st_mode=S_IFREG|0644, st_size=74499, ...}) = 0
27448<readlink> 22:19:15 mmap(NULL, 74499, PROT_READ, MAP_PRIVATE, 3</etc/ld.so.cache>, 0) = 0x7f8a616cc000
27448<readlink> 22:19:15 close(3</etc/ld.so.cache>) = 0
27448<readlink> 22:19:15 openat(AT_FDCWD</home/catastor>, "/lib64/libc.so.6", O_RDONLY|O_CLOEXEC) = 3</usr/lib64/libc.so.6>
27448<readlink> 22:19:15 read(3</usr/lib64/libc.so.6>, "\177ELF\2\1\1\3\0\0\0\0\0\0\0\0\3\0>\0\1\0\0\0\2408\0\0\0\0\0\0"..., 832) = 832
27448<readlink> 22:19:15 pread64(3</usr/lib64/libc.so.6>, "\6\0\0\0\4\0\0\0@\0\0\0\0\0\0\0@\0\0\0\0\0\0\0@\0\0\0\0\0\0\0"..., 784, 64) = 784
27448<readlink> 22:19:15 fstat(3</usr/lib64/libc.so.6>, {st_mode=S_IFREG|0755, st_size=2490288, ...}) = 0
27448<readlink> 22:19:15 mmap(NULL, 8192, PROT_READ|PROT_WRITE, MAP_PRIVATE|MAP_ANONYMOUS, -1, 0) = 0x7f8a616ca000
27448<readlink> 22:19:15 pread64(3</usr/lib64/libc.so.6>, "\6\0\0\0\4\0\0\0@\0\0\0\0\0\0\0@\0\0\0\0\0\0\0@\0\0\0\0\0\0\0"..., 784, 64) = 784
27448<readlink> 22:19:15 mmap(NULL, 2075504, PROT_READ|PROT_EXEC, MAP_PRIVATE|MAP_DENYWRITE, 3</usr/lib64/libc.so.6>, 0) = 0x7f8a614cf000
27448<readlink> 22:19:15 mmap(0x7f8a61643000, 495616, PROT_READ, MAP_PRIVATE|MAP_FIXED|MAP_DENYWRITE, 3</usr/lib64/libc.so.6>, 0x174000) = 0x7f8a61643000
27448<readlink> 22:19:15 mmap(0x7f8a616bc000, 24576, PROT_READ|PROT_WRITE, MAP_PRIVATE|MAP_FIXED|MAP_DENYWRITE, 3</usr/lib64/libc.so.6>, 0x1ed000) = 0x7f8a616bc000
27448<readlink> 22:19:15 mmap(0x7f8a616c2000, 31600, PROT_READ|PROT_WRITE, MAP_PRIVATE|MAP_FIXED|MAP_ANONYMOUS, -1, 0) = 0x7f8a616c2000
27448<readlink> 22:19:15 close(3</usr/lib64/libc.so.6>) = 0
27448<readlink> 22:19:15 mmap(NULL, 12288, PROT_READ|PROT_WRITE, MAP_PRIVATE|MAP_ANONYMOUS, -1, 0) = 0x7f8a614cc000
27448<readlink> 22:19:15 arch_prctl(ARCH_SET_FS, 0x7f8a614cc740) = 0
27448<readlink> 22:19:15 set_tid_address(0x7f8a614ccd68) = 27448<readlink>
27448<readlink> 22:19:15 set_robust_list(0x7f8a614cca20, 24) = 0
27448<readlink> 22:19:15 rseq({cpu_id_start=0, cpu_id=RSEQ_CPU_ID_UNINITIALIZED, rseq_cs=NULL, flags=0, node_id=0, mm_cid=0, slice_ctrl={request=0, granted=0, __reserved=0}, __reserved=0}, 32, 0, 0x53053053) = 0
27448<readlink> 22:19:15 mprotect(0x7f8a616bc000, 16384, PROT_READ) = 0
27448<readlink> 22:19:15 mprotect(0x5567d902c000, 4096, PROT_READ) = 0
27448<readlink> 22:19:15 mprotect(0x7f8a6171d000, 8192, PROT_READ) = 0
27448<readlink> 22:19:15 prlimit64(0, RLIMIT_STACK, NULL, {rlim_cur=8192*1024, rlim_max=RLIM64_INFINITY}) = 0
27448<readlink> 22:19:15 getrandom("\x2c\x5a\xab\x8e\x04\xa8\xd1\x5e", 8, GRND_NONBLOCK) = 8
27448<readlink> 22:19:15 munmap(0x7f8a616cc000, 74499) = 0
27448<readlink> 22:19:15 brk(NULL)      = 0x5567e4ee7000
27448<readlink> 22:19:15 brk(0x5567e4f08000) = 0x5567e4f08000
27448<readlink> 22:19:15 openat(AT_FDCWD</home/catastor>, "/usr/lib/locale/locale-archive", O_RDONLY|O_CLOEXEC) = 3</usr/lib/locale/locale-archive>
27448<readlink> 22:19:15 fstat(3</usr/lib/locale/locale-archive>, {st_mode=S_IFREG|0644, st_size=233380912, ...}) = 0
27448<readlink> 22:19:15 mmap(NULL, 233380912, PROT_READ, MAP_PRIVATE, 3</usr/lib/locale/locale-archive>, 0) = 0x7f8a53600000
27448<readlink> 22:19:15 close(3</usr/lib/locale/locale-archive>) = 0
27448<readlink> 22:19:15 readlink("/proc/27408/exe", "/usr/bin/bash", 64) = 13
27448<readlink> 22:19:15 fstat(1<pipe:[148496]>, {st_mode=S_IFIFO|0600, st_size=0, ...}) = 0
27448<readlink> 22:19:15 write(1<pipe:[148496]>, "/usr/bin/bash\n", 14) = 14
27447<bash> 22:19:15 <... read resumed>, "/usr/bin/bash\n", 4096) = 14
27448<readlink> 22:19:15 close(1<pipe:[148496]>) = 0
27447<bash> 22:19:15 read(3<pipe:[148496]> <unfinished ...>
27448<readlink> 22:19:15 close(2</dev/pts/6<char 136:6>> <unfinished ...>
27447<bash> 22:19:15 <... read resumed>, "", 4096) = 0
27448<readlink> 22:19:15 <... close resumed>) = 0
27447<bash> 22:19:15 close(3<pipe:[148496]> <unfinished ...>
27448<readlink> 22:19:15 exit_group(0)  = ?
27447<bash> 22:19:15 <... close resumed>) = 0
27447<bash> 22:19:15 rt_sigprocmask(SIG_SETMASK, [], NULL, 8) = 0
27448<readlink> 22:19:15 +++ exited with 0 +++
27447<bash> 22:19:15 --- SIGCHLD {si_signo=SIGCHLD, si_code=CLD_EXITED, si_pid=27448<readlink>, si_uid=1000, si_status=0, si_utime=0, si_stime=0} ---
27447<bash> 22:19:15 wait4(-1, [{WIFEXITED(s) && WEXITSTATUS(s) == 0}], WNOHANG, NULL) = 27448
27447<bash> 22:19:15 wait4(-1, 0x7ffee29a8214, WNOHANG, NULL) = -1 ECHILD (No child processes)
27447<bash> 22:19:15 rt_sigreturn({mask=[]}) = 0
27447<bash> 22:19:15 rt_sigprocmask(SIG_BLOCK, [CHLD], [], 8) = 0
27447<bash> 22:19:15 rt_sigaction(SIGINT, {sa_handler=0x55e6ca002d80, sa_mask=[], sa_flags=SA_RESTORER, sa_restorer=0x7fa306ca35b0}, {sa_handler=0x55e6ca0352c0, sa_mask=[], sa_flags=SA_RESTORER, sa_restorer=0x7fa306ca35b0}, 8) = 0
27447<bash> 22:19:15 rt_sigaction(SIGINT, {sa_handler=0x55e6ca0352c0, sa_mask=[], sa_flags=SA_RESTORER, sa_restorer=0x7fa306ca35b0}, {sa_handler=0x55e6ca002d80, sa_mask=[], sa_flags=SA_RESTORER, sa_restorer=0x7fa306ca35b0}, 8) = 0
27447<bash> 22:19:15 rt_sigprocmask(SIG_SETMASK, [], NULL, 8) = 0
27447<bash> 22:19:15 rt_sigprocmask(SIG_BLOCK, [CHLD], [], 8) = 0
27447<bash> 22:19:15 rt_sigprocmask(SIG_SETMASK, [], NULL, 8) = 0
27447<bash> 22:19:15 newfstatat(AT_FDCWD</home/catastor>, ".", {st_mode=S_IFDIR|0700, st_size=716, ...}, 0) = 0
27447<bash> 22:19:15 newfstatat(AT_FDCWD</home/catastor>, "/usr/local/bin/basename", 0x7ffee29a8a30, 0) = -1 ENOENT (No such file or directory)
27447<bash> 22:19:15 newfstatat(AT_FDCWD</home/catastor>, "/usr/bin/basename", {st_mode=S_IFREG|0755, st_size=36600, ...}, 0) = 0
27447<bash> 22:19:15 newfstatat(AT_FDCWD</home/catastor>, "/usr/bin/basename", {st_mode=S_IFREG|0755, st_size=36600, ...}, 0) = 0
27447<bash> 22:19:15 geteuid()          = 1000
27447<bash> 22:19:15 getegid()          = 1000
27447<bash> 22:19:15 getuid()           = 1000
27447<bash> 22:19:15 getgid()           = 1000
27447<bash> 22:19:15 access("/usr/bin/basename", X_OK) = 0
27447<bash> 22:19:15 newfstatat(AT_FDCWD</home/catastor>, "/usr/bin/basename", {st_mode=S_IFREG|0755, st_size=36600, ...}, 0) = 0
27447<bash> 22:19:15 geteuid()          = 1000
27447<bash> 22:19:15 getegid()          = 1000
27447<bash> 22:19:15 getuid()           = 1000
27447<bash> 22:19:15 getgid()           = 1000
27447<bash> 22:19:15 access("/usr/bin/basename", R_OK) = 0
27447<bash> 22:19:15 rt_sigaction(SIGHUP, {sa_handler=SIG_DFL, sa_mask=[], sa_flags=SA_RESTORER, sa_restorer=0x7fa306ca35b0}, NULL, 8) = 0
27447<bash> 22:19:15 rt_sigaction(SIGILL, {sa_handler=SIG_DFL, sa_mask=[], sa_flags=SA_RESTORER, sa_restorer=0x7fa306ca35b0}, NULL, 8) = 0
27447<bash> 22:19:15 rt_sigaction(SIGTRAP, {sa_handler=SIG_DFL, sa_mask=[], sa_flags=SA_RESTORER, sa_restorer=0x7fa306ca35b0}, NULL, 8) = 0
27447<bash> 22:19:15 rt_sigprocmask(SIG_BLOCK, ~[], [], 8) = 0
27447<bash> 22:19:15 rt_sigaction(SIGABRT, {sa_handler=SIG_DFL, sa_mask=[], sa_flags=SA_RESTORER, sa_restorer=0x7fa306ca35b0}, NULL, 8) = 0
27447<bash> 22:19:15 rt_sigprocmask(SIG_SETMASK, [], NULL, 8) = 0
27447<bash> 22:19:15 rt_sigaction(SIGFPE, {sa_handler=SIG_DFL, sa_mask=[], sa_flags=SA_RESTORER, sa_restorer=0x7fa306ca35b0}, NULL, 8) = 0
27447<bash> 22:19:15 rt_sigaction(SIGBUS, {sa_handler=SIG_DFL, sa_mask=[], sa_flags=SA_RESTORER, sa_restorer=0x7fa306ca35b0}, NULL, 8) = 0
27447<bash> 22:19:15 rt_sigaction(SIGSEGV, {sa_handler=SIG_DFL, sa_mask=[], sa_flags=SA_RESTORER, sa_restorer=0x7fa306ca35b0}, NULL, 8) = 0
27447<bash> 22:19:15 rt_sigaction(SIGSYS, {sa_handler=SIG_DFL, sa_mask=[], sa_flags=SA_RESTORER, sa_restorer=0x7fa306ca35b0}, NULL, 8) = 0
27447<bash> 22:19:15 rt_sigaction(SIGPIPE, {sa_handler=SIG_DFL, sa_mask=[], sa_flags=SA_RESTORER, sa_restorer=0x7fa306ca35b0}, NULL, 8) = 0
27447<bash> 22:19:15 rt_sigaction(SIGALRM, {sa_handler=SIG_DFL, sa_mask=[], sa_flags=SA_RESTORER, sa_restorer=0x7fa306ca35b0}, NULL, 8) = 0
27447<bash> 22:19:15 rt_sigaction(SIGXCPU, {sa_handler=SIG_DFL, sa_mask=[], sa_flags=SA_RESTORER, sa_restorer=0x7fa306ca35b0}, NULL, 8) = 0
27447<bash> 22:19:15 rt_sigaction(SIGXFSZ, {sa_handler=SIG_DFL, sa_mask=[], sa_flags=SA_RESTORER, sa_restorer=0x7fa306ca35b0}, NULL, 8) = 0
27447<bash> 22:19:15 rt_sigaction(SIGVTALRM, {sa_handler=SIG_DFL, sa_mask=[], sa_flags=SA_RESTORER, sa_restorer=0x7fa306ca35b0}, NULL, 8) = 0
27447<bash> 22:19:15 rt_sigaction(SIGUSR1, {sa_handler=SIG_DFL, sa_mask=[], sa_flags=SA_RESTORER, sa_restorer=0x7fa306ca35b0}, NULL, 8) = 0
27447<bash> 22:19:15 rt_sigaction(SIGUSR2, {sa_handler=SIG_DFL, sa_mask=[], sa_flags=SA_RESTORER, sa_restorer=0x7fa306ca35b0}, NULL, 8) = 0
27447<bash> 22:19:15 rt_sigaction(SIGINT, {sa_handler=SIG_DFL, sa_mask=[], sa_flags=SA_RESTORER, sa_restorer=0x7fa306ca35b0}, {sa_handler=0x55e6ca0352c0, sa_mask=[], sa_flags=SA_RESTORER, sa_restorer=0x7fa306ca35b0}, 8) = 0
27447<bash> 22:19:15 rt_sigaction(SIGQUIT, {sa_handler=SIG_DFL, sa_mask=[], sa_flags=SA_RESTORER, sa_restorer=0x7fa306ca35b0}, {sa_handler=SIG_DFL, sa_mask=[], sa_flags=SA_RESTORER, sa_restorer=0x7fa306ca35b0}, 8) = 0
27447<bash> 22:19:15 rt_sigaction(SIGTERM, {sa_handler=SIG_DFL, sa_mask=[], sa_flags=SA_RESTORER, sa_restorer=0x7fa306ca35b0}, {sa_handler=SIG_DFL, sa_mask=[], sa_flags=SA_RESTORER, sa_restorer=0x7fa306ca35b0}, 8) = 0
27447<bash> 22:19:15 rt_sigaction(SIGCHLD, {sa_handler=SIG_DFL, sa_mask=[], sa_flags=SA_RESTORER|SA_RESTART, sa_restorer=0x7fa306ca35b0}, {sa_handler=0x55e6ca0068d0, sa_mask=[], sa_flags=SA_RESTORER|SA_RESTART, sa_restorer=0x7fa306ca35b0}, 8) = 0
27447<bash> 22:19:15 execve("/usr/bin/basename", ["basename", "/usr/bin/bash"], 0x55e6cc5a87c0 /* 35 vars */) = 0
27447<basename> 22:19:15 brk(NULL)      = 0x5621caa50000
27447<basename> 22:19:15 access("/etc/ld.so.preload", R_OK) = -1 ENOENT (No such file or directory)
27447<basename> 22:19:15 openat(AT_FDCWD</home/catastor>, "/etc/ld.so.cache", O_RDONLY|O_CLOEXEC) = 3</etc/ld.so.cache>
27447<basename> 22:19:15 fstat(3</etc/ld.so.cache>, {st_mode=S_IFREG|0644, st_size=74499, ...}) = 0
27447<basename> 22:19:15 mmap(NULL, 74499, PROT_READ, MAP_PRIVATE, 3</etc/ld.so.cache>, 0) = 0x7f069a0a4000
27447<basename> 22:19:15 close(3</etc/ld.so.cache>) = 0
27447<basename> 22:19:15 openat(AT_FDCWD</home/catastor>, "/lib64/libc.so.6", O_RDONLY|O_CLOEXEC) = 3</usr/lib64/libc.so.6>
27447<basename> 22:19:15 read(3</usr/lib64/libc.so.6>, "\177ELF\2\1\1\3\0\0\0\0\0\0\0\0\3\0>\0\1\0\0\0\2408\0\0\0\0\0\0"..., 832) = 832
27447<basename> 22:19:15 pread64(3</usr/lib64/libc.so.6>, "\6\0\0\0\4\0\0\0@\0\0\0\0\0\0\0@\0\0\0\0\0\0\0@\0\0\0\0\0\0\0"..., 784, 64) = 784
27447<basename> 22:19:15 fstat(3</usr/lib64/libc.so.6>, {st_mode=S_IFREG|0755, st_size=2490288, ...}) = 0
27447<basename> 22:19:15 mmap(NULL, 8192, PROT_READ|PROT_WRITE, MAP_PRIVATE|MAP_ANONYMOUS, -1, 0) = 0x7f069a0a2000
27447<basename> 22:19:15 pread64(3</usr/lib64/libc.so.6>, "\6\0\0\0\4\0\0\0@\0\0\0\0\0\0\0@\0\0\0\0\0\0\0@\0\0\0\0\0\0\0"..., 784, 64) = 784
27447<basename> 22:19:15 mmap(NULL, 2075504, PROT_READ|PROT_EXEC, MAP_PRIVATE|MAP_DENYWRITE, 3</usr/lib64/libc.so.6>, 0) = 0x7f0699ea7000
27447<basename> 22:19:15 mmap(0x7f069a01b000, 495616, PROT_READ, MAP_PRIVATE|MAP_FIXED|MAP_DENYWRITE, 3</usr/lib64/libc.so.6>, 0x174000) = 0x7f069a01b000
27447<basename> 22:19:15 mmap(0x7f069a094000, 24576, PROT_READ|PROT_WRITE, MAP_PRIVATE|MAP_FIXED|MAP_DENYWRITE, 3</usr/lib64/libc.so.6>, 0x1ed000) = 0x7f069a094000
27447<basename> 22:19:15 mmap(0x7f069a09a000, 31600, PROT_READ|PROT_WRITE, MAP_PRIVATE|MAP_FIXED|MAP_ANONYMOUS, -1, 0) = 0x7f069a09a000
27447<basename> 22:19:15 close(3</usr/lib64/libc.so.6>) = 0
27447<basename> 22:19:15 mmap(NULL, 12288, PROT_READ|PROT_WRITE, MAP_PRIVATE|MAP_ANONYMOUS, -1, 0) = 0x7f0699ea4000
27447<basename> 22:19:15 arch_prctl(ARCH_SET_FS, 0x7f0699ea4740) = 0
27447<basename> 22:19:15 set_tid_address(0x7f0699ea4d68) = 27447<basename>
27447<basename> 22:19:15 set_robust_list(0x7f0699ea4a20, 24) = 0
27447<basename> 22:19:15 rseq({cpu_id_start=0, cpu_id=RSEQ_CPU_ID_UNINITIALIZED, rseq_cs=NULL, flags=0, node_id=0, mm_cid=0, slice_ctrl={request=0, granted=0, __reserved=0}, __reserved=0}, 32, 0, 0x53053053) = 0
27447<basename> 22:19:15 mprotect(0x7f069a094000, 16384, PROT_READ) = 0
27447<basename> 22:19:15 mprotect(0x56219ee5f000, 4096, PROT_READ) = 0
27447<basename> 22:19:15 mprotect(0x7f069a0f5000, 8192, PROT_READ) = 0
27447<basename> 22:19:15 prlimit64(0, RLIMIT_STACK, NULL, {rlim_cur=8192*1024, rlim_max=RLIM64_INFINITY}) = 0
27447<basename> 22:19:15 getrandom("\x2d\x78\x9f\x77\xfd\x68\xc9\x79", 8, GRND_NONBLOCK) = 8
27447<basename> 22:19:15 munmap(0x7f069a0a4000, 74499) = 0
27447<basename> 22:19:15 brk(NULL)      = 0x5621caa50000
27447<basename> 22:19:15 brk(0x5621caa71000) = 0x5621caa71000
27447<basename> 22:19:15 openat(AT_FDCWD</home/catastor>, "/usr/lib/locale/locale-archive", O_RDONLY|O_CLOEXEC) = 3</usr/lib/locale/locale-archive>
27447<basename> 22:19:15 fstat(3</usr/lib/locale/locale-archive>, {st_mode=S_IFREG|0644, st_size=233380912, ...}) = 0
27447<basename> 22:19:15 mmap(NULL, 233380912, PROT_READ, MAP_PRIVATE, 3</usr/lib/locale/locale-archive>, 0) = 0x7f068c000000
27447<basename> 22:19:15 close(3</usr/lib/locale/locale-archive>) = 0
27447<basename> 22:19:15 fstat(1<pipe:[147771]>, {st_mode=S_IFIFO|0600, st_size=0, ...}) = 0
27447<basename> 22:19:15 write(1<pipe:[147771]>, "bash\n", 5) = 5
27408<bash> 22:19:15 <... read resumed>, "bash\n", 4096) = 5
27447<basename> 22:19:15 close(1<pipe:[147771]> <unfinished ...>
27408<bash> 22:19:15 read(3<pipe:[147771]> <unfinished ...>
27447<basename> 22:19:15 <... close resumed>) = 0
27408<bash> 22:19:15 <... read resumed>, "", 4096) = 0
27447<basename> 22:19:15 close(2</dev/pts/6<char 136:6>> <unfinished ...>
27408<bash> 22:19:15 close(3<pipe:[147771]> <unfinished ...>
27447<basename> 22:19:15 <... close resumed>) = 0
27408<bash> 22:19:15 <... close resumed>) = 0
27447<basename> 22:19:15 exit_group(0 <unfinished ...>
27408<bash> 22:19:15 rt_sigprocmask(SIG_SETMASK, [] <unfinished ...>
27447<basename> 22:19:15 <... exit_group resumed>) = ?
27408<bash> 22:19:15 <... rt_sigprocmask resumed>, NULL, 8) = 0
27408<bash> 22:19:15 rt_sigprocmask(SIG_BLOCK, [CHLD] <unfinished ...>
27447<basename> 22:19:15 +++ exited with 0 +++
27408<bash> 22:19:15 <... rt_sigprocmask resumed>, [], 8) = 0
27408<bash> 22:19:15 rt_sigaction(SIGINT, {sa_handler=0x55e6ca002d80, sa_mask=[], sa_flags=SA_RESTORER, sa_restorer=0x7fa306ca35b0}, {sa_handler=0x55e6ca034cf0, sa_mask=[], sa_flags=SA_RESTORER, sa_restorer=0x7fa306ca35b0}, 8) = 0
27408<bash> 22:19:15 wait4(-1, [{WIFEXITED(s) && WEXITSTATUS(s) == 0}], 0, NULL) = 27447
27408<bash> 22:19:15 rt_sigaction(SIGINT, {sa_handler=0x55e6ca034cf0, sa_mask=[], sa_flags=SA_RESTORER, sa_restorer=0x7fa306ca35b0}, {sa_handler=0x55e6ca002d80, sa_mask=[], sa_flags=SA_RESTORER, sa_restorer=0x7fa306ca35b0}, 8) = 0
27408<bash> 22:19:15 rt_sigprocmask(SIG_SETMASK, [], NULL, 8) = 0
27408<bash> 22:19:15 --- SIGCHLD {si_signo=SIGCHLD, si_code=CLD_EXITED, si_pid=27447, si_uid=1000, si_status=0, si_utime=0, si_stime=0} ---
27408<bash> 22:19:15 wait4(-1, 0x7ffee29a8794, WNOHANG, NULL) = -1 ECHILD (No child processes)
27408<bash> 22:19:15 rt_sigreturn({mask=[]}) = 0
27408<bash> 22:19:15 rt_sigprocmask(SIG_BLOCK, [CHLD], [], 8) = 0
27408<bash> 22:19:15 rt_sigprocmask(SIG_SETMASK, [], NULL, 8) = 0
27408<bash> 22:19:15 rt_sigprocmask(SIG_BLOCK, [CHLD], [], 8) = 0
27408<bash> 22:19:15 rt_sigprocmask(SIG_SETMASK, [], NULL, 8) = 0
27408<bash> 22:19:15 faccessat2(AT_FDCWD</home/catastor>, "/etc/profile.d/sh.local", R_OK, AT_EACCESS) = 0
27408<bash> 22:19:15 openat(AT_FDCWD</home/catastor>, "/etc/profile.d/sh.local", O_RDONLY) = 3</etc/profile.d/sh.local>
27408<bash> 22:19:15 fstat(3</etc/profile.d/sh.local>, {st_mode=S_IFREG|0644, st_size=81, ...}) = 0
27408<bash> 22:19:15 read(3</etc/profile.d/sh.local>, "#Add any required envvar overrid"..., 81) = 81
27408<bash> 22:19:15 close(3</etc/profile.d/sh.local>) = 0
27408<bash> 22:19:15 rt_sigprocmask(SIG_BLOCK, NULL, [], 8) = 0
27408<bash> 22:19:15 rt_sigprocmask(SIG_BLOCK, [CHLD], [], 8) = 0
27408<bash> 22:19:15 rt_sigprocmask(SIG_SETMASK, [], NULL, 8) = 0
27408<bash> 22:19:15 faccessat2(AT_FDCWD</home/catastor>, "/etc/bashrc", R_OK, AT_EACCESS) = 0
27408<bash> 22:19:15 openat(AT_FDCWD</home/catastor>, "/etc/bashrc", O_RDONLY) = 3</etc/bashrc>
27408<bash> 22:19:15 fstat(3</etc/bashrc>, {st_mode=S_IFREG|0644, st_size=2709, ...}) = 0
27408<bash> 22:19:15 read(3</etc/bashrc>, "# /etc/bashrc\n\n# System wide fun"..., 2709) = 2709
27408<bash> 22:19:15 close(3</etc/bashrc>) = 0
27408<bash> 22:19:15 rt_sigprocmask(SIG_BLOCK, NULL, [], 8) = 0
27408<bash> 22:19:15 newfstatat(AT_FDCWD</home/catastor>, "/etc/sysconfig/bash-prompt-xterm", 0x7ffee29a8ca0, 0) = -1 ENOENT (No such file or directory)
27408<bash> 22:19:15 openat(AT_FDCWD</home/catastor>, "/home/catastor/.bash_profile", O_RDONLY) = 3</home/catastor/.bash_profile>
27408<bash> 22:19:15 fstat(3</home/catastor/.bash_profile>, {st_mode=S_IFREG|0644, st_size=144, ...}) = 0
27408<bash> 22:19:15 read(3</home/catastor/.bash_profile>, "# .bash_profile\n\n# Get the alias"..., 144) = 144
27408<bash> 22:19:15 close(3</home/catastor/.bash_profile>) = 0
27408<bash> 22:19:15 rt_sigprocmask(SIG_BLOCK, NULL, [], 8) = 0
27408<bash> 22:19:15 newfstatat(AT_FDCWD</home/catastor>, "/home/catastor/.bashrc", {st_mode=S_IFREG|0644, st_size=522, ...}, 0) = 0
27408<bash> 22:19:15 openat(AT_FDCWD</home/catastor>, "/home/catastor/.bashrc", O_RDONLY) = 3</home/catastor/.bashrc>
27408<bash> 22:19:15 fstat(3</home/catastor/.bashrc>, {st_mode=S_IFREG|0644, st_size=522, ...}) = 0
27408<bash> 22:19:15 read(3</home/catastor/.bashrc>, "# .bashrc\n\n# Source global defin"..., 522) = 522
27408<bash> 22:19:15 close(3</home/catastor/.bashrc>) = 0
27408<bash> 22:19:15 rt_sigprocmask(SIG_BLOCK, NULL, [], 8) = 0
27408<bash> 22:19:15 newfstatat(AT_FDCWD</home/catastor>, "/etc/bashrc", {st_mode=S_IFREG|0644, st_size=2709, ...}, 0) = 0
27408<bash> 22:19:15 openat(AT_FDCWD</home/catastor>, "/etc/bashrc", O_RDONLY) = 3</etc/bashrc>
27408<bash> 22:19:15 fstat(3</etc/bashrc>, {st_mode=S_IFREG|0644, st_size=2709, ...}) = 0
27408<bash> 22:19:15 read(3</etc/bashrc>, "# /etc/bashrc\n\n# System wide fun"..., 2709) = 2709
27408<bash> 22:19:15 close(3</etc/bashrc>) = 0
27408<bash> 22:19:15 rt_sigprocmask(SIG_BLOCK, NULL, [], 8) = 0
27408<bash> 22:19:15 newfstatat(AT_FDCWD</home/catastor>, "/home/catastor/.bashrc.d", 0x7ffee29a9640, 0) = -1 ENOENT (No such file or directory)
27408<bash> 22:19:15 getpgrp()          = 27408
27408<bash> 22:19:15 fcntl(0</dev/pts/6<char 136:6>>, F_GETFL) = 0x2 (flags O_RDWR)
27408<bash> 22:19:15 openat(AT_FDCWD</home/catastor>, "/home/catastor/.bash_history", O_RDONLY) = 3</home/catastor/.bash_history>
27408<bash> 22:19:15 fstat(3</home/catastor/.bash_history>, {st_mode=S_IFREG|0600, st_size=30, ...}) = 0
27408<bash> 22:19:15 read(3</home/catastor/.bash_history>, "exit\nls\nclear\nls\nexit\nls\nexit\n", 30) = 30
27408<bash> 22:19:15 close(3</home/catastor/.bash_history>) = 0
27408<bash> 22:19:15 newfstatat(AT_FDCWD</home/catastor>, "/home/catastor/.bash_history", {st_mode=S_IFREG|0600, st_size=30, ...}, 0) = 0
27408<bash> 22:19:15 openat(AT_FDCWD</home/catastor>, "/home/catastor/.bash_history", O_RDONLY) = 3</home/catastor/.bash_history>
27408<bash> 22:19:15 fstat(3</home/catastor/.bash_history>, {st_mode=S_IFREG|0600, st_size=30, ...}) = 0
27408<bash> 22:19:15 read(3</home/catastor/.bash_history>, "exit\nls\nclear\nls\nexit\nls\nexit\n", 30) = 30
27408<bash> 22:19:15 close(3</home/catastor/.bash_history>) = 0
27408<bash> 22:19:15 ioctl(255</dev/pts/6<char 136:6>>, TCGETS2, {c_iflag=ICRNL|IXON|IUTF8, c_oflag=NL0|CR0|TAB0|BS0|VT0|FF0|OPOST|ONLCR, c_cflag=B38400|CS8|CREAD, c_lflag=ISIG|ICANON|ECHO|ECHOE|ECHOK|IEXTEN|ECHOCTL|ECHOKE, ...}) = 0
27408<bash> 22:19:15 ioctl(255</dev/pts/6<char 136:6>>, TIOCGWINSZ, {ws_row=39, ws_col=212, ws_xpixel=0, ws_ypixel=0}) = 0
27408<bash> 22:19:15 rt_sigaction(SIGINT, {sa_handler=0x55e6ca034cf0, sa_mask=[], sa_flags=SA_RESTORER, sa_restorer=0x7fa306ca35b0}, {sa_handler=0x55e6ca034cf0, sa_mask=[], sa_flags=SA_RESTORER, sa_restorer=0x7fa306ca35b0}, 8) = 0
27408<bash> 22:19:15 rt_sigprocmask(SIG_BLOCK, NULL, [], 8) = 0
27408<bash> 22:19:15 write(1</dev/pts/6<char 136:6>>, "\33]0;catastor@fedora:~\7", 22) = 22
27407<sshd-session> 22:19:15 <... ppoll resumed>) = 1 ([{fd=14, revents=POLLIN}])
27408<bash> 22:19:15 rt_sigprocmask(SIG_BLOCK, NULL <unfinished ...>
27407<sshd-session> 22:19:15 rt_sigprocmask(SIG_SETMASK, [] <unfinished ...>
27408<bash> 22:19:15 <... rt_sigprocmask resumed>, [], 8) = 0
27407<sshd-session> 22:19:15 <... rt_sigprocmask resumed>, NULL, 8) = 0
27408<bash> 22:19:15 openat(AT_FDCWD</home/catastor>, "/proc/sys/kernel/random/uuid", O_RDONLY <unfinished ...>
27407<sshd-session> 22:19:15 read(14</dev/ptmx<char 5:2 @/dev/pts/6>> <unfinished ...>
27408<bash> 22:19:15 <... openat resumed>) = 3</proc/sys/kernel/random/uuid>
27407<sshd-session> 22:19:15 <... read resumed>, "\33]0;catastor@fedora:~\7", 32768) = 22
27408<bash> 22:19:15 fcntl(0</dev/pts/6<char 136:6>>, F_GETFD <unfinished ...>
27407<sshd-session> 22:19:15 rt_sigprocmask(SIG_BLOCK, [CHLD] <unfinished ...>
27408<bash> 22:19:15 <... fcntl resumed>) = 0
27407<sshd-session> 22:19:15 <... rt_sigprocmask resumed>, [], 8) = 0
27408<bash> 22:19:15 fcntl(0</dev/pts/6<char 136:6>>, F_DUPFD, 10 <unfinished ...>
27407<sshd-session> 22:19:15 ppoll([{fd=7<TCP:[127.0.0.1:22->127.0.0.1:60704]>, events=POLLIN}, {fd=7<TCP:[127.0.0.1:22->127.0.0.1:60704]>, events=POLLOUT}, {fd=14</dev/ptmx<char 5:2 @/dev/pts/6>>, events=POLLIN}], 3, NULL, [], 8 <unfinished ...>
27408<bash> 22:19:15 <... fcntl resumed>) = 10</dev/pts/6<char 136:6>>
27407<sshd-session> 22:19:15 <... ppoll resumed>) = 1 ([{fd=7, revents=POLLOUT}])
27408<bash> 22:19:15 fcntl(0</dev/pts/6<char 136:6>>, F_GETFD <unfinished ...>
27407<sshd-session> 22:19:15 rt_sigprocmask(SIG_SETMASK, [] <unfinished ...>
27408<bash> 22:19:15 <... fcntl resumed>) = 0
27407<sshd-session> 22:19:15 <... rt_sigprocmask resumed>, NULL, 8) = 0
27408<bash> 22:19:15 fcntl(10</dev/pts/6<char 136:6>>, F_SETFD, FD_CLOEXEC <unfinished ...>
27407<sshd-session> 22:19:15 write(7<TCP:[127.0.0.1:22->127.0.0.1:60704]>, "\0\0\0000\355\244>\"\317\320\321U\342\24N7&\321\1\306\301\266\215d\360j\7\271\22\342x\243"..., 68 <unfinished ...>
27408<bash> 22:19:15 <... fcntl resumed>) = 0
27408<bash> 22:19:15 dup2(3</proc/sys/kernel/random/uuid>, 0</dev/pts/6<char 136:6>> <unfinished ...>
27407<sshd-session> 22:19:15 <... write resumed>) = 68
27408<bash> 22:19:15 <... dup2 resumed>) = 0</proc/sys/kernel/random/uuid>
27407<sshd-session> 22:19:15 rt_sigprocmask(SIG_BLOCK, [CHLD] <unfinished ...>
27408<bash> 22:19:15 close(3</proc/sys/kernel/random/uuid> <unfinished ...>
27407<sshd-session> 22:19:15 <... rt_sigprocmask resumed>, [], 8) = 0
27408<bash> 22:19:15 <... close resumed>) = 0
27407<sshd-session> 22:19:15 ppoll([{fd=7<TCP:[127.0.0.1:22->127.0.0.1:60704]>, events=POLLIN}, {fd=7<TCP:[127.0.0.1:22->127.0.0.1:60704]>, events=0}, {fd=14</dev/ptmx<char 5:2 @/dev/pts/6>>, events=POLLIN}], 3, NULL, [], 8 <unfinished ...>
27408<bash> 22:19:15 rt_sigprocmask(SIG_BLOCK, NULL, [], 8) = 0
27408<bash> 22:19:15 rt_sigprocmask(SIG_SETMASK, NULL, [], 8) = 0
27408<bash> 22:19:15 ioctl(0</proc/sys/kernel/random/uuid>, TCGETS2, 0x7ffee29a92f0) = -1 ENOTTY (Inappropriate ioctl for device)
27408<bash> 22:19:15 lseek(0</proc/sys/kernel/random/uuid>, 0, SEEK_CUR) = 0
27408<bash> 22:19:15 read(0</proc/sys/kernel/random/uuid>, "8e073a49-0f5e-4dc9-916a-d94efd4e"..., 4096) = 37
27408<bash> 22:19:15 dup2(10</dev/pts/6<char 136:6>>, 0</proc/sys/kernel/random/uuid>) = 0</dev/pts/6<char 136:6>>
27408<bash> 22:19:15 fcntl(10</dev/pts/6<char 136:6>>, F_GETFD) = 0x1 (flags FD_CLOEXEC)
27408<bash> 22:19:15 close(10</dev/pts/6<char 136:6>>) = 0
27408<bash> 22:19:15 rt_sigprocmask(SIG_BLOCK, NULL, [], 8) = 0
27408<bash> 22:19:15 rt_sigprocmask(SIG_BLOCK, NULL, [], 8) = 0
27408<bash> 22:19:15 pipe2([3<pipe:[145934]>, 4<pipe:[145934]>], 0) = 0
27408<bash> 22:19:15 rt_sigprocmask(SIG_BLOCK, [CHLD], [], 8) = 0
27408<bash> 22:19:15 rt_sigprocmask(SIG_SETMASK, [], NULL, 8) = 0
27408<bash> 22:19:15 rt_sigprocmask(SIG_BLOCK, NULL, [], 8) = 0
27408<bash> 22:19:15 rt_sigprocmask(SIG_BLOCK, [INT TERM CHLD], [], 8) = 0
27408<bash> 22:19:15 rt_sigaction(SIGTERM, {sa_handler=SIG_DFL, sa_mask=[], sa_flags=SA_RESTORER, sa_restorer=0x7fa306ca35b0}, {sa_handler=SIG_IGN, sa_mask=[], sa_flags=SA_RESTORER, sa_restorer=0x7fa306ca35b0}, 8) = 0
27408<bash> 22:19:15 pipe2([5<pipe:[145935]>, 6<pipe:[145935]>], 0) = 0
27408<bash> 22:19:15 rt_sigprocmask(SIG_BLOCK, ~[], [INT TERM CHLD], 8) = 0
27408<bash> 22:19:15 clone(child_stack=NULL, flags=CLONE_CHILD_CLEARTID|CLONE_CHILD_SETTID|SIGCHLD <unfinished ...>
27449<bash> 22:19:15 set_robust_list(0x7fa306c86a20, 24 <unfinished ...>
27408<bash> 22:19:15 <... clone resumed>, child_tidptr=0x7fa306c86a10) = 27449<bash>
27449<bash> 22:19:15 <... set_robust_list resumed>) = 0
27449<bash> 22:19:15 rt_sigprocmask(SIG_SETMASK, [INT TERM CHLD] <unfinished ...>
27408<bash> 22:19:15 rt_sigprocmask(SIG_SETMASK, [INT TERM CHLD] <unfinished ...>
27449<bash> 22:19:15 <... rt_sigprocmask resumed>, NULL, 8) = 0
27408<bash> 22:19:15 <... rt_sigprocmask resumed>, NULL, 8) = 0
27449<bash> 22:19:15 getpid( <unfinished ...>
27408<bash> 22:19:15 rt_sigaction(SIGTERM, {sa_handler=SIG_IGN, sa_mask=[], sa_flags=SA_RESTORER, sa_restorer=0x7fa306ca35b0} <unfinished ...>
27449<bash> 22:19:15 <... getpid resumed>) = 27449<bash>
27408<bash> 22:19:15 <... rt_sigaction resumed>, {sa_handler=SIG_DFL, sa_mask=[], sa_flags=SA_RESTORER, sa_restorer=0x7fa306ca35b0}, 8) = 0
27449<bash> 22:19:15 rt_sigprocmask(SIG_SETMASK, [] <unfinished ...>
27408<bash> 22:19:15 setpgid(27449<bash>, 27408 <unfinished ...>
27449<bash> 22:19:15 <... rt_sigprocmask resumed>, NULL, 8) = 0
27408<bash> 22:19:15 <... setpgid resumed>) = 0
27449<bash> 22:19:15 rt_sigaction(SIGTSTP, {sa_handler=SIG_IGN, sa_mask=[], sa_flags=SA_RESTORER, sa_restorer=0x7fa306ca35b0} <unfinished ...>
27408<bash> 22:19:15 rt_sigprocmask(SIG_SETMASK, [] <unfinished ...>
27449<bash> 22:19:15 <... rt_sigaction resumed>, {sa_handler=SIG_IGN, sa_mask=[], sa_flags=SA_RESTORER, sa_restorer=0x7fa306ca35b0}, 8) = 0
27408<bash> 22:19:15 <... rt_sigprocmask resumed>, NULL, 8) = 0
27449<bash> 22:19:15 rt_sigaction(SIGTTIN, {sa_handler=SIG_IGN, sa_mask=[], sa_flags=SA_RESTORER, sa_restorer=0x7fa306ca35b0} <unfinished ...>
27408<bash> 22:19:15 rt_sigaction(SIGCHLD, {sa_handler=0x55e6ca0068d0, sa_mask=[], sa_flags=SA_RESTORER|SA_RESTART, sa_restorer=0x7fa306ca35b0} <unfinished ...>
27449<bash> 22:19:15 <... rt_sigaction resumed>, {sa_handler=SIG_IGN, sa_mask=[], sa_flags=SA_RESTORER, sa_restorer=0x7fa306ca35b0}, 8) = 0
27408<bash> 22:19:15 <... rt_sigaction resumed>, {sa_handler=0x55e6ca0068d0, sa_mask=[], sa_flags=SA_RESTORER|SA_RESTART, sa_restorer=0x7fa306ca35b0}, 8) = 0
27449<bash> 22:19:15 rt_sigaction(SIGTTOU, {sa_handler=SIG_IGN, sa_mask=[], sa_flags=SA_RESTORER, sa_restorer=0x7fa306ca35b0} <unfinished ...>
27408<bash> 22:19:15 close(5<pipe:[145935]> <unfinished ...>
27449<bash> 22:19:15 <... rt_sigaction resumed>, {sa_handler=SIG_IGN, sa_mask=[], sa_flags=SA_RESTORER, sa_restorer=0x7fa306ca35b0}, 8) = 0
27408<bash> 22:19:15 <... close resumed>) = 0
27449<bash> 22:19:15 setpgid(27449<bash>, 27408 <unfinished ...>
27408<bash> 22:19:15 close(6<pipe:[145935]> <unfinished ...>
27449<bash> 22:19:15 <... setpgid resumed>) = 0
27408<bash> 22:19:15 <... close resumed>) = 0
27449<bash> 22:19:15 close(5<pipe:[145935]> <unfinished ...>
27408<bash> 22:19:15 close(4<pipe:[145934]> <unfinished ...>
27449<bash> 22:19:15 <... close resumed>) = 0
27408<bash> 22:19:15 <... close resumed>) = 0
27449<bash> 22:19:15 close(6<pipe:[145935]> <unfinished ...>
27408<bash> 22:19:15 rt_sigprocmask(SIG_BLOCK, [INT] <unfinished ...>
27449<bash> 22:19:15 <... close resumed>) = 0
27408<bash> 22:19:15 <... rt_sigprocmask resumed>, [], 8) = 0
27449<bash> 22:19:15 rt_sigaction(SIGINT, {sa_handler=SIG_DFL, sa_mask=[], sa_flags=SA_RESTORER, sa_restorer=0x7fa306ca35b0} <unfinished ...>
27408<bash> 22:19:15 read(3<pipe:[145934]> <unfinished ...>
27449<bash> 22:19:15 <... rt_sigaction resumed>, {sa_handler=0x55e6ca034cf0, sa_mask=[], sa_flags=SA_RESTORER, sa_restorer=0x7fa306ca35b0}, 8) = 0
27449<bash> 22:19:15 rt_sigaction(SIGQUIT, {sa_handler=SIG_DFL, sa_mask=[], sa_flags=SA_RESTORER, sa_restorer=0x7fa306ca35b0}, {sa_handler=SIG_IGN, sa_mask=[], sa_flags=SA_RESTORER, sa_restorer=0x7fa306ca35b0}, 8) = 0
27449<bash> 22:19:15 rt_sigaction(SIGTERM, {sa_handler=SIG_DFL, sa_mask=[], sa_flags=SA_RESTORER, sa_restorer=0x7fa306ca35b0}, {sa_handler=SIG_DFL, sa_mask=[], sa_flags=SA_RESTORER, sa_restorer=0x7fa306ca35b0}, 8) = 0
27449<bash> 22:19:15 rt_sigaction(SIGCHLD, {sa_handler=SIG_DFL, sa_mask=[], sa_flags=SA_RESTORER|SA_RESTART, sa_restorer=0x7fa306ca35b0}, {sa_handler=0x55e6ca0068d0, sa_mask=[], sa_flags=SA_RESTORER|SA_RESTART, sa_restorer=0x7fa306ca35b0}, 8) = 0
27449<bash> 22:19:15 rt_sigaction(SIGCHLD, {sa_handler=0x55e6ca0068d0, sa_mask=[], sa_flags=SA_RESTORER|SA_RESTART, sa_restorer=0x7fa306ca35b0}, {sa_handler=SIG_DFL, sa_mask=[], sa_flags=SA_RESTORER|SA_RESTART, sa_restorer=0x7fa306ca35b0}, 8) = 0
27449<bash> 22:19:15 rt_sigaction(SIGINT, {sa_handler=0x55e6ca0352c0, sa_mask=[], sa_flags=SA_RESTORER, sa_restorer=0x7fa306ca35b0}, {sa_handler=SIG_DFL, sa_mask=[], sa_flags=SA_RESTORER, sa_restorer=0x7fa306ca35b0}, 8) = 0
27449<bash> 22:19:15 dup2(4<pipe:[145934]>, 1</dev/pts/6<char 136:6>>) = 1<pipe:[145934]>
27449<bash> 22:19:15 close(4<pipe:[145934]>) = 0
27449<bash> 22:19:15 close(3<pipe:[145934]>) = 0
27449<bash> 22:19:15 rt_sigprocmask(SIG_BLOCK, NULL, [], 8) = 0
27449<bash> 22:19:15 newfstatat(AT_FDCWD</home/catastor>, "/etc/machine-id", {st_mode=S_IFREG|0444, st_size=33, ...}, 0) = 0
27449<bash> 22:19:15 rt_sigprocmask(SIG_BLOCK, NULL, [], 8) = 0
27449<bash> 22:19:15 rt_sigprocmask(SIG_BLOCK, NULL, [], 8) = 0
27449<bash> 22:19:15 rt_sigprocmask(SIG_BLOCK, NULL, [], 8) = 0
27449<bash> 22:19:15 openat(AT_FDCWD</home/catastor>, "/etc/machine-id", O_RDONLY) = 3</etc/machine-id>
27449<bash> 22:19:15 read(3</etc/machine-id>, "7fc94c65c52741c4b0e4057afee26b8c"..., 4096) = 33
27449<bash> 22:19:15 read(3</etc/machine-id>, "", 4096) = 0
27449<bash> 22:19:15 close(3</etc/machine-id>) = 0
27449<bash> 22:19:15 write(1<pipe:[145934]>, ";machineid=7fc94c65c52741c4b0e40"..., 43) = 43
27408<bash> 22:19:15 <... read resumed>, ";machineid=7fc94c65c52741c4b0e40"..., 4096) = 43
27449<bash> 22:19:15 rt_sigprocmask(SIG_BLOCK, NULL <unfinished ...>
27408<bash> 22:19:15 read(3<pipe:[145934]> <unfinished ...>
27449<bash> 22:19:15 <... rt_sigprocmask resumed>, [], 8) = 0
27449<bash> 22:19:15 rt_sigprocmask(SIG_BLOCK, NULL, [], 8) = 0
27449<bash> 22:19:15 rt_sigprocmask(SIG_BLOCK, NULL, [], 8) = 0
27449<bash> 22:19:15 openat(AT_FDCWD</home/catastor>, "/proc/sys/kernel/random/boot_id", O_RDONLY) = 3</proc/sys/kernel/random/boot_id>
27449<bash> 22:19:15 read(3</proc/sys/kernel/random/boot_id>, "7a4a98d1-18e4-484f-8c1a-f3607c4d"..., 4096) = 37
27449<bash> 22:19:15 read(3</proc/sys/kernel/random/boot_id>, "", 4096) = 0
27449<bash> 22:19:15 close(3</proc/sys/kernel/random/boot_id>) = 0
27449<bash> 22:19:15 write(1<pipe:[145934]>, ";user=catastor;hostname=fedora;b"..., 99) = 99
27408<bash> 22:19:15 <... read resumed>, ";user=catastor;hostname=fedora;b"..., 4096) = 99
27408<bash> 22:19:15 read(3<pipe:[145934]> <unfinished ...>
27449<bash> 22:19:15 exit_group(0)      = ?
27449<bash> 22:19:15 +++ exited with 0 +++
27408<bash> 22:19:15 <... read resumed>, "", 4096) = 0
27408<bash> 22:19:15 --- SIGCHLD {si_signo=SIGCHLD, si_code=CLD_EXITED, si_pid=27449<bash>, si_uid=1000, si_status=0, si_utime=0, si_stime=0} ---
27408<bash> 22:19:15 wait4(-1, [{WIFEXITED(s) && WEXITSTATUS(s) == 0}], WNOHANG|WSTOPPED|WCONTINUED, NULL) = 27449
27408<bash> 22:19:15 wait4(-1, 0x7ffee29a7c54, WNOHANG|WSTOPPED|WCONTINUED, NULL) = -1 ECHILD (No child processes)
27408<bash> 22:19:15 rt_sigreturn({mask=[INT]}) = 0
27408<bash> 22:19:15 close(3<pipe:[145934]>) = 0
27408<bash> 22:19:15 rt_sigprocmask(SIG_SETMASK, [], NULL, 8) = 0
27408<bash> 22:19:15 rt_sigprocmask(SIG_BLOCK, [CHLD], [], 8) = 0
27408<bash> 22:19:15 rt_sigprocmask(SIG_SETMASK, [], NULL, 8) = 0
27408<bash> 22:19:15 rt_sigprocmask(SIG_BLOCK, [CHLD], [], 8) = 0
27408<bash> 22:19:15 rt_sigprocmask(SIG_SETMASK, [], NULL, 8) = 0
27408<bash> 22:19:15 rt_sigprocmask(SIG_BLOCK, NULL, [], 8) = 0
27408<bash> 22:19:15 rt_sigprocmask(SIG_BLOCK, NULL, [], 8) = 0
27408<bash> 22:19:15 pipe2([3<pipe:[147772]>, 4<pipe:[147772]>], 0) = 0
27408<bash> 22:19:15 rt_sigprocmask(SIG_BLOCK, [CHLD], [], 8) = 0
27408<bash> 22:19:15 rt_sigprocmask(SIG_SETMASK, [], NULL, 8) = 0
27408<bash> 22:19:15 rt_sigprocmask(SIG_BLOCK, NULL, [], 8) = 0
27408<bash> 22:19:15 rt_sigprocmask(SIG_BLOCK, [INT TERM CHLD], [], 8) = 0
27408<bash> 22:19:15 rt_sigaction(SIGTERM, {sa_handler=SIG_DFL, sa_mask=[], sa_flags=SA_RESTORER, sa_restorer=0x7fa306ca35b0}, {sa_handler=SIG_IGN, sa_mask=[], sa_flags=SA_RESTORER, sa_restorer=0x7fa306ca35b0}, 8) = 0
27408<bash> 22:19:15 pipe2([5<pipe:[147773]>, 6<pipe:[147773]>], 0) = 0
27408<bash> 22:19:15 rt_sigprocmask(SIG_BLOCK, ~[], [INT TERM CHLD], 8) = 0
27408<bash> 22:19:15 clone(child_stack=NULL, flags=CLONE_CHILD_CLEARTID|CLONE_CHILD_SETTID|SIGCHLD <unfinished ...>
27450<bash> 22:19:15 set_robust_list(0x7fa306c86a20, 24 <unfinished ...>
27408<bash> 22:19:15 <... clone resumed>, child_tidptr=0x7fa306c86a10) = 27450<bash>
27450<bash> 22:19:15 <... set_robust_list resumed>) = 0
27408<bash> 22:19:15 rt_sigprocmask(SIG_SETMASK, [INT TERM CHLD] <unfinished ...>
27450<bash> 22:19:15 rt_sigprocmask(SIG_SETMASK, [INT TERM CHLD] <unfinished ...>
27408<bash> 22:19:15 <... rt_sigprocmask resumed>, NULL, 8) = 0
27450<bash> 22:19:15 <... rt_sigprocmask resumed>, NULL, 8) = 0
27408<bash> 22:19:15 rt_sigaction(SIGTERM, {sa_handler=SIG_IGN, sa_mask=[], sa_flags=SA_RESTORER, sa_restorer=0x7fa306ca35b0} <unfinished ...>
27450<bash> 22:19:15 getpid( <unfinished ...>
27408<bash> 22:19:15 <... rt_sigaction resumed>, {sa_handler=SIG_DFL, sa_mask=[], sa_flags=SA_RESTORER, sa_restorer=0x7fa306ca35b0}, 8) = 0
27450<bash> 22:19:15 <... getpid resumed>) = 27450<bash>
27408<bash> 22:19:15 setpgid(27450<bash>, 27408 <unfinished ...>
27450<bash> 22:19:15 rt_sigprocmask(SIG_SETMASK, [] <unfinished ...>
27408<bash> 22:19:15 <... setpgid resumed>) = 0
27450<bash> 22:19:15 <... rt_sigprocmask resumed>, NULL, 8) = 0
27450<bash> 22:19:15 rt_sigaction(SIGTSTP, {sa_handler=SIG_IGN, sa_mask=[], sa_flags=SA_RESTORER, sa_restorer=0x7fa306ca35b0} <unfinished ...>
27408<bash> 22:19:15 rt_sigprocmask(SIG_SETMASK, [] <unfinished ...>
27450<bash> 22:19:15 <... rt_sigaction resumed>, {sa_handler=SIG_IGN, sa_mask=[], sa_flags=SA_RESTORER, sa_restorer=0x7fa306ca35b0}, 8) = 0
27408<bash> 22:19:15 <... rt_sigprocmask resumed>, NULL, 8) = 0
27450<bash> 22:19:15 rt_sigaction(SIGTTIN, {sa_handler=SIG_IGN, sa_mask=[], sa_flags=SA_RESTORER, sa_restorer=0x7fa306ca35b0} <unfinished ...>
27408<bash> 22:19:15 rt_sigaction(SIGCHLD, {sa_handler=0x55e6ca0068d0, sa_mask=[], sa_flags=SA_RESTORER|SA_RESTART, sa_restorer=0x7fa306ca35b0} <unfinished ...>
27450<bash> 22:19:15 <... rt_sigaction resumed>, {sa_handler=SIG_IGN, sa_mask=[], sa_flags=SA_RESTORER, sa_restorer=0x7fa306ca35b0}, 8) = 0
27408<bash> 22:19:15 <... rt_sigaction resumed>, {sa_handler=0x55e6ca0068d0, sa_mask=[], sa_flags=SA_RESTORER|SA_RESTART, sa_restorer=0x7fa306ca35b0}, 8) = 0
27450<bash> 22:19:15 rt_sigaction(SIGTTOU, {sa_handler=SIG_IGN, sa_mask=[], sa_flags=SA_RESTORER, sa_restorer=0x7fa306ca35b0} <unfinished ...>
27408<bash> 22:19:15 close(5<pipe:[147773]> <unfinished ...>
27450<bash> 22:19:15 <... rt_sigaction resumed>, {sa_handler=SIG_IGN, sa_mask=[], sa_flags=SA_RESTORER, sa_restorer=0x7fa306ca35b0}, 8) = 0
27408<bash> 22:19:15 <... close resumed>) = 0
27450<bash> 22:19:15 setpgid(27450<bash>, 27408 <unfinished ...>
27408<bash> 22:19:15 close(6<pipe:[147773]> <unfinished ...>
27450<bash> 22:19:15 <... setpgid resumed>) = 0
27408<bash> 22:19:15 <... close resumed>) = 0
27450<bash> 22:19:15 close(5<pipe:[147773]> <unfinished ...>
27408<bash> 22:19:15 close(4<pipe:[147772]> <unfinished ...>
27450<bash> 22:19:15 <... close resumed>) = 0
27408<bash> 22:19:15 <... close resumed>) = 0
27450<bash> 22:19:15 close(6<pipe:[147773]> <unfinished ...>
27408<bash> 22:19:15 rt_sigprocmask(SIG_BLOCK, [INT] <unfinished ...>
27450<bash> 22:19:15 <... close resumed>) = 0
27408<bash> 22:19:15 <... rt_sigprocmask resumed>, [], 8) = 0
27450<bash> 22:19:15 rt_sigaction(SIGINT, {sa_handler=SIG_DFL, sa_mask=[], sa_flags=SA_RESTORER, sa_restorer=0x7fa306ca35b0} <unfinished ...>
27408<bash> 22:19:15 read(3<pipe:[147772]> <unfinished ...>
27450<bash> 22:19:15 <... rt_sigaction resumed>, {sa_handler=0x55e6ca034cf0, sa_mask=[], sa_flags=SA_RESTORER, sa_restorer=0x7fa306ca35b0}, 8) = 0
27450<bash> 22:19:15 rt_sigaction(SIGQUIT, {sa_handler=SIG_DFL, sa_mask=[], sa_flags=SA_RESTORER, sa_restorer=0x7fa306ca35b0}, {sa_handler=SIG_IGN, sa_mask=[], sa_flags=SA_RESTORER, sa_restorer=0x7fa306ca35b0}, 8) = 0
27450<bash> 22:19:15 rt_sigaction(SIGTERM, {sa_handler=SIG_DFL, sa_mask=[], sa_flags=SA_RESTORER, sa_restorer=0x7fa306ca35b0}, {sa_handler=SIG_DFL, sa_mask=[], sa_flags=SA_RESTORER, sa_restorer=0x7fa306ca35b0}, 8) = 0
27450<bash> 22:19:15 rt_sigaction(SIGCHLD, {sa_handler=SIG_DFL, sa_mask=[], sa_flags=SA_RESTORER|SA_RESTART, sa_restorer=0x7fa306ca35b0}, {sa_handler=0x55e6ca0068d0, sa_mask=[], sa_flags=SA_RESTORER|SA_RESTART, sa_restorer=0x7fa306ca35b0}, 8) = 0
27450<bash> 22:19:15 rt_sigaction(SIGCHLD, {sa_handler=0x55e6ca0068d0, sa_mask=[], sa_flags=SA_RESTORER|SA_RESTART, sa_restorer=0x7fa306ca35b0}, {sa_handler=SIG_DFL, sa_mask=[], sa_flags=SA_RESTORER|SA_RESTART, sa_restorer=0x7fa306ca35b0}, 8) = 0
27450<bash> 22:19:15 rt_sigaction(SIGINT, {sa_handler=0x55e6ca0352c0, sa_mask=[], sa_flags=SA_RESTORER, sa_restorer=0x7fa306ca35b0}, {sa_handler=SIG_DFL, sa_mask=[], sa_flags=SA_RESTORER, sa_restorer=0x7fa306ca35b0}, 8) = 0
27450<bash> 22:19:15 dup2(4<pipe:[147772]>, 1</dev/pts/6<char 136:6>>) = 1<pipe:[147772]>
27450<bash> 22:19:15 close(4<pipe:[147772]>) = 0
27450<bash> 22:19:15 close(3<pipe:[147772]>) = 0
27450<bash> 22:19:15 rt_sigprocmask(SIG_BLOCK, NULL, [], 8) = 0
27450<bash> 22:19:15 rt_sigprocmask(SIG_BLOCK, [CHLD], [], 8) = 0
27450<bash> 22:19:15 fcntl(0</dev/pts/6<char 136:6>>, F_GETFD) = 0
27450<bash> 22:19:15 pipe2([3<pipe:[147774]>, 4<pipe:[147774]>], 0) = 0
27450<bash> 22:19:15 rt_sigprocmask(SIG_BLOCK, NULL, [CHLD], 8) = 0
27450<bash> 22:19:15 rt_sigprocmask(SIG_BLOCK, [INT TERM CHLD], [CHLD], 8) = 0
27450<bash> 22:19:15 rt_sigaction(SIGTERM, {sa_handler=SIG_DFL, sa_mask=[], sa_flags=SA_RESTORER, sa_restorer=0x7fa306ca35b0}, {sa_handler=SIG_DFL, sa_mask=[], sa_flags=SA_RESTORER, sa_restorer=0x7fa306ca35b0}, 8) = 0
27450<bash> 22:19:15 pipe2([5<pipe:[147775]>, 6<pipe:[147775]>], 0) = 0
27450<bash> 22:19:15 rt_sigprocmask(SIG_BLOCK, ~[], [INT TERM CHLD], 8) = 0
27450<bash> 22:19:15 clone(child_stack=NULL, flags=CLONE_CHILD_CLEARTID|CLONE_CHILD_SETTID|SIGCHLD <unfinished ...>
27451<bash> 22:19:15 set_robust_list(0x7fa306c86a20, 24) = 0
27451<bash> 22:19:15 rt_sigprocmask(SIG_SETMASK, [INT TERM CHLD], NULL, 8) = 0
27451<bash> 22:19:15 getpid()           = 27451<bash>
27451<bash> 22:19:15 rt_sigprocmask(SIG_SETMASK, [], NULL, 8) = 0
27451<bash> 22:19:15 rt_sigaction(SIGTSTP, {sa_handler=SIG_IGN, sa_mask=[], sa_flags=SA_RESTORER, sa_restorer=0x7fa306ca35b0}, {sa_handler=SIG_IGN, sa_mask=[], sa_flags=SA_RESTORER, sa_restorer=0x7fa306ca35b0}, 8) = 0
27451<bash> 22:19:15 rt_sigaction(SIGTTIN, {sa_handler=SIG_IGN, sa_mask=[], sa_flags=SA_RESTORER, sa_restorer=0x7fa306ca35b0}, {sa_handler=SIG_IGN, sa_mask=[], sa_flags=SA_RESTORER, sa_restorer=0x7fa306ca35b0}, 8) = 0
27451<bash> 22:19:15 rt_sigaction(SIGTTOU, {sa_handler=SIG_IGN, sa_mask=[], sa_flags=SA_RESTORER, sa_restorer=0x7fa306ca35b0}, {sa_handler=SIG_IGN, sa_mask=[], sa_flags=SA_RESTORER, sa_restorer=0x7fa306ca35b0}, 8) = 0
27451<bash> 22:19:15 setpgid(27451<bash>, 27408) = 0
27451<bash> 22:19:15 close(5<pipe:[147775]>) = 0
27451<bash> 22:19:15 close(6<pipe:[147775]> <unfinished ...>
27450<bash> 22:19:15 <... clone resumed>, child_tidptr=0x7fa306c86a10) = 27451<bash>
27451<bash> 22:19:15 <... close resumed>) = 0
27450<bash> 22:19:15 rt_sigprocmask(SIG_SETMASK, [INT TERM CHLD] <unfinished ...>
27451<bash> 22:19:15 close(3<pipe:[147774]> <unfinished ...>
27450<bash> 22:19:15 <... rt_sigprocmask resumed>, NULL, 8) = 0
27451<bash> 22:19:15 <... close resumed>) = 0
27450<bash> 22:19:15 rt_sigaction(SIGTERM, {sa_handler=SIG_DFL, sa_mask=[], sa_flags=SA_RESTORER, sa_restorer=0x7fa306ca35b0} <unfinished ...>
27451<bash> 22:19:15 dup2(4<pipe:[147774]>, 1<pipe:[147772]> <unfinished ...>
27450<bash> 22:19:15 <... rt_sigaction resumed>, {sa_handler=SIG_DFL, sa_mask=[], sa_flags=SA_RESTORER, sa_restorer=0x7fa306ca35b0}, 8) = 0
27451<bash> 22:19:15 <... dup2 resumed>) = 1<pipe:[147774]>
27450<bash> 22:19:15 setpgid(27451<bash>, 27408 <unfinished ...>
27451<bash> 22:19:15 close(4<pipe:[147774]>) = 0
27450<bash> 22:19:15 <... setpgid resumed>) = 0
27450<bash> 22:19:15 rt_sigprocmask(SIG_SETMASK, [CHLD], NULL, 8) = 0
27451<bash> 22:19:15 rt_sigaction(SIGHUP, {sa_handler=SIG_DFL, sa_mask=[], sa_flags=SA_RESTORER, sa_restorer=0x7fa306ca35b0} <unfinished ...>
27450<bash> 22:19:15 close(4<pipe:[147774]> <unfinished ...>
27451<bash> 22:19:15 <... rt_sigaction resumed>, NULL, 8) = 0
27450<bash> 22:19:15 <... close resumed>) = 0
27451<bash> 22:19:15 rt_sigaction(SIGILL, {sa_handler=SIG_DFL, sa_mask=[], sa_flags=SA_RESTORER, sa_restorer=0x7fa306ca35b0}, NULL, 8) = 0
27450<bash> 22:19:15 close(4 <unfinished ...>
27451<bash> 22:19:15 rt_sigaction(SIGTRAP, {sa_handler=SIG_DFL, sa_mask=[], sa_flags=SA_RESTORER, sa_restorer=0x7fa306ca35b0} <unfinished ...>
27450<bash> 22:19:15 <... close resumed>) = -1 EBADF (Bad file descriptor)
27451<bash> 22:19:15 <... rt_sigaction resumed>, NULL, 8) = 0
27451<bash> 22:19:15 rt_sigprocmask(SIG_BLOCK, ~[] <unfinished ...>
27450<bash> 22:19:15 rt_sigprocmask(SIG_BLOCK, NULL <unfinished ...>
27451<bash> 22:19:15 <... rt_sigprocmask resumed>, [], 8) = 0
27450<bash> 22:19:15 <... rt_sigprocmask resumed>, [CHLD], 8) = 0
27451<bash> 22:19:15 rt_sigaction(SIGABRT, {sa_handler=SIG_DFL, sa_mask=[], sa_flags=SA_RESTORER, sa_restorer=0x7fa306ca35b0} <unfinished ...>
27450<bash> 22:19:15 rt_sigprocmask(SIG_BLOCK, [INT TERM CHLD], [CHLD], 8) = 0
27451<bash> 22:19:15 <... rt_sigaction resumed>, NULL, 8) = 0
27450<bash> 22:19:15 rt_sigaction(SIGTERM, {sa_handler=SIG_DFL, sa_mask=[], sa_flags=SA_RESTORER, sa_restorer=0x7fa306ca35b0} <unfinished ...>
27451<bash> 22:19:15 rt_sigprocmask(SIG_SETMASK, [] <unfinished ...>
27450<bash> 22:19:15 <... rt_sigaction resumed>, {sa_handler=SIG_DFL, sa_mask=[], sa_flags=SA_RESTORER, sa_restorer=0x7fa306ca35b0}, 8) = 0
27451<bash> 22:19:15 <... rt_sigprocmask resumed>, NULL, 8) = 0
27450<bash> 22:19:15 rt_sigprocmask(SIG_BLOCK, ~[] <unfinished ...>
27451<bash> 22:19:15 rt_sigaction(SIGFPE, {sa_handler=SIG_DFL, sa_mask=[], sa_flags=SA_RESTORER, sa_restorer=0x7fa306ca35b0} <unfinished ...>
27450<bash> 22:19:15 <... rt_sigprocmask resumed>, [INT TERM CHLD], 8) = 0
27451<bash> 22:19:15 <... rt_sigaction resumed>, NULL, 8) = 0
27450<bash> 22:19:15 clone(child_stack=NULL, flags=CLONE_CHILD_CLEARTID|CLONE_CHILD_SETTID|SIGCHLD <unfinished ...>
27451<bash> 22:19:15 rt_sigaction(SIGBUS, {sa_handler=SIG_DFL, sa_mask=[], sa_flags=SA_RESTORER, sa_restorer=0x7fa306ca35b0}, NULL, 8) = 0
27451<bash> 22:19:15 rt_sigaction(SIGSEGV, {sa_handler=SIG_DFL, sa_mask=[], sa_flags=SA_RESTORER, sa_restorer=0x7fa306ca35b0}, NULL, 8) = 0
27451<bash> 22:19:15 rt_sigaction(SIGSYS, {sa_handler=SIG_DFL, sa_mask=[], sa_flags=SA_RESTORER, sa_restorer=0x7fa306ca35b0}, NULL, 8) = 0
27451<bash> 22:19:15 rt_sigaction(SIGPIPE, {sa_handler=SIG_DFL, sa_mask=[], sa_flags=SA_RESTORER, sa_restorer=0x7fa306ca35b0} <unfinished ...>
27450<bash> 22:19:15 <... clone resumed>, child_tidptr=0x7fa306c86a10) = 27452<bash>
27452<bash> 22:19:15 set_robust_list(0x7fa306c86a20, 24 <unfinished ...>
27451<bash> 22:19:15 <... rt_sigaction resumed>, NULL, 8) = 0
27452<bash> 22:19:15 <... set_robust_list resumed>) = 0
27450<bash> 22:19:15 rt_sigprocmask(SIG_SETMASK, [INT TERM CHLD] <unfinished ...>
27452<bash> 22:19:15 rt_sigprocmask(SIG_SETMASK, [INT TERM CHLD] <unfinished ...>
27451<bash> 22:19:15 rt_sigaction(SIGALRM, {sa_handler=SIG_DFL, sa_mask=[], sa_flags=SA_RESTORER, sa_restorer=0x7fa306ca35b0} <unfinished ...>
27452<bash> 22:19:15 <... rt_sigprocmask resumed>, NULL, 8) = 0
27450<bash> 22:19:15 <... rt_sigprocmask resumed>, NULL, 8) = 0
27451<bash> 22:19:15 <... rt_sigaction resumed>, NULL, 8) = 0
27450<bash> 22:19:15 rt_sigaction(SIGTERM, {sa_handler=SIG_DFL, sa_mask=[], sa_flags=SA_RESTORER, sa_restorer=0x7fa306ca35b0} <unfinished ...>
27452<bash> 22:19:15 getpid( <unfinished ...>
27451<bash> 22:19:15 rt_sigaction(SIGXCPU, {sa_handler=SIG_DFL, sa_mask=[], sa_flags=SA_RESTORER, sa_restorer=0x7fa306ca35b0} <unfinished ...>
27450<bash> 22:19:15 <... rt_sigaction resumed>, {sa_handler=SIG_DFL, sa_mask=[], sa_flags=SA_RESTORER, sa_restorer=0x7fa306ca35b0}, 8) = 0
27452<bash> 22:19:15 <... getpid resumed>) = 27452<bash>
27451<bash> 22:19:15 <... rt_sigaction resumed>, NULL, 8) = 0
27452<bash> 22:19:15 rt_sigprocmask(SIG_SETMASK, [] <unfinished ...>
27450<bash> 22:19:15 setpgid(27452<bash>, 27408 <unfinished ...>
27452<bash> 22:19:15 <... rt_sigprocmask resumed>, NULL, 8) = 0
27451<bash> 22:19:15 rt_sigaction(SIGXFSZ, {sa_handler=SIG_DFL, sa_mask=[], sa_flags=SA_RESTORER, sa_restorer=0x7fa306ca35b0} <unfinished ...>
27452<bash> 22:19:15 rt_sigaction(SIGTSTP, {sa_handler=SIG_IGN, sa_mask=[], sa_flags=SA_RESTORER, sa_restorer=0x7fa306ca35b0} <unfinished ...>
27450<bash> 22:19:15 <... setpgid resumed>) = 0
27452<bash> 22:19:15 <... rt_sigaction resumed>, {sa_handler=SIG_IGN, sa_mask=[], sa_flags=SA_RESTORER, sa_restorer=0x7fa306ca35b0}, 8) = 0
27451<bash> 22:19:15 <... rt_sigaction resumed>, NULL, 8) = 0
27450<bash> 22:19:15 rt_sigprocmask(SIG_SETMASK, [CHLD] <unfinished ...>
27452<bash> 22:19:15 rt_sigaction(SIGTTIN, {sa_handler=SIG_IGN, sa_mask=[], sa_flags=SA_RESTORER, sa_restorer=0x7fa306ca35b0} <unfinished ...>
27451<bash> 22:19:15 rt_sigaction(SIGVTALRM, {sa_handler=SIG_DFL, sa_mask=[], sa_flags=SA_RESTORER, sa_restorer=0x7fa306ca35b0} <unfinished ...>
27450<bash> 22:19:15 <... rt_sigprocmask resumed>, NULL, 8) = 0
27452<bash> 22:19:15 <... rt_sigaction resumed>, {sa_handler=SIG_IGN, sa_mask=[], sa_flags=SA_RESTORER, sa_restorer=0x7fa306ca35b0}, 8) = 0
27451<bash> 22:19:15 <... rt_sigaction resumed>, NULL, 8) = 0
27450<bash> 22:19:15 close(3<pipe:[147774]> <unfinished ...>
27452<bash> 22:19:15 rt_sigaction(SIGTTOU, {sa_handler=SIG_IGN, sa_mask=[], sa_flags=SA_RESTORER, sa_restorer=0x7fa306ca35b0} <unfinished ...>
27451<bash> 22:19:15 rt_sigaction(SIGUSR1, {sa_handler=SIG_DFL, sa_mask=[], sa_flags=SA_RESTORER, sa_restorer=0x7fa306ca35b0} <unfinished ...>
27452<bash> 22:19:15 <... rt_sigaction resumed>, {sa_handler=SIG_IGN, sa_mask=[], sa_flags=SA_RESTORER, sa_restorer=0x7fa306ca35b0}, 8) = 0
27450<bash> 22:19:15 <... close resumed>) = 0
27452<bash> 22:19:15 setpgid(27452<bash>, 27408 <unfinished ...>
27451<bash> 22:19:15 <... rt_sigaction resumed>, NULL, 8) = 0
27452<bash> 22:19:15 <... setpgid resumed>) = 0
27450<bash> 22:19:15 rt_sigprocmask(SIG_BLOCK, [CHLD] <unfinished ...>
27451<bash> 22:19:15 rt_sigaction(SIGUSR2, {sa_handler=SIG_DFL, sa_mask=[], sa_flags=SA_RESTORER, sa_restorer=0x7fa306ca35b0} <unfinished ...>
27452<bash> 22:19:15 close(5<pipe:[147775]> <unfinished ...>
27450<bash> 22:19:15 <... rt_sigprocmask resumed>, [CHLD], 8) = 0
27452<bash> 22:19:15 <... close resumed>) = 0
27451<bash> 22:19:15 <... rt_sigaction resumed>, NULL, 8) = 0
27452<bash> 22:19:15 close(6<pipe:[147775]> <unfinished ...>
27450<bash> 22:19:15 close(5<pipe:[147775]> <unfinished ...>
27452<bash> 22:19:15 <... close resumed>) = 0
27451<bash> 22:19:15 rt_sigaction(SIGINT, {sa_handler=SIG_DFL, sa_mask=[], sa_flags=SA_RESTORER, sa_restorer=0x7fa306ca35b0} <unfinished ...>
27450<bash> 22:19:15 <... close resumed>) = 0
27452<bash> 22:19:15 dup2(3<pipe:[147774]>, 0</dev/pts/6<char 136:6>> <unfinished ...>
27451<bash> 22:19:15 <... rt_sigaction resumed>, {sa_handler=0x55e6ca0352c0, sa_mask=[], sa_flags=SA_RESTORER, sa_restorer=0x7fa306ca35b0}, 8) = 0
27452<bash> 22:19:15 <... dup2 resumed>) = 0<pipe:[147774]>
27450<bash> 22:19:15 close(6<pipe:[147775]> <unfinished ...>
27452<bash> 22:19:15 close(3<pipe:[147774]> <unfinished ...>
27451<bash> 22:19:15 rt_sigaction(SIGQUIT, {sa_handler=SIG_DFL, sa_mask=[], sa_flags=SA_RESTORER, sa_restorer=0x7fa306ca35b0} <unfinished ...>
27452<bash> 22:19:15 <... close resumed>) = 0
27450<bash> 22:19:15 <... close resumed>) = 0
27451<bash> 22:19:15 <... rt_sigaction resumed>, {sa_handler=SIG_DFL, sa_mask=[], sa_flags=SA_RESTORER, sa_restorer=0x7fa306ca35b0}, 8) = 0
27451<bash> 22:19:15 rt_sigaction(SIGTERM, {sa_handler=SIG_DFL, sa_mask=[], sa_flags=SA_RESTORER, sa_restorer=0x7fa306ca35b0} <unfinished ...>
27450<bash> 22:19:15 rt_sigprocmask(SIG_SETMASK, [CHLD] <unfinished ...>
27452<bash> 22:19:15 newfstatat(AT_FDCWD</home/catastor>, "." <unfinished ...>
27451<bash> 22:19:15 <... rt_sigaction resumed>, {sa_handler=SIG_DFL, sa_mask=[], sa_flags=SA_RESTORER, sa_restorer=0x7fa306ca35b0}, 8) = 0
27450<bash> 22:19:15 <... rt_sigprocmask resumed>, NULL, 8) = 0
27452<bash> 22:19:15 <... newfstatat resumed>, {st_mode=S_IFDIR|0700, st_size=716, ...}, 0) = 0
27451<bash> 22:19:15 rt_sigaction(SIGCHLD, {sa_handler=SIG_DFL, sa_mask=[], sa_flags=SA_RESTORER|SA_RESTART, sa_restorer=0x7fa306ca35b0} <unfinished ...>
27450<bash> 22:19:15 rt_sigprocmask(SIG_BLOCK, [CHLD] <unfinished ...>
27452<bash> 22:19:15 newfstatat(AT_FDCWD</home/catastor>, "/home/catastor/.local/bin/sed" <unfinished ...>
27451<bash> 22:19:15 <... rt_sigaction resumed>, {sa_handler=0x55e6ca0068d0, sa_mask=[], sa_flags=SA_RESTORER|SA_RESTART, sa_restorer=0x7fa306ca35b0}, 8) = 0
27452<bash> 22:19:15 <... newfstatat resumed>, 0x7ffee29a85a0, 0) = -1 ENOENT (No such file or directory)
27450<bash> 22:19:15 <... rt_sigprocmask resumed>, [CHLD], 8) = 0
27452<bash> 22:19:15 newfstatat(AT_FDCWD</home/catastor>, "/home/catastor/bin/sed" <unfinished ...>
27451<bash> 22:19:15 pipe2( <unfinished ...>
27452<bash> 22:19:15 <... newfstatat resumed>, 0x7ffee29a85a0, 0) = -1 ENOENT (No such file or directory)
27450<bash> 22:19:15 rt_sigaction(SIGINT, {sa_handler=0x55e6ca002d80, sa_mask=[], sa_flags=SA_RESTORER, sa_restorer=0x7fa306ca35b0} <unfinished ...>
27452<bash> 22:19:15 newfstatat(AT_FDCWD</home/catastor>, "/usr/local/bin/sed" <unfinished ...>
27451<bash> 22:19:15 <... pipe2 resumed>[3<pipe:[147776]>, 4<pipe:[147776]>], 0) = 0
27452<bash> 22:19:15 <... newfstatat resumed>, 0x7ffee29a85a0, 0) = -1 ENOENT (No such file or directory)
27450<bash> 22:19:15 <... rt_sigaction resumed>, {sa_handler=0x55e6ca0352c0, sa_mask=[], sa_flags=SA_RESTORER, sa_restorer=0x7fa306ca35b0}, 8) = 0
27452<bash> 22:19:15 newfstatat(AT_FDCWD</home/catastor>, "/usr/bin/sed" <unfinished ...>
27451<bash> 22:19:15 close(3<pipe:[147776]> <unfinished ...>
27452<bash> 22:19:15 <... newfstatat resumed>, {st_mode=S_IFREG|0755, st_size=119888, ...}, 0) = 0
27450<bash> 22:19:15 wait4(-1 <unfinished ...>
27452<bash> 22:19:15 newfstatat(AT_FDCWD</home/catastor>, "/usr/bin/sed" <unfinished ...>
27451<bash> 22:19:15 <... close resumed>) = 0
27452<bash> 22:19:15 <... newfstatat resumed>, {st_mode=S_IFREG|0755, st_size=119888, ...}, 0) = 0
27451<bash> 22:19:15 close(4<pipe:[147776]> <unfinished ...>
27452<bash> 22:19:15 geteuid( <unfinished ...>
27451<bash> 22:19:15 <... close resumed>) = 0
27452<bash> 22:19:15 <... geteuid resumed>) = 1000
27451<bash> 22:19:15 rt_sigprocmask(SIG_BLOCK, [CHLD] <unfinished ...>
27452<bash> 22:19:15 getegid( <unfinished ...>
27451<bash> 22:19:15 <... rt_sigprocmask resumed>, [], 8) = 0
27452<bash> 22:19:15 <... getegid resumed>) = 1000
27451<bash> 22:19:15 rt_sigprocmask(SIG_SETMASK, [] <unfinished ...>
27452<bash> 22:19:15 getuid( <unfinished ...>
27451<bash> 22:19:15 <... rt_sigprocmask resumed>, NULL, 8) = 0
27452<bash> 22:19:15 <... getuid resumed>) = 1000
27451<bash> 22:19:15 rt_sigaction(SIGCHLD, {sa_handler=0x55e6ca0068d0, sa_mask=[], sa_flags=SA_RESTORER|SA_RESTART, sa_restorer=0x7fa306ca35b0} <unfinished ...>
27452<bash> 22:19:15 getgid( <unfinished ...>
27451<bash> 22:19:15 <... rt_sigaction resumed>, {sa_handler=SIG_DFL, sa_mask=[], sa_flags=SA_RESTORER|SA_RESTART, sa_restorer=0x7fa306ca35b0}, 8) = 0
27452<bash> 22:19:15 <... getgid resumed>) = 1000
27451<bash> 22:19:15 rt_sigaction(SIGINT, {sa_handler=0x55e6ca0352c0, sa_mask=[], sa_flags=SA_RESTORER, sa_restorer=0x7fa306ca35b0} <unfinished ...>
27452<bash> 22:19:15 access("/usr/bin/sed", X_OK <unfinished ...>
27451<bash> 22:19:15 <... rt_sigaction resumed>, {sa_handler=SIG_DFL, sa_mask=[], sa_flags=SA_RESTORER, sa_restorer=0x7fa306ca35b0}, 8) = 0
27452<bash> 22:19:15 <... access resumed>) = 0
27452<bash> 22:19:15 newfstatat(AT_FDCWD</home/catastor>, "/usr/bin/sed" <unfinished ...>
27451<bash> 22:19:15 write(1<pipe:[147774]>, "/home/catastor\n", 15 <unfinished ...>
27452<bash> 22:19:15 <... newfstatat resumed>, {st_mode=S_IFREG|0755, st_size=119888, ...}, 0) = 0
27451<bash> 22:19:15 <... write resumed>) = 15
27452<bash> 22:19:15 geteuid()          = 1000
27451<bash> 22:19:15 exit_group(0 <unfinished ...>
27452<bash> 22:19:15 getegid( <unfinished ...>
27451<bash> 22:19:15 <... exit_group resumed>) = ?
27452<bash> 22:19:15 <... getegid resumed>) = 1000
27452<bash> 22:19:15 getuid()           = 1000
27452<bash> 22:19:15 getgid()           = 1000
27451<bash> 22:19:15 +++ exited with 0 +++
27452<bash> 22:19:15 access("/usr/bin/sed", R_OK <unfinished ...>
27450<bash> 22:19:15 <... wait4 resumed>, [{WIFEXITED(s) && WEXITSTATUS(s) == 0}], 0, NULL) = 27451
27452<bash> 22:19:15 <... access resumed>) = 0
27450<bash> 22:19:15 wait4(-1 <unfinished ...>
27452<bash> 22:19:15 rt_sigaction(SIGHUP, {sa_handler=SIG_DFL, sa_mask=[], sa_flags=SA_RESTORER, sa_restorer=0x7fa306ca35b0}, NULL, 8) = 0
27452<bash> 22:19:15 rt_sigaction(SIGILL, {sa_handler=SIG_DFL, sa_mask=[], sa_flags=SA_RESTORER, sa_restorer=0x7fa306ca35b0}, NULL, 8) = 0
27452<bash> 22:19:15 rt_sigaction(SIGTRAP, {sa_handler=SIG_DFL, sa_mask=[], sa_flags=SA_RESTORER, sa_restorer=0x7fa306ca35b0}, NULL, 8) = 0
27452<bash> 22:19:15 rt_sigprocmask(SIG_BLOCK, ~[], [], 8) = 0
27452<bash> 22:19:15 rt_sigaction(SIGABRT, {sa_handler=SIG_DFL, sa_mask=[], sa_flags=SA_RESTORER, sa_restorer=0x7fa306ca35b0}, NULL, 8) = 0
27452<bash> 22:19:15 rt_sigprocmask(SIG_SETMASK, [], NULL, 8) = 0
27452<bash> 22:19:15 rt_sigaction(SIGFPE, {sa_handler=SIG_DFL, sa_mask=[], sa_flags=SA_RESTORER, sa_restorer=0x7fa306ca35b0}, NULL, 8) = 0
27452<bash> 22:19:15 rt_sigaction(SIGBUS, {sa_handler=SIG_DFL, sa_mask=[], sa_flags=SA_RESTORER, sa_restorer=0x7fa306ca35b0}, NULL, 8) = 0
27452<bash> 22:19:15 rt_sigaction(SIGSEGV, {sa_handler=SIG_DFL, sa_mask=[], sa_flags=SA_RESTORER, sa_restorer=0x7fa306ca35b0}, NULL, 8) = 0
27452<bash> 22:19:15 rt_sigaction(SIGSYS, {sa_handler=SIG_DFL, sa_mask=[], sa_flags=SA_RESTORER, sa_restorer=0x7fa306ca35b0}, NULL, 8) = 0
27452<bash> 22:19:15 rt_sigaction(SIGPIPE, {sa_handler=SIG_DFL, sa_mask=[], sa_flags=SA_RESTORER, sa_restorer=0x7fa306ca35b0}, NULL, 8) = 0
27452<bash> 22:19:15 rt_sigaction(SIGALRM, {sa_handler=SIG_DFL, sa_mask=[], sa_flags=SA_RESTORER, sa_restorer=0x7fa306ca35b0}, NULL, 8) = 0
27452<bash> 22:19:15 rt_sigaction(SIGXCPU, {sa_handler=SIG_DFL, sa_mask=[], sa_flags=SA_RESTORER, sa_restorer=0x7fa306ca35b0}, NULL, 8) = 0
27452<bash> 22:19:15 rt_sigaction(SIGXFSZ, {sa_handler=SIG_DFL, sa_mask=[], sa_flags=SA_RESTORER, sa_restorer=0x7fa306ca35b0}, NULL, 8) = 0
27452<bash> 22:19:15 rt_sigaction(SIGVTALRM, {sa_handler=SIG_DFL, sa_mask=[], sa_flags=SA_RESTORER, sa_restorer=0x7fa306ca35b0}, NULL, 8) = 0
27452<bash> 22:19:15 rt_sigaction(SIGUSR1, {sa_handler=SIG_DFL, sa_mask=[], sa_flags=SA_RESTORER, sa_restorer=0x7fa306ca35b0}, NULL, 8) = 0
27452<bash> 22:19:15 rt_sigaction(SIGUSR2, {sa_handler=SIG_DFL, sa_mask=[], sa_flags=SA_RESTORER, sa_restorer=0x7fa306ca35b0}, NULL, 8) = 0
27452<bash> 22:19:15 rt_sigaction(SIGINT, {sa_handler=SIG_DFL, sa_mask=[], sa_flags=SA_RESTORER, sa_restorer=0x7fa306ca35b0}, {sa_handler=0x55e6ca0352c0, sa_mask=[], sa_flags=SA_RESTORER, sa_restorer=0x7fa306ca35b0}, 8) = 0
27452<bash> 22:19:15 rt_sigaction(SIGQUIT, {sa_handler=SIG_DFL, sa_mask=[], sa_flags=SA_RESTORER, sa_restorer=0x7fa306ca35b0}, {sa_handler=SIG_DFL, sa_mask=[], sa_flags=SA_RESTORER, sa_restorer=0x7fa306ca35b0}, 8) = 0
27452<bash> 22:19:15 rt_sigaction(SIGTERM, {sa_handler=SIG_DFL, sa_mask=[], sa_flags=SA_RESTORER, sa_restorer=0x7fa306ca35b0}, {sa_handler=SIG_DFL, sa_mask=[], sa_flags=SA_RESTORER, sa_restorer=0x7fa306ca35b0}, 8) = 0
27452<bash> 22:19:15 rt_sigaction(SIGCHLD, {sa_handler=SIG_DFL, sa_mask=[], sa_flags=SA_RESTORER|SA_RESTART, sa_restorer=0x7fa306ca35b0}, {sa_handler=0x55e6ca0068d0, sa_mask=[], sa_flags=SA_RESTORER|SA_RESTART, sa_restorer=0x7fa306ca35b0}, 8) = 0
27452<bash> 22:19:15 execve("/usr/bin/sed", ["sed", "-e", "s/\\\\/\\\\x5c/g", "-e", "s/;/\\\\x3b/g", "-e", "s/[[:cntrl:]]/\342\215\260/g"], 0x55e6cc5bae50 /* 35 vars */) = 0
27452<sed> 22:19:15 brk(NULL)           = 0x564b880c0000
27452<sed> 22:19:15 access("/etc/ld.so.preload", R_OK) = -1 ENOENT (No such file or directory)
27452<sed> 22:19:15 openat(AT_FDCWD</home/catastor>, "/etc/ld.so.cache", O_RDONLY|O_CLOEXEC) = 3</etc/ld.so.cache>
27452<sed> 22:19:15 fstat(3</etc/ld.so.cache>, {st_mode=S_IFREG|0644, st_size=74499, ...}) = 0
27452<sed> 22:19:15 mmap(NULL, 74499, PROT_READ, MAP_PRIVATE, 3</etc/ld.so.cache>, 0) = 0x7f771e6ea000
27452<sed> 22:19:15 close(3</etc/ld.so.cache>) = 0
27452<sed> 22:19:15 openat(AT_FDCWD</home/catastor>, "/lib64/libacl.so.1", O_RDONLY|O_CLOEXEC) = 3</usr/lib64/libacl.so.1.1.2302>
27452<sed> 22:19:15 read(3</usr/lib64/libacl.so.1.1.2302>, "\177ELF\2\1\1\0\0\0\0\0\0\0\0\0\3\0>\0\1\0\0\0\0\0\0\0\0\0\0\0"..., 832) = 832
27452<sed> 22:19:15 fstat(3</usr/lib64/libacl.so.1.1.2302>, {st_mode=S_IFREG|0755, st_size=36600, ...}) = 0
27452<sed> 22:19:15 mmap(NULL, 8192, PROT_READ|PROT_WRITE, MAP_PRIVATE|MAP_ANONYMOUS, -1, 0) = 0x7f771e6e8000
27452<sed> 22:19:15 mmap(NULL, 36888, PROT_READ|PROT_EXEC, MAP_PRIVATE|MAP_DENYWRITE, 3</usr/lib64/libacl.so.1.1.2302>, 0) = 0x7f771e6de000
27452<sed> 22:19:15 mmap(0x7f771e6e3000, 12288, PROT_READ, MAP_PRIVATE|MAP_FIXED|MAP_DENYWRITE, 3</usr/lib64/libacl.so.1.1.2302>, 0x5000) = 0x7f771e6e3000
27452<sed> 22:19:15 mmap(0x7f771e6e6000, 4096, PROT_READ|PROT_WRITE, MAP_PRIVATE|MAP_FIXED|MAP_DENYWRITE, 3</usr/lib64/libacl.so.1.1.2302>, 0x7000) = 0x7f771e6e6000
27452<sed> 22:19:15 mmap(0x7f771e6e7000, 24, PROT_READ|PROT_WRITE, MAP_PRIVATE|MAP_FIXED|MAP_ANONYMOUS, -1, 0) = 0x7f771e6e7000
27452<sed> 22:19:15 close(3</usr/lib64/libacl.so.1.1.2302>) = 0
27452<sed> 22:19:15 openat(AT_FDCWD</home/catastor>, "/lib64/libselinux.so.1", O_RDONLY|O_CLOEXEC) = 3</usr/lib64/libselinux.so.1>
27452<sed> 22:19:15 read(3</usr/lib64/libselinux.so.1>, "\177ELF\2\1\1\0\0\0\0\0\0\0\0\0\3\0>\0\1\0\0\0\0\0\0\0\0\0\0\0"..., 832) = 832
27452<sed> 22:19:15 fstat(3</usr/lib64/libselinux.so.1>, {st_mode=S_IFREG|0755, st_size=204752, ...}) = 0
27452<sed> 22:19:15 mmap(NULL, 206288, PROT_READ|PROT_EXEC, MAP_PRIVATE|MAP_DENYWRITE, 3</usr/lib64/libselinux.so.1>, 0) = 0x7f771e6ab000
27452<sed> 22:19:15 mmap(0x7f771e6cc000, 57344, PROT_READ, MAP_PRIVATE|MAP_FIXED|MAP_DENYWRITE, 3</usr/lib64/libselinux.so.1>, 0x21000) = 0x7f771e6cc000
27452<sed> 22:19:15 mmap(0x7f771e6da000, 8192, PROT_READ|PROT_WRITE, MAP_PRIVATE|MAP_FIXED|MAP_DENYWRITE, 3</usr/lib64/libselinux.so.1>, 0x2f000) = 0x7f771e6da000
27452<sed> 22:19:15 mmap(0x7f771e6dc000, 5584, PROT_READ|PROT_WRITE, MAP_PRIVATE|MAP_FIXED|MAP_ANONYMOUS, -1, 0) = 0x7f771e6dc000
27452<sed> 22:19:15 close(3</usr/lib64/libselinux.so.1>) = 0
27452<sed> 22:19:15 openat(AT_FDCWD</home/catastor>, "/lib64/libc.so.6", O_RDONLY|O_CLOEXEC) = 3</usr/lib64/libc.so.6>
27452<sed> 22:19:15 read(3</usr/lib64/libc.so.6>, "\177ELF\2\1\1\3\0\0\0\0\0\0\0\0\3\0>\0\1\0\0\0\2408\0\0\0\0\0\0"..., 832) = 832
27452<sed> 22:19:15 pread64(3</usr/lib64/libc.so.6>, "\6\0\0\0\4\0\0\0@\0\0\0\0\0\0\0@\0\0\0\0\0\0\0@\0\0\0\0\0\0\0"..., 784, 64) = 784
27452<sed> 22:19:15 fstat(3</usr/lib64/libc.so.6>, {st_mode=S_IFREG|0755, st_size=2490288, ...}) = 0
27452<sed> 22:19:15 pread64(3</usr/lib64/libc.so.6>, "\6\0\0\0\4\0\0\0@\0\0\0\0\0\0\0@\0\0\0\0\0\0\0@\0\0\0\0\0\0\0"..., 784, 64) = 784
27452<sed> 22:19:15 mmap(NULL, 2075504, PROT_READ|PROT_EXEC, MAP_PRIVATE|MAP_DENYWRITE, 3</usr/lib64/libc.so.6>, 0) = 0x7f771e4b0000
27452<sed> 22:19:15 mmap(0x7f771e624000, 495616, PROT_READ, MAP_PRIVATE|MAP_FIXED|MAP_DENYWRITE, 3</usr/lib64/libc.so.6>, 0x174000) = 0x7f771e624000
27452<sed> 22:19:15 mmap(0x7f771e69d000, 24576, PROT_READ|PROT_WRITE, MAP_PRIVATE|MAP_FIXED|MAP_DENYWRITE, 3</usr/lib64/libc.so.6>, 0x1ed000) = 0x7f771e69d000
27452<sed> 22:19:15 mmap(0x7f771e6a3000, 31600, PROT_READ|PROT_WRITE, MAP_PRIVATE|MAP_FIXED|MAP_ANONYMOUS, -1, 0) = 0x7f771e6a3000
27452<sed> 22:19:15 close(3</usr/lib64/libc.so.6>) = 0
27452<sed> 22:19:15 openat(AT_FDCWD</home/catastor>, "/lib64/libattr.so.1", O_RDONLY|O_CLOEXEC) = 3</usr/lib64/libattr.so.1.1.2502>
27452<sed> 22:19:15 read(3</usr/lib64/libattr.so.1.1.2502>, "\177ELF\2\1\1\0\0\0\0\0\0\0\0\0\3\0>\0\1\0\0\0\0\0\0\0\0\0\0\0"..., 832) = 832
27452<sed> 22:19:15 fstat(3</usr/lib64/libattr.so.1.1.2502>, {st_mode=S_IFREG|0755, st_size=24000, ...}) = 0
27452<sed> 22:19:15 mmap(NULL, 24592, PROT_READ|PROT_EXEC, MAP_PRIVATE|MAP_DENYWRITE, 3</usr/lib64/libattr.so.1.1.2502>, 0) = 0x7f771e4a9000
27452<sed> 22:19:15 mmap(0x7f771e4ac000, 8192, PROT_READ, MAP_PRIVATE|MAP_FIXED|MAP_DENYWRITE, 3</usr/lib64/libattr.so.1.1.2502>, 0x3000) = 0x7f771e4ac000
27452<sed> 22:19:15 mmap(0x7f771e4ae000, 4096, PROT_READ|PROT_WRITE, MAP_PRIVATE|MAP_FIXED|MAP_DENYWRITE, 3</usr/lib64/libattr.so.1.1.2502>, 0x4000) = 0x7f771e4ae000
27452<sed> 22:19:15 mmap(0x7f771e4af000, 16, PROT_READ|PROT_WRITE, MAP_PRIVATE|MAP_FIXED|MAP_ANONYMOUS, -1, 0) = 0x7f771e4af000
27452<sed> 22:19:15 close(3</usr/lib64/libattr.so.1.1.2502>) = 0
27452<sed> 22:19:15 openat(AT_FDCWD</home/catastor>, "/lib64/libpcre2-8.so.0", O_RDONLY|O_CLOEXEC) = 3</usr/lib64/libpcre2-8.so.0.15.0>
27452<sed> 22:19:15 read(3</usr/lib64/libpcre2-8.so.0.15.0>, "\177ELF\2\1\1\0\0\0\0\0\0\0\0\0\3\0>\0\1\0\0\0\0\0\0\0\0\0\0\0"..., 832) = 832
27452<sed> 22:19:15 fstat(3</usr/lib64/libpcre2-8.so.0.15.0>, {st_mode=S_IFREG|0755, st_size=724280, ...}) = 0
27452<sed> 22:19:15 mmap(NULL, 721368, PROT_READ|PROT_EXEC, MAP_PRIVATE|MAP_DENYWRITE, 3</usr/lib64/libpcre2-8.so.0.15.0>, 0) = 0x7f771e3f8000
27452<sed> 22:19:15 mmap(0x7f771e479000, 188416, PROT_READ, MAP_PRIVATE|MAP_FIXED|MAP_DENYWRITE, 3</usr/lib64/libpcre2-8.so.0.15.0>, 0x81000) = 0x7f771e479000
27452<sed> 22:19:15 mmap(0x7f771e4a7000, 8192, PROT_READ|PROT_WRITE, MAP_PRIVATE|MAP_FIXED|MAP_DENYWRITE, 3</usr/lib64/libpcre2-8.so.0.15.0>, 0xae000) = 0x7f771e4a7000
27452<sed> 22:19:15 close(3</usr/lib64/libpcre2-8.so.0.15.0>) = 0
27452<sed> 22:19:15 mmap(NULL, 8192, PROT_READ|PROT_WRITE, MAP_PRIVATE|MAP_ANONYMOUS, -1, 0) = 0x7f771e3f6000
27452<sed> 22:19:15 mmap(NULL, 8192, PROT_READ|PROT_WRITE, MAP_PRIVATE|MAP_ANONYMOUS, -1, 0) = 0x7f771e3f4000
27452<sed> 22:19:15 arch_prctl(ARCH_SET_FS, 0x7f771e3f7640) = 0
27452<sed> 22:19:15 set_tid_address(0x7f771e3f7c68) = 27452<sed>
27452<sed> 22:19:15 set_robust_list(0x7f771e3f7920, 24) = 0
27452<sed> 22:19:15 rseq({cpu_id_start=0, cpu_id=RSEQ_CPU_ID_UNINITIALIZED, rseq_cs=NULL, flags=0, node_id=0, mm_cid=0, slice_ctrl={request=0, granted=0, __reserved=0}, __reserved=0}, 32, 0, 0x53053053) = 0
27452<sed> 22:19:15 mprotect(0x7f771e69d000, 16384, PROT_READ) = 0
27452<sed> 22:19:15 mprotect(0x7f771e4a7000, 4096, PROT_READ) = 0
27452<sed> 22:19:15 mprotect(0x7f771e4ae000, 4096, PROT_READ) = 0
27452<sed> 22:19:15 mprotect(0x7f771e6da000, 4096, PROT_READ) = 0
27452<sed> 22:19:15 mprotect(0x7f771e6e6000, 4096, PROT_READ) = 0
27452<sed> 22:19:15 mprotect(0x564b566ba000, 4096, PROT_READ) = 0
27452<sed> 22:19:15 mprotect(0x7f771e73b000, 8192, PROT_READ) = 0
27452<sed> 22:19:15 prlimit64(0, RLIMIT_STACK, NULL, {rlim_cur=8192*1024, rlim_max=RLIM64_INFINITY}) = 0
27452<sed> 22:19:15 getrandom("\x35\xa0\xcf\xc8\x19\x9d\x9c\xf8", 8, GRND_NONBLOCK) = 8
27452<sed> 22:19:15 munmap(0x7f771e6ea000, 74499) = 0
27452<sed> 22:19:15 statfs("/sys/fs/selinux", {f_type=SELINUX_MAGIC, f_bsize=4096, f_blocks=0, f_bfree=0, f_bavail=0, f_files=0, f_ffree=0, f_fsid={val=[0x15, 0]}, f_namelen=255, f_frsize=4096, f_flags=ST_VALID|ST_NOSUID|ST_NOEXEC|ST_RELATIME}) = 0
27452<sed> 22:19:15 statfs("/sys/fs/selinux", {f_type=SELINUX_MAGIC, f_bsize=4096, f_blocks=0, f_bfree=0, f_bavail=0, f_files=0, f_ffree=0, f_fsid={val=[0x15, 0]}, f_namelen=255, f_frsize=4096, f_flags=ST_VALID|ST_NOSUID|ST_NOEXEC|ST_RELATIME}) = 0
27452<sed> 22:19:15 brk(NULL)           = 0x564b880c0000
27452<sed> 22:19:15 brk(0x564b880e1000) = 0x564b880e1000
27452<sed> 22:19:15 access("/etc/selinux/config", F_OK) = 0
27452<sed> 22:19:15 openat(AT_FDCWD</home/catastor>, "/usr/lib/locale/locale-archive", O_RDONLY|O_CLOEXEC) = 3</usr/lib/locale/locale-archive>
27452<sed> 22:19:15 fstat(3</usr/lib/locale/locale-archive>, {st_mode=S_IFREG|0644, st_size=233380912, ...}) = 0
27452<sed> 22:19:15 mmap(NULL, 233380912, PROT_READ, MAP_PRIVATE, 3</usr/lib/locale/locale-archive>, 0) = 0x7f7710400000
27452<sed> 22:19:15 close(3</usr/lib/locale/locale-archive>) = 0
27452<sed> 22:19:15 openat(AT_FDCWD</home/catastor>, "/usr/lib64/gconv/gconv-modules.cache", O_RDONLY|O_CLOEXEC) = 3</usr/lib64/gconv/gconv-modules.cache>
27452<sed> 22:19:15 fstat(3</usr/lib64/gconv/gconv-modules.cache>, {st_mode=S_IFREG|0644, st_size=27012, ...}) = 0
27452<sed> 22:19:15 mmap(NULL, 27012, PROT_READ, MAP_SHARED, 3</usr/lib64/gconv/gconv-modules.cache>, 0) = 0x7f771e6f6000
27452<sed> 22:19:15 close(3</usr/lib64/gconv/gconv-modules.cache>) = 0
27452<sed> 22:19:15 futex(0x7f771e6a26ec, FUTEX_WAKE_PRIVATE, 2147483647) = 0
27452<sed> 22:19:15 fstat(0<pipe:[147774]>, {st_mode=S_IFIFO|0600, st_size=0, ...}) = 0
27452<sed> 22:19:15 read(0<pipe:[147774]>, "/home/catastor\n", 4096) = 15
27452<sed> 22:19:15 fstat(1<pipe:[147772]>, {st_mode=S_IFIFO|0600, st_size=0, ...}) = 0
27452<sed> 22:19:15 read(0<pipe:[147774]>, "", 4096) = 0
27452<sed> 22:19:15 write(1<pipe:[147772]>, "/home/catastor\n", 15) = 15
27408<bash> 22:19:15 <... read resumed>, "/home/catastor\n", 4096) = 15
27452<sed> 22:19:15 close(1<pipe:[147772]>) = 0
27408<bash> 22:19:15 read(3<pipe:[147772]> <unfinished ...>
27452<sed> 22:19:15 exit_group(0)       = ?
27452<sed> 22:19:15 +++ exited with 0 +++
27450<bash> 22:19:15 <... wait4 resumed>, [{WIFEXITED(s) && WEXITSTATUS(s) == 0}], 0, NULL) = 27452
27450<bash> 22:19:15 rt_sigaction(SIGINT, {sa_handler=0x55e6ca0352c0, sa_mask=[], sa_flags=SA_RESTORER, sa_restorer=0x7fa306ca35b0}, {sa_handler=0x55e6ca002d80, sa_mask=[], sa_flags=SA_RESTORER, sa_restorer=0x7fa306ca35b0}, 8) = 0
27450<bash> 22:19:15 rt_sigprocmask(SIG_BLOCK, [CHLD TSTP TTIN TTOU], [CHLD], 8) = 0
27450<bash> 22:19:15 ioctl(255</dev/pts/6<char 136:6>>, TIOCSPGRP, [27408]) = 0
27450<bash> 22:19:15 rt_sigprocmask(SIG_SETMASK, [CHLD], NULL, 8) = 0
27450<bash> 22:19:15 rt_sigprocmask(SIG_SETMASK, [CHLD], NULL, 8) = 0
27450<bash> 22:19:15 close(3)           = -1 EBADF (Bad file descriptor)
27450<bash> 22:19:15 rt_sigprocmask(SIG_SETMASK, [], NULL, 8) = 0
27450<bash> 22:19:15 --- SIGCHLD {si_signo=SIGCHLD, si_code=CLD_EXITED, si_pid=27451, si_uid=1000, si_status=0, si_utime=0, si_stime=0} ---
27450<bash> 22:19:15 wait4(-1, 0x7ffee29a8494, WNOHANG, NULL) = -1 ECHILD (No child processes)
27450<bash> 22:19:15 rt_sigreturn({mask=[]}) = 0
27450<bash> 22:19:15 exit_group(0)      = ?
27450<bash> 22:19:15 +++ exited with 0 +++
27408<bash> 22:19:15 <... read resumed>, "", 4096) = 0
27408<bash> 22:19:15 --- SIGCHLD {si_signo=SIGCHLD, si_code=CLD_EXITED, si_pid=27450<bash>, si_uid=1000, si_status=0, si_utime=0, si_stime=0} ---
27408<bash> 22:19:15 wait4(-1, [{WIFEXITED(s) && WEXITSTATUS(s) == 0}], WNOHANG|WSTOPPED|WCONTINUED, NULL) = 27450
27408<bash> 22:19:15 wait4(-1, 0x7ffee29a7c54, WNOHANG|WSTOPPED|WCONTINUED, NULL) = -1 ECHILD (No child processes)
27408<bash> 22:19:15 rt_sigreturn({mask=[INT]}) = 0
27408<bash> 22:19:15 close(3<pipe:[147772]>) = 0
27408<bash> 22:19:15 rt_sigprocmask(SIG_SETMASK, [], NULL, 8) = 0
27408<bash> 22:19:15 rt_sigprocmask(SIG_BLOCK, [CHLD], [], 8) = 0
27408<bash> 22:19:15 rt_sigprocmask(SIG_SETMASK, [], NULL, 8) = 0
27408<bash> 22:19:15 rt_sigprocmask(SIG_BLOCK, [CHLD], [], 8) = 0
27408<bash> 22:19:15 rt_sigprocmask(SIG_SETMASK, [], NULL, 8) = 0
27408<bash> 22:19:15 write(1</dev/pts/6<char 136:6>>, "\33]3008;start=8e073a49-0f5e-4dc9-"..., 223) = 223
27407<sshd-session> 22:19:15 <... ppoll resumed>) = 1 ([{fd=14, revents=POLLIN}])
27408<bash> 22:19:15 openat(AT_FDCWD</home/catastor>, "/proc/sys/kernel/random/uuid", O_RDONLY <unfinished ...>
27407<sshd-session> 22:19:15 rt_sigprocmask(SIG_SETMASK, [] <unfinished ...>
27408<bash> 22:19:15 <... openat resumed>) = 3</proc/sys/kernel/random/uuid>
27407<sshd-session> 22:19:15 <... rt_sigprocmask resumed>, NULL, 8) = 0
27408<bash> 22:19:15 fcntl(0</dev/pts/6<char 136:6>>, F_GETFD <unfinished ...>
27407<sshd-session> 22:19:15 read(14</dev/ptmx<char 5:2 @/dev/pts/6>> <unfinished ...>
27408<bash> 22:19:15 <... fcntl resumed>) = 0
27407<sshd-session> 22:19:15 <... read resumed>, "\33]3008;start=8e073a49-0f5e-4dc9-"..., 32768) = 223
27408<bash> 22:19:15 fcntl(0</dev/pts/6<char 136:6>>, F_DUPFD, 10 <unfinished ...>
27407<sshd-session> 22:19:15 rt_sigprocmask(SIG_BLOCK, [CHLD] <unfinished ...>
27408<bash> 22:19:15 <... fcntl resumed>) = 10</dev/pts/6<char 136:6>>
27407<sshd-session> 22:19:15 <... rt_sigprocmask resumed>, [], 8) = 0
27408<bash> 22:19:15 fcntl(0</dev/pts/6<char 136:6>>, F_GETFD <unfinished ...>
27407<sshd-session> 22:19:15 ppoll([{fd=7<TCP:[127.0.0.1:22->127.0.0.1:60704]>, events=POLLIN}, {fd=7<TCP:[127.0.0.1:22->127.0.0.1:60704]>, events=POLLOUT}, {fd=14</dev/ptmx<char 5:2 @/dev/pts/6>>, events=POLLIN}], 3, NULL, [], 8 <unfinished ...>
27408<bash> 22:19:15 <... fcntl resumed>) = 0
27407<sshd-session> 22:19:15 <... ppoll resumed>) = 1 ([{fd=7, revents=POLLOUT}])
27408<bash> 22:19:15 fcntl(10</dev/pts/6<char 136:6>>, F_SETFD, FD_CLOEXEC <unfinished ...>
27407<sshd-session> 22:19:15 rt_sigprocmask(SIG_SETMASK, [] <unfinished ...>
27408<bash> 22:19:15 <... fcntl resumed>) = 0
27407<sshd-session> 22:19:15 <... rt_sigprocmask resumed>, NULL, 8) = 0
27408<bash> 22:19:15 dup2(3</proc/sys/kernel/random/uuid>, 0</dev/pts/6<char 136:6>> <unfinished ...>
27407<sshd-session> 22:19:15 write(7<TCP:[127.0.0.1:22->127.0.0.1:60704]>, "\0\0\0\360L\256\25\224\374\214|\314\362\230!\325u<%\365\214\377r\177\231c\4G\304\25\235\225"..., 260 <unfinished ...>
27408<bash> 22:19:15 <... dup2 resumed>) = 0</proc/sys/kernel/random/uuid>
27408<bash> 22:19:15 close(3</proc/sys/kernel/random/uuid> <unfinished ...>
27407<sshd-session> 22:19:15 <... write resumed>) = 260
27408<bash> 22:19:15 <... close resumed>) = 0
27407<sshd-session> 22:19:15 rt_sigprocmask(SIG_BLOCK, [CHLD] <unfinished ...>
27408<bash> 22:19:15 rt_sigprocmask(SIG_BLOCK, NULL <unfinished ...>
27407<sshd-session> 22:19:15 <... rt_sigprocmask resumed>, [], 8) = 0
27408<bash> 22:19:15 <... rt_sigprocmask resumed>, [], 8) = 0
27407<sshd-session> 22:19:15 ppoll([{fd=7<TCP:[127.0.0.1:22->127.0.0.1:60704]>, events=POLLIN}, {fd=7<TCP:[127.0.0.1:22->127.0.0.1:60704]>, events=0}, {fd=14</dev/ptmx<char 5:2 @/dev/pts/6>>, events=POLLIN}], 3, NULL, [], 8 <unfinished ...>
27408<bash> 22:19:15 rt_sigprocmask(SIG_SETMASK, NULL, [], 8) = 0
27408<bash> 22:19:15 ioctl(0</proc/sys/kernel/random/uuid>, TCGETS2, 0x7ffee29a95f0) = -1 ENOTTY (Inappropriate ioctl for device)
27408<bash> 22:19:15 lseek(0</proc/sys/kernel/random/uuid>, 0, SEEK_CUR) = 0
27408<bash> 22:19:15 read(0</proc/sys/kernel/random/uuid>, "7d20f874-8167-47ea-9b8f-31849036"..., 4096) = 37
27408<bash> 22:19:15 dup2(10</dev/pts/6<char 136:6>>, 0</proc/sys/kernel/random/uuid>) = 0</dev/pts/6<char 136:6>>
27408<bash> 22:19:15 fcntl(10</dev/pts/6<char 136:6>>, F_GETFD) = 0x1 (flags FD_CLOEXEC)
27408<bash> 22:19:15 close(10</dev/pts/6<char 136:6>>) = 0
27408<bash> 22:19:15 ioctl(1</dev/pts/6<char 136:6>>, TCGETS2, {c_iflag=ICRNL|IXON|IUTF8, c_oflag=NL0|CR0|TAB0|BS0|VT0|FF0|OPOST|ONLCR, c_cflag=B38400|CS8|CREAD, c_lflag=ISIG|ICANON|ECHO|ECHOE|ECHOK|IEXTEN|ECHOCTL|ECHOKE, ...}) = 0
27408<bash> 22:19:15 ioctl(1</dev/pts/6<char 136:6>>, TCGETS2, {c_iflag=ICRNL|IXON|IUTF8, c_oflag=NL0|CR0|TAB0|BS0|VT0|FF0|OPOST|ONLCR, c_cflag=B38400|CS8|CREAD, c_lflag=ISIG|ICANON|ECHO|ECHOE|ECHOK|IEXTEN|ECHOCTL|ECHOKE, ...}) = 0
27408<bash> 22:19:15 ioctl(1</dev/pts/6<char 136:6>>, TIOCGWINSZ, {ws_row=39, ws_col=212, ws_xpixel=0, ws_ypixel=0}) = 0
27408<bash> 22:19:15 ioctl(0</dev/pts/6<char 136:6>>, TIOCGWINSZ, {ws_row=39, ws_col=212, ws_xpixel=0, ws_ypixel=0}) = 0
27408<bash> 22:19:15 ioctl(0</dev/pts/6<char 136:6>>, TIOCSWINSZ, {ws_row=39, ws_col=212, ws_xpixel=0, ws_ypixel=0}) = 0
27408<bash> 22:19:15 ioctl(0</dev/pts/6<char 136:6>>, TCGETS2, {c_iflag=ICRNL|IXON|IUTF8, c_oflag=NL0|CR0|TAB0|BS0|VT0|FF0|OPOST|ONLCR, c_cflag=B38400|CS8|CREAD, c_lflag=ISIG|ICANON|ECHO|ECHOE|ECHOK|IEXTEN|ECHOCTL|ECHOKE, ...}) = 0
27408<bash> 22:19:15 openat(AT_FDCWD</home/catastor>, "/home/catastor/.inputrc", O_RDONLY) = -1 ENOENT (No such file or directory)
27408<bash> 22:19:15 openat(AT_FDCWD</home/catastor>, "/etc/inputrc", O_RDONLY) = 3</etc/inputrc>
27408<bash> 22:19:15 fstat(3</etc/inputrc>, {st_mode=S_IFREG|0644, st_size=943, ...}) = 0
27408<bash> 22:19:15 read(3</etc/inputrc>, "# do not bell on tab-completion\n"..., 943) = 943
27408<bash> 22:19:15 close(3</etc/inputrc>) = 0
27408<bash> 22:19:15 brk(0x55e6cc5ef000) = 0x55e6cc5ef000
27408<bash> 22:19:15 rt_sigprocmask(SIG_BLOCK, [CHLD TSTP TTIN TTOU], [], 8) = 0
27408<bash> 22:19:15 ioctl(255</dev/pts/6<char 136:6>>, TIOCSPGRP, [27408]) = 0
27408<bash> 22:19:15 rt_sigprocmask(SIG_SETMASK, [], NULL, 8) = 0
27408<bash> 22:19:15 rt_sigaction(SIGINT, {sa_handler=0x55e6ca034cf0, sa_mask=[], sa_flags=SA_RESTORER, sa_restorer=0x7fa306ca35b0}, {sa_handler=0x55e6ca034cf0, sa_mask=[], sa_flags=SA_RESTORER, sa_restorer=0x7fa306ca35b0}, 8) = 0
27408<bash> 22:19:15 fcntl(0</dev/pts/6<char 136:6>>, F_GETFL) = 0x2 (flags O_RDWR)
27408<bash> 22:19:15 ioctl(0</dev/pts/6<char 136:6>>, TIOCGWINSZ, {ws_row=39, ws_col=212, ws_xpixel=0, ws_ypixel=0}) = 0
27408<bash> 22:19:15 ioctl(0</dev/pts/6<char 136:6>>, TIOCSWINSZ, {ws_row=39, ws_col=212, ws_xpixel=0, ws_ypixel=0}) = 0
27408<bash> 22:19:15 ioctl(0</dev/pts/6<char 136:6>>, TCGETS2, {c_iflag=ICRNL|IXON|IUTF8, c_oflag=NL0|CR0|TAB0|BS0|VT0|FF0|OPOST|ONLCR, c_cflag=B38400|CS8|CREAD, c_lflag=ISIG|ICANON|ECHO|ECHOE|ECHOK|IEXTEN|ECHOCTL|ECHOKE, ...}) = 0
27408<bash> 22:19:15 ioctl(0</dev/pts/6<char 136:6>>, TCSETSW2, {c_iflag=IXON|IUTF8, c_oflag=NL0|CR0|TAB0|BS0|VT0|FF0|OPOST|ONLCR, c_cflag=B38400|CS8|CREAD, c_lflag=ISIG|ECHOE|ECHOK|IEXTEN|ECHOCTL|ECHOKE, ...}) = 0
27408<bash> 22:19:15 fstat(2</dev/pts/6<char 136:6>>, {st_mode=S_IFCHR|0620, st_rdev=makedev(0x88, 0x6), ...}) = 0
27408<bash> 22:19:15 write(2</dev/pts/6<char 136:6>>, "\33[?2004h", 8) = 8
27407<sshd-session> 22:19:15 <... ppoll resumed>) = 1 ([{fd=14, revents=POLLIN}])
27408<bash> 22:19:15 rt_sigprocmask(SIG_BLOCK, [HUP INT QUIT ALRM TERM TSTP TTIN TTOU] <unfinished ...>
27407<sshd-session> 22:19:15 rt_sigprocmask(SIG_SETMASK, [] <unfinished ...>
27408<bash> 22:19:15 <... rt_sigprocmask resumed>, [], 8) = 0
27407<sshd-session> 22:19:15 <... rt_sigprocmask resumed>, NULL, 8) = 0
27408<bash> 22:19:15 rt_sigaction(SIGINT, {sa_handler=0x55e6ca0acd40, sa_mask=[], sa_flags=SA_RESTORER, sa_restorer=0x7fa306ca35b0} <unfinished ...>
27407<sshd-session> 22:19:15 read(14</dev/ptmx<char 5:2 @/dev/pts/6>> <unfinished ...>
27408<bash> 22:19:15 <... rt_sigaction resumed>, {sa_handler=0x55e6ca034cf0, sa_mask=[], sa_flags=SA_RESTORER, sa_restorer=0x7fa306ca35b0}, 8) = 0
27407<sshd-session> 22:19:15 <... read resumed>, "\33[?2004h", 32768) = 8
27408<bash> 22:19:15 rt_sigaction(SIGTERM, {sa_handler=0x55e6ca0acd40, sa_mask=[], sa_flags=SA_RESTORER, sa_restorer=0x7fa306ca35b0} <unfinished ...>
27407<sshd-session> 22:19:15 rt_sigprocmask(SIG_BLOCK, [CHLD] <unfinished ...>
27408<bash> 22:19:15 <... rt_sigaction resumed>, {sa_handler=SIG_IGN, sa_mask=[], sa_flags=SA_RESTORER, sa_restorer=0x7fa306ca35b0}, 8) = 0
27407<sshd-session> 22:19:15 <... rt_sigprocmask resumed>, [], 8) = 0
27408<bash> 22:19:15 rt_sigaction(SIGTERM, {sa_handler=SIG_IGN, sa_mask=[], sa_flags=SA_RESTORER, sa_restorer=0x7fa306ca35b0} <unfinished ...>
27407<sshd-session> 22:19:15 ppoll([{fd=7<TCP:[127.0.0.1:22->127.0.0.1:60704]>, events=POLLIN}, {fd=7<TCP:[127.0.0.1:22->127.0.0.1:60704]>, events=POLLOUT}, {fd=14</dev/ptmx<char 5:2 @/dev/pts/6>>, events=POLLIN}], 3, NULL, [], 8 <unfinished ...>
27408<bash> 22:19:15 <... rt_sigaction resumed>, {sa_handler=0x55e6ca0acd40, sa_mask=[], sa_flags=SA_RESTORER, sa_restorer=0x7fa306ca35b0}, 8) = 0
27407<sshd-session> 22:19:15 <... ppoll resumed>) = 1 ([{fd=7, revents=POLLOUT}])
27408<bash> 22:19:15 rt_sigaction(SIGHUP, {sa_handler=0x55e6ca0acd40, sa_mask=[], sa_flags=SA_RESTORER, sa_restorer=0x7fa306ca35b0} <unfinished ...>
27407<sshd-session> 22:19:15 rt_sigprocmask(SIG_SETMASK, [] <unfinished ...>
27408<bash> 22:19:15 <... rt_sigaction resumed>, {sa_handler=0x55e6ca0352c0, sa_mask=[HUP INT ILL TRAP ABRT BUS FPE USR1 SEGV USR2 PIPE ALRM TERM XCPU XFSZ VTALRM SYS], sa_flags=SA_RESTORER, sa_restorer=0x7fa306ca35b0}, 8) = 0
27407<sshd-session> 22:19:15 <... rt_sigprocmask resumed>, NULL, 8) = 0
27408<bash> 22:19:15 rt_sigaction(SIGQUIT, {sa_handler=0x55e6ca0acd40, sa_mask=[], sa_flags=SA_RESTORER, sa_restorer=0x7fa306ca35b0} <unfinished ...>
27407<sshd-session> 22:19:15 write(7<TCP:[127.0.0.1:22->127.0.0.1:60704]>, "\0\0\0 \330\205\37\0\321,%\311o5\244\207\300sY+ \340\251~J~\262\331\257\226\1\7"..., 52 <unfinished ...>
27408<bash> 22:19:15 <... rt_sigaction resumed>, {sa_handler=SIG_IGN, sa_mask=[], sa_flags=SA_RESTORER, sa_restorer=0x7fa306ca35b0}, 8) = 0
27408<bash> 22:19:15 rt_sigaction(SIGQUIT, {sa_handler=SIG_IGN, sa_mask=[], sa_flags=SA_RESTORER, sa_restorer=0x7fa306ca35b0} <unfinished ...>
27407<sshd-session> 22:19:15 <... write resumed>) = 52
27408<bash> 22:19:15 <... rt_sigaction resumed>, {sa_handler=0x55e6ca0acd40, sa_mask=[], sa_flags=SA_RESTORER, sa_restorer=0x7fa306ca35b0}, 8) = 0
27407<sshd-session> 22:19:15 rt_sigprocmask(SIG_BLOCK, [CHLD] <unfinished ...>
27408<bash> 22:19:15 rt_sigaction(SIGALRM, {sa_handler=0x55e6ca0acd40, sa_mask=[], sa_flags=SA_RESTORER, sa_restorer=0x7fa306ca35b0} <unfinished ...>
27407<sshd-session> 22:19:15 <... rt_sigprocmask resumed>, [], 8) = 0
27408<bash> 22:19:15 <... rt_sigaction resumed>, {sa_handler=0x55e6ca0352c0, sa_mask=[HUP INT ILL TRAP ABRT BUS FPE USR1 SEGV USR2 PIPE ALRM TERM XCPU XFSZ VTALRM SYS], sa_flags=SA_RESTORER, sa_restorer=0x7fa306ca35b0}, 8) = 0
27407<sshd-session> 22:19:15 ppoll([{fd=7<TCP:[127.0.0.1:22->127.0.0.1:60704]>, events=POLLIN}, {fd=7<TCP:[127.0.0.1:22->127.0.0.1:60704]>, events=0}, {fd=14</dev/ptmx<char 5:2 @/dev/pts/6>>, events=POLLIN}], 3, NULL, [], 8 <unfinished ...>
27408<bash> 22:19:15 rt_sigaction(SIGTSTP, {sa_handler=0x55e6ca0acd40, sa_mask=[], sa_flags=SA_RESTORER, sa_restorer=0x7fa306ca35b0}, {sa_handler=SIG_IGN, sa_mask=[], sa_flags=SA_RESTORER, sa_restorer=0x7fa306ca35b0}, 8) = 0
27408<bash> 22:19:15 rt_sigaction(SIGTSTP, {sa_handler=SIG_IGN, sa_mask=[], sa_flags=SA_RESTORER, sa_restorer=0x7fa306ca35b0}, {sa_handler=0x55e6ca0acd40, sa_mask=[], sa_flags=SA_RESTORER, sa_restorer=0x7fa306ca35b0}, 8) = 0
27408<bash> 22:19:15 rt_sigaction(SIGTTOU, {sa_handler=0x55e6ca0acd40, sa_mask=[], sa_flags=SA_RESTORER, sa_restorer=0x7fa306ca35b0}, {sa_handler=SIG_IGN, sa_mask=[], sa_flags=SA_RESTORER, sa_restorer=0x7fa306ca35b0}, 8) = 0
27408<bash> 22:19:15 rt_sigaction(SIGTTOU, {sa_handler=SIG_IGN, sa_mask=[], sa_flags=SA_RESTORER, sa_restorer=0x7fa306ca35b0}, {sa_handler=0x55e6ca0acd40, sa_mask=[], sa_flags=SA_RESTORER, sa_restorer=0x7fa306ca35b0}, 8) = 0
27408<bash> 22:19:15 rt_sigaction(SIGTTIN, {sa_handler=0x55e6ca0acd40, sa_mask=[], sa_flags=SA_RESTORER, sa_restorer=0x7fa306ca35b0}, {sa_handler=SIG_IGN, sa_mask=[], sa_flags=SA_RESTORER, sa_restorer=0x7fa306ca35b0}, 8) = 0
27408<bash> 22:19:15 rt_sigaction(SIGTTIN, {sa_handler=SIG_IGN, sa_mask=[], sa_flags=SA_RESTORER, sa_restorer=0x7fa306ca35b0}, {sa_handler=0x55e6ca0acd40, sa_mask=[], sa_flags=SA_RESTORER, sa_restorer=0x7fa306ca35b0}, 8) = 0
27408<bash> 22:19:15 rt_sigprocmask(SIG_SETMASK, [], NULL, 8) = 0
27408<bash> 22:19:15 rt_sigaction(SIGWINCH, {sa_handler=0x55e6ca0acd50, sa_mask=[], sa_flags=SA_RESTORER|SA_RESTART, sa_restorer=0x7fa306ca35b0}, {sa_handler=0x55e6ca02ffd0, sa_mask=[], sa_flags=SA_RESTORER|SA_RESTART, sa_restorer=0x7fa306ca35b0}, 8) = 0
27408<bash> 22:19:15 write(2</dev/pts/6<char 136:6>>, "\33[0m\33[32mcatastor@fedora\33[0m:\33[3"..., 41) = 41
27407<sshd-session> 22:19:15 <... ppoll resumed>) = 1 ([{fd=14, revents=POLLIN}])
27408<bash> 22:19:15 pselect6(1, [0</dev/pts/6<char 136:6>>], NULL, NULL, NULL, {sigmask=[], sigsetsize=8} <unfinished ...>
27407<sshd-session> 22:19:15 rt_sigprocmask(SIG_SETMASK, [], NULL, 8) = 0
27407<sshd-session> 22:19:15 read(14</dev/ptmx<char 5:2 @/dev/pts/6>>, "\33[0m\33[32mcatastor@fedora\33[0m:\33[3"..., 32768) = 41
27407<sshd-session> 22:19:15 rt_sigprocmask(SIG_BLOCK, [CHLD], [], 8) = 0
27407<sshd-session> 22:19:15 ppoll([{fd=7<TCP:[127.0.0.1:22->127.0.0.1:60704]>, events=POLLIN}, {fd=7<TCP:[127.0.0.1:22->127.0.0.1:60704]>, events=POLLOUT}, {fd=14</dev/ptmx<char 5:2 @/dev/pts/6>>, events=POLLIN}], 3, NULL, [], 8) = 1 ([{fd=7, revents=POLLOUT}])
27407<sshd-session> 22:19:15 rt_sigprocmask(SIG_SETMASK, [], NULL, 8) = 0
27407<sshd-session> 22:19:15 write(7<TCP:[127.0.0.1:22->127.0.0.1:60704]>, "\0\0\0@T\202F\237y\35\32\210Y\t\3254E\3374\255bQ25\316v\314\203?\264Lv"..., 84) = 84
27407<sshd-session> 22:19:15 rt_sigprocmask(SIG_BLOCK, [CHLD], [], 8) = 0
27407<sshd-session> 22:19:15 ppoll([{fd=7<TCP:[127.0.0.1:22->127.0.0.1:60704]>, events=POLLIN}, {fd=7<TCP:[127.0.0.1:22->127.0.0.1:60704]>, events=0}, {fd=14</dev/ptmx<char 5:2 @/dev/pts/6>>, events=POLLIN}], 3, NULL, [], 8) = 1 ([{fd=7, revents=POLLIN}])
27407<sshd-session> 22:19:17 rt_sigprocmask(SIG_SETMASK, [], NULL, 8) = 0
27407<sshd-session> 22:19:17 read(7<TCP:[127.0.0.1:22->127.0.0.1:60704]>, "\0\0\0\20\232S\320GBVe\342E\264`\262|\3439K\340Vr\6\267\367\20\266\317\334T\""..., 262144) = 36
27407<sshd-session> 22:19:17 rt_sigprocmask(SIG_BLOCK, [CHLD], [], 8) = 0
27407<sshd-session> 22:19:17 ppoll([{fd=7<TCP:[127.0.0.1:22->127.0.0.1:60704]>, events=POLLIN}, {fd=7<TCP:[127.0.0.1:22->127.0.0.1:60704]>, events=0}, {fd=14</dev/ptmx<char 5:2 @/dev/pts/6>>, events=POLLIN}, {fd=10</dev/ptmx<char 5:2 @/dev/pts/6>>, events=POLLOUT}], 4, NULL, [], 8) = 1 ([{fd=10, revents=POLLOUT}])
27407<sshd-session> 22:19:17 rt_sigprocmask(SIG_SETMASK, [], NULL, 8) = 0
27407<sshd-session> 22:19:17 write(10</dev/ptmx<char 5:2 @/dev/pts/6>>, "w", 1) = 1
27408<bash> 22:19:17 <... pselect6 resumed>) = 1 (in [0])
27407<sshd-session> 22:19:17 ioctl(10</dev/ptmx<char 5:2 @/dev/pts/6>>, TCGETS2 <unfinished ...>
27408<bash> 22:19:17 read(0</dev/pts/6<char 136:6>> <unfinished ...>
27407<sshd-session> 22:19:17 <... ioctl resumed>, {c_iflag=IXON|IUTF8, c_oflag=NL0|CR0|TAB0|BS0|VT0|FF0|OPOST|ONLCR, c_cflag=B38400|CS8|CREAD, c_lflag=ISIG|ECHOE|ECHOK|IEXTEN|ECHOCTL|ECHOKE, ...}) = 0
27408<bash> 22:19:17 <... read resumed>, "w", 1) = 1
27407<sshd-session> 22:19:17 rt_sigprocmask(SIG_BLOCK, [CHLD] <unfinished ...>
27408<bash> 22:19:17 pselect6(1, [0</dev/pts/6<char 136:6>>], NULL, [0</dev/pts/6<char 136:6>>], {tv_sec=0, tv_nsec=0}, {sigmask=NULL, sigsetsize=8} <unfinished ...>
27407<sshd-session> 22:19:17 <... rt_sigprocmask resumed>, [], 8) = 0
27408<bash> 22:19:17 <... pselect6 resumed>) = 0 (Timeout)
27407<sshd-session> 22:19:17 ppoll([{fd=7<TCP:[127.0.0.1:22->127.0.0.1:60704]>, events=POLLIN}, {fd=7<TCP:[127.0.0.1:22->127.0.0.1:60704]>, events=0}, {fd=14</dev/ptmx<char 5:2 @/dev/pts/6>>, events=POLLIN}], 3, NULL, [], 8 <unfinished ...>
27408<bash> 22:19:17 write(2</dev/pts/6<char 136:6>>, "w", 1) = 1
27407<sshd-session> 22:19:17 <... ppoll resumed>) = 1 ([{fd=14, revents=POLLIN}])
27408<bash> 22:19:17 pselect6(1, [0</dev/pts/6<char 136:6>>], NULL, NULL, NULL, {sigmask=[], sigsetsize=8} <unfinished ...>
27407<sshd-session> 22:19:17 rt_sigprocmask(SIG_SETMASK, [], NULL, 8) = 0
27407<sshd-session> 22:19:17 read(14</dev/ptmx<char 5:2 @/dev/pts/6>>, "w", 32768) = 1
27407<sshd-session> 22:19:17 rt_sigprocmask(SIG_BLOCK, [CHLD], [], 8) = 0
27407<sshd-session> 22:19:17 ppoll([{fd=7<TCP:[127.0.0.1:22->127.0.0.1:60704]>, events=POLLIN}, {fd=7<TCP:[127.0.0.1:22->127.0.0.1:60704]>, events=POLLOUT}, {fd=14</dev/ptmx<char 5:2 @/dev/pts/6>>, events=POLLIN}], 3, NULL, [], 8) = 1 ([{fd=7, revents=POLLOUT}])
27407<sshd-session> 22:19:17 rt_sigprocmask(SIG_SETMASK, [], NULL, 8) = 0
27407<sshd-session> 22:19:17 write(7<TCP:[127.0.0.1:22->127.0.0.1:60704]>, "\0\0\0\20\205%,E-?\177^\271\23\243\246\275\273,[R\277w\342\270 \"\353*\375c/"..., 36) = 36
27407<sshd-session> 22:19:17 rt_sigprocmask(SIG_BLOCK, [CHLD], [], 8) = 0
27407<sshd-session> 22:19:17 ppoll([{fd=7<TCP:[127.0.0.1:22->127.0.0.1:60704]>, events=POLLIN}, {fd=7<TCP:[127.0.0.1:22->127.0.0.1:60704]>, events=0}, {fd=14</dev/ptmx<char 5:2 @/dev/pts/6>>, events=POLLIN}], 3, NULL, [], 8) = 1 ([{fd=7, revents=POLLIN}])
27407<sshd-session> 22:19:17 rt_sigprocmask(SIG_SETMASK, [], NULL, 8) = 0
27407<sshd-session> 22:19:17 read(7<TCP:[127.0.0.1:22->127.0.0.1:60704]>, "\0\0\0\20\206\2708\27f)\343\fs\322\355H\331\264\2*\21\228A\33\260\302\344;\r\234S"..., 262144) = 36
27407<sshd-session> 22:19:17 rt_sigprocmask(SIG_BLOCK, [CHLD], [], 8) = 0
27407<sshd-session> 22:19:17 ppoll([{fd=7<TCP:[127.0.0.1:22->127.0.0.1:60704]>, events=POLLIN}, {fd=7<TCP:[127.0.0.1:22->127.0.0.1:60704]>, events=POLLOUT}, {fd=14</dev/ptmx<char 5:2 @/dev/pts/6>>, events=POLLIN}], 3, NULL, [], 8) = 1 ([{fd=7, revents=POLLOUT}])
27407<sshd-session> 22:19:17 rt_sigprocmask(SIG_SETMASK, [], NULL, 8) = 0
27407<sshd-session> 22:19:17 write(7<TCP:[127.0.0.1:22->127.0.0.1:60704]>, "\0\0\0\20g\353Z\"\25\216\314\345\252\303\202.\263Kx\232\362kPmx\322\372&0\231\263\254"..., 36) = 36
27407<sshd-session> 22:19:17 rt_sigprocmask(SIG_BLOCK, [CHLD], [], 8) = 0
27407<sshd-session> 22:19:17 ppoll([{fd=7<TCP:[127.0.0.1:22->127.0.0.1:60704]>, events=POLLIN}, {fd=7<TCP:[127.0.0.1:22->127.0.0.1:60704]>, events=0}, {fd=14</dev/ptmx<char 5:2 @/dev/pts/6>>, events=POLLIN}], 3, NULL, [], 8) = 1 ([{fd=7, revents=POLLIN}])
27407<sshd-session> 22:19:18 rt_sigprocmask(SIG_SETMASK, [], NULL, 8) = 0
27407<sshd-session> 22:19:18 read(7<TCP:[127.0.0.1:22->127.0.0.1:60704]>, "\0\0\0\20+s\305\255\365\363R\344\356C(\316b\262V\231d\366F\224\311\216\0\334\217\224HJ"..., 262144) = 72
27407<sshd-session> 22:19:18 rt_sigprocmask(SIG_BLOCK, [CHLD], [], 8) = 0
27407<sshd-session> 22:19:18 ppoll([{fd=7<TCP:[127.0.0.1:22->127.0.0.1:60704]>, events=POLLIN}, {fd=7<TCP:[127.0.0.1:22->127.0.0.1:60704]>, events=0}, {fd=14</dev/ptmx<char 5:2 @/dev/pts/6>>, events=POLLIN}, {fd=10</dev/ptmx<char 5:2 @/dev/pts/6>>, events=POLLOUT}], 4, NULL, [], 8) = 1 ([{fd=10, revents=POLLOUT}])
27407<sshd-session> 22:19:18 rt_sigprocmask(SIG_SETMASK, [], NULL, 8) = 0
27407<sshd-session> 22:19:18 write(10</dev/ptmx<char 5:2 @/dev/pts/6>>, "ho", 2) = 2
27408<bash> 22:19:18 <... pselect6 resumed>) = 1 (in [0])
27407<sshd-session> 22:19:18 ioctl(10</dev/ptmx<char 5:2 @/dev/pts/6>>, TCGETS2 <unfinished ...>
27408<bash> 22:19:18 read(0</dev/pts/6<char 136:6>> <unfinished ...>
27407<sshd-session> 22:19:18 <... ioctl resumed>, {c_iflag=IXON|IUTF8, c_oflag=NL0|CR0|TAB0|BS0|VT0|FF0|OPOST|ONLCR, c_cflag=B38400|CS8|CREAD, c_lflag=ISIG|ECHOE|ECHOK|IEXTEN|ECHOCTL|ECHOKE, ...}) = 0
27408<bash> 22:19:18 <... read resumed>, "h", 1) = 1
27407<sshd-session> 22:19:18 rt_sigprocmask(SIG_BLOCK, [CHLD] <unfinished ...>
27408<bash> 22:19:18 pselect6(1, [0</dev/pts/6<char 136:6>>], NULL, [0</dev/pts/6<char 136:6>>], {tv_sec=0, tv_nsec=0}, {sigmask=NULL, sigsetsize=8} <unfinished ...>
27407<sshd-session> 22:19:18 <... rt_sigprocmask resumed>, [], 8) = 0
27408<bash> 22:19:18 <... pselect6 resumed>) = 1 (in [0], left {tv_sec=0, tv_nsec=0})
27407<sshd-session> 22:19:18 ppoll([{fd=7<TCP:[127.0.0.1:22->127.0.0.1:60704]>, events=POLLIN}, {fd=7<TCP:[127.0.0.1:22->127.0.0.1:60704]>, events=0}, {fd=14</dev/ptmx<char 5:2 @/dev/pts/6>>, events=POLLIN}], 3, NULL, [], 8 <unfinished ...>
27408<bash> 22:19:18 pselect6(1, [0</dev/pts/6<char 136:6>>], NULL, NULL, NULL, {sigmask=[], sigsetsize=8}) = 1 (in [0])
27408<bash> 22:19:18 read(0</dev/pts/6<char 136:6>>, "o", 1) = 1
27408<bash> 22:19:18 pselect6(1, [0</dev/pts/6<char 136:6>>], NULL, [0</dev/pts/6<char 136:6>>], {tv_sec=0, tv_nsec=0}, {sigmask=NULL, sigsetsize=8}) = 0 (Timeout)
27408<bash> 22:19:18 write(2</dev/pts/6<char 136:6>>, "ho", 2) = 2
27407<sshd-session> 22:19:18 <... ppoll resumed>) = 1 ([{fd=14, revents=POLLIN}])
27408<bash> 22:19:18 pselect6(1, [0</dev/pts/6<char 136:6>>], NULL, NULL, NULL, {sigmask=[], sigsetsize=8} <unfinished ...>
27407<sshd-session> 22:19:18 rt_sigprocmask(SIG_SETMASK, [], NULL, 8) = 0
27407<sshd-session> 22:19:18 read(14</dev/ptmx<char 5:2 @/dev/pts/6>>, "ho", 32768) = 2
27407<sshd-session> 22:19:18 rt_sigprocmask(SIG_BLOCK, [CHLD], [], 8) = 0
27407<sshd-session> 22:19:18 ppoll([{fd=7<TCP:[127.0.0.1:22->127.0.0.1:60704]>, events=POLLIN}, {fd=7<TCP:[127.0.0.1:22->127.0.0.1:60704]>, events=POLLOUT}, {fd=14</dev/ptmx<char 5:2 @/dev/pts/6>>, events=POLLIN}], 3, NULL, [], 8) = 1 ([{fd=7, revents=POLLOUT}])
27407<sshd-session> 22:19:18 rt_sigprocmask(SIG_SETMASK, [], NULL, 8) = 0
27407<sshd-session> 22:19:18 write(7<TCP:[127.0.0.1:22->127.0.0.1:60704]>, "\0\0\0\20\357\365Ca\355\227\302Z\f\3775\177\205R7l\314\247\23\10\316\35\274\355\253\264]:"..., 36) = 36
27407<sshd-session> 22:19:18 rt_sigprocmask(SIG_BLOCK, [CHLD], [], 8) = 0
27407<sshd-session> 22:19:18 ppoll([{fd=7<TCP:[127.0.0.1:22->127.0.0.1:60704]>, events=POLLIN}, {fd=7<TCP:[127.0.0.1:22->127.0.0.1:60704]>, events=0}, {fd=14</dev/ptmx<char 5:2 @/dev/pts/6>>, events=POLLIN}], 3, NULL, [], 8) = 1 ([{fd=7, revents=POLLIN}])
27407<sshd-session> 22:19:18 rt_sigprocmask(SIG_SETMASK, [], NULL, 8) = 0
27407<sshd-session> 22:19:18 read(7<TCP:[127.0.0.1:22->127.0.0.1:60704]>, "\0\0\0\20\305\237 \255n\274sr9\304lB\351\r\315\244\263\377\2129\257\301L\235\237k\354\5"..., 262144) = 36
27407<sshd-session> 22:19:18 rt_sigprocmask(SIG_BLOCK, [CHLD], [], 8) = 0
27407<sshd-session> 22:19:18 ppoll([{fd=7<TCP:[127.0.0.1:22->127.0.0.1:60704]>, events=POLLIN}, {fd=7<TCP:[127.0.0.1:22->127.0.0.1:60704]>, events=POLLOUT}, {fd=14</dev/ptmx<char 5:2 @/dev/pts/6>>, events=POLLIN}], 3, NULL, [], 8) = 1 ([{fd=7, revents=POLLOUT}])
27407<sshd-session> 22:19:18 rt_sigprocmask(SIG_SETMASK, [], NULL, 8) = 0
27407<sshd-session> 22:19:18 write(7<TCP:[127.0.0.1:22->127.0.0.1:60704]>, "\0\0\0\20\305\276\264\305\207.\322\3258G\333gd\211ynV\304\366\246\35m\t7\227h\275\325"..., 36) = 36
27407<sshd-session> 22:19:18 rt_sigprocmask(SIG_BLOCK, [CHLD], [], 8) = 0
27407<sshd-session> 22:19:18 ppoll([{fd=7<TCP:[127.0.0.1:22->127.0.0.1:60704]>, events=POLLIN}, {fd=7<TCP:[127.0.0.1:22->127.0.0.1:60704]>, events=0}, {fd=14</dev/ptmx<char 5:2 @/dev/pts/6>>, events=POLLIN}], 3, NULL, [], 8) = 1 ([{fd=7, revents=POLLIN}])
27407<sshd-session> 22:19:18 rt_sigprocmask(SIG_SETMASK, [], NULL, 8) = 0
27407<sshd-session> 22:19:18 read(7<TCP:[127.0.0.1:22->127.0.0.1:60704]>, "\0\0\0\20\301 v]\321\323L\372\266w\330\3513IG\23o\276_{\243$?\255\336}\245\267"..., 262144) = 36
27407<sshd-session> 22:19:18 rt_sigprocmask(SIG_BLOCK, [CHLD], [], 8) = 0
27407<sshd-session> 22:19:18 ppoll([{fd=7<TCP:[127.0.0.1:22->127.0.0.1:60704]>, events=POLLIN}, {fd=7<TCP:[127.0.0.1:22->127.0.0.1:60704]>, events=0}, {fd=14</dev/ptmx<char 5:2 @/dev/pts/6>>, events=POLLIN}, {fd=10</dev/ptmx<char 5:2 @/dev/pts/6>>, events=POLLOUT}], 4, NULL, [], 8) = 1 ([{fd=10, revents=POLLOUT}])
27407<sshd-session> 22:19:18 rt_sigprocmask(SIG_SETMASK, [], NULL, 8) = 0
27407<sshd-session> 22:19:18 write(10</dev/ptmx<char 5:2 @/dev/pts/6>>, "a", 1) = 1
27408<bash> 22:19:18 <... pselect6 resumed>) = 1 (in [0])
27407<sshd-session> 22:19:18 ioctl(10</dev/ptmx<char 5:2 @/dev/pts/6>>, TCGETS2 <unfinished ...>
27408<bash> 22:19:18 read(0</dev/pts/6<char 136:6>> <unfinished ...>
27407<sshd-session> 22:19:18 <... ioctl resumed>, {c_iflag=IXON|IUTF8, c_oflag=NL0|CR0|TAB0|BS0|VT0|FF0|OPOST|ONLCR, c_cflag=B38400|CS8|CREAD, c_lflag=ISIG|ECHOE|ECHOK|IEXTEN|ECHOCTL|ECHOKE, ...}) = 0
27408<bash> 22:19:18 <... read resumed>, "a", 1) = 1
27407<sshd-session> 22:19:18 rt_sigprocmask(SIG_BLOCK, [CHLD] <unfinished ...>
27408<bash> 22:19:18 pselect6(1, [0</dev/pts/6<char 136:6>>], NULL, [0</dev/pts/6<char 136:6>>], {tv_sec=0, tv_nsec=0}, {sigmask=NULL, sigsetsize=8} <unfinished ...>
27407<sshd-session> 22:19:18 <... rt_sigprocmask resumed>, [], 8) = 0
27408<bash> 22:19:18 <... pselect6 resumed>) = 0 (Timeout)
27407<sshd-session> 22:19:18 ppoll([{fd=7<TCP:[127.0.0.1:22->127.0.0.1:60704]>, events=POLLIN}, {fd=7<TCP:[127.0.0.1:22->127.0.0.1:60704]>, events=0}, {fd=14</dev/ptmx<char 5:2 @/dev/pts/6>>, events=POLLIN}], 3, NULL, [], 8 <unfinished ...>
27408<bash> 22:19:18 write(2</dev/pts/6<char 136:6>>, "a", 1) = 1
27407<sshd-session> 22:19:18 <... ppoll resumed>) = 1 ([{fd=14, revents=POLLIN}])
27408<bash> 22:19:18 pselect6(1, [0</dev/pts/6<char 136:6>>], NULL, NULL, NULL, {sigmask=[], sigsetsize=8} <unfinished ...>
27407<sshd-session> 22:19:18 rt_sigprocmask(SIG_SETMASK, [], NULL, 8) = 0
27407<sshd-session> 22:19:18 read(14</dev/ptmx<char 5:2 @/dev/pts/6>>, "a", 32768) = 1
27407<sshd-session> 22:19:18 rt_sigprocmask(SIG_BLOCK, [CHLD], [], 8) = 0
27407<sshd-session> 22:19:18 ppoll([{fd=7<TCP:[127.0.0.1:22->127.0.0.1:60704]>, events=POLLIN}, {fd=7<TCP:[127.0.0.1:22->127.0.0.1:60704]>, events=POLLOUT}, {fd=14</dev/ptmx<char 5:2 @/dev/pts/6>>, events=POLLIN}], 3, NULL, [], 8) = 1 ([{fd=7, revents=POLLOUT}])
27407<sshd-session> 22:19:18 rt_sigprocmask(SIG_SETMASK, [], NULL, 8) = 0
27407<sshd-session> 22:19:18 write(7<TCP:[127.0.0.1:22->127.0.0.1:60704]>, "\0\0\0\20\"\315\246\273Qy+\367h\217+Uc\351\237\307\34AVT\"Z:\177\17\374uR"..., 36) = 36
27407<sshd-session> 22:19:18 rt_sigprocmask(SIG_BLOCK, [CHLD], [], 8) = 0
27407<sshd-session> 22:19:18 ppoll([{fd=7<TCP:[127.0.0.1:22->127.0.0.1:60704]>, events=POLLIN}, {fd=7<TCP:[127.0.0.1:22->127.0.0.1:60704]>, events=0}, {fd=14</dev/ptmx<char 5:2 @/dev/pts/6>>, events=POLLIN}], 3, NULL, [], 8) = 1 ([{fd=7, revents=POLLIN}])
27407<sshd-session> 22:19:18 rt_sigprocmask(SIG_SETMASK, [], NULL, 8) = 0
27407<sshd-session> 22:19:18 read(7<TCP:[127.0.0.1:22->127.0.0.1:60704]>, "\0\0\0\20\326Q\302\211\31584m\313\325\323i\3016Y\326^\f\332\30\2\346P\33:|\373\303"..., 262144) = 36
27407<sshd-session> 22:19:18 rt_sigprocmask(SIG_BLOCK, [CHLD], [], 8) = 0
27407<sshd-session> 22:19:18 ppoll([{fd=7<TCP:[127.0.0.1:22->127.0.0.1:60704]>, events=POLLIN}, {fd=7<TCP:[127.0.0.1:22->127.0.0.1:60704]>, events=POLLOUT}, {fd=14</dev/ptmx<char 5:2 @/dev/pts/6>>, events=POLLIN}], 3, NULL, [], 8) = 1 ([{fd=7, revents=POLLOUT}])
27407<sshd-session> 22:19:18 rt_sigprocmask(SIG_SETMASK, [], NULL, 8) = 0
27407<sshd-session> 22:19:18 write(7<TCP:[127.0.0.1:22->127.0.0.1:60704]>, "\0\0\0\20,\263\277\310`\267x\370[\3j\306!\313\362\345\357J\36\nUN\206+7\375\\\355"..., 36) = 36
27407<sshd-session> 22:19:18 rt_sigprocmask(SIG_BLOCK, [CHLD], [], 8) = 0
27407<sshd-session> 22:19:18 ppoll([{fd=7<TCP:[127.0.0.1:22->127.0.0.1:60704]>, events=POLLIN}, {fd=7<TCP:[127.0.0.1:22->127.0.0.1:60704]>, events=0}, {fd=14</dev/ptmx<char 5:2 @/dev/pts/6>>, events=POLLIN}], 3, NULL, [], 8) = 1 ([{fd=7, revents=POLLIN}])
27407<sshd-session> 22:19:18 rt_sigprocmask(SIG_SETMASK, [], NULL, 8) = 0
27407<sshd-session> 22:19:18 read(7<TCP:[127.0.0.1:22->127.0.0.1:60704]>, "\0\0\0\20rx@\222\262s5\371\312\212\213lF\301&\10N\362\7\236^\342qf\3\324<\235"..., 262144) = 36
27407<sshd-session> 22:19:18 rt_sigprocmask(SIG_BLOCK, [CHLD], [], 8) = 0
27407<sshd-session> 22:19:18 ppoll([{fd=7<TCP:[127.0.0.1:22->127.0.0.1:60704]>, events=POLLIN}, {fd=7<TCP:[127.0.0.1:22->127.0.0.1:60704]>, events=0}, {fd=14</dev/ptmx<char 5:2 @/dev/pts/6>>, events=POLLIN}, {fd=10</dev/ptmx<char 5:2 @/dev/pts/6>>, events=POLLOUT}], 4, NULL, [], 8) = 1 ([{fd=10, revents=POLLOUT}])
27407<sshd-session> 22:19:18 rt_sigprocmask(SIG_SETMASK, [], NULL, 8) = 0
27407<sshd-session> 22:19:18 write(10</dev/ptmx<char 5:2 @/dev/pts/6>>, "m", 1) = 1
27408<bash> 22:19:18 <... pselect6 resumed>) = 1 (in [0])
27407<sshd-session> 22:19:18 ioctl(10</dev/ptmx<char 5:2 @/dev/pts/6>>, TCGETS2 <unfinished ...>
27408<bash> 22:19:18 read(0</dev/pts/6<char 136:6>> <unfinished ...>
27407<sshd-session> 22:19:18 <... ioctl resumed>, {c_iflag=IXON|IUTF8, c_oflag=NL0|CR0|TAB0|BS0|VT0|FF0|OPOST|ONLCR, c_cflag=B38400|CS8|CREAD, c_lflag=ISIG|ECHOE|ECHOK|IEXTEN|ECHOCTL|ECHOKE, ...}) = 0
27408<bash> 22:19:18 <... read resumed>, "m", 1) = 1
27407<sshd-session> 22:19:18 rt_sigprocmask(SIG_BLOCK, [CHLD] <unfinished ...>
27408<bash> 22:19:18 pselect6(1, [0</dev/pts/6<char 136:6>>], NULL, [0</dev/pts/6<char 136:6>>], {tv_sec=0, tv_nsec=0}, {sigmask=NULL, sigsetsize=8} <unfinished ...>
27407<sshd-session> 22:19:18 <... rt_sigprocmask resumed>, [], 8) = 0
27408<bash> 22:19:18 <... pselect6 resumed>) = 0 (Timeout)
27407<sshd-session> 22:19:18 ppoll([{fd=7<TCP:[127.0.0.1:22->127.0.0.1:60704]>, events=POLLIN}, {fd=7<TCP:[127.0.0.1:22->127.0.0.1:60704]>, events=0}, {fd=14</dev/ptmx<char 5:2 @/dev/pts/6>>, events=POLLIN}], 3, NULL, [], 8 <unfinished ...>
27408<bash> 22:19:18 write(2</dev/pts/6<char 136:6>>, "m", 1) = 1
27407<sshd-session> 22:19:18 <... ppoll resumed>) = 1 ([{fd=14, revents=POLLIN}])
27408<bash> 22:19:18 pselect6(1, [0</dev/pts/6<char 136:6>>], NULL, NULL, NULL, {sigmask=[], sigsetsize=8} <unfinished ...>
27407<sshd-session> 22:19:18 rt_sigprocmask(SIG_SETMASK, [], NULL, 8) = 0
27407<sshd-session> 22:19:18 read(14</dev/ptmx<char 5:2 @/dev/pts/6>>, "m", 32768) = 1
27407<sshd-session> 22:19:18 rt_sigprocmask(SIG_BLOCK, [CHLD], [], 8) = 0
27407<sshd-session> 22:19:18 ppoll([{fd=7<TCP:[127.0.0.1:22->127.0.0.1:60704]>, events=POLLIN}, {fd=7<TCP:[127.0.0.1:22->127.0.0.1:60704]>, events=POLLOUT}, {fd=14</dev/ptmx<char 5:2 @/dev/pts/6>>, events=POLLIN}], 3, NULL, [], 8) = 1 ([{fd=7, revents=POLLOUT}])
27407<sshd-session> 22:19:18 rt_sigprocmask(SIG_SETMASK, [], NULL, 8) = 0
27407<sshd-session> 22:19:18 write(7<TCP:[127.0.0.1:22->127.0.0.1:60704]>, "\0\0\0\20\23\210\344\243\224\222\33x:\216<\346\331\3125\0\211\253\350\226\307C\211\341\313\35\267\35"..., 36) = 36
27407<sshd-session> 22:19:18 rt_sigprocmask(SIG_BLOCK, [CHLD], [], 8) = 0
27407<sshd-session> 22:19:18 ppoll([{fd=7<TCP:[127.0.0.1:22->127.0.0.1:60704]>, events=POLLIN}, {fd=7<TCP:[127.0.0.1:22->127.0.0.1:60704]>, events=0}, {fd=14</dev/ptmx<char 5:2 @/dev/pts/6>>, events=POLLIN}], 3, NULL, [], 8) = 1 ([{fd=7, revents=POLLIN}])
27407<sshd-session> 22:19:18 rt_sigprocmask(SIG_SETMASK, [], NULL, 8) = 0
27407<sshd-session> 22:19:18 read(7<TCP:[127.0.0.1:22->127.0.0.1:60704]>, "\0\0\0\20p\6\251Y\350m\222\311\223\332\2725J8\255{\240\231y\253\26\245z\342`\371s<"..., 262144) = 36
27407<sshd-session> 22:19:18 rt_sigprocmask(SIG_BLOCK, [CHLD], [], 8) = 0
27407<sshd-session> 22:19:18 ppoll([{fd=7<TCP:[127.0.0.1:22->127.0.0.1:60704]>, events=POLLIN}, {fd=7<TCP:[127.0.0.1:22->127.0.0.1:60704]>, events=0}, {fd=14</dev/ptmx<char 5:2 @/dev/pts/6>>, events=POLLIN}, {fd=10</dev/ptmx<char 5:2 @/dev/pts/6>>, events=POLLOUT}], 4, NULL, [], 8) = 1 ([{fd=10, revents=POLLOUT}])
27407<sshd-session> 22:19:18 rt_sigprocmask(SIG_SETMASK, [], NULL, 8) = 0
27407<sshd-session> 22:19:18 write(10</dev/ptmx<char 5:2 @/dev/pts/6>>, "i", 1 <unfinished ...>
27408<bash> 22:19:18 <... pselect6 resumed>) = 1 (in [0])
27407<sshd-session> 22:19:18 <... write resumed>) = 1
27408<bash> 22:19:18 read(0</dev/pts/6<char 136:6>> <unfinished ...>
27407<sshd-session> 22:19:18 ioctl(10</dev/ptmx<char 5:2 @/dev/pts/6>>, TCGETS2 <unfinished ...>
27408<bash> 22:19:18 <... read resumed>, "i", 1) = 1
27407<sshd-session> 22:19:18 <... ioctl resumed>, {c_iflag=IXON|IUTF8, c_oflag=NL0|CR0|TAB0|BS0|VT0|FF0|OPOST|ONLCR, c_cflag=B38400|CS8|CREAD, c_lflag=ISIG|ECHOE|ECHOK|IEXTEN|ECHOCTL|ECHOKE, ...}) = 0
27408<bash> 22:19:18 pselect6(1, [0</dev/pts/6<char 136:6>>], NULL, [0</dev/pts/6<char 136:6>>], {tv_sec=0, tv_nsec=0}, {sigmask=NULL, sigsetsize=8} <unfinished ...>
27407<sshd-session> 22:19:18 rt_sigprocmask(SIG_BLOCK, [CHLD] <unfinished ...>
27408<bash> 22:19:18 <... pselect6 resumed>) = 0 (Timeout)
27407<sshd-session> 22:19:18 <... rt_sigprocmask resumed>, [], 8) = 0
27408<bash> 22:19:18 write(2</dev/pts/6<char 136:6>>, "i", 1 <unfinished ...>
27407<sshd-session> 22:19:18 ppoll([{fd=7<TCP:[127.0.0.1:22->127.0.0.1:60704]>, events=POLLIN}, {fd=7<TCP:[127.0.0.1:22->127.0.0.1:60704]>, events=0}, {fd=14</dev/ptmx<char 5:2 @/dev/pts/6>>, events=POLLIN}], 3, NULL, [], 8 <unfinished ...>
27408<bash> 22:19:18 <... write resumed>) = 1
27407<sshd-session> 22:19:18 <... ppoll resumed>) = 1 ([{fd=14, revents=POLLIN}])
27408<bash> 22:19:18 pselect6(1, [0</dev/pts/6<char 136:6>>], NULL, NULL, NULL, {sigmask=[], sigsetsize=8} <unfinished ...>
27407<sshd-session> 22:19:18 rt_sigprocmask(SIG_SETMASK, [], NULL, 8) = 0
27407<sshd-session> 22:19:18 read(14</dev/ptmx<char 5:2 @/dev/pts/6>>, "i", 32768) = 1
27407<sshd-session> 22:19:18 rt_sigprocmask(SIG_BLOCK, [CHLD], [], 8) = 0
27407<sshd-session> 22:19:18 ppoll([{fd=7<TCP:[127.0.0.1:22->127.0.0.1:60704]>, events=POLLIN}, {fd=7<TCP:[127.0.0.1:22->127.0.0.1:60704]>, events=POLLOUT}, {fd=14</dev/ptmx<char 5:2 @/dev/pts/6>>, events=POLLIN}], 3, NULL, [], 8) = 1 ([{fd=7, revents=POLLOUT}])
27407<sshd-session> 22:19:18 rt_sigprocmask(SIG_SETMASK, [], NULL, 8) = 0
27407<sshd-session> 22:19:18 write(7<TCP:[127.0.0.1:22->127.0.0.1:60704]>, "\0\0\0\20[\37\31\356D3&\325\237\5\376\207\312j,m\20J?\222\235\333m/\355I\210\""..., 36) = 36
27407<sshd-session> 22:19:18 rt_sigprocmask(SIG_BLOCK, [CHLD], [], 8) = 0
27407<sshd-session> 22:19:18 ppoll([{fd=7<TCP:[127.0.0.1:22->127.0.0.1:60704]>, events=POLLIN}, {fd=7<TCP:[127.0.0.1:22->127.0.0.1:60704]>, events=0}, {fd=14</dev/ptmx<char 5:2 @/dev/pts/6>>, events=POLLIN}], 3, NULL, [], 8) = 1 ([{fd=7, revents=POLLIN}])
27407<sshd-session> 22:19:18 rt_sigprocmask(SIG_SETMASK, [], NULL, 8) = 0
27407<sshd-session> 22:19:18 read(7<TCP:[127.0.0.1:22->127.0.0.1:60704]>, "\0\0\0\20\321q\3\37531\315\354\303\354Z\36HT(h\355]\226d\22fY\311 \322\254<"..., 262144) = 36
27407<sshd-session> 22:19:18 rt_sigprocmask(SIG_BLOCK, [CHLD], [], 8) = 0
27407<sshd-session> 22:19:18 ppoll([{fd=7<TCP:[127.0.0.1:22->127.0.0.1:60704]>, events=POLLIN}, {fd=7<TCP:[127.0.0.1:22->127.0.0.1:60704]>, events=POLLOUT}, {fd=14</dev/ptmx<char 5:2 @/dev/pts/6>>, events=POLLIN}], 3, NULL, [], 8) = 1 ([{fd=7, revents=POLLOUT}])
27407<sshd-session> 22:19:18 rt_sigprocmask(SIG_SETMASK, [], NULL, 8) = 0
27407<sshd-session> 22:19:18 write(7<TCP:[127.0.0.1:22->127.0.0.1:60704]>, "\0\0\0\20\3J M\223\2406Z\233\305\213\23\227\356\v\320\203\271-\260\360\307=\240:f;\303"..., 36) = 36
27407<sshd-session> 22:19:18 rt_sigprocmask(SIG_BLOCK, [CHLD], [], 8) = 0
27407<sshd-session> 22:19:18 ppoll([{fd=7<TCP:[127.0.0.1:22->127.0.0.1:60704]>, events=POLLIN}, {fd=7<TCP:[127.0.0.1:22->127.0.0.1:60704]>, events=0}, {fd=14</dev/ptmx<char 5:2 @/dev/pts/6>>, events=POLLIN}], 3, NULL, [], 8) = 1 ([{fd=7, revents=POLLIN}])
27407<sshd-session> 22:19:18 rt_sigprocmask(SIG_SETMASK, [], NULL, 8) = 0
27407<sshd-session> 22:19:18 read(7<TCP:[127.0.0.1:22->127.0.0.1:60704]>, "\0\0\0\20\320t\307C\6J\325\247b\215\37e\367}Z\353\3g\0\3502u2\344$/bV"..., 262144) = 36
27407<sshd-session> 22:19:18 rt_sigprocmask(SIG_BLOCK, [CHLD], [], 8) = 0
27407<sshd-session> 22:19:18 ppoll([{fd=7<TCP:[127.0.0.1:22->127.0.0.1:60704]>, events=POLLIN}, {fd=7<TCP:[127.0.0.1:22->127.0.0.1:60704]>, events=POLLOUT}, {fd=14</dev/ptmx<char 5:2 @/dev/pts/6>>, events=POLLIN}], 3, NULL, [], 8) = 1 ([{fd=7, revents=POLLOUT}])
27407<sshd-session> 22:19:18 rt_sigprocmask(SIG_SETMASK, [], NULL, 8) = 0
27407<sshd-session> 22:19:18 write(7<TCP:[127.0.0.1:22->127.0.0.1:60704]>, "\0\0\0\20\254T\253/\363\"F\234\36\23\361^\255\277\232O0K\10\242\r\306\310\26V\301y\16"..., 36) = 36
27407<sshd-session> 22:19:18 rt_sigprocmask(SIG_BLOCK, [CHLD], [], 8) = 0
27407<sshd-session> 22:19:18 ppoll([{fd=7<TCP:[127.0.0.1:22->127.0.0.1:60704]>, events=POLLIN}, {fd=7<TCP:[127.0.0.1:22->127.0.0.1:60704]>, events=0}, {fd=14</dev/ptmx<char 5:2 @/dev/pts/6>>, events=POLLIN}], 3, NULL, [], 8) = 1 ([{fd=7, revents=POLLIN}])
27407<sshd-session> 22:19:18 rt_sigprocmask(SIG_SETMASK, [], NULL, 8) = 0
27407<sshd-session> 22:19:18 read(7<TCP:[127.0.0.1:22->127.0.0.1:60704]>, "\0\0\0\20\202\332\3020\273\201\270\230\17r;Oo\335\31c3\31\5`\312-\205\363\321\215\344\17"..., 262144) = 36
27407<sshd-session> 22:19:18 rt_sigprocmask(SIG_BLOCK, [CHLD], [], 8) = 0
27407<sshd-session> 22:19:18 ppoll([{fd=7<TCP:[127.0.0.1:22->127.0.0.1:60704]>, events=POLLIN}, {fd=7<TCP:[127.0.0.1:22->127.0.0.1:60704]>, events=POLLOUT}, {fd=14</dev/ptmx<char 5:2 @/dev/pts/6>>, events=POLLIN}], 3, NULL, [], 8) = 1 ([{fd=7, revents=POLLOUT}])
27407<sshd-session> 22:19:18 rt_sigprocmask(SIG_SETMASK, [], NULL, 8) = 0
27407<sshd-session> 22:19:18 write(7<TCP:[127.0.0.1:22->127.0.0.1:60704]>, "\0\0\0\20\17\22t\305I\277\363\371\254\212\237I\326\241\206o<\276c\242v\335\233\273\10\341\230b"..., 36) = 36
27407<sshd-session> 22:19:18 rt_sigprocmask(SIG_BLOCK, [CHLD], [], 8) = 0
27407<sshd-session> 22:19:18 ppoll([{fd=7<TCP:[127.0.0.1:22->127.0.0.1:60704]>, events=POLLIN}, {fd=7<TCP:[127.0.0.1:22->127.0.0.1:60704]>, events=0}, {fd=14</dev/ptmx<char 5:2 @/dev/pts/6>>, events=POLLIN}], 3, NULL, [], 8) = 1 ([{fd=7, revents=POLLIN}])
27407<sshd-session> 22:19:18 rt_sigprocmask(SIG_SETMASK, [], NULL, 8) = 0
27407<sshd-session> 22:19:18 read(7<TCP:[127.0.0.1:22->127.0.0.1:60704]>, "\0\0\0\20X\343\25K\355)i\235o\200\215\2\376RZ\366\266\0P=a \266\335\313\264C\241"..., 262144) = 36
27407<sshd-session> 22:19:18 rt_sigprocmask(SIG_BLOCK, [CHLD], [], 8) = 0
27407<sshd-session> 22:19:18 ppoll([{fd=7<TCP:[127.0.0.1:22->127.0.0.1:60704]>, events=POLLIN}, {fd=7<TCP:[127.0.0.1:22->127.0.0.1:60704]>, events=POLLOUT}, {fd=14</dev/ptmx<char 5:2 @/dev/pts/6>>, events=POLLIN}], 3, NULL, [], 8) = 1 ([{fd=7, revents=POLLOUT}])
27407<sshd-session> 22:19:18 rt_sigprocmask(SIG_SETMASK, [], NULL, 8) = 0
27407<sshd-session> 22:19:18 write(7<TCP:[127.0.0.1:22->127.0.0.1:60704]>, "\0\0\0\20{Dg\317gh\233\266\322\240%\223|V\314\350\232O\271\357\3560\232Ow\334!U"..., 36) = 36
27407<sshd-session> 22:19:18 rt_sigprocmask(SIG_BLOCK, [CHLD], [], 8) = 0
27407<sshd-session> 22:19:18 ppoll([{fd=7<TCP:[127.0.0.1:22->127.0.0.1:60704]>, events=POLLIN}, {fd=7<TCP:[127.0.0.1:22->127.0.0.1:60704]>, events=0}, {fd=14</dev/ptmx<char 5:2 @/dev/pts/6>>, events=POLLIN}], 3, NULL, [], 8) = 1 ([{fd=7, revents=POLLIN}])
27407<sshd-session> 22:19:18 rt_sigprocmask(SIG_SETMASK, [], NULL, 8) = 0
27407<sshd-session> 22:19:18 read(7<TCP:[127.0.0.1:22->127.0.0.1:60704]>, "\0\0\0\20\330\341\211\220\375E\ff~\337N\353\253'\306&\325\366q\3407\371\215\311ha\217\214"..., 262144) = 36
27407<sshd-session> 22:19:18 rt_sigprocmask(SIG_BLOCK, [CHLD], [], 8) = 0
27407<sshd-session> 22:19:18 ppoll([{fd=7<TCP:[127.0.0.1:22->127.0.0.1:60704]>, events=POLLIN}, {fd=7<TCP:[127.0.0.1:22->127.0.0.1:60704]>, events=POLLOUT}, {fd=14</dev/ptmx<char 5:2 @/dev/pts/6>>, events=POLLIN}], 3, NULL, [], 8) = 1 ([{fd=7, revents=POLLOUT}])
27407<sshd-session> 22:19:18 rt_sigprocmask(SIG_SETMASK, [], NULL, 8) = 0
27407<sshd-session> 22:19:18 write(7<TCP:[127.0.0.1:22->127.0.0.1:60704]>, "\0\0\0\20*;\350\204\245\311\0275I\3730\233\17\377P2N\376P'^+\363I\315\10\274\364"..., 36) = 36
27407<sshd-session> 22:19:18 rt_sigprocmask(SIG_BLOCK, [CHLD], [], 8) = 0
27407<sshd-session> 22:19:18 ppoll([{fd=7<TCP:[127.0.0.1:22->127.0.0.1:60704]>, events=POLLIN}, {fd=7<TCP:[127.0.0.1:22->127.0.0.1:60704]>, events=0}, {fd=14</dev/ptmx<char 5:2 @/dev/pts/6>>, events=POLLIN}], 3, NULL, [], 8) = 1 ([{fd=7, revents=POLLIN}])
27407<sshd-session> 22:19:18 rt_sigprocmask(SIG_SETMASK, [], NULL, 8) = 0
27407<sshd-session> 22:19:18 read(7<TCP:[127.0.0.1:22->127.0.0.1:60704]>, "\0\0\0\20iR\231\350P)oTaE\263:5\270\366\336Z\10\377\211\320\255\355\326$\7\237o"..., 262144) = 36
27407<sshd-session> 22:19:18 rt_sigprocmask(SIG_BLOCK, [CHLD], [], 8) = 0
27407<sshd-session> 22:19:18 ppoll([{fd=7<TCP:[127.0.0.1:22->127.0.0.1:60704]>, events=POLLIN}, {fd=7<TCP:[127.0.0.1:22->127.0.0.1:60704]>, events=0}, {fd=14</dev/ptmx<char 5:2 @/dev/pts/6>>, events=POLLIN}, {fd=10</dev/ptmx<char 5:2 @/dev/pts/6>>, events=POLLOUT}], 4, NULL, [], 8) = 1 ([{fd=10, revents=POLLOUT}])
27407<sshd-session> 22:19:18 rt_sigprocmask(SIG_SETMASK, [], NULL, 8) = 0
27407<sshd-session> 22:19:18 write(10</dev/ptmx<char 5:2 @/dev/pts/6>>, "\r", 1) = 1
27408<bash> 22:19:18 <... pselect6 resumed>) = 1 (in [0])
27407<sshd-session> 22:19:18 rt_sigprocmask(SIG_BLOCK, [CHLD] <unfinished ...>
27408<bash> 22:19:18 read(0</dev/pts/6<char 136:6>> <unfinished ...>
27407<sshd-session> 22:19:18 <... rt_sigprocmask resumed>, [], 8) = 0
27408<bash> 22:19:18 <... read resumed>, "\r", 1) = 1
27407<sshd-session> 22:19:18 ppoll([{fd=7<TCP:[127.0.0.1:22->127.0.0.1:60704]>, events=POLLIN}, {fd=7<TCP:[127.0.0.1:22->127.0.0.1:60704]>, events=0}, {fd=14</dev/ptmx<char 5:2 @/dev/pts/6>>, events=POLLIN}], 3, NULL, [], 8 <unfinished ...>
27408<bash> 22:19:18 write(2</dev/pts/6<char 136:6>>, "\n", 1) = 1
27407<sshd-session> 22:19:18 <... ppoll resumed>) = 1 ([{fd=14, revents=POLLIN}])
27408<bash> 22:19:18 write(2</dev/pts/6<char 136:6>>, "\33[?2004l\r", 9 <unfinished ...>
27407<sshd-session> 22:19:18 rt_sigprocmask(SIG_SETMASK, [] <unfinished ...>
27408<bash> 22:19:18 <... write resumed>) = 9
27407<sshd-session> 22:19:18 <... rt_sigprocmask resumed>, NULL, 8) = 0
27408<bash> 22:19:18 ioctl(0</dev/pts/6<char 136:6>>, TCSETSW2, {c_iflag=ICRNL|IXON|IUTF8, c_oflag=NL0|CR0|TAB0|BS0|VT0|FF0|OPOST|ONLCR, c_cflag=B38400|CS8|CREAD, c_lflag=ISIG|ICANON|ECHO|ECHOE|ECHOK|IEXTEN|ECHOCTL|ECHOKE, ...} <unfinished ...>
27407<sshd-session> 22:19:18 read(14</dev/ptmx<char 5:2 @/dev/pts/6>> <unfinished ...>
27408<bash> 22:19:18 <... ioctl resumed>) = 0
27408<bash> 22:19:18 rt_sigaction(SIGINT, {sa_handler=0x55e6ca034cf0, sa_mask=[], sa_flags=SA_RESTORER, sa_restorer=0x7fa306ca35b0} <unfinished ...>
27407<sshd-session> 22:19:18 <... read resumed>, "\r\n\33[?2004l\r", 32768) = 11
27408<bash> 22:19:18 <... rt_sigaction resumed>, {sa_handler=0x55e6ca0acd40, sa_mask=[], sa_flags=SA_RESTORER, sa_restorer=0x7fa306ca35b0}, 8) = 0
27407<sshd-session> 22:19:18 rt_sigprocmask(SIG_BLOCK, [CHLD] <unfinished ...>
27408<bash> 22:19:18 rt_sigaction(SIGHUP, {sa_handler=0x55e6ca0352c0, sa_mask=[HUP INT ILL TRAP ABRT BUS FPE USR1 SEGV USR2 PIPE ALRM TERM XCPU XFSZ VTALRM SYS], sa_flags=SA_RESTORER, sa_restorer=0x7fa306ca35b0} <unfinished ...>
27407<sshd-session> 22:19:18 <... rt_sigprocmask resumed>, [], 8) = 0
27408<bash> 22:19:18 <... rt_sigaction resumed>, {sa_handler=0x55e6ca0acd40, sa_mask=[], sa_flags=SA_RESTORER, sa_restorer=0x7fa306ca35b0}, 8) = 0
27407<sshd-session> 22:19:18 ppoll([{fd=7<TCP:[127.0.0.1:22->127.0.0.1:60704]>, events=POLLIN}, {fd=7<TCP:[127.0.0.1:22->127.0.0.1:60704]>, events=POLLOUT}, {fd=14</dev/ptmx<char 5:2 @/dev/pts/6>>, events=POLLIN}], 3, NULL, [], 8 <unfinished ...>
27408<bash> 22:19:18 rt_sigaction(SIGALRM, {sa_handler=0x55e6ca0352c0, sa_mask=[HUP INT ILL TRAP ABRT BUS FPE USR1 SEGV USR2 PIPE ALRM TERM XCPU XFSZ VTALRM SYS], sa_flags=SA_RESTORER, sa_restorer=0x7fa306ca35b0} <unfinished ...>
27407<sshd-session> 22:19:18 <... ppoll resumed>) = 1 ([{fd=7, revents=POLLOUT}])
27408<bash> 22:19:18 <... rt_sigaction resumed>, {sa_handler=0x55e6ca0acd40, sa_mask=[], sa_flags=SA_RESTORER, sa_restorer=0x7fa306ca35b0}, 8) = 0
27407<sshd-session> 22:19:18 rt_sigprocmask(SIG_SETMASK, [] <unfinished ...>
27408<bash> 22:19:18 rt_sigaction(SIGWINCH, {sa_handler=0x55e6ca02ffd0, sa_mask=[], sa_flags=SA_RESTORER|SA_RESTART, sa_restorer=0x7fa306ca35b0} <unfinished ...>
27407<sshd-session> 22:19:18 <... rt_sigprocmask resumed>, NULL, 8) = 0
27408<bash> 22:19:18 <... rt_sigaction resumed>, {sa_handler=0x55e6ca0acd50, sa_mask=[], sa_flags=SA_RESTORER|SA_RESTART, sa_restorer=0x7fa306ca35b0}, 8) = 0
27407<sshd-session> 22:19:18 write(7<TCP:[127.0.0.1:22->127.0.0.1:60704]>, "\0\0\0 ..J</\377m\212\322\263F\250\221I\223\334\266\317\23\257V\20\250t;\23\242,"..., 52 <unfinished ...>
27408<bash> 22:19:18 socket(AF_NETLINK, SOCK_RAW, NETLINK_AUDIT <unfinished ...>
27407<sshd-session> 22:19:18 <... write resumed>) = 52
27407<sshd-session> 22:19:18 rt_sigprocmask(SIG_BLOCK, [CHLD], [], 8) = 0
27407<sshd-session> 22:19:18 ppoll([{fd=7<TCP:[127.0.0.1:22->127.0.0.1:60704]>, events=POLLIN}, {fd=7<TCP:[127.0.0.1:22->127.0.0.1:60704]>, events=0}, {fd=14</dev/ptmx<char 5:2 @/dev/pts/6>>, events=POLLIN}], 3, NULL, [], 8 <unfinished ...>
27408<bash> 22:19:18 <... socket resumed>) = 3<NETLINK:[145936]>
27408<bash> 22:19:18 sendto(3<NETLINK:[145936]>, [{nlmsg_len=24, nlmsg_type=0x464 /* NLMSG_??? */, nlmsg_flags=NLM_F_REQUEST, nlmsg_seq=0, nlmsg_pid=0}, "\x77\x68\x6f\x61\x6d\x69\x00\x00"], 24, 0, {sa_family=AF_NETLINK, nl_pid=0, nl_groups=00000000}, 12) = 24
27408<bash> 22:19:18 close(3<NETLINK:[AUDIT:27408]>) = 0
27408<bash> 22:19:18 rt_sigaction(SIGINT, {sa_handler=0x55e6ca034cf0, sa_mask=[], sa_flags=SA_RESTORER, sa_restorer=0x7fa306ca35b0}, {sa_handler=0x55e6ca034cf0, sa_mask=[], sa_flags=SA_RESTORER, sa_restorer=0x7fa306ca35b0}, 8) = 0
27408<bash> 22:19:18 rt_sigprocmask(SIG_BLOCK, NULL, [], 8) = 0
27408<bash> 22:19:18 pipe2([3<pipe:[145937]>, 4<pipe:[145937]>], 0) = 0
27408<bash> 22:19:18 rt_sigprocmask(SIG_BLOCK, [CHLD], [], 8) = 0
27408<bash> 22:19:18 rt_sigprocmask(SIG_SETMASK, [], NULL, 8) = 0
27408<bash> 22:19:18 rt_sigprocmask(SIG_BLOCK, NULL, [], 8) = 0
27408<bash> 22:19:18 rt_sigprocmask(SIG_BLOCK, [INT TERM CHLD], [], 8) = 0
27408<bash> 22:19:18 rt_sigaction(SIGTERM, {sa_handler=SIG_DFL, sa_mask=[], sa_flags=SA_RESTORER, sa_restorer=0x7fa306ca35b0}, {sa_handler=SIG_IGN, sa_mask=[], sa_flags=SA_RESTORER, sa_restorer=0x7fa306ca35b0}, 8) = 0
27408<bash> 22:19:18 pipe2([5<pipe:[148507]>, 6<pipe:[148507]>], 0) = 0
27408<bash> 22:19:18 rt_sigprocmask(SIG_BLOCK, ~[], [INT TERM CHLD], 8) = 0
27408<bash> 22:19:18 clone(child_stack=NULL, flags=CLONE_CHILD_CLEARTID|CLONE_CHILD_SETTID|SIGCHLD <unfinished ...>
27453<bash> 22:19:18 set_robust_list(0x7fa306c86a20, 24 <unfinished ...>
27408<bash> 22:19:18 <... clone resumed>, child_tidptr=0x7fa306c86a10) = 27453<bash>
27453<bash> 22:19:18 <... set_robust_list resumed>) = 0
27453<bash> 22:19:18 rt_sigprocmask(SIG_SETMASK, [INT TERM CHLD] <unfinished ...>
27408<bash> 22:19:18 rt_sigprocmask(SIG_SETMASK, [INT TERM CHLD] <unfinished ...>
27453<bash> 22:19:18 <... rt_sigprocmask resumed>, NULL, 8) = 0
27408<bash> 22:19:18 <... rt_sigprocmask resumed>, NULL, 8) = 0
27408<bash> 22:19:18 rt_sigaction(SIGTERM, {sa_handler=SIG_IGN, sa_mask=[], sa_flags=SA_RESTORER, sa_restorer=0x7fa306ca35b0} <unfinished ...>
27453<bash> 22:19:18 getpid( <unfinished ...>
27408<bash> 22:19:18 <... rt_sigaction resumed>, {sa_handler=SIG_DFL, sa_mask=[], sa_flags=SA_RESTORER, sa_restorer=0x7fa306ca35b0}, 8) = 0
27453<bash> 22:19:18 <... getpid resumed>) = 27453<bash>
27408<bash> 22:19:18 setpgid(27453<bash>, 27408 <unfinished ...>
27453<bash> 22:19:18 rt_sigprocmask(SIG_SETMASK, [] <unfinished ...>
27408<bash> 22:19:18 <... setpgid resumed>) = 0
27453<bash> 22:19:18 <... rt_sigprocmask resumed>, NULL, 8) = 0
27408<bash> 22:19:18 rt_sigprocmask(SIG_SETMASK, [] <unfinished ...>
27453<bash> 22:19:18 rt_sigaction(SIGTSTP, {sa_handler=SIG_IGN, sa_mask=[], sa_flags=SA_RESTORER, sa_restorer=0x7fa306ca35b0} <unfinished ...>
27408<bash> 22:19:18 <... rt_sigprocmask resumed>, NULL, 8) = 0
27453<bash> 22:19:18 <... rt_sigaction resumed>, {sa_handler=SIG_IGN, sa_mask=[], sa_flags=SA_RESTORER, sa_restorer=0x7fa306ca35b0}, 8) = 0
27408<bash> 22:19:18 rt_sigaction(SIGCHLD, {sa_handler=0x55e6ca0068d0, sa_mask=[], sa_flags=SA_RESTORER|SA_RESTART, sa_restorer=0x7fa306ca35b0} <unfinished ...>
27453<bash> 22:19:18 rt_sigaction(SIGTTIN, {sa_handler=SIG_IGN, sa_mask=[], sa_flags=SA_RESTORER, sa_restorer=0x7fa306ca35b0} <unfinished ...>
27408<bash> 22:19:18 <... rt_sigaction resumed>, {sa_handler=0x55e6ca0068d0, sa_mask=[], sa_flags=SA_RESTORER|SA_RESTART, sa_restorer=0x7fa306ca35b0}, 8) = 0
27453<bash> 22:19:18 <... rt_sigaction resumed>, {sa_handler=SIG_IGN, sa_mask=[], sa_flags=SA_RESTORER, sa_restorer=0x7fa306ca35b0}, 8) = 0
27408<bash> 22:19:18 close(5<pipe:[148507]> <unfinished ...>
27453<bash> 22:19:18 rt_sigaction(SIGTTOU, {sa_handler=SIG_IGN, sa_mask=[], sa_flags=SA_RESTORER, sa_restorer=0x7fa306ca35b0} <unfinished ...>
27408<bash> 22:19:18 <... close resumed>) = 0
27453<bash> 22:19:18 <... rt_sigaction resumed>, {sa_handler=SIG_IGN, sa_mask=[], sa_flags=SA_RESTORER, sa_restorer=0x7fa306ca35b0}, 8) = 0
27408<bash> 22:19:18 close(6<pipe:[148507]> <unfinished ...>
27453<bash> 22:19:18 setpgid(27453<bash>, 27408 <unfinished ...>
27408<bash> 22:19:18 <... close resumed>) = 0
27453<bash> 22:19:18 <... setpgid resumed>) = 0
27408<bash> 22:19:18 close(4<pipe:[145937]> <unfinished ...>
27453<bash> 22:19:18 close(5<pipe:[148507]> <unfinished ...>
27408<bash> 22:19:18 <... close resumed>) = 0
27453<bash> 22:19:18 <... close resumed>) = 0
27408<bash> 22:19:18 rt_sigprocmask(SIG_BLOCK, [INT] <unfinished ...>
27453<bash> 22:19:18 close(6<pipe:[148507]> <unfinished ...>
27408<bash> 22:19:18 <... rt_sigprocmask resumed>, [], 8) = 0
27453<bash> 22:19:18 <... close resumed>) = 0
27408<bash> 22:19:18 read(3<pipe:[145937]> <unfinished ...>
27453<bash> 22:19:18 rt_sigaction(SIGINT, {sa_handler=SIG_DFL, sa_mask=[], sa_flags=SA_RESTORER, sa_restorer=0x7fa306ca35b0}, {sa_handler=0x55e6ca034cf0, sa_mask=[], sa_flags=SA_RESTORER, sa_restorer=0x7fa306ca35b0}, 8) = 0
27453<bash> 22:19:18 rt_sigaction(SIGQUIT, {sa_handler=SIG_DFL, sa_mask=[], sa_flags=SA_RESTORER, sa_restorer=0x7fa306ca35b0}, {sa_handler=SIG_IGN, sa_mask=[], sa_flags=SA_RESTORER, sa_restorer=0x7fa306ca35b0}, 8) = 0
27453<bash> 22:19:18 rt_sigaction(SIGTERM, {sa_handler=SIG_DFL, sa_mask=[], sa_flags=SA_RESTORER, sa_restorer=0x7fa306ca35b0}, {sa_handler=SIG_DFL, sa_mask=[], sa_flags=SA_RESTORER, sa_restorer=0x7fa306ca35b0}, 8) = 0
27453<bash> 22:19:18 rt_sigaction(SIGCHLD, {sa_handler=SIG_DFL, sa_mask=[], sa_flags=SA_RESTORER|SA_RESTART, sa_restorer=0x7fa306ca35b0}, {sa_handler=0x55e6ca0068d0, sa_mask=[], sa_flags=SA_RESTORER|SA_RESTART, sa_restorer=0x7fa306ca35b0}, 8) = 0
27453<bash> 22:19:18 rt_sigaction(SIGCHLD, {sa_handler=0x55e6ca0068d0, sa_mask=[], sa_flags=SA_RESTORER|SA_RESTART, sa_restorer=0x7fa306ca35b0}, {sa_handler=SIG_DFL, sa_mask=[], sa_flags=SA_RESTORER|SA_RESTART, sa_restorer=0x7fa306ca35b0}, 8) = 0
27453<bash> 22:19:18 rt_sigaction(SIGINT, {sa_handler=0x55e6ca0352c0, sa_mask=[], sa_flags=SA_RESTORER, sa_restorer=0x7fa306ca35b0}, {sa_handler=SIG_DFL, sa_mask=[], sa_flags=SA_RESTORER, sa_restorer=0x7fa306ca35b0}, 8) = 0
27453<bash> 22:19:18 dup2(4<pipe:[145937]>, 1</dev/pts/6<char 136:6>>) = 1<pipe:[145937]>
27453<bash> 22:19:18 close(4<pipe:[145937]>) = 0
27453<bash> 22:19:18 close(3<pipe:[145937]>) = 0
27453<bash> 22:19:18 rt_sigprocmask(SIG_BLOCK, NULL, [], 8) = 0
27453<bash> 22:19:18 rt_sigprocmask(SIG_BLOCK, NULL, [], 8) = 0
27453<bash> 22:19:18 rt_sigprocmask(SIG_BLOCK, NULL, [], 8) = 0
27453<bash> 22:19:18 pipe2([3<pipe:[147076]>, 4<pipe:[147076]>], 0) = 0
27453<bash> 22:19:18 rt_sigprocmask(SIG_BLOCK, [CHLD], [], 8) = 0
27453<bash> 22:19:18 rt_sigprocmask(SIG_SETMASK, [], NULL, 8) = 0
27453<bash> 22:19:18 rt_sigprocmask(SIG_BLOCK, NULL, [], 8) = 0
27453<bash> 22:19:18 rt_sigprocmask(SIG_BLOCK, [INT TERM CHLD], [], 8) = 0
27453<bash> 22:19:18 rt_sigaction(SIGTERM, {sa_handler=SIG_DFL, sa_mask=[], sa_flags=SA_RESTORER, sa_restorer=0x7fa306ca35b0}, {sa_handler=SIG_DFL, sa_mask=[], sa_flags=SA_RESTORER, sa_restorer=0x7fa306ca35b0}, 8) = 0
27453<bash> 22:19:18 pipe2([5<pipe:[147077]>, 6<pipe:[147077]>], 0) = 0
27453<bash> 22:19:18 rt_sigprocmask(SIG_BLOCK, ~[], [INT TERM CHLD], 8) = 0
27453<bash> 22:19:18 clone(child_stack=NULL, flags=CLONE_CHILD_CLEARTID|CLONE_CHILD_SETTID|SIGCHLD, child_tidptr=0x7fa306c86a10) = 27454<bash>
27454<bash> 22:19:18 set_robust_list(0x7fa306c86a20, 24 <unfinished ...>
27453<bash> 22:19:18 rt_sigprocmask(SIG_SETMASK, [INT TERM CHLD] <unfinished ...>
27454<bash> 22:19:18 <... set_robust_list resumed>) = 0
27453<bash> 22:19:18 <... rt_sigprocmask resumed>, NULL, 8) = 0
27454<bash> 22:19:18 rt_sigprocmask(SIG_SETMASK, [INT TERM CHLD] <unfinished ...>
27453<bash> 22:19:18 rt_sigaction(SIGTERM, {sa_handler=SIG_DFL, sa_mask=[], sa_flags=SA_RESTORER, sa_restorer=0x7fa306ca35b0} <unfinished ...>
27454<bash> 22:19:18 <... rt_sigprocmask resumed>, NULL, 8) = 0
27453<bash> 22:19:18 <... rt_sigaction resumed>, {sa_handler=SIG_DFL, sa_mask=[], sa_flags=SA_RESTORER, sa_restorer=0x7fa306ca35b0}, 8) = 0
27454<bash> 22:19:18 getpid( <unfinished ...>
27453<bash> 22:19:18 setpgid(27454<bash>, 27408 <unfinished ...>
27454<bash> 22:19:18 <... getpid resumed>) = 27454<bash>
27453<bash> 22:19:18 <... setpgid resumed>) = 0
27454<bash> 22:19:18 rt_sigprocmask(SIG_SETMASK, [] <unfinished ...>
27453<bash> 22:19:18 rt_sigprocmask(SIG_SETMASK, [] <unfinished ...>
27454<bash> 22:19:18 <... rt_sigprocmask resumed>, NULL, 8) = 0
27453<bash> 22:19:18 <... rt_sigprocmask resumed>, NULL, 8) = 0
27454<bash> 22:19:18 rt_sigaction(SIGTSTP, {sa_handler=SIG_IGN, sa_mask=[], sa_flags=SA_RESTORER, sa_restorer=0x7fa306ca35b0} <unfinished ...>
27453<bash> 22:19:18 rt_sigaction(SIGCHLD, {sa_handler=0x55e6ca0068d0, sa_mask=[], sa_flags=SA_RESTORER|SA_RESTART, sa_restorer=0x7fa306ca35b0} <unfinished ...>
27454<bash> 22:19:18 <... rt_sigaction resumed>, {sa_handler=SIG_IGN, sa_mask=[], sa_flags=SA_RESTORER, sa_restorer=0x7fa306ca35b0}, 8) = 0
27453<bash> 22:19:18 <... rt_sigaction resumed>, {sa_handler=0x55e6ca0068d0, sa_mask=[], sa_flags=SA_RESTORER|SA_RESTART, sa_restorer=0x7fa306ca35b0}, 8) = 0
27454<bash> 22:19:18 rt_sigaction(SIGTTIN, {sa_handler=SIG_IGN, sa_mask=[], sa_flags=SA_RESTORER, sa_restorer=0x7fa306ca35b0}, {sa_handler=SIG_IGN, sa_mask=[], sa_flags=SA_RESTORER, sa_restorer=0x7fa306ca35b0}, 8) = 0
27453<bash> 22:19:18 close(5<pipe:[147077]> <unfinished ...>
27454<bash> 22:19:18 rt_sigaction(SIGTTOU, {sa_handler=SIG_IGN, sa_mask=[], sa_flags=SA_RESTORER, sa_restorer=0x7fa306ca35b0} <unfinished ...>
27453<bash> 22:19:18 <... close resumed>) = 0
27454<bash> 22:19:18 <... rt_sigaction resumed>, {sa_handler=SIG_IGN, sa_mask=[], sa_flags=SA_RESTORER, sa_restorer=0x7fa306ca35b0}, 8) = 0
27453<bash> 22:19:18 close(6<pipe:[147077]> <unfinished ...>
27454<bash> 22:19:18 setpgid(27454<bash>, 27408 <unfinished ...>
27453<bash> 22:19:18 <... close resumed>) = 0
27454<bash> 22:19:18 <... setpgid resumed>) = 0
27453<bash> 22:19:18 close(4<pipe:[147076]> <unfinished ...>
27454<bash> 22:19:18 close(5<pipe:[147077]> <unfinished ...>
27453<bash> 22:19:18 <... close resumed>) = 0
27454<bash> 22:19:18 <... close resumed>) = 0
27453<bash> 22:19:18 rt_sigprocmask(SIG_BLOCK, [INT] <unfinished ...>
27454<bash> 22:19:18 close(6<pipe:[147077]> <unfinished ...>
27453<bash> 22:19:18 <... rt_sigprocmask resumed>, [], 8) = 0
27454<bash> 22:19:18 <... close resumed>) = 0
27453<bash> 22:19:18 read(3<pipe:[147076]> <unfinished ...>
27454<bash> 22:19:18 rt_sigaction(SIGINT, {sa_handler=SIG_DFL, sa_mask=[], sa_flags=SA_RESTORER, sa_restorer=0x7fa306ca35b0}, {sa_handler=0x55e6ca0352c0, sa_mask=[], sa_flags=SA_RESTORER, sa_restorer=0x7fa306ca35b0}, 8) = 0
27454<bash> 22:19:18 rt_sigaction(SIGQUIT, {sa_handler=SIG_DFL, sa_mask=[], sa_flags=SA_RESTORER, sa_restorer=0x7fa306ca35b0}, {sa_handler=SIG_DFL, sa_mask=[], sa_flags=SA_RESTORER, sa_restorer=0x7fa306ca35b0}, 8) = 0
27454<bash> 22:19:18 rt_sigaction(SIGTERM, {sa_handler=SIG_DFL, sa_mask=[], sa_flags=SA_RESTORER, sa_restorer=0x7fa306ca35b0}, {sa_handler=SIG_DFL, sa_mask=[], sa_flags=SA_RESTORER, sa_restorer=0x7fa306ca35b0}, 8) = 0
27454<bash> 22:19:18 rt_sigaction(SIGCHLD, {sa_handler=SIG_DFL, sa_mask=[], sa_flags=SA_RESTORER|SA_RESTART, sa_restorer=0x7fa306ca35b0}, {sa_handler=0x55e6ca0068d0, sa_mask=[], sa_flags=SA_RESTORER|SA_RESTART, sa_restorer=0x7fa306ca35b0}, 8) = 0
27454<bash> 22:19:18 rt_sigaction(SIGCHLD, {sa_handler=0x55e6ca0068d0, sa_mask=[], sa_flags=SA_RESTORER|SA_RESTART, sa_restorer=0x7fa306ca35b0}, {sa_handler=SIG_DFL, sa_mask=[], sa_flags=SA_RESTORER|SA_RESTART, sa_restorer=0x7fa306ca35b0}, 8) = 0
27454<bash> 22:19:18 rt_sigaction(SIGINT, {sa_handler=0x55e6ca0352c0, sa_mask=[], sa_flags=SA_RESTORER, sa_restorer=0x7fa306ca35b0}, {sa_handler=SIG_DFL, sa_mask=[], sa_flags=SA_RESTORER, sa_restorer=0x7fa306ca35b0}, 8) = 0
27454<bash> 22:19:18 dup2(4<pipe:[147076]>, 1<pipe:[145937]>) = 1<pipe:[147076]>
27454<bash> 22:19:18 close(4<pipe:[147076]>) = 0
27454<bash> 22:19:18 close(3<pipe:[147076]>) = 0
27454<bash> 22:19:18 rt_sigprocmask(SIG_BLOCK, NULL, [], 8) = 0
27454<bash> 22:19:18 newfstatat(AT_FDCWD</home/catastor>, "/etc/machine-id", {st_mode=S_IFREG|0444, st_size=33, ...}, 0) = 0
27454<bash> 22:19:18 rt_sigprocmask(SIG_BLOCK, NULL, [], 8) = 0
27454<bash> 22:19:18 rt_sigprocmask(SIG_BLOCK, NULL, [], 8) = 0
27454<bash> 22:19:18 rt_sigprocmask(SIG_BLOCK, NULL, [], 8) = 0
27454<bash> 22:19:18 openat(AT_FDCWD</home/catastor>, "/etc/machine-id", O_RDONLY) = 3</etc/machine-id>
27454<bash> 22:19:18 read(3</etc/machine-id>, "7fc94c65c52741c4b0e4057afee26b8c"..., 4096) = 33
27454<bash> 22:19:18 read(3</etc/machine-id>, "", 4096) = 0
27454<bash> 22:19:18 close(3</etc/machine-id>) = 0
27454<bash> 22:19:18 write(1<pipe:[147076]>, ";machineid=7fc94c65c52741c4b0e40"..., 43) = 43
27453<bash> 22:19:18 <... read resumed>, ";machineid=7fc94c65c52741c4b0e40"..., 4096) = 43
27454<bash> 22:19:18 rt_sigprocmask(SIG_BLOCK, NULL, [], 8) = 0
27454<bash> 22:19:18 rt_sigprocmask(SIG_BLOCK, NULL, [], 8) = 0
27454<bash> 22:19:18 rt_sigprocmask(SIG_BLOCK, NULL, [], 8) = 0
27454<bash> 22:19:18 openat(AT_FDCWD</home/catastor>, "/proc/sys/kernel/random/boot_id", O_RDONLY) = 3</proc/sys/kernel/random/boot_id>
27454<bash> 22:19:18 read(3</proc/sys/kernel/random/boot_id>, "7a4a98d1-18e4-484f-8c1a-f3607c4d"..., 4096) = 37
27454<bash> 22:19:18 read(3</proc/sys/kernel/random/boot_id> <unfinished ...>
27453<bash> 22:19:18 read(3<pipe:[147076]> <unfinished ...>
27454<bash> 22:19:18 <... read resumed>, "", 4096) = 0
27454<bash> 22:19:18 close(3</proc/sys/kernel/random/boot_id>) = 0
27454<bash> 22:19:18 write(1<pipe:[147076]>, ";user=catastor;hostname=fedora;b"..., 99) = 99
27453<bash> 22:19:18 <... read resumed>, ";user=catastor;hostname=fedora;b"..., 4096) = 99
27453<bash> 22:19:18 read(3<pipe:[147076]> <unfinished ...>
27454<bash> 22:19:18 exit_group(0)      = ?
27454<bash> 22:19:18 +++ exited with 0 +++
27453<bash> 22:19:18 <... read resumed>, "", 4096) = 0
27453<bash> 22:19:18 --- SIGCHLD {si_signo=SIGCHLD, si_code=CLD_EXITED, si_pid=27454<bash>, si_uid=1000, si_status=0, si_utime=0, si_stime=0} ---
27453<bash> 22:19:18 wait4(-1, [{WIFEXITED(s) && WEXITSTATUS(s) == 0}], WNOHANG, NULL) = 27454
27453<bash> 22:19:18 wait4(-1, 0x7ffee29a6a94, WNOHANG, NULL) = -1 ECHILD (No child processes)
27453<bash> 22:19:18 rt_sigreturn({mask=[INT]}) = 0
27453<bash> 22:19:18 close(3<pipe:[147076]>) = 0
27453<bash> 22:19:18 rt_sigprocmask(SIG_SETMASK, [], NULL, 8) = 0
27453<bash> 22:19:18 rt_sigprocmask(SIG_BLOCK, [CHLD], [], 8) = 0
27453<bash> 22:19:18 rt_sigaction(SIGINT, {sa_handler=0x55e6ca002d80, sa_mask=[], sa_flags=SA_RESTORER, sa_restorer=0x7fa306ca35b0}, {sa_handler=0x55e6ca0352c0, sa_mask=[], sa_flags=SA_RESTORER, sa_restorer=0x7fa306ca35b0}, 8) = 0
27453<bash> 22:19:18 rt_sigaction(SIGINT, {sa_handler=0x55e6ca0352c0, sa_mask=[], sa_flags=SA_RESTORER, sa_restorer=0x7fa306ca35b0}, {sa_handler=0x55e6ca002d80, sa_mask=[], sa_flags=SA_RESTORER, sa_restorer=0x7fa306ca35b0}, 8) = 0
27453<bash> 22:19:18 rt_sigprocmask(SIG_SETMASK, [], NULL, 8) = 0
27453<bash> 22:19:18 rt_sigprocmask(SIG_BLOCK, [CHLD], [], 8) = 0
27453<bash> 22:19:18 rt_sigprocmask(SIG_SETMASK, [], NULL, 8) = 0
27453<bash> 22:19:18 rt_sigprocmask(SIG_BLOCK, NULL, [], 8) = 0
27453<bash> 22:19:18 rt_sigprocmask(SIG_BLOCK, NULL, [], 8) = 0
27453<bash> 22:19:18 pipe2([3<pipe:[147078]>, 4<pipe:[147078]>], 0) = 0
27453<bash> 22:19:18 rt_sigprocmask(SIG_BLOCK, [CHLD], [], 8) = 0
27453<bash> 22:19:18 rt_sigprocmask(SIG_SETMASK, [], NULL, 8) = 0
27453<bash> 22:19:18 rt_sigprocmask(SIG_BLOCK, NULL, [], 8) = 0
27453<bash> 22:19:18 rt_sigprocmask(SIG_BLOCK, [INT TERM CHLD], [], 8) = 0
27453<bash> 22:19:18 rt_sigaction(SIGTERM, {sa_handler=SIG_DFL, sa_mask=[], sa_flags=SA_RESTORER, sa_restorer=0x7fa306ca35b0}, {sa_handler=SIG_DFL, sa_mask=[], sa_flags=SA_RESTORER, sa_restorer=0x7fa306ca35b0}, 8) = 0
27453<bash> 22:19:18 pipe2([5<pipe:[147079]>, 6<pipe:[147079]>], 0) = 0
27453<bash> 22:19:18 rt_sigprocmask(SIG_BLOCK, ~[], [INT TERM CHLD], 8) = 0
27453<bash> 22:19:18 clone(child_stack=NULL, flags=CLONE_CHILD_CLEARTID|CLONE_CHILD_SETTID|SIGCHLD, child_tidptr=0x7fa306c86a10) = 27455<bash>
27455<bash> 22:19:18 set_robust_list(0x7fa306c86a20, 24) = 0
27453<bash> 22:19:18 rt_sigprocmask(SIG_SETMASK, [INT TERM CHLD] <unfinished ...>
27455<bash> 22:19:18 rt_sigprocmask(SIG_SETMASK, [INT TERM CHLD] <unfinished ...>
27453<bash> 22:19:18 <... rt_sigprocmask resumed>, NULL, 8) = 0
27455<bash> 22:19:18 <... rt_sigprocmask resumed>, NULL, 8) = 0
27453<bash> 22:19:18 rt_sigaction(SIGTERM, {sa_handler=SIG_DFL, sa_mask=[], sa_flags=SA_RESTORER, sa_restorer=0x7fa306ca35b0}, {sa_handler=SIG_DFL, sa_mask=[], sa_flags=SA_RESTORER, sa_restorer=0x7fa306ca35b0}, 8) = 0
27455<bash> 22:19:18 getpid( <unfinished ...>
27453<bash> 22:19:18 setpgid(27455<bash>, 27408 <unfinished ...>
27455<bash> 22:19:18 <... getpid resumed>) = 27455<bash>
27453<bash> 22:19:18 <... setpgid resumed>) = 0
27455<bash> 22:19:18 rt_sigprocmask(SIG_SETMASK, [] <unfinished ...>
27453<bash> 22:19:18 rt_sigprocmask(SIG_SETMASK, [] <unfinished ...>
27455<bash> 22:19:18 <... rt_sigprocmask resumed>, NULL, 8) = 0
27453<bash> 22:19:18 <... rt_sigprocmask resumed>, NULL, 8) = 0
27455<bash> 22:19:18 rt_sigaction(SIGTSTP, {sa_handler=SIG_IGN, sa_mask=[], sa_flags=SA_RESTORER, sa_restorer=0x7fa306ca35b0} <unfinished ...>
27453<bash> 22:19:18 rt_sigaction(SIGCHLD, {sa_handler=0x55e6ca0068d0, sa_mask=[], sa_flags=SA_RESTORER|SA_RESTART, sa_restorer=0x7fa306ca35b0} <unfinished ...>
27455<bash> 22:19:18 <... rt_sigaction resumed>, {sa_handler=SIG_IGN, sa_mask=[], sa_flags=SA_RESTORER, sa_restorer=0x7fa306ca35b0}, 8) = 0
27453<bash> 22:19:18 <... rt_sigaction resumed>, {sa_handler=0x55e6ca0068d0, sa_mask=[], sa_flags=SA_RESTORER|SA_RESTART, sa_restorer=0x7fa306ca35b0}, 8) = 0
27455<bash> 22:19:18 rt_sigaction(SIGTTIN, {sa_handler=SIG_IGN, sa_mask=[], sa_flags=SA_RESTORER, sa_restorer=0x7fa306ca35b0} <unfinished ...>
27453<bash> 22:19:18 close(5<pipe:[147079]> <unfinished ...>
27455<bash> 22:19:18 <... rt_sigaction resumed>, {sa_handler=SIG_IGN, sa_mask=[], sa_flags=SA_RESTORER, sa_restorer=0x7fa306ca35b0}, 8) = 0
27453<bash> 22:19:18 <... close resumed>) = 0
27455<bash> 22:19:18 rt_sigaction(SIGTTOU, {sa_handler=SIG_IGN, sa_mask=[], sa_flags=SA_RESTORER, sa_restorer=0x7fa306ca35b0} <unfinished ...>
27453<bash> 22:19:18 close(6<pipe:[147079]> <unfinished ...>
27455<bash> 22:19:18 <... rt_sigaction resumed>, {sa_handler=SIG_IGN, sa_mask=[], sa_flags=SA_RESTORER, sa_restorer=0x7fa306ca35b0}, 8) = 0
27453<bash> 22:19:18 <... close resumed>) = 0
27455<bash> 22:19:18 setpgid(27455<bash>, 27408 <unfinished ...>
27453<bash> 22:19:18 close(4<pipe:[147078]> <unfinished ...>
27455<bash> 22:19:18 <... setpgid resumed>) = 0
27453<bash> 22:19:18 <... close resumed>) = 0
27455<bash> 22:19:18 close(5<pipe:[147079]>) = 0
27453<bash> 22:19:18 rt_sigprocmask(SIG_BLOCK, [INT] <unfinished ...>
27455<bash> 22:19:18 close(6<pipe:[147079]> <unfinished ...>
27453<bash> 22:19:18 <... rt_sigprocmask resumed>, [], 8) = 0
27455<bash> 22:19:18 <... close resumed>) = 0
27453<bash> 22:19:18 read(3<pipe:[147078]> <unfinished ...>
27455<bash> 22:19:18 rt_sigaction(SIGINT, {sa_handler=SIG_DFL, sa_mask=[], sa_flags=SA_RESTORER, sa_restorer=0x7fa306ca35b0}, {sa_handler=0x55e6ca0352c0, sa_mask=[], sa_flags=SA_RESTORER, sa_restorer=0x7fa306ca35b0}, 8) = 0
27455<bash> 22:19:18 rt_sigaction(SIGQUIT, {sa_handler=SIG_DFL, sa_mask=[], sa_flags=SA_RESTORER, sa_restorer=0x7fa306ca35b0}, {sa_handler=SIG_DFL, sa_mask=[], sa_flags=SA_RESTORER, sa_restorer=0x7fa306ca35b0}, 8) = 0
27455<bash> 22:19:18 rt_sigaction(SIGTERM, {sa_handler=SIG_DFL, sa_mask=[], sa_flags=SA_RESTORER, sa_restorer=0x7fa306ca35b0}, {sa_handler=SIG_DFL, sa_mask=[], sa_flags=SA_RESTORER, sa_restorer=0x7fa306ca35b0}, 8) = 0
27455<bash> 22:19:18 rt_sigaction(SIGCHLD, {sa_handler=SIG_DFL, sa_mask=[], sa_flags=SA_RESTORER|SA_RESTART, sa_restorer=0x7fa306ca35b0}, {sa_handler=0x55e6ca0068d0, sa_mask=[], sa_flags=SA_RESTORER|SA_RESTART, sa_restorer=0x7fa306ca35b0}, 8) = 0
27455<bash> 22:19:18 rt_sigaction(SIGCHLD, {sa_handler=0x55e6ca0068d0, sa_mask=[], sa_flags=SA_RESTORER|SA_RESTART, sa_restorer=0x7fa306ca35b0}, {sa_handler=SIG_DFL, sa_mask=[], sa_flags=SA_RESTORER|SA_RESTART, sa_restorer=0x7fa306ca35b0}, 8) = 0
27455<bash> 22:19:18 rt_sigaction(SIGINT, {sa_handler=0x55e6ca0352c0, sa_mask=[], sa_flags=SA_RESTORER, sa_restorer=0x7fa306ca35b0}, {sa_handler=SIG_DFL, sa_mask=[], sa_flags=SA_RESTORER, sa_restorer=0x7fa306ca35b0}, 8) = 0
27455<bash> 22:19:18 dup2(4<pipe:[147078]>, 1<pipe:[145937]>) = 1<pipe:[147078]>
27455<bash> 22:19:18 close(4<pipe:[147078]>) = 0
27455<bash> 22:19:18 close(3<pipe:[147078]>) = 0
27455<bash> 22:19:18 rt_sigprocmask(SIG_BLOCK, NULL, [], 8) = 0
27455<bash> 22:19:18 rt_sigprocmask(SIG_BLOCK, [CHLD], [], 8) = 0
27455<bash> 22:19:18 fcntl(0</dev/pts/6<char 136:6>>, F_GETFD) = 0
27455<bash> 22:19:18 pipe2([3<pipe:[147080]>, 4<pipe:[147080]>], 0) = 0
27455<bash> 22:19:18 rt_sigprocmask(SIG_BLOCK, NULL, [CHLD], 8) = 0
27455<bash> 22:19:18 rt_sigprocmask(SIG_BLOCK, [INT TERM CHLD], [CHLD], 8) = 0
27455<bash> 22:19:18 rt_sigaction(SIGTERM, {sa_handler=SIG_DFL, sa_mask=[], sa_flags=SA_RESTORER, sa_restorer=0x7fa306ca35b0}, {sa_handler=SIG_DFL, sa_mask=[], sa_flags=SA_RESTORER, sa_restorer=0x7fa306ca35b0}, 8) = 0
27455<bash> 22:19:18 pipe2([5<pipe:[147081]>, 6<pipe:[147081]>], 0) = 0
27455<bash> 22:19:18 rt_sigprocmask(SIG_BLOCK, ~[], [INT TERM CHLD], 8) = 0
27455<bash> 22:19:18 clone(child_stack=NULL, flags=CLONE_CHILD_CLEARTID|CLONE_CHILD_SETTID|SIGCHLD, child_tidptr=0x7fa306c86a10) = 27456<bash>
27456<bash> 22:19:18 set_robust_list(0x7fa306c86a20, 24 <unfinished ...>
27455<bash> 22:19:18 rt_sigprocmask(SIG_SETMASK, [INT TERM CHLD] <unfinished ...>
27456<bash> 22:19:18 <... set_robust_list resumed>) = 0
27455<bash> 22:19:18 <... rt_sigprocmask resumed>, NULL, 8) = 0
27456<bash> 22:19:18 rt_sigprocmask(SIG_SETMASK, [INT TERM CHLD] <unfinished ...>
27455<bash> 22:19:18 rt_sigaction(SIGTERM, {sa_handler=SIG_DFL, sa_mask=[], sa_flags=SA_RESTORER, sa_restorer=0x7fa306ca35b0} <unfinished ...>
27456<bash> 22:19:18 <... rt_sigprocmask resumed>, NULL, 8) = 0
27455<bash> 22:19:18 <... rt_sigaction resumed>, {sa_handler=SIG_DFL, sa_mask=[], sa_flags=SA_RESTORER, sa_restorer=0x7fa306ca35b0}, 8) = 0
27456<bash> 22:19:18 getpid( <unfinished ...>
27455<bash> 22:19:18 setpgid(27456<bash>, 27408 <unfinished ...>
27456<bash> 22:19:18 <... getpid resumed>) = 27456<bash>
27455<bash> 22:19:18 <... setpgid resumed>) = 0
27456<bash> 22:19:18 rt_sigprocmask(SIG_SETMASK, [] <unfinished ...>
27455<bash> 22:19:18 rt_sigprocmask(SIG_SETMASK, [CHLD] <unfinished ...>
27456<bash> 22:19:18 <... rt_sigprocmask resumed>, NULL, 8) = 0
27455<bash> 22:19:18 <... rt_sigprocmask resumed>, NULL, 8) = 0
27456<bash> 22:19:18 rt_sigaction(SIGTSTP, {sa_handler=SIG_IGN, sa_mask=[], sa_flags=SA_RESTORER, sa_restorer=0x7fa306ca35b0}, {sa_handler=SIG_IGN, sa_mask=[], sa_flags=SA_RESTORER, sa_restorer=0x7fa306ca35b0}, 8) = 0
27455<bash> 22:19:18 close(4<pipe:[147080]> <unfinished ...>
27456<bash> 22:19:18 rt_sigaction(SIGTTIN, {sa_handler=SIG_IGN, sa_mask=[], sa_flags=SA_RESTORER, sa_restorer=0x7fa306ca35b0} <unfinished ...>
27455<bash> 22:19:18 <... close resumed>) = 0
27456<bash> 22:19:18 <... rt_sigaction resumed>, {sa_handler=SIG_IGN, sa_mask=[], sa_flags=SA_RESTORER, sa_restorer=0x7fa306ca35b0}, 8) = 0
27456<bash> 22:19:18 rt_sigaction(SIGTTOU, {sa_handler=SIG_IGN, sa_mask=[], sa_flags=SA_RESTORER, sa_restorer=0x7fa306ca35b0} <unfinished ...>
27455<bash> 22:19:18 close(4 <unfinished ...>
27456<bash> 22:19:18 <... rt_sigaction resumed>, {sa_handler=SIG_IGN, sa_mask=[], sa_flags=SA_RESTORER, sa_restorer=0x7fa306ca35b0}, 8) = 0
27455<bash> 22:19:18 <... close resumed>) = -1 EBADF (Bad file descriptor)
27456<bash> 22:19:18 setpgid(27456<bash>, 27408 <unfinished ...>
27455<bash> 22:19:18 rt_sigprocmask(SIG_BLOCK, NULL <unfinished ...>
27456<bash> 22:19:18 <... setpgid resumed>) = 0
27455<bash> 22:19:18 <... rt_sigprocmask resumed>, [CHLD], 8) = 0
27456<bash> 22:19:18 close(5<pipe:[147081]> <unfinished ...>
27455<bash> 22:19:18 rt_sigprocmask(SIG_BLOCK, [INT TERM CHLD] <unfinished ...>
27456<bash> 22:19:18 <... close resumed>) = 0
27456<bash> 22:19:18 close(6<pipe:[147081]> <unfinished ...>
27455<bash> 22:19:18 <... rt_sigprocmask resumed>, [CHLD], 8) = 0
27456<bash> 22:19:18 <... close resumed>) = 0
27455<bash> 22:19:18 rt_sigaction(SIGTERM, {sa_handler=SIG_DFL, sa_mask=[], sa_flags=SA_RESTORER, sa_restorer=0x7fa306ca35b0} <unfinished ...>
27456<bash> 22:19:18 close(3<pipe:[147080]> <unfinished ...>
27455<bash> 22:19:18 <... rt_sigaction resumed>, {sa_handler=SIG_DFL, sa_mask=[], sa_flags=SA_RESTORER, sa_restorer=0x7fa306ca35b0}, 8) = 0
27456<bash> 22:19:18 <... close resumed>) = 0
27455<bash> 22:19:18 rt_sigprocmask(SIG_BLOCK, ~[] <unfinished ...>
27456<bash> 22:19:18 dup2(4<pipe:[147080]>, 1<pipe:[147078]> <unfinished ...>
27455<bash> 22:19:18 <... rt_sigprocmask resumed>, [INT TERM CHLD], 8) = 0
27456<bash> 22:19:18 <... dup2 resumed>) = 1<pipe:[147080]>
27455<bash> 22:19:18 clone(child_stack=NULL, flags=CLONE_CHILD_CLEARTID|CLONE_CHILD_SETTID|SIGCHLD <unfinished ...>
27456<bash> 22:19:18 close(4<pipe:[147080]>) = 0
27456<bash> 22:19:18 rt_sigaction(SIGHUP, {sa_handler=SIG_DFL, sa_mask=[], sa_flags=SA_RESTORER, sa_restorer=0x7fa306ca35b0}, NULL, 8) = 0
27455<bash> 22:19:18 <... clone resumed>, child_tidptr=0x7fa306c86a10) = 27457<bash>
27457<bash> 22:19:18 set_robust_list(0x7fa306c86a20, 24 <unfinished ...>
27456<bash> 22:19:18 rt_sigaction(SIGILL, {sa_handler=SIG_DFL, sa_mask=[], sa_flags=SA_RESTORER, sa_restorer=0x7fa306ca35b0} <unfinished ...>
27457<bash> 22:19:18 <... set_robust_list resumed>) = 0
27455<bash> 22:19:18 rt_sigprocmask(SIG_SETMASK, [INT TERM CHLD] <unfinished ...>
27457<bash> 22:19:18 rt_sigprocmask(SIG_SETMASK, [INT TERM CHLD] <unfinished ...>
27456<bash> 22:19:18 <... rt_sigaction resumed>, NULL, 8) = 0
27455<bash> 22:19:18 <... rt_sigprocmask resumed>, NULL, 8) = 0
27457<bash> 22:19:18 <... rt_sigprocmask resumed>, NULL, 8) = 0
27456<bash> 22:19:18 rt_sigaction(SIGTRAP, {sa_handler=SIG_DFL, sa_mask=[], sa_flags=SA_RESTORER, sa_restorer=0x7fa306ca35b0} <unfinished ...>
27455<bash> 22:19:18 rt_sigaction(SIGTERM, {sa_handler=SIG_DFL, sa_mask=[], sa_flags=SA_RESTORER, sa_restorer=0x7fa306ca35b0} <unfinished ...>
27457<bash> 22:19:18 getpid( <unfinished ...>
27456<bash> 22:19:18 <... rt_sigaction resumed>, NULL, 8) = 0
27455<bash> 22:19:18 <... rt_sigaction resumed>, {sa_handler=SIG_DFL, sa_mask=[], sa_flags=SA_RESTORER, sa_restorer=0x7fa306ca35b0}, 8) = 0
27457<bash> 22:19:18 <... getpid resumed>) = 27457<bash>
27456<bash> 22:19:18 rt_sigprocmask(SIG_BLOCK, ~[] <unfinished ...>
27457<bash> 22:19:18 rt_sigprocmask(SIG_SETMASK, [] <unfinished ...>
27455<bash> 22:19:18 setpgid(27457<bash>, 27408 <unfinished ...>
27457<bash> 22:19:18 <... rt_sigprocmask resumed>, NULL, 8) = 0
27456<bash> 22:19:18 <... rt_sigprocmask resumed>, [], 8) = 0
27457<bash> 22:19:18 rt_sigaction(SIGTSTP, {sa_handler=SIG_IGN, sa_mask=[], sa_flags=SA_RESTORER, sa_restorer=0x7fa306ca35b0} <unfinished ...>
27455<bash> 22:19:18 <... setpgid resumed>) = 0
27456<bash> 22:19:18 rt_sigaction(SIGABRT, {sa_handler=SIG_DFL, sa_mask=[], sa_flags=SA_RESTORER, sa_restorer=0x7fa306ca35b0} <unfinished ...>
27457<bash> 22:19:18 <... rt_sigaction resumed>, {sa_handler=SIG_IGN, sa_mask=[], sa_flags=SA_RESTORER, sa_restorer=0x7fa306ca35b0}, 8) = 0
27455<bash> 22:19:18 rt_sigprocmask(SIG_SETMASK, [CHLD] <unfinished ...>
27456<bash> 22:19:18 <... rt_sigaction resumed>, NULL, 8) = 0
27457<bash> 22:19:18 rt_sigaction(SIGTTIN, {sa_handler=SIG_IGN, sa_mask=[], sa_flags=SA_RESTORER, sa_restorer=0x7fa306ca35b0} <unfinished ...>
27456<bash> 22:19:18 rt_sigprocmask(SIG_SETMASK, [] <unfinished ...>
27455<bash> 22:19:18 <... rt_sigprocmask resumed>, NULL, 8) = 0
27457<bash> 22:19:18 <... rt_sigaction resumed>, {sa_handler=SIG_IGN, sa_mask=[], sa_flags=SA_RESTORER, sa_restorer=0x7fa306ca35b0}, 8) = 0
27456<bash> 22:19:18 <... rt_sigprocmask resumed>, NULL, 8) = 0
27455<bash> 22:19:18 close(3<pipe:[147080]> <unfinished ...>
27457<bash> 22:19:18 rt_sigaction(SIGTTOU, {sa_handler=SIG_IGN, sa_mask=[], sa_flags=SA_RESTORER, sa_restorer=0x7fa306ca35b0} <unfinished ...>
27456<bash> 22:19:18 rt_sigaction(SIGFPE, {sa_handler=SIG_DFL, sa_mask=[], sa_flags=SA_RESTORER, sa_restorer=0x7fa306ca35b0} <unfinished ...>
27457<bash> 22:19:18 <... rt_sigaction resumed>, {sa_handler=SIG_IGN, sa_mask=[], sa_flags=SA_RESTORER, sa_restorer=0x7fa306ca35b0}, 8) = 0
27455<bash> 22:19:18 <... close resumed>) = 0
27456<bash> 22:19:18 <... rt_sigaction resumed>, NULL, 8) = 0
27457<bash> 22:19:18 setpgid(27457<bash>, 27408 <unfinished ...>
27456<bash> 22:19:18 rt_sigaction(SIGBUS, {sa_handler=SIG_DFL, sa_mask=[], sa_flags=SA_RESTORER, sa_restorer=0x7fa306ca35b0} <unfinished ...>
27455<bash> 22:19:18 rt_sigprocmask(SIG_BLOCK, [CHLD] <unfinished ...>
27457<bash> 22:19:18 <... setpgid resumed>) = 0
27456<bash> 22:19:18 <... rt_sigaction resumed>, NULL, 8) = 0
27456<bash> 22:19:18 rt_sigaction(SIGSEGV, {sa_handler=SIG_DFL, sa_mask=[], sa_flags=SA_RESTORER, sa_restorer=0x7fa306ca35b0} <unfinished ...>
27455<bash> 22:19:18 <... rt_sigprocmask resumed>, [CHLD], 8) = 0
27457<bash> 22:19:18 close(5<pipe:[147081]> <unfinished ...>
27456<bash> 22:19:18 <... rt_sigaction resumed>, NULL, 8) = 0
27455<bash> 22:19:18 close(5<pipe:[147081]> <unfinished ...>
27457<bash> 22:19:18 <... close resumed>) = 0
27456<bash> 22:19:18 rt_sigaction(SIGSYS, {sa_handler=SIG_DFL, sa_mask=[], sa_flags=SA_RESTORER, sa_restorer=0x7fa306ca35b0} <unfinished ...>
27455<bash> 22:19:18 <... close resumed>) = 0
27457<bash> 22:19:18 close(6<pipe:[147081]> <unfinished ...>
27456<bash> 22:19:18 <... rt_sigaction resumed>, NULL, 8) = 0
27455<bash> 22:19:18 close(6<pipe:[147081]> <unfinished ...>
27457<bash> 22:19:18 <... close resumed>) = 0
27456<bash> 22:19:18 rt_sigaction(SIGPIPE, {sa_handler=SIG_DFL, sa_mask=[], sa_flags=SA_RESTORER, sa_restorer=0x7fa306ca35b0} <unfinished ...>
27455<bash> 22:19:18 <... close resumed>) = 0
27457<bash> 22:19:18 dup2(3<pipe:[147080]>, 0</dev/pts/6<char 136:6>> <unfinished ...>
27456<bash> 22:19:18 <... rt_sigaction resumed>, NULL, 8) = 0
27457<bash> 22:19:18 <... dup2 resumed>) = 0<pipe:[147080]>
27455<bash> 22:19:18 rt_sigprocmask(SIG_SETMASK, [CHLD] <unfinished ...>
27457<bash> 22:19:18 close(3<pipe:[147080]> <unfinished ...>
27456<bash> 22:19:18 rt_sigaction(SIGALRM, {sa_handler=SIG_DFL, sa_mask=[], sa_flags=SA_RESTORER, sa_restorer=0x7fa306ca35b0} <unfinished ...>
27457<bash> 22:19:18 <... close resumed>) = 0
27455<bash> 22:19:18 <... rt_sigprocmask resumed>, NULL, 8) = 0
27456<bash> 22:19:18 <... rt_sigaction resumed>, NULL, 8) = 0
27455<bash> 22:19:18 rt_sigprocmask(SIG_BLOCK, [CHLD] <unfinished ...>
27456<bash> 22:19:18 rt_sigaction(SIGXCPU, {sa_handler=SIG_DFL, sa_mask=[], sa_flags=SA_RESTORER, sa_restorer=0x7fa306ca35b0} <unfinished ...>
27455<bash> 22:19:18 <... rt_sigprocmask resumed>, [CHLD], 8) = 0
27456<bash> 22:19:18 <... rt_sigaction resumed>, NULL, 8) = 0
27455<bash> 22:19:18 rt_sigaction(SIGINT, {sa_handler=0x55e6ca002d80, sa_mask=[], sa_flags=SA_RESTORER, sa_restorer=0x7fa306ca35b0} <unfinished ...>
27456<bash> 22:19:18 rt_sigaction(SIGXFSZ, {sa_handler=SIG_DFL, sa_mask=[], sa_flags=SA_RESTORER, sa_restorer=0x7fa306ca35b0} <unfinished ...>
27455<bash> 22:19:18 <... rt_sigaction resumed>, {sa_handler=0x55e6ca0352c0, sa_mask=[], sa_flags=SA_RESTORER, sa_restorer=0x7fa306ca35b0}, 8) = 0
27456<bash> 22:19:18 <... rt_sigaction resumed>, NULL, 8) = 0
27455<bash> 22:19:18 wait4(-1 <unfinished ...>
27457<bash> 22:19:18 newfstatat(AT_FDCWD</home/catastor>, "." <unfinished ...>
27456<bash> 22:19:18 rt_sigaction(SIGVTALRM, {sa_handler=SIG_DFL, sa_mask=[], sa_flags=SA_RESTORER, sa_restorer=0x7fa306ca35b0} <unfinished ...>
27457<bash> 22:19:18 <... newfstatat resumed>, {st_mode=S_IFDIR|0700, st_size=716, ...}, 0) = 0
27456<bash> 22:19:18 <... rt_sigaction resumed>, NULL, 8) = 0
27457<bash> 22:19:18 newfstatat(AT_FDCWD</home/catastor>, "/home/catastor/.local/bin/sed" <unfinished ...>
27456<bash> 22:19:18 rt_sigaction(SIGUSR1, {sa_handler=SIG_DFL, sa_mask=[], sa_flags=SA_RESTORER, sa_restorer=0x7fa306ca35b0} <unfinished ...>
27457<bash> 22:19:18 <... newfstatat resumed>, 0x7ffee29a73c0, 0) = -1 ENOENT (No such file or directory)
27456<bash> 22:19:18 <... rt_sigaction resumed>, NULL, 8) = 0
27457<bash> 22:19:18 newfstatat(AT_FDCWD</home/catastor>, "/home/catastor/bin/sed" <unfinished ...>
27456<bash> 22:19:18 rt_sigaction(SIGUSR2, {sa_handler=SIG_DFL, sa_mask=[], sa_flags=SA_RESTORER, sa_restorer=0x7fa306ca35b0} <unfinished ...>
27457<bash> 22:19:18 <... newfstatat resumed>, 0x7ffee29a73c0, 0) = -1 ENOENT (No such file or directory)
27456<bash> 22:19:18 <... rt_sigaction resumed>, NULL, 8) = 0
27457<bash> 22:19:18 newfstatat(AT_FDCWD</home/catastor>, "/usr/local/bin/sed" <unfinished ...>
27456<bash> 22:19:18 rt_sigaction(SIGINT, {sa_handler=SIG_DFL, sa_mask=[], sa_flags=SA_RESTORER, sa_restorer=0x7fa306ca35b0} <unfinished ...>
27457<bash> 22:19:18 <... newfstatat resumed>, 0x7ffee29a73c0, 0) = -1 ENOENT (No such file or directory)
27456<bash> 22:19:18 <... rt_sigaction resumed>, {sa_handler=0x55e6ca0352c0, sa_mask=[], sa_flags=SA_RESTORER, sa_restorer=0x7fa306ca35b0}, 8) = 0
27457<bash> 22:19:18 newfstatat(AT_FDCWD</home/catastor>, "/usr/bin/sed" <unfinished ...>
27456<bash> 22:19:18 rt_sigaction(SIGQUIT, {sa_handler=SIG_DFL, sa_mask=[], sa_flags=SA_RESTORER, sa_restorer=0x7fa306ca35b0} <unfinished ...>
27457<bash> 22:19:18 <... newfstatat resumed>, {st_mode=S_IFREG|0755, st_size=119888, ...}, 0) = 0
27456<bash> 22:19:18 <... rt_sigaction resumed>, {sa_handler=SIG_DFL, sa_mask=[], sa_flags=SA_RESTORER, sa_restorer=0x7fa306ca35b0}, 8) = 0
27457<bash> 22:19:18 newfstatat(AT_FDCWD</home/catastor>, "/usr/bin/sed" <unfinished ...>
27456<bash> 22:19:18 rt_sigaction(SIGTERM, {sa_handler=SIG_DFL, sa_mask=[], sa_flags=SA_RESTORER, sa_restorer=0x7fa306ca35b0} <unfinished ...>
27457<bash> 22:19:18 <... newfstatat resumed>, {st_mode=S_IFREG|0755, st_size=119888, ...}, 0) = 0
27456<bash> 22:19:18 <... rt_sigaction resumed>, {sa_handler=SIG_DFL, sa_mask=[], sa_flags=SA_RESTORER, sa_restorer=0x7fa306ca35b0}, 8) = 0
27457<bash> 22:19:18 geteuid( <unfinished ...>
27456<bash> 22:19:18 rt_sigaction(SIGCHLD, {sa_handler=SIG_DFL, sa_mask=[], sa_flags=SA_RESTORER|SA_RESTART, sa_restorer=0x7fa306ca35b0} <unfinished ...>
27457<bash> 22:19:18 <... geteuid resumed>) = 1000
27456<bash> 22:19:18 <... rt_sigaction resumed>, {sa_handler=0x55e6ca0068d0, sa_mask=[], sa_flags=SA_RESTORER|SA_RESTART, sa_restorer=0x7fa306ca35b0}, 8) = 0
27457<bash> 22:19:18 getegid()          = 1000
27456<bash> 22:19:18 pipe2( <unfinished ...>
27457<bash> 22:19:18 getuid()           = 1000
27456<bash> 22:19:18 <... pipe2 resumed>[3<pipe:[148519]>, 4<pipe:[148519]>], 0) = 0
27457<bash> 22:19:18 getgid( <unfinished ...>
27456<bash> 22:19:18 close(3<pipe:[148519]> <unfinished ...>
27457<bash> 22:19:18 <... getgid resumed>) = 1000
27456<bash> 22:19:18 <... close resumed>) = 0
27457<bash> 22:19:18 access("/usr/bin/sed", X_OK <unfinished ...>
27456<bash> 22:19:18 close(4<pipe:[148519]> <unfinished ...>
27457<bash> 22:19:18 <... access resumed>) = 0
27456<bash> 22:19:18 <... close resumed>) = 0
27457<bash> 22:19:18 newfstatat(AT_FDCWD</home/catastor>, "/usr/bin/sed" <unfinished ...>
27456<bash> 22:19:18 rt_sigprocmask(SIG_BLOCK, [CHLD] <unfinished ...>
27457<bash> 22:19:18 <... newfstatat resumed>, {st_mode=S_IFREG|0755, st_size=119888, ...}, 0) = 0
27456<bash> 22:19:18 <... rt_sigprocmask resumed>, [], 8) = 0
27457<bash> 22:19:18 geteuid( <unfinished ...>
27456<bash> 22:19:18 rt_sigprocmask(SIG_SETMASK, [] <unfinished ...>
27457<bash> 22:19:18 <... geteuid resumed>) = 1000
27456<bash> 22:19:18 <... rt_sigprocmask resumed>, NULL, 8) = 0
27457<bash> 22:19:18 getegid( <unfinished ...>
27456<bash> 22:19:18 rt_sigaction(SIGCHLD, {sa_handler=0x55e6ca0068d0, sa_mask=[], sa_flags=SA_RESTORER|SA_RESTART, sa_restorer=0x7fa306ca35b0} <unfinished ...>
27457<bash> 22:19:18 <... getegid resumed>) = 1000
27456<bash> 22:19:18 <... rt_sigaction resumed>, {sa_handler=SIG_DFL, sa_mask=[], sa_flags=SA_RESTORER|SA_RESTART, sa_restorer=0x7fa306ca35b0}, 8) = 0
27457<bash> 22:19:18 getuid( <unfinished ...>
27456<bash> 22:19:18 rt_sigaction(SIGINT, {sa_handler=0x55e6ca0352c0, sa_mask=[], sa_flags=SA_RESTORER, sa_restorer=0x7fa306ca35b0} <unfinished ...>
27457<bash> 22:19:18 <... getuid resumed>) = 1000
27456<bash> 22:19:18 <... rt_sigaction resumed>, {sa_handler=SIG_DFL, sa_mask=[], sa_flags=SA_RESTORER, sa_restorer=0x7fa306ca35b0}, 8) = 0
27457<bash> 22:19:18 getgid()           = 1000
27456<bash> 22:19:18 write(1<pipe:[147080]>, "/home/catastor\n", 15 <unfinished ...>
27457<bash> 22:19:18 access("/usr/bin/sed", R_OK <unfinished ...>
27456<bash> 22:19:18 <... write resumed>) = 15
27457<bash> 22:19:18 <... access resumed>) = 0
27457<bash> 22:19:18 rt_sigaction(SIGHUP, {sa_handler=SIG_DFL, sa_mask=[], sa_flags=SA_RESTORER, sa_restorer=0x7fa306ca35b0} <unfinished ...>
27456<bash> 22:19:18 exit_group(0 <unfinished ...>
27457<bash> 22:19:18 <... rt_sigaction resumed>, NULL, 8) = 0
27456<bash> 22:19:18 <... exit_group resumed>) = ?
27457<bash> 22:19:18 rt_sigaction(SIGILL, {sa_handler=SIG_DFL, sa_mask=[], sa_flags=SA_RESTORER, sa_restorer=0x7fa306ca35b0}, NULL, 8) = 0
27457<bash> 22:19:18 rt_sigaction(SIGTRAP, {sa_handler=SIG_DFL, sa_mask=[], sa_flags=SA_RESTORER, sa_restorer=0x7fa306ca35b0}, NULL, 8) = 0
27456<bash> 22:19:18 +++ exited with 0 +++
27457<bash> 22:19:18 rt_sigprocmask(SIG_BLOCK, ~[] <unfinished ...>
27455<bash> 22:19:18 <... wait4 resumed>, [{WIFEXITED(s) && WEXITSTATUS(s) == 0}], 0, NULL) = 27456
27457<bash> 22:19:18 <... rt_sigprocmask resumed>, [], 8) = 0
27455<bash> 22:19:18 wait4(-1 <unfinished ...>
27457<bash> 22:19:18 rt_sigaction(SIGABRT, {sa_handler=SIG_DFL, sa_mask=[], sa_flags=SA_RESTORER, sa_restorer=0x7fa306ca35b0}, NULL, 8) = 0
27457<bash> 22:19:18 rt_sigprocmask(SIG_SETMASK, [], NULL, 8) = 0
27457<bash> 22:19:18 rt_sigaction(SIGFPE, {sa_handler=SIG_DFL, sa_mask=[], sa_flags=SA_RESTORER, sa_restorer=0x7fa306ca35b0}, NULL, 8) = 0
27457<bash> 22:19:18 rt_sigaction(SIGBUS, {sa_handler=SIG_DFL, sa_mask=[], sa_flags=SA_RESTORER, sa_restorer=0x7fa306ca35b0}, NULL, 8) = 0
27457<bash> 22:19:18 rt_sigaction(SIGSEGV, {sa_handler=SIG_DFL, sa_mask=[], sa_flags=SA_RESTORER, sa_restorer=0x7fa306ca35b0}, NULL, 8) = 0
27457<bash> 22:19:18 rt_sigaction(SIGSYS, {sa_handler=SIG_DFL, sa_mask=[], sa_flags=SA_RESTORER, sa_restorer=0x7fa306ca35b0}, NULL, 8) = 0
27457<bash> 22:19:18 rt_sigaction(SIGPIPE, {sa_handler=SIG_DFL, sa_mask=[], sa_flags=SA_RESTORER, sa_restorer=0x7fa306ca35b0}, NULL, 8) = 0
27457<bash> 22:19:18 rt_sigaction(SIGALRM, {sa_handler=SIG_DFL, sa_mask=[], sa_flags=SA_RESTORER, sa_restorer=0x7fa306ca35b0}, NULL, 8) = 0
27457<bash> 22:19:18 rt_sigaction(SIGXCPU, {sa_handler=SIG_DFL, sa_mask=[], sa_flags=SA_RESTORER, sa_restorer=0x7fa306ca35b0}, NULL, 8) = 0
27457<bash> 22:19:18 rt_sigaction(SIGXFSZ, {sa_handler=SIG_DFL, sa_mask=[], sa_flags=SA_RESTORER, sa_restorer=0x7fa306ca35b0}, NULL, 8) = 0
27457<bash> 22:19:18 rt_sigaction(SIGVTALRM, {sa_handler=SIG_DFL, sa_mask=[], sa_flags=SA_RESTORER, sa_restorer=0x7fa306ca35b0}, NULL, 8) = 0
27457<bash> 22:19:18 rt_sigaction(SIGUSR1, {sa_handler=SIG_DFL, sa_mask=[], sa_flags=SA_RESTORER, sa_restorer=0x7fa306ca35b0}, NULL, 8) = 0
27457<bash> 22:19:18 rt_sigaction(SIGUSR2, {sa_handler=SIG_DFL, sa_mask=[], sa_flags=SA_RESTORER, sa_restorer=0x7fa306ca35b0}, NULL, 8) = 0
27457<bash> 22:19:18 rt_sigaction(SIGINT, {sa_handler=SIG_DFL, sa_mask=[], sa_flags=SA_RESTORER, sa_restorer=0x7fa306ca35b0}, {sa_handler=0x55e6ca0352c0, sa_mask=[], sa_flags=SA_RESTORER, sa_restorer=0x7fa306ca35b0}, 8) = 0
27457<bash> 22:19:18 rt_sigaction(SIGQUIT, {sa_handler=SIG_DFL, sa_mask=[], sa_flags=SA_RESTORER, sa_restorer=0x7fa306ca35b0}, {sa_handler=SIG_DFL, sa_mask=[], sa_flags=SA_RESTORER, sa_restorer=0x7fa306ca35b0}, 8) = 0
27457<bash> 22:19:18 rt_sigaction(SIGTERM, {sa_handler=SIG_DFL, sa_mask=[], sa_flags=SA_RESTORER, sa_restorer=0x7fa306ca35b0}, {sa_handler=SIG_DFL, sa_mask=[], sa_flags=SA_RESTORER, sa_restorer=0x7fa306ca35b0}, 8) = 0
27457<bash> 22:19:18 rt_sigaction(SIGCHLD, {sa_handler=SIG_DFL, sa_mask=[], sa_flags=SA_RESTORER|SA_RESTART, sa_restorer=0x7fa306ca35b0}, {sa_handler=0x55e6ca0068d0, sa_mask=[], sa_flags=SA_RESTORER|SA_RESTART, sa_restorer=0x7fa306ca35b0}, 8) = 0
27457<bash> 22:19:18 execve("/usr/bin/sed", ["sed", "-e", "s/\\\\/\\\\x5c/g", "-e", "s/;/\\\\x3b/g", "-e", "s/[[:cntrl:]]/\342\215\260/g"], 0x55e6cc5bae50 /* 35 vars */) = 0
27457<sed> 22:19:18 brk(NULL)           = 0x55cc88d07000
27457<sed> 22:19:18 access("/etc/ld.so.preload", R_OK) = -1 ENOENT (No such file or directory)
27457<sed> 22:19:18 openat(AT_FDCWD</home/catastor>, "/etc/ld.so.cache", O_RDONLY|O_CLOEXEC) = 3</etc/ld.so.cache>
27457<sed> 22:19:18 fstat(3</etc/ld.so.cache>, {st_mode=S_IFREG|0644, st_size=74499, ...}) = 0
27457<sed> 22:19:18 mmap(NULL, 74499, PROT_READ, MAP_PRIVATE, 3</etc/ld.so.cache>, 0) = 0x7f3e0b65a000
27457<sed> 22:19:18 close(3</etc/ld.so.cache>) = 0
27457<sed> 22:19:18 openat(AT_FDCWD</home/catastor>, "/lib64/libacl.so.1", O_RDONLY|O_CLOEXEC) = 3</usr/lib64/libacl.so.1.1.2302>
27457<sed> 22:19:18 read(3</usr/lib64/libacl.so.1.1.2302>, "\177ELF\2\1\1\0\0\0\0\0\0\0\0\0\3\0>\0\1\0\0\0\0\0\0\0\0\0\0\0"..., 832) = 832
27457<sed> 22:19:18 fstat(3</usr/lib64/libacl.so.1.1.2302>, {st_mode=S_IFREG|0755, st_size=36600, ...}) = 0
27457<sed> 22:19:18 mmap(NULL, 8192, PROT_READ|PROT_WRITE, MAP_PRIVATE|MAP_ANONYMOUS, -1, 0) = 0x7f3e0b658000
27457<sed> 22:19:18 mmap(NULL, 36888, PROT_READ|PROT_EXEC, MAP_PRIVATE|MAP_DENYWRITE, 3</usr/lib64/libacl.so.1.1.2302>, 0) = 0x7f3e0b64e000
27457<sed> 22:19:18 mmap(0x7f3e0b653000, 12288, PROT_READ, MAP_PRIVATE|MAP_FIXED|MAP_DENYWRITE, 3</usr/lib64/libacl.so.1.1.2302>, 0x5000) = 0x7f3e0b653000
27457<sed> 22:19:18 mmap(0x7f3e0b656000, 4096, PROT_READ|PROT_WRITE, MAP_PRIVATE|MAP_FIXED|MAP_DENYWRITE, 3</usr/lib64/libacl.so.1.1.2302>, 0x7000) = 0x7f3e0b656000
27457<sed> 22:19:18 mmap(0x7f3e0b657000, 24, PROT_READ|PROT_WRITE, MAP_PRIVATE|MAP_FIXED|MAP_ANONYMOUS, -1, 0) = 0x7f3e0b657000
27457<sed> 22:19:18 close(3</usr/lib64/libacl.so.1.1.2302>) = 0
27457<sed> 22:19:18 openat(AT_FDCWD</home/catastor>, "/lib64/libselinux.so.1", O_RDONLY|O_CLOEXEC) = 3</usr/lib64/libselinux.so.1>
27457<sed> 22:19:18 read(3</usr/lib64/libselinux.so.1>, "\177ELF\2\1\1\0\0\0\0\0\0\0\0\0\3\0>\0\1\0\0\0\0\0\0\0\0\0\0\0"..., 832) = 832
27457<sed> 22:19:18 fstat(3</usr/lib64/libselinux.so.1>, {st_mode=S_IFREG|0755, st_size=204752, ...}) = 0
27457<sed> 22:19:18 mmap(NULL, 206288, PROT_READ|PROT_EXEC, MAP_PRIVATE|MAP_DENYWRITE, 3</usr/lib64/libselinux.so.1>, 0) = 0x7f3e0b61b000
27457<sed> 22:19:18 mmap(0x7f3e0b63c000, 57344, PROT_READ, MAP_PRIVATE|MAP_FIXED|MAP_DENYWRITE, 3</usr/lib64/libselinux.so.1>, 0x21000) = 0x7f3e0b63c000
27457<sed> 22:19:18 mmap(0x7f3e0b64a000, 8192, PROT_READ|PROT_WRITE, MAP_PRIVATE|MAP_FIXED|MAP_DENYWRITE, 3</usr/lib64/libselinux.so.1>, 0x2f000) = 0x7f3e0b64a000
27457<sed> 22:19:18 mmap(0x7f3e0b64c000, 5584, PROT_READ|PROT_WRITE, MAP_PRIVATE|MAP_FIXED|MAP_ANONYMOUS, -1, 0) = 0x7f3e0b64c000
27457<sed> 22:19:18 close(3</usr/lib64/libselinux.so.1>) = 0
27457<sed> 22:19:18 openat(AT_FDCWD</home/catastor>, "/lib64/libc.so.6", O_RDONLY|O_CLOEXEC) = 3</usr/lib64/libc.so.6>
27457<sed> 22:19:18 read(3</usr/lib64/libc.so.6>, "\177ELF\2\1\1\3\0\0\0\0\0\0\0\0\3\0>\0\1\0\0\0\2408\0\0\0\0\0\0"..., 832) = 832
27457<sed> 22:19:18 pread64(3</usr/lib64/libc.so.6>, "\6\0\0\0\4\0\0\0@\0\0\0\0\0\0\0@\0\0\0\0\0\0\0@\0\0\0\0\0\0\0"..., 784, 64) = 784
27457<sed> 22:19:18 fstat(3</usr/lib64/libc.so.6>, {st_mode=S_IFREG|0755, st_size=2490288, ...}) = 0
27457<sed> 22:19:18 pread64(3</usr/lib64/libc.so.6>, "\6\0\0\0\4\0\0\0@\0\0\0\0\0\0\0@\0\0\0\0\0\0\0@\0\0\0\0\0\0\0"..., 784, 64) = 784
27457<sed> 22:19:18 mmap(NULL, 2075504, PROT_READ|PROT_EXEC, MAP_PRIVATE|MAP_DENYWRITE, 3</usr/lib64/libc.so.6>, 0) = 0x7f3e0b420000
27457<sed> 22:19:18 mmap(0x7f3e0b594000, 495616, PROT_READ, MAP_PRIVATE|MAP_FIXED|MAP_DENYWRITE, 3</usr/lib64/libc.so.6>, 0x174000) = 0x7f3e0b594000
27457<sed> 22:19:18 mmap(0x7f3e0b60d000, 24576, PROT_READ|PROT_WRITE, MAP_PRIVATE|MAP_FIXED|MAP_DENYWRITE, 3</usr/lib64/libc.so.6>, 0x1ed000) = 0x7f3e0b60d000
27457<sed> 22:19:18 mmap(0x7f3e0b613000, 31600, PROT_READ|PROT_WRITE, MAP_PRIVATE|MAP_FIXED|MAP_ANONYMOUS, -1, 0) = 0x7f3e0b613000
27457<sed> 22:19:18 close(3</usr/lib64/libc.so.6>) = 0
27457<sed> 22:19:18 openat(AT_FDCWD</home/catastor>, "/lib64/libattr.so.1", O_RDONLY|O_CLOEXEC) = 3</usr/lib64/libattr.so.1.1.2502>
27457<sed> 22:19:18 read(3</usr/lib64/libattr.so.1.1.2502>, "\177ELF\2\1\1\0\0\0\0\0\0\0\0\0\3\0>\0\1\0\0\0\0\0\0\0\0\0\0\0"..., 832) = 832
27457<sed> 22:19:18 fstat(3</usr/lib64/libattr.so.1.1.2502>, {st_mode=S_IFREG|0755, st_size=24000, ...}) = 0
27457<sed> 22:19:18 mmap(NULL, 24592, PROT_READ|PROT_EXEC, MAP_PRIVATE|MAP_DENYWRITE, 3</usr/lib64/libattr.so.1.1.2502>, 0) = 0x7f3e0b419000
27457<sed> 22:19:18 mmap(0x7f3e0b41c000, 8192, PROT_READ, MAP_PRIVATE|MAP_FIXED|MAP_DENYWRITE, 3</usr/lib64/libattr.so.1.1.2502>, 0x3000) = 0x7f3e0b41c000
27457<sed> 22:19:18 mmap(0x7f3e0b41e000, 4096, PROT_READ|PROT_WRITE, MAP_PRIVATE|MAP_FIXED|MAP_DENYWRITE, 3</usr/lib64/libattr.so.1.1.2502>, 0x4000) = 0x7f3e0b41e000
27457<sed> 22:19:18 mmap(0x7f3e0b41f000, 16, PROT_READ|PROT_WRITE, MAP_PRIVATE|MAP_FIXED|MAP_ANONYMOUS, -1, 0) = 0x7f3e0b41f000
27457<sed> 22:19:18 close(3</usr/lib64/libattr.so.1.1.2502>) = 0
27457<sed> 22:19:18 openat(AT_FDCWD</home/catastor>, "/lib64/libpcre2-8.so.0", O_RDONLY|O_CLOEXEC) = 3</usr/lib64/libpcre2-8.so.0.15.0>
27457<sed> 22:19:18 read(3</usr/lib64/libpcre2-8.so.0.15.0>, "\177ELF\2\1\1\0\0\0\0\0\0\0\0\0\3\0>\0\1\0\0\0\0\0\0\0\0\0\0\0"..., 832) = 832
27457<sed> 22:19:18 fstat(3</usr/lib64/libpcre2-8.so.0.15.0>, {st_mode=S_IFREG|0755, st_size=724280, ...}) = 0
27457<sed> 22:19:18 mmap(NULL, 721368, PROT_READ|PROT_EXEC, MAP_PRIVATE|MAP_DENYWRITE, 3</usr/lib64/libpcre2-8.so.0.15.0>, 0) = 0x7f3e0b368000
27457<sed> 22:19:18 mmap(0x7f3e0b3e9000, 188416, PROT_READ, MAP_PRIVATE|MAP_FIXED|MAP_DENYWRITE, 3</usr/lib64/libpcre2-8.so.0.15.0>, 0x81000) = 0x7f3e0b3e9000
27457<sed> 22:19:18 mmap(0x7f3e0b417000, 8192, PROT_READ|PROT_WRITE, MAP_PRIVATE|MAP_FIXED|MAP_DENYWRITE, 3</usr/lib64/libpcre2-8.so.0.15.0>, 0xae000) = 0x7f3e0b417000
27457<sed> 22:19:18 close(3</usr/lib64/libpcre2-8.so.0.15.0>) = 0
27457<sed> 22:19:18 mmap(NULL, 8192, PROT_READ|PROT_WRITE, MAP_PRIVATE|MAP_ANONYMOUS, -1, 0) = 0x7f3e0b366000
27457<sed> 22:19:18 mmap(NULL, 8192, PROT_READ|PROT_WRITE, MAP_PRIVATE|MAP_ANONYMOUS, -1, 0) = 0x7f3e0b364000
27457<sed> 22:19:18 arch_prctl(ARCH_SET_FS, 0x7f3e0b367640) = 0
27457<sed> 22:19:18 set_tid_address(0x7f3e0b367c68) = 27457<sed>
27457<sed> 22:19:18 set_robust_list(0x7f3e0b367920, 24) = 0
27457<sed> 22:19:18 rseq({cpu_id_start=0, cpu_id=RSEQ_CPU_ID_UNINITIALIZED, rseq_cs=NULL, flags=0, node_id=0, mm_cid=0, slice_ctrl={request=0, granted=0, __reserved=0}, __reserved=0}, 32, 0, 0x53053053) = 0
27457<sed> 22:19:18 mprotect(0x7f3e0b60d000, 16384, PROT_READ) = 0
27457<sed> 22:19:18 mprotect(0x7f3e0b417000, 4096, PROT_READ) = 0
27457<sed> 22:19:18 mprotect(0x7f3e0b41e000, 4096, PROT_READ) = 0
27457<sed> 22:19:18 mprotect(0x7f3e0b64a000, 4096, PROT_READ) = 0
27457<sed> 22:19:18 mprotect(0x7f3e0b656000, 4096, PROT_READ) = 0
27457<sed> 22:19:18 mprotect(0x55cc87ad4000, 4096, PROT_READ) = 0
27457<sed> 22:19:18 mprotect(0x7f3e0b6ab000, 8192, PROT_READ) = 0
27457<sed> 22:19:18 prlimit64(0, RLIMIT_STACK, NULL, {rlim_cur=8192*1024, rlim_max=RLIM64_INFINITY}) = 0
27457<sed> 22:19:18 getrandom("\x82\x32\xb8\xd3\x7e\x6f\xfc\x28", 8, GRND_NONBLOCK) = 8
27457<sed> 22:19:18 munmap(0x7f3e0b65a000, 74499) = 0
27457<sed> 22:19:18 statfs("/sys/fs/selinux", {f_type=SELINUX_MAGIC, f_bsize=4096, f_blocks=0, f_bfree=0, f_bavail=0, f_files=0, f_ffree=0, f_fsid={val=[0x15, 0]}, f_namelen=255, f_frsize=4096, f_flags=ST_VALID|ST_NOSUID|ST_NOEXEC|ST_RELATIME}) = 0
27457<sed> 22:19:18 statfs("/sys/fs/selinux", {f_type=SELINUX_MAGIC, f_bsize=4096, f_blocks=0, f_bfree=0, f_bavail=0, f_files=0, f_ffree=0, f_fsid={val=[0x15, 0]}, f_namelen=255, f_frsize=4096, f_flags=ST_VALID|ST_NOSUID|ST_NOEXEC|ST_RELATIME}) = 0
27457<sed> 22:19:18 brk(NULL)           = 0x55cc88d07000
27457<sed> 22:19:18 brk(0x55cc88d28000) = 0x55cc88d28000
27457<sed> 22:19:18 access("/etc/selinux/config", F_OK) = 0
27457<sed> 22:19:18 openat(AT_FDCWD</home/catastor>, "/usr/lib/locale/locale-archive", O_RDONLY|O_CLOEXEC) = 3</usr/lib/locale/locale-archive>
27457<sed> 22:19:18 fstat(3</usr/lib/locale/locale-archive>, {st_mode=S_IFREG|0644, st_size=233380912, ...}) = 0
27457<sed> 22:19:18 mmap(NULL, 233380912, PROT_READ, MAP_PRIVATE, 3</usr/lib/locale/locale-archive>, 0) = 0x7f3dfd400000
27457<sed> 22:19:18 close(3</usr/lib/locale/locale-archive>) = 0
27457<sed> 22:19:18 openat(AT_FDCWD</home/catastor>, "/usr/lib64/gconv/gconv-modules.cache", O_RDONLY|O_CLOEXEC) = 3</usr/lib64/gconv/gconv-modules.cache>
27457<sed> 22:19:18 fstat(3</usr/lib64/gconv/gconv-modules.cache>, {st_mode=S_IFREG|0644, st_size=27012, ...}) = 0
27457<sed> 22:19:18 mmap(NULL, 27012, PROT_READ, MAP_SHARED, 3</usr/lib64/gconv/gconv-modules.cache>, 0) = 0x7f3e0b666000
27457<sed> 22:19:18 close(3</usr/lib64/gconv/gconv-modules.cache>) = 0
27457<sed> 22:19:18 futex(0x7f3e0b6126ec, FUTEX_WAKE_PRIVATE, 2147483647) = 0
27457<sed> 22:19:18 fstat(0<pipe:[147080]>, {st_mode=S_IFIFO|0600, st_size=0, ...}) = 0
27457<sed> 22:19:18 read(0<pipe:[147080]>, "/home/catastor\n", 4096) = 15
27457<sed> 22:19:18 fstat(1<pipe:[147078]>, {st_mode=S_IFIFO|0600, st_size=0, ...}) = 0
27457<sed> 22:19:18 read(0<pipe:[147080]>, "", 4096) = 0
27457<sed> 22:19:18 write(1<pipe:[147078]>, "/home/catastor\n", 15) = 15
27453<bash> 22:19:18 <... read resumed>, "/home/catastor\n", 4096) = 15
27457<sed> 22:19:18 close(1<pipe:[147078]>) = 0
27453<bash> 22:19:18 read(3<pipe:[147078]> <unfinished ...>
27457<sed> 22:19:18 exit_group(0)       = ?
27457<sed> 22:19:18 +++ exited with 0 +++
27455<bash> 22:19:18 <... wait4 resumed>, [{WIFEXITED(s) && WEXITSTATUS(s) == 0}], 0, NULL) = 27457
27455<bash> 22:19:18 rt_sigaction(SIGINT, {sa_handler=0x55e6ca0352c0, sa_mask=[], sa_flags=SA_RESTORER, sa_restorer=0x7fa306ca35b0}, {sa_handler=0x55e6ca002d80, sa_mask=[], sa_flags=SA_RESTORER, sa_restorer=0x7fa306ca35b0}, 8) = 0
27455<bash> 22:19:18 rt_sigprocmask(SIG_BLOCK, [CHLD TSTP TTIN TTOU], [CHLD], 8) = 0
27455<bash> 22:19:18 ioctl(255</dev/pts/6<char 136:6>>, TIOCSPGRP, [27408]) = 0
27455<bash> 22:19:18 rt_sigprocmask(SIG_SETMASK, [CHLD], NULL, 8) = 0
27455<bash> 22:19:18 rt_sigprocmask(SIG_SETMASK, [CHLD], NULL, 8) = 0
27455<bash> 22:19:18 close(3)           = -1 EBADF (Bad file descriptor)
27455<bash> 22:19:18 rt_sigprocmask(SIG_SETMASK, [], NULL, 8) = 0
27455<bash> 22:19:18 --- SIGCHLD {si_signo=SIGCHLD, si_code=CLD_EXITED, si_pid=27456, si_uid=1000, si_status=0, si_utime=0, si_stime=0} ---
27455<bash> 22:19:18 wait4(-1, 0x7ffee29a7294, WNOHANG, NULL) = -1 ECHILD (No child processes)
27455<bash> 22:19:18 rt_sigreturn({mask=[]}) = 0
27455<bash> 22:19:18 exit_group(0)      = ?
27455<bash> 22:19:18 +++ exited with 0 +++
27453<bash> 22:19:18 <... read resumed>, "", 4096) = 0
27453<bash> 22:19:18 --- SIGCHLD {si_signo=SIGCHLD, si_code=CLD_EXITED, si_pid=27455<bash>, si_uid=1000, si_status=0, si_utime=0, si_stime=0} ---
27453<bash> 22:19:18 wait4(-1, [{WIFEXITED(s) && WEXITSTATUS(s) == 0}], WNOHANG, NULL) = 27455
27453<bash> 22:19:18 wait4(-1, 0x7ffee29a6a94, WNOHANG, NULL) = -1 ECHILD (No child processes)
27453<bash> 22:19:18 rt_sigreturn({mask=[INT]}) = 0
27453<bash> 22:19:18 close(3<pipe:[147078]>) = 0
27453<bash> 22:19:18 rt_sigprocmask(SIG_SETMASK, [], NULL, 8) = 0
27453<bash> 22:19:18 rt_sigprocmask(SIG_BLOCK, [CHLD], [], 8) = 0
27453<bash> 22:19:18 rt_sigaction(SIGINT, {sa_handler=0x55e6ca002d80, sa_mask=[], sa_flags=SA_RESTORER, sa_restorer=0x7fa306ca35b0}, {sa_handler=0x55e6ca0352c0, sa_mask=[], sa_flags=SA_RESTORER, sa_restorer=0x7fa306ca35b0}, 8) = 0
27453<bash> 22:19:18 rt_sigaction(SIGINT, {sa_handler=0x55e6ca0352c0, sa_mask=[], sa_flags=SA_RESTORER, sa_restorer=0x7fa306ca35b0}, {sa_handler=0x55e6ca002d80, sa_mask=[], sa_flags=SA_RESTORER, sa_restorer=0x7fa306ca35b0}, 8) = 0
27453<bash> 22:19:18 rt_sigprocmask(SIG_SETMASK, [], NULL, 8) = 0
27453<bash> 22:19:18 rt_sigprocmask(SIG_BLOCK, [CHLD], [], 8) = 0
27453<bash> 22:19:18 rt_sigprocmask(SIG_SETMASK, [], NULL, 8) = 0
27453<bash> 22:19:18 write(1<pipe:[145937]>, "\33]3008;start=7d20f874-8167-47ea-"..., 225) = 225
27408<bash> 22:19:18 <... read resumed>, "\33]3008;start=7d20f874-8167-47ea-"..., 4096) = 225
27408<bash> 22:19:18 read(3<pipe:[145937]> <unfinished ...>
27453<bash> 22:19:18 exit_group(0)      = ?
27453<bash> 22:19:18 +++ exited with 0 +++
27408<bash> 22:19:18 <... read resumed>, "", 4096) = 0
27408<bash> 22:19:18 --- SIGCHLD {si_signo=SIGCHLD, si_code=CLD_EXITED, si_pid=27453<bash>, si_uid=1000, si_status=0, si_utime=0, si_stime=0} ---
27408<bash> 22:19:18 wait4(-1, [{WIFEXITED(s) && WEXITSTATUS(s) == 0}], WNOHANG|WSTOPPED|WCONTINUED, NULL) = 27453
27408<bash> 22:19:18 wait4(-1, 0x7ffee29a7994, WNOHANG|WSTOPPED|WCONTINUED, NULL) = -1 ECHILD (No child processes)
27408<bash> 22:19:18 rt_sigreturn({mask=[INT]}) = 0
27408<bash> 22:19:18 close(3<pipe:[145937]>) = 0
27408<bash> 22:19:18 rt_sigprocmask(SIG_SETMASK, [], NULL, 8) = 0
27408<bash> 22:19:18 rt_sigprocmask(SIG_BLOCK, [CHLD], [], 8) = 0
27408<bash> 22:19:18 rt_sigprocmask(SIG_SETMASK, [], NULL, 8) = 0
27408<bash> 22:19:18 rt_sigprocmask(SIG_BLOCK, [CHLD], [], 8) = 0
27408<bash> 22:19:18 rt_sigprocmask(SIG_SETMASK, [], NULL, 8) = 0
27408<bash> 22:19:18 write(2</dev/pts/6<char 136:6>>, "\33]3008;start=7d20f874-8167-47ea-"..., 225) = 225
27407<sshd-session> 22:19:18 <... ppoll resumed>) = 1 ([{fd=14, revents=POLLIN}])
27408<bash> 22:19:18 newfstatat(AT_FDCWD</home/catastor>, "." <unfinished ...>
27407<sshd-session> 22:19:18 rt_sigprocmask(SIG_SETMASK, [] <unfinished ...>
27408<bash> 22:19:18 <... newfstatat resumed>, {st_mode=S_IFDIR|0700, st_size=716, ...}, 0) = 0
27407<sshd-session> 22:19:18 <... rt_sigprocmask resumed>, NULL, 8) = 0
27408<bash> 22:19:18 newfstatat(AT_FDCWD</home/catastor>, "/home/catastor/.local/bin/whoami" <unfinished ...>
27407<sshd-session> 22:19:18 read(14</dev/ptmx<char 5:2 @/dev/pts/6>> <unfinished ...>
27408<bash> 22:19:18 <... newfstatat resumed>, 0x7ffee29a9ff0, 0) = -1 ENOENT (No such file or directory)
27407<sshd-session> 22:19:18 <... read resumed>, "\33]3008;start=7d20f874-8167-47ea-"..., 32768) = 225
27408<bash> 22:19:18 newfstatat(AT_FDCWD</home/catastor>, "/home/catastor/bin/whoami" <unfinished ...>
27407<sshd-session> 22:19:18 rt_sigprocmask(SIG_BLOCK, [CHLD] <unfinished ...>
27408<bash> 22:19:18 <... newfstatat resumed>, 0x7ffee29a9ff0, 0) = -1 ENOENT (No such file or directory)
27407<sshd-session> 22:19:18 <... rt_sigprocmask resumed>, [], 8) = 0
27408<bash> 22:19:18 newfstatat(AT_FDCWD</home/catastor>, "/usr/local/bin/whoami" <unfinished ...>
27407<sshd-session> 22:19:18 ppoll([{fd=7<TCP:[127.0.0.1:22->127.0.0.1:60704]>, events=POLLIN}, {fd=7<TCP:[127.0.0.1:22->127.0.0.1:60704]>, events=POLLOUT}, {fd=14</dev/ptmx<char 5:2 @/dev/pts/6>>, events=POLLIN}], 3, NULL, [], 8 <unfinished ...>
27408<bash> 22:19:18 <... newfstatat resumed>, 0x7ffee29a9ff0, 0) = -1 ENOENT (No such file or directory)
27407<sshd-session> 22:19:18 <... ppoll resumed>) = 1 ([{fd=7, revents=POLLOUT}])
27408<bash> 22:19:18 newfstatat(AT_FDCWD</home/catastor>, "/usr/bin/whoami" <unfinished ...>
27407<sshd-session> 22:19:18 rt_sigprocmask(SIG_SETMASK, [] <unfinished ...>
27408<bash> 22:19:18 <... newfstatat resumed>, {st_mode=S_IFREG|0755, st_size=32496, ...}, 0) = 0
27407<sshd-session> 22:19:18 <... rt_sigprocmask resumed>, NULL, 8) = 0
27408<bash> 22:19:18 newfstatat(AT_FDCWD</home/catastor>, "/usr/bin/whoami" <unfinished ...>
27407<sshd-session> 22:19:18 write(7<TCP:[127.0.0.1:22->127.0.0.1:60704]>, "\0\0\0\360\20;\340\376F\202\307\230\16J\367:~5&\30\212@3r\302(\344@\247;\20\203"..., 260 <unfinished ...>
27408<bash> 22:19:18 <... newfstatat resumed>, {st_mode=S_IFREG|0755, st_size=32496, ...}, 0) = 0
27408<bash> 22:19:18 geteuid( <unfinished ...>
27407<sshd-session> 22:19:18 <... write resumed>) = 260
27408<bash> 22:19:18 <... geteuid resumed>) = 1000
27407<sshd-session> 22:19:18 rt_sigprocmask(SIG_BLOCK, [CHLD] <unfinished ...>
27408<bash> 22:19:18 getegid( <unfinished ...>
27407<sshd-session> 22:19:18 <... rt_sigprocmask resumed>, [], 8) = 0
27408<bash> 22:19:18 <... getegid resumed>) = 1000
27407<sshd-session> 22:19:18 ppoll([{fd=7<TCP:[127.0.0.1:22->127.0.0.1:60704]>, events=POLLIN}, {fd=7<TCP:[127.0.0.1:22->127.0.0.1:60704]>, events=0}, {fd=14</dev/ptmx<char 5:2 @/dev/pts/6>>, events=POLLIN}], 3, NULL, [], 8 <unfinished ...>
27408<bash> 22:19:18 getuid()           = 1000
27408<bash> 22:19:18 getgid()           = 1000
27408<bash> 22:19:18 access("/usr/bin/whoami", X_OK) = 0
27408<bash> 22:19:18 newfstatat(AT_FDCWD</home/catastor>, "/usr/bin/whoami", {st_mode=S_IFREG|0755, st_size=32496, ...}, 0) = 0
27408<bash> 22:19:18 geteuid()          = 1000
27408<bash> 22:19:18 getegid()          = 1000
27408<bash> 22:19:18 getuid()           = 1000
27408<bash> 22:19:18 getgid()           = 1000
27408<bash> 22:19:18 access("/usr/bin/whoami", R_OK) = 0
27408<bash> 22:19:18 rt_sigprocmask(SIG_BLOCK, NULL, [], 8) = 0
27408<bash> 22:19:18 rt_sigprocmask(SIG_BLOCK, [INT TERM CHLD], [], 8) = 0
27408<bash> 22:19:18 rt_sigaction(SIGTERM, {sa_handler=SIG_DFL, sa_mask=[], sa_flags=SA_RESTORER, sa_restorer=0x7fa306ca35b0}, {sa_handler=SIG_IGN, sa_mask=[], sa_flags=SA_RESTORER, sa_restorer=0x7fa306ca35b0}, 8) = 0
27408<bash> 22:19:18 pipe2([3<pipe:[148522]>, 4<pipe:[148522]>], 0) = 0
27408<bash> 22:19:18 rt_sigprocmask(SIG_BLOCK, ~[], [INT TERM CHLD], 8) = 0
27408<bash> 22:19:18 clone(child_stack=NULL, flags=CLONE_CHILD_CLEARTID|CLONE_CHILD_SETTID|SIGCHLD <unfinished ...>
27458<bash> 22:19:18 set_robust_list(0x7fa306c86a20, 24 <unfinished ...>
27408<bash> 22:19:18 <... clone resumed>, child_tidptr=0x7fa306c86a10) = 27458<bash>
27458<bash> 22:19:18 <... set_robust_list resumed>) = 0
27408<bash> 22:19:18 rt_sigprocmask(SIG_SETMASK, [INT TERM CHLD] <unfinished ...>
27458<bash> 22:19:18 rt_sigprocmask(SIG_SETMASK, [INT TERM CHLD] <unfinished ...>
27408<bash> 22:19:18 <... rt_sigprocmask resumed>, NULL, 8) = 0
27458<bash> 22:19:18 <... rt_sigprocmask resumed>, NULL, 8) = 0
27408<bash> 22:19:18 rt_sigaction(SIGTERM, {sa_handler=SIG_IGN, sa_mask=[], sa_flags=SA_RESTORER, sa_restorer=0x7fa306ca35b0} <unfinished ...>
27458<bash> 22:19:18 getpid( <unfinished ...>
27408<bash> 22:19:18 <... rt_sigaction resumed>, {sa_handler=SIG_DFL, sa_mask=[], sa_flags=SA_RESTORER, sa_restorer=0x7fa306ca35b0}, 8) = 0
27458<bash> 22:19:18 <... getpid resumed>) = 27458<bash>
27408<bash> 22:19:18 setpgid(27458<bash>, 27458 <unfinished ...>
27458<bash> 22:19:18 rt_sigprocmask(SIG_SETMASK, [] <unfinished ...>
27408<bash> 22:19:18 <... setpgid resumed>) = 0
27458<bash> 22:19:18 <... rt_sigprocmask resumed>, NULL, 8) = 0
27458<bash> 22:19:18 rt_sigaction(SIGTSTP, {sa_handler=SIG_DFL, sa_mask=[], sa_flags=SA_RESTORER, sa_restorer=0x7fa306ca35b0} <unfinished ...>
27408<bash> 22:19:18 rt_sigprocmask(SIG_SETMASK, [] <unfinished ...>
27458<bash> 22:19:18 <... rt_sigaction resumed>, {sa_handler=SIG_IGN, sa_mask=[], sa_flags=SA_RESTORER, sa_restorer=0x7fa306ca35b0}, 8) = 0
27408<bash> 22:19:18 <... rt_sigprocmask resumed>, NULL, 8) = 0
27458<bash> 22:19:18 rt_sigaction(SIGTTIN, {sa_handler=SIG_DFL, sa_mask=[], sa_flags=SA_RESTORER, sa_restorer=0x7fa306ca35b0}, {sa_handler=SIG_IGN, sa_mask=[], sa_flags=SA_RESTORER, sa_restorer=0x7fa306ca35b0}, 8) = 0
27408<bash> 22:19:18 rt_sigprocmask(SIG_BLOCK, [CHLD] <unfinished ...>
27458<bash> 22:19:18 rt_sigaction(SIGTTOU, {sa_handler=SIG_DFL, sa_mask=[], sa_flags=SA_RESTORER, sa_restorer=0x7fa306ca35b0} <unfinished ...>
27408<bash> 22:19:18 <... rt_sigprocmask resumed>, [], 8) = 0
27458<bash> 22:19:18 <... rt_sigaction resumed>, {sa_handler=SIG_IGN, sa_mask=[], sa_flags=SA_RESTORER, sa_restorer=0x7fa306ca35b0}, 8) = 0
27408<bash> 22:19:18 close(3<pipe:[148522]> <unfinished ...>
27458<bash> 22:19:18 setpgid(27458<bash>, 27458 <unfinished ...>
27408<bash> 22:19:18 <... close resumed>) = 0
27458<bash> 22:19:18 <... setpgid resumed>) = 0
27408<bash> 22:19:18 close(4<pipe:[148522]> <unfinished ...>
27458<bash> 22:19:18 rt_sigprocmask(SIG_BLOCK, [CHLD TSTP TTIN TTOU] <unfinished ...>
27408<bash> 22:19:18 <... close resumed>) = 0
27458<bash> 22:19:18 <... rt_sigprocmask resumed>, [], 8) = 0
27408<bash> 22:19:18 rt_sigprocmask(SIG_SETMASK, [] <unfinished ...>
27458<bash> 22:19:18 ioctl(255</dev/pts/6<char 136:6>>, TIOCSPGRP, [27458] <unfinished ...>
27408<bash> 22:19:18 <... rt_sigprocmask resumed>, NULL, 8) = 0
27458<bash> 22:19:18 <... ioctl resumed>) = 0
27408<bash> 22:19:18 rt_sigprocmask(SIG_BLOCK, [CHLD] <unfinished ...>
27458<bash> 22:19:18 rt_sigprocmask(SIG_SETMASK, [] <unfinished ...>
27408<bash> 22:19:18 <... rt_sigprocmask resumed>, [], 8) = 0
27458<bash> 22:19:18 <... rt_sigprocmask resumed>, NULL, 8) = 0
27408<bash> 22:19:18 wait4(-1 <unfinished ...>
27458<bash> 22:19:18 close(4<pipe:[148522]>) = 0
27458<bash> 22:19:18 read(3<pipe:[148522]>, "", 1) = 0
27458<bash> 22:19:18 close(3<pipe:[148522]>) = 0
27458<bash> 22:19:18 rt_sigaction(SIGHUP, {sa_handler=SIG_DFL, sa_mask=[], sa_flags=SA_RESTORER, sa_restorer=0x7fa306ca35b0}, NULL, 8) = 0
27458<bash> 22:19:18 rt_sigaction(SIGILL, {sa_handler=SIG_DFL, sa_mask=[], sa_flags=SA_RESTORER, sa_restorer=0x7fa306ca35b0}, NULL, 8) = 0
27458<bash> 22:19:18 rt_sigaction(SIGTRAP, {sa_handler=SIG_DFL, sa_mask=[], sa_flags=SA_RESTORER, sa_restorer=0x7fa306ca35b0}, NULL, 8) = 0
27458<bash> 22:19:18 rt_sigprocmask(SIG_BLOCK, ~[], [], 8) = 0
27458<bash> 22:19:18 rt_sigaction(SIGABRT, {sa_handler=SIG_DFL, sa_mask=[], sa_flags=SA_RESTORER, sa_restorer=0x7fa306ca35b0}, NULL, 8) = 0
27458<bash> 22:19:18 rt_sigprocmask(SIG_SETMASK, [], NULL, 8) = 0
27458<bash> 22:19:18 rt_sigaction(SIGFPE, {sa_handler=SIG_DFL, sa_mask=[], sa_flags=SA_RESTORER, sa_restorer=0x7fa306ca35b0}, NULL, 8) = 0
27458<bash> 22:19:18 rt_sigaction(SIGBUS, {sa_handler=SIG_DFL, sa_mask=[], sa_flags=SA_RESTORER, sa_restorer=0x7fa306ca35b0}, NULL, 8) = 0
27458<bash> 22:19:18 rt_sigaction(SIGSEGV, {sa_handler=SIG_DFL, sa_mask=[], sa_flags=SA_RESTORER, sa_restorer=0x7fa306ca35b0}, NULL, 8) = 0
27458<bash> 22:19:18 rt_sigaction(SIGSYS, {sa_handler=SIG_DFL, sa_mask=[], sa_flags=SA_RESTORER, sa_restorer=0x7fa306ca35b0}, NULL, 8) = 0
27458<bash> 22:19:18 rt_sigaction(SIGPIPE, {sa_handler=SIG_DFL, sa_mask=[], sa_flags=SA_RESTORER, sa_restorer=0x7fa306ca35b0}, NULL, 8) = 0
27458<bash> 22:19:18 rt_sigaction(SIGALRM, {sa_handler=SIG_DFL, sa_mask=[], sa_flags=SA_RESTORER, sa_restorer=0x7fa306ca35b0}, NULL, 8) = 0
27458<bash> 22:19:18 rt_sigaction(SIGXCPU, {sa_handler=SIG_DFL, sa_mask=[], sa_flags=SA_RESTORER, sa_restorer=0x7fa306ca35b0}, NULL, 8) = 0
27458<bash> 22:19:18 rt_sigaction(SIGXFSZ, {sa_handler=SIG_DFL, sa_mask=[], sa_flags=SA_RESTORER, sa_restorer=0x7fa306ca35b0}, NULL, 8) = 0
27458<bash> 22:19:18 rt_sigaction(SIGVTALRM, {sa_handler=SIG_DFL, sa_mask=[], sa_flags=SA_RESTORER, sa_restorer=0x7fa306ca35b0}, NULL, 8) = 0
27458<bash> 22:19:18 rt_sigaction(SIGUSR1, {sa_handler=SIG_DFL, sa_mask=[], sa_flags=SA_RESTORER, sa_restorer=0x7fa306ca35b0}, NULL, 8) = 0
27458<bash> 22:19:18 rt_sigaction(SIGUSR2, {sa_handler=SIG_DFL, sa_mask=[], sa_flags=SA_RESTORER, sa_restorer=0x7fa306ca35b0}, NULL, 8) = 0
27458<bash> 22:19:18 rt_sigaction(SIGINT, {sa_handler=SIG_DFL, sa_mask=[], sa_flags=SA_RESTORER, sa_restorer=0x7fa306ca35b0}, {sa_handler=0x55e6ca034cf0, sa_mask=[], sa_flags=SA_RESTORER, sa_restorer=0x7fa306ca35b0}, 8) = 0
27458<bash> 22:19:18 rt_sigaction(SIGQUIT, {sa_handler=SIG_DFL, sa_mask=[], sa_flags=SA_RESTORER, sa_restorer=0x7fa306ca35b0}, {sa_handler=SIG_IGN, sa_mask=[], sa_flags=SA_RESTORER, sa_restorer=0x7fa306ca35b0}, 8) = 0
27458<bash> 22:19:18 rt_sigaction(SIGTERM, {sa_handler=SIG_DFL, sa_mask=[], sa_flags=SA_RESTORER, sa_restorer=0x7fa306ca35b0}, {sa_handler=SIG_DFL, sa_mask=[], sa_flags=SA_RESTORER, sa_restorer=0x7fa306ca35b0}, 8) = 0
27458<bash> 22:19:18 rt_sigaction(SIGCHLD, {sa_handler=SIG_DFL, sa_mask=[], sa_flags=SA_RESTORER|SA_RESTART, sa_restorer=0x7fa306ca35b0}, {sa_handler=0x55e6ca0068d0, sa_mask=[], sa_flags=SA_RESTORER|SA_RESTART, sa_restorer=0x7fa306ca35b0}, 8) = 0
27458<bash> 22:19:18 execve("/usr/bin/whoami", ["whoami"], 0x55e6cc5bae50 /* 35 vars */) = 0
27458<whoami> 22:19:18 brk(NULL)        = 0x564da05aa000
27458<whoami> 22:19:18 access("/etc/ld.so.preload", R_OK) = -1 ENOENT (No such file or directory)
27458<whoami> 22:19:18 openat(AT_FDCWD</home/catastor>, "/etc/ld.so.cache", O_RDONLY|O_CLOEXEC) = 3</etc/ld.so.cache>
27458<whoami> 22:19:18 fstat(3</etc/ld.so.cache>, {st_mode=S_IFREG|0644, st_size=74499, ...}) = 0
27458<whoami> 22:19:18 mmap(NULL, 74499, PROT_READ, MAP_PRIVATE, 3</etc/ld.so.cache>, 0) = 0x7f95ca524000
27458<whoami> 22:19:18 close(3</etc/ld.so.cache>) = 0
27458<whoami> 22:19:18 openat(AT_FDCWD</home/catastor>, "/lib64/libc.so.6", O_RDONLY|O_CLOEXEC) = 3</usr/lib64/libc.so.6>
27458<whoami> 22:19:18 read(3</usr/lib64/libc.so.6>, "\177ELF\2\1\1\3\0\0\0\0\0\0\0\0\3\0>\0\1\0\0\0\2408\0\0\0\0\0\0"..., 832) = 832
27458<whoami> 22:19:18 pread64(3</usr/lib64/libc.so.6>, "\6\0\0\0\4\0\0\0@\0\0\0\0\0\0\0@\0\0\0\0\0\0\0@\0\0\0\0\0\0\0"..., 784, 64) = 784
27458<whoami> 22:19:18 fstat(3</usr/lib64/libc.so.6>, {st_mode=S_IFREG|0755, st_size=2490288, ...}) = 0
27458<whoami> 22:19:18 mmap(NULL, 8192, PROT_READ|PROT_WRITE, MAP_PRIVATE|MAP_ANONYMOUS, -1, 0) = 0x7f95ca522000
27458<whoami> 22:19:18 pread64(3</usr/lib64/libc.so.6>, "\6\0\0\0\4\0\0\0@\0\0\0\0\0\0\0@\0\0\0\0\0\0\0@\0\0\0\0\0\0\0"..., 784, 64) = 784
27458<whoami> 22:19:18 mmap(NULL, 2075504, PROT_READ|PROT_EXEC, MAP_PRIVATE|MAP_DENYWRITE, 3</usr/lib64/libc.so.6>, 0) = 0x7f95ca327000
27458<whoami> 22:19:18 mmap(0x7f95ca49b000, 495616, PROT_READ, MAP_PRIVATE|MAP_FIXED|MAP_DENYWRITE, 3</usr/lib64/libc.so.6>, 0x174000) = 0x7f95ca49b000
27458<whoami> 22:19:18 mmap(0x7f95ca514000, 24576, PROT_READ|PROT_WRITE, MAP_PRIVATE|MAP_FIXED|MAP_DENYWRITE, 3</usr/lib64/libc.so.6>, 0x1ed000) = 0x7f95ca514000
27458<whoami> 22:19:18 mmap(0x7f95ca51a000, 31600, PROT_READ|PROT_WRITE, MAP_PRIVATE|MAP_FIXED|MAP_ANONYMOUS, -1, 0) = 0x7f95ca51a000
27458<whoami> 22:19:18 close(3</usr/lib64/libc.so.6>) = 0
27458<whoami> 22:19:18 mmap(NULL, 12288, PROT_READ|PROT_WRITE, MAP_PRIVATE|MAP_ANONYMOUS, -1, 0) = 0x7f95ca324000
27458<whoami> 22:19:18 arch_prctl(ARCH_SET_FS, 0x7f95ca324740) = 0
27458<whoami> 22:19:18 set_tid_address(0x7f95ca324d68) = 27458<whoami>
27458<whoami> 22:19:18 set_robust_list(0x7f95ca324a20, 24) = 0
27458<whoami> 22:19:18 rseq({cpu_id_start=0, cpu_id=RSEQ_CPU_ID_UNINITIALIZED, rseq_cs=NULL, flags=0, node_id=0, mm_cid=0, slice_ctrl={request=0, granted=0, __reserved=0}, __reserved=0}, 32, 0, 0x53053053) = 0
27458<whoami> 22:19:18 mprotect(0x7f95ca514000, 16384, PROT_READ) = 0
27458<whoami> 22:19:18 mprotect(0x564d99267000, 4096, PROT_READ) = 0
27458<whoami> 22:19:18 mprotect(0x7f95ca575000, 8192, PROT_READ) = 0
27458<whoami> 22:19:18 prlimit64(0, RLIMIT_STACK, NULL, {rlim_cur=8192*1024, rlim_max=RLIM64_INFINITY}) = 0
27458<whoami> 22:19:18 getrandom("\x49\xb5\x67\x51\xa2\xa3\x09\x74", 8, GRND_NONBLOCK) = 8
27458<whoami> 22:19:18 munmap(0x7f95ca524000, 74499) = 0
27458<whoami> 22:19:18 brk(NULL)        = 0x564da05aa000
27458<whoami> 22:19:18 brk(0x564da05cb000) = 0x564da05cb000
27458<whoami> 22:19:18 openat(AT_FDCWD</home/catastor>, "/usr/lib/locale/locale-archive", O_RDONLY|O_CLOEXEC) = 3</usr/lib/locale/locale-archive>
27458<whoami> 22:19:18 fstat(3</usr/lib/locale/locale-archive>, {st_mode=S_IFREG|0644, st_size=233380912, ...}) = 0
27458<whoami> 22:19:18 mmap(NULL, 233380912, PROT_READ, MAP_PRIVATE, 3</usr/lib/locale/locale-archive>, 0) = 0x7f95bc400000
27458<whoami> 22:19:18 close(3</usr/lib/locale/locale-archive>) = 0
27458<whoami> 22:19:18 openat(AT_FDCWD</home/catastor>, "/usr/share/locale/locale.alias", O_RDONLY|O_CLOEXEC) = 3</usr/share/locale/locale.alias>
27458<whoami> 22:19:18 fstat(3</usr/share/locale/locale.alias>, {st_mode=S_IFREG|0644, st_size=2998, ...}) = 0
27458<whoami> 22:19:18 read(3</usr/share/locale/locale.alias>, "# Locale name alias data base.\n#"..., 4096) = 2998
27458<whoami> 22:19:18 read(3</usr/share/locale/locale.alias>, "", 4096) = 0
27458<whoami> 22:19:18 close(3</usr/share/locale/locale.alias>) = 0
27458<whoami> 22:19:18 openat(AT_FDCWD</home/catastor>, "/usr/share/locale/en_US.UTF-8/LC_MESSAGES/coreutils.mo", O_RDONLY) = -1 ENOENT (No such file or directory)
27458<whoami> 22:19:18 openat(AT_FDCWD</home/catastor>, "/usr/share/locale/en_US.utf8/LC_MESSAGES/coreutils.mo", O_RDONLY) = -1 ENOENT (No such file or directory)
27458<whoami> 22:19:18 openat(AT_FDCWD</home/catastor>, "/usr/share/locale/en_US/LC_MESSAGES/coreutils.mo", O_RDONLY) = -1 ENOENT (No such file or directory)
27458<whoami> 22:19:18 openat(AT_FDCWD</home/catastor>, "/usr/share/locale/en.UTF-8/LC_MESSAGES/coreutils.mo", O_RDONLY) = -1 ENOENT (No such file or directory)
27458<whoami> 22:19:18 openat(AT_FDCWD</home/catastor>, "/usr/share/locale/en.utf8/LC_MESSAGES/coreutils.mo", O_RDONLY) = -1 ENOENT (No such file or directory)
27458<whoami> 22:19:18 openat(AT_FDCWD</home/catastor>, "/usr/share/locale/en/LC_MESSAGES/coreutils.mo", O_RDONLY) = -1 ENOENT (No such file or directory)
27458<whoami> 22:19:18 openat(AT_FDCWD</home/catastor>, "/usr/lib64/gconv/gconv-modules.cache", O_RDONLY|O_CLOEXEC) = 3</usr/lib64/gconv/gconv-modules.cache>
27458<whoami> 22:19:18 fstat(3</usr/lib64/gconv/gconv-modules.cache>, {st_mode=S_IFREG|0644, st_size=27012, ...}) = 0
27458<whoami> 22:19:18 mmap(NULL, 27012, PROT_READ, MAP_SHARED, 3</usr/lib64/gconv/gconv-modules.cache>, 0) = 0x7f95ca530000
27458<whoami> 22:19:18 close(3</usr/lib64/gconv/gconv-modules.cache>) = 0
27458<whoami> 22:19:18 futex(0x7f95ca5196ec, FUTEX_WAKE_PRIVATE, 2147483647) = 0
27458<whoami> 22:19:18 geteuid()        = 1000
27458<whoami> 22:19:18 newfstatat(AT_FDCWD</home/catastor>, "/etc/nsswitch.conf", {st_mode=S_IFREG|0644, st_size=687, ...}, 0) = 0
27458<whoami> 22:19:18 newfstatat(AT_FDCWD</home/catastor>, "/", {st_mode=S_IFDIR|0555, st_size=154, ...}, 0) = 0
27458<whoami> 22:19:18 openat(AT_FDCWD</home/catastor>, "/etc/nsswitch.conf", O_RDONLY|O_CLOEXEC) = 3</etc/authselect/nsswitch.conf>
27458<whoami> 22:19:18 fstat(3</etc/authselect/nsswitch.conf>, {st_mode=S_IFREG|0644, st_size=687, ...}) = 0
27458<whoami> 22:19:18 read(3</etc/authselect/nsswitch.conf>, "# Generated by authselect\n# Do n"..., 4096) = 687
27458<whoami> 22:19:18 read(3</etc/authselect/nsswitch.conf>, "", 4096) = 0
27458<whoami> 22:19:18 fstat(3</etc/authselect/nsswitch.conf>, {st_mode=S_IFREG|0644, st_size=687, ...}) = 0
27458<whoami> 22:19:18 close(3</etc/authselect/nsswitch.conf>) = 0
27458<whoami> 22:19:18 openat(AT_FDCWD</home/catastor>, "/etc/passwd", O_RDONLY|O_CLOEXEC) = 3</etc/passwd>
27458<whoami> 22:19:18 fstat(3</etc/passwd>, {st_mode=S_IFREG|0644, st_size=3346, ...}) = 0
27458<whoami> 22:19:18 lseek(3</etc/passwd>, 0, SEEK_SET) = 0
27458<whoami> 22:19:18 read(3</etc/passwd>, "root:x:0:0:Super User:/root:/bin"..., 4096) = 3346
27458<whoami> 22:19:18 close(3</etc/passwd>) = 0
27458<whoami> 22:19:18 fstat(1</dev/pts/6<char 136:6>>, {st_mode=S_IFCHR|0620, st_rdev=makedev(0x88, 0x6), ...}) = 0
27458<whoami> 22:19:18 write(1</dev/pts/6<char 136:6>>, "catastor\n", 9) = 9
27407<sshd-session> 22:19:18 <... ppoll resumed>) = 1 ([{fd=14, revents=POLLIN}])
27458<whoami> 22:19:18 close(1</dev/pts/6<char 136:6>> <unfinished ...>
27407<sshd-session> 22:19:18 rt_sigprocmask(SIG_SETMASK, [] <unfinished ...>
27458<whoami> 22:19:18 <... close resumed>) = 0
27407<sshd-session> 22:19:18 <... rt_sigprocmask resumed>, NULL, 8) = 0
27458<whoami> 22:19:18 close(2</dev/pts/6<char 136:6>> <unfinished ...>
27407<sshd-session> 22:19:18 read(14</dev/ptmx<char 5:2 @/dev/pts/6>> <unfinished ...>
27458<whoami> 22:19:18 <... close resumed>) = 0
27407<sshd-session> 22:19:18 <... read resumed>, "catastor\r\n", 32768) = 10
27458<whoami> 22:19:18 exit_group(0 <unfinished ...>
27407<sshd-session> 22:19:18 rt_sigprocmask(SIG_BLOCK, [CHLD] <unfinished ...>
27458<whoami> 22:19:18 <... exit_group resumed>) = ?
27407<sshd-session> 22:19:18 <... rt_sigprocmask resumed>, [], 8) = 0
27407<sshd-session> 22:19:18 ppoll([{fd=7<TCP:[127.0.0.1:22->127.0.0.1:60704]>, events=POLLIN}, {fd=7<TCP:[127.0.0.1:22->127.0.0.1:60704]>, events=POLLOUT}, {fd=14</dev/ptmx<char 5:2 @/dev/pts/6>>, events=POLLIN}], 3, NULL, [], 8) = 1 ([{fd=7, revents=POLLOUT}])
27458<whoami> 22:19:18 +++ exited with 0 +++
27407<sshd-session> 22:19:18 rt_sigprocmask(SIG_SETMASK, [] <unfinished ...>
27408<bash> 22:19:18 <... wait4 resumed>, [{WIFEXITED(s) && WEXITSTATUS(s) == 0}], WSTOPPED|WCONTINUED, NULL) = 27458
27407<sshd-session> 22:19:18 <... rt_sigprocmask resumed>, NULL, 8) = 0
27408<bash> 22:19:18 rt_sigprocmask(SIG_BLOCK, [CHLD TSTP TTIN TTOU] <unfinished ...>
27407<sshd-session> 22:19:18 write(7<TCP:[127.0.0.1:22->127.0.0.1:60704]>, "\0\0\0 eY\276\312u\346\232\243F\204\360\267sC\240\217*\372v\36\203\7\253q\371Cj\371"..., 52 <unfinished ...>
27408<bash> 22:19:18 <... rt_sigprocmask resumed>, [CHLD], 8) = 0
27408<bash> 22:19:18 ioctl(255</dev/pts/6<char 136:6>>, TIOCSPGRP, [27408] <unfinished ...>
27407<sshd-session> 22:19:18 <... write resumed>) = 52
27408<bash> 22:19:18 <... ioctl resumed>) = 0
27407<sshd-session> 22:19:18 rt_sigprocmask(SIG_BLOCK, [CHLD] <unfinished ...>
27408<bash> 22:19:18 rt_sigprocmask(SIG_SETMASK, [CHLD], NULL, 8) = 0
27407<sshd-session> 22:19:18 <... rt_sigprocmask resumed>, [], 8) = 0
27408<bash> 22:19:18 ioctl(255</dev/pts/6<char 136:6>>, TCGETS2 <unfinished ...>
27407<sshd-session> 22:19:18 ppoll([{fd=7<TCP:[127.0.0.1:22->127.0.0.1:60704]>, events=POLLIN}, {fd=7<TCP:[127.0.0.1:22->127.0.0.1:60704]>, events=0}, {fd=14</dev/ptmx<char 5:2 @/dev/pts/6>>, events=POLLIN}], 3, NULL, [], 8 <unfinished ...>
27408<bash> 22:19:18 <... ioctl resumed>, {c_iflag=ICRNL|IXON|IUTF8, c_oflag=NL0|CR0|TAB0|BS0|VT0|FF0|OPOST|ONLCR, c_cflag=B38400|CS8|CREAD, c_lflag=ISIG|ICANON|ECHO|ECHOE|ECHOK|IEXTEN|ECHOCTL|ECHOKE, ...}) = 0
27408<bash> 22:19:18 ioctl(255</dev/pts/6<char 136:6>>, TIOCGWINSZ, {ws_row=39, ws_col=212, ws_xpixel=0, ws_ypixel=0}) = 0
27408<bash> 22:19:18 rt_sigprocmask(SIG_SETMASK, [], NULL, 8) = 0
27408<bash> 22:19:18 --- SIGCHLD {si_signo=SIGCHLD, si_code=CLD_EXITED, si_pid=27458, si_uid=1000, si_status=0, si_utime=0, si_stime=0} ---
27408<bash> 22:19:18 wait4(-1, 0x7ffee29a9b54, WNOHANG|WSTOPPED|WCONTINUED, NULL) = -1 ECHILD (No child processes)
27408<bash> 22:19:18 rt_sigreturn({mask=[]}) = 0
27408<bash> 22:19:18 rt_sigaction(SIGINT, {sa_handler=0x55e6ca034cf0, sa_mask=[], sa_flags=SA_RESTORER, sa_restorer=0x7fa306ca35b0}, {sa_handler=0x55e6ca034cf0, sa_mask=[], sa_flags=SA_RESTORER, sa_restorer=0x7fa306ca35b0}, 8) = 0
27408<bash> 22:19:18 rt_sigprocmask(SIG_BLOCK, NULL, [], 8) = 0
27408<bash> 22:19:18 write(1</dev/pts/6<char 136:6>>, "\33]0;catastor@fedora:~\7", 22) = 22
27407<sshd-session> 22:19:18 <... ppoll resumed>) = 1 ([{fd=14, revents=POLLIN}])
27408<bash> 22:19:18 rt_sigprocmask(SIG_BLOCK, NULL <unfinished ...>
27407<sshd-session> 22:19:18 rt_sigprocmask(SIG_SETMASK, [] <unfinished ...>
27408<bash> 22:19:18 <... rt_sigprocmask resumed>, [], 8) = 0
27407<sshd-session> 22:19:18 <... rt_sigprocmask resumed>, NULL, 8) = 0
27407<sshd-session> 22:19:18 read(14</dev/ptmx<char 5:2 @/dev/pts/6>> <unfinished ...>
27408<bash> 22:19:18 write(1</dev/pts/6<char 136:6>>, "\33]3008;end=7d20f874-8167-47ea-9b"..., 62 <unfinished ...>
27407<sshd-session> 22:19:18 <... read resumed>, "\33]0;catastor@fedora:~\7", 32768) = 22
27408<bash> 22:19:18 <... write resumed>) = 62
27407<sshd-session> 22:19:18 rt_sigprocmask(SIG_BLOCK, [CHLD] <unfinished ...>
27408<bash> 22:19:18 rt_sigprocmask(SIG_BLOCK, NULL <unfinished ...>
27407<sshd-session> 22:19:18 <... rt_sigprocmask resumed>, [], 8) = 0
27408<bash> 22:19:18 <... rt_sigprocmask resumed>, [], 8) = 0
27407<sshd-session> 22:19:18 ppoll([{fd=7<TCP:[127.0.0.1:22->127.0.0.1:60704]>, events=POLLIN}, {fd=7<TCP:[127.0.0.1:22->127.0.0.1:60704]>, events=POLLOUT}, {fd=14</dev/ptmx<char 5:2 @/dev/pts/6>>, events=POLLIN}], 3, NULL, [], 8 <unfinished ...>
27408<bash> 22:19:18 rt_sigprocmask(SIG_BLOCK, NULL <unfinished ...>
27407<sshd-session> 22:19:18 <... ppoll resumed>) = 2 ([{fd=7, revents=POLLOUT}, {fd=14, revents=POLLIN}])
27408<bash> 22:19:18 <... rt_sigprocmask resumed>, [], 8) = 0
27407<sshd-session> 22:19:18 rt_sigprocmask(SIG_SETMASK, [] <unfinished ...>
27408<bash> 22:19:18 pipe2( <unfinished ...>
27407<sshd-session> 22:19:18 <... rt_sigprocmask resumed>, NULL, 8) = 0
27408<bash> 22:19:18 <... pipe2 resumed>[3<pipe:[147793]>, 4<pipe:[147793]>], 0) = 0
27407<sshd-session> 22:19:18 read(14</dev/ptmx<char 5:2 @/dev/pts/6>> <unfinished ...>
27408<bash> 22:19:18 rt_sigprocmask(SIG_BLOCK, [CHLD] <unfinished ...>
27407<sshd-session> 22:19:18 <... read resumed>, "\33]3008;end=7d20f874-8167-47ea-9b"..., 32768) = 62
27408<bash> 22:19:18 <... rt_sigprocmask resumed>, [], 8) = 0
27407<sshd-session> 22:19:18 write(7<TCP:[127.0.0.1:22->127.0.0.1:60704]>, "\0\0\0000Kw\371\354\313\311\33;-\235\32\30\301\346=\27\357\257\352\336c6\242\224A\315\353\207"..., 68 <unfinished ...>
27408<bash> 22:19:18 rt_sigprocmask(SIG_SETMASK, [], NULL, 8) = 0
27407<sshd-session> 22:19:18 <... write resumed>) = 68
27408<bash> 22:19:18 rt_sigprocmask(SIG_BLOCK, NULL <unfinished ...>
27407<sshd-session> 22:19:18 rt_sigprocmask(SIG_BLOCK, [CHLD] <unfinished ...>
27408<bash> 22:19:18 <... rt_sigprocmask resumed>, [], 8) = 0
27407<sshd-session> 22:19:18 <... rt_sigprocmask resumed>, [], 8) = 0
27408<bash> 22:19:18 rt_sigprocmask(SIG_BLOCK, [INT TERM CHLD] <unfinished ...>
27407<sshd-session> 22:19:18 ppoll([{fd=7<TCP:[127.0.0.1:22->127.0.0.1:60704]>, events=POLLIN}, {fd=7<TCP:[127.0.0.1:22->127.0.0.1:60704]>, events=POLLOUT}, {fd=14</dev/ptmx<char 5:2 @/dev/pts/6>>, events=POLLIN}], 3, NULL, [], 8 <unfinished ...>
27408<bash> 22:19:18 <... rt_sigprocmask resumed>, [], 8) = 0
27407<sshd-session> 22:19:18 <... ppoll resumed>) = 1 ([{fd=7, revents=POLLOUT}])
27408<bash> 22:19:18 rt_sigaction(SIGTERM, {sa_handler=SIG_DFL, sa_mask=[], sa_flags=SA_RESTORER, sa_restorer=0x7fa306ca35b0}, {sa_handler=SIG_IGN, sa_mask=[], sa_flags=SA_RESTORER, sa_restorer=0x7fa306ca35b0}, 8) = 0
27407<sshd-session> 22:19:18 rt_sigprocmask(SIG_SETMASK, [] <unfinished ...>
27408<bash> 22:19:18 pipe2( <unfinished ...>
27407<sshd-session> 22:19:18 <... rt_sigprocmask resumed>, NULL, 8) = 0
27408<bash> 22:19:18 <... pipe2 resumed>[5<pipe:[145969]>, 6<pipe:[145969]>], 0) = 0
27407<sshd-session> 22:19:18 write(7<TCP:[127.0.0.1:22->127.0.0.1:60704]>, "\0\0\0P\305p\203\30M\273X\177\326.\20\241\304a\"6\0173G\344\203\356\263W\10\366\353\243"..., 100 <unfinished ...>
27408<bash> 22:19:18 rt_sigprocmask(SIG_BLOCK, ~[], [INT TERM CHLD], 8) = 0
27407<sshd-session> 22:19:18 <... write resumed>) = 100
27408<bash> 22:19:18 clone(child_stack=NULL, flags=CLONE_CHILD_CLEARTID|CLONE_CHILD_SETTID|SIGCHLD <unfinished ...>
27407<sshd-session> 22:19:18 rt_sigprocmask(SIG_BLOCK, [CHLD], [], 8) = 0
27407<sshd-session> 22:19:18 ppoll([{fd=7<TCP:[127.0.0.1:22->127.0.0.1:60704]>, events=POLLIN}, {fd=7<TCP:[127.0.0.1:22->127.0.0.1:60704]>, events=0}, {fd=14</dev/ptmx<char 5:2 @/dev/pts/6>>, events=POLLIN}], 3, NULL, [], 8 <unfinished ...>
27459<bash> 22:19:18 set_robust_list(0x7fa306c86a20, 24 <unfinished ...>
27408<bash> 22:19:18 <... clone resumed>, child_tidptr=0x7fa306c86a10) = 27459<bash>
27459<bash> 22:19:18 <... set_robust_list resumed>) = 0
27459<bash> 22:19:18 rt_sigprocmask(SIG_SETMASK, [INT TERM CHLD] <unfinished ...>
27408<bash> 22:19:18 rt_sigprocmask(SIG_SETMASK, [INT TERM CHLD] <unfinished ...>
27459<bash> 22:19:18 <... rt_sigprocmask resumed>, NULL, 8) = 0
27408<bash> 22:19:18 <... rt_sigprocmask resumed>, NULL, 8) = 0
27459<bash> 22:19:18 getpid( <unfinished ...>
27408<bash> 22:19:18 rt_sigaction(SIGTERM, {sa_handler=SIG_IGN, sa_mask=[], sa_flags=SA_RESTORER, sa_restorer=0x7fa306ca35b0} <unfinished ...>
27459<bash> 22:19:18 <... getpid resumed>) = 27459<bash>
27408<bash> 22:19:18 <... rt_sigaction resumed>, {sa_handler=SIG_DFL, sa_mask=[], sa_flags=SA_RESTORER, sa_restorer=0x7fa306ca35b0}, 8) = 0
27459<bash> 22:19:18 rt_sigprocmask(SIG_SETMASK, [], NULL, 8) = 0
27408<bash> 22:19:18 setpgid(27459<bash>, 27408 <unfinished ...>
27459<bash> 22:19:18 rt_sigaction(SIGTSTP, {sa_handler=SIG_IGN, sa_mask=[], sa_flags=SA_RESTORER, sa_restorer=0x7fa306ca35b0} <unfinished ...>
27408<bash> 22:19:18 <... setpgid resumed>) = 0
27459<bash> 22:19:18 <... rt_sigaction resumed>, {sa_handler=SIG_IGN, sa_mask=[], sa_flags=SA_RESTORER, sa_restorer=0x7fa306ca35b0}, 8) = 0
27459<bash> 22:19:18 rt_sigaction(SIGTTIN, {sa_handler=SIG_IGN, sa_mask=[], sa_flags=SA_RESTORER, sa_restorer=0x7fa306ca35b0} <unfinished ...>
27408<bash> 22:19:18 rt_sigprocmask(SIG_SETMASK, [] <unfinished ...>
27459<bash> 22:19:18 <... rt_sigaction resumed>, {sa_handler=SIG_IGN, sa_mask=[], sa_flags=SA_RESTORER, sa_restorer=0x7fa306ca35b0}, 8) = 0
27408<bash> 22:19:18 <... rt_sigprocmask resumed>, NULL, 8) = 0
27459<bash> 22:19:18 rt_sigaction(SIGTTOU, {sa_handler=SIG_IGN, sa_mask=[], sa_flags=SA_RESTORER, sa_restorer=0x7fa306ca35b0} <unfinished ...>
27408<bash> 22:19:18 rt_sigaction(SIGCHLD, {sa_handler=0x55e6ca0068d0, sa_mask=[], sa_flags=SA_RESTORER|SA_RESTART, sa_restorer=0x7fa306ca35b0} <unfinished ...>
27459<bash> 22:19:18 <... rt_sigaction resumed>, {sa_handler=SIG_IGN, sa_mask=[], sa_flags=SA_RESTORER, sa_restorer=0x7fa306ca35b0}, 8) = 0
27408<bash> 22:19:18 <... rt_sigaction resumed>, {sa_handler=0x55e6ca0068d0, sa_mask=[], sa_flags=SA_RESTORER|SA_RESTART, sa_restorer=0x7fa306ca35b0}, 8) = 0
27459<bash> 22:19:18 setpgid(27459<bash>, 27408 <unfinished ...>
27408<bash> 22:19:18 close(5<pipe:[145969]> <unfinished ...>
27459<bash> 22:19:18 <... setpgid resumed>) = 0
27408<bash> 22:19:18 <... close resumed>) = 0
27459<bash> 22:19:18 close(5<pipe:[145969]> <unfinished ...>
27408<bash> 22:19:18 close(6<pipe:[145969]> <unfinished ...>
27459<bash> 22:19:18 <... close resumed>) = 0
27459<bash> 22:19:18 close(6<pipe:[145969]> <unfinished ...>
27408<bash> 22:19:18 <... close resumed>) = 0
27459<bash> 22:19:18 <... close resumed>) = 0
27408<bash> 22:19:18 close(4<pipe:[147793]> <unfinished ...>
27459<bash> 22:19:18 rt_sigaction(SIGINT, {sa_handler=SIG_DFL, sa_mask=[], sa_flags=SA_RESTORER, sa_restorer=0x7fa306ca35b0} <unfinished ...>
27408<bash> 22:19:18 <... close resumed>) = 0
27459<bash> 22:19:18 <... rt_sigaction resumed>, {sa_handler=0x55e6ca034cf0, sa_mask=[], sa_flags=SA_RESTORER, sa_restorer=0x7fa306ca35b0}, 8) = 0
27459<bash> 22:19:18 rt_sigaction(SIGQUIT, {sa_handler=SIG_DFL, sa_mask=[], sa_flags=SA_RESTORER, sa_restorer=0x7fa306ca35b0} <unfinished ...>
27408<bash> 22:19:18 rt_sigprocmask(SIG_BLOCK, [INT] <unfinished ...>
27459<bash> 22:19:18 <... rt_sigaction resumed>, {sa_handler=SIG_IGN, sa_mask=[], sa_flags=SA_RESTORER, sa_restorer=0x7fa306ca35b0}, 8) = 0
27408<bash> 22:19:18 <... rt_sigprocmask resumed>, [], 8) = 0
27459<bash> 22:19:18 rt_sigaction(SIGTERM, {sa_handler=SIG_DFL, sa_mask=[], sa_flags=SA_RESTORER, sa_restorer=0x7fa306ca35b0} <unfinished ...>
27408<bash> 22:19:18 read(3<pipe:[147793]> <unfinished ...>
27459<bash> 22:19:18 <... rt_sigaction resumed>, {sa_handler=SIG_DFL, sa_mask=[], sa_flags=SA_RESTORER, sa_restorer=0x7fa306ca35b0}, 8) = 0
27459<bash> 22:19:18 rt_sigaction(SIGCHLD, {sa_handler=SIG_DFL, sa_mask=[], sa_flags=SA_RESTORER|SA_RESTART, sa_restorer=0x7fa306ca35b0}, {sa_handler=0x55e6ca0068d0, sa_mask=[], sa_flags=SA_RESTORER|SA_RESTART, sa_restorer=0x7fa306ca35b0}, 8) = 0
27459<bash> 22:19:18 rt_sigaction(SIGCHLD, {sa_handler=0x55e6ca0068d0, sa_mask=[], sa_flags=SA_RESTORER|SA_RESTART, sa_restorer=0x7fa306ca35b0}, {sa_handler=SIG_DFL, sa_mask=[], sa_flags=SA_RESTORER|SA_RESTART, sa_restorer=0x7fa306ca35b0}, 8) = 0
27459<bash> 22:19:18 rt_sigaction(SIGINT, {sa_handler=0x55e6ca0352c0, sa_mask=[], sa_flags=SA_RESTORER, sa_restorer=0x7fa306ca35b0}, {sa_handler=SIG_DFL, sa_mask=[], sa_flags=SA_RESTORER, sa_restorer=0x7fa306ca35b0}, 8) = 0
27459<bash> 22:19:18 dup2(4<pipe:[147793]>, 1</dev/pts/6<char 136:6>>) = 1<pipe:[147793]>
27459<bash> 22:19:18 close(4<pipe:[147793]>) = 0
27459<bash> 22:19:18 close(3<pipe:[147793]>) = 0
27459<bash> 22:19:18 rt_sigprocmask(SIG_BLOCK, NULL, [], 8) = 0
27459<bash> 22:19:18 newfstatat(AT_FDCWD</home/catastor>, "/etc/machine-id", {st_mode=S_IFREG|0444, st_size=33, ...}, 0) = 0
27459<bash> 22:19:18 rt_sigprocmask(SIG_BLOCK, NULL, [], 8) = 0
27459<bash> 22:19:18 rt_sigprocmask(SIG_BLOCK, NULL, [], 8) = 0
27459<bash> 22:19:18 rt_sigprocmask(SIG_BLOCK, NULL, [], 8) = 0
27459<bash> 22:19:18 openat(AT_FDCWD</home/catastor>, "/etc/machine-id", O_RDONLY) = 3</etc/machine-id>
27459<bash> 22:19:18 read(3</etc/machine-id>, "7fc94c65c52741c4b0e4057afee26b8c"..., 4096) = 33
27459<bash> 22:19:18 read(3</etc/machine-id>, "", 4096) = 0
27459<bash> 22:19:18 close(3</etc/machine-id>) = 0
27459<bash> 22:19:18 write(1<pipe:[147793]>, ";machineid=7fc94c65c52741c4b0e40"..., 43) = 43
27408<bash> 22:19:18 <... read resumed>, ";machineid=7fc94c65c52741c4b0e40"..., 4096) = 43
27459<bash> 22:19:18 rt_sigprocmask(SIG_BLOCK, NULL <unfinished ...>
27408<bash> 22:19:18 read(3<pipe:[147793]> <unfinished ...>
27459<bash> 22:19:18 <... rt_sigprocmask resumed>, [], 8) = 0
27459<bash> 22:19:18 rt_sigprocmask(SIG_BLOCK, NULL, [], 8) = 0
27459<bash> 22:19:18 rt_sigprocmask(SIG_BLOCK, NULL, [], 8) = 0
27459<bash> 22:19:18 openat(AT_FDCWD</home/catastor>, "/proc/sys/kernel/random/boot_id", O_RDONLY) = 3</proc/sys/kernel/random/boot_id>
27459<bash> 22:19:18 read(3</proc/sys/kernel/random/boot_id>, "7a4a98d1-18e4-484f-8c1a-f3607c4d"..., 4096) = 37
27459<bash> 22:19:18 read(3</proc/sys/kernel/random/boot_id>, "", 4096) = 0
27459<bash> 22:19:18 close(3</proc/sys/kernel/random/boot_id>) = 0
27459<bash> 22:19:18 write(1<pipe:[147793]>, ";user=catastor;hostname=fedora;b"..., 99) = 99
27408<bash> 22:19:18 <... read resumed>, ";user=catastor;hostname=fedora;b"..., 4096) = 99
27408<bash> 22:19:18 read(3<pipe:[147793]> <unfinished ...>
27459<bash> 22:19:18 exit_group(0)      = ?
27459<bash> 22:19:18 +++ exited with 0 +++
27408<bash> 22:19:18 <... read resumed>, "", 4096) = 0
27408<bash> 22:19:18 --- SIGCHLD {si_signo=SIGCHLD, si_code=CLD_EXITED, si_pid=27459<bash>, si_uid=1000, si_status=0, si_utime=0, si_stime=0} ---
27408<bash> 22:19:18 wait4(-1, [{WIFEXITED(s) && WEXITSTATUS(s) == 0}], WNOHANG|WSTOPPED|WCONTINUED, NULL) = 27459
27408<bash> 22:19:18 wait4(-1, 0x7ffee29a7c54, WNOHANG|WSTOPPED|WCONTINUED, NULL) = -1 ECHILD (No child processes)
27408<bash> 22:19:18 rt_sigreturn({mask=[INT]}) = 0
27408<bash> 22:19:18 close(3<pipe:[147793]>) = 0
27408<bash> 22:19:18 rt_sigprocmask(SIG_SETMASK, [], NULL, 8) = 0
27408<bash> 22:19:18 rt_sigprocmask(SIG_BLOCK, [CHLD], [], 8) = 0
27408<bash> 22:19:18 rt_sigprocmask(SIG_SETMASK, [], NULL, 8) = 0
27408<bash> 22:19:18 rt_sigprocmask(SIG_BLOCK, [CHLD], [], 8) = 0
27408<bash> 22:19:18 rt_sigprocmask(SIG_SETMASK, [], NULL, 8) = 0
27408<bash> 22:19:18 rt_sigprocmask(SIG_BLOCK, NULL, [], 8) = 0
27408<bash> 22:19:18 rt_sigprocmask(SIG_BLOCK, NULL <unfinished ...>
27407<sshd-session> 22:19:18 <... ppoll resumed>) = 1 ([{fd=7, revents=POLLIN}])
27407<sshd-session> 22:19:18 rt_sigprocmask(SIG_SETMASK, [], NULL, 8) = 0
27407<sshd-session> 22:19:18 read(7<TCP:[127.0.0.1:22->127.0.0.1:60704]>, "\0\0\0\20=\226\216\344\262\5\22\0201\273\366\324\277\4\33\251\345Of\310>;\3309u`\233H"..., 262144) = 36
27407<sshd-session> 22:19:18 rt_sigprocmask(SIG_BLOCK, [CHLD], [], 8) = 0
27407<sshd-session> 22:19:18 ppoll([{fd=7<TCP:[127.0.0.1:22->127.0.0.1:60704]>, events=POLLIN}, {fd=7<TCP:[127.0.0.1:22->127.0.0.1:60704]>, events=POLLOUT}, {fd=14</dev/ptmx<char 5:2 @/dev/pts/6>>, events=POLLIN}], 3, NULL, [], 8) = 1 ([{fd=7, revents=POLLOUT}])
27407<sshd-session> 22:19:18 rt_sigprocmask(SIG_SETMASK, [], NULL, 8) = 0
27407<sshd-session> 22:19:18 write(7<TCP:[127.0.0.1:22->127.0.0.1:60704]>, "\0\0\0\20N\355t\224\311\262x\210j1zZ6s8\235^\26)\337(\21\247F\t\313\351\247"..., 36) = 36
27407<sshd-session> 22:19:18 rt_sigprocmask(SIG_BLOCK, [CHLD], [], 8) = 0
27407<sshd-session> 22:19:18 ppoll([{fd=7<TCP:[127.0.0.1:22->127.0.0.1:60704]>, events=POLLIN}, {fd=7<TCP:[127.0.0.1:22->127.0.0.1:60704]>, events=0}, {fd=14</dev/ptmx<char 5:2 @/dev/pts/6>>, events=POLLIN}], 3, NULL, [], 8 <unfinished ...>
27408<bash> 22:19:18 <... rt_sigprocmask resumed>, [], 8) = 0
27408<bash> 22:19:18 pipe2([3<pipe:[147794]>, 4<pipe:[147794]>], 0) = 0
27408<bash> 22:19:18 rt_sigprocmask(SIG_BLOCK, [CHLD], [], 8) = 0
27408<bash> 22:19:18 rt_sigprocmask(SIG_SETMASK, [], NULL, 8) = 0
27408<bash> 22:19:18 rt_sigprocmask(SIG_BLOCK, NULL, [], 8) = 0
27408<bash> 22:19:18 rt_sigprocmask(SIG_BLOCK, [INT TERM CHLD], [], 8) = 0
27408<bash> 22:19:18 rt_sigaction(SIGTERM, {sa_handler=SIG_DFL, sa_mask=[], sa_flags=SA_RESTORER, sa_restorer=0x7fa306ca35b0}, {sa_handler=SIG_IGN, sa_mask=[], sa_flags=SA_RESTORER, sa_restorer=0x7fa306ca35b0}, 8) = 0
27408<bash> 22:19:18 pipe2([5<pipe:[145979]>, 6<pipe:[145979]>], 0) = 0
27408<bash> 22:19:18 rt_sigprocmask(SIG_BLOCK, ~[], [INT TERM CHLD], 8) = 0
27408<bash> 22:19:18 clone(child_stack=NULL, flags=CLONE_CHILD_CLEARTID|CLONE_CHILD_SETTID|SIGCHLD, child_tidptr=0x7fa306c86a10) = 27460<bash>
27460<bash> 22:19:18 set_robust_list(0x7fa306c86a20, 24 <unfinished ...>
27408<bash> 22:19:18 rt_sigprocmask(SIG_SETMASK, [INT TERM CHLD] <unfinished ...>
27460<bash> 22:19:18 <... set_robust_list resumed>) = 0
27408<bash> 22:19:18 <... rt_sigprocmask resumed>, NULL, 8) = 0
27460<bash> 22:19:18 rt_sigprocmask(SIG_SETMASK, [INT TERM CHLD] <unfinished ...>
27408<bash> 22:19:18 rt_sigaction(SIGTERM, {sa_handler=SIG_IGN, sa_mask=[], sa_flags=SA_RESTORER, sa_restorer=0x7fa306ca35b0} <unfinished ...>
27460<bash> 22:19:18 <... rt_sigprocmask resumed>, NULL, 8) = 0
27408<bash> 22:19:18 <... rt_sigaction resumed>, {sa_handler=SIG_DFL, sa_mask=[], sa_flags=SA_RESTORER, sa_restorer=0x7fa306ca35b0}, 8) = 0
27460<bash> 22:19:18 getpid( <unfinished ...>
27408<bash> 22:19:18 setpgid(27460<bash>, 27408 <unfinished ...>
27460<bash> 22:19:18 <... getpid resumed>) = 27460<bash>
27408<bash> 22:19:18 <... setpgid resumed>) = 0
27460<bash> 22:19:18 rt_sigprocmask(SIG_SETMASK, [], NULL, 8) = 0
27408<bash> 22:19:18 rt_sigprocmask(SIG_SETMASK, [] <unfinished ...>
27460<bash> 22:19:18 rt_sigaction(SIGTSTP, {sa_handler=SIG_IGN, sa_mask=[], sa_flags=SA_RESTORER, sa_restorer=0x7fa306ca35b0} <unfinished ...>
27408<bash> 22:19:18 <... rt_sigprocmask resumed>, NULL, 8) = 0
27460<bash> 22:19:18 <... rt_sigaction resumed>, {sa_handler=SIG_IGN, sa_mask=[], sa_flags=SA_RESTORER, sa_restorer=0x7fa306ca35b0}, 8) = 0
27408<bash> 22:19:18 rt_sigaction(SIGCHLD, {sa_handler=0x55e6ca0068d0, sa_mask=[], sa_flags=SA_RESTORER|SA_RESTART, sa_restorer=0x7fa306ca35b0} <unfinished ...>
27460<bash> 22:19:18 rt_sigaction(SIGTTIN, {sa_handler=SIG_IGN, sa_mask=[], sa_flags=SA_RESTORER, sa_restorer=0x7fa306ca35b0} <unfinished ...>
27408<bash> 22:19:18 <... rt_sigaction resumed>, {sa_handler=0x55e6ca0068d0, sa_mask=[], sa_flags=SA_RESTORER|SA_RESTART, sa_restorer=0x7fa306ca35b0}, 8) = 0
27460<bash> 22:19:18 <... rt_sigaction resumed>, {sa_handler=SIG_IGN, sa_mask=[], sa_flags=SA_RESTORER, sa_restorer=0x7fa306ca35b0}, 8) = 0
27408<bash> 22:19:18 close(5<pipe:[145979]> <unfinished ...>
27460<bash> 22:19:18 rt_sigaction(SIGTTOU, {sa_handler=SIG_IGN, sa_mask=[], sa_flags=SA_RESTORER, sa_restorer=0x7fa306ca35b0} <unfinished ...>
27408<bash> 22:19:18 <... close resumed>) = 0
27460<bash> 22:19:18 <... rt_sigaction resumed>, {sa_handler=SIG_IGN, sa_mask=[], sa_flags=SA_RESTORER, sa_restorer=0x7fa306ca35b0}, 8) = 0
27408<bash> 22:19:18 close(6<pipe:[145979]> <unfinished ...>
27460<bash> 22:19:18 setpgid(27460<bash>, 27408 <unfinished ...>
27408<bash> 22:19:18 <... close resumed>) = 0
27460<bash> 22:19:18 <... setpgid resumed>) = 0
27408<bash> 22:19:18 close(4<pipe:[147794]> <unfinished ...>
27460<bash> 22:19:18 close(5<pipe:[145979]> <unfinished ...>
27408<bash> 22:19:18 <... close resumed>) = 0
27460<bash> 22:19:18 <... close resumed>) = 0
27408<bash> 22:19:18 rt_sigprocmask(SIG_BLOCK, [INT] <unfinished ...>
27460<bash> 22:19:18 close(6<pipe:[145979]>) = 0
27408<bash> 22:19:18 <... rt_sigprocmask resumed>, [], 8) = 0
27460<bash> 22:19:18 rt_sigaction(SIGINT, {sa_handler=SIG_DFL, sa_mask=[], sa_flags=SA_RESTORER, sa_restorer=0x7fa306ca35b0} <unfinished ...>
27408<bash> 22:19:18 read(3<pipe:[147794]> <unfinished ...>
27460<bash> 22:19:18 <... rt_sigaction resumed>, {sa_handler=0x55e6ca034cf0, sa_mask=[], sa_flags=SA_RESTORER, sa_restorer=0x7fa306ca35b0}, 8) = 0
27460<bash> 22:19:18 rt_sigaction(SIGQUIT, {sa_handler=SIG_DFL, sa_mask=[], sa_flags=SA_RESTORER, sa_restorer=0x7fa306ca35b0}, {sa_handler=SIG_IGN, sa_mask=[], sa_flags=SA_RESTORER, sa_restorer=0x7fa306ca35b0}, 8) = 0
27460<bash> 22:19:18 rt_sigaction(SIGTERM, {sa_handler=SIG_DFL, sa_mask=[], sa_flags=SA_RESTORER, sa_restorer=0x7fa306ca35b0}, {sa_handler=SIG_DFL, sa_mask=[], sa_flags=SA_RESTORER, sa_restorer=0x7fa306ca35b0}, 8) = 0
27460<bash> 22:19:18 rt_sigaction(SIGCHLD, {sa_handler=SIG_DFL, sa_mask=[], sa_flags=SA_RESTORER|SA_RESTART, sa_restorer=0x7fa306ca35b0}, {sa_handler=0x55e6ca0068d0, sa_mask=[], sa_flags=SA_RESTORER|SA_RESTART, sa_restorer=0x7fa306ca35b0}, 8) = 0
27460<bash> 22:19:18 rt_sigaction(SIGCHLD, {sa_handler=0x55e6ca0068d0, sa_mask=[], sa_flags=SA_RESTORER|SA_RESTART, sa_restorer=0x7fa306ca35b0}, {sa_handler=SIG_DFL, sa_mask=[], sa_flags=SA_RESTORER|SA_RESTART, sa_restorer=0x7fa306ca35b0}, 8) = 0
27460<bash> 22:19:18 rt_sigaction(SIGINT, {sa_handler=0x55e6ca0352c0, sa_mask=[], sa_flags=SA_RESTORER, sa_restorer=0x7fa306ca35b0}, {sa_handler=SIG_DFL, sa_mask=[], sa_flags=SA_RESTORER, sa_restorer=0x7fa306ca35b0}, 8) = 0
27460<bash> 22:19:18 dup2(4<pipe:[147794]>, 1</dev/pts/6<char 136:6>>) = 1<pipe:[147794]>
27460<bash> 22:19:18 close(4<pipe:[147794]>) = 0
27460<bash> 22:19:18 close(3<pipe:[147794]>) = 0
27460<bash> 22:19:18 rt_sigprocmask(SIG_BLOCK, NULL, [], 8) = 0
27460<bash> 22:19:18 rt_sigprocmask(SIG_BLOCK, [CHLD], [], 8) = 0
27460<bash> 22:19:18 fcntl(0</dev/pts/6<char 136:6>>, F_GETFD) = 0
27460<bash> 22:19:18 pipe2([3<pipe:[147795]>, 4<pipe:[147795]>], 0) = 0
27460<bash> 22:19:18 rt_sigprocmask(SIG_BLOCK, NULL, [CHLD], 8) = 0
27460<bash> 22:19:18 rt_sigprocmask(SIG_BLOCK, [INT TERM CHLD], [CHLD], 8) = 0
27460<bash> 22:19:18 rt_sigaction(SIGTERM, {sa_handler=SIG_DFL, sa_mask=[], sa_flags=SA_RESTORER, sa_restorer=0x7fa306ca35b0}, {sa_handler=SIG_DFL, sa_mask=[], sa_flags=SA_RESTORER, sa_restorer=0x7fa306ca35b0}, 8) = 0
27460<bash> 22:19:18 pipe2([5<pipe:[147796]>, 6<pipe:[147796]>], 0) = 0
27460<bash> 22:19:18 rt_sigprocmask(SIG_BLOCK, ~[], [INT TERM CHLD], 8) = 0
27460<bash> 22:19:18 clone(child_stack=NULL, flags=CLONE_CHILD_CLEARTID|CLONE_CHILD_SETTID|SIGCHLD, child_tidptr=0x7fa306c86a10) = 27461<bash>
27460<bash> 22:19:18 rt_sigprocmask(SIG_SETMASK, [INT TERM CHLD] <unfinished ...>
27461<bash> 22:19:18 set_robust_list(0x7fa306c86a20, 24 <unfinished ...>
27460<bash> 22:19:18 <... rt_sigprocmask resumed>, NULL, 8) = 0
27461<bash> 22:19:18 <... set_robust_list resumed>) = 0
27460<bash> 22:19:18 rt_sigaction(SIGTERM, {sa_handler=SIG_DFL, sa_mask=[], sa_flags=SA_RESTORER, sa_restorer=0x7fa306ca35b0} <unfinished ...>
27461<bash> 22:19:18 rt_sigprocmask(SIG_SETMASK, [INT TERM CHLD] <unfinished ...>
27460<bash> 22:19:18 <... rt_sigaction resumed>, {sa_handler=SIG_DFL, sa_mask=[], sa_flags=SA_RESTORER, sa_restorer=0x7fa306ca35b0}, 8) = 0
27461<bash> 22:19:18 <... rt_sigprocmask resumed>, NULL, 8) = 0
27460<bash> 22:19:18 setpgid(27461<bash>, 27408 <unfinished ...>
27461<bash> 22:19:18 getpid( <unfinished ...>
27460<bash> 22:19:18 <... setpgid resumed>) = 0
27461<bash> 22:19:18 <... getpid resumed>) = 27461<bash>
27460<bash> 22:19:18 rt_sigprocmask(SIG_SETMASK, [CHLD] <unfinished ...>
27461<bash> 22:19:18 rt_sigprocmask(SIG_SETMASK, [] <unfinished ...>
27460<bash> 22:19:18 <... rt_sigprocmask resumed>, NULL, 8) = 0
27461<bash> 22:19:18 <... rt_sigprocmask resumed>, NULL, 8) = 0
27460<bash> 22:19:18 close(4<pipe:[147795]> <unfinished ...>
27461<bash> 22:19:18 rt_sigaction(SIGTSTP, {sa_handler=SIG_IGN, sa_mask=[], sa_flags=SA_RESTORER, sa_restorer=0x7fa306ca35b0} <unfinished ...>
27460<bash> 22:19:18 <... close resumed>) = 0
27461<bash> 22:19:18 <... rt_sigaction resumed>, {sa_handler=SIG_IGN, sa_mask=[], sa_flags=SA_RESTORER, sa_restorer=0x7fa306ca35b0}, 8) = 0
27460<bash> 22:19:18 close(4 <unfinished ...>
27461<bash> 22:19:18 rt_sigaction(SIGTTIN, {sa_handler=SIG_IGN, sa_mask=[], sa_flags=SA_RESTORER, sa_restorer=0x7fa306ca35b0} <unfinished ...>
27460<bash> 22:19:18 <... close resumed>) = -1 EBADF (Bad file descriptor)
27461<bash> 22:19:18 <... rt_sigaction resumed>, {sa_handler=SIG_IGN, sa_mask=[], sa_flags=SA_RESTORER, sa_restorer=0x7fa306ca35b0}, 8) = 0
27461<bash> 22:19:18 rt_sigaction(SIGTTOU, {sa_handler=SIG_IGN, sa_mask=[], sa_flags=SA_RESTORER, sa_restorer=0x7fa306ca35b0} <unfinished ...>
27460<bash> 22:19:18 rt_sigprocmask(SIG_BLOCK, NULL <unfinished ...>
27461<bash> 22:19:18 <... rt_sigaction resumed>, {sa_handler=SIG_IGN, sa_mask=[], sa_flags=SA_RESTORER, sa_restorer=0x7fa306ca35b0}, 8) = 0
27460<bash> 22:19:18 <... rt_sigprocmask resumed>, [CHLD], 8) = 0
27461<bash> 22:19:18 setpgid(27461<bash>, 27408 <unfinished ...>
27460<bash> 22:19:18 rt_sigprocmask(SIG_BLOCK, [INT TERM CHLD] <unfinished ...>
27461<bash> 22:19:18 <... setpgid resumed>) = 0
27460<bash> 22:19:18 <... rt_sigprocmask resumed>, [CHLD], 8) = 0
27461<bash> 22:19:18 close(5<pipe:[147796]> <unfinished ...>
27460<bash> 22:19:18 rt_sigaction(SIGTERM, {sa_handler=SIG_DFL, sa_mask=[], sa_flags=SA_RESTORER, sa_restorer=0x7fa306ca35b0} <unfinished ...>
27461<bash> 22:19:18 <... close resumed>) = 0
27460<bash> 22:19:18 <... rt_sigaction resumed>, {sa_handler=SIG_DFL, sa_mask=[], sa_flags=SA_RESTORER, sa_restorer=0x7fa306ca35b0}, 8) = 0
27461<bash> 22:19:18 close(6<pipe:[147796]> <unfinished ...>
27460<bash> 22:19:18 rt_sigprocmask(SIG_BLOCK, ~[] <unfinished ...>
27461<bash> 22:19:18 <... close resumed>) = 0
27460<bash> 22:19:18 <... rt_sigprocmask resumed>, [INT TERM CHLD], 8) = 0
27461<bash> 22:19:18 close(3<pipe:[147795]> <unfinished ...>
27460<bash> 22:19:18 clone(child_stack=NULL, flags=CLONE_CHILD_CLEARTID|CLONE_CHILD_SETTID|SIGCHLD <unfinished ...>
27461<bash> 22:19:18 <... close resumed>) = 0
27461<bash> 22:19:18 dup2(4<pipe:[147795]>, 1<pipe:[147794]>) = 1<pipe:[147795]>
27461<bash> 22:19:18 close(4<pipe:[147795]>) = 0
27461<bash> 22:19:18 rt_sigaction(SIGHUP, {sa_handler=SIG_DFL, sa_mask=[], sa_flags=SA_RESTORER, sa_restorer=0x7fa306ca35b0} <unfinished ...>
27460<bash> 22:19:18 <... clone resumed>, child_tidptr=0x7fa306c86a10) = 27462<bash>
27462<bash> 22:19:18 set_robust_list(0x7fa306c86a20, 24 <unfinished ...>
27461<bash> 22:19:18 <... rt_sigaction resumed>, NULL, 8) = 0
27460<bash> 22:19:18 rt_sigprocmask(SIG_SETMASK, [INT TERM CHLD] <unfinished ...>
27462<bash> 22:19:18 <... set_robust_list resumed>) = 0
27461<bash> 22:19:18 rt_sigaction(SIGILL, {sa_handler=SIG_DFL, sa_mask=[], sa_flags=SA_RESTORER, sa_restorer=0x7fa306ca35b0} <unfinished ...>
27460<bash> 22:19:18 <... rt_sigprocmask resumed>, NULL, 8) = 0
27462<bash> 22:19:18 rt_sigprocmask(SIG_SETMASK, [INT TERM CHLD] <unfinished ...>
27460<bash> 22:19:18 rt_sigaction(SIGTERM, {sa_handler=SIG_DFL, sa_mask=[], sa_flags=SA_RESTORER, sa_restorer=0x7fa306ca35b0} <unfinished ...>
27462<bash> 22:19:18 <... rt_sigprocmask resumed>, NULL, 8) = 0
27461<bash> 22:19:18 <... rt_sigaction resumed>, NULL, 8) = 0
27460<bash> 22:19:18 <... rt_sigaction resumed>, {sa_handler=SIG_DFL, sa_mask=[], sa_flags=SA_RESTORER, sa_restorer=0x7fa306ca35b0}, 8) = 0
27461<bash> 22:19:18 rt_sigaction(SIGTRAP, {sa_handler=SIG_DFL, sa_mask=[], sa_flags=SA_RESTORER, sa_restorer=0x7fa306ca35b0} <unfinished ...>
27460<bash> 22:19:18 setpgid(27462<bash>, 27408 <unfinished ...>
27462<bash> 22:19:18 getpid( <unfinished ...>
27461<bash> 22:19:18 <... rt_sigaction resumed>, NULL, 8) = 0
27462<bash> 22:19:18 <... getpid resumed>) = 27462<bash>
27460<bash> 22:19:18 <... setpgid resumed>) = 0
27461<bash> 22:19:18 rt_sigprocmask(SIG_BLOCK, ~[] <unfinished ...>
27462<bash> 22:19:18 rt_sigprocmask(SIG_SETMASK, [] <unfinished ...>
27461<bash> 22:19:18 <... rt_sigprocmask resumed>, [], 8) = 0
27460<bash> 22:19:18 rt_sigprocmask(SIG_SETMASK, [CHLD] <unfinished ...>
27462<bash> 22:19:18 <... rt_sigprocmask resumed>, NULL, 8) = 0
27461<bash> 22:19:18 rt_sigaction(SIGABRT, {sa_handler=SIG_DFL, sa_mask=[], sa_flags=SA_RESTORER, sa_restorer=0x7fa306ca35b0} <unfinished ...>
27462<bash> 22:19:18 rt_sigaction(SIGTSTP, {sa_handler=SIG_IGN, sa_mask=[], sa_flags=SA_RESTORER, sa_restorer=0x7fa306ca35b0} <unfinished ...>
27460<bash> 22:19:18 <... rt_sigprocmask resumed>, NULL, 8) = 0
27462<bash> 22:19:18 <... rt_sigaction resumed>, {sa_handler=SIG_IGN, sa_mask=[], sa_flags=SA_RESTORER, sa_restorer=0x7fa306ca35b0}, 8) = 0
27461<bash> 22:19:18 <... rt_sigaction resumed>, NULL, 8) = 0
27460<bash> 22:19:18 close(3<pipe:[147795]> <unfinished ...>
27462<bash> 22:19:18 rt_sigaction(SIGTTIN, {sa_handler=SIG_IGN, sa_mask=[], sa_flags=SA_RESTORER, sa_restorer=0x7fa306ca35b0} <unfinished ...>
27461<bash> 22:19:18 rt_sigprocmask(SIG_SETMASK, [] <unfinished ...>
27462<bash> 22:19:18 <... rt_sigaction resumed>, {sa_handler=SIG_IGN, sa_mask=[], sa_flags=SA_RESTORER, sa_restorer=0x7fa306ca35b0}, 8) = 0
27460<bash> 22:19:18 <... close resumed>) = 0
27462<bash> 22:19:18 rt_sigaction(SIGTTOU, {sa_handler=SIG_IGN, sa_mask=[], sa_flags=SA_RESTORER, sa_restorer=0x7fa306ca35b0} <unfinished ...>
27461<bash> 22:19:18 <... rt_sigprocmask resumed>, NULL, 8) = 0
27462<bash> 22:19:18 <... rt_sigaction resumed>, {sa_handler=SIG_IGN, sa_mask=[], sa_flags=SA_RESTORER, sa_restorer=0x7fa306ca35b0}, 8) = 0
27460<bash> 22:19:18 rt_sigprocmask(SIG_BLOCK, [CHLD] <unfinished ...>
27462<bash> 22:19:18 setpgid(27462<bash>, 27408 <unfinished ...>
27461<bash> 22:19:18 rt_sigaction(SIGFPE, {sa_handler=SIG_DFL, sa_mask=[], sa_flags=SA_RESTORER, sa_restorer=0x7fa306ca35b0} <unfinished ...>
27462<bash> 22:19:18 <... setpgid resumed>) = 0
27460<bash> 22:19:18 <... rt_sigprocmask resumed>, [CHLD], 8) = 0
27461<bash> 22:19:18 <... rt_sigaction resumed>, NULL, 8) = 0
27462<bash> 22:19:18 close(5<pipe:[147796]> <unfinished ...>
27460<bash> 22:19:18 close(5<pipe:[147796]> <unfinished ...>
27462<bash> 22:19:18 <... close resumed>) = 0
27461<bash> 22:19:18 rt_sigaction(SIGBUS, {sa_handler=SIG_DFL, sa_mask=[], sa_flags=SA_RESTORER, sa_restorer=0x7fa306ca35b0} <unfinished ...>
27462<bash> 22:19:18 close(6<pipe:[147796]> <unfinished ...>
27460<bash> 22:19:18 <... close resumed>) = 0
27462<bash> 22:19:18 <... close resumed>) = 0
27461<bash> 22:19:18 <... rt_sigaction resumed>, NULL, 8) = 0
27460<bash> 22:19:18 close(6<pipe:[147796]> <unfinished ...>
27462<bash> 22:19:18 dup2(3<pipe:[147795]>, 0</dev/pts/6<char 136:6>> <unfinished ...>
27461<bash> 22:19:18 rt_sigaction(SIGSEGV, {sa_handler=SIG_DFL, sa_mask=[], sa_flags=SA_RESTORER, sa_restorer=0x7fa306ca35b0} <unfinished ...>
27462<bash> 22:19:18 <... dup2 resumed>) = 0<pipe:[147795]>
27460<bash> 22:19:18 <... close resumed>) = 0
27462<bash> 22:19:18 close(3<pipe:[147795]> <unfinished ...>
27461<bash> 22:19:18 <... rt_sigaction resumed>, NULL, 8) = 0
27462<bash> 22:19:18 <... close resumed>) = 0
27461<bash> 22:19:18 rt_sigaction(SIGSYS, {sa_handler=SIG_DFL, sa_mask=[], sa_flags=SA_RESTORER, sa_restorer=0x7fa306ca35b0} <unfinished ...>
27460<bash> 22:19:18 rt_sigprocmask(SIG_SETMASK, [CHLD] <unfinished ...>
27461<bash> 22:19:18 <... rt_sigaction resumed>, NULL, 8) = 0
27460<bash> 22:19:18 <... rt_sigprocmask resumed>, NULL, 8) = 0
27461<bash> 22:19:18 rt_sigaction(SIGPIPE, {sa_handler=SIG_DFL, sa_mask=[], sa_flags=SA_RESTORER, sa_restorer=0x7fa306ca35b0} <unfinished ...>
27460<bash> 22:19:18 rt_sigprocmask(SIG_BLOCK, [CHLD] <unfinished ...>
27462<bash> 22:19:18 newfstatat(AT_FDCWD</home/catastor>, "." <unfinished ...>
27461<bash> 22:19:18 <... rt_sigaction resumed>, NULL, 8) = 0
27460<bash> 22:19:18 <... rt_sigprocmask resumed>, [CHLD], 8) = 0
27462<bash> 22:19:18 <... newfstatat resumed>, {st_mode=S_IFDIR|0700, st_size=716, ...}, 0) = 0
27461<bash> 22:19:18 rt_sigaction(SIGALRM, {sa_handler=SIG_DFL, sa_mask=[], sa_flags=SA_RESTORER, sa_restorer=0x7fa306ca35b0} <unfinished ...>
27462<bash> 22:19:18 newfstatat(AT_FDCWD</home/catastor>, "/home/catastor/.local/bin/sed" <unfinished ...>
27460<bash> 22:19:18 rt_sigaction(SIGINT, {sa_handler=0x55e6ca002d80, sa_mask=[], sa_flags=SA_RESTORER, sa_restorer=0x7fa306ca35b0} <unfinished ...>
27461<bash> 22:19:18 <... rt_sigaction resumed>, NULL, 8) = 0
27462<bash> 22:19:18 <... newfstatat resumed>, 0x7ffee29a85a0, 0) = -1 ENOENT (No such file or directory)
27461<bash> 22:19:18 rt_sigaction(SIGXCPU, {sa_handler=SIG_DFL, sa_mask=[], sa_flags=SA_RESTORER, sa_restorer=0x7fa306ca35b0} <unfinished ...>
27460<bash> 22:19:18 <... rt_sigaction resumed>, {sa_handler=0x55e6ca0352c0, sa_mask=[], sa_flags=SA_RESTORER, sa_restorer=0x7fa306ca35b0}, 8) = 0
27462<bash> 22:19:18 newfstatat(AT_FDCWD</home/catastor>, "/home/catastor/bin/sed" <unfinished ...>
27461<bash> 22:19:18 <... rt_sigaction resumed>, NULL, 8) = 0
27462<bash> 22:19:18 <... newfstatat resumed>, 0x7ffee29a85a0, 0) = -1 ENOENT (No such file or directory)
27460<bash> 22:19:18 wait4(-1 <unfinished ...>
27462<bash> 22:19:18 newfstatat(AT_FDCWD</home/catastor>, "/usr/local/bin/sed" <unfinished ...>
27461<bash> 22:19:18 rt_sigaction(SIGXFSZ, {sa_handler=SIG_DFL, sa_mask=[], sa_flags=SA_RESTORER, sa_restorer=0x7fa306ca35b0} <unfinished ...>
27462<bash> 22:19:18 <... newfstatat resumed>, 0x7ffee29a85a0, 0) = -1 ENOENT (No such file or directory)
27461<bash> 22:19:18 <... rt_sigaction resumed>, NULL, 8) = 0
27462<bash> 22:19:18 newfstatat(AT_FDCWD</home/catastor>, "/usr/bin/sed" <unfinished ...>
27461<bash> 22:19:18 rt_sigaction(SIGVTALRM, {sa_handler=SIG_DFL, sa_mask=[], sa_flags=SA_RESTORER, sa_restorer=0x7fa306ca35b0} <unfinished ...>
27462<bash> 22:19:18 <... newfstatat resumed>, {st_mode=S_IFREG|0755, st_size=119888, ...}, 0) = 0
27461<bash> 22:19:18 <... rt_sigaction resumed>, NULL, 8) = 0
27462<bash> 22:19:18 newfstatat(AT_FDCWD</home/catastor>, "/usr/bin/sed" <unfinished ...>
27461<bash> 22:19:18 rt_sigaction(SIGUSR1, {sa_handler=SIG_DFL, sa_mask=[], sa_flags=SA_RESTORER, sa_restorer=0x7fa306ca35b0} <unfinished ...>
27462<bash> 22:19:18 <... newfstatat resumed>, {st_mode=S_IFREG|0755, st_size=119888, ...}, 0) = 0
27461<bash> 22:19:18 <... rt_sigaction resumed>, NULL, 8) = 0
27462<bash> 22:19:18 geteuid( <unfinished ...>
27461<bash> 22:19:18 rt_sigaction(SIGUSR2, {sa_handler=SIG_DFL, sa_mask=[], sa_flags=SA_RESTORER, sa_restorer=0x7fa306ca35b0} <unfinished ...>
27462<bash> 22:19:18 <... geteuid resumed>) = 1000
27462<bash> 22:19:18 getegid( <unfinished ...>
27461<bash> 22:19:18 <... rt_sigaction resumed>, NULL, 8) = 0
27462<bash> 22:19:18 <... getegid resumed>) = 1000
27461<bash> 22:19:18 rt_sigaction(SIGINT, {sa_handler=SIG_DFL, sa_mask=[], sa_flags=SA_RESTORER, sa_restorer=0x7fa306ca35b0} <unfinished ...>
27462<bash> 22:19:18 getuid( <unfinished ...>
27461<bash> 22:19:18 <... rt_sigaction resumed>, {sa_handler=0x55e6ca0352c0, sa_mask=[], sa_flags=SA_RESTORER, sa_restorer=0x7fa306ca35b0}, 8) = 0
27462<bash> 22:19:18 <... getuid resumed>) = 1000
27461<bash> 22:19:18 rt_sigaction(SIGQUIT, {sa_handler=SIG_DFL, sa_mask=[], sa_flags=SA_RESTORER, sa_restorer=0x7fa306ca35b0} <unfinished ...>
27462<bash> 22:19:18 getgid( <unfinished ...>
27461<bash> 22:19:18 <... rt_sigaction resumed>, {sa_handler=SIG_DFL, sa_mask=[], sa_flags=SA_RESTORER, sa_restorer=0x7fa306ca35b0}, 8) = 0
27462<bash> 22:19:18 <... getgid resumed>) = 1000
27461<bash> 22:19:18 rt_sigaction(SIGTERM, {sa_handler=SIG_DFL, sa_mask=[], sa_flags=SA_RESTORER, sa_restorer=0x7fa306ca35b0} <unfinished ...>
27462<bash> 22:19:18 access("/usr/bin/sed", X_OK <unfinished ...>
27461<bash> 22:19:18 <... rt_sigaction resumed>, {sa_handler=SIG_DFL, sa_mask=[], sa_flags=SA_RESTORER, sa_restorer=0x7fa306ca35b0}, 8) = 0
27462<bash> 22:19:18 <... access resumed>) = 0
27461<bash> 22:19:18 rt_sigaction(SIGCHLD, {sa_handler=SIG_DFL, sa_mask=[], sa_flags=SA_RESTORER|SA_RESTART, sa_restorer=0x7fa306ca35b0} <unfinished ...>
27462<bash> 22:19:18 newfstatat(AT_FDCWD</home/catastor>, "/usr/bin/sed" <unfinished ...>
27461<bash> 22:19:18 <... rt_sigaction resumed>, {sa_handler=0x55e6ca0068d0, sa_mask=[], sa_flags=SA_RESTORER|SA_RESTART, sa_restorer=0x7fa306ca35b0}, 8) = 0
27462<bash> 22:19:18 <... newfstatat resumed>, {st_mode=S_IFREG|0755, st_size=119888, ...}, 0) = 0
27462<bash> 22:19:18 geteuid( <unfinished ...>
27461<bash> 22:19:18 pipe2( <unfinished ...>
27462<bash> 22:19:18 <... geteuid resumed>) = 1000
27462<bash> 22:19:18 getegid( <unfinished ...>
27461<bash> 22:19:18 <... pipe2 resumed>[3<pipe:[148545]>, 4<pipe:[148545]>], 0) = 0
27462<bash> 22:19:18 <... getegid resumed>) = 1000
27461<bash> 22:19:18 close(3<pipe:[148545]> <unfinished ...>
27462<bash> 22:19:18 getuid()           = 1000
27461<bash> 22:19:18 <... close resumed>) = 0
27462<bash> 22:19:18 getgid( <unfinished ...>
27461<bash> 22:19:18 close(4<pipe:[148545]> <unfinished ...>
27462<bash> 22:19:18 <... getgid resumed>) = 1000
27462<bash> 22:19:18 access("/usr/bin/sed", R_OK <unfinished ...>
27461<bash> 22:19:18 <... close resumed>) = 0
27462<bash> 22:19:18 <... access resumed>) = 0
27461<bash> 22:19:18 rt_sigprocmask(SIG_BLOCK, [CHLD], [], 8) = 0
27462<bash> 22:19:18 rt_sigaction(SIGHUP, {sa_handler=SIG_DFL, sa_mask=[], sa_flags=SA_RESTORER, sa_restorer=0x7fa306ca35b0}, NULL, 8) = 0
27461<bash> 22:19:18 rt_sigprocmask(SIG_SETMASK, [] <unfinished ...>
27462<bash> 22:19:18 rt_sigaction(SIGILL, {sa_handler=SIG_DFL, sa_mask=[], sa_flags=SA_RESTORER, sa_restorer=0x7fa306ca35b0} <unfinished ...>
27461<bash> 22:19:18 <... rt_sigprocmask resumed>, NULL, 8) = 0
27462<bash> 22:19:18 <... rt_sigaction resumed>, NULL, 8) = 0
27461<bash> 22:19:18 rt_sigaction(SIGCHLD, {sa_handler=0x55e6ca0068d0, sa_mask=[], sa_flags=SA_RESTORER|SA_RESTART, sa_restorer=0x7fa306ca35b0} <unfinished ...>
27462<bash> 22:19:18 rt_sigaction(SIGTRAP, {sa_handler=SIG_DFL, sa_mask=[], sa_flags=SA_RESTORER, sa_restorer=0x7fa306ca35b0} <unfinished ...>
27461<bash> 22:19:18 <... rt_sigaction resumed>, {sa_handler=SIG_DFL, sa_mask=[], sa_flags=SA_RESTORER|SA_RESTART, sa_restorer=0x7fa306ca35b0}, 8) = 0
27462<bash> 22:19:18 <... rt_sigaction resumed>, NULL, 8) = 0
27461<bash> 22:19:18 rt_sigaction(SIGINT, {sa_handler=0x55e6ca0352c0, sa_mask=[], sa_flags=SA_RESTORER, sa_restorer=0x7fa306ca35b0} <unfinished ...>
27462<bash> 22:19:18 rt_sigprocmask(SIG_BLOCK, ~[] <unfinished ...>
27461<bash> 22:19:18 <... rt_sigaction resumed>, {sa_handler=SIG_DFL, sa_mask=[], sa_flags=SA_RESTORER, sa_restorer=0x7fa306ca35b0}, 8) = 0
27462<bash> 22:19:18 <... rt_sigprocmask resumed>, [], 8) = 0
27462<bash> 22:19:18 rt_sigaction(SIGABRT, {sa_handler=SIG_DFL, sa_mask=[], sa_flags=SA_RESTORER, sa_restorer=0x7fa306ca35b0} <unfinished ...>
27461<bash> 22:19:18 write(1<pipe:[147795]>, "/home/catastor\n", 15 <unfinished ...>
27462<bash> 22:19:18 <... rt_sigaction resumed>, NULL, 8) = 0
27462<bash> 22:19:18 rt_sigprocmask(SIG_SETMASK, [] <unfinished ...>
27461<bash> 22:19:18 <... write resumed>) = 15
27462<bash> 22:19:18 <... rt_sigprocmask resumed>, NULL, 8) = 0
27462<bash> 22:19:18 rt_sigaction(SIGFPE, {sa_handler=SIG_DFL, sa_mask=[], sa_flags=SA_RESTORER, sa_restorer=0x7fa306ca35b0} <unfinished ...>
27461<bash> 22:19:18 exit_group(0 <unfinished ...>
27462<bash> 22:19:18 <... rt_sigaction resumed>, NULL, 8) = 0
27462<bash> 22:19:18 rt_sigaction(SIGBUS, {sa_handler=SIG_DFL, sa_mask=[], sa_flags=SA_RESTORER, sa_restorer=0x7fa306ca35b0} <unfinished ...>
27461<bash> 22:19:18 <... exit_group resumed>) = ?
27462<bash> 22:19:18 <... rt_sigaction resumed>, NULL, 8) = 0
27462<bash> 22:19:18 rt_sigaction(SIGSEGV, {sa_handler=SIG_DFL, sa_mask=[], sa_flags=SA_RESTORER, sa_restorer=0x7fa306ca35b0}, NULL, 8) = 0
27462<bash> 22:19:18 rt_sigaction(SIGSYS, {sa_handler=SIG_DFL, sa_mask=[], sa_flags=SA_RESTORER, sa_restorer=0x7fa306ca35b0}, NULL, 8) = 0
27462<bash> 22:19:18 rt_sigaction(SIGPIPE, {sa_handler=SIG_DFL, sa_mask=[], sa_flags=SA_RESTORER, sa_restorer=0x7fa306ca35b0}, NULL, 8) = 0
27461<bash> 22:19:18 +++ exited with 0 +++
27462<bash> 22:19:18 rt_sigaction(SIGALRM, {sa_handler=SIG_DFL, sa_mask=[], sa_flags=SA_RESTORER, sa_restorer=0x7fa306ca35b0} <unfinished ...>
27460<bash> 22:19:18 <... wait4 resumed>, [{WIFEXITED(s) && WEXITSTATUS(s) == 0}], 0, NULL) = 27461
27462<bash> 22:19:18 <... rt_sigaction resumed>, NULL, 8) = 0
27460<bash> 22:19:18 wait4(-1 <unfinished ...>
27462<bash> 22:19:18 rt_sigaction(SIGXCPU, {sa_handler=SIG_DFL, sa_mask=[], sa_flags=SA_RESTORER, sa_restorer=0x7fa306ca35b0}, NULL, 8) = 0
27462<bash> 22:19:18 rt_sigaction(SIGXFSZ, {sa_handler=SIG_DFL, sa_mask=[], sa_flags=SA_RESTORER, sa_restorer=0x7fa306ca35b0} <unfinished ...>
27407<sshd-session> 22:19:18 <... ppoll resumed>) = 1 ([{fd=7, revents=POLLIN}])
27462<bash> 22:19:18 <... rt_sigaction resumed>, NULL, 8) = 0
27462<bash> 22:19:18 rt_sigaction(SIGVTALRM, {sa_handler=SIG_DFL, sa_mask=[], sa_flags=SA_RESTORER, sa_restorer=0x7fa306ca35b0} <unfinished ...>
27407<sshd-session> 22:19:18 rt_sigprocmask(SIG_SETMASK, [] <unfinished ...>
27462<bash> 22:19:18 <... rt_sigaction resumed>, NULL, 8) = 0
27407<sshd-session> 22:19:18 <... rt_sigprocmask resumed>, NULL, 8) = 0
27462<bash> 22:19:18 rt_sigaction(SIGUSR1, {sa_handler=SIG_DFL, sa_mask=[], sa_flags=SA_RESTORER, sa_restorer=0x7fa306ca35b0} <unfinished ...>
27407<sshd-session> 22:19:18 read(7<TCP:[127.0.0.1:22->127.0.0.1:60704]> <unfinished ...>
27462<bash> 22:19:18 <... rt_sigaction resumed>, NULL, 8) = 0
27407<sshd-session> 22:19:18 <... read resumed>, "\0\0\0\20\357o\243\205\370\n\325\2263\30m\f\336^\236\"(\211Q\356\316\322\214\244\212B\246I"..., 262144) = 36
27462<bash> 22:19:18 rt_sigaction(SIGUSR2, {sa_handler=SIG_DFL, sa_mask=[], sa_flags=SA_RESTORER, sa_restorer=0x7fa306ca35b0}, NULL, 8) = 0
27407<sshd-session> 22:19:18 rt_sigprocmask(SIG_BLOCK, [CHLD] <unfinished ...>
27462<bash> 22:19:18 rt_sigaction(SIGINT, {sa_handler=SIG_DFL, sa_mask=[], sa_flags=SA_RESTORER, sa_restorer=0x7fa306ca35b0} <unfinished ...>
27407<sshd-session> 22:19:18 <... rt_sigprocmask resumed>, [], 8) = 0
27462<bash> 22:19:18 <... rt_sigaction resumed>, {sa_handler=0x55e6ca0352c0, sa_mask=[], sa_flags=SA_RESTORER, sa_restorer=0x7fa306ca35b0}, 8) = 0
27407<sshd-session> 22:19:18 ppoll([{fd=7<TCP:[127.0.0.1:22->127.0.0.1:60704]>, events=POLLIN}, {fd=7<TCP:[127.0.0.1:22->127.0.0.1:60704]>, events=POLLOUT}, {fd=14</dev/ptmx<char 5:2 @/dev/pts/6>>, events=POLLIN}], 3, NULL, [], 8 <unfinished ...>
27462<bash> 22:19:18 rt_sigaction(SIGQUIT, {sa_handler=SIG_DFL, sa_mask=[], sa_flags=SA_RESTORER, sa_restorer=0x7fa306ca35b0} <unfinished ...>
27407<sshd-session> 22:19:18 <... ppoll resumed>) = 1 ([{fd=7, revents=POLLOUT}])
27462<bash> 22:19:18 <... rt_sigaction resumed>, {sa_handler=SIG_DFL, sa_mask=[], sa_flags=SA_RESTORER, sa_restorer=0x7fa306ca35b0}, 8) = 0
27407<sshd-session> 22:19:18 rt_sigprocmask(SIG_SETMASK, [] <unfinished ...>
27462<bash> 22:19:18 rt_sigaction(SIGTERM, {sa_handler=SIG_DFL, sa_mask=[], sa_flags=SA_RESTORER, sa_restorer=0x7fa306ca35b0} <unfinished ...>
27407<sshd-session> 22:19:18 <... rt_sigprocmask resumed>, NULL, 8) = 0
27462<bash> 22:19:18 <... rt_sigaction resumed>, {sa_handler=SIG_DFL, sa_mask=[], sa_flags=SA_RESTORER, sa_restorer=0x7fa306ca35b0}, 8) = 0
27407<sshd-session> 22:19:18 write(7<TCP:[127.0.0.1:22->127.0.0.1:60704]>, "\0\0\0\20/p>\304\23>ia\26\16d]\255\206\275\242\306\373\225lc\350\\h\6m5\303"..., 36 <unfinished ...>
27462<bash> 22:19:18 rt_sigaction(SIGCHLD, {sa_handler=SIG_DFL, sa_mask=[], sa_flags=SA_RESTORER|SA_RESTART, sa_restorer=0x7fa306ca35b0}, {sa_handler=0x55e6ca0068d0, sa_mask=[], sa_flags=SA_RESTORER|SA_RESTART, sa_restorer=0x7fa306ca35b0}, 8) = 0
27407<sshd-session> 22:19:18 <... write resumed>) = 36
27462<bash> 22:19:18 execve("/usr/bin/sed", ["sed", "-e", "s/\\\\/\\\\x5c/g", "-e", "s/;/\\\\x3b/g", "-e", "s/[[:cntrl:]]/\342\215\260/g"], 0x55e6cc5bae50 /* 35 vars */ <unfinished ...>
27407<sshd-session> 22:19:18 rt_sigprocmask(SIG_BLOCK, [CHLD], [], 8) = 0
27407<sshd-session> 22:19:18 ppoll([{fd=7<TCP:[127.0.0.1:22->127.0.0.1:60704]>, events=POLLIN}, {fd=7<TCP:[127.0.0.1:22->127.0.0.1:60704]>, events=0}, {fd=14</dev/ptmx<char 5:2 @/dev/pts/6>>, events=POLLIN}], 3, NULL, [], 8 <unfinished ...>
27462<sed> 22:19:18 <... execve resumed>) = 0
27462<sed> 22:19:18 brk(NULL)           = 0x5590650a4000
27462<sed> 22:19:18 access("/etc/ld.so.preload", R_OK) = -1 ENOENT (No such file or directory)
27462<sed> 22:19:18 openat(AT_FDCWD</home/catastor>, "/etc/ld.so.cache", O_RDONLY|O_CLOEXEC) = 3</etc/ld.so.cache>
27462<sed> 22:19:18 fstat(3</etc/ld.so.cache>, {st_mode=S_IFREG|0644, st_size=74499, ...}) = 0
27462<sed> 22:19:18 mmap(NULL, 74499, PROT_READ, MAP_PRIVATE, 3</etc/ld.so.cache>, 0) = 0x7fac85d13000
27462<sed> 22:19:18 close(3</etc/ld.so.cache>) = 0
27462<sed> 22:19:18 openat(AT_FDCWD</home/catastor>, "/lib64/libacl.so.1", O_RDONLY|O_CLOEXEC) = 3</usr/lib64/libacl.so.1.1.2302>
27462<sed> 22:19:18 read(3</usr/lib64/libacl.so.1.1.2302>, "\177ELF\2\1\1\0\0\0\0\0\0\0\0\0\3\0>\0\1\0\0\0\0\0\0\0\0\0\0\0"..., 832) = 832
27462<sed> 22:19:18 fstat(3</usr/lib64/libacl.so.1.1.2302>, {st_mode=S_IFREG|0755, st_size=36600, ...}) = 0
27462<sed> 22:19:18 mmap(NULL, 8192, PROT_READ|PROT_WRITE, MAP_PRIVATE|MAP_ANONYMOUS, -1, 0) = 0x7fac85d11000
27462<sed> 22:19:18 mmap(NULL, 36888, PROT_READ|PROT_EXEC, MAP_PRIVATE|MAP_DENYWRITE, 3</usr/lib64/libacl.so.1.1.2302>, 0) = 0x7fac85d07000
27462<sed> 22:19:18 mmap(0x7fac85d0c000, 12288, PROT_READ, MAP_PRIVATE|MAP_FIXED|MAP_DENYWRITE, 3</usr/lib64/libacl.so.1.1.2302>, 0x5000) = 0x7fac85d0c000
27462<sed> 22:19:18 mmap(0x7fac85d0f000, 4096, PROT_READ|PROT_WRITE, MAP_PRIVATE|MAP_FIXED|MAP_DENYWRITE, 3</usr/lib64/libacl.so.1.1.2302>, 0x7000) = 0x7fac85d0f000
27462<sed> 22:19:18 mmap(0x7fac85d10000, 24, PROT_READ|PROT_WRITE, MAP_PRIVATE|MAP_FIXED|MAP_ANONYMOUS, -1, 0) = 0x7fac85d10000
27462<sed> 22:19:18 close(3</usr/lib64/libacl.so.1.1.2302>) = 0
27462<sed> 22:19:18 openat(AT_FDCWD</home/catastor>, "/lib64/libselinux.so.1", O_RDONLY|O_CLOEXEC) = 3</usr/lib64/libselinux.so.1>
27462<sed> 22:19:18 read(3</usr/lib64/libselinux.so.1>, "\177ELF\2\1\1\0\0\0\0\0\0\0\0\0\3\0>\0\1\0\0\0\0\0\0\0\0\0\0\0"..., 832) = 832
27462<sed> 22:19:18 fstat(3</usr/lib64/libselinux.so.1>, {st_mode=S_IFREG|0755, st_size=204752, ...}) = 0
27462<sed> 22:19:18 mmap(NULL, 206288, PROT_READ|PROT_EXEC, MAP_PRIVATE|MAP_DENYWRITE, 3</usr/lib64/libselinux.so.1>, 0) = 0x7fac85cd4000
27462<sed> 22:19:18 mmap(0x7fac85cf5000, 57344, PROT_READ, MAP_PRIVATE|MAP_FIXED|MAP_DENYWRITE, 3</usr/lib64/libselinux.so.1>, 0x21000) = 0x7fac85cf5000
27462<sed> 22:19:18 mmap(0x7fac85d03000, 8192, PROT_READ|PROT_WRITE, MAP_PRIVATE|MAP_FIXED|MAP_DENYWRITE, 3</usr/lib64/libselinux.so.1>, 0x2f000) = 0x7fac85d03000
27462<sed> 22:19:18 mmap(0x7fac85d05000, 5584, PROT_READ|PROT_WRITE, MAP_PRIVATE|MAP_FIXED|MAP_ANONYMOUS, -1, 0) = 0x7fac85d05000
27462<sed> 22:19:18 close(3</usr/lib64/libselinux.so.1>) = 0
27462<sed> 22:19:18 openat(AT_FDCWD</home/catastor>, "/lib64/libc.so.6", O_RDONLY|O_CLOEXEC) = 3</usr/lib64/libc.so.6>
27462<sed> 22:19:18 read(3</usr/lib64/libc.so.6>, "\177ELF\2\1\1\3\0\0\0\0\0\0\0\0\3\0>\0\1\0\0\0\2408\0\0\0\0\0\0"..., 832) = 832
27462<sed> 22:19:18 pread64(3</usr/lib64/libc.so.6>, "\6\0\0\0\4\0\0\0@\0\0\0\0\0\0\0@\0\0\0\0\0\0\0@\0\0\0\0\0\0\0"..., 784, 64) = 784
27462<sed> 22:19:18 fstat(3</usr/lib64/libc.so.6>, {st_mode=S_IFREG|0755, st_size=2490288, ...}) = 0
27462<sed> 22:19:18 pread64(3</usr/lib64/libc.so.6>, "\6\0\0\0\4\0\0\0@\0\0\0\0\0\0\0@\0\0\0\0\0\0\0@\0\0\0\0\0\0\0"..., 784, 64) = 784
27462<sed> 22:19:18 mmap(NULL, 2075504, PROT_READ|PROT_EXEC, MAP_PRIVATE|MAP_DENYWRITE, 3</usr/lib64/libc.so.6>, 0) = 0x7fac85ad9000
27462<sed> 22:19:18 mmap(0x7fac85c4d000, 495616, PROT_READ, MAP_PRIVATE|MAP_FIXED|MAP_DENYWRITE, 3</usr/lib64/libc.so.6>, 0x174000) = 0x7fac85c4d000
27462<sed> 22:19:18 mmap(0x7fac85cc6000, 24576, PROT_READ|PROT_WRITE, MAP_PRIVATE|MAP_FIXED|MAP_DENYWRITE, 3</usr/lib64/libc.so.6>, 0x1ed000) = 0x7fac85cc6000
27462<sed> 22:19:18 mmap(0x7fac85ccc000, 31600, PROT_READ|PROT_WRITE, MAP_PRIVATE|MAP_FIXED|MAP_ANONYMOUS, -1, 0) = 0x7fac85ccc000
27462<sed> 22:19:18 close(3</usr/lib64/libc.so.6>) = 0
27462<sed> 22:19:18 openat(AT_FDCWD</home/catastor>, "/lib64/libattr.so.1", O_RDONLY|O_CLOEXEC) = 3</usr/lib64/libattr.so.1.1.2502>
27462<sed> 22:19:18 read(3</usr/lib64/libattr.so.1.1.2502>, "\177ELF\2\1\1\0\0\0\0\0\0\0\0\0\3\0>\0\1\0\0\0\0\0\0\0\0\0\0\0"..., 832) = 832
27462<sed> 22:19:18 fstat(3</usr/lib64/libattr.so.1.1.2502>, {st_mode=S_IFREG|0755, st_size=24000, ...}) = 0
27462<sed> 22:19:18 mmap(NULL, 24592, PROT_READ|PROT_EXEC, MAP_PRIVATE|MAP_DENYWRITE, 3</usr/lib64/libattr.so.1.1.2502>, 0) = 0x7fac85ad2000
27462<sed> 22:19:18 mmap(0x7fac85ad5000, 8192, PROT_READ, MAP_PRIVATE|MAP_FIXED|MAP_DENYWRITE, 3</usr/lib64/libattr.so.1.1.2502>, 0x3000) = 0x7fac85ad5000
27462<sed> 22:19:18 mmap(0x7fac85ad7000, 4096, PROT_READ|PROT_WRITE, MAP_PRIVATE|MAP_FIXED|MAP_DENYWRITE, 3</usr/lib64/libattr.so.1.1.2502>, 0x4000) = 0x7fac85ad7000
27462<sed> 22:19:18 mmap(0x7fac85ad8000, 16, PROT_READ|PROT_WRITE, MAP_PRIVATE|MAP_FIXED|MAP_ANONYMOUS, -1, 0) = 0x7fac85ad8000
27462<sed> 22:19:18 close(3</usr/lib64/libattr.so.1.1.2502>) = 0
27462<sed> 22:19:18 openat(AT_FDCWD</home/catastor>, "/lib64/libpcre2-8.so.0", O_RDONLY|O_CLOEXEC) = 3</usr/lib64/libpcre2-8.so.0.15.0>
27462<sed> 22:19:18 read(3</usr/lib64/libpcre2-8.so.0.15.0>, "\177ELF\2\1\1\0\0\0\0\0\0\0\0\0\3\0>\0\1\0\0\0\0\0\0\0\0\0\0\0"..., 832) = 832
27462<sed> 22:19:18 fstat(3</usr/lib64/libpcre2-8.so.0.15.0>, {st_mode=S_IFREG|0755, st_size=724280, ...}) = 0
27462<sed> 22:19:18 mmap(NULL, 721368, PROT_READ|PROT_EXEC, MAP_PRIVATE|MAP_DENYWRITE, 3</usr/lib64/libpcre2-8.so.0.15.0>, 0) = 0x7fac85a21000
27462<sed> 22:19:18 mmap(0x7fac85aa2000, 188416, PROT_READ, MAP_PRIVATE|MAP_FIXED|MAP_DENYWRITE, 3</usr/lib64/libpcre2-8.so.0.15.0>, 0x81000) = 0x7fac85aa2000
27462<sed> 22:19:18 mmap(0x7fac85ad0000, 8192, PROT_READ|PROT_WRITE, MAP_PRIVATE|MAP_FIXED|MAP_DENYWRITE, 3</usr/lib64/libpcre2-8.so.0.15.0>, 0xae000) = 0x7fac85ad0000
27462<sed> 22:19:18 close(3</usr/lib64/libpcre2-8.so.0.15.0>) = 0
27462<sed> 22:19:18 mmap(NULL, 8192, PROT_READ|PROT_WRITE, MAP_PRIVATE|MAP_ANONYMOUS, -1, 0) = 0x7fac85a1f000
27462<sed> 22:19:18 mmap(NULL, 8192, PROT_READ|PROT_WRITE, MAP_PRIVATE|MAP_ANONYMOUS, -1, 0) = 0x7fac85a1d000
27462<sed> 22:19:18 arch_prctl(ARCH_SET_FS, 0x7fac85a20640) = 0
27462<sed> 22:19:18 set_tid_address(0x7fac85a20c68) = 27462<sed>
27462<sed> 22:19:18 set_robust_list(0x7fac85a20920, 24) = 0
27462<sed> 22:19:18 rseq({cpu_id_start=0, cpu_id=RSEQ_CPU_ID_UNINITIALIZED, rseq_cs=NULL, flags=0, node_id=0, mm_cid=0, slice_ctrl={request=0, granted=0, __reserved=0}, __reserved=0}, 32, 0, 0x53053053) = 0
27462<sed> 22:19:18 mprotect(0x7fac85cc6000, 16384, PROT_READ) = 0
27462<sed> 22:19:18 mprotect(0x7fac85ad0000, 4096, PROT_READ) = 0
27462<sed> 22:19:18 mprotect(0x7fac85ad7000, 4096, PROT_READ) = 0
27462<sed> 22:19:18 mprotect(0x7fac85d03000, 4096, PROT_READ) = 0
27462<sed> 22:19:18 mprotect(0x7fac85d0f000, 4096, PROT_READ) = 0
27462<sed> 22:19:18 mprotect(0x5590251d1000, 4096, PROT_READ) = 0
27462<sed> 22:19:18 mprotect(0x7fac85d64000, 8192, PROT_READ) = 0
27462<sed> 22:19:18 prlimit64(0, RLIMIT_STACK, NULL, {rlim_cur=8192*1024, rlim_max=RLIM64_INFINITY}) = 0
27462<sed> 22:19:18 getrandom("\xf2\xec\x21\xc4\x5e\x2e\x94\xc0", 8, GRND_NONBLOCK) = 8
27462<sed> 22:19:18 munmap(0x7fac85d13000, 74499) = 0
27462<sed> 22:19:18 statfs("/sys/fs/selinux", {f_type=SELINUX_MAGIC, f_bsize=4096, f_blocks=0, f_bfree=0, f_bavail=0, f_files=0, f_ffree=0, f_fsid={val=[0x15, 0]}, f_namelen=255, f_frsize=4096, f_flags=ST_VALID|ST_NOSUID|ST_NOEXEC|ST_RELATIME}) = 0
27462<sed> 22:19:18 statfs("/sys/fs/selinux", {f_type=SELINUX_MAGIC, f_bsize=4096, f_blocks=0, f_bfree=0, f_bavail=0, f_files=0, f_ffree=0, f_fsid={val=[0x15, 0]}, f_namelen=255, f_frsize=4096, f_flags=ST_VALID|ST_NOSUID|ST_NOEXEC|ST_RELATIME}) = 0
27462<sed> 22:19:18 brk(NULL)           = 0x5590650a4000
27462<sed> 22:19:18 brk(0x5590650c5000) = 0x5590650c5000
27462<sed> 22:19:18 access("/etc/selinux/config", F_OK) = 0
27462<sed> 22:19:18 openat(AT_FDCWD</home/catastor>, "/usr/lib/locale/locale-archive", O_RDONLY|O_CLOEXEC) = 3</usr/lib/locale/locale-archive>
27462<sed> 22:19:18 fstat(3</usr/lib/locale/locale-archive>, {st_mode=S_IFREG|0644, st_size=233380912, ...}) = 0
27462<sed> 22:19:18 mmap(NULL, 233380912, PROT_READ, MAP_PRIVATE, 3</usr/lib/locale/locale-archive>, 0) = 0x7fac77a00000
27462<sed> 22:19:18 close(3</usr/lib/locale/locale-archive>) = 0
27462<sed> 22:19:18 openat(AT_FDCWD</home/catastor>, "/usr/lib64/gconv/gconv-modules.cache", O_RDONLY|O_CLOEXEC) = 3</usr/lib64/gconv/gconv-modules.cache>
27462<sed> 22:19:18 fstat(3</usr/lib64/gconv/gconv-modules.cache>, {st_mode=S_IFREG|0644, st_size=27012, ...}) = 0
27462<sed> 22:19:18 mmap(NULL, 27012, PROT_READ, MAP_SHARED, 3</usr/lib64/gconv/gconv-modules.cache>, 0) = 0x7fac85d1f000
27462<sed> 22:19:18 close(3</usr/lib64/gconv/gconv-modules.cache>) = 0
27462<sed> 22:19:18 futex(0x7fac85ccb6ec, FUTEX_WAKE_PRIVATE, 2147483647) = 0
27462<sed> 22:19:18 fstat(0<pipe:[147795]>, {st_mode=S_IFIFO|0600, st_size=0, ...}) = 0
27462<sed> 22:19:18 read(0<pipe:[147795]>, "/home/catastor\n", 4096) = 15
27462<sed> 22:19:18 fstat(1<pipe:[147794]>, {st_mode=S_IFIFO|0600, st_size=0, ...}) = 0
27462<sed> 22:19:18 read(0<pipe:[147795]>, "", 4096) = 0
27462<sed> 22:19:18 write(1<pipe:[147794]>, "/home/catastor\n", 15) = 15
27408<bash> 22:19:18 <... read resumed>, "/home/catastor\n", 4096) = 15
27462<sed> 22:19:18 close(1<pipe:[147794]>) = 0
27408<bash> 22:19:18 read(3<pipe:[147794]> <unfinished ...>
27462<sed> 22:19:18 exit_group(0)       = ?
27462<sed> 22:19:18 +++ exited with 0 +++
27460<bash> 22:19:18 <... wait4 resumed>, [{WIFEXITED(s) && WEXITSTATUS(s) == 0}], 0, NULL) = 27462
27460<bash> 22:19:18 rt_sigaction(SIGINT, {sa_handler=0x55e6ca0352c0, sa_mask=[], sa_flags=SA_RESTORER, sa_restorer=0x7fa306ca35b0}, {sa_handler=0x55e6ca002d80, sa_mask=[], sa_flags=SA_RESTORER, sa_restorer=0x7fa306ca35b0}, 8) = 0
27460<bash> 22:19:18 rt_sigprocmask(SIG_BLOCK, [CHLD TSTP TTIN TTOU], [CHLD], 8) = 0
27460<bash> 22:19:18 ioctl(255</dev/pts/6<char 136:6>>, TIOCSPGRP, [27408]) = 0
27460<bash> 22:19:18 rt_sigprocmask(SIG_SETMASK, [CHLD], NULL, 8) = 0
27460<bash> 22:19:18 rt_sigprocmask(SIG_SETMASK, [CHLD], NULL, 8) = 0
27460<bash> 22:19:18 close(3)           = -1 EBADF (Bad file descriptor)
27460<bash> 22:19:18 rt_sigprocmask(SIG_SETMASK, [], NULL, 8) = 0
27460<bash> 22:19:18 --- SIGCHLD {si_signo=SIGCHLD, si_code=CLD_EXITED, si_pid=27461, si_uid=1000, si_status=0, si_utime=0, si_stime=0} ---
27460<bash> 22:19:18 wait4(-1, 0x7ffee29a8494, WNOHANG, NULL) = -1 ECHILD (No child processes)
27460<bash> 22:19:18 rt_sigreturn({mask=[]}) = 0
27460<bash> 22:19:18 exit_group(0)      = ?
27460<bash> 22:19:18 +++ exited with 0 +++
27408<bash> 22:19:18 <... read resumed>, "", 4096) = 0
27408<bash> 22:19:18 --- SIGCHLD {si_signo=SIGCHLD, si_code=CLD_EXITED, si_pid=27460<bash>, si_uid=1000, si_status=0, si_utime=0, si_stime=0} ---
27408<bash> 22:19:18 wait4(-1, [{WIFEXITED(s) && WEXITSTATUS(s) == 0}], WNOHANG|WSTOPPED|WCONTINUED, NULL) = 27460
27408<bash> 22:19:18 wait4(-1, 0x7ffee29a7c54, WNOHANG|WSTOPPED|WCONTINUED, NULL) = -1 ECHILD (No child processes)
27408<bash> 22:19:18 rt_sigreturn({mask=[INT]}) = 0
27408<bash> 22:19:18 close(3<pipe:[147794]>) = 0
27408<bash> 22:19:18 rt_sigprocmask(SIG_SETMASK, [], NULL, 8) = 0
27408<bash> 22:19:18 rt_sigprocmask(SIG_BLOCK, [CHLD], [], 8) = 0
27408<bash> 22:19:18 rt_sigprocmask(SIG_SETMASK, [], NULL, 8) = 0
27408<bash> 22:19:18 rt_sigprocmask(SIG_BLOCK, [CHLD], [], 8) = 0
27408<bash> 22:19:18 rt_sigprocmask(SIG_SETMASK, [], NULL, 8) = 0
27408<bash> 22:19:18 write(1</dev/pts/6<char 136:6>>, "\33]3008;start=8e073a49-0f5e-4dc9-"..., 223) = 223
27407<sshd-session> 22:19:18 <... ppoll resumed>) = 1 ([{fd=14, revents=POLLIN}])
27408<bash> 22:19:18 openat(AT_FDCWD</home/catastor>, "/proc/sys/kernel/random/uuid", O_RDONLY <unfinished ...>
27407<sshd-session> 22:19:18 rt_sigprocmask(SIG_SETMASK, [] <unfinished ...>
27408<bash> 22:19:18 <... openat resumed>) = 3</proc/sys/kernel/random/uuid>
27407<sshd-session> 22:19:18 <... rt_sigprocmask resumed>, NULL, 8) = 0
27408<bash> 22:19:18 fcntl(0</dev/pts/6<char 136:6>>, F_GETFD <unfinished ...>
27407<sshd-session> 22:19:18 read(14</dev/ptmx<char 5:2 @/dev/pts/6>> <unfinished ...>
27408<bash> 22:19:18 <... fcntl resumed>) = 0
27407<sshd-session> 22:19:18 <... read resumed>, "\33]3008;start=8e073a49-0f5e-4dc9-"..., 32768) = 223
27408<bash> 22:19:18 fcntl(0</dev/pts/6<char 136:6>>, F_DUPFD, 10 <unfinished ...>
27407<sshd-session> 22:19:18 rt_sigprocmask(SIG_BLOCK, [CHLD] <unfinished ...>
27408<bash> 22:19:18 <... fcntl resumed>) = 10</dev/pts/6<char 136:6>>
27407<sshd-session> 22:19:18 <... rt_sigprocmask resumed>, [], 8) = 0
27408<bash> 22:19:18 fcntl(0</dev/pts/6<char 136:6>>, F_GETFD <unfinished ...>
27407<sshd-session> 22:19:18 ppoll([{fd=7<TCP:[127.0.0.1:22->127.0.0.1:60704]>, events=POLLIN}, {fd=7<TCP:[127.0.0.1:22->127.0.0.1:60704]>, events=POLLOUT}, {fd=14</dev/ptmx<char 5:2 @/dev/pts/6>>, events=POLLIN}], 3, NULL, [], 8 <unfinished ...>
27408<bash> 22:19:18 <... fcntl resumed>) = 0
27407<sshd-session> 22:19:18 <... ppoll resumed>) = 1 ([{fd=7, revents=POLLOUT}])
27408<bash> 22:19:18 fcntl(10</dev/pts/6<char 136:6>>, F_SETFD, FD_CLOEXEC <unfinished ...>
27407<sshd-session> 22:19:18 rt_sigprocmask(SIG_SETMASK, [] <unfinished ...>
27408<bash> 22:19:18 <... fcntl resumed>) = 0
27407<sshd-session> 22:19:18 <... rt_sigprocmask resumed>, NULL, 8) = 0
27408<bash> 22:19:18 dup2(3</proc/sys/kernel/random/uuid>, 0</dev/pts/6<char 136:6>> <unfinished ...>
27407<sshd-session> 22:19:18 write(7<TCP:[127.0.0.1:22->127.0.0.1:60704]>, "\0\0\0\360A\376\342\307\21\346L\221\v\21\3060C\320a\357G\30\250\261\362wb7 \241#\213"..., 260 <unfinished ...>
27408<bash> 22:19:18 <... dup2 resumed>) = 0</proc/sys/kernel/random/uuid>
27408<bash> 22:19:18 close(3</proc/sys/kernel/random/uuid> <unfinished ...>
27407<sshd-session> 22:19:18 <... write resumed>) = 260
27408<bash> 22:19:18 <... close resumed>) = 0
27408<bash> 22:19:18 rt_sigprocmask(SIG_BLOCK, NULL <unfinished ...>
27407<sshd-session> 22:19:18 rt_sigprocmask(SIG_BLOCK, [CHLD] <unfinished ...>
27408<bash> 22:19:18 <... rt_sigprocmask resumed>, [], 8) = 0
27407<sshd-session> 22:19:18 <... rt_sigprocmask resumed>, [], 8) = 0
27408<bash> 22:19:18 rt_sigprocmask(SIG_SETMASK, NULL <unfinished ...>
27407<sshd-session> 22:19:18 ppoll([{fd=7<TCP:[127.0.0.1:22->127.0.0.1:60704]>, events=POLLIN}, {fd=7<TCP:[127.0.0.1:22->127.0.0.1:60704]>, events=0}, {fd=14</dev/ptmx<char 5:2 @/dev/pts/6>>, events=POLLIN}], 3, NULL, [], 8 <unfinished ...>
27408<bash> 22:19:18 <... rt_sigprocmask resumed>, [], 8) = 0
27408<bash> 22:19:18 ioctl(0</proc/sys/kernel/random/uuid>, TCGETS2, 0x7ffee29a95f0) = -1 ENOTTY (Inappropriate ioctl for device)
27408<bash> 22:19:18 lseek(0</proc/sys/kernel/random/uuid>, 0, SEEK_CUR) = 0
27408<bash> 22:19:18 read(0</proc/sys/kernel/random/uuid>, "0282ebe8-a5f7-4212-b852-794e9818"..., 4096) = 37
27408<bash> 22:19:18 dup2(10</dev/pts/6<char 136:6>>, 0</proc/sys/kernel/random/uuid>) = 0</dev/pts/6<char 136:6>>
27408<bash> 22:19:18 fcntl(10</dev/pts/6<char 136:6>>, F_GETFD) = 0x1 (flags FD_CLOEXEC)
27408<bash> 22:19:18 close(10</dev/pts/6<char 136:6>>) = 0
27408<bash> 22:19:18 rt_sigprocmask(SIG_BLOCK, [CHLD TSTP TTIN TTOU], [], 8) = 0
27408<bash> 22:19:18 ioctl(255</dev/pts/6<char 136:6>>, TIOCSPGRP, [27408]) = 0
27408<bash> 22:19:18 rt_sigprocmask(SIG_SETMASK, [], NULL, 8) = 0
27408<bash> 22:19:18 rt_sigaction(SIGINT, {sa_handler=0x55e6ca034cf0, sa_mask=[], sa_flags=SA_RESTORER, sa_restorer=0x7fa306ca35b0}, {sa_handler=0x55e6ca034cf0, sa_mask=[], sa_flags=SA_RESTORER, sa_restorer=0x7fa306ca35b0}, 8) = 0
27408<bash> 22:19:18 fcntl(0</dev/pts/6<char 136:6>>, F_GETFL) = 0x2 (flags O_RDWR)
27408<bash> 22:19:18 ioctl(0</dev/pts/6<char 136:6>>, TIOCGWINSZ, {ws_row=39, ws_col=212, ws_xpixel=0, ws_ypixel=0}) = 0
27408<bash> 22:19:18 ioctl(0</dev/pts/6<char 136:6>>, TIOCSWINSZ, {ws_row=39, ws_col=212, ws_xpixel=0, ws_ypixel=0}) = 0
27408<bash> 22:19:18 ioctl(0</dev/pts/6<char 136:6>>, TCGETS2, {c_iflag=ICRNL|IXON|IUTF8, c_oflag=NL0|CR0|TAB0|BS0|VT0|FF0|OPOST|ONLCR, c_cflag=B38400|CS8|CREAD, c_lflag=ISIG|ICANON|ECHO|ECHOE|ECHOK|IEXTEN|ECHOCTL|ECHOKE, ...}) = 0
27408<bash> 22:19:18 ioctl(0</dev/pts/6<char 136:6>>, TCSETSW2, {c_iflag=IXON|IUTF8, c_oflag=NL0|CR0|TAB0|BS0|VT0|FF0|OPOST|ONLCR, c_cflag=B38400|CS8|CREAD, c_lflag=ISIG|ECHOE|ECHOK|IEXTEN|ECHOCTL|ECHOKE, ...}) = 0
27408<bash> 22:19:18 write(2</dev/pts/6<char 136:6>>, "\33[?2004h", 8) = 8
27407<sshd-session> 22:19:18 <... ppoll resumed>) = 1 ([{fd=14, revents=POLLIN}])
27408<bash> 22:19:18 rt_sigprocmask(SIG_BLOCK, [HUP INT QUIT ALRM TERM TSTP TTIN TTOU] <unfinished ...>
27407<sshd-session> 22:19:18 rt_sigprocmask(SIG_SETMASK, [] <unfinished ...>
27408<bash> 22:19:18 <... rt_sigprocmask resumed>, [], 8) = 0
27407<sshd-session> 22:19:18 <... rt_sigprocmask resumed>, NULL, 8) = 0
27408<bash> 22:19:18 rt_sigaction(SIGINT, {sa_handler=0x55e6ca0acd40, sa_mask=[], sa_flags=SA_RESTORER, sa_restorer=0x7fa306ca35b0} <unfinished ...>
27407<sshd-session> 22:19:18 read(14</dev/ptmx<char 5:2 @/dev/pts/6>> <unfinished ...>
27408<bash> 22:19:18 <... rt_sigaction resumed>, {sa_handler=0x55e6ca034cf0, sa_mask=[], sa_flags=SA_RESTORER, sa_restorer=0x7fa306ca35b0}, 8) = 0
27407<sshd-session> 22:19:18 <... read resumed>, "\33[?2004h", 32768) = 8
27408<bash> 22:19:18 rt_sigaction(SIGTERM, {sa_handler=0x55e6ca0acd40, sa_mask=[], sa_flags=SA_RESTORER, sa_restorer=0x7fa306ca35b0} <unfinished ...>
27407<sshd-session> 22:19:18 rt_sigprocmask(SIG_BLOCK, [CHLD] <unfinished ...>
27408<bash> 22:19:18 <... rt_sigaction resumed>, {sa_handler=SIG_IGN, sa_mask=[], sa_flags=SA_RESTORER, sa_restorer=0x7fa306ca35b0}, 8) = 0
27407<sshd-session> 22:19:18 <... rt_sigprocmask resumed>, [], 8) = 0
27408<bash> 22:19:18 rt_sigaction(SIGTERM, {sa_handler=SIG_IGN, sa_mask=[], sa_flags=SA_RESTORER, sa_restorer=0x7fa306ca35b0} <unfinished ...>
27407<sshd-session> 22:19:18 ppoll([{fd=7<TCP:[127.0.0.1:22->127.0.0.1:60704]>, events=POLLIN}, {fd=7<TCP:[127.0.0.1:22->127.0.0.1:60704]>, events=POLLOUT}, {fd=14</dev/ptmx<char 5:2 @/dev/pts/6>>, events=POLLIN}], 3, NULL, [], 8 <unfinished ...>
27408<bash> 22:19:18 <... rt_sigaction resumed>, {sa_handler=0x55e6ca0acd40, sa_mask=[], sa_flags=SA_RESTORER, sa_restorer=0x7fa306ca35b0}, 8) = 0
27407<sshd-session> 22:19:18 <... ppoll resumed>) = 1 ([{fd=7, revents=POLLOUT}])
27408<bash> 22:19:18 rt_sigaction(SIGHUP, {sa_handler=0x55e6ca0acd40, sa_mask=[], sa_flags=SA_RESTORER, sa_restorer=0x7fa306ca35b0} <unfinished ...>
27407<sshd-session> 22:19:18 rt_sigprocmask(SIG_SETMASK, [] <unfinished ...>
27408<bash> 22:19:18 <... rt_sigaction resumed>, {sa_handler=0x55e6ca0352c0, sa_mask=[HUP INT ILL TRAP ABRT BUS FPE USR1 SEGV USR2 PIPE ALRM TERM XCPU XFSZ VTALRM SYS], sa_flags=SA_RESTORER, sa_restorer=0x7fa306ca35b0}, 8) = 0
27407<sshd-session> 22:19:18 <... rt_sigprocmask resumed>, NULL, 8) = 0
27408<bash> 22:19:18 rt_sigaction(SIGQUIT, {sa_handler=0x55e6ca0acd40, sa_mask=[], sa_flags=SA_RESTORER, sa_restorer=0x7fa306ca35b0} <unfinished ...>
27407<sshd-session> 22:19:18 write(7<TCP:[127.0.0.1:22->127.0.0.1:60704]>, "\0\0\0 \342L\373\316\233\6l0\320!>Gk\306\214)|@\232[\303\306\217\264a\6>\316"..., 52 <unfinished ...>
27408<bash> 22:19:18 <... rt_sigaction resumed>, {sa_handler=SIG_IGN, sa_mask=[], sa_flags=SA_RESTORER, sa_restorer=0x7fa306ca35b0}, 8) = 0
27408<bash> 22:19:18 rt_sigaction(SIGQUIT, {sa_handler=SIG_IGN, sa_mask=[], sa_flags=SA_RESTORER, sa_restorer=0x7fa306ca35b0} <unfinished ...>
27407<sshd-session> 22:19:18 <... write resumed>) = 52
27408<bash> 22:19:18 <... rt_sigaction resumed>, {sa_handler=0x55e6ca0acd40, sa_mask=[], sa_flags=SA_RESTORER, sa_restorer=0x7fa306ca35b0}, 8) = 0
27407<sshd-session> 22:19:18 rt_sigprocmask(SIG_BLOCK, [CHLD] <unfinished ...>
27408<bash> 22:19:18 rt_sigaction(SIGALRM, {sa_handler=0x55e6ca0acd40, sa_mask=[], sa_flags=SA_RESTORER, sa_restorer=0x7fa306ca35b0} <unfinished ...>
27407<sshd-session> 22:19:18 <... rt_sigprocmask resumed>, [], 8) = 0
27408<bash> 22:19:18 <... rt_sigaction resumed>, {sa_handler=0x55e6ca0352c0, sa_mask=[HUP INT ILL TRAP ABRT BUS FPE USR1 SEGV USR2 PIPE ALRM TERM XCPU XFSZ VTALRM SYS], sa_flags=SA_RESTORER, sa_restorer=0x7fa306ca35b0}, 8) = 0
27407<sshd-session> 22:19:18 ppoll([{fd=7<TCP:[127.0.0.1:22->127.0.0.1:60704]>, events=POLLIN}, {fd=7<TCP:[127.0.0.1:22->127.0.0.1:60704]>, events=0}, {fd=14</dev/ptmx<char 5:2 @/dev/pts/6>>, events=POLLIN}], 3, NULL, [], 8 <unfinished ...>
27408<bash> 22:19:18 rt_sigaction(SIGTSTP, {sa_handler=0x55e6ca0acd40, sa_mask=[], sa_flags=SA_RESTORER, sa_restorer=0x7fa306ca35b0} <unfinished ...>
27407<sshd-session> 22:19:18 <... ppoll resumed>) = 1 ([{fd=7, revents=POLLIN}])
27408<bash> 22:19:18 <... rt_sigaction resumed>, {sa_handler=SIG_IGN, sa_mask=[], sa_flags=SA_RESTORER, sa_restorer=0x7fa306ca35b0}, 8) = 0
27407<sshd-session> 22:19:18 rt_sigprocmask(SIG_SETMASK, [] <unfinished ...>
27408<bash> 22:19:18 rt_sigaction(SIGTSTP, {sa_handler=SIG_IGN, sa_mask=[], sa_flags=SA_RESTORER, sa_restorer=0x7fa306ca35b0} <unfinished ...>
27407<sshd-session> 22:19:18 <... rt_sigprocmask resumed>, NULL, 8) = 0
27408<bash> 22:19:18 <... rt_sigaction resumed>, {sa_handler=0x55e6ca0acd40, sa_mask=[], sa_flags=SA_RESTORER, sa_restorer=0x7fa306ca35b0}, 8) = 0
27407<sshd-session> 22:19:18 read(7<TCP:[127.0.0.1:22->127.0.0.1:60704]> <unfinished ...>
27408<bash> 22:19:18 rt_sigaction(SIGTTOU, {sa_handler=0x55e6ca0acd40, sa_mask=[], sa_flags=SA_RESTORER, sa_restorer=0x7fa306ca35b0} <unfinished ...>
27407<sshd-session> 22:19:18 <... read resumed>, "\0\0\0\20JuE\201\346\5`\240\252\305\317q\200\357x\235\17e\2215\300\323\nV\177\207\271I"..., 262144) = 36
27408<bash> 22:19:18 <... rt_sigaction resumed>, {sa_handler=SIG_IGN, sa_mask=[], sa_flags=SA_RESTORER, sa_restorer=0x7fa306ca35b0}, 8) = 0
27407<sshd-session> 22:19:18 rt_sigprocmask(SIG_BLOCK, [CHLD] <unfinished ...>
27408<bash> 22:19:18 rt_sigaction(SIGTTOU, {sa_handler=SIG_IGN, sa_mask=[], sa_flags=SA_RESTORER, sa_restorer=0x7fa306ca35b0} <unfinished ...>
27407<sshd-session> 22:19:18 <... rt_sigprocmask resumed>, [], 8) = 0
27408<bash> 22:19:18 <... rt_sigaction resumed>, {sa_handler=0x55e6ca0acd40, sa_mask=[], sa_flags=SA_RESTORER, sa_restorer=0x7fa306ca35b0}, 8) = 0
27407<sshd-session> 22:19:18 ppoll([{fd=7<TCP:[127.0.0.1:22->127.0.0.1:60704]>, events=POLLIN}, {fd=7<TCP:[127.0.0.1:22->127.0.0.1:60704]>, events=POLLOUT}, {fd=14</dev/ptmx<char 5:2 @/dev/pts/6>>, events=POLLIN}], 3, NULL, [], 8 <unfinished ...>
27408<bash> 22:19:18 rt_sigaction(SIGTTIN, {sa_handler=0x55e6ca0acd40, sa_mask=[], sa_flags=SA_RESTORER, sa_restorer=0x7fa306ca35b0} <unfinished ...>
27407<sshd-session> 22:19:18 <... ppoll resumed>) = 1 ([{fd=7, revents=POLLOUT}])
27408<bash> 22:19:18 <... rt_sigaction resumed>, {sa_handler=SIG_IGN, sa_mask=[], sa_flags=SA_RESTORER, sa_restorer=0x7fa306ca35b0}, 8) = 0
27407<sshd-session> 22:19:18 rt_sigprocmask(SIG_SETMASK, [] <unfinished ...>
27408<bash> 22:19:18 rt_sigaction(SIGTTIN, {sa_handler=SIG_IGN, sa_mask=[], sa_flags=SA_RESTORER, sa_restorer=0x7fa306ca35b0} <unfinished ...>
27407<sshd-session> 22:19:18 <... rt_sigprocmask resumed>, NULL, 8) = 0
27408<bash> 22:19:18 <... rt_sigaction resumed>, {sa_handler=0x55e6ca0acd40, sa_mask=[], sa_flags=SA_RESTORER, sa_restorer=0x7fa306ca35b0}, 8) = 0
27407<sshd-session> 22:19:18 write(7<TCP:[127.0.0.1:22->127.0.0.1:60704]>, "\0\0\0\20\321V2z\300M\240@\37>\247\35\306D\3\227\357\6\371\303\340\33\356\374\342\342\373\333"..., 36 <unfinished ...>
27408<bash> 22:19:18 rt_sigprocmask(SIG_SETMASK, [], NULL, 8) = 0
27407<sshd-session> 22:19:18 <... write resumed>) = 36
27408<bash> 22:19:18 rt_sigaction(SIGWINCH, {sa_handler=0x55e6ca0acd50, sa_mask=[], sa_flags=SA_RESTORER|SA_RESTART, sa_restorer=0x7fa306ca35b0} <unfinished ...>
27407<sshd-session> 22:19:18 rt_sigprocmask(SIG_BLOCK, [CHLD] <unfinished ...>
27408<bash> 22:19:18 <... rt_sigaction resumed>, {sa_handler=0x55e6ca02ffd0, sa_mask=[], sa_flags=SA_RESTORER|SA_RESTART, sa_restorer=0x7fa306ca35b0}, 8) = 0
27407<sshd-session> 22:19:18 <... rt_sigprocmask resumed>, [], 8) = 0
27408<bash> 22:19:18 write(2</dev/pts/6<char 136:6>>, "\33[0m\33[32mcatastor@fedora\33[0m:\33[3"..., 41 <unfinished ...>
27407<sshd-session> 22:19:18 ppoll([{fd=7<TCP:[127.0.0.1:22->127.0.0.1:60704]>, events=POLLIN}, {fd=7<TCP:[127.0.0.1:22->127.0.0.1:60704]>, events=0}, {fd=14</dev/ptmx<char 5:2 @/dev/pts/6>>, events=POLLIN}], 3, NULL, [], 8 <unfinished ...>
27408<bash> 22:19:18 <... write resumed>) = 41
27407<sshd-session> 22:19:18 <... ppoll resumed>) = 1 ([{fd=14, revents=POLLIN}])
27408<bash> 22:19:18 pselect6(1, [0</dev/pts/6<char 136:6>>], NULL, NULL, NULL, {sigmask=[], sigsetsize=8} <unfinished ...>
27407<sshd-session> 22:19:18 rt_sigprocmask(SIG_SETMASK, [], NULL, 8) = 0
27407<sshd-session> 22:19:18 read(14</dev/ptmx<char 5:2 @/dev/pts/6>>, "\33[0m\33[32mcatastor@fedora\33[0m:\33[3"..., 32768) = 41
27407<sshd-session> 22:19:18 rt_sigprocmask(SIG_BLOCK, [CHLD], [], 8) = 0
27407<sshd-session> 22:19:18 ppoll([{fd=7<TCP:[127.0.0.1:22->127.0.0.1:60704]>, events=POLLIN}, {fd=7<TCP:[127.0.0.1:22->127.0.0.1:60704]>, events=POLLOUT}, {fd=14</dev/ptmx<char 5:2 @/dev/pts/6>>, events=POLLIN}], 3, NULL, [], 8) = 1 ([{fd=7, revents=POLLOUT}])
27407<sshd-session> 22:19:18 rt_sigprocmask(SIG_SETMASK, [], NULL, 8) = 0
27407<sshd-session> 22:19:18 write(7<TCP:[127.0.0.1:22->127.0.0.1:60704]>, "\0\0\0@\205\36BR\247c\2\203P?B\1\v\"\304|}-\27\236s\332\256=\377\34\f\305"..., 84) = 84
27407<sshd-session> 22:19:18 rt_sigprocmask(SIG_BLOCK, [CHLD], [], 8) = 0
27407<sshd-session> 22:19:18 ppoll([{fd=7<TCP:[127.0.0.1:22->127.0.0.1:60704]>, events=POLLIN}, {fd=7<TCP:[127.0.0.1:22->127.0.0.1:60704]>, events=0}, {fd=14</dev/ptmx<char 5:2 @/dev/pts/6>>, events=POLLIN}], 3, NULL, [], 8) = 1 ([{fd=7, revents=POLLIN}])
27407<sshd-session> 22:19:18 rt_sigprocmask(SIG_SETMASK, [], NULL, 8) = 0
27407<sshd-session> 22:19:18 read(7<TCP:[127.0.0.1:22->127.0.0.1:60704]>, "\0\0\0\20\255\r\302A\310\276\37\343\300'\33\375T\1P\230t\275\227\f\339e\v\216wVu"..., 262144) = 36
27407<sshd-session> 22:19:18 rt_sigprocmask(SIG_BLOCK, [CHLD], [], 8) = 0
27407<sshd-session> 22:19:18 ppoll([{fd=7<TCP:[127.0.0.1:22->127.0.0.1:60704]>, events=POLLIN}, {fd=7<TCP:[127.0.0.1:22->127.0.0.1:60704]>, events=POLLOUT}, {fd=14</dev/ptmx<char 5:2 @/dev/pts/6>>, events=POLLIN}], 3, NULL, [], 8) = 1 ([{fd=7, revents=POLLOUT}])
27407<sshd-session> 22:19:18 rt_sigprocmask(SIG_SETMASK, [], NULL, 8) = 0
27407<sshd-session> 22:19:18 write(7<TCP:[127.0.0.1:22->127.0.0.1:60704]>, "\0\0\0\20*wi\307\n+\222\206\311\213\262Mb\321\363\210m\363\256fL\244\343\240\261A\232\1"..., 36) = 36
27407<sshd-session> 22:19:18 rt_sigprocmask(SIG_BLOCK, [CHLD], [], 8) = 0
27407<sshd-session> 22:19:18 ppoll([{fd=7<TCP:[127.0.0.1:22->127.0.0.1:60704]>, events=POLLIN}, {fd=7<TCP:[127.0.0.1:22->127.0.0.1:60704]>, events=0}, {fd=14</dev/ptmx<char 5:2 @/dev/pts/6>>, events=POLLIN}], 3, NULL, [], 8) = 1 ([{fd=7, revents=POLLIN}])
27407<sshd-session> 22:19:18 rt_sigprocmask(SIG_SETMASK, [], NULL, 8) = 0
27407<sshd-session> 22:19:18 read(7<TCP:[127.0.0.1:22->127.0.0.1:60704]>, "\0\0\0\0206\177\5F\21\267\372\341\346it8\312\27h\371Y\354\33!\230\321\243\216\304\24\230\376"..., 262144) = 36
27407<sshd-session> 22:19:18 rt_sigprocmask(SIG_BLOCK, [CHLD], [], 8) = 0
27407<sshd-session> 22:19:18 ppoll([{fd=7<TCP:[127.0.0.1:22->127.0.0.1:60704]>, events=POLLIN}, {fd=7<TCP:[127.0.0.1:22->127.0.0.1:60704]>, events=POLLOUT}, {fd=14</dev/ptmx<char 5:2 @/dev/pts/6>>, events=POLLIN}], 3, NULL, [], 8) = 1 ([{fd=7, revents=POLLOUT}])
27407<sshd-session> 22:19:18 rt_sigprocmask(SIG_SETMASK, [], NULL, 8) = 0
27407<sshd-session> 22:19:18 write(7<TCP:[127.0.0.1:22->127.0.0.1:60704]>, "\0\0\0\20\276\255.\374\17\234\242\36\351\235G\343\215c\274\"\10\325\277\255\357\36\35\25\10T\236\250"..., 36) = 36
27407<sshd-session> 22:19:18 rt_sigprocmask(SIG_BLOCK, [CHLD], [], 8) = 0
27407<sshd-session> 22:19:18 ppoll([{fd=7<TCP:[127.0.0.1:22->127.0.0.1:60704]>, events=POLLIN}, {fd=7<TCP:[127.0.0.1:22->127.0.0.1:60704]>, events=0}, {fd=14</dev/ptmx<char 5:2 @/dev/pts/6>>, events=POLLIN}], 3, NULL, [], 8) = 1 ([{fd=7, revents=POLLIN}])
27407<sshd-session> 22:19:19 rt_sigprocmask(SIG_SETMASK, [], NULL, 8) = 0
27407<sshd-session> 22:19:19 read(7<TCP:[127.0.0.1:22->127.0.0.1:60704]>, "\0\0\0\0206\371\261\271'\272\214\225~\351v\322\204\204\324\221Gs?Y\23j\251\273G>\264\346"..., 262144) = 36
27407<sshd-session> 22:19:19 rt_sigprocmask(SIG_BLOCK, [CHLD], [], 8) = 0
27407<sshd-session> 22:19:19 ppoll([{fd=7<TCP:[127.0.0.1:22->127.0.0.1:60704]>, events=POLLIN}, {fd=7<TCP:[127.0.0.1:22->127.0.0.1:60704]>, events=POLLOUT}, {fd=14</dev/ptmx<char 5:2 @/dev/pts/6>>, events=POLLIN}], 3, NULL, [], 8) = 1 ([{fd=7, revents=POLLOUT}])
27407<sshd-session> 22:19:19 rt_sigprocmask(SIG_SETMASK, [], NULL, 8) = 0
27407<sshd-session> 22:19:19 write(7<TCP:[127.0.0.1:22->127.0.0.1:60704]>, "\0\0\0\20\360\204m<.a)\367\355\334I\273c\300\352\16\362\237\276\7\0D\332\220\257\242\265\247"..., 36) = 36
27407<sshd-session> 22:19:19 rt_sigprocmask(SIG_BLOCK, [CHLD], [], 8) = 0
27407<sshd-session> 22:19:19 ppoll([{fd=7<TCP:[127.0.0.1:22->127.0.0.1:60704]>, events=POLLIN}, {fd=7<TCP:[127.0.0.1:22->127.0.0.1:60704]>, events=0}, {fd=14</dev/ptmx<char 5:2 @/dev/pts/6>>, events=POLLIN}], 3, NULL, [], 8) = 1 ([{fd=7, revents=POLLIN}])
27407<sshd-session> 22:19:19 rt_sigprocmask(SIG_SETMASK, [], NULL, 8) = 0
27407<sshd-session> 22:19:19 read(7<TCP:[127.0.0.1:22->127.0.0.1:60704]>, "\0\0\0\20\341\216\rxX\310|\217-S\2\252>`p\16\220\331\326\326\324H\344ogV\"\27"..., 262144) = 36
27407<sshd-session> 22:19:19 rt_sigprocmask(SIG_BLOCK, [CHLD], [], 8) = 0
27407<sshd-session> 22:19:19 ppoll([{fd=7<TCP:[127.0.0.1:22->127.0.0.1:60704]>, events=POLLIN}, {fd=7<TCP:[127.0.0.1:22->127.0.0.1:60704]>, events=0}, {fd=14</dev/ptmx<char 5:2 @/dev/pts/6>>, events=POLLIN}, {fd=10</dev/ptmx<char 5:2 @/dev/pts/6>>, events=POLLOUT}], 4, NULL, [], 8) = 1 ([{fd=10, revents=POLLOUT}])
27407<sshd-session> 22:19:19 rt_sigprocmask(SIG_SETMASK, [], NULL, 8) = 0
27407<sshd-session> 22:19:19 write(10</dev/ptmx<char 5:2 @/dev/pts/6>>, "e", 1) = 1
27408<bash> 22:19:19 <... pselect6 resumed>) = 1 (in [0])
27407<sshd-session> 22:19:19 ioctl(10</dev/ptmx<char 5:2 @/dev/pts/6>>, TCGETS2, {c_iflag=IXON|IUTF8, c_oflag=NL0|CR0|TAB0|BS0|VT0|FF0|OPOST|ONLCR, c_cflag=B38400|CS8|CREAD, c_lflag=ISIG|ECHOE|ECHOK|IEXTEN|ECHOCTL|ECHOKE, ...}) = 0
27408<bash> 22:19:19 read(0</dev/pts/6<char 136:6>> <unfinished ...>
27407<sshd-session> 22:19:19 rt_sigprocmask(SIG_BLOCK, [CHLD] <unfinished ...>
27408<bash> 22:19:19 <... read resumed>, "e", 1) = 1
27408<bash> 22:19:19 pselect6(1, [0</dev/pts/6<char 136:6>>], NULL, [0</dev/pts/6<char 136:6>>], {tv_sec=0, tv_nsec=0}, {sigmask=NULL, sigsetsize=8} <unfinished ...>
27407<sshd-session> 22:19:19 <... rt_sigprocmask resumed>, [], 8) = 0
27408<bash> 22:19:19 <... pselect6 resumed>) = 0 (Timeout)
27407<sshd-session> 22:19:19 ppoll([{fd=7<TCP:[127.0.0.1:22->127.0.0.1:60704]>, events=POLLIN}, {fd=7<TCP:[127.0.0.1:22->127.0.0.1:60704]>, events=0}, {fd=14</dev/ptmx<char 5:2 @/dev/pts/6>>, events=POLLIN}], 3, NULL, [], 8 <unfinished ...>
27408<bash> 22:19:19 write(2</dev/pts/6<char 136:6>>, "e", 1) = 1
27408<bash> 22:19:19 pselect6(1, [0</dev/pts/6<char 136:6>>], NULL, NULL, NULL, {sigmask=[], sigsetsize=8} <unfinished ...>
27407<sshd-session> 22:19:19 <... ppoll resumed>) = 1 ([{fd=14, revents=POLLIN}])
27407<sshd-session> 22:19:19 rt_sigprocmask(SIG_SETMASK, [], NULL, 8) = 0
27407<sshd-session> 22:19:19 read(14</dev/ptmx<char 5:2 @/dev/pts/6>>, "e", 32768) = 1
27407<sshd-session> 22:19:19 rt_sigprocmask(SIG_BLOCK, [CHLD], [], 8) = 0
27407<sshd-session> 22:19:19 ppoll([{fd=7<TCP:[127.0.0.1:22->127.0.0.1:60704]>, events=POLLIN}, {fd=7<TCP:[127.0.0.1:22->127.0.0.1:60704]>, events=POLLOUT}, {fd=14</dev/ptmx<char 5:2 @/dev/pts/6>>, events=POLLIN}], 3, NULL, [], 8) = 1 ([{fd=7, revents=POLLOUT}])
27407<sshd-session> 22:19:19 rt_sigprocmask(SIG_SETMASK, [], NULL, 8) = 0
27407<sshd-session> 22:19:19 write(7<TCP:[127.0.0.1:22->127.0.0.1:60704]>, "\0\0\0\20{\25\6\261p\227$sG\326/\3110))c\347\333\263\37P\261m\1}\370\271/"..., 36) = 36
27407<sshd-session> 22:19:19 rt_sigprocmask(SIG_BLOCK, [CHLD], [], 8) = 0
27407<sshd-session> 22:19:19 ppoll([{fd=7<TCP:[127.0.0.1:22->127.0.0.1:60704]>, events=POLLIN}, {fd=7<TCP:[127.0.0.1:22->127.0.0.1:60704]>, events=0}, {fd=14</dev/ptmx<char 5:2 @/dev/pts/6>>, events=POLLIN}], 3, NULL, [], 8) = 1 ([{fd=7, revents=POLLIN}])
27407<sshd-session> 22:19:20 rt_sigprocmask(SIG_SETMASK, [], NULL, 8) = 0
27407<sshd-session> 22:19:20 read(7<TCP:[127.0.0.1:22->127.0.0.1:60704]>, "\0\0\0\20K!\273=\352\373\301\204\373\227\22\275\23\267\335\2771\367\371k\363\353J\301/\221\3644"..., 262144) = 108
27407<sshd-session> 22:19:20 rt_sigprocmask(SIG_BLOCK, [CHLD], [], 8) = 0
27407<sshd-session> 22:19:20 ppoll([{fd=7<TCP:[127.0.0.1:22->127.0.0.1:60704]>, events=POLLIN}, {fd=7<TCP:[127.0.0.1:22->127.0.0.1:60704]>, events=0}, {fd=14</dev/ptmx<char 5:2 @/dev/pts/6>>, events=POLLIN}, {fd=10</dev/ptmx<char 5:2 @/dev/pts/6>>, events=POLLOUT}], 4, NULL, [], 8) = 1 ([{fd=10, revents=POLLOUT}])
27407<sshd-session> 22:19:20 rt_sigprocmask(SIG_SETMASK, [], NULL, 8) = 0
27407<sshd-session> 22:19:20 write(10</dev/ptmx<char 5:2 @/dev/pts/6>>, "xit", 3) = 3
27408<bash> 22:19:20 <... pselect6 resumed>) = 1 (in [0])
27407<sshd-session> 22:19:20 ioctl(10</dev/ptmx<char 5:2 @/dev/pts/6>>, TCGETS2 <unfinished ...>
27408<bash> 22:19:20 read(0</dev/pts/6<char 136:6>> <unfinished ...>
27407<sshd-session> 22:19:20 <... ioctl resumed>, {c_iflag=IXON|IUTF8, c_oflag=NL0|CR0|TAB0|BS0|VT0|FF0|OPOST|ONLCR, c_cflag=B38400|CS8|CREAD, c_lflag=ISIG|ECHOE|ECHOK|IEXTEN|ECHOCTL|ECHOKE, ...}) = 0
27408<bash> 22:19:20 <... read resumed>, "x", 1) = 1
27407<sshd-session> 22:19:20 rt_sigprocmask(SIG_BLOCK, [CHLD] <unfinished ...>
27408<bash> 22:19:20 pselect6(1, [0</dev/pts/6<char 136:6>>], NULL, [0</dev/pts/6<char 136:6>>], {tv_sec=0, tv_nsec=0}, {sigmask=NULL, sigsetsize=8} <unfinished ...>
27407<sshd-session> 22:19:20 <... rt_sigprocmask resumed>, [], 8) = 0
27408<bash> 22:19:20 <... pselect6 resumed>) = 1 (in [0], left {tv_sec=0, tv_nsec=0})
27407<sshd-session> 22:19:20 ppoll([{fd=7<TCP:[127.0.0.1:22->127.0.0.1:60704]>, events=POLLIN}, {fd=7<TCP:[127.0.0.1:22->127.0.0.1:60704]>, events=0}, {fd=14</dev/ptmx<char 5:2 @/dev/pts/6>>, events=POLLIN}], 3, NULL, [], 8 <unfinished ...>
27408<bash> 22:19:20 pselect6(1, [0</dev/pts/6<char 136:6>>], NULL, NULL, NULL, {sigmask=[], sigsetsize=8}) = 1 (in [0])
27408<bash> 22:19:20 read(0</dev/pts/6<char 136:6>>, "i", 1) = 1
27408<bash> 22:19:20 pselect6(1, [0</dev/pts/6<char 136:6>>], NULL, [0</dev/pts/6<char 136:6>>], {tv_sec=0, tv_nsec=0}, {sigmask=NULL, sigsetsize=8}) = 1 (in [0], left {tv_sec=0, tv_nsec=0})
27408<bash> 22:19:20 pselect6(1, [0</dev/pts/6<char 136:6>>], NULL, NULL, NULL, {sigmask=[], sigsetsize=8}) = 1 (in [0])
27408<bash> 22:19:20 read(0</dev/pts/6<char 136:6>>, "t", 1) = 1
27408<bash> 22:19:20 pselect6(1, [0</dev/pts/6<char 136:6>>], NULL, [0</dev/pts/6<char 136:6>>], {tv_sec=0, tv_nsec=0}, {sigmask=NULL, sigsetsize=8}) = 0 (Timeout)
27408<bash> 22:19:20 write(2</dev/pts/6<char 136:6>>, "xit", 3) = 3
27408<bash> 22:19:20 pselect6(1, [0</dev/pts/6<char 136:6>>], NULL, NULL, NULL, {sigmask=[], sigsetsize=8} <unfinished ...>
27407<sshd-session> 22:19:20 <... ppoll resumed>) = 1 ([{fd=14, revents=POLLIN}])
27407<sshd-session> 22:19:20 rt_sigprocmask(SIG_SETMASK, [], NULL, 8) = 0
27407<sshd-session> 22:19:20 read(14</dev/ptmx<char 5:2 @/dev/pts/6>>, "xit", 32768) = 3
27407<sshd-session> 22:19:20 rt_sigprocmask(SIG_BLOCK, [CHLD], [], 8) = 0
27407<sshd-session> 22:19:20 ppoll([{fd=7<TCP:[127.0.0.1:22->127.0.0.1:60704]>, events=POLLIN}, {fd=7<TCP:[127.0.0.1:22->127.0.0.1:60704]>, events=POLLOUT}, {fd=14</dev/ptmx<char 5:2 @/dev/pts/6>>, events=POLLIN}], 3, NULL, [], 8) = 1 ([{fd=7, revents=POLLOUT}])
27407<sshd-session> 22:19:20 rt_sigprocmask(SIG_SETMASK, [], NULL, 8) = 0
27407<sshd-session> 22:19:20 write(7<TCP:[127.0.0.1:22->127.0.0.1:60704]>, "\0\0\0 '\244i\34\"C\323\260Q-\20k@\220\2220H\201]\341\344'\266\261\25\352\222\204"..., 52) = 52
27407<sshd-session> 22:19:20 rt_sigprocmask(SIG_BLOCK, [CHLD], [], 8) = 0
27407<sshd-session> 22:19:20 ppoll([{fd=7<TCP:[127.0.0.1:22->127.0.0.1:60704]>, events=POLLIN}, {fd=7<TCP:[127.0.0.1:22->127.0.0.1:60704]>, events=0}, {fd=14</dev/ptmx<char 5:2 @/dev/pts/6>>, events=POLLIN}], 3, NULL, [], 8) = 1 ([{fd=7, revents=POLLIN}])
27407<sshd-session> 22:19:20 rt_sigprocmask(SIG_SETMASK, [], NULL, 8) = 0
27407<sshd-session> 22:19:20 read(7<TCP:[127.0.0.1:22->127.0.0.1:60704]>, "\0\0\0\20p\264\334V\232Az@\310@}+\213\271\247&u\363\2\f\300\25\261@\32\360\343\374"..., 262144) = 36
27407<sshd-session> 22:19:20 rt_sigprocmask(SIG_BLOCK, [CHLD], [], 8) = 0
27407<sshd-session> 22:19:20 ppoll([{fd=7<TCP:[127.0.0.1:22->127.0.0.1:60704]>, events=POLLIN}, {fd=7<TCP:[127.0.0.1:22->127.0.0.1:60704]>, events=POLLOUT}, {fd=14</dev/ptmx<char 5:2 @/dev/pts/6>>, events=POLLIN}], 3, NULL, [], 8) = 1 ([{fd=7, revents=POLLOUT}])
27407<sshd-session> 22:19:20 rt_sigprocmask(SIG_SETMASK, [], NULL, 8) = 0
27407<sshd-session> 22:19:20 write(7<TCP:[127.0.0.1:22->127.0.0.1:60704]>, "\0\0\0\20\317l\4\26\220+\312\243\20\33\332\254HB\243\323Mh\"\277\303\310\24\251<\326\"?"..., 36) = 36
27407<sshd-session> 22:19:20 rt_sigprocmask(SIG_BLOCK, [CHLD], [], 8) = 0
27407<sshd-session> 22:19:20 ppoll([{fd=7<TCP:[127.0.0.1:22->127.0.0.1:60704]>, events=POLLIN}, {fd=7<TCP:[127.0.0.1:22->127.0.0.1:60704]>, events=0}, {fd=14</dev/ptmx<char 5:2 @/dev/pts/6>>, events=POLLIN}], 3, NULL, [], 8) = 1 ([{fd=7, revents=POLLIN}])
27407<sshd-session> 22:19:21 rt_sigprocmask(SIG_SETMASK, [], NULL, 8) = 0
27407<sshd-session> 22:19:21 read(7<TCP:[127.0.0.1:22->127.0.0.1:60704]>, "\0\0\0\20Fh\0\36\364\253\214\323z\6\6[\307\34\17\207\203\5\0j\17\351\336AOO~\317"..., 262144) = 36
27407<sshd-session> 22:19:21 rt_sigprocmask(SIG_BLOCK, [CHLD], [], 8) = 0
27407<sshd-session> 22:19:21 ppoll([{fd=7<TCP:[127.0.0.1:22->127.0.0.1:60704]>, events=POLLIN}, {fd=7<TCP:[127.0.0.1:22->127.0.0.1:60704]>, events=0}, {fd=14</dev/ptmx<char 5:2 @/dev/pts/6>>, events=POLLIN}, {fd=10</dev/ptmx<char 5:2 @/dev/pts/6>>, events=POLLOUT}], 4, NULL, [], 8) = 1 ([{fd=10, revents=POLLOUT}])
27407<sshd-session> 22:19:21 rt_sigprocmask(SIG_SETMASK, [], NULL, 8) = 0
27407<sshd-session> 22:19:21 write(10</dev/ptmx<char 5:2 @/dev/pts/6>>, "\r", 1) = 1
27408<bash> 22:19:21 <... pselect6 resumed>) = 1 (in [0])
27408<bash> 22:19:21 read(0</dev/pts/6<char 136:6>> <unfinished ...>
27407<sshd-session> 22:19:21 rt_sigprocmask(SIG_BLOCK, [CHLD] <unfinished ...>
27408<bash> 22:19:21 <... read resumed>, "\r", 1) = 1
27407<sshd-session> 22:19:21 <... rt_sigprocmask resumed>, [], 8) = 0
27408<bash> 22:19:21 write(2</dev/pts/6<char 136:6>>, "\n", 1 <unfinished ...>
27407<sshd-session> 22:19:21 ppoll([{fd=7<TCP:[127.0.0.1:22->127.0.0.1:60704]>, events=POLLIN}, {fd=7<TCP:[127.0.0.1:22->127.0.0.1:60704]>, events=0}, {fd=14</dev/ptmx<char 5:2 @/dev/pts/6>>, events=POLLIN}], 3, NULL, [], 8 <unfinished ...>
27408<bash> 22:19:21 <... write resumed>) = 1
27407<sshd-session> 22:19:21 <... ppoll resumed>) = 1 ([{fd=14, revents=POLLIN}])
27408<bash> 22:19:21 write(2</dev/pts/6<char 136:6>>, "\33[?2004l\r", 9 <unfinished ...>
27407<sshd-session> 22:19:21 rt_sigprocmask(SIG_SETMASK, [] <unfinished ...>
27408<bash> 22:19:21 <... write resumed>) = 9
27407<sshd-session> 22:19:21 <... rt_sigprocmask resumed>, NULL, 8) = 0
27408<bash> 22:19:21 ioctl(0</dev/pts/6<char 136:6>>, TCSETSW2, {c_iflag=ICRNL|IXON|IUTF8, c_oflag=NL0|CR0|TAB0|BS0|VT0|FF0|OPOST|ONLCR, c_cflag=B38400|CS8|CREAD, c_lflag=ISIG|ICANON|ECHO|ECHOE|ECHOK|IEXTEN|ECHOCTL|ECHOKE, ...} <unfinished ...>
27407<sshd-session> 22:19:21 read(14</dev/ptmx<char 5:2 @/dev/pts/6>> <unfinished ...>
27408<bash> 22:19:21 <... ioctl resumed>) = 0
27407<sshd-session> 22:19:21 <... read resumed>, "\r\n\33[?2004l\r", 32768) = 11
27408<bash> 22:19:21 rt_sigaction(SIGINT, {sa_handler=0x55e6ca034cf0, sa_mask=[], sa_flags=SA_RESTORER, sa_restorer=0x7fa306ca35b0} <unfinished ...>
27407<sshd-session> 22:19:21 rt_sigprocmask(SIG_BLOCK, [CHLD] <unfinished ...>
27408<bash> 22:19:21 <... rt_sigaction resumed>, {sa_handler=0x55e6ca0acd40, sa_mask=[], sa_flags=SA_RESTORER, sa_restorer=0x7fa306ca35b0}, 8) = 0
27407<sshd-session> 22:19:21 <... rt_sigprocmask resumed>, [], 8) = 0
27408<bash> 22:19:21 rt_sigaction(SIGHUP, {sa_handler=0x55e6ca0352c0, sa_mask=[HUP INT ILL TRAP ABRT BUS FPE USR1 SEGV USR2 PIPE ALRM TERM XCPU XFSZ VTALRM SYS], sa_flags=SA_RESTORER, sa_restorer=0x7fa306ca35b0} <unfinished ...>
27407<sshd-session> 22:19:21 ppoll([{fd=7<TCP:[127.0.0.1:22->127.0.0.1:60704]>, events=POLLIN}, {fd=7<TCP:[127.0.0.1:22->127.0.0.1:60704]>, events=POLLOUT}, {fd=14</dev/ptmx<char 5:2 @/dev/pts/6>>, events=POLLIN}], 3, NULL, [], 8 <unfinished ...>
27408<bash> 22:19:21 <... rt_sigaction resumed>, {sa_handler=0x55e6ca0acd40, sa_mask=[], sa_flags=SA_RESTORER, sa_restorer=0x7fa306ca35b0}, 8) = 0
27407<sshd-session> 22:19:21 <... ppoll resumed>) = 1 ([{fd=7, revents=POLLOUT}])
27408<bash> 22:19:21 rt_sigaction(SIGALRM, {sa_handler=0x55e6ca0352c0, sa_mask=[HUP INT ILL TRAP ABRT BUS FPE USR1 SEGV USR2 PIPE ALRM TERM XCPU XFSZ VTALRM SYS], sa_flags=SA_RESTORER, sa_restorer=0x7fa306ca35b0} <unfinished ...>
27407<sshd-session> 22:19:21 rt_sigprocmask(SIG_SETMASK, [] <unfinished ...>
27408<bash> 22:19:21 <... rt_sigaction resumed>, {sa_handler=0x55e6ca0acd40, sa_mask=[], sa_flags=SA_RESTORER, sa_restorer=0x7fa306ca35b0}, 8) = 0
27407<sshd-session> 22:19:21 <... rt_sigprocmask resumed>, NULL, 8) = 0
27408<bash> 22:19:21 rt_sigaction(SIGWINCH, {sa_handler=0x55e6ca02ffd0, sa_mask=[], sa_flags=SA_RESTORER|SA_RESTART, sa_restorer=0x7fa306ca35b0} <unfinished ...>
27407<sshd-session> 22:19:21 write(7<TCP:[127.0.0.1:22->127.0.0.1:60704]>, "\0\0\0 \377\34\274\265%;6\377z<9\0\305[\2\276\321h\nI\253\300d\235\0\261\233\240"..., 52 <unfinished ...>
27408<bash> 22:19:21 <... rt_sigaction resumed>, {sa_handler=0x55e6ca0acd50, sa_mask=[], sa_flags=SA_RESTORER|SA_RESTART, sa_restorer=0x7fa306ca35b0}, 8) = 0
27408<bash> 22:19:21 socket(AF_NETLINK, SOCK_RAW, NETLINK_AUDIT <unfinished ...>
27407<sshd-session> 22:19:21 <... write resumed>) = 52
27407<sshd-session> 22:19:21 rt_sigprocmask(SIG_BLOCK, [CHLD] <unfinished ...>
27408<bash> 22:19:21 <... socket resumed>) = 3<NETLINK:[145991]>
27407<sshd-session> 22:19:21 <... rt_sigprocmask resumed>, [], 8) = 0
27408<bash> 22:19:21 sendto(3<NETLINK:[145991]>, [{nlmsg_len=24, nlmsg_type=0x464 /* NLMSG_??? */, nlmsg_flags=NLM_F_REQUEST, nlmsg_seq=0, nlmsg_pid=0}, "\x65\x78\x69\x74\x00\x00\x00\x00"], 24, 0, {sa_family=AF_NETLINK, nl_pid=0, nl_groups=00000000}, 12 <unfinished ...>
27407<sshd-session> 22:19:21 ppoll([{fd=7<TCP:[127.0.0.1:22->127.0.0.1:60704]>, events=POLLIN}, {fd=7<TCP:[127.0.0.1:22->127.0.0.1:60704]>, events=0}, {fd=14</dev/ptmx<char 5:2 @/dev/pts/6>>, events=POLLIN}], 3, NULL, [], 8 <unfinished ...>
27408<bash> 22:19:21 <... sendto resumed>) = 24
27408<bash> 22:19:21 close(3<NETLINK:[AUDIT:27408]>) = 0
27408<bash> 22:19:21 rt_sigaction(SIGINT, {sa_handler=0x55e6ca034cf0, sa_mask=[], sa_flags=SA_RESTORER, sa_restorer=0x7fa306ca35b0}, {sa_handler=0x55e6ca034cf0, sa_mask=[], sa_flags=SA_RESTORER, sa_restorer=0x7fa306ca35b0}, 8) = 0
27408<bash> 22:19:21 rt_sigprocmask(SIG_BLOCK, NULL, [], 8) = 0
27408<bash> 22:19:21 pipe2([3<pipe:[147797]>, 4<pipe:[147797]>], 0) = 0
27408<bash> 22:19:21 rt_sigprocmask(SIG_BLOCK, [CHLD], [], 8) = 0
27408<bash> 22:19:21 rt_sigprocmask(SIG_SETMASK, [], NULL, 8) = 0
27408<bash> 22:19:21 rt_sigprocmask(SIG_BLOCK, NULL, [], 8) = 0
27408<bash> 22:19:21 rt_sigprocmask(SIG_BLOCK, [INT TERM CHLD], [], 8) = 0
27408<bash> 22:19:21 rt_sigaction(SIGTERM, {sa_handler=SIG_DFL, sa_mask=[], sa_flags=SA_RESTORER, sa_restorer=0x7fa306ca35b0}, {sa_handler=SIG_IGN, sa_mask=[], sa_flags=SA_RESTORER, sa_restorer=0x7fa306ca35b0}, 8) = 0
27408<bash> 22:19:21 pipe2([5<pipe:[147798]>, 6<pipe:[147798]>], 0) = 0
27408<bash> 22:19:21 rt_sigprocmask(SIG_BLOCK, ~[], [INT TERM CHLD], 8) = 0
27408<bash> 22:19:21 clone(child_stack=NULL, flags=CLONE_CHILD_CLEARTID|CLONE_CHILD_SETTID|SIGCHLD, child_tidptr=0x7fa306c86a10) = 27463<bash>
27463<bash> 22:19:21 set_robust_list(0x7fa306c86a20, 24) = 0
27408<bash> 22:19:21 rt_sigprocmask(SIG_SETMASK, [INT TERM CHLD], NULL, 8) = 0
27463<bash> 22:19:21 rt_sigprocmask(SIG_SETMASK, [INT TERM CHLD] <unfinished ...>
27408<bash> 22:19:21 rt_sigaction(SIGTERM, {sa_handler=SIG_IGN, sa_mask=[], sa_flags=SA_RESTORER, sa_restorer=0x7fa306ca35b0} <unfinished ...>
27463<bash> 22:19:21 <... rt_sigprocmask resumed>, NULL, 8) = 0
27408<bash> 22:19:21 <... rt_sigaction resumed>, {sa_handler=SIG_DFL, sa_mask=[], sa_flags=SA_RESTORER, sa_restorer=0x7fa306ca35b0}, 8) = 0
27463<bash> 22:19:21 getpid( <unfinished ...>
27408<bash> 22:19:21 setpgid(27463<bash>, 27408 <unfinished ...>
27463<bash> 22:19:21 <... getpid resumed>) = 27463<bash>
27408<bash> 22:19:21 <... setpgid resumed>) = 0
27463<bash> 22:19:21 rt_sigprocmask(SIG_SETMASK, [], NULL, 8) = 0
27408<bash> 22:19:21 rt_sigprocmask(SIG_SETMASK, [] <unfinished ...>
27463<bash> 22:19:21 rt_sigaction(SIGTSTP, {sa_handler=SIG_IGN, sa_mask=[], sa_flags=SA_RESTORER, sa_restorer=0x7fa306ca35b0} <unfinished ...>
27408<bash> 22:19:21 <... rt_sigprocmask resumed>, NULL, 8) = 0
27463<bash> 22:19:21 <... rt_sigaction resumed>, {sa_handler=SIG_IGN, sa_mask=[], sa_flags=SA_RESTORER, sa_restorer=0x7fa306ca35b0}, 8) = 0
27408<bash> 22:19:21 rt_sigaction(SIGCHLD, {sa_handler=0x55e6ca0068d0, sa_mask=[], sa_flags=SA_RESTORER|SA_RESTART, sa_restorer=0x7fa306ca35b0} <unfinished ...>
27463<bash> 22:19:21 rt_sigaction(SIGTTIN, {sa_handler=SIG_IGN, sa_mask=[], sa_flags=SA_RESTORER, sa_restorer=0x7fa306ca35b0} <unfinished ...>
27408<bash> 22:19:21 <... rt_sigaction resumed>, {sa_handler=0x55e6ca0068d0, sa_mask=[], sa_flags=SA_RESTORER|SA_RESTART, sa_restorer=0x7fa306ca35b0}, 8) = 0
27463<bash> 22:19:21 <... rt_sigaction resumed>, {sa_handler=SIG_IGN, sa_mask=[], sa_flags=SA_RESTORER, sa_restorer=0x7fa306ca35b0}, 8) = 0
27408<bash> 22:19:21 close(5<pipe:[147798]> <unfinished ...>
27463<bash> 22:19:21 rt_sigaction(SIGTTOU, {sa_handler=SIG_IGN, sa_mask=[], sa_flags=SA_RESTORER, sa_restorer=0x7fa306ca35b0} <unfinished ...>
27408<bash> 22:19:21 <... close resumed>) = 0
27463<bash> 22:19:21 <... rt_sigaction resumed>, {sa_handler=SIG_IGN, sa_mask=[], sa_flags=SA_RESTORER, sa_restorer=0x7fa306ca35b0}, 8) = 0
27408<bash> 22:19:21 close(6<pipe:[147798]> <unfinished ...>
27463<bash> 22:19:21 setpgid(27463<bash>, 27408 <unfinished ...>
27408<bash> 22:19:21 <... close resumed>) = 0
27463<bash> 22:19:21 <... setpgid resumed>) = 0
27408<bash> 22:19:21 close(4<pipe:[147797]> <unfinished ...>
27463<bash> 22:19:21 close(5<pipe:[147798]> <unfinished ...>
27408<bash> 22:19:21 <... close resumed>) = 0
27463<bash> 22:19:21 <... close resumed>) = 0
27408<bash> 22:19:21 rt_sigprocmask(SIG_BLOCK, [INT] <unfinished ...>
27463<bash> 22:19:21 close(6<pipe:[147798]> <unfinished ...>
27408<bash> 22:19:21 <... rt_sigprocmask resumed>, [], 8) = 0
27463<bash> 22:19:21 <... close resumed>) = 0
27408<bash> 22:19:21 read(3<pipe:[147797]> <unfinished ...>
27463<bash> 22:19:21 rt_sigaction(SIGINT, {sa_handler=SIG_DFL, sa_mask=[], sa_flags=SA_RESTORER, sa_restorer=0x7fa306ca35b0}, {sa_handler=0x55e6ca034cf0, sa_mask=[], sa_flags=SA_RESTORER, sa_restorer=0x7fa306ca35b0}, 8) = 0
27463<bash> 22:19:21 rt_sigaction(SIGQUIT, {sa_handler=SIG_DFL, sa_mask=[], sa_flags=SA_RESTORER, sa_restorer=0x7fa306ca35b0}, {sa_handler=SIG_IGN, sa_mask=[], sa_flags=SA_RESTORER, sa_restorer=0x7fa306ca35b0}, 8) = 0
27463<bash> 22:19:21 rt_sigaction(SIGTERM, {sa_handler=SIG_DFL, sa_mask=[], sa_flags=SA_RESTORER, sa_restorer=0x7fa306ca35b0}, {sa_handler=SIG_DFL, sa_mask=[], sa_flags=SA_RESTORER, sa_restorer=0x7fa306ca35b0}, 8) = 0
27463<bash> 22:19:21 rt_sigaction(SIGCHLD, {sa_handler=SIG_DFL, sa_mask=[], sa_flags=SA_RESTORER|SA_RESTART, sa_restorer=0x7fa306ca35b0}, {sa_handler=0x55e6ca0068d0, sa_mask=[], sa_flags=SA_RESTORER|SA_RESTART, sa_restorer=0x7fa306ca35b0}, 8) = 0
27463<bash> 22:19:21 rt_sigaction(SIGCHLD, {sa_handler=0x55e6ca0068d0, sa_mask=[], sa_flags=SA_RESTORER|SA_RESTART, sa_restorer=0x7fa306ca35b0}, {sa_handler=SIG_DFL, sa_mask=[], sa_flags=SA_RESTORER|SA_RESTART, sa_restorer=0x7fa306ca35b0}, 8) = 0
27463<bash> 22:19:21 rt_sigaction(SIGINT, {sa_handler=0x55e6ca0352c0, sa_mask=[], sa_flags=SA_RESTORER, sa_restorer=0x7fa306ca35b0}, {sa_handler=SIG_DFL, sa_mask=[], sa_flags=SA_RESTORER, sa_restorer=0x7fa306ca35b0}, 8) = 0
27463<bash> 22:19:21 dup2(4<pipe:[147797]>, 1</dev/pts/6<char 136:6>>) = 1<pipe:[147797]>
27463<bash> 22:19:21 close(4<pipe:[147797]>) = 0
27463<bash> 22:19:21 close(3<pipe:[147797]>) = 0
27463<bash> 22:19:21 rt_sigprocmask(SIG_BLOCK, NULL, [], 8) = 0
27463<bash> 22:19:21 rt_sigprocmask(SIG_BLOCK, NULL, [], 8) = 0
27463<bash> 22:19:21 rt_sigprocmask(SIG_BLOCK, NULL, [], 8) = 0
27463<bash> 22:19:21 pipe2([3<pipe:[147802]>, 4<pipe:[147802]>], 0) = 0
27463<bash> 22:19:21 rt_sigprocmask(SIG_BLOCK, [CHLD], [], 8) = 0
27463<bash> 22:19:21 rt_sigprocmask(SIG_SETMASK, [], NULL, 8) = 0
27463<bash> 22:19:21 rt_sigprocmask(SIG_BLOCK, NULL, [], 8) = 0
27463<bash> 22:19:21 rt_sigprocmask(SIG_BLOCK, [INT TERM CHLD], [], 8) = 0
27463<bash> 22:19:21 rt_sigaction(SIGTERM, {sa_handler=SIG_DFL, sa_mask=[], sa_flags=SA_RESTORER, sa_restorer=0x7fa306ca35b0}, {sa_handler=SIG_DFL, sa_mask=[], sa_flags=SA_RESTORER, sa_restorer=0x7fa306ca35b0}, 8) = 0
27463<bash> 22:19:21 pipe2([5<pipe:[147803]>, 6<pipe:[147803]>], 0) = 0
27463<bash> 22:19:21 rt_sigprocmask(SIG_BLOCK, ~[], [INT TERM CHLD], 8) = 0
27463<bash> 22:19:21 clone(child_stack=NULL, flags=CLONE_CHILD_CLEARTID|CLONE_CHILD_SETTID|SIGCHLD, child_tidptr=0x7fa306c86a10) = 27464<bash>
27464<bash> 22:19:21 set_robust_list(0x7fa306c86a20, 24 <unfinished ...>
27463<bash> 22:19:21 rt_sigprocmask(SIG_SETMASK, [INT TERM CHLD] <unfinished ...>
27464<bash> 22:19:21 <... set_robust_list resumed>) = 0
27463<bash> 22:19:21 <... rt_sigprocmask resumed>, NULL, 8) = 0
27464<bash> 22:19:21 rt_sigprocmask(SIG_SETMASK, [INT TERM CHLD] <unfinished ...>
27463<bash> 22:19:21 rt_sigaction(SIGTERM, {sa_handler=SIG_DFL, sa_mask=[], sa_flags=SA_RESTORER, sa_restorer=0x7fa306ca35b0} <unfinished ...>
27464<bash> 22:19:21 <... rt_sigprocmask resumed>, NULL, 8) = 0
27463<bash> 22:19:21 <... rt_sigaction resumed>, {sa_handler=SIG_DFL, sa_mask=[], sa_flags=SA_RESTORER, sa_restorer=0x7fa306ca35b0}, 8) = 0
27464<bash> 22:19:21 getpid( <unfinished ...>
27463<bash> 22:19:21 setpgid(27464<bash>, 27408 <unfinished ...>
27464<bash> 22:19:21 <... getpid resumed>) = 27464<bash>
27463<bash> 22:19:21 <... setpgid resumed>) = 0
27464<bash> 22:19:21 rt_sigprocmask(SIG_SETMASK, [] <unfinished ...>
27463<bash> 22:19:21 rt_sigprocmask(SIG_SETMASK, [] <unfinished ...>
27464<bash> 22:19:21 <... rt_sigprocmask resumed>, NULL, 8) = 0
27463<bash> 22:19:21 <... rt_sigprocmask resumed>, NULL, 8) = 0
27464<bash> 22:19:21 rt_sigaction(SIGTSTP, {sa_handler=SIG_IGN, sa_mask=[], sa_flags=SA_RESTORER, sa_restorer=0x7fa306ca35b0} <unfinished ...>
27463<bash> 22:19:21 rt_sigaction(SIGCHLD, {sa_handler=0x55e6ca0068d0, sa_mask=[], sa_flags=SA_RESTORER|SA_RESTART, sa_restorer=0x7fa306ca35b0} <unfinished ...>
27464<bash> 22:19:21 <... rt_sigaction resumed>, {sa_handler=SIG_IGN, sa_mask=[], sa_flags=SA_RESTORER, sa_restorer=0x7fa306ca35b0}, 8) = 0
27463<bash> 22:19:21 <... rt_sigaction resumed>, {sa_handler=0x55e6ca0068d0, sa_mask=[], sa_flags=SA_RESTORER|SA_RESTART, sa_restorer=0x7fa306ca35b0}, 8) = 0
27464<bash> 22:19:21 rt_sigaction(SIGTTIN, {sa_handler=SIG_IGN, sa_mask=[], sa_flags=SA_RESTORER, sa_restorer=0x7fa306ca35b0} <unfinished ...>
27463<bash> 22:19:21 close(5<pipe:[147803]> <unfinished ...>
27464<bash> 22:19:21 <... rt_sigaction resumed>, {sa_handler=SIG_IGN, sa_mask=[], sa_flags=SA_RESTORER, sa_restorer=0x7fa306ca35b0}, 8) = 0
27463<bash> 22:19:21 <... close resumed>) = 0
27464<bash> 22:19:21 rt_sigaction(SIGTTOU, {sa_handler=SIG_IGN, sa_mask=[], sa_flags=SA_RESTORER, sa_restorer=0x7fa306ca35b0} <unfinished ...>
27463<bash> 22:19:21 close(6<pipe:[147803]> <unfinished ...>
27464<bash> 22:19:21 <... rt_sigaction resumed>, {sa_handler=SIG_IGN, sa_mask=[], sa_flags=SA_RESTORER, sa_restorer=0x7fa306ca35b0}, 8) = 0
27463<bash> 22:19:21 <... close resumed>) = 0
27464<bash> 22:19:21 setpgid(27464<bash>, 27408 <unfinished ...>
27463<bash> 22:19:21 close(4<pipe:[147802]> <unfinished ...>
27464<bash> 22:19:21 <... setpgid resumed>) = 0
27463<bash> 22:19:21 <... close resumed>) = 0
27464<bash> 22:19:21 close(5<pipe:[147803]> <unfinished ...>
27463<bash> 22:19:21 rt_sigprocmask(SIG_BLOCK, [INT] <unfinished ...>
27464<bash> 22:19:21 <... close resumed>) = 0
27463<bash> 22:19:21 <... rt_sigprocmask resumed>, [], 8) = 0
27464<bash> 22:19:21 close(6<pipe:[147803]> <unfinished ...>
27463<bash> 22:19:21 read(3<pipe:[147802]> <unfinished ...>
27464<bash> 22:19:21 <... close resumed>) = 0
27464<bash> 22:19:21 rt_sigaction(SIGINT, {sa_handler=SIG_DFL, sa_mask=[], sa_flags=SA_RESTORER, sa_restorer=0x7fa306ca35b0}, {sa_handler=0x55e6ca0352c0, sa_mask=[], sa_flags=SA_RESTORER, sa_restorer=0x7fa306ca35b0}, 8) = 0
27464<bash> 22:19:21 rt_sigaction(SIGQUIT, {sa_handler=SIG_DFL, sa_mask=[], sa_flags=SA_RESTORER, sa_restorer=0x7fa306ca35b0}, {sa_handler=SIG_DFL, sa_mask=[], sa_flags=SA_RESTORER, sa_restorer=0x7fa306ca35b0}, 8) = 0
27464<bash> 22:19:21 rt_sigaction(SIGTERM, {sa_handler=SIG_DFL, sa_mask=[], sa_flags=SA_RESTORER, sa_restorer=0x7fa306ca35b0}, {sa_handler=SIG_DFL, sa_mask=[], sa_flags=SA_RESTORER, sa_restorer=0x7fa306ca35b0}, 8) = 0
27464<bash> 22:19:21 rt_sigaction(SIGCHLD, {sa_handler=SIG_DFL, sa_mask=[], sa_flags=SA_RESTORER|SA_RESTART, sa_restorer=0x7fa306ca35b0}, {sa_handler=0x55e6ca0068d0, sa_mask=[], sa_flags=SA_RESTORER|SA_RESTART, sa_restorer=0x7fa306ca35b0}, 8) = 0
27464<bash> 22:19:21 rt_sigaction(SIGCHLD, {sa_handler=0x55e6ca0068d0, sa_mask=[], sa_flags=SA_RESTORER|SA_RESTART, sa_restorer=0x7fa306ca35b0}, {sa_handler=SIG_DFL, sa_mask=[], sa_flags=SA_RESTORER|SA_RESTART, sa_restorer=0x7fa306ca35b0}, 8) = 0
27464<bash> 22:19:21 rt_sigaction(SIGINT, {sa_handler=0x55e6ca0352c0, sa_mask=[], sa_flags=SA_RESTORER, sa_restorer=0x7fa306ca35b0}, {sa_handler=SIG_DFL, sa_mask=[], sa_flags=SA_RESTORER, sa_restorer=0x7fa306ca35b0}, 8) = 0
27464<bash> 22:19:21 dup2(4<pipe:[147802]>, 1<pipe:[147797]>) = 1<pipe:[147802]>
27464<bash> 22:19:21 close(4<pipe:[147802]>) = 0
27464<bash> 22:19:21 close(3<pipe:[147802]>) = 0
27464<bash> 22:19:21 rt_sigprocmask(SIG_BLOCK, NULL, [], 8) = 0
27464<bash> 22:19:21 newfstatat(AT_FDCWD</home/catastor>, "/etc/machine-id", {st_mode=S_IFREG|0444, st_size=33, ...}, 0) = 0
27464<bash> 22:19:21 rt_sigprocmask(SIG_BLOCK, NULL, [], 8) = 0
27464<bash> 22:19:21 rt_sigprocmask(SIG_BLOCK, NULL, [], 8) = 0
27464<bash> 22:19:21 rt_sigprocmask(SIG_BLOCK, NULL, [], 8) = 0
27464<bash> 22:19:21 openat(AT_FDCWD</home/catastor>, "/etc/machine-id", O_RDONLY) = 3</etc/machine-id>
27464<bash> 22:19:21 read(3</etc/machine-id>, "7fc94c65c52741c4b0e4057afee26b8c"..., 4096) = 33
27464<bash> 22:19:21 read(3</etc/machine-id>, "", 4096) = 0
27464<bash> 22:19:21 close(3</etc/machine-id>) = 0
27464<bash> 22:19:21 write(1<pipe:[147802]>, ";machineid=7fc94c65c52741c4b0e40"..., 43) = 43
27463<bash> 22:19:21 <... read resumed>, ";machineid=7fc94c65c52741c4b0e40"..., 4096) = 43
27464<bash> 22:19:21 rt_sigprocmask(SIG_BLOCK, NULL <unfinished ...>
27463<bash> 22:19:21 read(3<pipe:[147802]> <unfinished ...>
27464<bash> 22:19:21 <... rt_sigprocmask resumed>, [], 8) = 0
27464<bash> 22:19:21 rt_sigprocmask(SIG_BLOCK, NULL, [], 8) = 0
27464<bash> 22:19:21 rt_sigprocmask(SIG_BLOCK, NULL, [], 8) = 0
27464<bash> 22:19:21 openat(AT_FDCWD</home/catastor>, "/proc/sys/kernel/random/boot_id", O_RDONLY) = 3</proc/sys/kernel/random/boot_id>
27464<bash> 22:19:21 read(3</proc/sys/kernel/random/boot_id>, "7a4a98d1-18e4-484f-8c1a-f3607c4d"..., 4096) = 37
27464<bash> 22:19:21 read(3</proc/sys/kernel/random/boot_id>, "", 4096) = 0
27464<bash> 22:19:21 close(3</proc/sys/kernel/random/boot_id>) = 0
27464<bash> 22:19:21 write(1<pipe:[147802]>, ";user=catastor;hostname=fedora;b"..., 99) = 99
27463<bash> 22:19:21 <... read resumed>, ";user=catastor;hostname=fedora;b"..., 4096) = 99
27463<bash> 22:19:21 read(3<pipe:[147802]> <unfinished ...>
27464<bash> 22:19:21 exit_group(0)      = ?
27464<bash> 22:19:21 +++ exited with 0 +++
27463<bash> 22:19:21 <... read resumed>, "", 4096) = 0
27463<bash> 22:19:21 --- SIGCHLD {si_signo=SIGCHLD, si_code=CLD_EXITED, si_pid=27464<bash>, si_uid=1000, si_status=0, si_utime=0, si_stime=0} ---
27463<bash> 22:19:21 wait4(-1, [{WIFEXITED(s) && WEXITSTATUS(s) == 0}], WNOHANG, NULL) = 27464
27463<bash> 22:19:21 wait4(-1, 0x7ffee29a6a94, WNOHANG, NULL) = -1 ECHILD (No child processes)
27463<bash> 22:19:21 rt_sigreturn({mask=[INT]}) = 0
27463<bash> 22:19:21 close(3<pipe:[147802]>) = 0
27463<bash> 22:19:21 rt_sigprocmask(SIG_SETMASK, [], NULL, 8) = 0
27463<bash> 22:19:21 rt_sigprocmask(SIG_BLOCK, [CHLD], [], 8) = 0
27463<bash> 22:19:21 rt_sigaction(SIGINT, {sa_handler=0x55e6ca002d80, sa_mask=[], sa_flags=SA_RESTORER, sa_restorer=0x7fa306ca35b0}, {sa_handler=0x55e6ca0352c0, sa_mask=[], sa_flags=SA_RESTORER, sa_restorer=0x7fa306ca35b0}, 8) = 0
27463<bash> 22:19:21 rt_sigaction(SIGINT, {sa_handler=0x55e6ca0352c0, sa_mask=[], sa_flags=SA_RESTORER, sa_restorer=0x7fa306ca35b0}, {sa_handler=0x55e6ca002d80, sa_mask=[], sa_flags=SA_RESTORER, sa_restorer=0x7fa306ca35b0}, 8) = 0
27463<bash> 22:19:21 rt_sigprocmask(SIG_SETMASK, [], NULL, 8) = 0
27463<bash> 22:19:21 rt_sigprocmask(SIG_BLOCK, [CHLD], [], 8) = 0
27463<bash> 22:19:21 rt_sigprocmask(SIG_SETMASK, [], NULL, 8) = 0
27463<bash> 22:19:21 rt_sigprocmask(SIG_BLOCK, NULL, [], 8) = 0
27463<bash> 22:19:21 rt_sigprocmask(SIG_BLOCK, NULL, [], 8) = 0
27463<bash> 22:19:21 pipe2([3<pipe:[148548]>, 4<pipe:[148548]>], 0) = 0
27463<bash> 22:19:21 rt_sigprocmask(SIG_BLOCK, [CHLD], [], 8) = 0
27463<bash> 22:19:21 rt_sigprocmask(SIG_SETMASK, [], NULL, 8) = 0
27463<bash> 22:19:21 rt_sigprocmask(SIG_BLOCK, NULL, [], 8) = 0
27463<bash> 22:19:21 rt_sigprocmask(SIG_BLOCK, [INT TERM CHLD], [], 8) = 0
27463<bash> 22:19:21 rt_sigaction(SIGTERM, {sa_handler=SIG_DFL, sa_mask=[], sa_flags=SA_RESTORER, sa_restorer=0x7fa306ca35b0}, {sa_handler=SIG_DFL, sa_mask=[], sa_flags=SA_RESTORER, sa_restorer=0x7fa306ca35b0}, 8) = 0
27463<bash> 22:19:21 pipe2([5<pipe:[148549]>, 6<pipe:[148549]>], 0) = 0
27463<bash> 22:19:21 rt_sigprocmask(SIG_BLOCK, ~[], [INT TERM CHLD], 8) = 0
27463<bash> 22:19:21 clone(child_stack=NULL, flags=CLONE_CHILD_CLEARTID|CLONE_CHILD_SETTID|SIGCHLD, child_tidptr=0x7fa306c86a10) = 27465<bash>
27465<bash> 22:19:21 set_robust_list(0x7fa306c86a20, 24) = 0
27463<bash> 22:19:21 rt_sigprocmask(SIG_SETMASK, [INT TERM CHLD] <unfinished ...>
27465<bash> 22:19:21 rt_sigprocmask(SIG_SETMASK, [INT TERM CHLD] <unfinished ...>
27463<bash> 22:19:21 <... rt_sigprocmask resumed>, NULL, 8) = 0
27465<bash> 22:19:21 <... rt_sigprocmask resumed>, NULL, 8) = 0
27463<bash> 22:19:21 rt_sigaction(SIGTERM, {sa_handler=SIG_DFL, sa_mask=[], sa_flags=SA_RESTORER, sa_restorer=0x7fa306ca35b0} <unfinished ...>
27465<bash> 22:19:21 getpid()           = 27465<bash>
27463<bash> 22:19:21 <... rt_sigaction resumed>, {sa_handler=SIG_DFL, sa_mask=[], sa_flags=SA_RESTORER, sa_restorer=0x7fa306ca35b0}, 8) = 0
27465<bash> 22:19:21 rt_sigprocmask(SIG_SETMASK, [] <unfinished ...>
27463<bash> 22:19:21 setpgid(27465<bash>, 27408 <unfinished ...>
27465<bash> 22:19:21 <... rt_sigprocmask resumed>, NULL, 8) = 0
27463<bash> 22:19:21 <... setpgid resumed>) = 0
27465<bash> 22:19:21 rt_sigaction(SIGTSTP, {sa_handler=SIG_IGN, sa_mask=[], sa_flags=SA_RESTORER, sa_restorer=0x7fa306ca35b0} <unfinished ...>
27463<bash> 22:19:21 rt_sigprocmask(SIG_SETMASK, [] <unfinished ...>
27465<bash> 22:19:21 <... rt_sigaction resumed>, {sa_handler=SIG_IGN, sa_mask=[], sa_flags=SA_RESTORER, sa_restorer=0x7fa306ca35b0}, 8) = 0
27463<bash> 22:19:21 <... rt_sigprocmask resumed>, NULL, 8) = 0
27465<bash> 22:19:21 rt_sigaction(SIGTTIN, {sa_handler=SIG_IGN, sa_mask=[], sa_flags=SA_RESTORER, sa_restorer=0x7fa306ca35b0} <unfinished ...>
27463<bash> 22:19:21 rt_sigaction(SIGCHLD, {sa_handler=0x55e6ca0068d0, sa_mask=[], sa_flags=SA_RESTORER|SA_RESTART, sa_restorer=0x7fa306ca35b0} <unfinished ...>
27465<bash> 22:19:21 <... rt_sigaction resumed>, {sa_handler=SIG_IGN, sa_mask=[], sa_flags=SA_RESTORER, sa_restorer=0x7fa306ca35b0}, 8) = 0
27463<bash> 22:19:21 <... rt_sigaction resumed>, {sa_handler=0x55e6ca0068d0, sa_mask=[], sa_flags=SA_RESTORER|SA_RESTART, sa_restorer=0x7fa306ca35b0}, 8) = 0
27465<bash> 22:19:21 rt_sigaction(SIGTTOU, {sa_handler=SIG_IGN, sa_mask=[], sa_flags=SA_RESTORER, sa_restorer=0x7fa306ca35b0} <unfinished ...>
27463<bash> 22:19:21 close(5<pipe:[148549]> <unfinished ...>
27465<bash> 22:19:21 <... rt_sigaction resumed>, {sa_handler=SIG_IGN, sa_mask=[], sa_flags=SA_RESTORER, sa_restorer=0x7fa306ca35b0}, 8) = 0
27463<bash> 22:19:21 <... close resumed>) = 0
27465<bash> 22:19:21 setpgid(27465<bash>, 27408 <unfinished ...>
27463<bash> 22:19:21 close(6<pipe:[148549]> <unfinished ...>
27465<bash> 22:19:21 <... setpgid resumed>) = 0
27463<bash> 22:19:21 <... close resumed>) = 0
27465<bash> 22:19:21 close(5<pipe:[148549]> <unfinished ...>
27463<bash> 22:19:21 close(4<pipe:[148548]> <unfinished ...>
27465<bash> 22:19:21 <... close resumed>) = 0
27463<bash> 22:19:21 <... close resumed>) = 0
27465<bash> 22:19:21 close(6<pipe:[148549]> <unfinished ...>
27463<bash> 22:19:21 rt_sigprocmask(SIG_BLOCK, [INT] <unfinished ...>
27465<bash> 22:19:21 <... close resumed>) = 0
27463<bash> 22:19:21 <... rt_sigprocmask resumed>, [], 8) = 0
27465<bash> 22:19:21 rt_sigaction(SIGINT, {sa_handler=SIG_DFL, sa_mask=[], sa_flags=SA_RESTORER, sa_restorer=0x7fa306ca35b0} <unfinished ...>
27463<bash> 22:19:21 read(3<pipe:[148548]> <unfinished ...>
27465<bash> 22:19:21 <... rt_sigaction resumed>, {sa_handler=0x55e6ca0352c0, sa_mask=[], sa_flags=SA_RESTORER, sa_restorer=0x7fa306ca35b0}, 8) = 0
27465<bash> 22:19:21 rt_sigaction(SIGQUIT, {sa_handler=SIG_DFL, sa_mask=[], sa_flags=SA_RESTORER, sa_restorer=0x7fa306ca35b0}, {sa_handler=SIG_DFL, sa_mask=[], sa_flags=SA_RESTORER, sa_restorer=0x7fa306ca35b0}, 8) = 0
27465<bash> 22:19:21 rt_sigaction(SIGTERM, {sa_handler=SIG_DFL, sa_mask=[], sa_flags=SA_RESTORER, sa_restorer=0x7fa306ca35b0}, {sa_handler=SIG_DFL, sa_mask=[], sa_flags=SA_RESTORER, sa_restorer=0x7fa306ca35b0}, 8) = 0
27465<bash> 22:19:21 rt_sigaction(SIGCHLD, {sa_handler=SIG_DFL, sa_mask=[], sa_flags=SA_RESTORER|SA_RESTART, sa_restorer=0x7fa306ca35b0}, {sa_handler=0x55e6ca0068d0, sa_mask=[], sa_flags=SA_RESTORER|SA_RESTART, sa_restorer=0x7fa306ca35b0}, 8) = 0
27465<bash> 22:19:21 rt_sigaction(SIGCHLD, {sa_handler=0x55e6ca0068d0, sa_mask=[], sa_flags=SA_RESTORER|SA_RESTART, sa_restorer=0x7fa306ca35b0}, {sa_handler=SIG_DFL, sa_mask=[], sa_flags=SA_RESTORER|SA_RESTART, sa_restorer=0x7fa306ca35b0}, 8) = 0
27465<bash> 22:19:21 rt_sigaction(SIGINT, {sa_handler=0x55e6ca0352c0, sa_mask=[], sa_flags=SA_RESTORER, sa_restorer=0x7fa306ca35b0}, {sa_handler=SIG_DFL, sa_mask=[], sa_flags=SA_RESTORER, sa_restorer=0x7fa306ca35b0}, 8) = 0
27465<bash> 22:19:21 dup2(4<pipe:[148548]>, 1<pipe:[147797]>) = 1<pipe:[148548]>
27465<bash> 22:19:21 close(4<pipe:[148548]>) = 0
27465<bash> 22:19:21 close(3<pipe:[148548]>) = 0
27465<bash> 22:19:21 rt_sigprocmask(SIG_BLOCK, NULL, [], 8) = 0
27465<bash> 22:19:21 rt_sigprocmask(SIG_BLOCK, [CHLD], [], 8) = 0
27465<bash> 22:19:21 fcntl(0</dev/pts/6<char 136:6>>, F_GETFD) = 0
27465<bash> 22:19:21 pipe2([3<pipe:[148550]>, 4<pipe:[148550]>], 0) = 0
27465<bash> 22:19:21 rt_sigprocmask(SIG_BLOCK, NULL, [CHLD], 8) = 0
27465<bash> 22:19:21 rt_sigprocmask(SIG_BLOCK, [INT TERM CHLD], [CHLD], 8) = 0
27465<bash> 22:19:21 rt_sigaction(SIGTERM, {sa_handler=SIG_DFL, sa_mask=[], sa_flags=SA_RESTORER, sa_restorer=0x7fa306ca35b0}, {sa_handler=SIG_DFL, sa_mask=[], sa_flags=SA_RESTORER, sa_restorer=0x7fa306ca35b0}, 8) = 0
27465<bash> 22:19:21 pipe2([5<pipe:[148551]>, 6<pipe:[148551]>], 0) = 0
27465<bash> 22:19:21 rt_sigprocmask(SIG_BLOCK, ~[], [INT TERM CHLD], 8) = 0
27465<bash> 22:19:21 clone(child_stack=NULL, flags=CLONE_CHILD_CLEARTID|CLONE_CHILD_SETTID|SIGCHLD <unfinished ...>
27466<bash> 22:19:21 set_robust_list(0x7fa306c86a20, 24 <unfinished ...>
27465<bash> 22:19:21 <... clone resumed>, child_tidptr=0x7fa306c86a10) = 27466<bash>
27466<bash> 22:19:21 <... set_robust_list resumed>) = 0
27465<bash> 22:19:21 rt_sigprocmask(SIG_SETMASK, [INT TERM CHLD] <unfinished ...>
27466<bash> 22:19:21 rt_sigprocmask(SIG_SETMASK, [INT TERM CHLD] <unfinished ...>
27465<bash> 22:19:21 <... rt_sigprocmask resumed>, NULL, 8) = 0
27466<bash> 22:19:21 <... rt_sigprocmask resumed>, NULL, 8) = 0
27465<bash> 22:19:21 rt_sigaction(SIGTERM, {sa_handler=SIG_DFL, sa_mask=[], sa_flags=SA_RESTORER, sa_restorer=0x7fa306ca35b0} <unfinished ...>
27466<bash> 22:19:21 getpid( <unfinished ...>
27465<bash> 22:19:21 <... rt_sigaction resumed>, {sa_handler=SIG_DFL, sa_mask=[], sa_flags=SA_RESTORER, sa_restorer=0x7fa306ca35b0}, 8) = 0
27466<bash> 22:19:21 <... getpid resumed>) = 27466<bash>
27465<bash> 22:19:21 setpgid(27466<bash>, 27408 <unfinished ...>
27466<bash> 22:19:21 rt_sigprocmask(SIG_SETMASK, [] <unfinished ...>
27465<bash> 22:19:21 <... setpgid resumed>) = 0
27466<bash> 22:19:21 <... rt_sigprocmask resumed>, NULL, 8) = 0
27466<bash> 22:19:21 rt_sigaction(SIGTSTP, {sa_handler=SIG_IGN, sa_mask=[], sa_flags=SA_RESTORER, sa_restorer=0x7fa306ca35b0} <unfinished ...>
27465<bash> 22:19:21 rt_sigprocmask(SIG_SETMASK, [CHLD] <unfinished ...>
27466<bash> 22:19:21 <... rt_sigaction resumed>, {sa_handler=SIG_IGN, sa_mask=[], sa_flags=SA_RESTORER, sa_restorer=0x7fa306ca35b0}, 8) = 0
27465<bash> 22:19:21 <... rt_sigprocmask resumed>, NULL, 8) = 0
27466<bash> 22:19:21 rt_sigaction(SIGTTIN, {sa_handler=SIG_IGN, sa_mask=[], sa_flags=SA_RESTORER, sa_restorer=0x7fa306ca35b0} <unfinished ...>
27465<bash> 22:19:21 close(4<pipe:[148550]> <unfinished ...>
27466<bash> 22:19:21 <... rt_sigaction resumed>, {sa_handler=SIG_IGN, sa_mask=[], sa_flags=SA_RESTORER, sa_restorer=0x7fa306ca35b0}, 8) = 0
27465<bash> 22:19:21 <... close resumed>) = 0
27466<bash> 22:19:21 rt_sigaction(SIGTTOU, {sa_handler=SIG_IGN, sa_mask=[], sa_flags=SA_RESTORER, sa_restorer=0x7fa306ca35b0}, {sa_handler=SIG_IGN, sa_mask=[], sa_flags=SA_RESTORER, sa_restorer=0x7fa306ca35b0}, 8) = 0
27465<bash> 22:19:21 close(4 <unfinished ...>
27466<bash> 22:19:21 setpgid(27466<bash>, 27408 <unfinished ...>
27465<bash> 22:19:21 <... close resumed>) = -1 EBADF (Bad file descriptor)
27466<bash> 22:19:21 <... setpgid resumed>) = 0
27465<bash> 22:19:21 rt_sigprocmask(SIG_BLOCK, NULL <unfinished ...>
27466<bash> 22:19:21 close(5<pipe:[148551]> <unfinished ...>
27465<bash> 22:19:21 <... rt_sigprocmask resumed>, [CHLD], 8) = 0
27466<bash> 22:19:21 <... close resumed>) = 0
27465<bash> 22:19:21 rt_sigprocmask(SIG_BLOCK, [INT TERM CHLD] <unfinished ...>
27466<bash> 22:19:21 close(6<pipe:[148551]> <unfinished ...>
27465<bash> 22:19:21 <... rt_sigprocmask resumed>, [CHLD], 8) = 0
27466<bash> 22:19:21 <... close resumed>) = 0
27465<bash> 22:19:21 rt_sigaction(SIGTERM, {sa_handler=SIG_DFL, sa_mask=[], sa_flags=SA_RESTORER, sa_restorer=0x7fa306ca35b0} <unfinished ...>
27466<bash> 22:19:21 close(3<pipe:[148550]> <unfinished ...>
27465<bash> 22:19:21 <... rt_sigaction resumed>, {sa_handler=SIG_DFL, sa_mask=[], sa_flags=SA_RESTORER, sa_restorer=0x7fa306ca35b0}, 8) = 0
27466<bash> 22:19:21 <... close resumed>) = 0
27465<bash> 22:19:21 rt_sigprocmask(SIG_BLOCK, ~[] <unfinished ...>
27466<bash> 22:19:21 dup2(4<pipe:[148550]>, 1<pipe:[148548]> <unfinished ...>
27465<bash> 22:19:21 <... rt_sigprocmask resumed>, [INT TERM CHLD], 8) = 0
27466<bash> 22:19:21 <... dup2 resumed>) = 1<pipe:[148550]>
27465<bash> 22:19:21 clone(child_stack=NULL, flags=CLONE_CHILD_CLEARTID|CLONE_CHILD_SETTID|SIGCHLD <unfinished ...>
27466<bash> 22:19:21 close(4<pipe:[148550]>) = 0
27466<bash> 22:19:21 rt_sigaction(SIGHUP, {sa_handler=SIG_DFL, sa_mask=[], sa_flags=SA_RESTORER, sa_restorer=0x7fa306ca35b0} <unfinished ...>
27467<bash> 22:19:21 set_robust_list(0x7fa306c86a20, 24) = 0
27466<bash> 22:19:21 <... rt_sigaction resumed>, NULL, 8) = 0
27465<bash> 22:19:21 <... clone resumed>, child_tidptr=0x7fa306c86a10) = 27467<bash>
27467<bash> 22:19:21 rt_sigprocmask(SIG_SETMASK, [INT TERM CHLD] <unfinished ...>
27466<bash> 22:19:21 rt_sigaction(SIGILL, {sa_handler=SIG_DFL, sa_mask=[], sa_flags=SA_RESTORER, sa_restorer=0x7fa306ca35b0} <unfinished ...>
27467<bash> 22:19:21 <... rt_sigprocmask resumed>, NULL, 8) = 0
27465<bash> 22:19:21 rt_sigprocmask(SIG_SETMASK, [INT TERM CHLD] <unfinished ...>
27466<bash> 22:19:21 <... rt_sigaction resumed>, NULL, 8) = 0
27467<bash> 22:19:21 getpid( <unfinished ...>
27466<bash> 22:19:21 rt_sigaction(SIGTRAP, {sa_handler=SIG_DFL, sa_mask=[], sa_flags=SA_RESTORER, sa_restorer=0x7fa306ca35b0} <unfinished ...>
27465<bash> 22:19:21 <... rt_sigprocmask resumed>, NULL, 8) = 0
27467<bash> 22:19:21 <... getpid resumed>) = 27467<bash>
27466<bash> 22:19:21 <... rt_sigaction resumed>, NULL, 8) = 0
27467<bash> 22:19:21 rt_sigprocmask(SIG_SETMASK, [] <unfinished ...>
27465<bash> 22:19:21 rt_sigaction(SIGTERM, {sa_handler=SIG_DFL, sa_mask=[], sa_flags=SA_RESTORER, sa_restorer=0x7fa306ca35b0} <unfinished ...>
27467<bash> 22:19:21 <... rt_sigprocmask resumed>, NULL, 8) = 0
27466<bash> 22:19:21 rt_sigprocmask(SIG_BLOCK, ~[] <unfinished ...>
27467<bash> 22:19:21 rt_sigaction(SIGTSTP, {sa_handler=SIG_IGN, sa_mask=[], sa_flags=SA_RESTORER, sa_restorer=0x7fa306ca35b0} <unfinished ...>
27465<bash> 22:19:21 <... rt_sigaction resumed>, {sa_handler=SIG_DFL, sa_mask=[], sa_flags=SA_RESTORER, sa_restorer=0x7fa306ca35b0}, 8) = 0
27467<bash> 22:19:21 <... rt_sigaction resumed>, {sa_handler=SIG_IGN, sa_mask=[], sa_flags=SA_RESTORER, sa_restorer=0x7fa306ca35b0}, 8) = 0
27466<bash> 22:19:21 <... rt_sigprocmask resumed>, [], 8) = 0
27467<bash> 22:19:21 rt_sigaction(SIGTTIN, {sa_handler=SIG_IGN, sa_mask=[], sa_flags=SA_RESTORER, sa_restorer=0x7fa306ca35b0} <unfinished ...>
27465<bash> 22:19:21 setpgid(27467<bash>, 27408 <unfinished ...>
27467<bash> 22:19:21 <... rt_sigaction resumed>, {sa_handler=SIG_IGN, sa_mask=[], sa_flags=SA_RESTORER, sa_restorer=0x7fa306ca35b0}, 8) = 0
27466<bash> 22:19:21 rt_sigaction(SIGABRT, {sa_handler=SIG_DFL, sa_mask=[], sa_flags=SA_RESTORER, sa_restorer=0x7fa306ca35b0} <unfinished ...>
27467<bash> 22:19:21 rt_sigaction(SIGTTOU, {sa_handler=SIG_IGN, sa_mask=[], sa_flags=SA_RESTORER, sa_restorer=0x7fa306ca35b0} <unfinished ...>
27465<bash> 22:19:21 <... setpgid resumed>) = 0
27467<bash> 22:19:21 <... rt_sigaction resumed>, {sa_handler=SIG_IGN, sa_mask=[], sa_flags=SA_RESTORER, sa_restorer=0x7fa306ca35b0}, 8) = 0
27466<bash> 22:19:21 <... rt_sigaction resumed>, NULL, 8) = 0
27467<bash> 22:19:21 setpgid(27467<bash>, 27408 <unfinished ...>
27465<bash> 22:19:21 rt_sigprocmask(SIG_SETMASK, [CHLD] <unfinished ...>
27467<bash> 22:19:21 <... setpgid resumed>) = 0
27466<bash> 22:19:21 rt_sigprocmask(SIG_SETMASK, [] <unfinished ...>
27467<bash> 22:19:21 close(5<pipe:[148551]> <unfinished ...>
27465<bash> 22:19:21 <... rt_sigprocmask resumed>, NULL, 8) = 0
27467<bash> 22:19:21 <... close resumed>) = 0
27466<bash> 22:19:21 <... rt_sigprocmask resumed>, NULL, 8) = 0
27465<bash> 22:19:21 close(3<pipe:[148550]> <unfinished ...>
27467<bash> 22:19:21 close(6<pipe:[148551]> <unfinished ...>
27466<bash> 22:19:21 rt_sigaction(SIGFPE, {sa_handler=SIG_DFL, sa_mask=[], sa_flags=SA_RESTORER, sa_restorer=0x7fa306ca35b0} <unfinished ...>
27467<bash> 22:19:21 <... close resumed>) = 0
27465<bash> 22:19:21 <... close resumed>) = 0
27466<bash> 22:19:21 <... rt_sigaction resumed>, NULL, 8) = 0
27467<bash> 22:19:21 dup2(3<pipe:[148550]>, 0</dev/pts/6<char 136:6>> <unfinished ...>
27466<bash> 22:19:21 rt_sigaction(SIGBUS, {sa_handler=SIG_DFL, sa_mask=[], sa_flags=SA_RESTORER, sa_restorer=0x7fa306ca35b0} <unfinished ...>
27465<bash> 22:19:21 rt_sigprocmask(SIG_BLOCK, [CHLD] <unfinished ...>
27467<bash> 22:19:21 <... dup2 resumed>) = 0<pipe:[148550]>
27466<bash> 22:19:21 <... rt_sigaction resumed>, NULL, 8) = 0
27467<bash> 22:19:21 close(3<pipe:[148550]> <unfinished ...>
27465<bash> 22:19:21 <... rt_sigprocmask resumed>, [CHLD], 8) = 0
27467<bash> 22:19:21 <... close resumed>) = 0
27466<bash> 22:19:21 rt_sigaction(SIGSEGV, {sa_handler=SIG_DFL, sa_mask=[], sa_flags=SA_RESTORER, sa_restorer=0x7fa306ca35b0} <unfinished ...>
27465<bash> 22:19:21 close(5<pipe:[148551]> <unfinished ...>
27466<bash> 22:19:21 <... rt_sigaction resumed>, NULL, 8) = 0
27465<bash> 22:19:21 <... close resumed>) = 0
27466<bash> 22:19:21 rt_sigaction(SIGSYS, {sa_handler=SIG_DFL, sa_mask=[], sa_flags=SA_RESTORER, sa_restorer=0x7fa306ca35b0} <unfinished ...>
27465<bash> 22:19:21 close(6<pipe:[148551]> <unfinished ...>
27466<bash> 22:19:21 <... rt_sigaction resumed>, NULL, 8) = 0
27465<bash> 22:19:21 <... close resumed>) = 0
27466<bash> 22:19:21 rt_sigaction(SIGPIPE, {sa_handler=SIG_DFL, sa_mask=[], sa_flags=SA_RESTORER, sa_restorer=0x7fa306ca35b0} <unfinished ...>
27467<bash> 22:19:21 newfstatat(AT_FDCWD</home/catastor>, "." <unfinished ...>
27466<bash> 22:19:21 <... rt_sigaction resumed>, NULL, 8) = 0
27465<bash> 22:19:21 rt_sigprocmask(SIG_SETMASK, [CHLD] <unfinished ...>
27467<bash> 22:19:21 <... newfstatat resumed>, {st_mode=S_IFDIR|0700, st_size=716, ...}, 0) = 0
27466<bash> 22:19:21 rt_sigaction(SIGALRM, {sa_handler=SIG_DFL, sa_mask=[], sa_flags=SA_RESTORER, sa_restorer=0x7fa306ca35b0} <unfinished ...>
27467<bash> 22:19:21 newfstatat(AT_FDCWD</home/catastor>, "/home/catastor/.local/bin/sed" <unfinished ...>
27465<bash> 22:19:21 <... rt_sigprocmask resumed>, NULL, 8) = 0
27466<bash> 22:19:21 <... rt_sigaction resumed>, NULL, 8) = 0
27467<bash> 22:19:21 <... newfstatat resumed>, 0x7ffee29a73c0, 0) = -1 ENOENT (No such file or directory)
27465<bash> 22:19:21 rt_sigprocmask(SIG_BLOCK, [CHLD] <unfinished ...>
27467<bash> 22:19:21 newfstatat(AT_FDCWD</home/catastor>, "/home/catastor/bin/sed" <unfinished ...>
27466<bash> 22:19:21 rt_sigaction(SIGXCPU, {sa_handler=SIG_DFL, sa_mask=[], sa_flags=SA_RESTORER, sa_restorer=0x7fa306ca35b0} <unfinished ...>
27467<bash> 22:19:21 <... newfstatat resumed>, 0x7ffee29a73c0, 0) = -1 ENOENT (No such file or directory)
27465<bash> 22:19:21 <... rt_sigprocmask resumed>, [CHLD], 8) = 0
27467<bash> 22:19:21 newfstatat(AT_FDCWD</home/catastor>, "/usr/local/bin/sed" <unfinished ...>
27466<bash> 22:19:21 <... rt_sigaction resumed>, NULL, 8) = 0
27467<bash> 22:19:21 <... newfstatat resumed>, 0x7ffee29a73c0, 0) = -1 ENOENT (No such file or directory)
27465<bash> 22:19:21 rt_sigaction(SIGINT, {sa_handler=0x55e6ca002d80, sa_mask=[], sa_flags=SA_RESTORER, sa_restorer=0x7fa306ca35b0} <unfinished ...>
27467<bash> 22:19:21 newfstatat(AT_FDCWD</home/catastor>, "/usr/bin/sed" <unfinished ...>
27466<bash> 22:19:21 rt_sigaction(SIGXFSZ, {sa_handler=SIG_DFL, sa_mask=[], sa_flags=SA_RESTORER, sa_restorer=0x7fa306ca35b0} <unfinished ...>
27465<bash> 22:19:21 <... rt_sigaction resumed>, {sa_handler=0x55e6ca0352c0, sa_mask=[], sa_flags=SA_RESTORER, sa_restorer=0x7fa306ca35b0}, 8) = 0
27467<bash> 22:19:21 <... newfstatat resumed>, {st_mode=S_IFREG|0755, st_size=119888, ...}, 0) = 0
27466<bash> 22:19:21 <... rt_sigaction resumed>, NULL, 8) = 0
27465<bash> 22:19:21 wait4(-1 <unfinished ...>
27467<bash> 22:19:21 newfstatat(AT_FDCWD</home/catastor>, "/usr/bin/sed" <unfinished ...>
27466<bash> 22:19:21 rt_sigaction(SIGVTALRM, {sa_handler=SIG_DFL, sa_mask=[], sa_flags=SA_RESTORER, sa_restorer=0x7fa306ca35b0} <unfinished ...>
27467<bash> 22:19:21 <... newfstatat resumed>, {st_mode=S_IFREG|0755, st_size=119888, ...}, 0) = 0
27466<bash> 22:19:21 <... rt_sigaction resumed>, NULL, 8) = 0
27467<bash> 22:19:21 geteuid( <unfinished ...>
27466<bash> 22:19:21 rt_sigaction(SIGUSR1, {sa_handler=SIG_DFL, sa_mask=[], sa_flags=SA_RESTORER, sa_restorer=0x7fa306ca35b0} <unfinished ...>
27467<bash> 22:19:21 <... geteuid resumed>) = 1000
27466<bash> 22:19:21 <... rt_sigaction resumed>, NULL, 8) = 0
27467<bash> 22:19:21 getegid( <unfinished ...>
27466<bash> 22:19:21 rt_sigaction(SIGUSR2, {sa_handler=SIG_DFL, sa_mask=[], sa_flags=SA_RESTORER, sa_restorer=0x7fa306ca35b0} <unfinished ...>
27467<bash> 22:19:21 <... getegid resumed>) = 1000
27466<bash> 22:19:21 <... rt_sigaction resumed>, NULL, 8) = 0
27467<bash> 22:19:21 getuid( <unfinished ...>
27466<bash> 22:19:21 rt_sigaction(SIGINT, {sa_handler=SIG_DFL, sa_mask=[], sa_flags=SA_RESTORER, sa_restorer=0x7fa306ca35b0} <unfinished ...>
27467<bash> 22:19:21 <... getuid resumed>) = 1000
27466<bash> 22:19:21 <... rt_sigaction resumed>, {sa_handler=0x55e6ca0352c0, sa_mask=[], sa_flags=SA_RESTORER, sa_restorer=0x7fa306ca35b0}, 8) = 0
27467<bash> 22:19:21 getgid()           = 1000
27466<bash> 22:19:21 rt_sigaction(SIGQUIT, {sa_handler=SIG_DFL, sa_mask=[], sa_flags=SA_RESTORER, sa_restorer=0x7fa306ca35b0} <unfinished ...>
27467<bash> 22:19:21 access("/usr/bin/sed", X_OK <unfinished ...>
27466<bash> 22:19:21 <... rt_sigaction resumed>, {sa_handler=SIG_DFL, sa_mask=[], sa_flags=SA_RESTORER, sa_restorer=0x7fa306ca35b0}, 8) = 0
27467<bash> 22:19:21 <... access resumed>) = 0
27467<bash> 22:19:21 newfstatat(AT_FDCWD</home/catastor>, "/usr/bin/sed" <unfinished ...>
27466<bash> 22:19:21 rt_sigaction(SIGTERM, {sa_handler=SIG_DFL, sa_mask=[], sa_flags=SA_RESTORER, sa_restorer=0x7fa306ca35b0} <unfinished ...>
27467<bash> 22:19:21 <... newfstatat resumed>, {st_mode=S_IFREG|0755, st_size=119888, ...}, 0) = 0
27466<bash> 22:19:21 <... rt_sigaction resumed>, {sa_handler=SIG_DFL, sa_mask=[], sa_flags=SA_RESTORER, sa_restorer=0x7fa306ca35b0}, 8) = 0
27467<bash> 22:19:21 geteuid( <unfinished ...>
27466<bash> 22:19:21 rt_sigaction(SIGCHLD, {sa_handler=SIG_DFL, sa_mask=[], sa_flags=SA_RESTORER|SA_RESTART, sa_restorer=0x7fa306ca35b0} <unfinished ...>
27467<bash> 22:19:21 <... geteuid resumed>) = 1000
27466<bash> 22:19:21 <... rt_sigaction resumed>, {sa_handler=0x55e6ca0068d0, sa_mask=[], sa_flags=SA_RESTORER|SA_RESTART, sa_restorer=0x7fa306ca35b0}, 8) = 0
27467<bash> 22:19:21 getegid( <unfinished ...>
27466<bash> 22:19:21 pipe2( <unfinished ...>
27467<bash> 22:19:21 <... getegid resumed>) = 1000
27467<bash> 22:19:21 getuid( <unfinished ...>
27466<bash> 22:19:21 <... pipe2 resumed>[3<pipe:[147099]>, 4<pipe:[147099]>], 0) = 0
27467<bash> 22:19:21 <... getuid resumed>) = 1000
27466<bash> 22:19:21 close(3<pipe:[147099]> <unfinished ...>
27467<bash> 22:19:21 getgid( <unfinished ...>
27466<bash> 22:19:21 <... close resumed>) = 0
27467<bash> 22:19:21 <... getgid resumed>) = 1000
27466<bash> 22:19:21 close(4<pipe:[147099]> <unfinished ...>
27467<bash> 22:19:21 access("/usr/bin/sed", R_OK <unfinished ...>
27466<bash> 22:19:21 <... close resumed>) = 0
27467<bash> 22:19:21 <... access resumed>) = 0
27466<bash> 22:19:21 rt_sigprocmask(SIG_BLOCK, [CHLD] <unfinished ...>
27467<bash> 22:19:21 rt_sigaction(SIGHUP, {sa_handler=SIG_DFL, sa_mask=[], sa_flags=SA_RESTORER, sa_restorer=0x7fa306ca35b0} <unfinished ...>
27466<bash> 22:19:21 <... rt_sigprocmask resumed>, [], 8) = 0
27467<bash> 22:19:21 <... rt_sigaction resumed>, NULL, 8) = 0
27466<bash> 22:19:21 rt_sigprocmask(SIG_SETMASK, [] <unfinished ...>
27467<bash> 22:19:21 rt_sigaction(SIGILL, {sa_handler=SIG_DFL, sa_mask=[], sa_flags=SA_RESTORER, sa_restorer=0x7fa306ca35b0}, NULL, 8) = 0
27466<bash> 22:19:21 <... rt_sigprocmask resumed>, NULL, 8) = 0
27467<bash> 22:19:21 rt_sigaction(SIGTRAP, {sa_handler=SIG_DFL, sa_mask=[], sa_flags=SA_RESTORER, sa_restorer=0x7fa306ca35b0}, NULL, 8) = 0
27466<bash> 22:19:21 rt_sigaction(SIGCHLD, {sa_handler=0x55e6ca0068d0, sa_mask=[], sa_flags=SA_RESTORER|SA_RESTART, sa_restorer=0x7fa306ca35b0} <unfinished ...>
27467<bash> 22:19:21 rt_sigprocmask(SIG_BLOCK, ~[] <unfinished ...>
27466<bash> 22:19:21 <... rt_sigaction resumed>, {sa_handler=SIG_DFL, sa_mask=[], sa_flags=SA_RESTORER|SA_RESTART, sa_restorer=0x7fa306ca35b0}, 8) = 0
27467<bash> 22:19:21 <... rt_sigprocmask resumed>, [], 8) = 0
27467<bash> 22:19:21 rt_sigaction(SIGABRT, {sa_handler=SIG_DFL, sa_mask=[], sa_flags=SA_RESTORER, sa_restorer=0x7fa306ca35b0} <unfinished ...>
27466<bash> 22:19:21 rt_sigaction(SIGINT, {sa_handler=0x55e6ca0352c0, sa_mask=[], sa_flags=SA_RESTORER, sa_restorer=0x7fa306ca35b0} <unfinished ...>
27467<bash> 22:19:21 <... rt_sigaction resumed>, NULL, 8) = 0
27466<bash> 22:19:21 <... rt_sigaction resumed>, {sa_handler=SIG_DFL, sa_mask=[], sa_flags=SA_RESTORER, sa_restorer=0x7fa306ca35b0}, 8) = 0
27467<bash> 22:19:21 rt_sigprocmask(SIG_SETMASK, [] <unfinished ...>
27466<bash> 22:19:21 write(1<pipe:[148550]>, "/home/catastor\n", 15 <unfinished ...>
27467<bash> 22:19:21 <... rt_sigprocmask resumed>, NULL, 8) = 0
27466<bash> 22:19:21 <... write resumed>) = 15
27467<bash> 22:19:21 rt_sigaction(SIGFPE, {sa_handler=SIG_DFL, sa_mask=[], sa_flags=SA_RESTORER, sa_restorer=0x7fa306ca35b0}, NULL, 8) = 0
27466<bash> 22:19:21 exit_group(0 <unfinished ...>
27467<bash> 22:19:21 rt_sigaction(SIGBUS, {sa_handler=SIG_DFL, sa_mask=[], sa_flags=SA_RESTORER, sa_restorer=0x7fa306ca35b0} <unfinished ...>
27466<bash> 22:19:21 <... exit_group resumed>) = ?
27467<bash> 22:19:21 <... rt_sigaction resumed>, NULL, 8) = 0
27467<bash> 22:19:21 rt_sigaction(SIGSEGV, {sa_handler=SIG_DFL, sa_mask=[], sa_flags=SA_RESTORER, sa_restorer=0x7fa306ca35b0}, NULL, 8) = 0
27467<bash> 22:19:21 rt_sigaction(SIGSYS, {sa_handler=SIG_DFL, sa_mask=[], sa_flags=SA_RESTORER, sa_restorer=0x7fa306ca35b0}, NULL, 8) = 0
27466<bash> 22:19:21 +++ exited with 0 +++
27467<bash> 22:19:21 rt_sigaction(SIGPIPE, {sa_handler=SIG_DFL, sa_mask=[], sa_flags=SA_RESTORER, sa_restorer=0x7fa306ca35b0} <unfinished ...>
27465<bash> 22:19:21 <... wait4 resumed>, [{WIFEXITED(s) && WEXITSTATUS(s) == 0}], 0, NULL) = 27466
27467<bash> 22:19:21 <... rt_sigaction resumed>, NULL, 8) = 0
27465<bash> 22:19:21 wait4(-1 <unfinished ...>
27467<bash> 22:19:21 rt_sigaction(SIGALRM, {sa_handler=SIG_DFL, sa_mask=[], sa_flags=SA_RESTORER, sa_restorer=0x7fa306ca35b0}, NULL, 8) = 0
27467<bash> 22:19:21 rt_sigaction(SIGXCPU, {sa_handler=SIG_DFL, sa_mask=[], sa_flags=SA_RESTORER, sa_restorer=0x7fa306ca35b0}, NULL, 8) = 0
27467<bash> 22:19:21 rt_sigaction(SIGXFSZ, {sa_handler=SIG_DFL, sa_mask=[], sa_flags=SA_RESTORER, sa_restorer=0x7fa306ca35b0}, NULL, 8) = 0
27467<bash> 22:19:21 rt_sigaction(SIGVTALRM, {sa_handler=SIG_DFL, sa_mask=[], sa_flags=SA_RESTORER, sa_restorer=0x7fa306ca35b0}, NULL, 8) = 0
27467<bash> 22:19:21 rt_sigaction(SIGUSR1, {sa_handler=SIG_DFL, sa_mask=[], sa_flags=SA_RESTORER, sa_restorer=0x7fa306ca35b0}, NULL, 8) = 0
27467<bash> 22:19:21 rt_sigaction(SIGUSR2, {sa_handler=SIG_DFL, sa_mask=[], sa_flags=SA_RESTORER, sa_restorer=0x7fa306ca35b0}, NULL, 8) = 0
27467<bash> 22:19:21 rt_sigaction(SIGINT, {sa_handler=SIG_DFL, sa_mask=[], sa_flags=SA_RESTORER, sa_restorer=0x7fa306ca35b0}, {sa_handler=0x55e6ca0352c0, sa_mask=[], sa_flags=SA_RESTORER, sa_restorer=0x7fa306ca35b0}, 8) = 0
27467<bash> 22:19:21 rt_sigaction(SIGQUIT, {sa_handler=SIG_DFL, sa_mask=[], sa_flags=SA_RESTORER, sa_restorer=0x7fa306ca35b0}, {sa_handler=SIG_DFL, sa_mask=[], sa_flags=SA_RESTORER, sa_restorer=0x7fa306ca35b0}, 8) = 0
27467<bash> 22:19:21 rt_sigaction(SIGTERM, {sa_handler=SIG_DFL, sa_mask=[], sa_flags=SA_RESTORER, sa_restorer=0x7fa306ca35b0}, {sa_handler=SIG_DFL, sa_mask=[], sa_flags=SA_RESTORER, sa_restorer=0x7fa306ca35b0}, 8) = 0
27467<bash> 22:19:21 rt_sigaction(SIGCHLD, {sa_handler=SIG_DFL, sa_mask=[], sa_flags=SA_RESTORER|SA_RESTART, sa_restorer=0x7fa306ca35b0}, {sa_handler=0x55e6ca0068d0, sa_mask=[], sa_flags=SA_RESTORER|SA_RESTART, sa_restorer=0x7fa306ca35b0}, 8) = 0
27467<bash> 22:19:21 execve("/usr/bin/sed", ["sed", "-e", "s/\\\\/\\\\x5c/g", "-e", "s/;/\\\\x3b/g", "-e", "s/[[:cntrl:]]/\342\215\260/g"], 0x55e6cc5bae50 /* 35 vars */) = 0
27467<sed> 22:19:21 brk(NULL)           = 0x561f23897000
27467<sed> 22:19:21 access("/etc/ld.so.preload", R_OK) = -1 ENOENT (No such file or directory)
27467<sed> 22:19:21 openat(AT_FDCWD</home/catastor>, "/etc/ld.so.cache", O_RDONLY|O_CLOEXEC) = 3</etc/ld.so.cache>
27467<sed> 22:19:21 fstat(3</etc/ld.so.cache>, {st_mode=S_IFREG|0644, st_size=74499, ...}) = 0
27467<sed> 22:19:21 mmap(NULL, 74499, PROT_READ, MAP_PRIVATE, 3</etc/ld.so.cache>, 0) = 0x7fce5ad59000
27467<sed> 22:19:21 close(3</etc/ld.so.cache>) = 0
27467<sed> 22:19:21 openat(AT_FDCWD</home/catastor>, "/lib64/libacl.so.1", O_RDONLY|O_CLOEXEC) = 3</usr/lib64/libacl.so.1.1.2302>
27467<sed> 22:19:21 read(3</usr/lib64/libacl.so.1.1.2302>, "\177ELF\2\1\1\0\0\0\0\0\0\0\0\0\3\0>\0\1\0\0\0\0\0\0\0\0\0\0\0"..., 832) = 832
27467<sed> 22:19:21 fstat(3</usr/lib64/libacl.so.1.1.2302>, {st_mode=S_IFREG|0755, st_size=36600, ...}) = 0
27467<sed> 22:19:21 mmap(NULL, 8192, PROT_READ|PROT_WRITE, MAP_PRIVATE|MAP_ANONYMOUS, -1, 0) = 0x7fce5ad57000
27467<sed> 22:19:21 mmap(NULL, 36888, PROT_READ|PROT_EXEC, MAP_PRIVATE|MAP_DENYWRITE, 3</usr/lib64/libacl.so.1.1.2302>, 0) = 0x7fce5ad4d000
27467<sed> 22:19:21 mmap(0x7fce5ad52000, 12288, PROT_READ, MAP_PRIVATE|MAP_FIXED|MAP_DENYWRITE, 3</usr/lib64/libacl.so.1.1.2302>, 0x5000) = 0x7fce5ad52000
27467<sed> 22:19:21 mmap(0x7fce5ad55000, 4096, PROT_READ|PROT_WRITE, MAP_PRIVATE|MAP_FIXED|MAP_DENYWRITE, 3</usr/lib64/libacl.so.1.1.2302>, 0x7000) = 0x7fce5ad55000
27467<sed> 22:19:21 mmap(0x7fce5ad56000, 24, PROT_READ|PROT_WRITE, MAP_PRIVATE|MAP_FIXED|MAP_ANONYMOUS, -1, 0) = 0x7fce5ad56000
27467<sed> 22:19:21 close(3</usr/lib64/libacl.so.1.1.2302>) = 0
27467<sed> 22:19:21 openat(AT_FDCWD</home/catastor>, "/lib64/libselinux.so.1", O_RDONLY|O_CLOEXEC) = 3</usr/lib64/libselinux.so.1>
27467<sed> 22:19:21 read(3</usr/lib64/libselinux.so.1>, "\177ELF\2\1\1\0\0\0\0\0\0\0\0\0\3\0>\0\1\0\0\0\0\0\0\0\0\0\0\0"..., 832) = 832
27467<sed> 22:19:21 fstat(3</usr/lib64/libselinux.so.1>, {st_mode=S_IFREG|0755, st_size=204752, ...}) = 0
27467<sed> 22:19:21 mmap(NULL, 206288, PROT_READ|PROT_EXEC, MAP_PRIVATE|MAP_DENYWRITE, 3</usr/lib64/libselinux.so.1>, 0) = 0x7fce5ad1a000
27467<sed> 22:19:21 mmap(0x7fce5ad3b000, 57344, PROT_READ, MAP_PRIVATE|MAP_FIXED|MAP_DENYWRITE, 3</usr/lib64/libselinux.so.1>, 0x21000) = 0x7fce5ad3b000
27467<sed> 22:19:21 mmap(0x7fce5ad49000, 8192, PROT_READ|PROT_WRITE, MAP_PRIVATE|MAP_FIXED|MAP_DENYWRITE, 3</usr/lib64/libselinux.so.1>, 0x2f000) = 0x7fce5ad49000
27467<sed> 22:19:21 mmap(0x7fce5ad4b000, 5584, PROT_READ|PROT_WRITE, MAP_PRIVATE|MAP_FIXED|MAP_ANONYMOUS, -1, 0) = 0x7fce5ad4b000
27467<sed> 22:19:21 close(3</usr/lib64/libselinux.so.1>) = 0
27467<sed> 22:19:21 openat(AT_FDCWD</home/catastor>, "/lib64/libc.so.6", O_RDONLY|O_CLOEXEC) = 3</usr/lib64/libc.so.6>
27467<sed> 22:19:21 read(3</usr/lib64/libc.so.6>, "\177ELF\2\1\1\3\0\0\0\0\0\0\0\0\3\0>\0\1\0\0\0\2408\0\0\0\0\0\0"..., 832) = 832
27467<sed> 22:19:21 pread64(3</usr/lib64/libc.so.6>, "\6\0\0\0\4\0\0\0@\0\0\0\0\0\0\0@\0\0\0\0\0\0\0@\0\0\0\0\0\0\0"..., 784, 64) = 784
27467<sed> 22:19:21 fstat(3</usr/lib64/libc.so.6>, {st_mode=S_IFREG|0755, st_size=2490288, ...}) = 0
27467<sed> 22:19:21 pread64(3</usr/lib64/libc.so.6>, "\6\0\0\0\4\0\0\0@\0\0\0\0\0\0\0@\0\0\0\0\0\0\0@\0\0\0\0\0\0\0"..., 784, 64) = 784
27467<sed> 22:19:21 mmap(NULL, 2075504, PROT_READ|PROT_EXEC, MAP_PRIVATE|MAP_DENYWRITE, 3</usr/lib64/libc.so.6>, 0) = 0x7fce5ab1f000
27467<sed> 22:19:21 mmap(0x7fce5ac93000, 495616, PROT_READ, MAP_PRIVATE|MAP_FIXED|MAP_DENYWRITE, 3</usr/lib64/libc.so.6>, 0x174000) = 0x7fce5ac93000
27467<sed> 22:19:21 mmap(0x7fce5ad0c000, 24576, PROT_READ|PROT_WRITE, MAP_PRIVATE|MAP_FIXED|MAP_DENYWRITE, 3</usr/lib64/libc.so.6>, 0x1ed000) = 0x7fce5ad0c000
27467<sed> 22:19:21 mmap(0x7fce5ad12000, 31600, PROT_READ|PROT_WRITE, MAP_PRIVATE|MAP_FIXED|MAP_ANONYMOUS, -1, 0) = 0x7fce5ad12000
27467<sed> 22:19:21 close(3</usr/lib64/libc.so.6>) = 0
27467<sed> 22:19:21 openat(AT_FDCWD</home/catastor>, "/lib64/libattr.so.1", O_RDONLY|O_CLOEXEC) = 3</usr/lib64/libattr.so.1.1.2502>
27467<sed> 22:19:21 read(3</usr/lib64/libattr.so.1.1.2502>, "\177ELF\2\1\1\0\0\0\0\0\0\0\0\0\3\0>\0\1\0\0\0\0\0\0\0\0\0\0\0"..., 832) = 832
27467<sed> 22:19:21 fstat(3</usr/lib64/libattr.so.1.1.2502>, {st_mode=S_IFREG|0755, st_size=24000, ...}) = 0
27467<sed> 22:19:21 mmap(NULL, 24592, PROT_READ|PROT_EXEC, MAP_PRIVATE|MAP_DENYWRITE, 3</usr/lib64/libattr.so.1.1.2502>, 0) = 0x7fce5ab18000
27467<sed> 22:19:21 mmap(0x7fce5ab1b000, 8192, PROT_READ, MAP_PRIVATE|MAP_FIXED|MAP_DENYWRITE, 3</usr/lib64/libattr.so.1.1.2502>, 0x3000) = 0x7fce5ab1b000
27467<sed> 22:19:21 mmap(0x7fce5ab1d000, 4096, PROT_READ|PROT_WRITE, MAP_PRIVATE|MAP_FIXED|MAP_DENYWRITE, 3</usr/lib64/libattr.so.1.1.2502>, 0x4000) = 0x7fce5ab1d000
27467<sed> 22:19:21 mmap(0x7fce5ab1e000, 16, PROT_READ|PROT_WRITE, MAP_PRIVATE|MAP_FIXED|MAP_ANONYMOUS, -1, 0) = 0x7fce5ab1e000
27467<sed> 22:19:21 close(3</usr/lib64/libattr.so.1.1.2502>) = 0
27467<sed> 22:19:21 openat(AT_FDCWD</home/catastor>, "/lib64/libpcre2-8.so.0", O_RDONLY|O_CLOEXEC) = 3</usr/lib64/libpcre2-8.so.0.15.0>
27467<sed> 22:19:21 read(3</usr/lib64/libpcre2-8.so.0.15.0>, "\177ELF\2\1\1\0\0\0\0\0\0\0\0\0\3\0>\0\1\0\0\0\0\0\0\0\0\0\0\0"..., 832) = 832
27467<sed> 22:19:21 fstat(3</usr/lib64/libpcre2-8.so.0.15.0>, {st_mode=S_IFREG|0755, st_size=724280, ...}) = 0
27467<sed> 22:19:21 mmap(NULL, 721368, PROT_READ|PROT_EXEC, MAP_PRIVATE|MAP_DENYWRITE, 3</usr/lib64/libpcre2-8.so.0.15.0>, 0) = 0x7fce5aa67000
27467<sed> 22:19:21 mmap(0x7fce5aae8000, 188416, PROT_READ, MAP_PRIVATE|MAP_FIXED|MAP_DENYWRITE, 3</usr/lib64/libpcre2-8.so.0.15.0>, 0x81000) = 0x7fce5aae8000
27467<sed> 22:19:21 mmap(0x7fce5ab16000, 8192, PROT_READ|PROT_WRITE, MAP_PRIVATE|MAP_FIXED|MAP_DENYWRITE, 3</usr/lib64/libpcre2-8.so.0.15.0>, 0xae000) = 0x7fce5ab16000
27467<sed> 22:19:21 close(3</usr/lib64/libpcre2-8.so.0.15.0>) = 0
27467<sed> 22:19:21 mmap(NULL, 8192, PROT_READ|PROT_WRITE, MAP_PRIVATE|MAP_ANONYMOUS, -1, 0) = 0x7fce5aa65000
27467<sed> 22:19:21 mmap(NULL, 8192, PROT_READ|PROT_WRITE, MAP_PRIVATE|MAP_ANONYMOUS, -1, 0) = 0x7fce5aa63000
27467<sed> 22:19:21 arch_prctl(ARCH_SET_FS, 0x7fce5aa66640) = 0
27467<sed> 22:19:21 set_tid_address(0x7fce5aa66c68) = 27467<sed>
27467<sed> 22:19:21 set_robust_list(0x7fce5aa66920, 24) = 0
27467<sed> 22:19:21 rseq({cpu_id_start=0, cpu_id=RSEQ_CPU_ID_UNINITIALIZED, rseq_cs=NULL, flags=0, node_id=0, mm_cid=0, slice_ctrl={request=0, granted=0, __reserved=0}, __reserved=0}, 32, 0, 0x53053053) = 0
27467<sed> 22:19:21 mprotect(0x7fce5ad0c000, 16384, PROT_READ) = 0
27467<sed> 22:19:21 mprotect(0x7fce5ab16000, 4096, PROT_READ) = 0
27467<sed> 22:19:21 mprotect(0x7fce5ab1d000, 4096, PROT_READ) = 0
27467<sed> 22:19:21 mprotect(0x7fce5ad49000, 4096, PROT_READ) = 0
27467<sed> 22:19:21 mprotect(0x7fce5ad55000, 4096, PROT_READ) = 0
27467<sed> 22:19:21 mprotect(0x561f017ad000, 4096, PROT_READ) = 0
27467<sed> 22:19:21 mprotect(0x7fce5adaa000, 8192, PROT_READ) = 0
27467<sed> 22:19:21 prlimit64(0, RLIMIT_STACK, NULL, {rlim_cur=8192*1024, rlim_max=RLIM64_INFINITY}) = 0
27467<sed> 22:19:21 getrandom("\x1d\x0c\x06\x25\xf5\x50\x05\x4f", 8, GRND_NONBLOCK) = 8
27467<sed> 22:19:21 munmap(0x7fce5ad59000, 74499) = 0
27467<sed> 22:19:21 statfs("/sys/fs/selinux", {f_type=SELINUX_MAGIC, f_bsize=4096, f_blocks=0, f_bfree=0, f_bavail=0, f_files=0, f_ffree=0, f_fsid={val=[0x15, 0]}, f_namelen=255, f_frsize=4096, f_flags=ST_VALID|ST_NOSUID|ST_NOEXEC|ST_RELATIME}) = 0
27467<sed> 22:19:21 statfs("/sys/fs/selinux", {f_type=SELINUX_MAGIC, f_bsize=4096, f_blocks=0, f_bfree=0, f_bavail=0, f_files=0, f_ffree=0, f_fsid={val=[0x15, 0]}, f_namelen=255, f_frsize=4096, f_flags=ST_VALID|ST_NOSUID|ST_NOEXEC|ST_RELATIME}) = 0
27467<sed> 22:19:21 brk(NULL)           = 0x561f23897000
27467<sed> 22:19:21 brk(0x561f238b8000) = 0x561f238b8000
27467<sed> 22:19:21 access("/etc/selinux/config", F_OK) = 0
27467<sed> 22:19:21 openat(AT_FDCWD</home/catastor>, "/usr/lib/locale/locale-archive", O_RDONLY|O_CLOEXEC) = 3</usr/lib/locale/locale-archive>
27467<sed> 22:19:21 fstat(3</usr/lib/locale/locale-archive>, {st_mode=S_IFREG|0644, st_size=233380912, ...}) = 0
27467<sed> 22:19:21 mmap(NULL, 233380912, PROT_READ, MAP_PRIVATE, 3</usr/lib/locale/locale-archive>, 0) = 0x7fce4ca00000
27467<sed> 22:19:21 close(3</usr/lib/locale/locale-archive>) = 0
27467<sed> 22:19:21 openat(AT_FDCWD</home/catastor>, "/usr/lib64/gconv/gconv-modules.cache", O_RDONLY|O_CLOEXEC) = 3</usr/lib64/gconv/gconv-modules.cache>
27467<sed> 22:19:21 fstat(3</usr/lib64/gconv/gconv-modules.cache>, {st_mode=S_IFREG|0644, st_size=27012, ...}) = 0
27467<sed> 22:19:21 mmap(NULL, 27012, PROT_READ, MAP_SHARED, 3</usr/lib64/gconv/gconv-modules.cache>, 0) = 0x7fce5ad65000
27467<sed> 22:19:21 close(3</usr/lib64/gconv/gconv-modules.cache>) = 0
27467<sed> 22:19:21 futex(0x7fce5ad116ec, FUTEX_WAKE_PRIVATE, 2147483647) = 0
27467<sed> 22:19:21 fstat(0<pipe:[148550]>, {st_mode=S_IFIFO|0600, st_size=0, ...}) = 0
27467<sed> 22:19:21 read(0<pipe:[148550]>, "/home/catastor\n", 4096) = 15
27467<sed> 22:19:21 fstat(1<pipe:[148548]>, {st_mode=S_IFIFO|0600, st_size=0, ...}) = 0
27467<sed> 22:19:21 read(0<pipe:[148550]>, "", 4096) = 0
27467<sed> 22:19:21 write(1<pipe:[148548]>, "/home/catastor\n", 15) = 15
27463<bash> 22:19:21 <... read resumed>, "/home/catastor\n", 4096) = 15
27467<sed> 22:19:21 close(1<pipe:[148548]> <unfinished ...>
27463<bash> 22:19:21 read(3<pipe:[148548]> <unfinished ...>
27467<sed> 22:19:21 <... close resumed>) = 0
27467<sed> 22:19:21 exit_group(0)       = ?
27467<sed> 22:19:21 +++ exited with 0 +++
27465<bash> 22:19:21 <... wait4 resumed>, [{WIFEXITED(s) && WEXITSTATUS(s) == 0}], 0, NULL) = 27467
27465<bash> 22:19:21 rt_sigaction(SIGINT, {sa_handler=0x55e6ca0352c0, sa_mask=[], sa_flags=SA_RESTORER, sa_restorer=0x7fa306ca35b0}, {sa_handler=0x55e6ca002d80, sa_mask=[], sa_flags=SA_RESTORER, sa_restorer=0x7fa306ca35b0}, 8) = 0
27465<bash> 22:19:21 rt_sigprocmask(SIG_BLOCK, [CHLD TSTP TTIN TTOU], [CHLD], 8) = 0
27465<bash> 22:19:21 ioctl(255</dev/pts/6<char 136:6>>, TIOCSPGRP, [27408]) = 0
27465<bash> 22:19:21 rt_sigprocmask(SIG_SETMASK, [CHLD], NULL, 8) = 0
27465<bash> 22:19:21 rt_sigprocmask(SIG_SETMASK, [CHLD], NULL, 8) = 0
27465<bash> 22:19:21 close(3)           = -1 EBADF (Bad file descriptor)
27465<bash> 22:19:21 rt_sigprocmask(SIG_SETMASK, [], NULL, 8) = 0
27465<bash> 22:19:21 --- SIGCHLD {si_signo=SIGCHLD, si_code=CLD_EXITED, si_pid=27466, si_uid=1000, si_status=0, si_utime=0, si_stime=0} ---
27465<bash> 22:19:21 wait4(-1, 0x7ffee29a7294, WNOHANG, NULL) = -1 ECHILD (No child processes)
27465<bash> 22:19:21 rt_sigreturn({mask=[]}) = 0
27465<bash> 22:19:21 exit_group(0)      = ?
27465<bash> 22:19:21 +++ exited with 0 +++
27463<bash> 22:19:21 <... read resumed>, "", 4096) = 0
27463<bash> 22:19:21 --- SIGCHLD {si_signo=SIGCHLD, si_code=CLD_EXITED, si_pid=27465<bash>, si_uid=1000, si_status=0, si_utime=0, si_stime=0} ---
27463<bash> 22:19:21 wait4(-1, [{WIFEXITED(s) && WEXITSTATUS(s) == 0}], WNOHANG, NULL) = 27465
27463<bash> 22:19:21 wait4(-1, 0x7ffee29a6a94, WNOHANG, NULL) = -1 ECHILD (No child processes)
27463<bash> 22:19:21 rt_sigreturn({mask=[INT]}) = 0
27463<bash> 22:19:21 close(3<pipe:[148548]>) = 0
27463<bash> 22:19:21 rt_sigprocmask(SIG_SETMASK, [], NULL, 8) = 0
27463<bash> 22:19:21 rt_sigprocmask(SIG_BLOCK, [CHLD], [], 8) = 0
27463<bash> 22:19:21 rt_sigaction(SIGINT, {sa_handler=0x55e6ca002d80, sa_mask=[], sa_flags=SA_RESTORER, sa_restorer=0x7fa306ca35b0}, {sa_handler=0x55e6ca0352c0, sa_mask=[], sa_flags=SA_RESTORER, sa_restorer=0x7fa306ca35b0}, 8) = 0
27463<bash> 22:19:21 rt_sigaction(SIGINT, {sa_handler=0x55e6ca0352c0, sa_mask=[], sa_flags=SA_RESTORER, sa_restorer=0x7fa306ca35b0}, {sa_handler=0x55e6ca002d80, sa_mask=[], sa_flags=SA_RESTORER, sa_restorer=0x7fa306ca35b0}, 8) = 0
27463<bash> 22:19:21 rt_sigprocmask(SIG_SETMASK, [], NULL, 8) = 0
27463<bash> 22:19:21 rt_sigprocmask(SIG_BLOCK, [CHLD], [], 8) = 0
27463<bash> 22:19:21 rt_sigprocmask(SIG_SETMASK, [], NULL, 8) = 0
27463<bash> 22:19:21 write(1<pipe:[147797]>, "\33]3008;start=0282ebe8-a5f7-4212-"..., 225) = 225
27408<bash> 22:19:21 <... read resumed>, "\33]3008;start=0282ebe8-a5f7-4212-"..., 4096) = 225
27408<bash> 22:19:21 read(3<pipe:[147797]> <unfinished ...>
27463<bash> 22:19:21 exit_group(0)      = ?
27463<bash> 22:19:21 +++ exited with 0 +++
27408<bash> 22:19:21 <... read resumed>, "", 4096) = 0
27408<bash> 22:19:21 --- SIGCHLD {si_signo=SIGCHLD, si_code=CLD_EXITED, si_pid=27463<bash>, si_uid=1000, si_status=0, si_utime=0, si_stime=0} ---
27408<bash> 22:19:21 wait4(-1, [{WIFEXITED(s) && WEXITSTATUS(s) == 0}], WNOHANG|WSTOPPED|WCONTINUED, NULL) = 27463
27408<bash> 22:19:21 wait4(-1, 0x7ffee29a7994, WNOHANG|WSTOPPED|WCONTINUED, NULL) = -1 ECHILD (No child processes)
27408<bash> 22:19:21 rt_sigreturn({mask=[INT]}) = 0
27408<bash> 22:19:21 close(3<pipe:[147797]>) = 0
27408<bash> 22:19:21 rt_sigprocmask(SIG_SETMASK, [], NULL, 8) = 0
27408<bash> 22:19:21 rt_sigprocmask(SIG_BLOCK, [CHLD], [], 8) = 0
27408<bash> 22:19:21 rt_sigprocmask(SIG_SETMASK, [], NULL, 8) = 0
27408<bash> 22:19:21 rt_sigprocmask(SIG_BLOCK, [CHLD], [], 8) = 0
27408<bash> 22:19:21 rt_sigprocmask(SIG_SETMASK, [], NULL, 8) = 0
27408<bash> 22:19:21 write(2</dev/pts/6<char 136:6>>, "\33]3008;start=0282ebe8-a5f7-4212-"..., 225) = 225
27407<sshd-session> 22:19:21 <... ppoll resumed>) = 1 ([{fd=14, revents=POLLIN}])
27408<bash> 22:19:21 openat(AT_FDCWD</home/catastor>, "/usr/share/locale/locale.alias", O_RDONLY|O_CLOEXEC <unfinished ...>
27407<sshd-session> 22:19:21 rt_sigprocmask(SIG_SETMASK, [] <unfinished ...>
27408<bash> 22:19:21 <... openat resumed>) = 3</usr/share/locale/locale.alias>
27407<sshd-session> 22:19:21 <... rt_sigprocmask resumed>, NULL, 8) = 0
27408<bash> 22:19:21 fstat(3</usr/share/locale/locale.alias> <unfinished ...>
27407<sshd-session> 22:19:21 read(14</dev/ptmx<char 5:2 @/dev/pts/6>> <unfinished ...>
27408<bash> 22:19:21 <... fstat resumed>, {st_mode=S_IFREG|0644, st_size=2998, ...}) = 0
27407<sshd-session> 22:19:21 <... read resumed>, "\33]3008;start=0282ebe8-a5f7-4212-"..., 32768) = 225
27408<bash> 22:19:21 read(3</usr/share/locale/locale.alias> <unfinished ...>
27407<sshd-session> 22:19:21 rt_sigprocmask(SIG_BLOCK, [CHLD] <unfinished ...>
27408<bash> 22:19:21 <... read resumed>, "# Locale name alias data base.\n#"..., 4096) = 2998
27407<sshd-session> 22:19:21 <... rt_sigprocmask resumed>, [], 8) = 0
27408<bash> 22:19:21 read(3</usr/share/locale/locale.alias> <unfinished ...>
27407<sshd-session> 22:19:21 ppoll([{fd=7<TCP:[127.0.0.1:22->127.0.0.1:60704]>, events=POLLIN}, {fd=7<TCP:[127.0.0.1:22->127.0.0.1:60704]>, events=POLLOUT}, {fd=14</dev/ptmx<char 5:2 @/dev/pts/6>>, events=POLLIN}], 3, NULL, [], 8 <unfinished ...>
27408<bash> 22:19:21 <... read resumed>, "", 4096) = 0
27407<sshd-session> 22:19:21 <... ppoll resumed>) = 1 ([{fd=7, revents=POLLOUT}])
27408<bash> 22:19:21 close(3</usr/share/locale/locale.alias> <unfinished ...>
27407<sshd-session> 22:19:21 rt_sigprocmask(SIG_SETMASK, [] <unfinished ...>
27408<bash> 22:19:21 <... close resumed>) = 0
27407<sshd-session> 22:19:21 <... rt_sigprocmask resumed>, NULL, 8) = 0
27408<bash> 22:19:21 openat(AT_FDCWD</home/catastor>, "/usr/share/locale/en_US.UTF-8/LC_MESSAGES/bash.mo", O_RDONLY <unfinished ...>
27407<sshd-session> 22:19:21 write(7<TCP:[127.0.0.1:22->127.0.0.1:60704]>, "\0\0\0\360\5\314_\242\321/\26I\17v\3258\5\273\316\315\302\231L\177i\10 \351?@\350\6"..., 260 <unfinished ...>
27408<bash> 22:19:21 <... openat resumed>) = -1 ENOENT (No such file or directory)
27408<bash> 22:19:21 openat(AT_FDCWD</home/catastor>, "/usr/share/locale/en_US.utf8/LC_MESSAGES/bash.mo", O_RDONLY <unfinished ...>
27407<sshd-session> 22:19:21 <... write resumed>) = 260
27408<bash> 22:19:21 <... openat resumed>) = -1 ENOENT (No such file or directory)
27407<sshd-session> 22:19:21 rt_sigprocmask(SIG_BLOCK, [CHLD] <unfinished ...>
27408<bash> 22:19:21 openat(AT_FDCWD</home/catastor>, "/usr/share/locale/en_US/LC_MESSAGES/bash.mo", O_RDONLY <unfinished ...>
27407<sshd-session> 22:19:21 <... rt_sigprocmask resumed>, [], 8) = 0
27408<bash> 22:19:21 <... openat resumed>) = -1 ENOENT (No such file or directory)
27407<sshd-session> 22:19:21 ppoll([{fd=7<TCP:[127.0.0.1:22->127.0.0.1:60704]>, events=POLLIN}, {fd=7<TCP:[127.0.0.1:22->127.0.0.1:60704]>, events=0}, {fd=14</dev/ptmx<char 5:2 @/dev/pts/6>>, events=POLLIN}], 3, NULL, [], 8 <unfinished ...>
27408<bash> 22:19:21 openat(AT_FDCWD</home/catastor>, "/usr/share/locale/en.UTF-8/LC_MESSAGES/bash.mo", O_RDONLY) = -1 ENOENT (No such file or directory)
27408<bash> 22:19:21 openat(AT_FDCWD</home/catastor>, "/usr/share/locale/en.utf8/LC_MESSAGES/bash.mo", O_RDONLY) = -1 ENOENT (No such file or directory)
27408<bash> 22:19:21 openat(AT_FDCWD</home/catastor>, "/usr/share/locale/en/LC_MESSAGES/bash.mo", O_RDONLY) = -1 ENOENT (No such file or directory)
27408<bash> 22:19:21 write(2</dev/pts/6<char 136:6>>, "logout\n", 7) = 7
27407<sshd-session> 22:19:21 <... ppoll resumed>) = 1 ([{fd=14, revents=POLLIN}])
27408<bash> 22:19:21 openat(AT_FDCWD</home/catastor>, "/home/catastor/.bash_logout", O_RDONLY <unfinished ...>
27407<sshd-session> 22:19:21 rt_sigprocmask(SIG_SETMASK, [] <unfinished ...>
27408<bash> 22:19:21 <... openat resumed>) = 3</home/catastor/.bash_logout>
27407<sshd-session> 22:19:21 <... rt_sigprocmask resumed>, NULL, 8) = 0
27408<bash> 22:19:21 fstat(3</home/catastor/.bash_logout> <unfinished ...>
27407<sshd-session> 22:19:21 read(14</dev/ptmx<char 5:2 @/dev/pts/6>> <unfinished ...>
27408<bash> 22:19:21 <... fstat resumed>, {st_mode=S_IFREG|0644, st_size=18, ...}) = 0
27407<sshd-session> 22:19:21 <... read resumed>, "logout\r\n", 32768) = 8
27408<bash> 22:19:21 read(3</home/catastor/.bash_logout> <unfinished ...>
27407<sshd-session> 22:19:21 rt_sigprocmask(SIG_BLOCK, [CHLD] <unfinished ...>
27408<bash> 22:19:21 <... read resumed>, "# ~/.bash_logout\n\n", 18) = 18
27407<sshd-session> 22:19:21 <... rt_sigprocmask resumed>, [], 8) = 0
27408<bash> 22:19:21 close(3</home/catastor/.bash_logout> <unfinished ...>
27407<sshd-session> 22:19:21 ppoll([{fd=7<TCP:[127.0.0.1:22->127.0.0.1:60704]>, events=POLLIN}, {fd=7<TCP:[127.0.0.1:22->127.0.0.1:60704]>, events=POLLOUT}, {fd=14</dev/ptmx<char 5:2 @/dev/pts/6>>, events=POLLIN}], 3, NULL, [], 8 <unfinished ...>
27408<bash> 22:19:21 <... close resumed>) = 0
27407<sshd-session> 22:19:21 <... ppoll resumed>) = 1 ([{fd=7, revents=POLLOUT}])
27408<bash> 22:19:21 rt_sigprocmask(SIG_BLOCK, NULL <unfinished ...>
27407<sshd-session> 22:19:21 rt_sigprocmask(SIG_SETMASK, [] <unfinished ...>
27408<bash> 22:19:21 <... rt_sigprocmask resumed>, [], 8) = 0
27407<sshd-session> 22:19:21 <... rt_sigprocmask resumed>, NULL, 8) = 0
27408<bash> 22:19:21 openat(AT_FDCWD</home/catastor>, "/etc/bash.bash_logout", O_RDONLY <unfinished ...>
27407<sshd-session> 22:19:21 write(7<TCP:[127.0.0.1:22->127.0.0.1:60704]>, "\0\0\0 c\276\343z\177\311e\221qMC\31J\210\345]\34\306->\361\237)\33\336u\f?"..., 52 <unfinished ...>
27408<bash> 22:19:21 <... openat resumed>) = -1 ENOENT (No such file or directory)
27408<bash> 22:19:21 rt_sigaction(SIGINT, {sa_handler=0x55e6ca034cf0, sa_mask=[], sa_flags=SA_RESTORER, sa_restorer=0x7fa306ca35b0} <unfinished ...>
27407<sshd-session> 22:19:21 <... write resumed>) = 52
27408<bash> 22:19:21 <... rt_sigaction resumed>, {sa_handler=0x55e6ca034cf0, sa_mask=[], sa_flags=SA_RESTORER, sa_restorer=0x7fa306ca35b0}, 8) = 0
27407<sshd-session> 22:19:21 rt_sigprocmask(SIG_BLOCK, [CHLD] <unfinished ...>
27408<bash> 22:19:21 newfstatat(AT_FDCWD</home/catastor>, "/home/catastor/.bash_history" <unfinished ...>
27407<sshd-session> 22:19:21 <... rt_sigprocmask resumed>, [], 8) = 0
27408<bash> 22:19:21 <... newfstatat resumed>, {st_mode=S_IFREG|0600, st_size=30, ...}, 0) = 0
27407<sshd-session> 22:19:21 ppoll([{fd=7<TCP:[127.0.0.1:22->127.0.0.1:60704]>, events=POLLIN}, {fd=7<TCP:[127.0.0.1:22->127.0.0.1:60704]>, events=0}, {fd=14</dev/ptmx<char 5:2 @/dev/pts/6>>, events=POLLIN}], 3, NULL, [], 8 <unfinished ...>
27408<bash> 22:19:21 newfstatat(AT_FDCWD</home/catastor>, "/home/catastor/.bash_history", {st_mode=S_IFREG|0600, st_size=30, ...}, 0) = 0
27408<bash> 22:19:21 openat(AT_FDCWD</home/catastor>, "/home/catastor/.bash_history", O_WRONLY|O_APPEND) = 3</home/catastor/.bash_history>
27408<bash> 22:19:21 write(3</home/catastor/.bash_history>, "whoami\nexit\n", 12) = 12
27408<bash> 22:19:21 close(3</home/catastor/.bash_history>) = 0
27408<bash> 22:19:21 chown("/home/catastor/.bash_history", 1000, 1000) = 0
27408<bash> 22:19:21 openat(AT_FDCWD</home/catastor>, "/home/catastor/.bash_history", O_RDONLY) = 3</home/catastor/.bash_history>
27408<bash> 22:19:21 fstat(3</home/catastor/.bash_history>, {st_mode=S_IFREG|0600, st_size=42, ...}) = 0
27408<bash> 22:19:21 read(3</home/catastor/.bash_history>, "exit\nls\nclear\nls\nexit\nls\nexit\nwh"..., 42) = 42
27408<bash> 22:19:21 close(3</home/catastor/.bash_history>) = 0
27408<bash> 22:19:21 setpgid(0, 27408)  = -1 EPERM (Operation not permitted)
27408<bash> 22:19:21 exit_group(0)      = ?
27408<bash> 22:19:21 +++ exited with 0 +++
27407<sshd-session> 22:19:21 <... ppoll resumed>) = 1 ([{fd=14, revents=POLLHUP}])
27407<sshd-session> 22:19:21 rt_sigprocmask(SIG_SETMASK, [], NULL, 8) = 0
27407<sshd-session> 22:19:21 --- SIGCHLD {si_signo=SIGCHLD, si_code=CLD_EXITED, si_pid=27408<bash>, si_uid=1000, si_status=0, si_utime=1 /* 0.01 s */, si_stime=5 /* 0.05 s */} ---
27407<sshd-session> 22:19:21 rt_sigreturn({mask=[]}) = 0
27407<sshd-session> 22:19:21 read(14</dev/ptmx<char 5:2 @/dev/pts/6>>, 0x55e0307a8490, 32768) = -1 EIO (Input/output error)
27407<sshd-session> 22:19:21 close(14</dev/ptmx<char 5:2 @/dev/pts/6>>) = 0
27407<sshd-session> 22:19:21 rt_sigprocmask(SIG_BLOCK, [CHLD], [], 8) = 0
27407<sshd-session> 22:19:21 wait4(-1, [{WIFEXITED(s) && WEXITSTATUS(s) == 0}], WNOHANG, NULL) = 27408
27407<sshd-session> 22:19:21 close(10</dev/ptmx<char 5:2 @/dev/pts/6>>) = 0
27407<sshd-session> 22:19:21 write(8<UNIX-STREAM:[145329->145330]>, "\0\0\0\17\36", 5) = 5
27397<sshd-session> 22:19:21 <... poll resumed>) = 1 ([{fd=10, revents=POLLIN}])
27407<sshd-session> 22:19:21 write(8<UNIX-STREAM:[145329->145330]>, "\0\0\0\n/dev/pts/6", 14 <unfinished ...>
27397<sshd-session> 22:19:21 read(10<UNIX-STREAM:[145330->145329]> <unfinished ...>
27407<sshd-session> 22:19:21 <... write resumed>) = 14
27397<sshd-session> 22:19:21 <... read resumed>, "\0\0\0\17", 4) = 4
27407<sshd-session> 22:19:21 close(15</dev/ptmx<char 5:2 @/dev/pts/6>> <unfinished ...>
27397<sshd-session> 22:19:21 read(10<UNIX-STREAM:[145330->145329]> <unfinished ...>
27407<sshd-session> 22:19:21 <... close resumed>) = 0
27397<sshd-session> 22:19:21 <... read resumed>, "\36\0\0\0\n/dev/pts/6", 15) = 15
27407<sshd-session> 22:19:21 wait4(-1, 0x7fffd551f564, WNOHANG, NULL) = -1 ECHILD (No child processes)
27397<sshd-session> 22:19:21 newfstatat(AT_FDCWD</>, "/etc/nsswitch.conf" <unfinished ...>
27407<sshd-session> 22:19:21 ppoll([{fd=7<TCP:[127.0.0.1:22->127.0.0.1:60704]>, events=POLLIN}, {fd=7<TCP:[127.0.0.1:22->127.0.0.1:60704]>, events=POLLOUT}], 2, NULL, [], 8 <unfinished ...>
27397<sshd-session> 22:19:21 <... newfstatat resumed>, {st_mode=S_IFREG|0644, st_size=687, ...}, 0) = 0
27407<sshd-session> 22:19:21 <... ppoll resumed>) = 1 ([{fd=7, revents=POLLOUT}])
27397<sshd-session> 22:19:21 openat(AT_FDCWD</>, "/etc/passwd", O_RDONLY|O_CLOEXEC <unfinished ...>
27407<sshd-session> 22:19:21 rt_sigprocmask(SIG_SETMASK, [] <unfinished ...>
27397<sshd-session> 22:19:21 <... openat resumed>) = 11</etc/passwd>
27407<sshd-session> 22:19:21 <... rt_sigprocmask resumed>, NULL, 8) = 0
27407<sshd-session> 22:19:21 write(7<TCP:[127.0.0.1:22->127.0.0.1:60704]>, "\0\0\0\20\3\310\234+2\177\272a\375v\222\30\2\307%\205\\b\23J\33F\253\247\v\227w\200"..., 176 <unfinished ...>
27397<sshd-session> 22:19:21 fstat(11</etc/passwd> <unfinished ...>
27407<sshd-session> 22:19:21 <... write resumed>) = 176
27397<sshd-session> 22:19:21 <... fstat resumed>, {st_mode=S_IFREG|0644, st_size=3346, ...}) = 0
27397<sshd-session> 22:19:21 lseek(11</etc/passwd>, 0, SEEK_SET <unfinished ...>
27407<sshd-session> 22:19:21 rt_sigprocmask(SIG_BLOCK, [CHLD] <unfinished ...>
27397<sshd-session> 22:19:21 <... lseek resumed>) = 0
27407<sshd-session> 22:19:21 <... rt_sigprocmask resumed>, [], 8) = 0
27397<sshd-session> 22:19:21 read(11</etc/passwd> <unfinished ...>
27407<sshd-session> 22:19:21 ppoll([{fd=7<TCP:[127.0.0.1:22->127.0.0.1:60704]>, events=POLLIN}, {fd=7<TCP:[127.0.0.1:22->127.0.0.1:60704]>, events=0}], 2, NULL, [], 8 <unfinished ...>
27397<sshd-session> 22:19:21 <... read resumed>, "root:x:0:0:Super User:/root:/bin"..., 4096) = 3346
27407<sshd-session> 22:19:21 <... ppoll resumed>) = 1 ([{fd=7, revents=POLLIN}])
27397<sshd-session> 22:19:21 close(11</etc/passwd> <unfinished ...>
27407<sshd-session> 22:19:21 rt_sigprocmask(SIG_SETMASK, [], NULL, 8) = 0
27397<sshd-session> 22:19:21 <... close resumed>) = 0
27407<sshd-session> 22:19:21 read(7<TCP:[127.0.0.1:22->127.0.0.1:60704]> <unfinished ...>
27397<sshd-session> 22:19:21 geteuid( <unfinished ...>
27407<sshd-session> 22:19:21 <... read resumed>, "\0\0\0\20\375\201Z{\r\25\34\336]\355\245\24\231%\242\275c\230v\7\332\200\277\17U\266n\207"..., 262144) = 104
27397<sshd-session> 22:19:21 <... geteuid resumed>) = 0
27407<sshd-session> 22:19:21 getpid( <unfinished ...>
27397<sshd-session> 22:19:21 access("/var/run/utmpx", F_OK <unfinished ...>
27407<sshd-session> 22:19:21 <... getpid resumed>) = 27407<sshd-session>
27397<sshd-session> 22:19:21 <... access resumed>) = -1 ENOENT (No such file or directory)
27407<sshd-session> 22:19:21 getpid( <unfinished ...>
27397<sshd-session> 22:19:21 openat(AT_FDCWD</>, "/var/run/utmp", O_RDONLY|O_CLOEXEC <unfinished ...>
27407<sshd-session> 22:19:21 <... getpid resumed>) = 27407<sshd-session>
27397<sshd-session> 22:19:21 <... openat resumed>) = 11</run/utmp>
27407<sshd-session> 22:19:21 sendto(6<UNIX:[147548->5211]>, "<86>May  2 22:19:21 sshd-session"..., 111, MSG_NOSIGNAL, NULL, 0 <unfinished ...>
27397<sshd-session> 22:19:21 lseek(11</run/utmp>, 0, SEEK_SET) = 0
27407<sshd-session> 22:19:21 <... sendto resumed>) = 111
27407<sshd-session> 22:19:21 close(6<UNIX:[147548->5211]>) = 0
27407<sshd-session> 22:19:21 munmap(0x7f26d5359000, 266240) = 0
27407<sshd-session> 22:19:21 getuid( <unfinished ...>
27397<sshd-session> 22:19:21 alarm(0)   = 0
27397<sshd-session> 22:19:21 rt_sigaction(SIGALRM, {sa_handler=0x7f26d594b590, sa_mask=[], sa_flags=SA_RESTORER, sa_restorer=0x7f26d581f5b0}, {sa_handler=SIG_DFL, sa_mask=~[KILL STOP RTMIN RT_1], sa_flags=SA_RESTORER, sa_restorer=0x7f26d581f5b0}, 8) = 0
27397<sshd-session> 22:19:21 alarm(10)  = 0
27397<sshd-session> 22:19:21 fcntl(11</run/utmp>, F_SETLKW, {l_type=F_RDLCK, l_whence=SEEK_SET, l_start=0, l_len=0}) = 0
27397<sshd-session> 22:19:21 alarm(0)   = 10
27397<sshd-session> 22:19:21 rt_sigaction(SIGALRM, {sa_handler=SIG_DFL, sa_mask=~[KILL STOP RTMIN RT_1], sa_flags=SA_RESTORER, sa_restorer=0x7f26d581f5b0}, NULL, 8) = 0
27407<sshd-session> 22:19:21 <... getuid resumed>) = 1000
27407<sshd-session> 22:19:21 getpid()   = 27407<sshd-session>
27397<sshd-session> 22:19:21 pread64(11</run/utmp> <unfinished ...>
27407<sshd-session> 22:19:21 write(8<UNIX-STREAM:[145329->145330]>, "\0\0\0\25z", 5 <unfinished ...>
27397<sshd-session> 22:19:21 <... pread64 resumed>, "\2\0\0\0\0\0\0\0~\0\0\0\0\0\0\0\0\0\0\0\0\0\0\0\0\0\0\0\0\0\0\0"..., 384, 0) = 384
27407<sshd-session> 22:19:21 <... write resumed>) = 5
27397<sshd-session> 22:19:21 pread64(11</run/utmp> <unfinished ...>
27407<sshd-session> 22:19:21 write(8<UNIX-STREAM:[145329->145330]>, "\0\0\0\2\0\0\0\0\0\0k\17\0\0\0\0\0\0\3\350", 20 <unfinished ...>
27397<sshd-session> 22:19:21 <... pread64 resumed>, "\7\0\0\0s\n\0\0tty2\0\0\0\0\0\0\0\0\0\0\0\0\0\0\0\0\0\0\0\0"..., 384, 384) = 384
27407<sshd-session> 22:19:21 <... write resumed>) = 20
27397<sshd-session> 22:19:21 pread64(11</run/utmp> <unfinished ...>
27407<sshd-session> 22:19:21 read(8<UNIX-STREAM:[145329->145330]> <unfinished ...>
27397<sshd-session> 22:19:21 <... pread64 resumed>, "\10\0\0\0U\21\0\0pts/1\0\0\0\0\0\0\0\0\0\0\0\0\0\0\0\0\0\0\0"..., 384, 768) = 384
27397<sshd-session> 22:19:21 pread64(11</run/utmp>, "\7\0\0\0\302`\0\0pts/3\0\0\0\0\0\0\0\0\0\0\0\0\0\0\0\0\0\0\0"..., 384, 1152) = 384
27397<sshd-session> 22:19:21 pread64(11</run/utmp>, "\7\0\0\0sa\0\0pts/4\0\0\0\0\0\0\0\0\0\0\0\0\0\0\0\0\0\0\0"..., 384, 1536) = 384
27397<sshd-session> 22:19:21 pread64(11</run/utmp>, "\7\0\0\0\5k\0\0pts/6\0\0\0\0\0\0\0\0\0\0\0\0\0\0\0\0\0\0\0"..., 384, 1920) = 384
27397<sshd-session> 22:19:21 fcntl(11</run/utmp>, F_SETLKW, {l_type=F_UNLCK, l_whence=SEEK_SET, l_start=0, l_len=0}) = 0
27397<sshd-session> 22:19:21 access("/var/run/utmpx", F_OK) = -1 ENOENT (No such file or directory)
27397<sshd-session> 22:19:21 openat(AT_FDCWD</>, "/var/run/utmp", O_RDWR|O_CLOEXEC) = 12</run/utmp>
27397<sshd-session> 22:19:21 dup2(12</run/utmp>, 11</run/utmp>) = 11</run/utmp>
27397<sshd-session> 22:19:21 close(12</run/utmp>) = 0
27397<sshd-session> 22:19:21 alarm(0)   = 0
27397<sshd-session> 22:19:21 rt_sigaction(SIGALRM, {sa_handler=0x7f26d594b590, sa_mask=[], sa_flags=SA_RESTORER, sa_restorer=0x7f26d581f5b0}, {sa_handler=SIG_DFL, sa_mask=~[KILL STOP RTMIN RT_1], sa_flags=SA_RESTORER, sa_restorer=0x7f26d581f5b0}, 8) = 0
27397<sshd-session> 22:19:21 alarm(10)  = 0
27397<sshd-session> 22:19:21 fcntl(11</run/utmp>, F_SETLKW, {l_type=F_WRLCK, l_whence=SEEK_SET, l_start=0, l_len=0}) = 0
27397<sshd-session> 22:19:21 alarm(0)   = 10
27397<sshd-session> 22:19:21 rt_sigaction(SIGALRM, {sa_handler=SIG_DFL, sa_mask=~[KILL STOP RTMIN RT_1], sa_flags=SA_RESTORER, sa_restorer=0x7f26d581f5b0}, NULL, 8) = 0
27397<sshd-session> 22:19:21 pread64(11</run/utmp>, "\7\0\0\0\5k\0\0pts/6\0\0\0\0\0\0\0\0\0\0\0\0\0\0\0\0\0\0\0"..., 384, 1920) = 384
27397<sshd-session> 22:19:21 lseek(11</run/utmp>, 1920, SEEK_SET) = 1920
27397<sshd-session> 22:19:21 write(11</run/utmp>, "\10\0\0\0\5k\0\0pts/6\0\0\0\0\0\0\0\0\0\0\0\0\0\0\0\0\0\0\0"..., 384) = 384
27397<sshd-session> 22:19:21 fcntl(11</run/utmp>, F_SETLKW, {l_type=F_UNLCK, l_whence=SEEK_SET, l_start=0, l_len=0}) = 0
27397<sshd-session> 22:19:21 close(11</run/utmp>) = 0
27397<sshd-session> 22:19:21 getpid()   = 27397<sshd-session>
27397<sshd-session> 22:19:21 access("/var/log/wtmpx", F_OK) = -1 ENOENT (No such file or directory)
27397<sshd-session> 22:19:21 openat(AT_FDCWD</>, "/var/log/wtmp", O_WRONLY|O_CLOEXEC) = 11</var/log/wtmp>
27397<sshd-session> 22:19:21 alarm(0)   = 0
27397<sshd-session> 22:19:21 rt_sigaction(SIGALRM, {sa_handler=0x7f26d594b590, sa_mask=[], sa_flags=SA_RESTORER, sa_restorer=0x7f26d581f5b0}, {sa_handler=SIG_DFL, sa_mask=~[KILL STOP RTMIN RT_1], sa_flags=SA_RESTORER, sa_restorer=0x7f26d581f5b0}, 8) = 0
27397<sshd-session> 22:19:21 alarm(10)  = 0
27397<sshd-session> 22:19:21 fcntl(11</var/log/wtmp>, F_SETLKW, {l_type=F_WRLCK, l_whence=SEEK_SET, l_start=0, l_len=0}) = 0
27397<sshd-session> 22:19:21 alarm(0)   = 10
27397<sshd-session> 22:19:21 rt_sigaction(SIGALRM, {sa_handler=SIG_DFL, sa_mask=~[KILL STOP RTMIN RT_1], sa_flags=SA_RESTORER, sa_restorer=0x7f26d581f5b0}, NULL, 8) = 0
27397<sshd-session> 22:19:21 lseek(11</var/log/wtmp>, 0, SEEK_END) = 4992
27397<sshd-session> 22:19:21 write(11</var/log/wtmp>, "\10\0\0\0\5k\0\0pts/6\0\0\0\0\0\0\0\0\0\0\0\0\0\0\0\0\0\0\0"..., 384) = 384
27397<sshd-session> 22:19:21 fcntl(11</var/log/wtmp>, F_SETLKW, {l_type=F_UNLCK, l_whence=SEEK_SET, l_start=0, l_len=0}) = 0
27397<sshd-session> 22:19:21 close(11</var/log/wtmp>) = 0
27397<sshd-session> 22:19:21 socket(AF_NETLINK, SOCK_RAW|SOCK_CLOEXEC, NETLINK_AUDIT) = 11<NETLINK:[147848]>
27397<sshd-session> 22:19:21 sendto(11<NETLINK:[147848]>, [{nlmsg_len=128, nlmsg_type=0x452 /* NLMSG_??? */, nlmsg_flags=NLM_F_REQUEST|NLM_F_ACK, nlmsg_seq=11, nlmsg_pid=0}, "\x6f\x70\x3d\x6c\x6f\x67\x69\x6e\x20\x69\x64\x3d\x31\x30\x30\x30\x20\x65\x78\x65\x3d\x22\x2f\x75\x73\x72\x2f\x6c\x69\x62\x65\x78"...], 128, 0, {sa_family=AF_NETLINK, nl_pid=0, nl_groups=00000000}, 12) = 128
27397<sshd-session> 22:19:21 poll([{fd=11<NETLINK:[AUDIT:27397]>, events=POLLIN}], 1, 500) = 1 ([{fd=11, revents=POLLIN}])
27397<sshd-session> 22:19:21 recvfrom(11<NETLINK:[AUDIT:27397]>, [{nlmsg_len=36, nlmsg_type=NLMSG_ERROR, nlmsg_flags=NLM_F_CAPPED, nlmsg_seq=11, nlmsg_pid=27397<sshd-session>}, {error=0, msg={nlmsg_len=128, nlmsg_type=0x452 /* AUDIT_??? */, nlmsg_flags=NLM_F_REQUEST|NLM_F_ACK, nlmsg_seq=11, nlmsg_pid=0}}], 8988, MSG_PEEK|MSG_DONTWAIT, {sa_family=AF_NETLINK, nl_pid=0, nl_groups=00000000}, [12]) = 36
27397<sshd-session> 22:19:21 recvfrom(11<NETLINK:[AUDIT:27397]>, [{nlmsg_len=36, nlmsg_type=NLMSG_ERROR, nlmsg_flags=NLM_F_CAPPED, nlmsg_seq=11, nlmsg_pid=27397<sshd-session>}, {error=0, msg={nlmsg_len=128, nlmsg_type=0x452 /* AUDIT_??? */, nlmsg_flags=NLM_F_REQUEST|NLM_F_ACK, nlmsg_seq=11, nlmsg_pid=0}}], 8988, MSG_DONTWAIT, {sa_family=AF_NETLINK, nl_pid=0, nl_groups=00000000}, [12]) = 36
27397<sshd-session> 22:19:21 close(11<NETLINK:[AUDIT:27397]>) = 0
27397<sshd-session> 22:19:21 socket(AF_NETLINK, SOCK_RAW|SOCK_CLOEXEC, NETLINK_AUDIT) = 11<NETLINK:[147849]>
27397<sshd-session> 22:19:21 sendto(11<NETLINK:[147849]>, [{nlmsg_len=128, nlmsg_type=0x459 /* NLMSG_??? */, nlmsg_flags=NLM_F_REQUEST|NLM_F_ACK, nlmsg_seq=12, nlmsg_pid=0}, "\x6f\x70\x3d\x6c\x6f\x67\x69\x6e\x20\x69\x64\x3d\x31\x30\x30\x30\x20\x65\x78\x65\x3d\x22\x2f\x75\x73\x72\x2f\x6c\x69\x62\x65\x78"...], 128, 0, {sa_family=AF_NETLINK, nl_pid=0, nl_groups=00000000}, 12) = 128
27397<sshd-session> 22:19:21 poll([{fd=11<NETLINK:[AUDIT:27397]>, events=POLLIN}], 1, 500) = 1 ([{fd=11, revents=POLLIN}])
27397<sshd-session> 22:19:21 recvfrom(11<NETLINK:[AUDIT:27397]>, [{nlmsg_len=36, nlmsg_type=NLMSG_ERROR, nlmsg_flags=NLM_F_CAPPED, nlmsg_seq=12, nlmsg_pid=27397<sshd-session>}, {error=0, msg={nlmsg_len=128, nlmsg_type=0x459 /* AUDIT_??? */, nlmsg_flags=NLM_F_REQUEST|NLM_F_ACK, nlmsg_seq=12, nlmsg_pid=0}}], 8988, MSG_PEEK|MSG_DONTWAIT, {sa_family=AF_NETLINK, nl_pid=0, nl_groups=00000000}, [12]) = 36
27397<sshd-session> 22:19:21 recvfrom(11<NETLINK:[AUDIT:27397]>, [{nlmsg_len=36, nlmsg_type=NLMSG_ERROR, nlmsg_flags=NLM_F_CAPPED, nlmsg_seq=12, nlmsg_pid=27397<sshd-session>}, {error=0, msg={nlmsg_len=128, nlmsg_type=0x459 /* AUDIT_??? */, nlmsg_flags=NLM_F_REQUEST|NLM_F_ACK, nlmsg_seq=12, nlmsg_pid=0}}], 8988, MSG_DONTWAIT, {sa_family=AF_NETLINK, nl_pid=0, nl_groups=00000000}, [12]) = 36
27397<sshd-session> 22:19:21 close(11<NETLINK:[AUDIT:27397]>) = 0
27397<sshd-session> 22:19:21 getuid()   = 0
27397<sshd-session> 22:19:21 close(8</dev/ptmx<char 5:2 @/dev/pts/6>>) = 0
27397<sshd-session> 22:19:21 poll([{fd=10<UNIX-STREAM:[145330->145329]>, events=POLLIN}], 1, -1) = 1 ([{fd=10, revents=POLLIN}])
27397<sshd-session> 22:19:21 read(10<UNIX-STREAM:[145330->145329]>, "\0\0\0\25", 4) = 4
27397<sshd-session> 22:19:21 read(10<UNIX-STREAM:[145330->145329]>, "z\0\0\0\2\0\0\0\0\0\0k\17\0\0\0\0\0\0\3\350", 21) = 21
27397<sshd-session> 22:19:21 getsockname(7<TCP:[127.0.0.1:22->127.0.0.1:60704]>, {sa_family=AF_INET, sin_port=htons(22), sin_addr=inet_addr("127.0.0.1")}, [128 => 16]) = 0
27397<sshd-session> 22:19:21 socket(AF_NETLINK, SOCK_RAW|SOCK_CLOEXEC, NETLINK_AUDIT) = 8<NETLINK:[147104]>
27397<sshd-session> 22:19:21 ioctl(0</dev/null<char 1:3>>, TCGETS2, 0x7fffd551cf70) = -1 ENOTTY (Inappropriate ioctl for device)
27397<sshd-session> 22:19:21 ioctl(1</dev/null<char 1:3>>, TCGETS2, 0x7fffd551cf70) = -1 ENOTTY (Inappropriate ioctl for device)
27397<sshd-session> 22:19:21 ioctl(2</dev/null<char 1:3>>, TCGETS2, 0x7fffd551cf70) = -1 ENOTTY (Inappropriate ioctl for device)
27397<sshd-session> 22:19:21 sendto(8<NETLINK:[147104]>, [{nlmsg_len=208, nlmsg_type=0x964 /* NLMSG_??? */, nlmsg_flags=NLM_F_REQUEST|NLM_F_ACK, nlmsg_seq=13, nlmsg_pid=0}, "\x6f\x70\x3d\x64\x65\x73\x74\x72\x6f\x79\x20\x6b\x69\x6e\x64\x3d\x73\x65\x73\x73\x69\x6f\x6e\x20\x66\x70\x3d\x3f\x20\x64\x69\x72"...], 208, 0, {sa_family=AF_NETLINK, nl_pid=0, nl_groups=00000000}, 12) = 208
27397<sshd-session> 22:19:21 poll([{fd=8<NETLINK:[AUDIT:27397]>, events=POLLIN}], 1, 500) = 1 ([{fd=8, revents=POLLIN}])
27397<sshd-session> 22:19:21 recvfrom(8<NETLINK:[AUDIT:27397]>, [{nlmsg_len=36, nlmsg_type=NLMSG_ERROR, nlmsg_flags=NLM_F_CAPPED, nlmsg_seq=13, nlmsg_pid=27397<sshd-session>}, {error=0, msg={nlmsg_len=208, nlmsg_type=0x964 /* AUDIT_??? */, nlmsg_flags=NLM_F_REQUEST|NLM_F_ACK, nlmsg_seq=13, nlmsg_pid=0}}], 8988, MSG_PEEK|MSG_DONTWAIT, {sa_family=AF_NETLINK, nl_pid=0, nl_groups=00000000}, [12]) = 36
27397<sshd-session> 22:19:21 recvfrom(8<NETLINK:[AUDIT:27397]>, [{nlmsg_len=36, nlmsg_type=NLMSG_ERROR, nlmsg_flags=NLM_F_CAPPED, nlmsg_seq=13, nlmsg_pid=27397<sshd-session>}, {error=0, msg={nlmsg_len=208, nlmsg_type=0x964 /* AUDIT_??? */, nlmsg_flags=NLM_F_REQUEST|NLM_F_ACK, nlmsg_seq=13, nlmsg_pid=0}}], 8988, MSG_DONTWAIT, {sa_family=AF_NETLINK, nl_pid=0, nl_groups=00000000}, [12]) = 36
27397<sshd-session> 22:19:21 close(8<NETLINK:[AUDIT:27397]>) = 0
27397<sshd-session> 22:19:21 write(10<UNIX-STREAM:[145330->145329]>, "\0\0\0\1{", 5 <unfinished ...>
27407<sshd-session> 22:19:21 <... read resumed>, "\0\0\0\1", 4) = 4
27397<sshd-session> 22:19:21 <... write resumed>) = 5
27407<sshd-session> 22:19:21 read(8<UNIX-STREAM:[145329->145330]> <unfinished ...>
27397<sshd-session> 22:19:21 poll([{fd=10<UNIX-STREAM:[145330->145329]>, events=POLLIN}], 1, -1 <unfinished ...>
27407<sshd-session> 22:19:21 <... read resumed>, "{", 1) = 1
27407<sshd-session> 22:19:21 getpid()   = 27407<sshd-session>
27407<sshd-session> 22:19:21 getpid()   = 27407<sshd-session>
27407<sshd-session> 22:19:21 socket(AF_UNIX, SOCK_DGRAM|SOCK_CLOEXEC, 0) = 6<UNIX:[148569]>
27407<sshd-session> 22:19:21 connect(6<UNIX:[148569]>, {sa_family=AF_UNIX, sun_path="/dev/log"}, 110) = 0
27407<sshd-session> 22:19:21 sendto(6<UNIX:[148569->5211]>, "<86>May  2 22:19:21 sshd-session"..., 93, MSG_NOSIGNAL, NULL, 0) = 93
27407<sshd-session> 22:19:21 close(6<UNIX:[148569->5211]>) = 0
27407<sshd-session> 22:19:21 exit_group(255) = ?
27407<sshd-session> 22:19:21 +++ exited with 255 +++
27397<sshd-session> 22:19:21 <... poll resumed>) = 1 ([{fd=10, revents=POLLIN|POLLHUP}])
27397<sshd-session> 22:19:21 --- SIGCHLD {si_signo=SIGCHLD, si_code=CLD_EXITED, si_pid=27407<sshd-session>, si_uid=1000, si_status=255, si_utime=0, si_stime=1 /* 0.01 s */} ---
27397<sshd-session> 22:19:21 read(10<UNIX-STREAM:[145330->145329]>, "", 4) = 0
27397<sshd-session> 22:19:21 wait4(27407<sshd-session>, [{WIFEXITED(s) && WEXITSTATUS(s) == 255}], 0, NULL) = 27407
27397<sshd-session> 22:19:21 openat(AT_FDCWD</>, "/proc/thread-self/attr/exec", O_RDWR|O_CLOEXEC) = 8</proc/27397/task/27397/attr/exec>
27397<sshd-session> 22:19:21 write(8</proc/27397/task/27397/attr/exec>, NULL, 0) = 0
27397<sshd-session> 22:19:21 close(8</proc/27397/task/27397/attr/exec>) = 0
27397<sshd-session> 22:19:21 openat(AT_FDCWD</>, "/proc/thread-self/attr/exec", O_RDONLY|O_CLOEXEC) = 8</proc/27397/task/27397/attr/exec>
27397<sshd-session> 22:19:21 read(8</proc/27397/task/27397/attr/exec>, "", 4095) = 0
27397<sshd-session> 22:19:21 close(8</proc/27397/task/27397/attr/exec>) = 0
27397<sshd-session> 22:19:21 geteuid()  = 0
27397<sshd-session> 22:19:21 getegid()  = 0
27397<sshd-session> 22:19:21 setregid(-1, 1000) = 0
27397<sshd-session> 22:19:21 setresuid(-1, 1000, 0) = 0
27397<sshd-session> 22:19:21 keyctl(KEYCTL_REVOKE, 114217447) = 0
27397<sshd-session> 22:19:21 setreuid(-1, 0) = 0
27397<sshd-session> 22:19:21 setregid(-1, 0) = 0
27397<sshd-session> 22:19:21 socket(AF_UNIX, SOCK_STREAM|SOCK_CLOEXEC|SOCK_NONBLOCK, 0) = 8<UNIX-STREAM:[147105]>
27397<sshd-session> 22:19:21 connect(8<UNIX-STREAM:[147105]>, {sa_family=AF_UNIX, sun_path="/run/systemd/io.systemd.Login"}, 32) = 0
27397<sshd-session> 22:19:21 sendto(8<UNIX-STREAM:[147105->146009]>, "{\"method\":\"io.systemd.Login.Rele"..., 70, MSG_DONTWAIT|MSG_NOSIGNAL, NULL, 0) = 70
27397<sshd-session> 22:19:21 recvfrom(8<UNIX-STREAM:[147105->146009]>, 0x55e0307a6860, 131080, MSG_DONTWAIT, NULL, NULL) = -1 EAGAIN (Resource temporarily unavailable)
27397<sshd-session> 22:19:21 ppoll([{fd=8<UNIX-STREAM:[147105->146009]>, events=POLLIN}], 1, {tv_sec=44, tv_nsec=999880000}, NULL, 8) = 1 ([{fd=8, revents=POLLIN}], left {tv_sec=44, tv_nsec=999754185})
27397<sshd-session> 22:19:21 recvfrom(8<UNIX-STREAM:[147105->146009]>, "{}\0", 131080, MSG_DONTWAIT, NULL, NULL) = 3
27397<sshd-session> 22:19:21 close(8<UNIX-STREAM:[147105->146009]>) = 0
27397<sshd-session> 22:19:21 getuid()   = 0
27397<sshd-session> 22:19:21 newfstatat(AT_FDCWD</>, "/etc/nsswitch.conf", {st_mode=S_IFREG|0644, st_size=687, ...}, 0) = 0
27397<sshd-session> 22:19:21 openat(AT_FDCWD</>, "/etc/passwd", O_RDONLY|O_CLOEXEC) = 8</etc/passwd>
27397<sshd-session> 22:19:21 fstat(8</etc/passwd>, {st_mode=S_IFREG|0644, st_size=3346, ...}) = 0
27397<sshd-session> 22:19:21 lseek(8</etc/passwd>, 0, SEEK_SET) = 0
27397<sshd-session> 22:19:21 read(8</etc/passwd>, "root:x:0:0:Super User:/root:/bin"..., 4096) = 3346
27397<sshd-session> 22:19:21 lseek(8</etc/passwd>, 38, SEEK_SET) = 38
27397<sshd-session> 22:19:21 close(8</etc/passwd>) = 0
27397<sshd-session> 22:19:21 getuid()   = 0
27397<sshd-session> 22:19:21 newfstatat(AT_FDCWD</>, "/etc/login.defs", {st_mode=S_IFREG|0644, st_size=8888, ...}, AT_SYMLINK_NOFOLLOW) = 0
27397<sshd-session> 22:19:21 openat(AT_FDCWD</>, "/etc/login.defs", O_RDONLY|O_CLOEXEC) = 8</etc/login.defs>
27397<sshd-session> 22:19:21 fstat(8</etc/login.defs>, {st_mode=S_IFREG|0644, st_size=8888, ...}) = 0
27397<sshd-session> 22:19:21 read(8</etc/login.defs>, "#\n# Please note that the paramet"..., 4096) = 4096
27397<sshd-session> 22:19:21 read(8</etc/login.defs>, "ID_MIN                  1000\nUID"..., 4096) = 4096
27397<sshd-session> 22:19:21 read(8</etc/login.defs>, " line length in the\n# group file"..., 4096) = 696
27397<sshd-session> 22:19:21 read(8</etc/login.defs>, "", 4096) = 0
27397<sshd-session> 22:19:21 close(8</etc/login.defs>) = 0
27397<sshd-session> 22:19:21 openat(AT_FDCWD</>, "(null)/login.defs.d", O_RDONLY|O_NONBLOCK|O_CLOEXEC|O_DIRECTORY) = -1 ENOENT (No such file or directory)
27397<sshd-session> 22:19:21 openat(AT_FDCWD</>, "/etc/login.defs.d", O_RDONLY|O_NONBLOCK|O_CLOEXEC|O_DIRECTORY) = -1 ENOENT (No such file or directory)
27397<sshd-session> 22:19:21 getpid()   = 27397<sshd-session>
27397<sshd-session> 22:19:21 sendto(6<UNIX:[147548->5211]>, "<86>May  2 22:19:21 sshd-session"..., 97, MSG_NOSIGNAL, NULL, 0) = 97
27397<sshd-session> 22:19:21 socket(AF_NETLINK, SOCK_RAW|SOCK_CLOEXEC, NETLINK_AUDIT) = 8<NETLINK:[147106]>
27397<sshd-session> 22:19:21 socket(AF_NETLINK, SOCK_RAW|SOCK_CLOEXEC, NETLINK_ROUTE) = 11<NETLINK:[147107]>
27397<sshd-session> 22:19:21 bind(11<NETLINK:[147107]>, {sa_family=AF_NETLINK, nl_pid=0, nl_groups=00000000}, 12) = 0
27397<sshd-session> 22:19:21 getsockname(11<NETLINK:[ROUTE:27397]>, {sa_family=AF_NETLINK, nl_pid=27397<sshd-session>, nl_groups=00000000}, [12]) = 0
27397<sshd-session> 22:19:21 sendto(11<NETLINK:[ROUTE:27397]>, [{nlmsg_len=20, nlmsg_type=RTM_GETADDR, nlmsg_flags=NLM_F_REQUEST|NLM_F_DUMP, nlmsg_seq=1777774761, nlmsg_pid=0}, {ifa_family=AF_UNSPEC, ...}], 20, 0, {sa_family=AF_NETLINK, nl_pid=0, nl_groups=00000000}, 12) = 20
27397<sshd-session> 22:19:21 recvmsg(11<NETLINK:[ROUTE:27397]>, {msg_name={sa_family=AF_NETLINK, nl_pid=0, nl_groups=00000000}, msg_namelen=12, msg_iov=[{iov_base=[[{nlmsg_len=76, nlmsg_type=RTM_NEWADDR, nlmsg_flags=NLM_F_MULTI, nlmsg_seq=1777774761, nlmsg_pid=27397<sshd-session>}, {ifa_family=AF_INET, ifa_prefixlen=8, ifa_flags=IFA_F_PERMANENT, ifa_scope=RT_SCOPE_HOST, ifa_index=if_nametoindex("lo")}, [[{nla_len=8, nla_type=IFA_ADDRESS}, inet_addr("127.0.0.1")], [{nla_len=8, nla_type=IFA_LOCAL}, inet_addr("127.0.0.1")], [{nla_len=7, nla_type=IFA_LABEL}, "lo"], [{nla_len=8, nla_type=IFA_FLAGS}, IFA_F_PERMANENT], [{nla_len=20, nla_type=IFA_CACHEINFO}, {ifa_prefered=4294967295, ifa_valid=4294967295, cstamp=151, tstamp=151}]]], [{nlmsg_len=88, nlmsg_type=RTM_NEWADDR, nlmsg_flags=NLM_F_MULTI, nlmsg_seq=1777774761, nlmsg_pid=27397<sshd-session>}, {ifa_family=AF_INET, ifa_prefixlen=24, ifa_flags=0, ifa_scope=RT_SCOPE_UNIVERSE, ifa_index=if_nametoindex("enp0s3")}, [[{nla_len=8, nla_type=IFA_ADDRESS}, inet_addr("10.0.2.15")], [{nla_len=8, nla_type=IFA_LOCAL}, inet_addr("10.0.2.15")], [{nla_len=8, nla_type=IFA_BROADCAST}, inet_addr("10.0.2.255")], [{nla_len=11, nla_type=IFA_LABEL}, "enp0s3"], [{nla_len=8, nla_type=IFA_FLAGS}, IFA_F_NOPREFIXROUTE], [{nla_len=20, nla_type=IFA_CACHEINFO}, {ifa_prefered=74541, ifa_valid=74541, cstamp=1267, tstamp=1267}]]], [{nlmsg_len=72, nlmsg_type=RTM_NEWADDR, nlmsg_flags=NLM_F_MULTI, nlmsg_seq=1777774761, nlmsg_pid=27397<sshd-session>}, {ifa_family=AF_INET6, ifa_prefixlen=128, ifa_flags=IFA_F_PERMANENT, ifa_scope=RT_SCOPE_HOST, ifa_index=if_nametoindex("lo")}, [[{nla_len=20, nla_type=IFA_ADDRESS}, inet_pton(AF_INET6, "::1")], [{nla_len=20, nla_type=IFA_CACHEINFO}, {ifa_prefered=4294967295, ifa_valid=4294967295, cstamp=151, tstamp=151}], [{nla_len=8, nla_type=IFA_FLAGS}, IFA_F_PERMANENT|IFA_F_NOPREFIXROUTE]]], [{nlmsg_len=72, nlmsg_type=RTM_NEWADDR, nlmsg_flags=NLM_F_MULTI, nlmsg_seq=1777774761, nlmsg_pid=27397<sshd-session>}, {ifa_family=AF_INET6, ifa_prefixlen=64, ifa_flags=0, ifa_scope=RT_SCOPE_UNIVERSE, ifa_index=if_nametoindex("enp0s3")}, [[{nla_len=20, nla_type=IFA_ADDRESS}, inet_pton(AF_INET6, "fd17:625c:f037:2:bffd:40d6:bd1a:3151")], [{nla_len=20, nla_type=IFA_CACHEINFO}, {ifa_prefered=14280, ifa_valid=86280, cstamp=1466, tstamp=1175164}], [{nla_len=8, nla_type=IFA_FLAGS}, IFA_F_NOPREFIXROUTE]]], [{nlmsg_len=72, nlmsg_type=RTM_NEWADDR, nlmsg_flags=NLM_F_MULTI, nlmsg_seq=1777774761, nlmsg_pid=27397<sshd-session>}, {ifa_family=AF_INET6, ifa_prefixlen=64, ifa_flags=IFA_F_PERMANENT, ifa_scope=RT_SCOPE_LINK, ifa_index=if_nametoindex("enp0s3")}, [[{nla_len=20, nla_type=IFA_ADDRESS}, inet_pton(AF_INET6, "fe80::1bc2:b29b:a246:770")], [{nla_len=20, nla_type=IFA_CACHEINFO}, {ifa_prefered=4294967295, ifa_valid=4294967295, cstamp=1251, tstamp=1251}], [{nla_len=8, nla_type=IFA_FLAGS}, IFA_F_PERMANENT|IFA_F_NOPREFIXROUTE]]]], iov_len=4096}], msg_iovlen=1, msg_controllen=0, msg_flags=0}, 0) = 380
27397<sshd-session> 22:19:21 recvmsg(11<NETLINK:[ROUTE:27397]>, {msg_name={sa_family=AF_NETLINK, nl_pid=0, nl_groups=00000000}, msg_namelen=12, msg_iov=[{iov_base=[{nlmsg_len=20, nlmsg_type=NLMSG_DONE, nlmsg_flags=NLM_F_MULTI, nlmsg_seq=1777774761, nlmsg_pid=27397<sshd-session>}, 0], iov_len=4096}], msg_iovlen=1, msg_controllen=0, msg_flags=0}, 0) = 20
27397<sshd-session> 22:19:21 close(11<NETLINK:[ROUTE:27397]>) = 0
27397<sshd-session> 22:19:21 sendto(8<NETLINK:[147106]>, [{nlmsg_len=292, nlmsg_type=0x452 /* NLMSG_??? */, nlmsg_flags=NLM_F_REQUEST|NLM_F_ACK, nlmsg_seq=14, nlmsg_pid=0}, "\x6f\x70\x3d\x50\x41\x4d\x3a\x73\x65\x73\x73\x69\x6f\x6e\x5f\x63\x6c\x6f\x73\x65\x20\x67\x72\x61\x6e\x74\x6f\x72\x73\x3d\x70\x61"...], 292, 0, {sa_family=AF_NETLINK, nl_pid=0, nl_groups=00000000}, 12) = 292
27397<sshd-session> 22:19:21 poll([{fd=8<NETLINK:[AUDIT:27397]>, events=POLLIN}], 1, 500) = 1 ([{fd=8, revents=POLLIN}])
27397<sshd-session> 22:19:21 recvfrom(8<NETLINK:[AUDIT:27397]>, [{nlmsg_len=36, nlmsg_type=NLMSG_ERROR, nlmsg_flags=NLM_F_CAPPED, nlmsg_seq=14, nlmsg_pid=27397<sshd-session>}, {error=0, msg={nlmsg_len=292, nlmsg_type=0x452 /* AUDIT_??? */, nlmsg_flags=NLM_F_REQUEST|NLM_F_ACK, nlmsg_seq=14, nlmsg_pid=0}}], 8988, MSG_PEEK|MSG_DONTWAIT, {sa_family=AF_NETLINK, nl_pid=0, nl_groups=00000000}, [12]) = 36
27397<sshd-session> 22:19:21 recvfrom(8<NETLINK:[AUDIT:27397]>, [{nlmsg_len=36, nlmsg_type=NLMSG_ERROR, nlmsg_flags=NLM_F_CAPPED, nlmsg_seq=14, nlmsg_pid=27397<sshd-session>}, {error=0, msg={nlmsg_len=292, nlmsg_type=0x452 /* AUDIT_??? */, nlmsg_flags=NLM_F_REQUEST|NLM_F_ACK, nlmsg_seq=14, nlmsg_pid=0}}], 8988, MSG_DONTWAIT, {sa_family=AF_NETLINK, nl_pid=0, nl_groups=00000000}, [12]) = 36
27397<sshd-session> 22:19:21 close(8<NETLINK:[AUDIT:27397]>) = 0
27397<sshd-session> 22:19:21 newfstatat(AT_FDCWD</>, "/etc/security//pam_env.conf", {st_mode=S_IFREG|0644, st_size=2971, ...}, AT_SYMLINK_NOFOLLOW) = 0
27397<sshd-session> 22:19:21 openat(AT_FDCWD</>, "/etc/security//pam_env.conf", O_RDONLY|O_CLOEXEC) = 8</etc/security/pam_env.conf>
27397<sshd-session> 22:19:21 fstat(8</etc/security/pam_env.conf>, {st_mode=S_IFREG|0644, st_size=2971, ...}) = 0
27397<sshd-session> 22:19:21 read(8</etc/security/pam_env.conf>, "#\n# This is the configuration fi"..., 4096) = 2971
27397<sshd-session> 22:19:21 read(8</etc/security/pam_env.conf>, "", 4096) = 0
27397<sshd-session> 22:19:21 close(8</etc/security/pam_env.conf>) = 0
27397<sshd-session> 22:19:21 openat(AT_FDCWD</>, "(null)/pam_env.conf.d", O_RDONLY|O_NONBLOCK|O_CLOEXEC|O_DIRECTORY) = -1 ENOENT (No such file or directory)
27397<sshd-session> 22:19:21 openat(AT_FDCWD</>, "/etc/security//pam_env.conf.d", O_RDONLY|O_NONBLOCK|O_CLOEXEC|O_DIRECTORY) = -1 ENOENT (No such file or directory)
27397<sshd-session> 22:19:21 newfstatat(AT_FDCWD</>, "/etc//environment", {st_mode=S_IFREG|0644, st_size=0, ...}, AT_SYMLINK_NOFOLLOW) = 0
27397<sshd-session> 22:19:21 openat(AT_FDCWD</>, "/etc//environment", O_RDONLY|O_CLOEXEC) = 8</etc/environment>
27397<sshd-session> 22:19:21 fstat(8</etc/environment>, {st_mode=S_IFREG|0644, st_size=0, ...}) = 0
27397<sshd-session> 22:19:21 read(8</etc/environment>, "", 4096) = 0
27397<sshd-session> 22:19:21 close(8</etc/environment>) = 0
27397<sshd-session> 22:19:21 openat(AT_FDCWD</>, "(null)/environment.d", O_RDONLY|O_NONBLOCK|O_CLOEXEC|O_DIRECTORY) = -1 ENOENT (No such file or directory)
27397<sshd-session> 22:19:21 openat(AT_FDCWD</>, "/etc//environment.d", O_RDONLY|O_NONBLOCK|O_CLOEXEC|O_DIRECTORY) = -1 ENOENT (No such file or directory)
27397<sshd-session> 22:19:21 getuid()   = 0
27397<sshd-session> 22:19:21 newfstatat(AT_FDCWD</>, "/etc/login.defs", {st_mode=S_IFREG|0644, st_size=8888, ...}, AT_SYMLINK_NOFOLLOW) = 0
27397<sshd-session> 22:19:21 openat(AT_FDCWD</>, "/etc/login.defs", O_RDONLY|O_CLOEXEC) = 8</etc/login.defs>
27397<sshd-session> 22:19:21 fstat(8</etc/login.defs>, {st_mode=S_IFREG|0644, st_size=8888, ...}) = 0
27397<sshd-session> 22:19:21 read(8</etc/login.defs>, "#\n# Please note that the paramet"..., 4096) = 4096
27397<sshd-session> 22:19:21 read(8</etc/login.defs>, "ID_MIN                  1000\nUID"..., 4096) = 4096
27397<sshd-session> 22:19:21 read(8</etc/login.defs>, " line length in the\n# group file"..., 4096) = 696
27397<sshd-session> 22:19:21 read(8</etc/login.defs>, "", 4096) = 0
27397<sshd-session> 22:19:21 close(8</etc/login.defs>) = 0
27397<sshd-session> 22:19:21 openat(AT_FDCWD</>, "(null)/login.defs.d", O_RDONLY|O_NONBLOCK|O_CLOEXEC|O_DIRECTORY) = -1 ENOENT (No such file or directory)
27397<sshd-session> 22:19:21 openat(AT_FDCWD</>, "/etc/login.defs.d", O_RDONLY|O_NONBLOCK|O_CLOEXEC|O_DIRECTORY) = -1 ENOENT (No such file or directory)
27397<sshd-session> 22:19:21 socket(AF_NETLINK, SOCK_RAW|SOCK_CLOEXEC, NETLINK_AUDIT) = 8<NETLINK:[147851]>
27397<sshd-session> 22:19:21 socket(AF_NETLINK, SOCK_RAW|SOCK_CLOEXEC, NETLINK_ROUTE) = 11<NETLINK:[147852]>
27397<sshd-session> 22:19:21 bind(11<NETLINK:[147852]>, {sa_family=AF_NETLINK, nl_pid=0, nl_groups=00000000}, 12) = 0
27397<sshd-session> 22:19:21 getsockname(11<NETLINK:[ROUTE:27397]>, {sa_family=AF_NETLINK, nl_pid=27397<sshd-session>, nl_groups=00000000}, [12]) = 0
27397<sshd-session> 22:19:21 sendto(11<NETLINK:[ROUTE:27397]>, [{nlmsg_len=20, nlmsg_type=RTM_GETADDR, nlmsg_flags=NLM_F_REQUEST|NLM_F_DUMP, nlmsg_seq=1777774761, nlmsg_pid=0}, {ifa_family=AF_UNSPEC, ...}], 20, 0, {sa_family=AF_NETLINK, nl_pid=0, nl_groups=00000000}, 12) = 20
27397<sshd-session> 22:19:21 recvmsg(11<NETLINK:[ROUTE:27397]>, {msg_name={sa_family=AF_NETLINK, nl_pid=0, nl_groups=00000000}, msg_namelen=12, msg_iov=[{iov_base=[[{nlmsg_len=76, nlmsg_type=RTM_NEWADDR, nlmsg_flags=NLM_F_MULTI, nlmsg_seq=1777774761, nlmsg_pid=27397<sshd-session>}, {ifa_family=AF_INET, ifa_prefixlen=8, ifa_flags=IFA_F_PERMANENT, ifa_scope=RT_SCOPE_HOST, ifa_index=if_nametoindex("lo")}, [[{nla_len=8, nla_type=IFA_ADDRESS}, inet_addr("127.0.0.1")], [{nla_len=8, nla_type=IFA_LOCAL}, inet_addr("127.0.0.1")], [{nla_len=7, nla_type=IFA_LABEL}, "lo"], [{nla_len=8, nla_type=IFA_FLAGS}, IFA_F_PERMANENT], [{nla_len=20, nla_type=IFA_CACHEINFO}, {ifa_prefered=4294967295, ifa_valid=4294967295, cstamp=151, tstamp=151}]]], [{nlmsg_len=88, nlmsg_type=RTM_NEWADDR, nlmsg_flags=NLM_F_MULTI, nlmsg_seq=1777774761, nlmsg_pid=27397<sshd-session>}, {ifa_family=AF_INET, ifa_prefixlen=24, ifa_flags=0, ifa_scope=RT_SCOPE_UNIVERSE, ifa_index=if_nametoindex("enp0s3")}, [[{nla_len=8, nla_type=IFA_ADDRESS}, inet_addr("10.0.2.15")], [{nla_len=8, nla_type=IFA_LOCAL}, inet_addr("10.0.2.15")], [{nla_len=8, nla_type=IFA_BROADCAST}, inet_addr("10.0.2.255")], [{nla_len=11, nla_type=IFA_LABEL}, "enp0s3"], [{nla_len=8, nla_type=IFA_FLAGS}, IFA_F_NOPREFIXROUTE], [{nla_len=20, nla_type=IFA_CACHEINFO}, {ifa_prefered=74541, ifa_valid=74541, cstamp=1267, tstamp=1267}]]], [{nlmsg_len=72, nlmsg_type=RTM_NEWADDR, nlmsg_flags=NLM_F_MULTI, nlmsg_seq=1777774761, nlmsg_pid=27397<sshd-session>}, {ifa_family=AF_INET6, ifa_prefixlen=128, ifa_flags=IFA_F_PERMANENT, ifa_scope=RT_SCOPE_HOST, ifa_index=if_nametoindex("lo")}, [[{nla_len=20, nla_type=IFA_ADDRESS}, inet_pton(AF_INET6, "::1")], [{nla_len=20, nla_type=IFA_CACHEINFO}, {ifa_prefered=4294967295, ifa_valid=4294967295, cstamp=151, tstamp=151}], [{nla_len=8, nla_type=IFA_FLAGS}, IFA_F_PERMANENT|IFA_F_NOPREFIXROUTE]]], [{nlmsg_len=72, nlmsg_type=RTM_NEWADDR, nlmsg_flags=NLM_F_MULTI, nlmsg_seq=1777774761, nlmsg_pid=27397<sshd-session>}, {ifa_family=AF_INET6, ifa_prefixlen=64, ifa_flags=0, ifa_scope=RT_SCOPE_UNIVERSE, ifa_index=if_nametoindex("enp0s3")}, [[{nla_len=20, nla_type=IFA_ADDRESS}, inet_pton(AF_INET6, "fd17:625c:f037:2:bffd:40d6:bd1a:3151")], [{nla_len=20, nla_type=IFA_CACHEINFO}, {ifa_prefered=14280, ifa_valid=86280, cstamp=1466, tstamp=1175164}], [{nla_len=8, nla_type=IFA_FLAGS}, IFA_F_NOPREFIXROUTE]]], [{nlmsg_len=72, nlmsg_type=RTM_NEWADDR, nlmsg_flags=NLM_F_MULTI, nlmsg_seq=1777774761, nlmsg_pid=27397<sshd-session>}, {ifa_family=AF_INET6, ifa_prefixlen=64, ifa_flags=IFA_F_PERMANENT, ifa_scope=RT_SCOPE_LINK, ifa_index=if_nametoindex("enp0s3")}, [[{nla_len=20, nla_type=IFA_ADDRESS}, inet_pton(AF_INET6, "fe80::1bc2:b29b:a246:770")], [{nla_len=20, nla_type=IFA_CACHEINFO}, {ifa_prefered=4294967295, ifa_valid=4294967295, cstamp=1251, tstamp=1251}], [{nla_len=8, nla_type=IFA_FLAGS}, IFA_F_PERMANENT|IFA_F_NOPREFIXROUTE]]]], iov_len=4096}], msg_iovlen=1, msg_controllen=0, msg_flags=0}, 0) = 380
27397<sshd-session> 22:19:21 recvmsg(11<NETLINK:[ROUTE:27397]>, {msg_name={sa_family=AF_NETLINK, nl_pid=0, nl_groups=00000000}, msg_namelen=12, msg_iov=[{iov_base=[{nlmsg_len=20, nlmsg_type=NLMSG_DONE, nlmsg_flags=NLM_F_MULTI, nlmsg_seq=1777774761, nlmsg_pid=27397<sshd-session>}, 0], iov_len=4096}], msg_iovlen=1, msg_controllen=0, msg_flags=0}, 0) = 20
27397<sshd-session> 22:19:21 close(11<NETLINK:[ROUTE:27397]>) = 0
27397<sshd-session> 22:19:21 sendto(8<NETLINK:[147851]>, [{nlmsg_len=164, nlmsg_type=0x450 /* NLMSG_??? */, nlmsg_flags=NLM_F_REQUEST|NLM_F_ACK, nlmsg_seq=15, nlmsg_pid=0}, "\x6f\x70\x3d\x50\x41\x4d\x3a\x73\x65\x74\x63\x72\x65\x64\x20\x67\x72\x61\x6e\x74\x6f\x72\x73\x3d\x70\x61\x6d\x5f\x75\x6e\x69\x78"...], 164, 0, {sa_family=AF_NETLINK, nl_pid=0, nl_groups=00000000}, 12) = 164
27397<sshd-session> 22:19:21 poll([{fd=8<NETLINK:[AUDIT:27397]>, events=POLLIN}], 1, 500) = 1 ([{fd=8, revents=POLLIN}])
27397<sshd-session> 22:19:21 recvfrom(8<NETLINK:[AUDIT:27397]>, [{nlmsg_len=36, nlmsg_type=NLMSG_ERROR, nlmsg_flags=NLM_F_CAPPED, nlmsg_seq=15, nlmsg_pid=27397<sshd-session>}, {error=0, msg={nlmsg_len=164, nlmsg_type=0x450 /* AUDIT_??? */, nlmsg_flags=NLM_F_REQUEST|NLM_F_ACK, nlmsg_seq=15, nlmsg_pid=0}}], 8988, MSG_PEEK|MSG_DONTWAIT, {sa_family=AF_NETLINK, nl_pid=0, nl_groups=00000000}, [12]) = 36
27397<sshd-session> 22:19:21 recvfrom(8<NETLINK:[AUDIT:27397]>, [{nlmsg_len=36, nlmsg_type=NLMSG_ERROR, nlmsg_flags=NLM_F_CAPPED, nlmsg_seq=15, nlmsg_pid=27397<sshd-session>}, {error=0, msg={nlmsg_len=164, nlmsg_type=0x450 /* AUDIT_??? */, nlmsg_flags=NLM_F_REQUEST|NLM_F_ACK, nlmsg_seq=15, nlmsg_pid=0}}], 8988, MSG_DONTWAIT, {sa_family=AF_NETLINK, nl_pid=0, nl_groups=00000000}, [12]) = 36
27397<sshd-session> 22:19:21 close(8<NETLINK:[AUDIT:27397]>) = 0
27397<sshd-session> 22:19:21 munmap(0x7f26d62de000, 24584) = 0
27397<sshd-session> 22:19:21 munmap(0x7f26d62da000, 12296) = 0
27397<sshd-session> 22:19:21 munmap(0x7f26d5f9e000, 61480) = 0
27397<sshd-session> 22:19:21 munmap(0x7f26d5f82000, 33960) = 0
27397<sshd-session> 22:19:21 munmap(0x7f26d57d5000, 195416) = 0
27397<sshd-session> 22:19:21 munmap(0x7f26d62d6000, 12296) = 0
27397<sshd-session> 22:19:21 munmap(0x7f26d5f98000, 20488) = 0
27397<sshd-session> 22:19:21 munmap(0x7f26d5f94000, 12296) = 0
27397<sshd-session> 22:19:21 munmap(0x7f26d5f8f000, 16392) = 0
27397<sshd-session> 22:19:21 munmap(0x7f26d5f68000, 24864) = 0
27397<sshd-session> 22:19:21 munmap(0x7f26d57ca000, 40968) = 0
27397<sshd-session> 22:19:21 munmap(0x7f26d5f7b000, 24584) = 0
27397<sshd-session> 22:19:21 munmap(0x7f26d5f8b000, 12296) = 0
27397<sshd-session> 22:19:21 munmap(0x7f26d57bd000, 49176) = 0
27397<sshd-session> 22:19:21 munmap(0x7f26d5f77000, 12296) = 0
27397<sshd-session> 22:19:21 munmap(0x7f26d5f72000, 16392) = 0
27397<sshd-session> 22:19:21 munmap(0x7f26d57b5000, 28680) = 0
27397<sshd-session> 22:19:21 munmap(0x7f26d5710000, 672968) = 0
27397<sshd-session> 22:19:21 munmap(0x7f26d56f7000, 20552) = 0
27397<sshd-session> 22:19:21 munmap(0x7f26d570b000, 16392) = 0
27397<sshd-session> 22:19:21 munmap(0x7f26d5707000, 12296) = 0
27397<sshd-session> 22:19:21 munmap(0x7f26d5702000, 16400) = 0
27397<sshd-session> 22:19:21 munmap(0x7f26d559a000, 20488) = 0
27397<sshd-session> 22:19:21 munmap(0x7f26d540e000, 1619360) = 0
27397<sshd-session> 22:19:21 exit_group(255) = ?
27397<sshd-session> 22:19:21 +++ exited with 255 +++
26182<sshd> 22:19:21 <... ppoll resumed>) = ? ERESTARTNOHAND (To be restarted if no handler)
26182<sshd> 22:19:21 --- SIGCHLD {si_signo=SIGCHLD, si_code=CLD_EXITED, si_pid=27397<sshd-session>, si_uid=0, si_status=255, si_utime=1 /* 0.01 s */, si_stime=8 /* 0.08 s */} ---
26182<sshd> 22:19:21 rt_sigreturn({mask=[HUP QUIT TERM CHLD]}) = -1 EINTR (Interrupted system call)
26182<sshd> 22:19:21 rt_sigprocmask(SIG_SETMASK, [], NULL, 8) = 0
26182<sshd> 22:19:21 rt_sigprocmask(SIG_BLOCK, [HUP QUIT TERM CHLD], [], 8) = 0
26182<sshd> 22:19:21 wait4(-1, [{WIFEXITED(s) && WEXITSTATUS(s) == 255}], WNOHANG, NULL) = 27397
26182<sshd> 22:19:21 wait4(-1, 0x7ffd9b39371c, WNOHANG, NULL) = -1 ECHILD (No child processes)
26182<sshd> 22:19:21 ppoll([{fd=6<TCP:[0.0.0.0:22]>, events=POLLIN}, {fd=7<TCPv6:[[::]:22]>, events=POLLIN}], 2, NULL, [], 8 <detached ...>
